{
  "P7_PS_APPLICATION_SAFE_STAGE": "FAIL_STAGE",
  "generated_at_utc": "2026-07-16T12:07:51.521859+00:00",
  "mode": "stationary",
  "run_id": "p7_20260716_stationary_app_r67_diag_stage66_c04",
  "execution_scope": "P7_STAGE66_DIAGNOSTIC_STAGE",
  "diagnostic_only": true,
  "coverage_claimed": false,
  "functional_stages_1_61_executed": false,
  "stage66_diagnostic_campaign": {
    "campaign_id": "p7_stage66_stationary_diagnostic_20260715",
    "hardware_attempt_number": 4,
    "maximum_actual_hardware_attempts": 10,
    "policy_path": "D:\\CodexWorktrees\\stage66prep_ed417a3\\RF_COMM_MULTILANE\\config\\p7_stage66_diagnostic_campaign_policy.json",
    "policy_sha256": "6d151c61f096cdc0be248d9445649c0a6898c84ecb9b5ca1684991505c844e74",
    "formal_acceptance_coverage": false
  },
  "stage62_attempted": false,
  "stage62_completed": false,
  "stage62_executed": false,
  "stage_name": "p7_ps_stationary",
  "ddr_resume_gate": null,
  "requested_execute_hardware": true,
  "hardware_actions_executed": true,
  "programmed_fpga": true,
  "programmed_candidate": true,
  "started_ps_elf": true,
  "candidate_attempt_observation": {
    "source": "ATOMIC_FINAL_AND_STDOUT",
    "programmed_candidate_observed": true,
    "elf_downloaded_observed": true,
    "formal_stage62_attempted": false,
    "marker_conflicts": [],
    "non_acceptance_evidence": true
  },
  "programmed_shutdown_before": true,
  "programmed_shutdown_after": true,
  "drove_tfdu_txd": true,
  "enabled_tfdu_receiver": true,
  "uart_access": false,
  "network_used": false,
  "ethernet_used": false,
  "motion_used": false,
  "HARDWARE_ACCEPTANCE": "PENDING_HW",
  "service_runtime_limit_sec": 1800,
  "wrapper_wall_budget": {
    "model": "setup_plus_exact_active_plus_tolerance_plus_post_safe_reap",
    "service_active_window_seconds": 1800,
    "stationary_active_window_is_not_extended": true,
    "candidate_process_bound_seconds": 2221.5,
    "preflight_timeout_seconds": 60,
    "shutdown_timeout_seconds_each": 60,
    "vivado_process_count": 3,
    "vivado_success_containment_window_seconds_each": 30,
    "vivado_failure_containment_window_seconds_each": 40,
    "vivado_containment_allowance_seconds": 90,
    "xsdb_process_count": 1,
    "xsdb_empty_proof_allowance_seconds_each": 1,
    "xsdb_containment_allowance_seconds": 1,
    "max_forced_cleanup_events": 2,
    "forced_cleanup_wait_seconds_each": 10,
    "forced_cleanup_reserve_seconds": 20,
    "outer_orchestration_guard_seconds": 120,
    "minimum_outer_wrapper_timeout_seconds": 2633
  },
  "safety_validation": {
    "P7_HARDWARE_SAFETY": "PASS",
    "ready_for_hardware_preflight": true,
    "hardware_actions_executed": false,
    "programmed_fpga": false,
    "drove_tfdu_txd": false,
    "started_ps_elf": false,
    "authorization_environment_present": true,
    "authorization": {
      "exists": true,
      "path": "D:\\CodexWorktrees\\stage66prep_ed417a3\\RF_COMM_MULTILANE\\.hardware_authorization\\p7_20260716_stationary_app_r67_diag_stage66_c04_066_p7_ps_stationary.txt",
      "actual_sha256": "50feaaf26984bccd6e822bad38fc27479fa331aa05a2033cf8157fece569a19f",
      "expected_sha256": "50feaaf26984bccd6e822bad38fc27479fa331aa05a2033cf8157fece569a19f",
      "markers": [
        "P7_STATIONARY_APP_LAYER_APPROVED"
      ],
      "duplicate_keys": []
    },
    "authorization_fields": {
      "AUTHORIZED_STAGE": "P7_STATIONARY_LOCAL_APPLICATION_LAYER_NO_ETHERNET",
      "USER_HARDWARE_AUTHORIZATION_FOR_P7": "GRANTED",
      "BOARD_ID": "210512180081",
      "EXPECTED_PART": "xc7z010clg400-1",
      "EXPECTED_TARGET": "localhost:3121/xilinx_tcf/Digilent/210512180081",
      "SOURCE_COMMIT": "ed417a345798a2cf118b847ddf8eca0693479a41",
      "MAX_RUNTIME_SEC": "1800",
      "SHUTDOWN_ON_EXIT": "required",
      "NO_ETHERNET": "true",
      "NO_MOTION": "true",
      "LANE_COUNT": "2",
      "MAX_LANE_MASK": "0x3",
      "P7_EXECUTION_MODE": "DIAGNOSTIC_ONLY",
      "P7_COVERAGE_CLAIMED": "false",
      "HARDWARE_ACCEPTANCE": "PENDING_HW",
      "P7_FULL_STAGE_ORDINAL": "66",
      "P7_STAGE66_DIAGNOSTIC_CAMPAIGN": "true",
      "P7_STAGE66_CAMPAIGN_ID": "p7_stage66_stationary_diagnostic_20260715",
      "P7_STAGE66_CAMPAIGN_RUN_ID": "p7_20260716_stationary_app_r67_diag_stage66_c04",
      "P7_STAGE66_CAMPAIGN_ATTEMPT_NUMBER": "4",
      "P7_STAGE66_CAMPAIGN_MAX_HARDWARE_ATTEMPTS": "10",
      "P7_STAGE66_CAMPAIGN_POLICY_PATH": "D:\\CodexWorktrees\\stage66prep_ed417a3\\RF_COMM_MULTILANE\\config\\p7_stage66_diagnostic_campaign_policy.json",
      "P7_STAGE66_CAMPAIGN_POLICY_SHA256": "6d151c61f096cdc0be248d9445649c0a6898c84ecb9b5ca1684991505c844e74",
      "P7_STAGE66_CAMPAIGN_LEDGER_PATH": "D:\\CodexWorktrees\\stage66prep_ed417a3\\RF_COMM_MULTILANE\\evidence\\hardware\\p7\\stage66_diagnostic_campaign\\p7_stage66_stationary_diagnostic_20260715\\campaign_ledger.json",
      "P7_STAGE66_CAMPAIGN_PRIOR_LEDGER_SHA256": "4402422c6f36f31c880aec6658bd56cb1af3f9cb485006876cace54f1f3e6e88",
      "P7_PLAN_PATH": "D:\\CodexWorktrees\\stage66prep_ed417a3\\RF_COMM_MULTILANE\\evidence\\hardware\\p7\\artifacts\\p7_plan_c6db9d8348c3bc518fa5985595adfcdada1a08f11c9246c6103ec378b43b58dd.md",
      "P7_PLAN_SHA256": "c6db9d8348c3bc518fa5985595adfcdada1a08f11c9246c6103ec378b43b58dd",
      "BITSTREAM_PATH": "D:\\CodexWorktrees\\stage66prep_ed417a3\\RF_COMM_MULTILANE\\evidence\\hardware\\p6\\bitstreams\\p6_ps_dynamic_transport_756c318e6393d765ecac89db46e2d5f98fefe5bf44871804a9b5a0545f42207a.bit",
      "BITSTREAM_SHA256": "756c318e6393d765ecac89db46e2d5f98fefe5bf44871804a9b5a0545f42207a",
      "XSA_PATH": "D:\\CodexWorktrees\\stage66prep_ed417a3\\RF_COMM_MULTILANE\\evidence\\hardware\\p6\\bitstreams\\p6_ps_dynamic_transport_45e39fa92e0199eef24892968e49e8abdaa9a7d9e4f571866b188316c6dc4cf0.xsa",
      "XSA_SHA256": "45e39fa92e0199eef24892968e49e8abdaa9a7d9e4f571866b188316c6dc4cf0",
      "ELF_PATH": "D:\\CodexWorktrees\\stage66prep_ed417a3\\RF_COMM_MULTILANE\\evidence\\hardware\\p7\\artifacts\\p7_runtime_0e77e4ffa1e3b6ded782361fd45c70f52a45332402e1d31edbbd210d28468fc3.elf",
      "ELF_SHA256": "0e77e4ffa1e3b6ded782361fd45c70f52a45332402e1d31edbbd210d28468fc3",
      "PROFILE_PATH": "D:\\CodexWorktrees\\stage66prep_ed417a3\\RF_COMM_MULTILANE\\profiles\\p7\\p7_stationary_app_30min.json",
      "PROFILE_SHA256": "65a36a8318e7fd1e3b647997aceca773c69e76eee85cb8fae922148ccd8f3c94",
      "ACTIVE_XDC_PATH": "D:\\CodexWorktrees\\stage66prep_ed417a3\\RF_COMM_MULTILANE\\constraints\\active\\PORT1.generated.xdc",
      "ACTIVE_XDC_SHA256": "f53239e233c25509b6f15b5d0154be07f686c83c1568524a9ecf2e4bcbaa1344",
      "PINMAP_PATH": "D:\\CodexWorktrees\\stage66prep_ed417a3\\RF_COMM_MULTILANE\\board_profiles\\ax7010_tfdu_j10_j11_pinmap.csv",
      "PINMAP_SHA256": "583a0151cb1e968f7d0782e38d20e1e4b9df387310966561c14fb2383a8541cd",
      "REGISTER_MAP_PATH": "D:\\CodexWorktrees\\stage66prep_ed417a3\\RF_COMM_MULTILANE\\config\\register_map\\ir_axi_regs.yaml",
      "REGISTER_MAP_SHA256": "d5b0bf1476d815a3ed69988c72097827356d4eade48813c8913fc1b2d448983d",
      "SHUTDOWN_BITSTREAM_PATH": "D:\\CodexWorktrees\\stage66prep_ed417a3\\RF_COMM_MULTILANE\\shutdown_bitstream\\tfdu_shutdown_j10_j11.bit",
      "SHUTDOWN_BITSTREAM_SHA256": "bac60b58912f0acd771dc830a6761535ec8f6a92befb1ae4cb7d928745af5810",
      "PS7_INIT_PATH": "D:\\CodexWorktrees\\stage66prep_ed417a3\\RF_COMM_MULTILANE\\build\\p7_ps_vitis_workspace\\p7_platform\\hw\\ps7_init.tcl",
      "PS7_INIT_SHA256": "86d8d72f45bc942af5c790c8c74f86dbe85fb9a561fccbc8b9b4190be835552d",
      "P6_PS_BUILD_SUMMARY_PATH": "D:\\CodexWorktrees\\stage66prep_ed417a3\\RF_COMM_MULTILANE\\evidence\\generated\\vivado\\p6_ps_candidate\\p6_ps_candidate_build_summary.json",
      "P6_PS_BUILD_SUMMARY_SHA256": "73c7ef399fbd7925f9e0c538f660118b09eda9aa4893c305111c978d6ddfd46c",
      "P7_PS_BUILD_SUMMARY_PATH": "D:\\CodexWorktrees\\stage66prep_ed417a3\\RF_COMM_MULTILANE\\evidence\\generated\\vitis\\p7_ps_runtime\\p7_ps_runtime_build_summary.json",
      "P7_PS_BUILD_SUMMARY_SHA256": "094be179222ed2b965ce80872788b7d1b577547a153fbe25918cbb0df7f931d0",
      "P7_PS_CORE_READINESS_PATH": "D:\\CodexWorktrees\\stage66prep_ed417a3\\RF_COMM_MULTILANE\\evidence\\generated\\p7_ps_core_hardware_readiness.json",
      "P7_PS_CORE_READINESS_SHA256": "ae38cfe23027012268b945b0b3272b60969bb3475a5666bca7fb44fa51ebe031",
      "ACTIVE_PROFILE_PATH": "D:\\CodexWorktrees\\stage66prep_ed417a3\\RF_COMM_MULTILANE\\board_profiles\\ACTIVE_PROFILE.json",
      "ACTIVE_PROFILE_SHA256": "f6fb603f20dced9eaebb3aaaaa8f492931a28cb6466c7511f797341bf41b1b9b",
      "P7_LANE1_PROMOTION_SUMMARY_PATH": "D:\\CodexWorktrees\\stage66prep_ed417a3\\RF_COMM_MULTILANE\\evidence\\generated\\p7_lane1_promotion_summary.json",
      "P7_LANE1_PROMOTION_SUMMARY_SHA256": "52e2241fb6cd3794547aef07c37bb5df17a8a1373bad4065351ff35732452975",
      "P7_INPUT_PATH": "D:\\CodexWorktrees\\stage66prep_ed417a3\\RF_COMM_MULTILANE\\build\\p7_authorized_sequence\\p7_20260716_stationary_app_r67_diag_stage66_c04\\inputs\\p7_ps_seed_247.bin",
      "P7_INPUT_SHA256": "49b1170cf0b069be048c0a2674829870fcb89eebe0618ef45a0b01d3da533093",
      "P7_PS_MODE": "stationary",
      "P7_EXECUTION_SCOPE": "P7_STAGE66_DIAGNOSTIC_STAGE",
      "P7_RUN_ID": "p7_20260716_stationary_app_r67_diag_stage66_c04",
      "P7_PS_CORE_READINESS": "PASS",
      "P7_FROZEN_SHUTDOWN_PATH": "D:\\CodexWorktrees\\stage66prep_ed417a3\\RF_COMM_MULTILANE\\evidence\\hardware\\p7\\shutdown\\p7_frozen_shutdown_bac60b58912f0acd771dc830a6761535ec8f6a92befb1ae4cb7d928745af5810.bit",
      "P7_FROZEN_SHUTDOWN_SHA256": "bac60b58912f0acd771dc830a6761535ec8f6a92befb1ae4cb7d928745af5810",
      "P7_COUNTS_PER_SECOND": "333333343"
    },
    "source_commit_requested": "ed417a345798a2cf118b847ddf8eca0693479a41",
    "source_commit_current": "ed417a345798a2cf118b847ddf8eca0693479a41",
    "dirty_files": [
      " M evidence/generated/p7_2lane_scope_summary.md",
      " M evidence/generated/p7_application_protocol_summary.md",
      " M evidence/generated/p7_artifact_provenance_summary.json",
      " M evidence/generated/p7_artifact_provenance_summary.md",
      " M evidence/generated/p7_backend_conformance_summary.md",
      " M evidence/generated/p7_fault_recovery_summary.md",
      " M evidence/generated/p7_file_integrity_summary.md",
      " M evidence/generated/p7_fragmentation_reassembly_summary.md",
      " M evidence/generated/p7_lane1_promotion_summary.json",
      " M evidence/generated/p7_lane_scheduler_summary.md",
      " M evidence/generated/p7_no_ethernet_summary.md",
      " M evidence/generated/p7_no_motion_summary.md",
      " M evidence/generated/p7_offline_gate_summary.json",
      " M evidence/generated/p7_offline_gate_summary.md",
      " M evidence/generated/p7_offline_test_run.json",
      " M evidence/generated/p7_protocol_vector_summary.json",
      " M evidence/generated/p7_protocol_vector_summary.md",
      " M evidence/generated/p7_ps_core_hardware_readiness.json",
      " M evidence/generated/p7_ps_core_hardware_readiness.md",
      " M evidence/generated/p7_ps_runtime_build_summary.json",
      " M evidence/generated/p7_ps_runtime_build_summary.md",
      " M evidence/generated/p7_ps_runtime_summary.md",
      " M evidence/generated/p7_queue_backpressure_summary.md",
      " M evidence/generated/p7_repo_intake.md",
      " M evidence/generated/p7_repo_intake_summary.json",
      " M evidence/generated/p7_repo_intake_summary.md",
      " M evidence/generated/p7_segmentation_reassembly_summary.md",
      " M evidence/generated/vitis/p7_ps_runtime/p7_ps7_board_contract.json",
      " M evidence/generated/vitis/p7_ps_runtime/p7_ps_runtime_build.log",
      " M evidence/generated/vitis/p7_ps_runtime/p7_ps_runtime_build_summary.json",
      " M evidence/generated/vitis/p7_ps_runtime/p7_ps_runtime_build_summary.md",
      " M evidence/generated/vitis/p7_ps_runtime/p7_runtime.map",
      " M evidence/generated/vitis/p7_ps_runtime/p7_runtime_disassembly.txt",
      " M evidence/generated/vitis/p7_ps_runtime/p7_runtime_sections.txt",
      " M evidence/generated/vitis/p7_ps_runtime/p7_runtime_size.txt",
      " M evidence/generated/vitis/p7_ps_runtime/p7_runtime_stack_usage.txt",
      "?? evidence/hardware/p7/artifacts/p7_runtime_a13bd4bbdb0e7e6d7ea10f5346cf5e56cb22905e263ebd5b28c87c2715d14687.map",
      "?? evidence/hardware/p7/authorized_sequence/p7_20260716_stationary_app_r67_diag_stage66_c04/",
      "?? evidence/hardware/p7/stage66_diagnostic_campaign/"
    ],
    "max_runtime_sec": 1800,
    "lane_count": 2,
    "max_lane_mask": "0x3",
    "no_ethernet": true,
    "no_motion": true,
    "shutdown_on_exit": true,
    "abort_file": "D:\\CodexWorktrees\\stage66prep_ed417a3\\RF_COMM_MULTILANE\\.hardware_authorization\\ABORT_NOW.txt",
    "abort_file_present": false,
    "hw_server_url": "localhost:3121",
    "preflight_tcl": "D:\\CodexWorktrees\\stage66prep_ed417a3\\RF_COMM_MULTILANE\\scripts\\hw\\p7_hw_preflight.tcl",
    "preflight_tcl_sha256": "95bfbdf7e6c429e6637c1b4224a9dcecaa1fd756a1f665b21a797d54afbfc464",
    "artifacts": {
      "plan": {
        "path": "D:\\CodexWorktrees\\stage66prep_ed417a3\\RF_COMM_MULTILANE\\evidence\\hardware\\p7\\artifacts\\p7_plan_c6db9d8348c3bc518fa5985595adfcdada1a08f11c9246c6103ec378b43b58dd.md",
        "expected_sha256": "c6db9d8348c3bc518fa5985595adfcdada1a08f11c9246c6103ec378b43b58dd",
        "exists": true,
        "actual_sha256": "c6db9d8348c3bc518fa5985595adfcdada1a08f11c9246c6103ec378b43b58dd"
      },
      "bitstream": {
        "path": "D:\\CodexWorktrees\\stage66prep_ed417a3\\RF_COMM_MULTILANE\\evidence\\hardware\\p6\\bitstreams\\p6_ps_dynamic_transport_756c318e6393d765ecac89db46e2d5f98fefe5bf44871804a9b5a0545f42207a.bit",
        "expected_sha256": "756c318e6393d765ecac89db46e2d5f98fefe5bf44871804a9b5a0545f42207a",
        "exists": true,
        "actual_sha256": "756c318e6393d765ecac89db46e2d5f98fefe5bf44871804a9b5a0545f42207a"
      },
      "xsa": {
        "path": "D:\\CodexWorktrees\\stage66prep_ed417a3\\RF_COMM_MULTILANE\\evidence\\hardware\\p6\\bitstreams\\p6_ps_dynamic_transport_45e39fa92e0199eef24892968e49e8abdaa9a7d9e4f571866b188316c6dc4cf0.xsa",
        "expected_sha256": "45e39fa92e0199eef24892968e49e8abdaa9a7d9e4f571866b188316c6dc4cf0",
        "exists": true,
        "actual_sha256": "45e39fa92e0199eef24892968e49e8abdaa9a7d9e4f571866b188316c6dc4cf0"
      },
      "elf": {
        "path": "D:\\CodexWorktrees\\stage66prep_ed417a3\\RF_COMM_MULTILANE\\evidence\\hardware\\p7\\artifacts\\p7_runtime_0e77e4ffa1e3b6ded782361fd45c70f52a45332402e1d31edbbd210d28468fc3.elf",
        "expected_sha256": "0e77e4ffa1e3b6ded782361fd45c70f52a45332402e1d31edbbd210d28468fc3",
        "exists": true,
        "actual_sha256": "0e77e4ffa1e3b6ded782361fd45c70f52a45332402e1d31edbbd210d28468fc3"
      },
      "profile": {
        "path": "D:\\CodexWorktrees\\stage66prep_ed417a3\\RF_COMM_MULTILANE\\profiles\\p7\\p7_stationary_app_30min.json",
        "expected_sha256": "65a36a8318e7fd1e3b647997aceca773c69e76eee85cb8fae922148ccd8f3c94",
        "exists": true,
        "actual_sha256": "65a36a8318e7fd1e3b647997aceca773c69e76eee85cb8fae922148ccd8f3c94"
      },
      "active_xdc": {
        "path": "D:\\CodexWorktrees\\stage66prep_ed417a3\\RF_COMM_MULTILANE\\constraints\\active\\PORT1.generated.xdc",
        "expected_sha256": "f53239e233c25509b6f15b5d0154be07f686c83c1568524a9ecf2e4bcbaa1344",
        "exists": true,
        "actual_sha256": "f53239e233c25509b6f15b5d0154be07f686c83c1568524a9ecf2e4bcbaa1344"
      },
      "pinmap": {
        "path": "D:\\CodexWorktrees\\stage66prep_ed417a3\\RF_COMM_MULTILANE\\board_profiles\\ax7010_tfdu_j10_j11_pinmap.csv",
        "expected_sha256": "583a0151cb1e968f7d0782e38d20e1e4b9df387310966561c14fb2383a8541cd",
        "exists": true,
        "actual_sha256": "583a0151cb1e968f7d0782e38d20e1e4b9df387310966561c14fb2383a8541cd"
      },
      "register_map": {
        "path": "D:\\CodexWorktrees\\stage66prep_ed417a3\\RF_COMM_MULTILANE\\config\\register_map\\ir_axi_regs.yaml",
        "expected_sha256": "d5b0bf1476d815a3ed69988c72097827356d4eade48813c8913fc1b2d448983d",
        "exists": true,
        "actual_sha256": "d5b0bf1476d815a3ed69988c72097827356d4eade48813c8913fc1b2d448983d"
      },
      "shutdown_bitstream": {
        "path": "D:\\CodexWorktrees\\stage66prep_ed417a3\\RF_COMM_MULTILANE\\shutdown_bitstream\\tfdu_shutdown_j10_j11.bit",
        "expected_sha256": "bac60b58912f0acd771dc830a6761535ec8f6a92befb1ae4cb7d928745af5810",
        "exists": true,
        "actual_sha256": "bac60b58912f0acd771dc830a6761535ec8f6a92befb1ae4cb7d928745af5810"
      }
    },
    "errors": [],
    "warnings": [
      "workspace has uncommitted changes; frozen artifact hashes remain authoritative"
    ]
  },
  "stage_validation_errors": [],
  "core_hardware_readiness": {
    "path": "D:\\CodexWorktrees\\stage66prep_ed417a3\\RF_COMM_MULTILANE\\evidence\\generated\\p7_ps_core_hardware_readiness.json",
    "expected_sha256": "ae38cfe23027012268b945b0b3272b60969bb3475a5666bca7fb44fa51ebe031",
    "actual_sha256": "ae38cfe23027012268b945b0b3272b60969bb3475a5666bca7fb44fa51ebe031",
    "status": "PASS",
    "errors": [],
    "attestation": {
      "schema": "rf-comm-p7-ps-core-hardware-readiness-v1",
      "P7_PS_CORE_HARDWARE_READINESS": "PASS",
      "generated_at_utc": "2026-07-16T11:54:21+00:00",
      "hardware_actions_executed": false,
      "HARDWARE_ACCEPTANCE": "PENDING_HW",
      "checks": {
        "host_command_cache_disabled_or_isolated": true,
        "deadline_frozen_in_private_context": true,
        "active_transfer_obeys_absolute_deadline": true,
        "stop_abort_shutdown_observed_during_active_object": true,
        "shutdown_readback_verified": true,
        "failure_cleanup_shutdown_first": true,
        "failure_wipe_uses_private_validated_range": true,
        "integrity_crc_sha_immutable_chunk_snapshot": true,
        "critical_payload_copies_are_volatile_byte_verified": true,
        "first_error_diagnostic_is_atomic_and_first_only": true,
        "stage62_first_error_prepare_is_first_only": true,
        "first_error_capture_precedes_validation_and_is_input_bound": true,
        "stage62_diagnostic_fixed_ocm_section": true,
        "stage62_copy_four_snapshot_classification": true,
        "stage62_diagnostic_crc_publish_order": true,
        "stage62_only_microtest_bypasses_pl_and_is_disassembly_bound": true,
        "pre_repair_encode_raw_compared_to_fixed_input_reference": true,
        "p6_tx_mmio_readback_and_rx_boundaries_observed": true,
        "local_payload_buffers_are_64_byte_aligned": true,
        "end_to_end_output_compare_is_independent": true,
        "nonzero_output_canary_is_manifest_bound": true,
        "integrity_failure_snapshot_precedes_output_wipe": true,
        "integrity_failure_snapshot_mailbox_diagnostic": true,
        "descriptor_ready_published_last": true,
        "terminal_descriptor_stable_snapshot": true,
        "phy_reenabled_and_startup_ready_waited": true,
        "runtime_terminal_after_exact_deadline": true,
        "runtime_elapsed_seqlock_and_monotonic_reader": true,
        "runtime_elapsed_causal_request_release": true,
        "object_latency_start_precedes_input_integrity": true,
        "firmware_stationary_admission_cutoff": true,
        "contained_child_tree_reaped_before_shutdown": true,
        "strict_ring_host_publication_supported": true,
        "stationary_identity_ledger_bound": true,
        "native_shutdown_readback_test": true,
        "native_payload_alignment_matrix_test": true,
        "native_stage62_diagnostic_matrix_test": true,
        "native_stage62_microtest_layout_test": true,
        "p7_python_and_codec_tests": true,
        "real_vitis_build_source_bound": true
      },
      "sources": {
        "software/ps_driver/p7_app_service.h": "bcfdcea6975a46ea6cc414ab3b967d9b3d7939762baab517fd0cf8cd1d2ea64c",
        "software/ps_driver/p7_stage62_diagnostic.h": "e1a41a675916bcbb7998b417fa2fea13e31a72c6ff5cb93a07773c79ee5cc234",
        "software/ps_driver/p7_stage62_diagnostic.c": "ab4c817d428af9769be41de95e4ffd12cf1f75444a283c21cebd7647f1bcde69",
        "software/ps_driver/p7_stage62_microtest.h": "f415883c323f9e7d3b69e28a96ba5ac358b5c42aaab0ec705af47cb00ec4d48e",
        "software/ps_driver/p7_stage62_microtest.c": "28c814430d8bc0dfeff11ea3ea92f16db5b5d8e0631da147c92d83b5eddee47f",
        "software/ps_driver/p7_admission_contract.h": "12f38347e8cb15857342d9c70a61a6e92a1eeddb40224637a0280c5400ce5d41",
        "software/ps_driver/p7_app_service.c": "84b1b127c581326bd0d2c89b7714adcb70f1d415eb33b4517c02f82bab19099f",
        "software/ps_driver/p7_runtime_main.c": "1beede1f1f594fcf20e061c4f03d3e38327c2316cb4013a9aa5127e53bede7d5",
        "software/ps_driver/ir_driver.h": "88cfaccb8692af31489287251495500fad42780034fe822c69fa22b589240e9c",
        "software/ps_driver/ir_driver.c": "c69bdccaa0cab491b8415e2e43b513570e2c3c94298f3055e220abd43c27940f",
        "tools/p7_ps_mailbox_backend.py": "fcf190204ecd296b378bef8b085dd9146c62ce35bff3881becd668e03a873110",
        "tools/ddr_external_master_diagnostic.py": "ff250817a33e923c8d7a962a92c0c3f9eb19d706f353d6676d8098bbaf80e4c7",
        "tools/prepare_ddr_resume_gate.py": "d32b91e7e044d6ae3c5934e0b1b5c12bb0f5526215b43b086de4d121531369ed",
        "scripts/hw/run_p7_ps_application_stage_safe.py": "8c6bbf585910ca32169f4b49e2e7d81e7ef6c8ef002042735f257e33a5655245",
        "scripts/hw/p7_ps_application_execute.tcl": "3cc72811ed6a07d8ff1e270f1c2c7e24b6d675cfb31fb3cf9697d494c4e976e8",
        "scripts/hw/run_p7_jtag_axi_stage_safe.py": "32ea0ed11626559b8d6df29026ca4f03f6d1dbf0426b7296c417ecb90ab3544f",
        "tools/p7_contained_launcher.py": "fe7ab681732b2ce2cb30c9233a1f58e3235d5f7b0da570a924af4a89f2fc7ca1",
        "software/ps_driver/ir_regs.h": "a7c6a33471570f281e1d3568c6f1be49d6f2cc44a13375116c6379d5c292cd04",
        "tools/p7_app_protocol.py": "51ccba4529ac2e5b2a3fefbee6b3a0b128ba59f03bb561096754811a8919298e",
        "tools/run_p7_ps_core_offline.py": "a9d1191f26608d512c96dcfe67a792c82e953576b1da7257a7aacba250793d71",
        "tools/p7_regression_evidence.py": "3e1e7110d27d670417117987270a3184dc450c92b30fc88537da746b2bec51cd",
        "tools/run_p7_regression_suites.py": "27260813e5e45e1793f47deec4eea746a6a9fdb43d7f2cae845fb2ee07359489",
        "scripts/build_p7_ps_runtime.py": "bb9d6a19da42885781842093e6baa7168f1b7b760c1cd70734afb37a45ecb8e3",
        "scripts/build_p7_ps_runtime.tcl": "950edaa554fdfc207186eed10baccdaca0241d8bb79753bb926a83a3536560be",
        "tests/p7/test_p7_application.py": "54e2a7c36e4c4548ff13fa1f5e35082d20ccbf88a4ea325b247cf7758d109c45",
        "tests/p7/ir_driver_payload_alignment_test.c": "07450b204a424489c7f702348f01d3d754ea3f5093435a650a666ef978e22a01",
        "tests/p7/p7_stage62_diagnostic_test.c": "e7539d73f648d735e0c4979ec9588b87444a192a4e3dbb9324fe468bc654e472",
        "tests/p7/p7_stage62_microtest_layout_test.c": "b3a2e31cf4b02a4779efad5aa099028c4ae04e22e8125bea3124b60cdfe3d6cb",
        "tests/test_p7_stage62_microtest.py": "14ab74d1cb33f53c7eb9f446bdce27184b3abff2633eec08117f19310ef486b3",
        "tests/test_ddr_external_master_stage_safe.py": "b516fa218f6cc9241860768b5c808b3a78c0f1f58c65f9b49fe034ffb0c04ac4",
        "tests/test_p7_regression_dedup.py": "2fdcd1c9f53766de04e889f9235e3c2575ce3affeda73526543f1a5532604a28"
      },
      "native_shutdown_test": {
        "compiler": "D:\\Xilinx\\Vitis_HLS\\2023.1\\tps\\mingw\\8.3.0\\win64.o\\nt\\bin\\gcc.exe",
        "compile_returncode": 0,
        "compile_stdout": "",
        "compile_stderr": "",
        "returncode": 0,
        "stdout": "",
        "stderr": ""
      },
      "native_stationary_admission_test": {
        "compiler": "D:\\Xilinx\\Vitis_HLS\\2023.1\\tps\\mingw\\8.3.0\\win64.o\\nt\\bin\\gcc.exe",
        "compile_returncode": 0,
        "compile_stdout": "",
        "compile_stderr": "",
        "returncode": 0,
        "stdout": "",
        "stderr": ""
      },
      "native_payload_alignment_matrix_test": {
        "compiler": "D:\\Xilinx\\Vitis_HLS\\2023.1\\tps\\mingw\\8.3.0\\win64.o\\nt\\bin\\gcc.exe",
        "compile_returncode": 0,
        "compile_stdout": "",
        "compile_stderr": "",
        "returncode": 0,
        "stdout": "P7_PAYLOAD_ALIGNMENT_MATRIX_CASES=1000\nP7_PAYLOAD_ALIGNMENT_MATRIX_LENGTH_RANGE=1..247\nP7_PAYLOAD_ALIGNMENT_MATRIX_SOURCE_MOD64_COUNT=64\nP7_PAYLOAD_ALIGNMENT_MATRIX_DESTINATION_MOD64_COUNT=64\nP7_PAYLOAD_ALIGNMENT_MATRIX_SOURCE_DESTINATION_MOD4_PAIRS=16\nP7_PAYLOAD_ALIGNMENT_MATRIX_ARGUMENT_LIMITS=PASS\nP7_PAYLOAD_ALIGNMENT_MATRIX_BUFFER_BASE_ALIGNMENT=64\nP7_PAYLOAD_ALIGNMENT_MATRIX_CANARY=0xA5\n",
        "stderr": ""
      },
      "native_stage62_diagnostic_matrix_test": {
        "compiler": "D:\\Xilinx\\Vitis_HLS\\2023.1\\tps\\mingw\\8.3.0\\win64.o\\nt\\bin\\gcc.exe",
        "compile_returncode": 0,
        "compile_stdout": "",
        "compile_stderr": "",
        "returncode": 0,
        "stdout": "P7_STAGE62_DIAGNOSTIC_LAYOUT=PASS\nP7_STAGE62_DIAGNOSTIC_CLASSIFICATIONS=PASS\nP7_STAGE62_DIAGNOSTIC_CANARY=PASS\nP7_STAGE62_DIAGNOSTIC_INDEPENDENT_READBACK=PASS\nP7_STAGE62_DIAGNOSTIC_LENGTH_RANGE=1..247\nP7_STAGE62_DIAGNOSTIC_SOURCE_MOD64_COUNT=64\nP7_STAGE62_DIAGNOSTIC_DESTINATION_MOD64_COUNT=64\nP7_STAGE62_DIAGNOSTIC_SOURCE_DESTINATION_MOD4_PAIRS=16\nP7_STAGE62_DIAGNOSTIC_MATRIX_CASES=1011712\nP7_STAGE62_DIAGNOSTIC_RECORD_CRC32=PASS\nP7_STAGE62_DIAGNOSTIC_RECORD_BYTES=1536\n",
        "stderr": ""
      },
      "native_stage62_microtest_layout_test": {
        "compiler": "D:\\Xilinx\\Vitis_HLS\\2023.1\\tps\\mingw\\8.3.0\\win64.o\\nt\\bin\\gcc.exe",
        "compile_returncode": 0,
        "compile_stdout": "",
        "compile_stderr": "",
        "returncode": 0,
        "stdout": "P7_STAGE62_MICROTEST_LAYOUT=PASS\nP7_STAGE62_MICROTEST_CONTROL_BYTES=64\nP7_STAGE62_MICROTEST_RECORD_BYTES=1536\nP7_STAGE62_MICROTEST_CASES=A,B,C,D\nP7_STAGE62_MICROTEST_LENGTH_RANGE=29..32\nP7_STAGE62_MICROTEST_ALIGNMENT_RANGE=0..3\nP7_STAGE62_MICROTEST_CANARY=0xA5\n",
        "stderr": ""
      },
      "unit_tests": {
        "command": "VALIDATED_COMPLETE_SUITE:tests_p7_discovery",
        "returncode": 0,
        "stdout": "",
        "stderr": "",
        "evidence_mode": "VALIDATED_REUSE_NO_TEST_INVOCATION",
        "invocation_count_in_core_gate": 0,
        "original_suite": {
          "command": "C:\\Users\\user\\AppData\\Local\\Programs\\Python\\Python314\\python.exe -B -m unittest discover -s tests/p7 -p test_*.py -v",
          "discovered_test_count": 43,
          "invocation_count": 1,
          "name": "tests_p7_discovery",
          "returncode": 0,
          "status": "PASS",
          "stderr": {
            "bytes": 5472,
            "path": "D:\\CodexWorktrees\\stage66prep_ed417a3\\RF_COMM_MULTILANE\\build\\p7_r67_stage66_c04_complete_suite_summary_logs\\tests_p7_discovery.stderr.log",
            "sha256": "bd4651706ac3f48d2a203b12d62cb50230d172b6ccd0331413b004195e8c6309"
          },
          "stdout": {
            "bytes": 0,
            "path": "D:\\CodexWorktrees\\stage66prep_ed417a3\\RF_COMM_MULTILANE\\build\\p7_r67_stage66_c04_complete_suite_summary_logs\\tests_p7_discovery.stdout.log",
            "sha256": "e3b0c44298fc1c149afbf4c8996fb92427ae41e4649b934ca495991b7852b855"
          }
        },
        "validated_complete_regression_summary": {
          "path": "D:\\CodexWorktrees\\stage66prep_ed417a3\\RF_COMM_MULTILANE\\build\\p7_r67_stage66_c04_complete_suite_summary.json",
          "sha256": "2a76259c0852abb64956762e82cc39fa14489e47870f38883cf1d17d87494293",
          "payload": {
            "FULL_SUITE_INVOCATION_COUNT": 2,
            "HARDWARE_ACCEPTANCE": "PENDING_HW",
            "NO_HARDWARE_ACTIONS_EXECUTED": true,
            "dirty_files_after_suites": [],
            "dirty_worktree_after_suites": false,
            "dirty_worktree_before_suites": false,
            "generated_at_utc": "2026-07-16T11:53:34.388296+00:00",
            "schema": "rf-comm-p7-complete-regression-suites-v1",
            "source_commit": "ed417a345798a2cf118b847ddf8eca0693479a41",
            "source_commit_after_suites": "ed417a345798a2cf118b847ddf8eca0693479a41",
            "source_commit_unchanged": true,
            "status": "PASS",
            "suite_invocation_count_by_name": {
              "tests_p7_discovery": 1,
              "top_level_discovery": 1
            },
            "suites": [
              {
                "command": "C:\\Users\\user\\AppData\\Local\\Programs\\Python\\Python314\\python.exe -B -m unittest discover -s tests -p test*.py -v",
                "discovered_test_count": 276,
                "invocation_count": 1,
                "name": "top_level_discovery",
                "returncode": 0,
                "status": "PASS",
                "stderr": {
                  "bytes": 52304,
                  "path": "D:\\CodexWorktrees\\stage66prep_ed417a3\\RF_COMM_MULTILANE\\build\\p7_r67_stage66_c04_complete_suite_summary_logs\\top_level_discovery.stderr.log",
                  "sha256": "b466ba6603a64f15973cf28783c1aac5184c67e34752b3258e604a87cf32a167"
                },
                "stdout": {
                  "bytes": 641,
                  "path": "D:\\CodexWorktrees\\stage66prep_ed417a3\\RF_COMM_MULTILANE\\build\\p7_r67_stage66_c04_complete_suite_summary_logs\\top_level_discovery.stdout.log",
                  "sha256": "a1113fa35593e7b61472c74b23c31736be3b486be69cae16e4e9b218954ea989"
                }
              },
              {
                "command": "C:\\Users\\user\\AppData\\Local\\Programs\\Python\\Python314\\python.exe -B -m unittest discover -s tests/p7 -p test_*.py -v",
                "discovered_test_count": 43,
                "invocation_count": 1,
                "name": "tests_p7_discovery",
                "returncode": 0,
                "status": "PASS",
                "stderr": {
                  "bytes": 5472,
                  "path": "D:\\CodexWorktrees\\stage66prep_ed417a3\\RF_COMM_MULTILANE\\build\\p7_r67_stage66_c04_complete_suite_summary_logs\\tests_p7_discovery.stderr.log",
                  "sha256": "bd4651706ac3f48d2a203b12d62cb50230d172b6ccd0331413b004195e8c6309"
                },
                "stdout": {
                  "bytes": 0,
                  "path": "D:\\CodexWorktrees\\stage66prep_ed417a3\\RF_COMM_MULTILANE\\build\\p7_r67_stage66_c04_complete_suite_summary_logs\\tests_p7_discovery.stdout.log",
                  "sha256": "e3b0c44298fc1c149afbf4c8996fb92427ae41e4649b934ca495991b7852b855"
                }
              }
            ],
            "total_discovered_test_count": 319
          },
          "errors": []
        }
      },
      "validated_complete_regression_summary": {
        "path": "D:\\CodexWorktrees\\stage66prep_ed417a3\\RF_COMM_MULTILANE\\build\\p7_r67_stage66_c04_complete_suite_summary.json",
        "sha256": "2a76259c0852abb64956762e82cc39fa14489e47870f38883cf1d17d87494293",
        "payload": {
          "FULL_SUITE_INVOCATION_COUNT": 2,
          "HARDWARE_ACCEPTANCE": "PENDING_HW",
          "NO_HARDWARE_ACTIONS_EXECUTED": true,
          "dirty_files_after_suites": [],
          "dirty_worktree_after_suites": false,
          "dirty_worktree_before_suites": false,
          "generated_at_utc": "2026-07-16T11:53:34.388296+00:00",
          "schema": "rf-comm-p7-complete-regression-suites-v1",
          "source_commit": "ed417a345798a2cf118b847ddf8eca0693479a41",
          "source_commit_after_suites": "ed417a345798a2cf118b847ddf8eca0693479a41",
          "source_commit_unchanged": true,
          "status": "PASS",
          "suite_invocation_count_by_name": {
            "tests_p7_discovery": 1,
            "top_level_discovery": 1
          },
          "suites": [
            {
              "command": "C:\\Users\\user\\AppData\\Local\\Programs\\Python\\Python314\\python.exe -B -m unittest discover -s tests -p test*.py -v",
              "discovered_test_count": 276,
              "invocation_count": 1,
              "name": "top_level_discovery",
              "returncode": 0,
              "status": "PASS",
              "stderr": {
                "bytes": 52304,
                "path": "D:\\CodexWorktrees\\stage66prep_ed417a3\\RF_COMM_MULTILANE\\build\\p7_r67_stage66_c04_complete_suite_summary_logs\\top_level_discovery.stderr.log",
                "sha256": "b466ba6603a64f15973cf28783c1aac5184c67e34752b3258e604a87cf32a167"
              },
              "stdout": {
                "bytes": 641,
                "path": "D:\\CodexWorktrees\\stage66prep_ed417a3\\RF_COMM_MULTILANE\\build\\p7_r67_stage66_c04_complete_suite_summary_logs\\top_level_discovery.stdout.log",
                "sha256": "a1113fa35593e7b61472c74b23c31736be3b486be69cae16e4e9b218954ea989"
              }
            },
            {
              "command": "C:\\Users\\user\\AppData\\Local\\Programs\\Python\\Python314\\python.exe -B -m unittest discover -s tests/p7 -p test_*.py -v",
              "discovered_test_count": 43,
              "invocation_count": 1,
              "name": "tests_p7_discovery",
              "returncode": 0,
              "status": "PASS",
              "stderr": {
                "bytes": 5472,
                "path": "D:\\CodexWorktrees\\stage66prep_ed417a3\\RF_COMM_MULTILANE\\build\\p7_r67_stage66_c04_complete_suite_summary_logs\\tests_p7_discovery.stderr.log",
                "sha256": "bd4651706ac3f48d2a203b12d62cb50230d172b6ccd0331413b004195e8c6309"
              },
              "stdout": {
                "bytes": 0,
                "path": "D:\\CodexWorktrees\\stage66prep_ed417a3\\RF_COMM_MULTILANE\\build\\p7_r67_stage66_c04_complete_suite_summary_logs\\tests_p7_discovery.stdout.log",
                "sha256": "e3b0c44298fc1c149afbf4c8996fb92427ae41e4649b934ca495991b7852b855"
              }
            }
          ],
          "total_discovered_test_count": 319
        },
        "errors": []
      },
      "source_commit": "ed417a345798a2cf118b847ddf8eca0693479a41",
      "build_summary": "evidence/generated/vitis/p7_ps_runtime/p7_ps_runtime_build_summary.json"
    },
    "source_fingerprint": "c22308bd932adf8a1c147feeb4b5401cbae2600cf8fa8590e488eb47ac83326d",
    "attestation_fingerprint": "1783e41810c2953e3d352d081e49f75ab3fecbf1bc87c331f0c86f15ad43e306"
  },
  "raw_exit_policy": "every_process_must_return_exactly_zero_and_match_fresh_markers",
  "output_atomicity": "temp_fsync_replace_for_host_outputs_and_partial_rename_for_XSDB_dumps",
  "evidence_dir": "D:\\CodexWorktrees\\stage66prep_ed417a3\\RF_COMM_MULTILANE\\evidence\\hardware\\p7\\authorized_sequence\\p7_20260716_stationary_app_r67_diag_stage66_c04\\066_p7_ps_stationary",
  "bundle_manifest": {
    "path": "D:\\CodexWorktrees\\stage66prep_ed417a3\\RF_COMM_MULTILANE\\evidence\\hardware\\p7\\authorized_sequence\\p7_20260716_stationary_app_r67_diag_stage66_c04\\066_p7_ps_stationary\\bundle\\bundle_manifest.json",
    "size_bytes": 20164,
    "sha256": "517ddb0723ddeae359167bd3712e9fa8be2c8eddc0d283500f5f67d5ccdd6eec"
  },
  "execution_plan": {
    "path": "D:\\CodexWorktrees\\stage66prep_ed417a3\\RF_COMM_MULTILANE\\evidence\\hardware\\p7\\authorized_sequence\\p7_20260716_stationary_app_r67_diag_stage66_c04\\066_p7_ps_stationary\\bundle\\execution_plan.txt",
    "size_bytes": 1324,
    "sha256": "7370a4e4a7960b3363010e12ae2231671259032903eadf174d41ebc289c93c4b"
  },
  "scheduling_cutoff_sec": 1740,
  "frozen_shutdown": {
    "path": "D:\\CodexWorktrees\\stage66prep_ed417a3\\RF_COMM_MULTILANE\\evidence\\hardware\\p7\\shutdown\\p7_frozen_shutdown_bac60b58912f0acd771dc830a6761535ec8f6a92befb1ae4cb7d928745af5810.bit",
    "size_bytes": 2083853,
    "sha256": "bac60b58912f0acd771dc830a6761535ec8f6a92befb1ae4cb7d928745af5810"
  },
  "bundle_pre_run_file_count": 37,
  "hardware_execution_lock": {
    "path": "D:\\CodexWorktrees\\stage66prep_ed417a3\\RF_COMM_MULTILANE\\.hardware_authorization\\P7_HARDWARE_EXECUTION.lock",
    "token_sha256": "1903e37df7d0ece96d9b824becf562c69df6aea7e5c6281248adda702a3b61f5",
    "owner": {
      "schema": "rf-comm-p7-hardware-execution-lock-v1",
      "pid": 9640,
      "wrapper": "run_p7_ps_application_stage_safe.py",
      "mode": "stationary",
      "stage_name": "p7_ps_stationary",
      "acquired_at_utc": "2026-07-16T12:07:51.896954+00:00",
      "evidence_dir": "D:\\CodexWorktrees\\stage66prep_ed417a3\\RF_COMM_MULTILANE\\evidence\\hardware\\p7\\authorized_sequence\\p7_20260716_stationary_app_r67_diag_stage66_c04\\066_p7_ps_stationary"
    },
    "acquired": true,
    "stale_lock_auto_recovery": false
  },
  "preflight": {
    "name": "preflight",
    "returncode": 0,
    "stdout_path": "D:\\CodexWorktrees\\stage66prep_ed417a3\\RF_COMM_MULTILANE\\evidence\\hardware\\p7\\authorized_sequence\\p7_20260716_stationary_app_r67_diag_stage66_c04\\066_p7_ps_stationary\\preflight.stdout.log",
    "stderr_path": "D:\\CodexWorktrees\\stage66prep_ed417a3\\RF_COMM_MULTILANE\\evidence\\hardware\\p7\\authorized_sequence\\p7_20260716_stationary_app_r67_diag_stage66_c04\\066_p7_ps_stationary\\preflight.stderr.log",
    "elapsed_seconds": 31.303062,
    "argv": [
      "D:\\Xilinx\\Vivado\\2023.1\\bin\\vivado.bat",
      "-mode",
      "batch",
      "-source",
      "D:\\CodexWorktrees\\stage66prep_ed417a3\\RF_COMM_MULTILANE\\scripts\\hw\\p7_hw_preflight.tcl",
      "-tclargs",
      "D:\\CodexWorktrees\\stage66prep_ed417a3\\RF_COMM_MULTILANE",
      "D:\\CodexWorktrees\\stage66prep_ed417a3\\RF_COMM_MULTILANE\\.hardware_authorization\\p7_20260716_stationary_app_r67_diag_stage66_c04_066_p7_ps_stationary.txt",
      "210512180081",
      "xc7z010clg400-1",
      "localhost:3121/xilinx_tcf/Digilent/210512180081",
      "localhost:3121",
      "D:\\CodexWorktrees\\stage66prep_ed417a3\\RF_COMM_MULTILANE\\evidence\\hardware\\p7\\authorized_sequence\\p7_20260716_stationary_app_r67_diag_stage66_c04\\066_p7_ps_stationary\\p7_hw_preflight_result.txt.partial"
    ],
    "started_at_utc": "2026-07-16T12:07:51.898786+00:00",
    "ended_at_utc": "2026-07-16T12:08:23.202269+00:00",
    "timed_out": false,
    "abort_seen": false,
    "interrupted": false,
    "process_tree_terminated": false,
    "process_tree_reaped": true,
    "containment_kind": "WINDOWS_JOB_OBJECT_KILL_ON_CLOSE",
    "containment_assigned": true,
    "containment_closed": true,
    "descendant_count_after": 0,
    "expected_tool_daemon_grace_used": true,
    "expected_tool_daemon_grace_seconds": 30.0,
    "expected_tool_daemon_paths": [
      "D:\\Xilinx\\Vivado\\2023.1\\bin\\unwrapped\\win64.o\\cs_server.exe",
      "D:\\Xilinx\\Vivado\\2023.1\\bin\\unwrapped\\win64.o\\rdi_xsdb.exe",
      "C:\\Windows\\System32\\cmd.exe",
      "C:\\Windows\\System32\\conhost.exe"
    ],
    "descendant_paths_seen": [
      "D:\\Xilinx\\Vivado\\2023.1\\bin\\unwrapped\\win64.o\\cs_server.exe",
      "C:\\Windows\\System32\\conhost.exe",
      "D:\\Xilinx\\Vivado\\2023.1\\bin\\unwrapped\\win64.o\\rdi_xsdb.exe",
      "C:\\Windows\\System32\\cmd.exe",
      "C:\\Windows\\System32\\conhost.exe",
      "D:\\Xilinx\\Vivado\\2023.1\\bin\\unwrapped\\win64.o\\cs_server.exe"
    ],
    "descendant_processes_seen": [
      {
        "pid": 3828,
        "parent_pid": 6320,
        "parent_active_globally": false,
        "image_path": "D:\\Xilinx\\Vivado\\2023.1\\bin\\unwrapped\\win64.o\\cs_server.exe",
        "creation_time_100ns": 134286772805660069
      },
      {
        "pid": 10924,
        "parent_pid": 7316,
        "parent_active_globally": false,
        "image_path": "C:\\Windows\\System32\\conhost.exe",
        "creation_time_100ns": 134286772798687204
      },
      {
        "pid": 10932,
        "parent_pid": 13088,
        "parent_active_globally": true,
        "image_path": "D:\\Xilinx\\Vivado\\2023.1\\bin\\unwrapped\\win64.o\\rdi_xsdb.exe",
        "creation_time_100ns": 134286772813986683
      },
      {
        "pid": 13088,
        "parent_pid": 10204,
        "parent_active_globally": false,
        "image_path": "C:\\Windows\\System32\\cmd.exe",
        "creation_time_100ns": 134286772810525453
      },
      {
        "pid": 15484,
        "parent_pid": 13088,
        "parent_active_globally": true,
        "image_path": "C:\\Windows\\System32\\conhost.exe",
        "creation_time_100ns": 134286772810579060
      },
      {
        "pid": 20148,
        "parent_pid": 3828,
        "parent_active_globally": true,
        "image_path": "D:\\Xilinx\\Vivado\\2023.1\\bin\\unwrapped\\win64.o\\cs_server.exe",
        "creation_time_100ns": 134286772806594499
      }
    ],
    "expected_tool_daemon_classification": "EXACT_R2_VIVADO_EXIT_HELPER_FOREST",
    "expected_tool_daemon_topology_snapshots": [
      {
        "classification": "EXACT_R2_VIVADO_EXIT_HELPER_FOREST",
        "elapsed_seconds": 0.004381,
        "processes": [
          {
            "pid": 3828,
            "parent_pid": 6320,
            "parent_active_globally": false,
            "image_path": "D:\\Xilinx\\Vivado\\2023.1\\bin\\unwrapped\\win64.o\\cs_server.exe",
            "creation_time_100ns": 134286772805660069
          },
          {
            "pid": 10924,
            "parent_pid": 7316,
            "parent_active_globally": false,
            "image_path": "C:\\Windows\\System32\\conhost.exe",
            "creation_time_100ns": 134286772798687204
          },
          {
            "pid": 10932,
            "parent_pid": 13088,
            "parent_active_globally": true,
            "image_path": "D:\\Xilinx\\Vivado\\2023.1\\bin\\unwrapped\\win64.o\\rdi_xsdb.exe",
            "creation_time_100ns": 134286772813986683
          },
          {
            "pid": 13088,
            "parent_pid": 10204,
            "parent_active_globally": false,
            "image_path": "C:\\Windows\\System32\\cmd.exe",
            "creation_time_100ns": 134286772810525453
          },
          {
            "pid": 15484,
            "parent_pid": 13088,
            "parent_active_globally": true,
            "image_path": "C:\\Windows\\System32\\conhost.exe",
            "creation_time_100ns": 134286772810579060
          },
          {
            "pid": 20148,
            "parent_pid": 3828,
            "parent_active_globally": true,
            "image_path": "D:\\Xilinx\\Vivado\\2023.1\\bin\\unwrapped\\win64.o\\cs_server.exe",
            "creation_time_100ns": 134286772806594499
          }
        ]
      },
      {
        "classification": "STRICT_SHRINK_SUBSET_OF_EXACT_R2_VIVADO_EXIT_HELPER_FOREST",
        "elapsed_seconds": 19.686926,
        "processes": [
          {
            "pid": 3828,
            "parent_pid": 6320,
            "parent_active_globally": false,
            "image_path": "D:\\Xilinx\\Vivado\\2023.1\\bin\\unwrapped\\win64.o\\cs_server.exe",
            "creation_time_100ns": 134286772805660069
          },
          {
            "pid": 10924,
            "parent_pid": 7316,
            "parent_active_globally": false,
            "image_path": "C:\\Windows\\System32\\conhost.exe",
            "creation_time_100ns": 134286772798687204
          },
          {
            "pid": 20148,
            "parent_pid": 3828,
            "parent_active_globally": true,
            "image_path": "D:\\Xilinx\\Vivado\\2023.1\\bin\\unwrapped\\win64.o\\cs_server.exe",
            "creation_time_100ns": 134286772806594499
          }
        ]
      },
      {
        "classification": "EMPTY",
        "elapsed_seconds": 20.734886,
        "processes": []
      }
    ],
    "expected_tool_daemon_topology_revalidation_count": 196,
    "expected_tool_daemon_topology_monotonic": true,
    "expected_tool_daemon_topology_sample_elapsed_seconds": [
      5.7e-05,
      0.004381,
      0.110476,
      0.216679,
      0.3219,
      0.427389,
      0.533043,
      0.638625,
      0.743437,
      0.849083,
      0.955147,
      1.060828,
      1.167788,
      1.273554,
      1.379027,
      1.484646,
      1.59016,
      1.695559,
      1.800952,
      1.906153,
      2.011379,
      2.116796,
      2.221796,
      2.326841,
      2.432364,
      2.53801,
      2.64382,
      2.749372,
      2.854413,
      2.959574,
      3.064455,
      3.169748,
      3.275315,
      3.380649,
      3.485322,
      3.591001,
      3.696208,
      3.801653,
      3.908736,
      4.014389,
      4.119513,
      4.224612,
      4.330048,
      4.434883,
      4.540504,
      4.646014,
      4.751536,
      4.857302,
      4.962556,
      5.067833,
      5.173512,
      5.278522,
      5.383845,
      5.488696,
      5.593625,
      5.699075,
      5.804256,
      5.909376,
      6.014192,
      6.119759,
      6.225244,
      6.330894,
      6.436313,
      6.541459,
      6.646561,
      6.751897,
      6.85734,
      6.962613,
      7.067597,
      7.172831,
      7.278033,
      7.383225,
      7.488955,
      7.59449,
      7.699729,
      7.80525,
      7.910619,
      8.015768,
      8.12156,
      8.226805,
      8.331789,
      8.436795,
      8.54249,
      8.648251,
      8.753292,
      8.858731,
      8.96364,
      9.068729,
      9.17374,
      9.27902,
      9.384747,
      9.491221,
      9.597205,
      9.702119,
      9.807172,
      9.912508,
      10.017639,
      10.122867,
      10.227836,
      10.332922,
      10.438588,
      10.545426,
      10.651476,
      10.756799,
      10.862994,
      10.968539,
      11.07412,
      11.179902,
      11.286702,
      11.392135,
      11.498028,
      11.60383,
      11.709415,
      11.814546,
      11.920674,
      12.026312,
      12.132035,
      12.238294,
      12.343812,
      12.450047,
      12.555203,
      12.660622,
      12.765608,
      12.871159,
      12.97697,
      13.082357,
      13.187706,
      13.293073,
      13.398059,
      13.503209,
      13.60848,
      13.714375,
      13.82007,
      13.92627,
      14.032022,
      14.138156,
      14.244372,
      14.350652,
      14.45577,
      14.561,
      14.666465,
      14.771599,
      14.876847,
      14.983155,
      15.090604,
      15.196025,
      15.30137,
      15.406922,
      15.511787,
      15.617217,
      15.722187,
      15.827083,
      15.932556,
      16.037361,
      16.143507,
      16.249523,
      16.355244,
      16.461287,
      16.567543,
      16.673469,
      16.780198,
      16.885569,
      16.990939,
      17.096828,
      17.202754,
      17.307778,
      17.414359,
      17.519967,
      17.62502,
      17.730616,
      17.836512,
      17.942253,
      18.047448,
      18.153848,
      18.258821,
      18.364429,
      18.470362,
      18.575956,
      18.681723,
      18.787311,
      18.892892,
      18.998765,
      19.104927,
      19.211122,
      19.31691,
      19.421976,
      19.526997,
      19.686926,
      19.791991,
      19.89736,
      20.002546,
      20.108248,
      20.21392,
      20.318885,
      20.423995,
      20.528679,
      20.633688,
      20.734886
    ],
    "expected_tool_daemon_topology_max_sample_gap_seconds": 0.159929,
    "expected_tool_daemon_grace_elapsed_seconds": 20.734905,
    "expected_tool_daemon_hashes_verified": true,
    "expected_tool_daemon_sha256_by_role": {
      "cs_server": "9bf0e15ffe162a96679c14b8117cf8ebe8a47b8032bee4ab8cb0317c112df536",
      "rdi_xsdb": "3193d8c4e7115e82e5b4ea6c2eb1aa8a7566bd5a9f9c78e9d901b9eab9d4ebfc",
      "cmd": "65ec268add3973b6dca64222985da47caeaee44a340b0ec1466782914fd743d9",
      "conhost": "32e45de7f02912f3907083690043df4abdc4705eea28300719788eaa4a339d0b"
    },
    "expected_tool_daemon_hash_error": "",
    "expected_tool_daemon_prelaunch_hashes_verified": true,
    "expected_tool_daemon_prelaunch_sha256_by_role": {
      "cs_server": "9bf0e15ffe162a96679c14b8117cf8ebe8a47b8032bee4ab8cb0317c112df536",
      "rdi_xsdb": "3193d8c4e7115e82e5b4ea6c2eb1aa8a7566bd5a9f9c78e9d901b9eab9d4ebfc",
      "cmd": "65ec268add3973b6dca64222985da47caeaee44a340b0ec1466782914fd743d9",
      "conhost": "32e45de7f02912f3907083690043df4abdc4705eea28300719788eaa4a339d0b"
    },
    "expected_tool_daemon_prelaunch_hash_error": "",
    "expected_tool_daemon_postexit_hashes_verified": true,
    "expected_tool_daemon_postexit_sha256_by_role": {
      "cs_server": "9bf0e15ffe162a96679c14b8117cf8ebe8a47b8032bee4ab8cb0317c112df536",
      "rdi_xsdb": "3193d8c4e7115e82e5b4ea6c2eb1aa8a7566bd5a9f9c78e9d901b9eab9d4ebfc",
      "cmd": "65ec268add3973b6dca64222985da47caeaee44a340b0ec1466782914fd743d9",
      "conhost": "32e45de7f02912f3907083690043df4abdc4705eea28300719788eaa4a339d0b"
    },
    "expected_tool_daemon_postexit_hash_error": "",
    "expected_tool_daemon_topology_error": "",
    "expected_tool_daemon_topology_terminal_empty": true,
    "process_identity_query_retry_count": 1,
    "process_exit_race_recheck_count": 1,
    "process_identity_query_transient_errors": [],
    "containment_cleanup_attempted": false,
    "containment_cleanup_terminated": false,
    "process_exit_race_rechecked": true,
    "process_identity_query_retried": true,
    "containment_query_error": "",
    "launch_error": "",
    "watchdog_reason": "",
    "active_marker_seen": false,
    "safe_terminal_marker_seen": false,
    "passed": true,
    "failures": []
  },
  "target_identity": {
    "P7_HW_PREFLIGHT_AUTHORIZED": "1",
    "P7_HW_PREFLIGHT_READ_ONLY": "1",
    "P7_HW_PREFLIGHT_BOARD_ID": "210512180081",
    "P7_HW_PREFLIGHT_TARGET": "localhost:3121/xilinx_tcf/Digilent/210512180081",
    "P7_HW_PREFLIGHT_DEVICE": "xc7z010_1",
    "P7_HW_PREFLIGHT_PART": "xc7z010clg400-1",
    "P7_HW_PREFLIGHT_IDCODE": "00010011011100100010000010010011",
    "P7_HW_PREFLIGHT_CANONICAL_PART": "xc7z010clg400-1",
    "P7_HW_PREFLIGHT_LIVE_PART": "xc7z010",
    "P7_HW_PREFLIGHT_LIVE_DEVICE": "xc7z010_1",
    "P7_HW_PREFLIGHT_LIVE_IDCODE": "00010011011100100010000010010011",
    "P7_HW_PREFLIGHT_RESULT": "PASS"
  },
  "shutdown_before": {
    "name": "shutdown_before",
    "returncode": 0,
    "stdout_path": "D:\\CodexWorktrees\\stage66prep_ed417a3\\RF_COMM_MULTILANE\\evidence\\hardware\\p7\\authorized_sequence\\p7_20260716_stationary_app_r67_diag_stage66_c04\\066_p7_ps_stationary\\shutdown_before.stdout.log",
    "stderr_path": "D:\\CodexWorktrees\\stage66prep_ed417a3\\RF_COMM_MULTILANE\\evidence\\hardware\\p7\\authorized_sequence\\p7_20260716_stationary_app_r67_diag_stage66_c04\\066_p7_ps_stationary\\shutdown_before.stderr.log",
    "elapsed_seconds": 48.500776,
    "argv": [
      "D:\\Xilinx\\Vivado\\2023.1\\bin\\vivado.bat",
      "-mode",
      "batch",
      "-source",
      "D:\\CodexWorktrees\\stage66prep_ed417a3\\RF_COMM_MULTILANE\\scripts\\hw\\p7_jtag_axi_transactions.tcl",
      "-tclargs",
      "D:\\CodexWorktrees\\stage66prep_ed417a3\\RF_COMM_MULTILANE",
      "SHUTDOWN",
      "D:\\CodexWorktrees\\stage66prep_ed417a3\\RF_COMM_MULTILANE\\.hardware_authorization\\p7_20260716_stationary_app_r67_diag_stage66_c04_066_p7_ps_stationary.txt",
      "210512180081",
      "xc7z010clg400-1",
      "localhost:3121/xilinx_tcf/Digilent/210512180081",
      "localhost:3121",
      "1000000",
      "D:\\CodexWorktrees\\stage66prep_ed417a3\\RF_COMM_MULTILANE\\evidence\\hardware\\p7\\shutdown\\p7_frozen_shutdown_bac60b58912f0acd771dc830a6761535ec8f6a92befb1ae4cb7d928745af5810.bit",
      "-",
      "-",
      "D:\\CodexWorktrees\\stage66prep_ed417a3\\RF_COMM_MULTILANE\\evidence\\hardware\\p7\\authorized_sequence\\p7_20260716_stationary_app_r67_diag_stage66_c04\\066_p7_ps_stationary\\shutdown_before_result.txt.partial",
      "0x43c00000",
      "1",
      "134217728",
      "1800",
      "D:\\CodexWorktrees\\stage66prep_ed417a3\\RF_COMM_MULTILANE\\evidence\\hardware\\p7\\shutdown\\p7_frozen_shutdown_bac60b58912f0acd771dc830a6761535ec8f6a92befb1ae4cb7d928745af5810.bit"
    ],
    "started_at_utc": "2026-07-16T12:08:23.211363+00:00",
    "ended_at_utc": "2026-07-16T12:09:11.712530+00:00",
    "timed_out": false,
    "abort_seen": false,
    "interrupted": false,
    "process_tree_terminated": false,
    "process_tree_reaped": true,
    "containment_kind": "WINDOWS_JOB_OBJECT_KILL_ON_CLOSE",
    "containment_assigned": true,
    "containment_closed": true,
    "descendant_count_after": 0,
    "expected_tool_daemon_grace_used": true,
    "expected_tool_daemon_grace_seconds": 30.0,
    "expected_tool_daemon_paths": [
      "D:\\Xilinx\\Vivado\\2023.1\\bin\\unwrapped\\win64.o\\cs_server.exe",
      "D:\\Xilinx\\Vivado\\2023.1\\bin\\unwrapped\\win64.o\\rdi_xsdb.exe",
      "C:\\Windows\\System32\\cmd.exe",
      "C:\\Windows\\System32\\conhost.exe"
    ],
    "descendant_paths_seen": [
      "C:\\Windows\\System32\\conhost.exe",
      "D:\\Xilinx\\Vivado\\2023.1\\bin\\unwrapped\\win64.o\\cs_server.exe",
      "D:\\Xilinx\\Vivado\\2023.1\\bin\\unwrapped\\win64.o\\cs_server.exe",
      "C:\\Windows\\System32\\conhost.exe",
      "D:\\Xilinx\\Vivado\\2023.1\\bin\\unwrapped\\win64.o\\rdi_xsdb.exe",
      "C:\\Windows\\System32\\cmd.exe"
    ],
    "descendant_processes_seen": [
      {
        "pid": 5052,
        "parent_pid": 10176,
        "parent_active_globally": false,
        "image_path": "C:\\Windows\\System32\\conhost.exe",
        "creation_time_100ns": 134286773112155599
      },
      {
        "pid": 10156,
        "parent_pid": 11520,
        "parent_active_globally": true,
        "image_path": "D:\\Xilinx\\Vivado\\2023.1\\bin\\unwrapped\\win64.o\\cs_server.exe",
        "creation_time_100ns": 134286773120344219
      },
      {
        "pid": 11520,
        "parent_pid": 9992,
        "parent_active_globally": false,
        "image_path": "D:\\Xilinx\\Vivado\\2023.1\\bin\\unwrapped\\win64.o\\cs_server.exe",
        "creation_time_100ns": 134286773119405817
      },
      {
        "pid": 18720,
        "parent_pid": 24840,
        "parent_active_globally": true,
        "image_path": "C:\\Windows\\System32\\conhost.exe",
        "creation_time_100ns": 134286773124485039
      },
      {
        "pid": 21460,
        "parent_pid": 24840,
        "parent_active_globally": true,
        "image_path": "D:\\Xilinx\\Vivado\\2023.1\\bin\\unwrapped\\win64.o\\rdi_xsdb.exe",
        "creation_time_100ns": 134286773127808519
      },
      {
        "pid": 24840,
        "parent_pid": 6460,
        "parent_active_globally": false,
        "image_path": "C:\\Windows\\System32\\cmd.exe",
        "creation_time_100ns": 134286773124413850
      }
    ],
    "expected_tool_daemon_classification": "EXACT_R2_VIVADO_EXIT_HELPER_FOREST",
    "expected_tool_daemon_topology_snapshots": [
      {
        "classification": "EXACT_R2_VIVADO_EXIT_HELPER_FOREST",
        "elapsed_seconds": 0.004518,
        "processes": [
          {
            "pid": 5052,
            "parent_pid": 10176,
            "parent_active_globally": false,
            "image_path": "C:\\Windows\\System32\\conhost.exe",
            "creation_time_100ns": 134286773112155599
          },
          {
            "pid": 10156,
            "parent_pid": 11520,
            "parent_active_globally": true,
            "image_path": "D:\\Xilinx\\Vivado\\2023.1\\bin\\unwrapped\\win64.o\\cs_server.exe",
            "creation_time_100ns": 134286773120344219
          },
          {
            "pid": 11520,
            "parent_pid": 9992,
            "parent_active_globally": false,
            "image_path": "D:\\Xilinx\\Vivado\\2023.1\\bin\\unwrapped\\win64.o\\cs_server.exe",
            "creation_time_100ns": 134286773119405817
          },
          {
            "pid": 18720,
            "parent_pid": 24840,
            "parent_active_globally": true,
            "image_path": "C:\\Windows\\System32\\conhost.exe",
            "creation_time_100ns": 134286773124485039
          },
          {
            "pid": 21460,
            "parent_pid": 24840,
            "parent_active_globally": true,
            "image_path": "D:\\Xilinx\\Vivado\\2023.1\\bin\\unwrapped\\win64.o\\rdi_xsdb.exe",
            "creation_time_100ns": 134286773127808519
          },
          {
            "pid": 24840,
            "parent_pid": 6460,
            "parent_active_globally": false,
            "image_path": "C:\\Windows\\System32\\cmd.exe",
            "creation_time_100ns": 134286773124413850
          }
        ]
      },
      {
        "classification": "STRICT_SHRINK_SUBSET_OF_EXACT_R2_VIVADO_EXIT_HELPER_FOREST",
        "elapsed_seconds": 19.532125,
        "processes": [
          {
            "pid": 5052,
            "parent_pid": 10176,
            "parent_active_globally": false,
            "image_path": "C:\\Windows\\System32\\conhost.exe",
            "creation_time_100ns": 134286773112155599
          },
          {
            "pid": 10156,
            "parent_pid": 11520,
            "parent_active_globally": true,
            "image_path": "D:\\Xilinx\\Vivado\\2023.1\\bin\\unwrapped\\win64.o\\cs_server.exe",
            "creation_time_100ns": 134286773120344219
          },
          {
            "pid": 11520,
            "parent_pid": 9992,
            "parent_active_globally": false,
            "image_path": "D:\\Xilinx\\Vivado\\2023.1\\bin\\unwrapped\\win64.o\\cs_server.exe",
            "creation_time_100ns": 134286773119405817
          }
        ]
      },
      {
        "classification": "EMPTY",
        "elapsed_seconds": 20.583671,
        "processes": []
      }
    ],
    "expected_tool_daemon_topology_revalidation_count": 195,
    "expected_tool_daemon_topology_monotonic": true,
    "expected_tool_daemon_topology_sample_elapsed_seconds": [
      3.7e-05,
      0.004518,
      0.111204,
      0.216666,
      0.321878,
      0.428059,
      0.533617,
      0.639335,
      0.744857,
      0.850939,
      0.956646,
      1.062053,
      1.167784,
      1.273157,
      1.378672,
      1.484888,
      1.590051,
      1.69672,
      1.802179,
      1.907831,
      2.013294,
      2.118369,
      2.223592,
      2.328836,
      2.434904,
      2.54035,
      2.645494,
      2.751461,
      2.85679,
      2.962182,
      3.067442,
      3.17269,
      3.277682,
      3.383167,
      3.488333,
      3.593636,
      3.698812,
      3.804055,
      3.909627,
      4.014813,
      4.120097,
      4.225334,
      4.330608,
      4.436648,
      4.542205,
      4.647739,
      4.753528,
      4.858825,
      4.963599,
      5.068689,
      5.173892,
      5.278872,
      5.38411,
      5.490076,
      5.595736,
      5.702622,
      5.808188,
      5.91334,
      6.018746,
      6.124332,
      6.229775,
      6.335271,
      6.440684,
      6.546126,
      6.651505,
      6.756538,
      6.862019,
      6.967376,
      7.072305,
      7.177519,
      7.282446,
      7.387827,
      7.494617,
      7.600205,
      7.706142,
      7.811383,
      7.91754,
      8.022943,
      8.128376,
      8.234042,
      8.339171,
      8.44442,
      8.550785,
      8.656561,
      8.762608,
      8.868266,
      8.974474,
      9.079821,
      9.186908,
      9.292301,
      9.397556,
      9.503804,
      9.609423,
      9.715979,
      9.821145,
      9.927224,
      10.032333,
      10.137408,
      10.243499,
      10.348338,
      10.454519,
      10.56051,
      10.665456,
      10.771029,
      10.87664,
      10.981784,
      11.087412,
      11.192771,
      11.298492,
      11.403562,
      11.50964,
      11.616168,
      11.721647,
      11.826762,
      11.932499,
      12.037956,
      12.143357,
      12.250166,
      12.355397,
      12.461343,
      12.567171,
      12.672876,
      12.778422,
      12.884297,
      12.989735,
      13.09512,
      13.201211,
      13.306408,
      13.411294,
      13.516963,
      13.622767,
      13.72778,
      13.833393,
      13.938697,
      14.043583,
      14.148843,
      14.254223,
      14.359633,
      14.465022,
      14.570399,
      14.676155,
      14.781713,
      14.886934,
      14.992576,
      15.097849,
      15.203184,
      15.308875,
      15.414594,
      15.520732,
      15.627136,
      15.732743,
      15.837916,
      15.943874,
      16.04937,
      16.15532,
      16.260717,
      16.366555,
      16.471807,
      16.577201,
      16.682896,
      16.789029,
      16.894656,
      16.999913,
      17.104854,
      17.21036,
      17.315247,
      17.42066,
      17.526188,
      17.632012,
      17.737098,
      17.842142,
      17.947475,
      18.052835,
      18.158278,
      18.26463,
      18.371199,
      18.476674,
      18.582563,
      18.688208,
      18.793999,
      18.899347,
      19.004368,
      19.109989,
      19.215402,
      19.320803,
      19.426427,
      19.532125,
      19.637425,
      19.74251,
      19.848419,
      19.953624,
      20.059337,
      20.165585,
      20.271166,
      20.376875,
      20.482356,
      20.583671
    ],
    "expected_tool_daemon_topology_max_sample_gap_seconds": 0.107087,
    "expected_tool_daemon_grace_elapsed_seconds": 20.583691,
    "expected_tool_daemon_hashes_verified": true,
    "expected_tool_daemon_sha256_by_role": {
      "cs_server": "9bf0e15ffe162a96679c14b8117cf8ebe8a47b8032bee4ab8cb0317c112df536",
      "rdi_xsdb": "3193d8c4e7115e82e5b4ea6c2eb1aa8a7566bd5a9f9c78e9d901b9eab9d4ebfc",
      "cmd": "65ec268add3973b6dca64222985da47caeaee44a340b0ec1466782914fd743d9",
      "conhost": "32e45de7f02912f3907083690043df4abdc4705eea28300719788eaa4a339d0b"
    },
    "expected_tool_daemon_hash_error": "",
    "expected_tool_daemon_prelaunch_hashes_verified": true,
    "expected_tool_daemon_prelaunch_sha256_by_role": {
      "cs_server": "9bf0e15ffe162a96679c14b8117cf8ebe8a47b8032bee4ab8cb0317c112df536",
      "rdi_xsdb": "3193d8c4e7115e82e5b4ea6c2eb1aa8a7566bd5a9f9c78e9d901b9eab9d4ebfc",
      "cmd": "65ec268add3973b6dca64222985da47caeaee44a340b0ec1466782914fd743d9",
      "conhost": "32e45de7f02912f3907083690043df4abdc4705eea28300719788eaa4a339d0b"
    },
    "expected_tool_daemon_prelaunch_hash_error": "",
    "expected_tool_daemon_postexit_hashes_verified": true,
    "expected_tool_daemon_postexit_sha256_by_role": {
      "cs_server": "9bf0e15ffe162a96679c14b8117cf8ebe8a47b8032bee4ab8cb0317c112df536",
      "rdi_xsdb": "3193d8c4e7115e82e5b4ea6c2eb1aa8a7566bd5a9f9c78e9d901b9eab9d4ebfc",
      "cmd": "65ec268add3973b6dca64222985da47caeaee44a340b0ec1466782914fd743d9",
      "conhost": "32e45de7f02912f3907083690043df4abdc4705eea28300719788eaa4a339d0b"
    },
    "expected_tool_daemon_postexit_hash_error": "",
    "expected_tool_daemon_topology_error": "",
    "expected_tool_daemon_topology_terminal_empty": true,
    "process_identity_query_retry_count": 0,
    "process_exit_race_recheck_count": 0,
    "process_identity_query_transient_errors": [],
    "containment_cleanup_attempted": false,
    "containment_cleanup_terminated": false,
    "process_exit_race_rechecked": false,
    "process_identity_query_retried": false,
    "containment_query_error": "",
    "launch_error": "",
    "watchdog_reason": "",
    "active_marker_seen": false,
    "safe_terminal_marker_seen": false,
    "attempted": true,
    "programming_attempted": true,
    "result_file": "D:\\CodexWorktrees\\stage66prep_ed417a3\\RF_COMM_MULTILANE\\evidence\\hardware\\p7\\authorized_sequence\\p7_20260716_stationary_app_r67_diag_stage66_c04\\066_p7_ps_stationary\\shutdown_before_result.txt",
    "passed": true,
    "failures": []
  },
  "shutdown_after": {
    "name": "shutdown_after",
    "returncode": 0,
    "stdout_path": "D:\\CodexWorktrees\\stage66prep_ed417a3\\RF_COMM_MULTILANE\\evidence\\hardware\\p7\\authorized_sequence\\p7_20260716_stationary_app_r67_diag_stage66_c04\\066_p7_ps_stationary\\shutdown_after.stdout.log",
    "stderr_path": "D:\\CodexWorktrees\\stage66prep_ed417a3\\RF_COMM_MULTILANE\\evidence\\hardware\\p7\\authorized_sequence\\p7_20260716_stationary_app_r67_diag_stage66_c04\\066_p7_ps_stationary\\shutdown_after.stderr.log",
    "elapsed_seconds": 48.57852,
    "argv": [
      "D:\\Xilinx\\Vivado\\2023.1\\bin\\vivado.bat",
      "-mode",
      "batch",
      "-source",
      "D:\\CodexWorktrees\\stage66prep_ed417a3\\RF_COMM_MULTILANE\\scripts\\hw\\p7_jtag_axi_transactions.tcl",
      "-tclargs",
      "D:\\CodexWorktrees\\stage66prep_ed417a3\\RF_COMM_MULTILANE",
      "SHUTDOWN",
      "D:\\CodexWorktrees\\stage66prep_ed417a3\\RF_COMM_MULTILANE\\.hardware_authorization\\p7_20260716_stationary_app_r67_diag_stage66_c04_066_p7_ps_stationary.txt",
      "210512180081",
      "xc7z010clg400-1",
      "localhost:3121/xilinx_tcf/Digilent/210512180081",
      "localhost:3121",
      "1000000",
      "D:\\CodexWorktrees\\stage66prep_ed417a3\\RF_COMM_MULTILANE\\evidence\\hardware\\p7\\shutdown\\p7_frozen_shutdown_bac60b58912f0acd771dc830a6761535ec8f6a92befb1ae4cb7d928745af5810.bit",
      "-",
      "-",
      "D:\\CodexWorktrees\\stage66prep_ed417a3\\RF_COMM_MULTILANE\\evidence\\hardware\\p7\\authorized_sequence\\p7_20260716_stationary_app_r67_diag_stage66_c04\\066_p7_ps_stationary\\shutdown_after_result.txt.partial",
      "0x43c00000",
      "1",
      "134217728",
      "1800",
      "D:\\CodexWorktrees\\stage66prep_ed417a3\\RF_COMM_MULTILANE\\evidence\\hardware\\p7\\shutdown\\p7_frozen_shutdown_bac60b58912f0acd771dc830a6761535ec8f6a92befb1ae4cb7d928745af5810.bit"
    ],
    "started_at_utc": "2026-07-16T12:41:05.241404+00:00",
    "ended_at_utc": "2026-07-16T12:41:53.820284+00:00",
    "timed_out": false,
    "abort_seen": false,
    "interrupted": false,
    "process_tree_terminated": false,
    "process_tree_reaped": true,
    "containment_kind": "WINDOWS_JOB_OBJECT_KILL_ON_CLOSE",
    "containment_assigned": true,
    "containment_closed": true,
    "descendant_count_after": 0,
    "expected_tool_daemon_grace_used": true,
    "expected_tool_daemon_grace_seconds": 30.0,
    "expected_tool_daemon_paths": [
      "D:\\Xilinx\\Vivado\\2023.1\\bin\\unwrapped\\win64.o\\cs_server.exe",
      "D:\\Xilinx\\Vivado\\2023.1\\bin\\unwrapped\\win64.o\\rdi_xsdb.exe",
      "C:\\Windows\\System32\\cmd.exe",
      "C:\\Windows\\System32\\conhost.exe"
    ],
    "descendant_paths_seen": [
      "D:\\Xilinx\\Vivado\\2023.1\\bin\\unwrapped\\win64.o\\cs_server.exe",
      "D:\\Xilinx\\Vivado\\2023.1\\bin\\unwrapped\\win64.o\\rdi_xsdb.exe",
      "C:\\Windows\\System32\\conhost.exe",
      "C:\\Windows\\System32\\conhost.exe",
      "D:\\Xilinx\\Vivado\\2023.1\\bin\\unwrapped\\win64.o\\cs_server.exe",
      "C:\\Windows\\System32\\cmd.exe"
    ],
    "descendant_processes_seen": [
      {
        "pid": 3600,
        "parent_pid": 14368,
        "parent_active_globally": false,
        "image_path": "D:\\Xilinx\\Vivado\\2023.1\\bin\\unwrapped\\win64.o\\cs_server.exe",
        "creation_time_100ns": 134286792739790729
      },
      {
        "pid": 10444,
        "parent_pid": 23624,
        "parent_active_globally": true,
        "image_path": "D:\\Xilinx\\Vivado\\2023.1\\bin\\unwrapped\\win64.o\\rdi_xsdb.exe",
        "creation_time_100ns": 134286792748154974
      },
      {
        "pid": 14352,
        "parent_pid": 24664,
        "parent_active_globally": false,
        "image_path": "C:\\Windows\\System32\\conhost.exe",
        "creation_time_100ns": 134286792732591255
      },
      {
        "pid": 14596,
        "parent_pid": 23624,
        "parent_active_globally": true,
        "image_path": "C:\\Windows\\System32\\conhost.exe",
        "creation_time_100ns": 134286792744724080
      },
      {
        "pid": 18672,
        "parent_pid": 3600,
        "parent_active_globally": true,
        "image_path": "D:\\Xilinx\\Vivado\\2023.1\\bin\\unwrapped\\win64.o\\cs_server.exe",
        "creation_time_100ns": 134286792740702521
      },
      {
        "pid": 23624,
        "parent_pid": 12164,
        "parent_active_globally": false,
        "image_path": "C:\\Windows\\System32\\cmd.exe",
        "creation_time_100ns": 134286792744670262
      }
    ],
    "expected_tool_daemon_classification": "EXACT_R2_VIVADO_EXIT_HELPER_FOREST",
    "expected_tool_daemon_topology_snapshots": [
      {
        "classification": "EXACT_R2_VIVADO_EXIT_HELPER_FOREST",
        "elapsed_seconds": 0.005273,
        "processes": [
          {
            "pid": 3600,
            "parent_pid": 14368,
            "parent_active_globally": false,
            "image_path": "D:\\Xilinx\\Vivado\\2023.1\\bin\\unwrapped\\win64.o\\cs_server.exe",
            "creation_time_100ns": 134286792739790729
          },
          {
            "pid": 10444,
            "parent_pid": 23624,
            "parent_active_globally": true,
            "image_path": "D:\\Xilinx\\Vivado\\2023.1\\bin\\unwrapped\\win64.o\\rdi_xsdb.exe",
            "creation_time_100ns": 134286792748154974
          },
          {
            "pid": 14352,
            "parent_pid": 24664,
            "parent_active_globally": false,
            "image_path": "C:\\Windows\\System32\\conhost.exe",
            "creation_time_100ns": 134286792732591255
          },
          {
            "pid": 14596,
            "parent_pid": 23624,
            "parent_active_globally": true,
            "image_path": "C:\\Windows\\System32\\conhost.exe",
            "creation_time_100ns": 134286792744724080
          },
          {
            "pid": 18672,
            "parent_pid": 3600,
            "parent_active_globally": true,
            "image_path": "D:\\Xilinx\\Vivado\\2023.1\\bin\\unwrapped\\win64.o\\cs_server.exe",
            "creation_time_100ns": 134286792740702521
          },
          {
            "pid": 23624,
            "parent_pid": 12164,
            "parent_active_globally": false,
            "image_path": "C:\\Windows\\System32\\cmd.exe",
            "creation_time_100ns": 134286792744670262
          }
        ]
      },
      {
        "classification": "STRICT_SHRINK_SUBSET_OF_EXACT_R2_VIVADO_EXIT_HELPER_FOREST",
        "elapsed_seconds": 19.512619,
        "processes": [
          {
            "pid": 3600,
            "parent_pid": 14368,
            "parent_active_globally": false,
            "image_path": "D:\\Xilinx\\Vivado\\2023.1\\bin\\unwrapped\\win64.o\\cs_server.exe",
            "creation_time_100ns": 134286792739790729
          },
          {
            "pid": 14352,
            "parent_pid": 24664,
            "parent_active_globally": false,
            "image_path": "C:\\Windows\\System32\\conhost.exe",
            "creation_time_100ns": 134286792732591255
          },
          {
            "pid": 18672,
            "parent_pid": 3600,
            "parent_active_globally": true,
            "image_path": "D:\\Xilinx\\Vivado\\2023.1\\bin\\unwrapped\\win64.o\\cs_server.exe",
            "creation_time_100ns": 134286792740702521
          }
        ]
      },
      {
        "classification": "EMPTY",
        "elapsed_seconds": 20.664635,
        "processes": []
      }
    ],
    "expected_tool_daemon_topology_revalidation_count": 196,
    "expected_tool_daemon_topology_monotonic": true,
    "expected_tool_daemon_topology_sample_elapsed_seconds": [
      0.000285,
      0.005273,
      0.111283,
      0.216395,
      0.321462,
      0.427441,
      0.531996,
      0.637398,
      0.742512,
      0.848088,
      0.95369,
      1.060363,
      1.166543,
      1.272284,
      1.377872,
      1.483833,
      1.589748,
      1.695456,
      1.801134,
      1.906741,
      2.012765,
      2.118397,
      2.223927,
      2.32999,
      2.435601,
      2.540929,
      2.646288,
      2.751334,
      2.85714,
      2.962692,
      3.068012,
      3.173248,
      3.278988,
      3.384775,
      3.490202,
      3.594441,
      3.700067,
      3.805237,
      3.911323,
      4.017048,
      4.122354,
      4.22743,
      4.332421,
      4.438215,
      4.543557,
      4.650588,
      4.755498,
      4.861654,
      4.967276,
      5.072273,
      5.17896,
      5.284508,
      5.390872,
      5.496767,
      5.601401,
      5.706685,
      5.812197,
      5.916773,
      6.022497,
      6.12726,
      6.232353,
      6.337318,
      6.442819,
      6.547782,
      6.653237,
      6.75828,
      6.86328,
      6.96897,
      7.074197,
      7.179137,
      7.28472,
      7.390096,
      7.495608,
      7.600825,
      7.705871,
      7.811342,
      7.917109,
      8.022075,
      8.127523,
      8.232962,
      8.338088,
      8.443272,
      8.549398,
      8.655324,
      8.760709,
      8.866523,
      8.972442,
      9.077332,
      9.182277,
      9.287984,
      9.393256,
      9.498727,
      9.604367,
      9.709359,
      9.814148,
      9.919402,
      10.025367,
      10.130832,
      10.236571,
      10.341677,
      10.44696,
      10.551898,
      10.657344,
      10.762479,
      10.86784,
      10.973589,
      11.079203,
      11.184822,
      11.290299,
      11.395787,
      11.501424,
      11.606497,
      11.713432,
      11.819104,
      11.924277,
      12.029565,
      12.134465,
      12.240332,
      12.345266,
      12.450546,
      12.555475,
      12.660657,
      12.766119,
      12.871397,
      12.977381,
      13.082418,
      13.187633,
      13.29259,
      13.397833,
      13.503133,
      13.608354,
      13.713848,
      13.81899,
      13.924312,
      14.029495,
      14.134293,
      14.239222,
      14.344232,
      14.449489,
      14.5549,
      14.660443,
      14.765337,
      14.871287,
      14.977212,
      15.082386,
      15.187754,
      15.292857,
      15.398204,
      15.503456,
      15.60877,
      15.714223,
      15.819021,
      15.925035,
      16.030403,
      16.135817,
      16.241828,
      16.346837,
      16.453549,
      16.559051,
      16.664302,
      16.769496,
      16.874797,
      16.979781,
      17.085054,
      17.190501,
      17.29643,
      17.403405,
      17.509169,
      17.616093,
      17.721231,
      17.826171,
      17.931351,
      18.036873,
      18.142259,
      18.247515,
      18.352244,
      18.457343,
      18.563107,
      18.668297,
      18.7735,
      18.878446,
      18.98414,
      19.089516,
      19.194856,
      19.30111,
      19.406927,
      19.512619,
      19.617483,
      19.722716,
      19.827275,
      19.932499,
      20.03764,
      20.143219,
      20.248217,
      20.35336,
      20.458492,
      20.563496,
      20.664635
    ],
    "expected_tool_daemon_topology_max_sample_gap_seconds": 0.107031,
    "expected_tool_daemon_grace_elapsed_seconds": 20.664652,
    "expected_tool_daemon_hashes_verified": true,
    "expected_tool_daemon_sha256_by_role": {
      "cs_server": "9bf0e15ffe162a96679c14b8117cf8ebe8a47b8032bee4ab8cb0317c112df536",
      "rdi_xsdb": "3193d8c4e7115e82e5b4ea6c2eb1aa8a7566bd5a9f9c78e9d901b9eab9d4ebfc",
      "cmd": "65ec268add3973b6dca64222985da47caeaee44a340b0ec1466782914fd743d9",
      "conhost": "32e45de7f02912f3907083690043df4abdc4705eea28300719788eaa4a339d0b"
    },
    "expected_tool_daemon_hash_error": "",
    "expected_tool_daemon_prelaunch_hashes_verified": true,
    "expected_tool_daemon_prelaunch_sha256_by_role": {
      "cs_server": "9bf0e15ffe162a96679c14b8117cf8ebe8a47b8032bee4ab8cb0317c112df536",
      "rdi_xsdb": "3193d8c4e7115e82e5b4ea6c2eb1aa8a7566bd5a9f9c78e9d901b9eab9d4ebfc",
      "cmd": "65ec268add3973b6dca64222985da47caeaee44a340b0ec1466782914fd743d9",
      "conhost": "32e45de7f02912f3907083690043df4abdc4705eea28300719788eaa4a339d0b"
    },
    "expected_tool_daemon_prelaunch_hash_error": "",
    "expected_tool_daemon_postexit_hashes_verified": true,
    "expected_tool_daemon_postexit_sha256_by_role": {
      "cs_server": "9bf0e15ffe162a96679c14b8117cf8ebe8a47b8032bee4ab8cb0317c112df536",
      "rdi_xsdb": "3193d8c4e7115e82e5b4ea6c2eb1aa8a7566bd5a9f9c78e9d901b9eab9d4ebfc",
      "cmd": "65ec268add3973b6dca64222985da47caeaee44a340b0ec1466782914fd743d9",
      "conhost": "32e45de7f02912f3907083690043df4abdc4705eea28300719788eaa4a339d0b"
    },
    "expected_tool_daemon_postexit_hash_error": "",
    "expected_tool_daemon_topology_error": "",
    "expected_tool_daemon_topology_terminal_empty": true,
    "process_identity_query_retry_count": 0,
    "process_exit_race_recheck_count": 0,
    "process_identity_query_transient_errors": [],
    "containment_cleanup_attempted": false,
    "containment_cleanup_terminated": false,
    "process_exit_race_rechecked": false,
    "process_identity_query_retried": false,
    "containment_query_error": "",
    "launch_error": "",
    "watchdog_reason": "",
    "active_marker_seen": false,
    "safe_terminal_marker_seen": false,
    "attempted": true,
    "programming_attempted": true,
    "result_file": "D:\\CodexWorktrees\\stage66prep_ed417a3\\RF_COMM_MULTILANE\\evidence\\hardware\\p7\\authorized_sequence\\p7_20260716_stationary_app_r67_diag_stage66_c04\\066_p7_ps_stationary\\shutdown_after_result.txt",
    "passed": true,
    "failures": []
  },
  "tfdu_activity_semantics": "conservative_true_once_PS_candidate_ELF_command_is_launched",
  "ps_process": {
    "name": "ps_application_stage",
    "returncode": 0,
    "stdout_path": "D:\\CodexWorktrees\\stage66prep_ed417a3\\RF_COMM_MULTILANE\\evidence\\hardware\\p7\\authorized_sequence\\p7_20260716_stationary_app_r67_diag_stage66_c04\\066_p7_ps_stationary\\ps_application_stage.stdout.log",
    "stderr_path": "D:\\CodexWorktrees\\stage66prep_ed417a3\\RF_COMM_MULTILANE\\evidence\\hardware\\p7\\authorized_sequence\\p7_20260716_stationary_app_r67_diag_stage66_c04\\066_p7_ps_stationary\\ps_application_stage.stderr.log",
    "elapsed_seconds": 1913.440383,
    "argv": [
      "D:\\Xilinx\\Vitis\\2023.1\\bin\\xsdb.bat",
      "D:\\CodexWorktrees\\stage66prep_ed417a3\\RF_COMM_MULTILANE\\scripts\\hw\\p7_ps_application_execute.tcl",
      "D:\\CodexWorktrees\\stage66prep_ed417a3\\RF_COMM_MULTILANE",
      "D:\\CodexWorktrees\\stage66prep_ed417a3\\RF_COMM_MULTILANE\\.hardware_authorization\\p7_20260716_stationary_app_r67_diag_stage66_c04_066_p7_ps_stationary.txt",
      "D:\\CodexWorktrees\\stage66prep_ed417a3\\RF_COMM_MULTILANE\\evidence\\hardware\\p7\\authorized_sequence\\p7_20260716_stationary_app_r67_diag_stage66_c04\\066_p7_ps_stationary\\p7_hw_preflight_result.txt",
      "D:\\CodexWorktrees\\stage66prep_ed417a3\\RF_COMM_MULTILANE\\evidence\\hardware\\p6\\bitstreams\\p6_ps_dynamic_transport_756c318e6393d765ecac89db46e2d5f98fefe5bf44871804a9b5a0545f42207a.bit",
      "D:\\CodexWorktrees\\stage66prep_ed417a3\\RF_COMM_MULTILANE\\evidence\\hardware\\p7\\artifacts\\p7_runtime_0e77e4ffa1e3b6ded782361fd45c70f52a45332402e1d31edbbd210d28468fc3.elf",
      "D:\\CodexWorktrees\\stage66prep_ed417a3\\RF_COMM_MULTILANE\\build\\p7_ps_vitis_workspace\\p7_platform\\hw\\ps7_init.tcl",
      "D:\\CodexWorktrees\\stage66prep_ed417a3\\RF_COMM_MULTILANE\\evidence\\hardware\\p7\\authorized_sequence\\p7_20260716_stationary_app_r67_diag_stage66_c04\\066_p7_ps_stationary\\bundle",
      "D:\\CodexWorktrees\\stage66prep_ed417a3\\RF_COMM_MULTILANE\\evidence\\hardware\\p7\\authorized_sequence\\p7_20260716_stationary_app_r67_diag_stage66_c04\\066_p7_ps_stationary\\bundle\\execution_plan.txt",
      "D:\\CodexWorktrees\\stage66prep_ed417a3\\RF_COMM_MULTILANE\\evidence\\hardware\\p7\\authorized_sequence\\p7_20260716_stationary_app_r67_diag_stage66_c04\\066_p7_ps_stationary\\p7_ps_application_raw_result.log.partial",
      "localhost:3121",
      "210512180081",
      "xc7z010clg400-1",
      "localhost:3121/xilinx_tcf/Digilent/210512180081",
      "1800",
      "stationary",
      "60",
      "D:\\CodexWorktrees\\stage66prep_ed417a3\\RF_COMM_MULTILANE\\shutdown_bitstream\\tfdu_shutdown_j10_j11.bit",
      "333333343",
      "P7_STAGE66_DIAGNOSTIC_STAGE",
      "p7_20260716_stationary_app_r67_diag_stage66_c04"
    ],
    "started_at_utc": "2026-07-16T12:09:11.788734+00:00",
    "ended_at_utc": "2026-07-16T12:41:05.229491+00:00",
    "timed_out": false,
    "abort_seen": false,
    "interrupted": false,
    "process_tree_terminated": false,
    "process_tree_reaped": true,
    "containment_kind": "WINDOWS_JOB_OBJECT_KILL_ON_CLOSE",
    "containment_assigned": true,
    "containment_closed": true,
    "descendant_count_after": 0,
    "expected_tool_daemon_grace_used": false,
    "expected_tool_daemon_grace_seconds": 0.0,
    "expected_tool_daemon_paths": [],
    "descendant_paths_seen": [],
    "descendant_processes_seen": [],
    "expected_tool_daemon_classification": "NONE",
    "expected_tool_daemon_topology_snapshots": [
      {
        "classification": "EMPTY",
        "elapsed_seconds": 2.3e-05,
        "processes": []
      }
    ],
    "expected_tool_daemon_topology_revalidation_count": 0,
    "expected_tool_daemon_topology_monotonic": false,
    "expected_tool_daemon_topology_sample_elapsed_seconds": [
      2.3e-05
    ],
    "expected_tool_daemon_topology_max_sample_gap_seconds": 0.0,
    "expected_tool_daemon_grace_elapsed_seconds": 0.0,
    "expected_tool_daemon_hashes_verified": false,
    "expected_tool_daemon_sha256_by_role": {},
    "expected_tool_daemon_hash_error": "",
    "expected_tool_daemon_prelaunch_hashes_verified": false,
    "expected_tool_daemon_prelaunch_sha256_by_role": {},
    "expected_tool_daemon_prelaunch_hash_error": "",
    "expected_tool_daemon_postexit_hashes_verified": false,
    "expected_tool_daemon_postexit_sha256_by_role": {},
    "expected_tool_daemon_postexit_hash_error": "",
    "expected_tool_daemon_topology_error": "",
    "expected_tool_daemon_topology_terminal_empty": true,
    "process_identity_query_retry_count": 0,
    "process_exit_race_recheck_count": 0,
    "process_identity_query_transient_errors": [],
    "containment_cleanup_attempted": false,
    "containment_cleanup_terminated": false,
    "process_exit_race_rechecked": false,
    "process_identity_query_retried": false,
    "containment_query_error": "",
    "launch_error": "",
    "watchdog_reason": "",
    "active_marker_seen": true,
    "safe_terminal_marker_seen": false,
    "passed": false,
    "failures": [
      "PS stage marker mismatch: P7_PS_STAGE_RESULT expected=PASS observed=FAIL",
      "P7_PS_STAGE_RESULT=PASS missing from stdout"
    ]
  },
  "child_reaped_before_shutdown_after": true,
  "bundle_post_shutdown_verification": {
    "passed": true,
    "failures": [],
    "immutable_pre_post_equal": true,
    "pre_run_file_count": 37,
    "post_shutdown_file_count": 61
  },
  "first_error_diagnostic": {
    "present": false,
    "required": false,
    "passed": true,
    "failures": []
  },
  "postprocess": {
    "passed": false,
    "failures": [
      "PS process did not pass exact rc/marker policy"
    ],
    "mailbox": {},
    "cases": []
  },
  "internal_error": "",
  "ps_failures": [
    "PS stage marker mismatch: P7_PS_STAGE_RESULT expected=PASS observed=FAIL",
    "P7_PS_STAGE_RESULT=PASS missing from stdout"
  ],
  "reason": "PS process, mailbox/descriptor/trace/output, or exact marker checks failed",
  "raw_evidence_sha256_manifest": {
    "path": "D:\\CodexWorktrees\\stage66prep_ed417a3\\RF_COMM_MULTILANE\\evidence\\hardware\\p7\\authorized_sequence\\p7_20260716_stationary_app_r67_diag_stage66_c04\\066_p7_ps_stationary\\p7_raw_evidence_sha256_manifest.json",
    "size_bytes": 14768,
    "sha256": "3db9de3b019d2bbc7be4bc66ae2681bed1605757a12811848b12c4652ac59e2a"
  }
}
