P10_XSDB_DEBUG_DISCOVERY_ATTEMPTS=1
P10_XSDB_DEBUG_DISCOVERY_ELAPSED_MS=22
P10_XSDB_FIXED_TARGETS=APU:5,CPU0:6,FPGA:8
P10_XSDB_ROTATING_TARGETS=APU:1,CPU0:2,FPGA:4
P10_XSDB_IDENTITY=PASS
P10_XSDB_FIXED_SERIAL=210249855178
P10_XSDB_ROTATING_SERIAL=210512180081
P10_XSDB_STAGE=P10_5-ONE_PLUS_ONE
P10_XSDB_RUN_ID=p10_5_20260810T070056Z_eefca40c_78726594_498ca074
P10_XSDB_EXPECTED_BUILD_FIXED=0x50353546
P10_XSDB_EXPECTED_BUILD_ROTATING=0x50353552
P10_XSDB_DEBUG_DISCOVERY_ATTEMPTS=1
P10_XSDB_DEBUG_DISCOVERY_ELAPSED_MS=11
P10_XSDB_FIXED_TARGETS=APU:5,CPU0:6,FPGA:8
P10_XSDB_ROTATING_TARGETS=APU:1,CPU0:2,FPGA:4
P10_XSDB_DEBUG_DISCOVERY_ATTEMPTS=1
P10_XSDB_DEBUG_DISCOVERY_ELAPSED_MS=11
P10_XSDB_FIXED_TARGETS=APU:5,CPU0:6,FPGA:8
P10_XSDB_ROTATING_TARGETS=APU:1,CPU0:2,FPGA:4
P10_CANDIDATE_PROGRAMMED_FIXED=1
P10_PS7_INITIALIZED_FIXED=1
P10_CANDIDATE_PROGRAMMED_ROTATING=1
P10_PS7_INITIALIZED_ROTATING=1
P10_SAFE_STATE_FIXED_PREBOOT=id:0x5031305A,build:0x50353546,profile:0x702004F0,status:0x00000002,phy:0x00000000,physical_tx:0,0,0,0
P10_SAFE_STATE_ROTATING_PREBOOT=id:0x5031305A,build:0x50353552,profile:0x702004A0,status:0x00000002,phy:0x00000000,physical_tx:0,0,0,0
P10_PS_ELF_DOWNLOADED_FIXED=1
P10_PS_ELF_DOWNLOADED_ROTATING=1
P10_SERVICE_READY_FIXED=initial_boot
P10_SERVICE_READY_ROTATING=initial_boot
P10_INITIAL_READY_DUMP_FIXED=C:/Users/user/Documents/RF_COMM_MULTILANE_P10_5/evidence/hardware/p10_5/p10_5_20260810T070056Z_eefca40c_78726594_498ca074/stages/one_plus_one/dumps/P10_5-ONE_PLUS_ONE_ready.fixed.bin
P10_INITIAL_READY_DUMP_ROTATING=C:/Users/user/Documents/RF_COMM_MULTILANE_P10_5/evidence/hardware/p10_5/p10_5_20260810T070056Z_eefca40c_78726594_498ca074/stages/one_plus_one/dumps/P10_5-ONE_PLUS_ONE_ready.rotating.bin
P10_SAFE_STATE_FIXED_SAFE_BOOT=id:0x5031305A,build:0x50353546,profile:0x702004F0,status:0x00000002,phy:0x00000000,physical_tx:0,0,0,0
P10_SAFE_STATE_ROTATING_SAFE_BOOT=id:0x5031305A,build:0x50353552,profile:0x702004A0,status:0x00000002,phy:0x00000000,physical_tx:0,0,0,0
P10_SAFE_BOOT=PASS
P10_5_PAIRED_SUBMIT_SKEW_US=oneplusone_f0_r1:1587
P10_5_PAIR_PRIMED=oneplusone_f0_r1:PASS
P10_5_PAIRED_RELEASE_SKEW_US=oneplusone_f0_r1:830
P10_CASE_PASS=oneplusone_f0_r1
P10_3F_SAFETY_GATE_PASS=oneplusone_f0_r1
P10_5_PAIRED_SUBMIT_SKEW_US=oneplusone_f0_r2:1575
P10_5_PAIR_PRIMED=oneplusone_f0_r2:PASS
P10_5_PAIRED_RELEASE_SKEW_US=oneplusone_f0_r2:869
P10_CASE_PASS=oneplusone_f0_r2
P10_3F_SAFETY_GATE_PASS=oneplusone_f0_r2
P10_5_PAIRED_SUBMIT_SKEW_US=oneplusone_f0_r3:1584
P10_5_PAIR_PRIMED=oneplusone_f0_r3:PASS
P10_5_PAIRED_RELEASE_SKEW_US=oneplusone_f0_r3:843
P10_CASE_PASS=oneplusone_f0_r3
P10_3F_SAFETY_GATE_PASS=oneplusone_f0_r3
P10_5_PAIRED_SUBMIT_SKEW_US=oneplusone_f1_r0:1539
P10_5_PAIR_PRIMED=oneplusone_f1_r0:PASS
P10_5_PAIRED_RELEASE_SKEW_US=oneplusone_f1_r0:839
P10_CASE_PASS=oneplusone_f1_r0
P10_3F_SAFETY_GATE_PASS=oneplusone_f1_r0
P10_5_PAIRED_SUBMIT_SKEW_US=oneplusone_f1_r2:1517
P10_5_PAIR_PRIMED=oneplusone_f1_r2:PASS
P10_5_PAIRED_RELEASE_SKEW_US=oneplusone_f1_r2:876
P10_CASE_PASS=oneplusone_f1_r2
P10_3F_SAFETY_GATE_PASS=oneplusone_f1_r2
P10_5_PAIRED_SUBMIT_SKEW_US=oneplusone_f1_r3:1581
P10_5_PAIR_PRIMED=oneplusone_f1_r3:PASS
P10_5_PAIRED_RELEASE_SKEW_US=oneplusone_f1_r3:874
P10_CASE_PASS=oneplusone_f1_r3
P10_3F_SAFETY_GATE_PASS=oneplusone_f1_r3
P10_5_PAIRED_SUBMIT_SKEW_US=oneplusone_f2_r0:1578
P10_5_PAIR_PRIMED=oneplusone_f2_r0:PASS
P10_5_PAIRED_RELEASE_SKEW_US=oneplusone_f2_r0:875
P10_CASE_PASS=oneplusone_f2_r0
P10_3F_SAFETY_GATE_PASS=oneplusone_f2_r0
P10_5_PAIRED_SUBMIT_SKEW_US=oneplusone_f2_r1:1551
P10_5_PAIR_PRIMED=oneplusone_f2_r1:PASS
P10_5_PAIRED_RELEASE_SKEW_US=oneplusone_f2_r1:836
P10_CASE_PASS=oneplusone_f2_r1
P10_3F_SAFETY_GATE_PASS=oneplusone_f2_r1
P10_5_PAIRED_SUBMIT_SKEW_US=oneplusone_f2_r3:1586
P10_5_PAIR_PRIMED=oneplusone_f2_r3:PASS
P10_5_PAIRED_RELEASE_SKEW_US=oneplusone_f2_r3:875
P10_CASE_PASS=oneplusone_f2_r3
P10_3F_SAFETY_GATE_PASS=oneplusone_f2_r3
P10_5_PAIRED_SUBMIT_SKEW_US=oneplusone_f3_r0:1543
P10_5_PAIR_PRIMED=oneplusone_f3_r0:PASS
P10_5_PAIRED_RELEASE_SKEW_US=oneplusone_f3_r0:859
P10_CASE_PASS=oneplusone_f3_r0
P10_3F_SAFETY_GATE_PASS=oneplusone_f3_r0
P10_5_PAIRED_SUBMIT_SKEW_US=oneplusone_f3_r1:1571
P10_5_PAIR_PRIMED=oneplusone_f3_r1:PASS
P10_5_PAIRED_RELEASE_SKEW_US=oneplusone_f3_r1:820
P10_CASE_PASS=oneplusone_f3_r1
P10_3F_SAFETY_GATE_PASS=oneplusone_f3_r1
P10_5_PAIRED_SUBMIT_SKEW_US=oneplusone_f3_r2:1492
P10_5_PAIR_PRIMED=oneplusone_f3_r2:PASS
P10_5_PAIRED_RELEASE_SKEW_US=oneplusone_f3_r2:832
P10_CASE_PASS=oneplusone_f3_r2
P10_3F_SAFETY_GATE_PASS=oneplusone_f3_r2
P10_CASE_PASS=P10_5-ONE_PLUS_ONE_endpoint_shutdown
P10_ENDPOINT_SHUTDOWN_FIXED=PASS
P10_ENDPOINT_SHUTDOWN_ROTATING=PASS
P10_XSDB_STAGE_RESULT=PASS
