P10_XSDB_DEBUG_DISCOVERY_ATTEMPTS=1
P10_XSDB_DEBUG_DISCOVERY_ELAPSED_MS=254
P10_XSDB_FIXED_TARGETS=APU:5,CPU0:6,FPGA:8
P10_XSDB_ROTATING_TARGETS=APU:1,CPU0:2,FPGA:4
P10_XSDB_IDENTITY=PASS
P10_XSDB_FIXED_SERIAL=210249855178
P10_XSDB_ROTATING_SERIAL=210512180081
P10_XSDB_STAGE=P10_1R-PREFLIGHT
P10_XSDB_RUN_ID=p10_1r_20260801T184156Z_493955d5_080a35e6_18287e66
P10_XSDB_DEBUG_DISCOVERY_ATTEMPTS=1
P10_XSDB_DEBUG_DISCOVERY_ELAPSED_MS=2
P10_XSDB_FIXED_TARGETS=APU:5,CPU0:6,FPGA:8
P10_XSDB_ROTATING_TARGETS=APU:1,CPU0:2,FPGA:4
P10_XSDB_DEBUG_DISCOVERY_ATTEMPTS=1
P10_XSDB_DEBUG_DISCOVERY_ELAPSED_MS=2
P10_XSDB_FIXED_TARGETS=APU:5,CPU0:6,FPGA:8
P10_XSDB_ROTATING_TARGETS=APU:1,CPU0:2,FPGA:4
P10_CANDIDATE_PROGRAMMED_FIXED=1
P10_PS7_INITIALIZED_FIXED=1
P10_CANDIDATE_PROGRAMMED_ROTATING=1
P10_PS7_INITIALIZED_ROTATING=1
P10_ENDPOINT_SHUTDOWN_REQUESTED_ON_ERROR=1
P10_XSDB_STAGE_RESULT=FAIL
P10_XSDB_STAGE_ERROR=P10 fixed identity mismatch id_0x5031305A build_0x50315246 profile_0x702000F0 version_0x0A000002 hash_0x53D711A6 caps_0xF7204221
