test_audit_sources_and_closure_binding_are_exact (test_ddr_campaign_c2_evidence.CampaignC2PartialEvidenceTests.test_audit_sources_and_closure_binding_are_exact) ... ok
test_first_1m_firmware_descriptor_is_terminal_but_host_dump_is_absent (test_ddr_campaign_c2_evidence.CampaignC2PartialEvidenceTests.test_first_1m_firmware_descriptor_is_terminal_but_host_dump_is_absent) ... ok
test_partial_raw_markers_prove_attempt_but_not_completion (test_ddr_campaign_c2_evidence.CampaignC2PartialEvidenceTests.test_partial_raw_markers_prove_attempt_but_not_completion) ... ok
test_retained_boundary_checkpoint_and_64k_evidence_is_complete (test_ddr_campaign_c2_evidence.CampaignC2PartialEvidenceTests.test_retained_boundary_checkpoint_and_64k_evidence_is_complete) ... ok
test_all_raw_evidence_records_rehash_exactly (test_ddr_campaign_d_evidence.CampaignDEvidenceTests.test_all_raw_evidence_records_rehash_exactly) ... ok
test_closure_scope_and_result_are_exact (test_ddr_campaign_d_evidence.CampaignDEvidenceTests.test_closure_scope_and_result_are_exact) ... ok
test_each_run_summary_and_shutdown_are_complete (test_ddr_campaign_d_evidence.CampaignDEvidenceTests.test_each_run_summary_and_shutdown_are_complete) ... ok
test_final_safety_and_conclusion_remain_bounded (test_ddr_campaign_d_evidence.CampaignDEvidenceTests.test_final_safety_and_conclusion_remain_bounded) ... ok
test_address_grammar_and_scratch_window_fail_closed (test_ddr_external_master_diagnostic.DdrExternalMasterDiagnosticTests.test_address_grammar_and_scratch_window_fail_closed) ... ok
test_cli_analyze_reads_raw_binary_without_text_or_endian_conversion (test_ddr_external_master_diagnostic.DdrExternalMasterDiagnosticTests.test_cli_analyze_reads_raw_binary_without_text_or_endian_conversion) ... ok
test_materialized_case_is_new_raw_and_hash_bound (test_ddr_external_master_diagnostic.DdrExternalMasterDiagnosticTests.test_materialized_case_is_new_raw_and_hash_bound) ... ok
test_minimum_matrix_uses_nine_new_unique_run_ids (test_ddr_external_master_diagnostic.DdrExternalMasterDiagnosticTests.test_minimum_matrix_uses_nine_new_unique_run_ids) ... ok
test_patterns_are_byte_distinguishable_nonzero_and_stable (test_ddr_external_master_diagnostic.DdrExternalMasterDiagnosticTests.test_patterns_are_byte_distinguishable_nonzero_and_stable) ... ok
test_r37_audit_binds_fixture_command_tcl_and_raw_readback (test_ddr_external_master_diagnostic.DdrExternalMasterDiagnosticTests.test_r37_audit_binds_fixture_command_tcl_and_raw_readback) ... ok
test_r37_fixture_and_parser_preserve_the_exact_first_mismatch (test_ddr_external_master_diagnostic.DdrExternalMasterDiagnosticTests.test_r37_fixture_and_parser_preserve_the_exact_first_mismatch) ... ok
test_transaction_plans_bind_file_address_width_count_barrier_and_readback (test_ddr_external_master_diagnostic.DdrExternalMasterDiagnosticTests.test_transaction_plans_bind_file_address_width_count_barrier_and_readback) ... ok
test_authorization_extension_binds_run_and_fixture_identity (test_ddr_external_master_stage_safe.DdrExternalMasterStageSafeTests.test_authorization_extension_binds_run_and_fixture_identity) ... ok
test_postprocess_preserves_raw_first_mismatch (test_ddr_external_master_stage_safe.DdrExternalMasterStageSafeTests.test_postprocess_preserves_raw_first_mismatch) ... ok
test_preparation_tool_binds_rebuilt_ps_artifacts_to_source_commit (test_ddr_external_master_stage_safe.DdrExternalMasterStageSafeTests.test_preparation_tool_binds_rebuilt_ps_artifacts_to_source_commit) ... ok
test_preparation_tool_cannot_grant_or_launch_hardware (test_ddr_external_master_stage_safe.DdrExternalMasterStageSafeTests.test_preparation_tool_cannot_grant_or_launch_hardware) ... ok
test_resume_manifest_and_run_configuration_are_fully_bound (test_ddr_external_master_stage_safe.DdrExternalMasterStageSafeTests.test_resume_manifest_and_run_configuration_are_fully_bound) ... ok
test_stage62_fixture_is_exact_and_bundle_is_zero_coverage (test_ddr_external_master_stage_safe.DdrExternalMasterStageSafeTests.test_stage62_fixture_is_exact_and_bundle_is_zero_coverage) ... ok
test_tcl_branch_never_releases_cpu_or_touches_pl_mmio (test_ddr_external_master_stage_safe.DdrExternalMasterStageSafeTests.test_tcl_branch_never_releases_cpu_or_touches_pl_mmio) ... ok
test_tcl_scalar_write_command_matches_run_configuration (test_ddr_external_master_stage_safe.DdrExternalMasterStageSafeTests.test_tcl_scalar_write_command_matches_run_configuration) ... ok
test_rejects_ambiguous_or_missing_plan_binding (test_freeze_p7_failed_stage_epoch.FreezeP7FailedStageEpochTests.test_rejects_ambiguous_or_missing_plan_binding) ... ok
test_resolves_unique_manifest_by_executed_plan_not_bare_run_id (test_freeze_p7_failed_stage_epoch.FreezeP7FailedStageEpochTests.test_resolves_unique_manifest_by_executed_plan_not_bare_run_id) ... ok
test_adaptive_diagnostic_selection_is_prefix_plus_exact_unresolved_suffix (test_generate_p7_authorized_sequence_plan.GenerateP7AuthorizedSequencePlanTests.test_adaptive_diagnostic_selection_is_prefix_plus_exact_unresolved_suffix) ... ok
test_campaign_child_dry_validation_defers_only_runtime_ledger_state (test_generate_p7_authorized_sequence_plan.GenerateP7AuthorizedSequencePlanTests.test_campaign_child_dry_validation_defers_only_runtime_ledger_state) ... ok
test_campaign_runtime_ledger_allowance_is_exact_validated_and_untracked_only (test_generate_p7_authorized_sequence_plan.GenerateP7AuthorizedSequencePlanTests.test_campaign_runtime_ledger_allowance_is_exact_validated_and_untracked_only) ... ok
test_canonical_xdc_pinmap_register_goal_and_profiles_are_hard_locked (test_generate_p7_authorized_sequence_plan.GenerateP7AuthorizedSequencePlanTests.test_canonical_xdc_pinmap_register_goal_and_profiles_are_hard_locked) ... ok
test_diagnostic_suffix_selection_is_exact_zero_stationary_matrix (test_generate_p7_authorized_sequence_plan.GenerateP7AuthorizedSequencePlanTests.test_diagnostic_suffix_selection_is_exact_zero_stationary_matrix) ... ok
test_dirty_worktree_is_rejected_before_any_output (test_generate_p7_authorized_sequence_plan.GenerateP7AuthorizedSequencePlanTests.test_dirty_worktree_is_rejected_before_any_output) ... ok
test_full_offline_generation_has_unique_auth_hashes_and_valid_exact_plan (test_generate_p7_authorized_sequence_plan.GenerateP7AuthorizedSequencePlanTests.test_full_offline_generation_has_unique_auth_hashes_and_valid_exact_plan) ... ok
test_noncanonical_live_identity_is_rejected_before_git_or_outputs (test_generate_p7_authorized_sequence_plan.GenerateP7AuthorizedSequencePlanTests.test_noncanonical_live_identity_is_rejected_before_git_or_outputs) ... ok
test_only_generated_gate_dirt_is_allowlisted (test_generate_p7_authorized_sequence_plan.GenerateP7AuthorizedSequencePlanTests.test_only_generated_gate_dirt_is_allowlisted) ... ok
test_post_gate_p7_content_addressed_allowance_is_exact_untracked_only (test_generate_p7_authorized_sequence_plan.GenerateP7AuthorizedSequencePlanTests.test_post_gate_p7_content_addressed_allowance_is_exact_untracked_only) ... ok
test_post_gate_p7_output_rejects_noncanonical_summary_path (test_generate_p7_authorized_sequence_plan.GenerateP7AuthorizedSequencePlanTests.test_post_gate_p7_output_rejects_noncanonical_summary_path) ... ok
test_post_gate_p7_outputs_are_summary_hash_and_checkpoint_exact (test_generate_p7_authorized_sequence_plan.GenerateP7AuthorizedSequencePlanTests.test_post_gate_p7_outputs_are_summary_hash_and_checkpoint_exact) ... ok
test_safe_idle_transaction_cannot_start_commit_or_write_payload (test_generate_p7_authorized_sequence_plan.GenerateP7AuthorizedSequencePlanTests.test_safe_idle_transaction_cannot_start_commit_or_write_payload) ... ok
test_source_has_no_authorization_environment_mutation_or_hardware_launcher (test_generate_p7_authorized_sequence_plan.GenerateP7AuthorizedSequencePlanTests.test_source_has_no_authorization_environment_mutation_or_hardware_launcher) ... ok
test_stage_specs_are_exact_and_1m_budget_is_separately_1800_capable (test_generate_p7_authorized_sequence_plan.GenerateP7AuthorizedSequencePlanTests.test_stage_specs_are_exact_and_1m_budget_is_separately_1800_capable) ... ok
test_bank1_3v3_regression_fails (test_p6_ps_ddr_configuration.P6PsBoardContractTests.test_bank1_3v3_regression_fails) ... ok
test_block_design_mismatch_fails (test_p6_ps_ddr_configuration.P6PsBoardContractTests.test_block_design_mismatch_fails) ... ok
test_build_tcl_locks_full_contract_after_automation (test_p6_ps_ddr_configuration.P6PsBoardContractTests.test_build_tcl_locks_full_contract_after_automation) ... ok
test_bus_width_change_fails (test_p6_ps_ddr_configuration.P6PsBoardContractTests.test_bus_width_change_fails) ... ok
test_correct_serialized_vivado_and_vitis_artifacts_pass (test_p6_ps_ddr_configuration.P6PsBoardContractTests.test_correct_serialized_vivado_and_vitis_artifacts_pass) ... ok
test_cpu_clock_change_fails (test_p6_ps_ddr_configuration.P6PsBoardContractTests.test_cpu_clock_change_fails) ... ok
test_ddr_frequency_change_fails (test_p6_ps_ddr_configuration.P6PsBoardContractTests.test_ddr_frequency_change_fails) ... ok
test_ecc_change_fails (test_p6_ps_ddr_configuration.P6PsBoardContractTests.test_ecc_change_fails) ... ok
test_missing_field_fails_closed (test_p6_ps_ddr_configuration.P6PsBoardContractTests.test_missing_field_fails_closed) ... ok
test_old_x8_1024_mbit_topology_regression_fails (test_p6_ps_ddr_configuration.P6PsBoardContractTests.test_old_x8_1024_mbit_topology_regression_fails) ... ok
test_ps7_init_hash_mismatch_fails (test_p6_ps_ddr_configuration.P6PsBoardContractTests.test_ps7_init_hash_mismatch_fails) ... ok
test_ps_input_clock_change_fails (test_p6_ps_ddr_configuration.P6PsBoardContractTests.test_ps_input_clock_change_fails) ... ok
test_python_gate_requires_complete_generated_contract (test_p6_ps_ddr_configuration.P6PsBoardContractTests.test_python_gate_requires_complete_generated_contract) ... ok
test_read_data_eye_training_change_fails (test_p6_ps_ddr_configuration.P6PsBoardContractTests.test_read_data_eye_training_change_fails) ... ok
test_read_gate_training_change_fails (test_p6_ps_ddr_configuration.P6PsBoardContractTests.test_read_gate_training_change_fails) ... ok
test_real_generated_artifacts_pass_contract (test_p6_ps_ddr_configuration.P6PsBoardContractTests.test_real_generated_artifacts_pass_contract) ... ok
test_report_parser_rejects_duplicate_keys (test_p6_ps_ddr_configuration.P6PsBoardContractTests.test_report_parser_rejects_duplicate_keys) ... ok
test_unparseable_xci_fails_closed (test_p6_ps_ddr_configuration.P6PsBoardContractTests.test_unparseable_xci_fails_closed) ... ok
test_vitis_parameter_mismatch_fails (test_p6_ps_ddr_configuration.P6PsBoardContractTests.test_vitis_parameter_mismatch_fails) ... ok
test_write_level_training_change_fails (test_p6_ps_ddr_configuration.P6PsBoardContractTests.test_write_level_training_change_fails) ... ok
test_canonical_matrix_is_exact_and_stationary_is_once_last (test_p7_authorized_hardware_sequence.P7AuthorizedHardwareSequenceTests.test_canonical_matrix_is_exact_and_stationary_is_once_last) ... ok
test_diagnostic_suffix_matrix_is_exact_and_excludes_stationary (test_p7_authorized_hardware_sequence.P7AuthorizedHardwareSequenceTests.test_diagnostic_suffix_matrix_is_exact_and_excludes_stationary) ... ok
test_exact_command_parser_rejects_shell_and_unknown_arguments (test_p7_authorized_hardware_sequence.P7AuthorizedHardwareSequenceTests.test_exact_command_parser_rejects_shell_and_unknown_arguments) ... ok
test_executor_stops_after_first_failed_wrapper_without_second_launch (test_p7_authorized_hardware_sequence.P7AuthorizedHardwareSequenceTests.test_executor_stops_after_first_failed_wrapper_without_second_launch) ... ok
test_helper_prelaunch_failure_creates_no_execution_ledger_or_stage_attempt (test_p7_authorized_hardware_sequence.P7AuthorizedHardwareSequenceTests.test_helper_prelaunch_failure_creates_no_execution_ledger_or_stage_attempt) ... ok
test_matrix_rejects_missing_boundary_and_duplicate_stationary (test_p7_authorized_hardware_sequence.P7AuthorizedHardwareSequenceTests.test_matrix_rejects_missing_boundary_and_duplicate_stationary) ... ok
test_ps_wrapper_summary_binds_frozen_shutdown_path_hash_and_fresh_results (test_p7_authorized_hardware_sequence.P7AuthorizedHardwareSequenceTests.test_ps_wrapper_summary_binds_frozen_shutdown_path_hash_and_fresh_results) ... ok
test_resume_skips_only_hash_verified_pass_records (test_p7_authorized_hardware_sequence.P7AuthorizedHardwareSequenceTests.test_resume_skips_only_hash_verified_pass_records) ... ok
test_sequence_dry_run_launches_no_stage_process (test_p7_authorized_hardware_sequence.P7AuthorizedHardwareSequenceTests.test_sequence_dry_run_launches_no_stage_process) ... ok
test_unresolved_stationary_launch_intent_permanently_blocks_resume (test_p7_authorized_hardware_sequence.P7AuthorizedHardwareSequenceTests.test_unresolved_stationary_launch_intent_permanently_blocks_resume) ... ok
test_wrapper_summary_rejects_any_inner_forced_cleanup_evidence (test_p7_authorized_hardware_sequence.P7AuthorizedHardwareSequenceTests.test_wrapper_summary_rejects_any_inner_forced_cleanup_evidence) ... ok
test_adaptive_matrix_is_prefix_plus_contiguous_suffix_without_stationary (test_p7_diagnostic_impact.P7DiagnosticImpactTests.test_adaptive_matrix_is_prefix_plus_contiguous_suffix_without_stationary) ... ok
test_backend_manifest_comparison_ignores_only_run_local_paths (test_p7_diagnostic_impact.P7DiagnosticImpactTests.test_backend_manifest_comparison_ignores_only_run_local_paths) ... ok
test_newline_materialization_does_not_fake_a_source_change (test_p7_diagnostic_impact.P7DiagnosticImpactTests.test_newline_materialization_does_not_fake_a_source_change) ... ok
test_symbol_fingerprint_is_narrow_but_fail_closed_on_executable_change (test_p7_diagnostic_impact.P7DiagnosticImpactTests.test_symbol_fingerprint_is_narrow_but_fail_closed_on_executable_change) ... ok
test_default_sequence_is_dry_run_and_launches_nothing (test_p7_hardware_safety.P7HardwareSafetyTests.test_default_sequence_is_dry_run_and_launches_nothing) ... ok
test_hardware_execution_lock_is_exclusive_and_never_steals (test_p7_hardware_safety.P7HardwareSafetyTests.test_hardware_execution_lock_is_exclusive_and_never_steals) ... ok
test_nonzero_preflight_exit_can_never_pass_by_marker (test_p7_hardware_safety.P7HardwareSafetyTests.test_nonzero_preflight_exit_can_never_pass_by_marker) ... ok
test_p7_code_does_not_self_set_hardware_authorization (test_p7_hardware_safety.P7HardwareSafetyTests.test_p7_code_does_not_self_set_hardware_authorization) ... ok
test_preflight_requires_exact_canonical_live_identity (test_p7_hardware_safety.P7HardwareSafetyTests.test_preflight_requires_exact_canonical_live_identity) ... ok
test_runtime_above_1800_and_abort_file_block (test_p7_hardware_safety.P7HardwareSafetyTests.test_runtime_above_1800_and_abort_file_block) ... ok
test_tcl_is_read_only_and_checks_authorization_before_connect (test_p7_hardware_safety.P7HardwareSafetyTests.test_tcl_is_read_only_and_checks_authorization_before_connect) ... ok
test_valid_controls_require_external_environment (test_p7_hardware_safety.P7HardwareSafetyTests.test_valid_controls_require_external_environment) ... ok
test_backend_manifest_is_hash_path_frequency_and_runtime_bound (test_p7_jtag_axi_stage_safe.P7JtagAxiStageTests.test_backend_manifest_is_hash_path_frequency_and_runtime_bound) ... ok
test_default_and_blocked_execute_paths_launch_no_process (test_p7_jtag_axi_stage_safe.P7JtagAxiStageTests.test_default_and_blocked_execute_paths_launch_no_process) ... ok
test_dynamic_abort_terminates_process_tree (test_p7_jtag_axi_stage_safe.P7JtagAxiStageTests.test_dynamic_abort_terminates_process_tree) ... ok
test_exact_cs_singleton_and_pair_exit_naturally_with_terminal_empty_snapshot (test_p7_jtag_axi_stage_safe.P7JtagAxiStageTests.test_exact_cs_singleton_and_pair_exit_naturally_with_terminal_empty_snapshot) ... ok
test_exhausted_identity_retry_may_pass_only_on_one_final_job_empty_proof (test_p7_jtag_axi_stage_safe.P7JtagAxiStageTests.test_exhausted_identity_retry_may_pass_only_on_one_final_job_empty_proof) ... ok
test_forced_termination_uses_one_shared_ten_second_job_deadline (test_p7_jtag_axi_stage_safe.P7JtagAxiStageTests.test_forced_termination_uses_one_shared_ten_second_job_deadline) ... ok
test_full_r2_forest_may_only_shrink_with_immutable_identity (test_p7_jtag_axi_stage_safe.P7JtagAxiStageTests.test_full_r2_forest_may_only_shrink_with_immutable_identity) ... ok
test_generated_1m_transaction_binds_burst_call_reduction (test_p7_jtag_axi_stage_safe.P7JtagAxiStageTests.test_generated_1m_transaction_binds_burst_call_reduction) ... ok
test_generated_4k_transaction_full_stream_validation (test_p7_jtag_axi_stage_safe.P7JtagAxiStageTests.test_generated_4k_transaction_full_stream_validation) ... ok
test_growth_reappearance_and_identity_mutation_are_forced_cleanup_failures (test_p7_jtag_axi_stage_safe.P7JtagAxiStageTests.test_growth_reappearance_and_identity_mutation_are_forced_cleanup_failures) ... ok
test_initial_topology_classifier_accepts_only_exact_cs_or_full_r2_forest (test_p7_jtag_axi_stage_safe.P7JtagAxiStageTests.test_initial_topology_classifier_accepts_only_exact_cs_or_full_r2_forest) ... ok
test_job_containment_rejects_and_kills_lingering_descendant (test_p7_jtag_axi_stage_safe.P7JtagAxiStageTests.test_job_containment_rejects_and_kills_lingering_descendant) ... ok
test_job_identity_exit_race_passes_only_after_empty_recheck (test_p7_jtag_axi_stage_safe.P7JtagAxiStageTests.test_job_identity_exit_race_passes_only_after_empty_recheck) ... ok
test_job_identity_snapshot_rejects_pid_set_churn_across_a_b_queries (test_p7_jtag_axi_stage_safe.P7JtagAxiStageTests.test_job_identity_snapshot_rejects_pid_set_churn_across_a_b_queries) ... ok
test_json_summary_commit_is_atomic (test_p7_jtag_axi_stage_safe.P7JtagAxiStageTests.test_json_summary_commit_is_atomic) ... ok
test_natural_exit_window_is_one_fixed_deadline_and_timeout_cleanup_never_passes (test_p7_jtag_axi_stage_safe.P7JtagAxiStageTests.test_natural_exit_window_is_one_fixed_deadline_and_timeout_cleanup_never_passes) ... ok
test_nonzero_stage_exit_can_never_pass_markers (test_p7_jtag_axi_stage_safe.P7JtagAxiStageTests.test_nonzero_stage_exit_can_never_pass_markers) ... ok
test_p6_control_writes_flush_pending_batches_and_run_standalone (test_p7_jtag_axi_stage_safe.P7JtagAxiStageTests.test_p6_control_writes_flush_pending_batches_and_run_standalone) ... ok
test_post_launch_exception_reaps_before_return (test_p7_jtag_axi_stage_safe.P7JtagAxiStageTests.test_post_launch_exception_reaps_before_return) ... ok
test_prelaunch_hash_failure_never_releases_contained_launcher (test_p7_jtag_axi_stage_safe.P7JtagAxiStageTests.test_prelaunch_hash_failure_never_releases_contained_launcher) ... ok
test_query_retry_is_global_once_and_hash_tamper_cannot_pass (test_p7_jtag_axi_stage_safe.P7JtagAxiStageTests.test_query_retry_is_global_once_and_hash_tamper_cannot_pass) ... ok
test_runtime_estimate_and_global_budget_fail_closed (test_p7_jtag_axi_stage_safe.P7JtagAxiStageTests.test_runtime_estimate_and_global_budget_fail_closed) ... ok
test_safe_idle_semantics_forbid_transmission_and_parse_zero_evidence (test_p7_jtag_axi_stage_safe.P7JtagAxiStageTests.test_safe_idle_semantics_forbid_transmission_and_parse_zero_evidence) ... ok
test_safe_idle_semantics_reject_start_and_nonzero_counter (test_p7_jtag_axi_stage_safe.P7JtagAxiStageTests.test_safe_idle_semantics_reject_start_and_nonzero_counter) ... ok
test_shutdown_requires_both_zero_exit_and_marker (test_p7_jtag_axi_stage_safe.P7JtagAxiStageTests.test_shutdown_requires_both_zero_exit_and_marker) ... ok
test_sparse_oversize_file_is_rejected_without_large_fixture (test_p7_jtag_axi_stage_safe.P7JtagAxiStageTests.test_sparse_oversize_file_is_rejected_without_large_fixture) ... ok
test_stage_requires_exact_canonical_live_identity (test_p7_jtag_axi_stage_safe.P7JtagAxiStageTests.test_stage_requires_exact_canonical_live_identity) ... ok
test_strict_transaction_format_accepts_bounded_valid_file (test_p7_jtag_axi_stage_safe.P7JtagAxiStageTests.test_strict_transaction_format_accepts_bounded_valid_file) ... ok
test_tcl_axi4_bursts_preserve_word_order_and_read_evidence (test_p7_jtag_axi_stage_safe.P7JtagAxiStageTests.test_tcl_axi4_bursts_preserve_word_order_and_read_evidence) ... ok
test_tcl_axi4_queues_preserve_single_word_order_and_evidence (test_p7_jtag_axi_stage_safe.P7JtagAxiStageTests.test_tcl_axi4_queues_preserve_single_word_order_and_evidence) ... ok
test_tcl_failure_result_preserves_original_error_before_hardware (test_p7_jtag_axi_stage_safe.P7JtagAxiStageTests.test_tcl_failure_result_preserves_original_error_before_hardware) ... P7_TCL_PROGRAMMING_ATTEMPTED=0
P7_JTAG_STAGE_RESULT=FAIL
P7_JTAG_STAGE_ERROR=P7 max runtime must be in 1..1800 seconds
ok
test_tcl_is_authorized_strict_data_parser_with_emergency_shutdown (test_p7_jtag_axi_stage_safe.P7JtagAxiStageTests.test_tcl_is_authorized_strict_data_parser_with_emergency_shutdown) ... ok
test_tcl_path_mapping_and_error_sanitizer_execute_in_tcl (test_p7_jtag_axi_stage_safe.P7JtagAxiStageTests.test_tcl_path_mapping_and_error_sanitizer_execute_in_tcl) ... ok
test_tcl_shutdown_path_reaches_pass_with_offline_command_stubs (test_p7_jtag_axi_stage_safe.P7JtagAxiStageTests.test_tcl_shutdown_path_reaches_pass_with_offline_command_stubs) ... P7_TCL_EMERGENCY_SHUTDOWN_FAILED=synthetic_program_failure
P7_TCL_PROGRAMMING_ATTEMPTED=1
P7_JTAG_STAGE_RESULT=FAIL
P7_JTAG_STAGE_ERROR=synthetic_program_failure
ok
test_transaction_format_rejects_command_injection_and_unlisted_write (test_p7_jtag_axi_stage_safe.P7JtagAxiStageTests.test_transaction_format_rejects_command_injection_and_unlisted_write) ... ok
test_transaction_requires_in_band_stop_shutdown_as_final_operation (test_p7_jtag_axi_stage_safe.P7JtagAxiStageTests.test_transaction_requires_in_band_stop_shutdown_as_final_operation) ... ok
test_wrapper_never_sets_external_hardware_authorization (test_p7_jtag_axi_stage_safe.P7JtagAxiStageTests.test_wrapper_never_sets_external_hardware_authorization) ... ok
test_wrapper_requires_strict_backend_parse_for_final_pass (test_p7_jtag_axi_stage_safe.P7JtagAxiStageTests.test_wrapper_requires_strict_backend_parse_for_final_pass) ... ok
test_all_modes_build_bounded_atomic_mailbox_descriptor_bundles (test_p7_ps_application_stage_safe.P7PsApplicationSafeStageTests.test_all_modes_build_bounded_atomic_mailbox_descriptor_bundles) ... ok
test_atomic_writer_replaces_without_partial_residue (test_p7_ps_application_stage_safe.P7PsApplicationSafeStageTests.test_atomic_writer_replaces_without_partial_residue) ... ok
test_bundle_integrity_recheck_rejects_post_build_tampering (test_p7_ps_application_stage_safe.P7PsApplicationSafeStageTests.test_bundle_integrity_recheck_rejects_post_build_tampering) ... ok
test_bundle_integrity_rejects_output_canary_tampering (test_p7_ps_application_stage_safe.P7PsApplicationSafeStageTests.test_bundle_integrity_rejects_output_canary_tampering) ... ok
test_canonical_samples_use_fixed_terminal_end_tick_membership (test_p7_ps_application_stage_safe.P7PsApplicationSafeStageTests.test_canonical_samples_use_fixed_terminal_end_tick_membership) ... ok
test_completed_all_zero_trace_is_rejected (test_p7_ps_application_stage_safe.P7PsApplicationSafeStageTests.test_completed_all_zero_trace_is_rejected) ... ok
test_completed_bundle_postprocessing_validates_mailbox_descriptor_trace_and_output (test_p7_ps_application_stage_safe.P7PsApplicationSafeStageTests.test_completed_bundle_postprocessing_validates_mailbox_descriptor_trace_and_output) ... ok
test_core_readiness_attestation_is_hash_and_source_bound (test_p7_ps_application_stage_safe.P7PsApplicationSafeStageTests.test_core_readiness_attestation_is_hash_and_source_bound) ... ok
test_default_and_blocked_execute_paths_launch_no_hardware_process (test_p7_ps_application_stage_safe.P7PsApplicationSafeStageTests.test_default_and_blocked_execute_paths_launch_no_hardware_process) ... ok
test_doubleword_dump_passes_value_count_and_enforces_exact_binary_size (test_p7_ps_application_stage_safe.P7PsApplicationSafeStageTests.test_doubleword_dump_passes_value_count_and_enforces_exact_binary_size) ... ok
test_elf_ocm_boundary_excludes_only_the_exact_stage62_nobits_section (test_p7_ps_application_stage_safe.P7PsApplicationSafeStageTests.test_elf_ocm_boundary_excludes_only_the_exact_stage62_nobits_section) ... ok
test_explicitly_denylisted_core_snapshot_is_unconditionally_blocked (test_p7_ps_application_stage_safe.P7PsApplicationSafeStageTests.test_explicitly_denylisted_core_snapshot_is_unconditionally_blocked) ... ok
test_fault_and_abort_modes_encode_expected_terminal_contracts (test_p7_ps_application_stage_safe.P7PsApplicationSafeStageTests.test_fault_and_abort_modes_encode_expected_terminal_contracts) ... ok
test_first_error_capture_is_identity_geometry_marker_and_wipe_bound (test_p7_ps_application_stage_safe.P7PsApplicationSafeStageTests.test_first_error_capture_is_identity_geometry_marker_and_wipe_bound) ... ok
test_functional_boundary_failure_preserves_status_error_descriptor_output_and_trace (test_p7_ps_application_stage_safe.P7PsApplicationSafeStageTests.test_functional_boundary_failure_preserves_status_error_descriptor_output_and_trace) ... ok
test_functional_large_evidence_is_doubleword_wide_and_shutdown_precedes_final_dump (test_p7_ps_application_stage_safe.P7PsApplicationSafeStageTests.test_functional_large_evidence_is_doubleword_wide_and_shutdown_precedes_final_dump) ... ok
test_lane1_promotion_commit_must_exist_and_be_authorized_ancestor (test_p7_ps_application_stage_safe.P7PsApplicationSafeStageTests.test_lane1_promotion_commit_must_exist_and_be_authorized_ancestor) ... ok
test_mailbox_binds_firmware_stationary_admission_cutoff (test_p7_ps_application_stage_safe.P7PsApplicationSafeStageTests.test_mailbox_binds_firmware_stationary_admission_cutoff) ... ok
test_nonzero_raw_exit_can_never_be_promoted_by_pass_markers (test_p7_ps_application_stage_safe.P7PsApplicationSafeStageTests.test_nonzero_raw_exit_can_never_be_promoted_by_pass_markers) ... ok
test_partial_stdout_attempt_markers_are_retained_but_are_not_acceptance (test_p7_ps_application_stage_safe.P7PsApplicationSafeStageTests.test_partial_stdout_attempt_markers_are_retained_but_are_not_acceptance) ... ok
test_post_shutdown_raw_evidence_manifest_hashes_every_committed_file (test_p7_ps_application_stage_safe.P7PsApplicationSafeStageTests.test_post_shutdown_raw_evidence_manifest_hashes_every_committed_file) ... ok
test_ps_result_binds_canonical_part_vivado_identity_and_xsdb_idcode (test_p7_ps_application_stage_safe.P7PsApplicationSafeStageTests.test_ps_result_binds_canonical_part_vivado_identity_and_xsdb_idcode) ... ok
test_ps_service_retry_budget_latency_and_failure_snapshot_are_unambiguous (test_p7_ps_application_stage_safe.P7PsApplicationSafeStageTests.test_ps_service_retry_budget_latency_and_failure_snapshot_are_unambiguous) ... ok
test_ps_timer_frequency_is_bound_in_argv_and_authorization (test_p7_ps_application_stage_safe.P7PsApplicationSafeStageTests.test_ps_timer_frequency_is_bound_in_argv_and_authorization) ... ok
test_queue_overflow_candidate_identity_tamper_is_rejected (test_p7_ps_application_stage_safe.P7PsApplicationSafeStageTests.test_queue_overflow_candidate_identity_tamper_is_rejected) ... ok
test_runtime_elapsed_writer_uses_direct_barriered_seqlock (test_p7_ps_application_stage_safe.P7PsApplicationSafeStageTests.test_runtime_elapsed_writer_uses_direct_barriered_seqlock) ... ok
test_shutdown_command_matches_the_17_argument_jtag_tcl_contract (test_p7_ps_application_stage_safe.P7PsApplicationSafeStageTests.test_shutdown_command_matches_the_17_argument_jtag_tcl_contract) ... ok
test_shutdown_image_is_frozen_and_restorable_after_source_mutation (test_p7_ps_application_stage_safe.P7PsApplicationSafeStageTests.test_shutdown_image_is_frozen_and_restorable_after_source_mutation) ... ok
test_stationary_active_watchdog_kills_before_post_safe_reap_grace (test_p7_ps_application_stage_safe.P7PsApplicationSafeStageTests.test_stationary_active_watchdog_kills_before_post_safe_reap_grace) ... ok
test_stationary_final_trace_and_descriptor_reject_old_object_identity (test_p7_ps_application_stage_safe.P7PsApplicationSafeStageTests.test_stationary_final_trace_and_descriptor_reject_old_object_identity) ... ok
test_stationary_post_launch_read_exception_reaps_child (test_p7_ps_application_stage_safe.P7PsApplicationSafeStageTests.test_stationary_post_launch_read_exception_reaps_child) ... ok
test_stationary_sampling_and_requeue_cutoff_use_fresh_ps_ticks (test_p7_ps_application_stage_safe.P7PsApplicationSafeStageTests.test_stationary_sampling_and_requeue_cutoff_use_fresh_ps_ticks) ... ok
test_stationary_schedule_is_exact_and_leaves_idle_margin (test_p7_ps_application_stage_safe.P7PsApplicationSafeStageTests.test_stationary_schedule_is_exact_and_leaves_idle_margin) ... ok
test_stationary_terminal_bundles_drive_complete_metrics_and_count_fallback_events_once (test_p7_ps_application_stage_safe.P7PsApplicationSafeStageTests.test_stationary_terminal_bundles_drive_complete_metrics_and_count_fallback_events_once) ... ok
test_stationary_terminal_observation_switches_to_post_safe_reap_grace (test_p7_ps_application_stage_safe.P7PsApplicationSafeStageTests.test_stationary_terminal_observation_switches_to_post_safe_reap_grace) ... ok
test_wrapper_never_sets_external_authorization_and_keeps_runtime_cap (test_p7_ps_application_stage_safe.P7PsApplicationSafeStageTests.test_wrapper_never_sets_external_authorization_and_keeps_runtime_cap) ... ok
test_xsdb_child_targets_bind_to_the_proven_single_device_connection (test_p7_ps_application_stage_safe.P7PsApplicationSafeStageTests.test_xsdb_child_targets_bind_to_the_proven_single_device_connection) ... ok
test_xsdb_target_uniqueness_is_by_numeric_target_id_not_property_row_count (test_p7_ps_application_stage_safe.P7PsApplicationSafeStageTests.test_xsdb_target_uniqueness_is_by_numeric_target_id_not_property_row_count) ... ok
test_xsdb_tcl_failure_result_preserves_original_error_before_hardware (test_p7_ps_application_stage_safe.P7PsApplicationSafeStageTests.test_xsdb_tcl_failure_result_preserves_original_error_before_hardware) ... P7_PS_STAGE_RESULT=FAIL
P7_PS_STAGE_ERROR=P7 service runtime must be in 1..1800 seconds
ok
test_xsdb_tcl_is_guarded_and_treats_plan_as_data (test_p7_ps_application_stage_safe.P7PsApplicationSafeStageTests.test_xsdb_tcl_is_guarded_and_treats_plan_as_data) ... ok
test_xsdb_tcl_path_mapping_and_error_sanitizer_execute_in_tcl (test_p7_ps_application_stage_safe.P7PsApplicationSafeStageTests.test_xsdb_tcl_path_mapping_and_error_sanitizer_execute_in_tcl) ... ok
test_historical_authorization_proves_both_missing_contract_fields (test_p7_r34_failure_package.P7R34FailurePackageTests.test_historical_authorization_proves_both_missing_contract_fields) ... ok
test_ledger_is_contiguous_pass_1_to_61_then_fail_62 (test_p7_r34_failure_package.P7R34FailurePackageTests.test_ledger_is_contiguous_pass_1_to_61_then_fail_62) ... ok
test_portable_package_is_hash_exact (test_p7_r34_failure_package.P7R34FailurePackageTests.test_portable_package_is_hash_exact) ... ok
test_portable_tree_and_raw_hashes_reject_tampering (test_p7_r34_failure_package.P7R34FailurePackageTests.test_portable_tree_and_raw_hashes_reject_tampering) ... ok
test_stage62_failed_before_candidate_and_recovery_is_separate (test_p7_r34_failure_package.P7R34FailurePackageTests.test_stage62_failed_before_candidate_and_recovery_is_separate) ... ok
test_once_only_failure_is_hash_exact_and_non_hardware (test_p7_r35prep_precondition_failure.P7R35PrepPreconditionFailureTests.test_once_only_failure_is_hash_exact_and_non_hardware) ... ok
test_passed_suites_and_failed_gate_are_hash_exact (test_p7_r35validate_precondition.P7R35ValidatePreconditionTests.test_passed_suites_and_failed_gate_are_hash_exact) ... ok
test_historical_source_confirms_the_validation_reject_wipe_gap (test_p7_r39_failure_package.P7R39FailurePackageTests.test_historical_source_confirms_the_validation_reject_wipe_gap) ... ok
test_independent_recovery_is_separate_and_gate_failure_did_no_hardware (test_p7_r39_failure_package.P7R39FailurePackageTests.test_independent_recovery_is_separate_and_gate_failure_did_no_hardware) ... ok
test_ledger_has_exact_diagnostic_prefix_then_stage64_fail (test_p7_r39_failure_package.P7R39FailurePackageTests.test_ledger_has_exact_diagnostic_prefix_then_stage64_fail) ... ok
test_portable_package_and_primary_records_are_hash_exact (test_p7_r39_failure_package.P7R39FailurePackageTests.test_portable_package_and_primary_records_are_hash_exact) ... ok
test_portable_tree_and_direct_records_reject_tampering (test_p7_r39_failure_package.P7R39FailurePackageTests.test_portable_tree_and_direct_records_reject_tampering) ... ok
test_stage64_raw_pass_is_rejected_by_outer_atomic_wipe_check (test_p7_r39_failure_package.P7R39FailurePackageTests.test_stage64_raw_pass_is_rejected_by_outer_atomic_wipe_check) ... ok
test_summarizer_replay_fails_closed_without_claiming_an_exit_code (test_p7_r39_failure_package.P7R39FailurePackageTests.test_summarizer_replay_fails_closed_without_claiming_an_exit_code) ... ok
test_exact_stage_summaries_and_raw_results_are_losslessly_archived (test_p7_r40_diagnostic_pass_package.P7R40DiagnosticPassPackageTests.test_exact_stage_summaries_and_raw_results_are_losslessly_archived) ... ok
test_historical_inputs_and_immutable_artifacts_are_frozen (test_p7_r40_diagnostic_pass_package.P7R40DiagnosticPassPackageTests.test_historical_inputs_and_immutable_artifacts_are_frozen) ... ok
test_ledger_is_exact_completed_zero_coverage_diagnostic (test_p7_r40_diagnostic_pass_package.P7R40DiagnosticPassPackageTests.test_ledger_is_exact_completed_zero_coverage_diagnostic) ... ok
test_original_797mb_tree_has_complete_content_addressed_inventory (test_p7_r40_diagnostic_pass_package.P7R40DiagnosticPassPackageTests.test_original_797mb_tree_has_complete_content_addressed_inventory) ... ok
test_outer_exit_code_observation_is_not_fabricated (test_p7_r40_diagnostic_pass_package.P7R40DiagnosticPassPackageTests.test_outer_exit_code_observation_is_not_fabricated) ... ok
test_package_and_archives_reject_tampering (test_p7_r40_diagnostic_pass_package.P7R40DiagnosticPassPackageTests.test_package_and_archives_reject_tampering) ... ok
test_portable_package_and_payload_manifest_are_hash_exact (test_p7_r40_diagnostic_pass_package.P7R40DiagnosticPassPackageTests.test_portable_package_and_payload_manifest_are_hash_exact) ... ok
test_shutdown_and_support_records_are_directly_hash_exact (test_p7_r40_diagnostic_pass_package.P7R40DiagnosticPassPackageTests.test_shutdown_and_support_records_are_directly_hash_exact) ... ok
test_summarizer_replay_fails_closed_without_reclassifying_r40 (test_p7_r40_diagnostic_pass_package.P7R40DiagnosticPassPackageTests.test_summarizer_replay_fails_closed_without_reclassifying_r40) ... ok
test_all_stage_summaries_and_raw_results_are_exactly_archived (test_p7_r41_formal_failure_package.P7R41FormalFailurePackageTests.test_all_stage_summaries_and_raw_results_are_exactly_archived) ... ok
test_content_hashes_reject_ledger_raw_and_recovery_tampering (test_p7_r41_formal_failure_package.P7R41FormalFailurePackageTests.test_content_hashes_reject_ledger_raw_and_recovery_tampering) ... ok
test_historical_inputs_freeze_all_authorizations_and_runtime_artifacts (test_p7_r41_formal_failure_package.P7R41FormalFailurePackageTests.test_historical_inputs_freeze_all_authorizations_and_runtime_artifacts) ... ok
test_independent_recovery_pass_is_separate_from_stage66_fail (test_p7_r41_formal_failure_package.P7R41FormalFailurePackageTests.test_independent_recovery_pass_is_separate_from_stage66_fail) ... ok
test_ledger_freezes_stages_1_to_65_pass_and_stage66_fail (test_p7_r41_formal_failure_package.P7R41FormalFailurePackageTests.test_ledger_freezes_stages_1_to_65_pass_and_stage66_fail) ... ok
test_original_834mb_tree_has_complete_content_addressed_inventory (test_p7_r41_formal_failure_package.P7R41FormalFailurePackageTests.test_original_834mb_tree_has_complete_content_addressed_inventory) ... ok
test_portable_package_manifest_is_hash_exact (test_p7_r41_formal_failure_package.P7R41FormalFailurePackageTests.test_portable_package_manifest_is_hash_exact) ... ok
test_stage66_is_one_incomplete_stationary_attempt_with_safe_shutdown (test_p7_r41_formal_failure_package.P7R41FormalFailurePackageTests.test_stage66_is_one_incomplete_stationary_attempt_with_safe_shutdown) ... ok
test_unique_summarizer_replay_fails_formal_and_passes_shutdown (test_p7_r41_formal_failure_package.P7R41FormalFailurePackageTests.test_unique_summarizer_replay_fails_formal_and_passes_shutdown) ... ok
test_xsct_reproduction_confirms_the_host_tcl_root_cause_and_fix (test_p7_r41_formal_failure_package.P7R41FormalFailurePackageTests.test_xsct_reproduction_confirms_the_host_tcl_root_cause_and_fix) ... ok
test_checkpoint_accepts_exactly_once_complete_suites_and_rejects_log_tamper (test_p7_regression_dedup.P7RegressionDedupTests.test_checkpoint_accepts_exactly_once_complete_suites_and_rejects_log_tamper) ... ok
test_core_consumes_validated_p7_suite_without_invoking_tests (test_p7_regression_dedup.P7RegressionDedupTests.test_core_consumes_validated_p7_suite_without_invoking_tests) ... ok
test_core_failure_path_order_ignores_an_earlier_unrelated_wipe (test_p7_regression_dedup.P7RegressionDedupTests.test_core_failure_path_order_ignores_an_earlier_unrelated_wipe) ... ok
test_core_failure_path_order_requires_a_wipe_after_failed_label (test_p7_regression_dedup.P7RegressionDedupTests.test_core_failure_path_order_requires_a_wipe_after_failed_label) ... ok
test_complete_host_postprocess_accepts_valid_copy_and_wipe_evidence (test_p7_stage62_microtest.P7Stage62MicrotestTest.test_complete_host_postprocess_accepts_valid_copy_and_wipe_evidence) ... ok
test_control_is_run_bound_crc_protected_and_zero_coverage (test_p7_stage62_microtest.P7Stage62MicrotestTest.test_control_is_run_bound_crc_protected_and_zero_coverage) ... ok
test_digest_tamper_with_recomputed_record_crc_is_rejected (test_p7_stage62_microtest.P7Stage62MicrotestTest.test_digest_tamper_with_recomputed_record_crc_is_rejected) ... ok
test_firmware_initializes_copy_ok_terminal_metadata (test_p7_stage62_microtest.P7Stage62MicrotestTest.test_firmware_initializes_copy_ok_terminal_metadata) ... ok
test_fixture_matrix_is_nonzero_distinguishable_and_guarded (test_p7_stage62_microtest.P7Stage62MicrotestTest.test_fixture_matrix_is_nonzero_distinguishable_and_guarded) ... ok
test_snapshot_tamper_is_rejected (test_p7_stage62_microtest.P7Stage62MicrotestTest.test_snapshot_tamper_is_rejected) ... ok
test_tcl_microtest_branch_is_isolated_and_dumps_before_failure (test_p7_stage62_microtest.P7Stage62MicrotestTest.test_tcl_microtest_branch_is_isolated_and_dumps_before_failure) ... ok
test_valid_record_round_trip (test_p7_stage62_microtest.P7Stage62MicrotestTest.test_valid_record_round_trip) ... ok
test_wrapper_builds_exact_a_to_d_geometry_and_rejects_tamper (test_p7_stage62_microtest.P7Stage62MicrotestTest.test_wrapper_builds_exact_a_to_d_geometry_and_rejects_tamper) ... ok
test_startup_clears_and_flushes_complete_diagnostic_record (test_p7_stage62_startup_clear.P7Stage62StartupClearTest.test_startup_clears_and_flushes_complete_diagnostic_record) ... ok
test_campaign_ledger_tamper_and_unresolved_recovery_fail_closed (test_p7_stage66_campaign.P7Stage66CampaignTests.test_campaign_ledger_tamper_and_unresolved_recovery_fail_closed) ... ok
test_campaign_lock_is_exclusive_and_never_auto_recovers (test_p7_stage66_campaign.P7Stage66CampaignTests.test_campaign_lock_is_exclusive_and_never_auto_recovers) ... ok
test_campaign_matrix_is_exact_and_ordinary_diagnostics_still_exclude_stationary (test_p7_stage66_campaign.P7Stage66CampaignTests.test_campaign_matrix_is_exact_and_ordinary_diagnostics_still_exclude_stationary) ... ok
test_canonical_policy_binds_immutable_r41_fail_and_exact_exception (test_p7_stage66_campaign.P7Stage66CampaignTests.test_canonical_policy_binds_immutable_r41_fail_and_exact_exception) ... ok
test_child_wrapper_requires_the_one_active_campaign_attempt (test_p7_stage66_campaign.P7Stage66CampaignTests.test_child_wrapper_requires_the_one_active_campaign_attempt) ... ok
test_every_campaign_stage_authorization_is_zero_coverage_and_ledger_bound (test_p7_stage66_campaign.P7Stage66CampaignTests.test_every_campaign_stage_authorization_is_zero_coverage_and_ledger_bound) ... ok
test_executor_revalidates_policy_ledger_snapshot_and_next_run_identity (test_p7_stage66_campaign.P7Stage66CampaignTests.test_executor_revalidates_policy_ledger_snapshot_and_next_run_identity) ... ok
test_independent_recovery_record_requires_exact_shutdown_evidence (test_p7_stage66_campaign.P7Stage66CampaignTests.test_independent_recovery_record_requires_exact_shutdown_evidence) ... ok
test_jtag_prefix_preserves_campaign_zero_coverage_metadata (test_p7_stage66_campaign.P7Stage66CampaignTests.test_jtag_prefix_preserves_campaign_zero_coverage_metadata) ... ok
test_next_attempt_is_contiguous_unique_bounded_and_stops_after_pass (test_p7_stage66_campaign.P7Stage66CampaignTests.test_next_attempt_is_contiguous_unique_bounded_and_stops_after_pass) ... ok
test_prehardware_retirement_is_hash_bound_unique_and_consumes_zero_quota (test_p7_stage66_campaign.P7Stage66CampaignTests.test_prehardware_retirement_is_hash_bound_unique_and_consumes_zero_quota) ... ok
test_ps_child_summary_marks_campaign_as_diagnostic_zero_coverage (test_p7_stage66_campaign.P7Stage66CampaignTests.test_ps_child_summary_marks_campaign_as_diagnostic_zero_coverage) ... ok
test_r57_failure_package_and_tamper_boundary (test_p7_stage66_campaign.P7Stage66CampaignTests.test_r57_failure_package_and_tamper_boundary) ... ok
test_r58_prehardware_retirement_is_hash_bound_and_consumes_zero_attempts (test_p7_stage66_campaign.P7Stage66CampaignTests.test_r58_prehardware_retirement_is_hash_bound_and_consumes_zero_attempts) ... ok
test_r59_prehardware_retirement_preserves_zero_suite_and_attempt_counts (test_p7_stage66_campaign.P7Stage66CampaignTests.test_r59_prehardware_retirement_preserves_zero_suite_and_attempt_counts) ... ok
test_stage66_campaign_scope_reaches_the_xsdb_executor_exactly (test_p7_stage66_campaign.P7Stage66CampaignTests.test_stage66_campaign_scope_reaches_the_xsdb_executor_exactly) ... ok
test_ten_failures_are_a_hard_upper_bound_and_no_eleventh_suffix_is_valid (test_p7_stage66_campaign.P7Stage66CampaignTests.test_ten_failures_are_a_hard_upper_bound_and_no_eleventh_suffix_is_valid) ... ok
test_production_latency_summary_uses_wide_integer_comparator (test_p7_stationary_wide_latency.P7StationaryWideLatencyTests.test_production_latency_summary_uses_wide_integer_comparator) ... ok
test_production_tcl_sorts_and_summarizes_r41_wide_latencies (test_p7_stationary_wide_latency.P7StationaryWideLatencyTests.test_production_tcl_sorts_and_summarizes_r41_wide_latencies) ... ok
test_r41_latencies_are_above_xsct_signed_32_bit_limit (test_p7_stationary_wide_latency.P7StationaryWideLatencyTests.test_r41_latencies_are_above_xsct_signed_32_bit_limit) ... ok
test_complete_hash_profiles_accept_current_and_history_but_never_mix (test_p7_vivado_helper_identity.P7VivadoHelperIdentityTests.test_complete_hash_profiles_accept_current_and_history_but_never_mix) ... ok
test_current_live_identity_passes_exact_sha_path_version_and_signature (test_p7_vivado_helper_identity.P7VivadoHelperIdentityTests.test_current_live_identity_passes_exact_sha_path_version_and_signature) ... ok
test_jtag_wrapper_revalidates_shared_identity_inside_lock_before_vivado (test_p7_vivado_helper_identity.P7VivadoHelperIdentityTests.test_jtag_wrapper_revalidates_shared_identity_inside_lock_before_vivado) ... ok
test_manifest_probe_and_current_profile_are_exactly_source_bound (test_p7_vivado_helper_identity.P7VivadoHelperIdentityTests.test_manifest_probe_and_current_profile_are_exactly_source_bound) ... ok
test_unknown_or_tampered_hash_fails_before_metadata_probe (test_p7_vivado_helper_identity.P7VivadoHelperIdentityTests.test_unknown_or_tampered_hash_fails_before_metadata_probe) ... ok
test_version_signature_and_path_mismatches_fail_closed (test_p7_vivado_helper_identity.P7VivadoHelperIdentityTests.test_version_signature_and_path_mismatches_fail_closed) ... ok
test_windows_helper_paths_are_literal_absolute_and_not_shell_expressions (test_p7_vivado_helper_identity.P7VivadoHelperIdentityTests.test_windows_helper_paths_are_literal_absolute_and_not_shell_expressions) ... ok
test_build_preflight_rejects_commit_hash_and_destination_mismatches (test_prepare_p7_stage66_campaign_run.PrepareP7Stage66CampaignRunTests.test_build_preflight_rejects_commit_hash_and_destination_mismatches) ... ok
test_build_preflight_rejects_relative_source_root (test_prepare_p7_stage66_campaign_run.PrepareP7Stage66CampaignRunTests.test_build_preflight_rejects_relative_source_root) ... ok
test_build_tree_materialization_is_atomic_hash_exact_and_never_overwrites (test_prepare_p7_stage66_campaign_run.PrepareP7Stage66CampaignRunTests.test_build_tree_materialization_is_atomic_hash_exact_and_never_overwrites) ... ok
test_driver_source_has_no_campaign_or_hardware_lock_acquire (test_prepare_p7_stage66_campaign_run.PrepareP7Stage66CampaignRunTests.test_driver_source_has_no_campaign_or_hardware_lock_acquire) ... ok
test_exact_outer_argv_has_all_controls_once_and_no_shell (test_prepare_p7_stage66_campaign_run.PrepareP7Stage66CampaignRunTests.test_exact_outer_argv_has_all_controls_once_and_no_shell) ... ok
test_ledger_materialization_is_hash_exact_and_never_overwrites (test_prepare_p7_stage66_campaign_run.PrepareP7Stage66CampaignRunTests.test_ledger_materialization_is_hash_exact_and_never_overwrites) ... ok
test_only_exact_stage66_ephemeral_evidence_paths_are_ignored (test_prepare_p7_stage66_campaign_run.PrepareP7Stage66CampaignRunTests.test_only_exact_stage66_ephemeral_evidence_paths_are_ignored) ... ok
test_outer_helper_gate_precedes_execution_ledger_and_campaign_attempt (test_prepare_p7_stage66_campaign_run.PrepareP7Stage66CampaignRunTests.test_outer_helper_gate_precedes_execution_ledger_and_campaign_attempt) ... ok
test_placeholder_rehearsal_is_zero_auth_zero_attempt_and_regression_complete (test_prepare_p7_stage66_campaign_run.PrepareP7Stage66CampaignRunTests.test_placeholder_rehearsal_is_zero_auth_zero_attempt_and_regression_complete) ... ok
test_r54_r57_regression_mutations_are_rejected (test_prepare_p7_stage66_campaign_run.PrepareP7Stage66CampaignRunTests.test_r54_r57_regression_mutations_are_rejected) ... ok
test_run_id_collision_scan_covers_registered_worktree_evidence_names (test_prepare_p7_stage66_campaign_run.PrepareP7Stage66CampaignRunTests.test_run_id_collision_scan_covers_registered_worktree_evidence_names) ... ok
test_run_id_collision_scan_covers_unregistered_sibling_worktrees (test_prepare_p7_stage66_campaign_run.PrepareP7Stage66CampaignRunTests.test_run_id_collision_scan_covers_unregistered_sibling_worktrees) ... ok
test_tree_hash_matches_established_case_insensitive_windows_sort (test_prepare_p7_stage66_campaign_run.PrepareP7Stage66CampaignRunTests.test_tree_hash_matches_established_case_insensitive_windows_sort) ... ok
test_absolute_references_remap_only_across_equivalent_registered_worktrees (test_summarize_p7_hardware.SummarizeP7HardwareTests.test_absolute_references_remap_only_across_equivalent_registered_worktrees) ... ok
test_active_stage66_campaign_pass_is_zero_coverage_and_pending (test_summarize_p7_hardware.SummarizeP7HardwareTests.test_active_stage66_campaign_pass_is_zero_coverage_and_pending) ... ok
test_artifact_tamper_is_rejected (test_summarize_p7_hardware.SummarizeP7HardwareTests.test_artifact_tamper_is_rejected) ... ok
test_duplicate_markers_and_orphan_hardware_footprints_fail_closed (test_summarize_p7_hardware.SummarizeP7HardwareTests.test_duplicate_markers_and_orphan_hardware_footprints_fail_closed) ... ok
test_failed_stationary_launch_intent_must_still_be_final (test_summarize_p7_hardware.SummarizeP7HardwareTests.test_failed_stationary_launch_intent_must_still_be_final) ... ok
test_false_pass_without_hardware_actions_is_rejected (test_summarize_p7_hardware.SummarizeP7HardwareTests.test_false_pass_without_hardware_actions_is_rejected) ... ok
test_full_synthetic_hardware_evidence_passes (test_summarize_p7_hardware.SummarizeP7HardwareTests.test_full_synthetic_hardware_evidence_passes) ... ok
test_generic_shutdown_accepts_only_unique_fresh_authorized_provenance (test_summarize_p7_hardware.SummarizeP7HardwareTests.test_generic_shutdown_accepts_only_unique_fresh_authorized_provenance) ... ok
test_historical_epoch_tamper_and_nonancestor_fail_closed (test_summarize_p7_hardware.SummarizeP7HardwareTests.test_historical_epoch_tamper_and_nonancestor_fail_closed) ... ok
test_historical_hash_accepts_only_same_blob_checkout_materialization (test_summarize_p7_hardware.SummarizeP7HardwareTests.test_historical_hash_accepts_only_same_blob_checkout_materialization) ... ok
test_historical_stage66_campaign_pass_and_failure_remain_zero_coverage (test_summarize_p7_hardware.SummarizeP7HardwareTests.test_historical_stage66_campaign_pass_and_failure_remain_zero_coverage) ... ok
test_missing_hardware_stays_pending_and_writes_aliases (test_summarize_p7_hardware.SummarizeP7HardwareTests.test_missing_hardware_stays_pending_and_writes_aliases) ... ok
test_old_commit_read_only_preflight_is_a_hash_bound_zero_coverage_epoch (test_summarize_p7_hardware.SummarizeP7HardwareTests.test_old_commit_read_only_preflight_is_a_hash_bound_zero_coverage_epoch) ... ok
test_p6_jtag_candidate_binds_axi4_bursts_through_axi4lite_converter (test_summarize_p7_hardware.SummarizeP7HardwareTests.test_p6_jtag_candidate_binds_axi4_bursts_through_axi4lite_converter) ... ok
test_process_record_recomputes_daemon_topology_and_rejects_tampering (test_summarize_p7_hardware.SummarizeP7HardwareTests.test_process_record_recomputes_daemon_topology_and_rejects_tampering) ... ok
test_r2_historical_epoch_tamper_recovery_order_and_nonancestor_fail_closed (test_summarize_p7_hardware.SummarizeP7HardwareTests.test_r2_historical_epoch_tamper_recovery_order_and_nonancestor_fail_closed) ... ok
test_real_r1_through_r31_hardware_epochs_validate_and_failed_stage_tamper_fails_closed (test_summarize_p7_hardware.SummarizeP7HardwareTests.test_real_r1_through_r31_hardware_epochs_validate_and_failed_stage_tamper_fails_closed) ... ok
test_two_historical_preflight_epochs_are_ordered_and_never_cover_safe_idle (test_summarize_p7_hardware.SummarizeP7HardwareTests.test_two_historical_preflight_epochs_are_ordered_and_never_cover_safe_idle) ... ok

----------------------------------------------------------------------
Ran 268 tests in 418.260s

OK
