COMMAND=D:\Xilinx\Vivado\2023.1\bin\xvlog.bat --sv -i C:\Users\user\Documents\RF_COMM_MULTILANE_P10_3\rtl C:\Users\user\Documents\RF_COMM_MULTILANE_P10_3\rtl\ir_seq_math_pkg.sv C:\Users\user\Documents\RF_COMM_MULTILANE_P10_3\rtl\ir_ack_aggregator.sv C:\Users\user\Documents\RF_COMM_MULTILANE_P10_3\rtl\ir_health_weighted_scheduler.sv C:\Users\user\Documents\RF_COMM_MULTILANE_P10_3\rtl\ir_selective_repeat_tx.sv C:\Users\user\Documents\RF_COMM_MULTILANE_P10_3\rtl\ir_selective_repeat_rx.sv C:\Users\user\Documents\RF_COMM_MULTILANE_P10_3\rtl\ir_data_plane_top.sv C:\Users\user\Documents\RF_COMM_MULTILANE_P10_3\sim\tb\p8d_data_plane_integration_common.sv C:\Users\user\Documents\RF_COMM_MULTILANE_P10_3\sim\tb\tb_ir_data_plane_integration_2lane.sv
RETURN_CODE=0
STARTED_UTC=2026-08-05T00:49:26+00:00
FINISHED_UTC=2026-08-05T00:49:26+00:00
TIMED_OUT=0
STDOUT_BEGIN
INFO: [VRFC 10-2263] Analyzing SystemVerilog file "C:/Users/user/Documents/RF_COMM_MULTILANE_P10_3/rtl/ir_seq_math_pkg.sv" into library work
INFO: [VRFC 10-2263] Analyzing SystemVerilog file "C:/Users/user/Documents/RF_COMM_MULTILANE_P10_3/rtl/ir_ack_aggregator.sv" into library work
INFO: [VRFC 10-311] analyzing module ir_ack_aggregator
INFO: [VRFC 10-2263] Analyzing SystemVerilog file "C:/Users/user/Documents/RF_COMM_MULTILANE_P10_3/rtl/ir_health_weighted_scheduler.sv" into library work
INFO: [VRFC 10-311] analyzing module ir_health_weighted_scheduler
INFO: [VRFC 10-2263] Analyzing SystemVerilog file "C:/Users/user/Documents/RF_COMM_MULTILANE_P10_3/rtl/ir_selective_repeat_tx.sv" into library work
INFO: [VRFC 10-311] analyzing module ir_selective_repeat_tx
INFO: [VRFC 10-2263] Analyzing SystemVerilog file "C:/Users/user/Documents/RF_COMM_MULTILANE_P10_3/rtl/ir_selective_repeat_rx.sv" into library work
INFO: [VRFC 10-311] analyzing module ir_selective_repeat_rx
INFO: [VRFC 10-2263] Analyzing SystemVerilog file "C:/Users/user/Documents/RF_COMM_MULTILANE_P10_3/rtl/ir_data_plane_top.sv" into library work
INFO: [VRFC 10-311] analyzing module ir_data_plane_top
INFO: [VRFC 10-2263] Analyzing SystemVerilog file "C:/Users/user/Documents/RF_COMM_MULTILANE_P10_3/sim/tb/p8d_data_plane_integration_common.sv" into library work
INFO: [VRFC 10-311] analyzing module p8d_data_plane_integration_common
INFO: [VRFC 10-2263] Analyzing SystemVerilog file "C:/Users/user/Documents/RF_COMM_MULTILANE_P10_3/sim/tb/tb_ir_data_plane_integration_2lane.sv" into library work
INFO: [VRFC 10-311] analyzing module tb_ir_data_plane_integration_2lane
STDOUT_END
STDERR_BEGIN

STDERR_END
