P10_XSDB_DEBUG_DISCOVERY_ATTEMPTS=1
P10_XSDB_DEBUG_DISCOVERY_ELAPSED_MS=10
P10_XSDB_FIXED_TARGETS=APU:5,CPU0:6,FPGA:8
P10_XSDB_ROTATING_TARGETS=APU:1,CPU0:2,FPGA:4
P10_XSDB_IDENTITY=PASS
P10_XSDB_FIXED_SERIAL=210249855178
P10_XSDB_ROTATING_SERIAL=210512180081
P10_XSDB_STAGE=P10_3F-RAW_8X8
P10_XSDB_RUN_ID=p10_3f_full_20260805T015904Z_6f7063e9_1ff0885f_82ef5093
P10_XSDB_EXPECTED_BUILD_FIXED=0x50334646
P10_XSDB_EXPECTED_BUILD_ROTATING=0x50334652
P10_XSDB_DEBUG_DISCOVERY_ATTEMPTS=1
P10_XSDB_DEBUG_DISCOVERY_ELAPSED_MS=3
P10_XSDB_FIXED_TARGETS=APU:5,CPU0:6,FPGA:8
P10_XSDB_ROTATING_TARGETS=APU:1,CPU0:2,FPGA:4
P10_XSDB_DEBUG_DISCOVERY_ATTEMPTS=1
P10_XSDB_DEBUG_DISCOVERY_ELAPSED_MS=10
P10_XSDB_FIXED_TARGETS=APU:5,CPU0:6,FPGA:8
P10_XSDB_ROTATING_TARGETS=APU:1,CPU0:2,FPGA:4
P10_CANDIDATE_PROGRAMMED_FIXED=1
P10_PS7_INITIALIZED_FIXED=1
P10_CANDIDATE_PROGRAMMED_ROTATING=1
P10_PS7_INITIALIZED_ROTATING=1
P10_SAFE_STATE_FIXED_PREBOOT=id:0x5031305A,build:0x50334646,profile:0x702004F0,status:0x00000002,phy:0x00000000,physical_tx:0,0,0,0
P10_SAFE_STATE_ROTATING_PREBOOT=id:0x5031305A,build:0x50334652,profile:0x702004A0,status:0x00000002,phy:0x00000000,physical_tx:0,0,0,0
P10_PS_ELF_DOWNLOADED_FIXED=1
P10_PS_ELF_DOWNLOADED_ROTATING=1
P10_SERVICE_READY_FIXED=initial_boot
P10_SERVICE_READY_ROTATING=initial_boot
P10_INITIAL_READY_DUMP_FIXED=C:/Users/user/Documents/RF_COMM_MULTILANE_P10_3/evidence/hardware/p10_3f_full/p10_3f_full_20260805T015904Z_6f7063e9_1ff0885f_82ef5093/stages/raw_8x8/dumps/P10_3F-RAW_8X8_ready.fixed.bin
P10_INITIAL_READY_DUMP_ROTATING=C:/Users/user/Documents/RF_COMM_MULTILANE_P10_3/evidence/hardware/p10_3f_full/p10_3f_full_20260805T015904Z_6f7063e9_1ff0885f_82ef5093/stages/raw_8x8/dumps/P10_3F-RAW_8X8_ready.rotating.bin
P10_SAFE_STATE_FIXED_SAFE_BOOT=id:0x5031305A,build:0x50334646,profile:0x702004F0,status:0x00000002,phy:0x00000000,physical_tx:0,0,0,0
P10_SAFE_STATE_ROTATING_SAFE_BOOT=id:0x5031305A,build:0x50334652,profile:0x702004A0,status:0x00000002,phy:0x00000000,physical_tx:0,0,0,0
P10_SAFE_BOOT=PASS
P10_PAIRED_LAUNCH=matrix_F0_raw64:receiver=rotating,sender=fixed
P10_CASE_PASS=matrix_F0_raw64
P10_3F_SAFETY_GATE_PASS=matrix_F0_raw64
P10_PAIRED_LAUNCH=matrix_F0_raw1024:receiver=rotating,sender=fixed
P10_CASE_PASS=matrix_F0_raw1024
P10_3F_SAFETY_GATE_PASS=matrix_F0_raw1024
P10_3F_WINDOW_START_MATRIX_F0_FRAME10S=1785895673225
P10_PAIRED_LAUNCH=matrix_F0_frame10s_00000_1048576:receiver=rotating,sender=fixed
P10_CASE_PASS=matrix_F0_frame10s_00000_1048576
P10_3F_SAFETY_GATE_PASS=matrix_F0_frame10s_00000_1048576
P10_3F_WINDOW_PASS_MATRIX_F0_FRAME10S=cases:1,elapsed_ms:10015,active_ms:4332,max_aggregate_command_bytes:67108864,internal_object_bytes:262144
P10_PAIRED_LAUNCH=matrix_R0_raw64:receiver=fixed,sender=rotating
P10_CASE_PASS=matrix_R0_raw64
P10_3F_SAFETY_GATE_PASS=matrix_R0_raw64
P10_PAIRED_LAUNCH=matrix_R0_raw1024:receiver=fixed,sender=rotating
P10_CASE_PASS=matrix_R0_raw1024
P10_3F_SAFETY_GATE_PASS=matrix_R0_raw1024
P10_3F_WINDOW_START_MATRIX_R0_FRAME10S=1785895684369
P10_PAIRED_LAUNCH=matrix_R0_frame10s_00000_1048576:receiver=fixed,sender=rotating
P10_CASE_PASS=matrix_R0_frame10s_00000_1048576
P10_3F_SAFETY_GATE_PASS=matrix_R0_frame10s_00000_1048576
P10_3F_WINDOW_PASS_MATRIX_R0_FRAME10S=cases:1,elapsed_ms:10005,active_ms:4280,max_aggregate_command_bytes:67108864,internal_object_bytes:262144
P10_PAIRED_LAUNCH=matrix_F1_raw64:receiver=rotating,sender=fixed
P10_CASE_PASS=matrix_F1_raw64
P10_3F_SAFETY_GATE_PASS=matrix_F1_raw64
P10_PAIRED_LAUNCH=matrix_F1_raw1024:receiver=rotating,sender=fixed
P10_CASE_PASS=matrix_F1_raw1024
P10_3F_SAFETY_GATE_PASS=matrix_F1_raw1024
P10_3F_WINDOW_START_MATRIX_F1_FRAME10S=1785895695480
P10_PAIRED_LAUNCH=matrix_F1_frame10s_00000_1048576:receiver=rotating,sender=fixed
P10_CASE_PASS=matrix_F1_frame10s_00000_1048576
P10_3F_SAFETY_GATE_PASS=matrix_F1_frame10s_00000_1048576
P10_3F_WINDOW_PASS_MATRIX_F1_FRAME10S=cases:1,elapsed_ms:10012,active_ms:4270,max_aggregate_command_bytes:67108864,internal_object_bytes:262144
P10_PAIRED_LAUNCH=matrix_R1_raw64:receiver=fixed,sender=rotating
P10_CASE_PASS=matrix_R1_raw64
P10_3F_SAFETY_GATE_PASS=matrix_R1_raw64
P10_PAIRED_LAUNCH=matrix_R1_raw1024:receiver=fixed,sender=rotating
P10_CASE_PASS=matrix_R1_raw1024
P10_3F_SAFETY_GATE_PASS=matrix_R1_raw1024
P10_3F_WINDOW_START_MATRIX_R1_FRAME10S=1785895706596
P10_PAIRED_LAUNCH=matrix_R1_frame10s_00000_1048576:receiver=fixed,sender=rotating
P10_CASE_PASS=matrix_R1_frame10s_00000_1048576
P10_3F_SAFETY_GATE_PASS=matrix_R1_frame10s_00000_1048576
P10_3F_WINDOW_PASS_MATRIX_R1_FRAME10S=cases:1,elapsed_ms:10004,active_ms:4271,max_aggregate_command_bytes:67108864,internal_object_bytes:262144
P10_PAIRED_LAUNCH=matrix_F2_raw64:receiver=rotating,sender=fixed
P10_CASE_PASS=matrix_F2_raw64
P10_3F_SAFETY_GATE_PASS=matrix_F2_raw64
P10_PAIRED_LAUNCH=matrix_F2_raw1024:receiver=rotating,sender=fixed
P10_CASE_PASS=matrix_F2_raw1024
P10_3F_SAFETY_GATE_PASS=matrix_F2_raw1024
P10_3F_WINDOW_START_MATRIX_F2_FRAME10S=1785895717749
P10_PAIRED_LAUNCH=matrix_F2_frame10s_00000_1048576:receiver=rotating,sender=fixed
P10_CASE_PASS=matrix_F2_frame10s_00000_1048576
P10_3F_SAFETY_GATE_PASS=matrix_F2_frame10s_00000_1048576
P10_3F_WINDOW_PASS_MATRIX_F2_FRAME10S=cases:1,elapsed_ms:10006,active_ms:4281,max_aggregate_command_bytes:67108864,internal_object_bytes:262144
P10_PAIRED_LAUNCH=matrix_R2_raw64:receiver=fixed,sender=rotating
P10_CASE_PASS=matrix_R2_raw64
P10_3F_SAFETY_GATE_PASS=matrix_R2_raw64
P10_PAIRED_LAUNCH=matrix_R2_raw1024:receiver=fixed,sender=rotating
P10_CASE_PASS=matrix_R2_raw1024
P10_3F_SAFETY_GATE_PASS=matrix_R2_raw1024
P10_3F_WINDOW_START_MATRIX_R2_FRAME10S=1785895728944
P10_PAIRED_LAUNCH=matrix_R2_frame10s_00000_1048576:receiver=fixed,sender=rotating
P10_CASE_PASS=matrix_R2_frame10s_00000_1048576
P10_3F_SAFETY_GATE_PASS=matrix_R2_frame10s_00000_1048576
P10_3F_WINDOW_PASS_MATRIX_R2_FRAME10S=cases:1,elapsed_ms:10003,active_ms:4458,max_aggregate_command_bytes:67108864,internal_object_bytes:262144
P10_PAIRED_LAUNCH=matrix_F3_raw64:receiver=rotating,sender=fixed
P10_CASE_PASS=matrix_F3_raw64
P10_3F_SAFETY_GATE_PASS=matrix_F3_raw64
P10_PAIRED_LAUNCH=matrix_F3_raw1024:receiver=rotating,sender=fixed
P10_CASE_PASS=matrix_F3_raw1024
P10_3F_SAFETY_GATE_PASS=matrix_F3_raw1024
P10_3F_WINDOW_START_MATRIX_F3_FRAME10S=1785895740239
P10_PAIRED_LAUNCH=matrix_F3_frame10s_00000_1048576:receiver=rotating,sender=fixed
P10_CASE_PASS=matrix_F3_frame10s_00000_1048576
P10_3F_SAFETY_GATE_PASS=matrix_F3_frame10s_00000_1048576
P10_3F_WINDOW_PASS_MATRIX_F3_FRAME10S=cases:1,elapsed_ms:10011,active_ms:4253,max_aggregate_command_bytes:67108864,internal_object_bytes:262144
P10_PAIRED_LAUNCH=matrix_R3_raw64:receiver=fixed,sender=rotating
P10_CASE_PASS=matrix_R3_raw64
P10_3F_SAFETY_GATE_PASS=matrix_R3_raw64
P10_PAIRED_LAUNCH=matrix_R3_raw1024:receiver=fixed,sender=rotating
P10_CASE_PASS=matrix_R3_raw1024
P10_3F_SAFETY_GATE_PASS=matrix_R3_raw1024
P10_3F_WINDOW_START_MATRIX_R3_FRAME10S=1785895751412
P10_PAIRED_LAUNCH=matrix_R3_frame10s_00000_1048576:receiver=fixed,sender=rotating
P10_CASE_PASS=matrix_R3_frame10s_00000_1048576
P10_3F_SAFETY_GATE_PASS=matrix_R3_frame10s_00000_1048576
P10_3F_WINDOW_PASS_MATRIX_R3_FRAME10S=cases:1,elapsed_ms:10007,active_ms:4259,max_aggregate_command_bytes:67108864,internal_object_bytes:262144
P10_CASE_PASS=P10_3F-RAW_8X8_endpoint_shutdown
P10_ENDPOINT_SHUTDOWN_FIXED=PASS
P10_ENDPOINT_SHUTDOWN_ROTATING=PASS
P10_XSDB_STAGE_RESULT=PASS
