{
  "P7_PS_APPLICATION_SAFE_STAGE": "FAIL_STAGE",
  "generated_at_utc": "2026-07-12T11:29:16.913982+00:00",
  "mode": "functional",
  "stage_name": "p7_ps_functional",
  "requested_execute_hardware": true,
  "hardware_actions_executed": true,
  "programmed_fpga": true,
  "programmed_candidate": true,
  "started_ps_elf": true,
  "programmed_shutdown_before": true,
  "programmed_shutdown_after": true,
  "drove_tfdu_txd": true,
  "enabled_tfdu_receiver": true,
  "uart_access": false,
  "network_used": false,
  "ethernet_used": false,
  "motion_used": false,
  "HARDWARE_ACCEPTANCE": "PENDING_HW",
  "service_runtime_limit_sec": 900,
  "wrapper_wall_budget": {
    "model": "bounded_xsdb_process_timeout",
    "service_active_window_seconds": 900,
    "stationary_active_window_is_not_extended": false,
    "candidate_process_bound_seconds": 1020,
    "preflight_timeout_seconds": 60,
    "shutdown_timeout_seconds_each": 60,
    "vivado_process_count": 3,
    "vivado_success_containment_window_seconds_each": 30,
    "vivado_failure_containment_window_seconds_each": 40,
    "vivado_containment_allowance_seconds": 90,
    "xsdb_process_count": 1,
    "xsdb_empty_proof_allowance_seconds_each": 1,
    "xsdb_containment_allowance_seconds": 1,
    "max_forced_cleanup_events": 2,
    "forced_cleanup_wait_seconds_each": 10,
    "forced_cleanup_reserve_seconds": 20,
    "outer_orchestration_guard_seconds": 120,
    "minimum_outer_wrapper_timeout_seconds": 1431
  },
  "safety_validation": {
    "P7_HARDWARE_SAFETY": "PASS",
    "ready_for_hardware_preflight": true,
    "hardware_actions_executed": false,
    "programmed_fpga": false,
    "drove_tfdu_txd": false,
    "started_ps_elf": false,
    "authorization_environment_present": true,
    "authorization": {
      "exists": true,
      "path": "C:\\Users\\user\\Documents\\RF_COMM_MULTILANE\\.hardware_authorization\\p7_20260712_stationary_app_r27_diag_suffix62_062_p7_ps_functional.txt",
      "actual_sha256": "3422349405d9932afd98ef076ecba834bcb18d71ab58bf4c6019848c03de254b",
      "expected_sha256": "3422349405d9932afd98ef076ecba834bcb18d71ab58bf4c6019848c03de254b",
      "markers": [
        "P7_STATIONARY_APP_LAYER_APPROVED"
      ],
      "duplicate_keys": []
    },
    "authorization_fields": {
      "AUTHORIZED_STAGE": "P7_STATIONARY_LOCAL_APPLICATION_LAYER_NO_ETHERNET",
      "USER_HARDWARE_AUTHORIZATION_FOR_P7": "GRANTED",
      "BOARD_ID": "210512180081",
      "EXPECTED_PART": "xc7z010clg400-1",
      "EXPECTED_TARGET": "localhost:3121/xilinx_tcf/Digilent/210512180081",
      "SOURCE_COMMIT": "164cedde1e7d91a7eeb3787ec160525e3352da9f",
      "MAX_RUNTIME_SEC": "900",
      "SHUTDOWN_ON_EXIT": "required",
      "NO_ETHERNET": "true",
      "NO_MOTION": "true",
      "LANE_COUNT": "2",
      "MAX_LANE_MASK": "0x3",
      "P7_EXECUTION_MODE": "DIAGNOSTIC_ONLY",
      "P7_COVERAGE_CLAIMED": "false",
      "HARDWARE_ACCEPTANCE": "PENDING_HW",
      "P7_FULL_STAGE_ORDINAL": "62",
      "P7_PLAN_PATH": "C:\\Users\\user\\Documents\\RF_COMM_MULTILANE\\evidence\\hardware\\p7\\artifacts\\p7_plan_c6db9d8348c3bc518fa5985595adfcdada1a08f11c9246c6103ec378b43b58dd.md",
      "P7_PLAN_SHA256": "c6db9d8348c3bc518fa5985595adfcdada1a08f11c9246c6103ec378b43b58dd",
      "BITSTREAM_PATH": "C:\\Users\\user\\Documents\\RF_COMM_MULTILANE\\evidence\\hardware\\p6\\bitstreams\\p6_ps_dynamic_transport_34cdf1c1f7c36595760cc56ae6636209fa64f9b0eebad4d145a4ed5763f23249.bit",
      "BITSTREAM_SHA256": "34cdf1c1f7c36595760cc56ae6636209fa64f9b0eebad4d145a4ed5763f23249",
      "XSA_PATH": "C:\\Users\\user\\Documents\\RF_COMM_MULTILANE\\evidence\\hardware\\p6\\bitstreams\\p6_ps_dynamic_transport_b5d1174eb46d12eb395ceabbbea3c132c5771ca6777194138e68c2eacb2e4fc9.xsa",
      "XSA_SHA256": "b5d1174eb46d12eb395ceabbbea3c132c5771ca6777194138e68c2eacb2e4fc9",
      "ELF_PATH": "C:\\Users\\user\\Documents\\RF_COMM_MULTILANE\\evidence\\hardware\\p7\\artifacts\\p7_runtime_72c6d51db888f15e18fc8de459f41707e9c9601507bf42bfed6a07385b79523a.elf",
      "ELF_SHA256": "72c6d51db888f15e18fc8de459f41707e9c9601507bf42bfed6a07385b79523a",
      "PROFILE_PATH": "C:\\Users\\user\\Documents\\RF_COMM_MULTILANE\\profiles\\p7\\p7_ps_application_functional.json",
      "PROFILE_SHA256": "eb0192a27d115a5b70730746982e16b954ed754f8e1a57961091a31c4d6afcd0",
      "ACTIVE_XDC_PATH": "C:\\Users\\user\\Documents\\RF_COMM_MULTILANE\\constraints\\active\\PORT1.generated.xdc",
      "ACTIVE_XDC_SHA256": "cf23a0d34a2fa76521faf4c91f3858cff2117fa6020d302d1a6109f10254f990",
      "PINMAP_PATH": "C:\\Users\\user\\Documents\\RF_COMM_MULTILANE\\board_profiles\\ax7010_tfdu_j10_j11_pinmap.csv",
      "PINMAP_SHA256": "4c7d5f0836a2ab48df7672e00f99455e582fbf477b04ed2b3b44ef38506a8a6a",
      "REGISTER_MAP_PATH": "C:\\Users\\user\\Documents\\RF_COMM_MULTILANE\\config\\register_map\\ir_axi_regs.yaml",
      "REGISTER_MAP_SHA256": "d5b0bf1476d815a3ed69988c72097827356d4eade48813c8913fc1b2d448983d",
      "SHUTDOWN_BITSTREAM_PATH": "C:\\Users\\user\\Documents\\RF_COMM_MULTILANE\\shutdown_bitstream\\tfdu_shutdown_j10_j11.bit",
      "SHUTDOWN_BITSTREAM_SHA256": "bac60b58912f0acd771dc830a6761535ec8f6a92befb1ae4cb7d928745af5810",
      "PS7_INIT_PATH": "C:\\Users\\user\\Documents\\RF_COMM_MULTILANE\\build\\p7_ps_vitis_workspace\\p7_platform\\hw\\ps7_init.tcl",
      "PS7_INIT_SHA256": "84e478d79c0b7bfe6dfc45a5a99ab850c30c7db11d8fec1dae064133dd64b448",
      "P6_PS_BUILD_SUMMARY_PATH": "C:\\Users\\user\\Documents\\RF_COMM_MULTILANE\\evidence\\generated\\vivado\\p6_ps_candidate\\p6_ps_candidate_build_summary.json",
      "P6_PS_BUILD_SUMMARY_SHA256": "49dca997225eaf339681d7b83e9d3418a7c00c17736002174edc4f78fe086f72",
      "P7_PS_BUILD_SUMMARY_PATH": "C:\\Users\\user\\Documents\\RF_COMM_MULTILANE\\evidence\\generated\\vitis\\p7_ps_runtime\\p7_ps_runtime_build_summary.json",
      "P7_PS_BUILD_SUMMARY_SHA256": "ffe581f6955718225343af16d404728a9332acbf4ade29c71df6284496ac3a17",
      "P7_PS_CORE_READINESS_PATH": "C:\\Users\\user\\Documents\\RF_COMM_MULTILANE\\evidence\\generated\\p7_ps_core_hardware_readiness.json",
      "P7_PS_CORE_READINESS_SHA256": "91db849cdaeddfc7d9f6b8ee166edb854b633208d832fa1eebd55b7b974b968b",
      "ACTIVE_PROFILE_PATH": "C:\\Users\\user\\Documents\\RF_COMM_MULTILANE\\board_profiles\\ACTIVE_PROFILE.json",
      "ACTIVE_PROFILE_SHA256": "f6fb603f20dced9eaebb3aaaaa8f492931a28cb6466c7511f797341bf41b1b9b",
      "P7_LANE1_PROMOTION_SUMMARY_PATH": "C:\\Users\\user\\Documents\\RF_COMM_MULTILANE\\evidence\\generated\\p7_lane1_promotion_summary.json",
      "P7_LANE1_PROMOTION_SUMMARY_SHA256": "445cbfcc3c01f12122ca19c50ab0c628d1127effe661ffcf592ba6a6cf51b5c9",
      "P7_INPUT_PATH": "C:\\Users\\user\\Documents\\RF_COMM_MULTILANE\\build\\p7_authorized_sequence\\p7_20260712_stationary_app_r27_diag_suffix62\\inputs\\p7_ps_seed_247.bin",
      "P7_INPUT_SHA256": "49b1170cf0b069be048c0a2674829870fcb89eebe0618ef45a0b01d3da533093",
      "P7_PS_MODE": "functional",
      "P7_PS_CORE_READINESS": "PASS",
      "P7_FROZEN_SHUTDOWN_PATH": "C:\\Users\\user\\Documents\\RF_COMM_MULTILANE\\evidence\\hardware\\p7\\shutdown\\p7_frozen_shutdown_bac60b58912f0acd771dc830a6761535ec8f6a92befb1ae4cb7d928745af5810.bit",
      "P7_FROZEN_SHUTDOWN_SHA256": "bac60b58912f0acd771dc830a6761535ec8f6a92befb1ae4cb7d928745af5810",
      "P7_COUNTS_PER_SECOND": "333333343"
    },
    "source_commit_requested": "164cedde1e7d91a7eeb3787ec160525e3352da9f",
    "source_commit_current": "164cedde1e7d91a7eeb3787ec160525e3352da9f",
    "dirty_files": [
      " M evidence/generated/p7_2lane_scope_summary.md",
      " M evidence/generated/p7_application_protocol_summary.md",
      " M evidence/generated/p7_artifact_provenance_summary.json",
      " M evidence/generated/p7_artifact_provenance_summary.md",
      " M evidence/generated/p7_backend_conformance_summary.md",
      " M evidence/generated/p7_fault_recovery_summary.md",
      " M evidence/generated/p7_file_integrity_summary.md",
      " M evidence/generated/p7_fragmentation_reassembly_summary.md",
      " M evidence/generated/p7_lane1_promotion_summary.json",
      " M evidence/generated/p7_lane_scheduler_summary.md",
      " M evidence/generated/p7_no_ethernet_summary.md",
      " M evidence/generated/p7_no_motion_summary.md",
      " M evidence/generated/p7_offline_gate_summary.json",
      " M evidence/generated/p7_offline_gate_summary.md",
      " M evidence/generated/p7_offline_test_run.json",
      " M evidence/generated/p7_protocol_vector_summary.md",
      " M evidence/generated/p7_ps_core_hardware_readiness.json",
      " M evidence/generated/p7_ps_runtime_build_summary.json",
      " M evidence/generated/p7_ps_runtime_summary.md",
      " M evidence/generated/p7_queue_backpressure_summary.md",
      " M evidence/generated/p7_repo_intake.md",
      " M evidence/generated/p7_repo_intake_summary.json",
      " M evidence/generated/p7_repo_intake_summary.md",
      " M evidence/generated/p7_segmentation_reassembly_summary.md",
      " M evidence/generated/vitis/p7_ps_runtime/p7_ps_runtime_build_summary.json",
      "?? evidence/hardware/p7/authorized_sequence/p7_20260712_stationary_app_r27_diag_suffix62/"
    ],
    "max_runtime_sec": 900,
    "lane_count": 2,
    "max_lane_mask": "0x3",
    "no_ethernet": true,
    "no_motion": true,
    "shutdown_on_exit": true,
    "abort_file": "C:\\Users\\user\\Documents\\RF_COMM_MULTILANE\\.hardware_authorization\\ABORT_NOW.txt",
    "abort_file_present": false,
    "hw_server_url": "localhost:3121",
    "preflight_tcl": "C:\\Users\\user\\Documents\\RF_COMM_MULTILANE\\scripts\\hw\\p7_hw_preflight.tcl",
    "preflight_tcl_sha256": "95bfbdf7e6c429e6637c1b4224a9dcecaa1fd756a1f665b21a797d54afbfc464",
    "artifacts": {
      "plan": {
        "path": "C:\\Users\\user\\Documents\\RF_COMM_MULTILANE\\evidence\\hardware\\p7\\artifacts\\p7_plan_c6db9d8348c3bc518fa5985595adfcdada1a08f11c9246c6103ec378b43b58dd.md",
        "expected_sha256": "c6db9d8348c3bc518fa5985595adfcdada1a08f11c9246c6103ec378b43b58dd",
        "exists": true,
        "actual_sha256": "c6db9d8348c3bc518fa5985595adfcdada1a08f11c9246c6103ec378b43b58dd"
      },
      "bitstream": {
        "path": "C:\\Users\\user\\Documents\\RF_COMM_MULTILANE\\evidence\\hardware\\p6\\bitstreams\\p6_ps_dynamic_transport_34cdf1c1f7c36595760cc56ae6636209fa64f9b0eebad4d145a4ed5763f23249.bit",
        "expected_sha256": "34cdf1c1f7c36595760cc56ae6636209fa64f9b0eebad4d145a4ed5763f23249",
        "exists": true,
        "actual_sha256": "34cdf1c1f7c36595760cc56ae6636209fa64f9b0eebad4d145a4ed5763f23249"
      },
      "xsa": {
        "path": "C:\\Users\\user\\Documents\\RF_COMM_MULTILANE\\evidence\\hardware\\p6\\bitstreams\\p6_ps_dynamic_transport_b5d1174eb46d12eb395ceabbbea3c132c5771ca6777194138e68c2eacb2e4fc9.xsa",
        "expected_sha256": "b5d1174eb46d12eb395ceabbbea3c132c5771ca6777194138e68c2eacb2e4fc9",
        "exists": true,
        "actual_sha256": "b5d1174eb46d12eb395ceabbbea3c132c5771ca6777194138e68c2eacb2e4fc9"
      },
      "elf": {
        "path": "C:\\Users\\user\\Documents\\RF_COMM_MULTILANE\\evidence\\hardware\\p7\\artifacts\\p7_runtime_72c6d51db888f15e18fc8de459f41707e9c9601507bf42bfed6a07385b79523a.elf",
        "expected_sha256": "72c6d51db888f15e18fc8de459f41707e9c9601507bf42bfed6a07385b79523a",
        "exists": true,
        "actual_sha256": "72c6d51db888f15e18fc8de459f41707e9c9601507bf42bfed6a07385b79523a"
      },
      "profile": {
        "path": "C:\\Users\\user\\Documents\\RF_COMM_MULTILANE\\profiles\\p7\\p7_ps_application_functional.json",
        "expected_sha256": "eb0192a27d115a5b70730746982e16b954ed754f8e1a57961091a31c4d6afcd0",
        "exists": true,
        "actual_sha256": "eb0192a27d115a5b70730746982e16b954ed754f8e1a57961091a31c4d6afcd0"
      },
      "active_xdc": {
        "path": "C:\\Users\\user\\Documents\\RF_COMM_MULTILANE\\constraints\\active\\PORT1.generated.xdc",
        "expected_sha256": "cf23a0d34a2fa76521faf4c91f3858cff2117fa6020d302d1a6109f10254f990",
        "exists": true,
        "actual_sha256": "cf23a0d34a2fa76521faf4c91f3858cff2117fa6020d302d1a6109f10254f990"
      },
      "pinmap": {
        "path": "C:\\Users\\user\\Documents\\RF_COMM_MULTILANE\\board_profiles\\ax7010_tfdu_j10_j11_pinmap.csv",
        "expected_sha256": "4c7d5f0836a2ab48df7672e00f99455e582fbf477b04ed2b3b44ef38506a8a6a",
        "exists": true,
        "actual_sha256": "4c7d5f0836a2ab48df7672e00f99455e582fbf477b04ed2b3b44ef38506a8a6a"
      },
      "register_map": {
        "path": "C:\\Users\\user\\Documents\\RF_COMM_MULTILANE\\config\\register_map\\ir_axi_regs.yaml",
        "expected_sha256": "d5b0bf1476d815a3ed69988c72097827356d4eade48813c8913fc1b2d448983d",
        "exists": true,
        "actual_sha256": "d5b0bf1476d815a3ed69988c72097827356d4eade48813c8913fc1b2d448983d"
      },
      "shutdown_bitstream": {
        "path": "C:\\Users\\user\\Documents\\RF_COMM_MULTILANE\\shutdown_bitstream\\tfdu_shutdown_j10_j11.bit",
        "expected_sha256": "bac60b58912f0acd771dc830a6761535ec8f6a92befb1ae4cb7d928745af5810",
        "exists": true,
        "actual_sha256": "bac60b58912f0acd771dc830a6761535ec8f6a92befb1ae4cb7d928745af5810"
      }
    },
    "errors": [],
    "warnings": [
      "workspace has uncommitted changes; frozen artifact hashes remain authoritative"
    ]
  },
  "stage_validation_errors": [],
  "core_hardware_readiness": {
    "path": "C:\\Users\\user\\Documents\\RF_COMM_MULTILANE\\evidence\\generated\\p7_ps_core_hardware_readiness.json",
    "expected_sha256": "91db849cdaeddfc7d9f6b8ee166edb854b633208d832fa1eebd55b7b974b968b",
    "actual_sha256": "91db849cdaeddfc7d9f6b8ee166edb854b633208d832fa1eebd55b7b974b968b",
    "status": "PASS",
    "errors": [],
    "attestation": {
      "schema": "rf-comm-p7-ps-core-hardware-readiness-v1",
      "P7_PS_CORE_HARDWARE_READINESS": "PASS",
      "generated_at_utc": "2026-07-12T11:14:17+00:00",
      "hardware_actions_executed": false,
      "HARDWARE_ACCEPTANCE": "PENDING_HW",
      "checks": {
        "host_command_cache_disabled_or_isolated": true,
        "deadline_frozen_in_private_context": true,
        "active_transfer_obeys_absolute_deadline": true,
        "stop_abort_shutdown_observed_during_active_object": true,
        "shutdown_readback_verified": true,
        "failure_cleanup_shutdown_first": true,
        "failure_wipe_uses_private_validated_range": true,
        "integrity_crc_sha_immutable_chunk_snapshot": true,
        "descriptor_ready_published_last": true,
        "terminal_descriptor_stable_snapshot": true,
        "phy_reenabled_and_startup_ready_waited": true,
        "runtime_terminal_after_exact_deadline": true,
        "runtime_elapsed_seqlock_and_monotonic_reader": true,
        "runtime_elapsed_causal_request_release": true,
        "object_latency_start_precedes_input_integrity": true,
        "firmware_stationary_admission_cutoff": true,
        "contained_child_tree_reaped_before_shutdown": true,
        "strict_ring_host_publication_supported": true,
        "stationary_identity_ledger_bound": true,
        "native_shutdown_readback_test": true,
        "p7_python_and_codec_tests": true,
        "real_vitis_build_source_bound": true
      },
      "sources": {
        "software/ps_driver/p7_app_service.h": "95cf7c82b6ddb701b9ea64a4a25a7c9308ba7f13e674f80a0e38fec5b7fbb166",
        "software/ps_driver/p7_admission_contract.h": "12f38347e8cb15857342d9c70a61a6e92a1eeddb40224637a0280c5400ce5d41",
        "software/ps_driver/p7_app_service.c": "4299ee0d29e3cc29944980bac8fefadc2c6d055bcbf449f0db3f86a8a2ac0762",
        "software/ps_driver/p7_runtime_main.c": "cd5d98832dfd7bbe76a5ed90d70fba29008f1359710625dbe293e3eca0d5f6c9",
        "software/ps_driver/ir_driver.h": "09f0329fbec7d79429e4a4e3894526244dd74439540650692a28fd2867d29d07",
        "software/ps_driver/ir_driver.c": "0aaaf6234bf17d00ecac436b79cd43cc8690880f7e807e7cc92ce1b0f5fcd614",
        "tools/p7_ps_mailbox_backend.py": "8b3a6295f876c05789c96ac47fbff34c795557d2eaa9f7a5f84c90752ed2fbc5",
        "scripts/hw/run_p7_ps_application_stage_safe.py": "40e62730131165505516d97fe1f29056d096f44f6d24a18bb816acc575eed5e9",
        "scripts/hw/p7_ps_application_execute.tcl": "cc511b22a9e74f4a86cb6477277ca3cb4e336d16a6814c1dd43544f0850721f8",
        "scripts/hw/run_p7_jtag_axi_stage_safe.py": "8472cda8e66dc14ef856f7541139bb63400b7aebe9d19d30d37dd00260447dd2",
        "tools/p7_contained_launcher.py": "fe7ab681732b2ce2cb30c9233a1f58e3235d5f7b0da570a924af4a89f2fc7ca1"
      },
      "native_shutdown_test": {
        "compiler": "D:\\Xilinx\\Vitis_HLS\\2023.1\\tps\\mingw\\8.3.0\\win64.o\\nt\\bin\\gcc.exe",
        "compile_returncode": 0,
        "compile_stdout": "",
        "compile_stderr": "",
        "returncode": 0,
        "stdout": "",
        "stderr": ""
      },
      "native_stationary_admission_test": {
        "compiler": "D:\\Xilinx\\Vitis_HLS\\2023.1\\tps\\mingw\\8.3.0\\win64.o\\nt\\bin\\gcc.exe",
        "compile_returncode": 0,
        "compile_stdout": "",
        "compile_stderr": "",
        "returncode": 0,
        "stdout": "",
        "stderr": ""
      },
      "unit_tests": {
        "command": "C:\\Users\\user\\AppData\\Local\\Programs\\Python\\Python314\\python.exe -B -m unittest discover -s tests/p7 -p test*.py -v",
        "returncode": 0,
        "stdout": "",
        "stderr": "test_completed_object_replay_same_is_idempotent (test_p7_application.ProtocolTests.test_completed_object_replay_same_is_idempotent) ... ok\ntest_duplicate_different_rejected (test_p7_application.ProtocolTests.test_duplicate_different_rejected) ... ok\ntest_duplicate_same_is_idempotent (test_p7_application.ProtocolTests.test_duplicate_same_is_idempotent) ... ok\ntest_empty_object_is_header_only (test_p7_application.ProtocolTests.test_empty_object_is_header_only) ... ok\ntest_invalid_header_fields (test_p7_application.ProtocolTests.test_invalid_header_fields) ... ok\ntest_missing_fragment_never_complete (test_p7_application.ProtocolTests.test_missing_fragment_never_complete) ... ok\ntest_object_crc_failure (test_p7_application.ProtocolTests.test_object_crc_failure) ... ok\ntest_out_of_order_rejected (test_p7_application.ProtocolTests.test_out_of_order_rejected) ... ok\ntest_pattern_matrix (test_p7_application.ProtocolTests.test_pattern_matrix) ... ok\ntest_size_matrix (test_p7_application.ProtocolTests.test_size_matrix) ... ok\ntest_stale_session_rejected (test_p7_application.ProtocolTests.test_stale_session_rejected) ... ok\ntest_completed_descriptor_integrity (test_p7_application.PsMailboxCodecTests.test_completed_descriptor_integrity) ... ok\ntest_completed_descriptor_rejects_safety_and_lane_mismatch (test_p7_application.PsMailboxCodecTests.test_completed_descriptor_rejects_safety_and_lane_mismatch) ... ok\ntest_completed_descriptor_rejects_stale_identity_and_sequence (test_p7_application.PsMailboxCodecTests.test_completed_descriptor_rejects_stale_identity_and_sequence) ... ok\ntest_descriptor_ready_is_a_separate_last_publication (test_p7_application.PsMailboxCodecTests.test_descriptor_ready_is_a_separate_last_publication) ... ok\ntest_descriptor_roundtrip (test_p7_application.PsMailboxCodecTests.test_descriptor_roundtrip) ... ok\ntest_invalid_ps_ranges_rejected (test_p7_application.PsMailboxCodecTests.test_invalid_ps_ranges_rejected) ... ok\ntest_mailbox_codec (test_p7_application.PsMailboxCodecTests.test_mailbox_codec) ... ok\ntest_mailbox_runtime_bounds (test_p7_application.PsMailboxCodecTests.test_mailbox_runtime_bounds) ... ok\ntest_runtime_elapsed_seqlock_rejects_rollover_tears_and_regression (test_p7_application.PsMailboxCodecTests.test_runtime_elapsed_seqlock_rejects_rollover_tears_and_regression) ... ok\ntest_terminal_snapshot_rejects_torn_reads (test_p7_application.PsMailboxCodecTests.test_terminal_snapshot_rejects_torn_reads) ... ok\ntest_trace_geometry_overlap_and_end_boundary (test_p7_application.PsMailboxCodecTests.test_trace_geometry_overlap_and_end_boundary) ... ok\ntest_uint32_identity_boundaries (test_p7_application.PsMailboxCodecTests.test_uint32_identity_boundaries) ... ok\ntest_abort_and_restart_new_epoch (test_p7_application.TransportTests.test_abort_and_restart_new_epoch) ... ok\ntest_atomic_file_commit (test_p7_application.TransportTests.test_atomic_file_commit) ... ok\ntest_backend_conformance (test_p7_application.TransportTests.test_backend_conformance) ... ok\ntest_both_lanes_unavailable_bounded_failure (test_p7_application.TransportTests.test_both_lanes_unavailable_bounded_failure) ... ok\ntest_lane_fallback (test_p7_application.TransportTests.test_lane_fallback) ... ok\ntest_queue_backpressure_and_order (test_p7_application.TransportTests.test_queue_backpressure_and_order) ... ok\ntest_replication_semantics (test_p7_application.TransportTests.test_replication_semantics) ... ok\ntest_tcp_stub_cannot_open (test_p7_application.TransportTests.test_tcp_stub_cannot_open) ... ok\ntest_embedded_self_test (test_p7_jtag_backend.P7JtagBackendTests.test_embedded_self_test) ... ok\ntest_error_counter_and_rx_corruption_are_rejected (test_p7_jtag_backend.P7JtagBackendTests.test_error_counter_and_rx_corruption_are_rejected) ... ok\ntest_large_object_operation_formula_and_limits (test_p7_jtag_backend.P7JtagBackendTests.test_large_object_operation_formula_and_limits) ... ok\ntest_memory_mock_roundtrip_sizes_and_lane_policies (test_p7_jtag_backend.P7JtagBackendTests.test_memory_mock_roundtrip_sizes_and_lane_policies) ... ok\ntest_missing_and_duplicate_raw_keys_are_rejected_atomically (test_p7_jtag_backend.P7JtagBackendTests.test_missing_and_duplicate_raw_keys_are_rejected_atomically) ... ok\ntest_real_r5_clear_scoped_raw_pulse_evidence_parses (test_p7_jtag_backend.P7JtagBackendTests.test_real_r5_clear_scoped_raw_pulse_evidence_parses) ... ok\ntest_real_r8_retry_evidence_parses (test_p7_jtag_backend.P7JtagBackendTests.test_real_r8_retry_evidence_parses) ... ok\ntest_retry_delta_allows_duplicate_valid_frames_and_is_bounded (test_p7_jtag_backend.P7JtagBackendTests.test_retry_delta_allows_duplicate_valid_frames_and_is_bounded) ... ok\n\n----------------------------------------------------------------------\nRan 39 tests in 1.264s\n\nOK\n"
      },
      "build_summary": "evidence/generated/vitis/p7_ps_runtime/p7_ps_runtime_build_summary.json"
    },
    "source_fingerprint": "c2a263d104edabae63bb3ac79be38dbf582780a9dab13bd09fec11e965593ad1"
  },
  "raw_exit_policy": "every_process_must_return_exactly_zero_and_match_fresh_markers",
  "output_atomicity": "temp_fsync_replace_for_host_outputs_and_partial_rename_for_XSDB_dumps",
  "evidence_dir": "C:\\Users\\user\\Documents\\RF_COMM_MULTILANE\\evidence\\hardware\\p7\\authorized_sequence\\p7_20260712_stationary_app_r27_diag_suffix62\\062_p7_ps_functional",
  "bundle_manifest": {
    "path": "C:\\Users\\user\\Documents\\RF_COMM_MULTILANE\\evidence\\hardware\\p7\\authorized_sequence\\p7_20260712_stationary_app_r27_diag_suffix62\\062_p7_ps_functional\\bundle\\bundle_manifest.json",
    "size_bytes": 109313,
    "sha256": "1e876bb61ec2583ffd0678e2c0ace5b8614882346c218e0bffaf89689a4aa01b"
  },
  "execution_plan": {
    "path": "C:\\Users\\user\\Documents\\RF_COMM_MULTILANE\\evidence\\hardware\\p7\\authorized_sequence\\p7_20260712_stationary_app_r27_diag_suffix62\\062_p7_ps_functional\\bundle\\execution_plan.txt",
    "size_bytes": 4438,
    "sha256": "2cac968ba397a3ccfe5ad2cd67491fd42f31b10957f4fc27c27e859df8dc8a8e"
  },
  "scheduling_cutoff_sec": 840,
  "frozen_shutdown": {
    "path": "C:\\Users\\user\\Documents\\RF_COMM_MULTILANE\\evidence\\hardware\\p7\\shutdown\\p7_frozen_shutdown_bac60b58912f0acd771dc830a6761535ec8f6a92befb1ae4cb7d928745af5810.bit",
    "size_bytes": 2083853,
    "sha256": "bac60b58912f0acd771dc830a6761535ec8f6a92befb1ae4cb7d928745af5810"
  },
  "bundle_pre_run_file_count": 238,
  "hardware_execution_lock": {
    "path": "C:\\Users\\user\\Documents\\RF_COMM_MULTILANE\\.hardware_authorization\\P7_HARDWARE_EXECUTION.lock",
    "token_sha256": "899637a0a27896141c1220c51f48e12b66ef92094e2081d8da8a3590f0175f6c",
    "owner": {
      "schema": "rf-comm-p7-hardware-execution-lock-v1",
      "pid": 1380,
      "wrapper": "run_p7_ps_application_stage_safe.py",
      "mode": "functional",
      "stage_name": "p7_ps_functional",
      "acquired_at_utc": "2026-07-12T11:29:18.790666+00:00",
      "evidence_dir": "C:\\Users\\user\\Documents\\RF_COMM_MULTILANE\\evidence\\hardware\\p7\\authorized_sequence\\p7_20260712_stationary_app_r27_diag_suffix62\\062_p7_ps_functional"
    },
    "acquired": true,
    "stale_lock_auto_recovery": false
  },
  "preflight": {
    "name": "preflight",
    "returncode": 0,
    "stdout_path": "C:\\Users\\user\\Documents\\RF_COMM_MULTILANE\\evidence\\hardware\\p7\\authorized_sequence\\p7_20260712_stationary_app_r27_diag_suffix62\\062_p7_ps_functional\\preflight.stdout.log",
    "stderr_path": "C:\\Users\\user\\Documents\\RF_COMM_MULTILANE\\evidence\\hardware\\p7\\authorized_sequence\\p7_20260712_stationary_app_r27_diag_suffix62\\062_p7_ps_functional\\preflight.stderr.log",
    "elapsed_seconds": 31.087975,
    "argv": [
      "D:\\Xilinx\\Vivado\\2023.1\\bin\\vivado.bat",
      "-mode",
      "batch",
      "-source",
      "C:\\Users\\user\\Documents\\RF_COMM_MULTILANE\\scripts\\hw\\p7_hw_preflight.tcl",
      "-tclargs",
      "C:\\Users\\user\\Documents\\RF_COMM_MULTILANE",
      "C:\\Users\\user\\Documents\\RF_COMM_MULTILANE\\.hardware_authorization\\p7_20260712_stationary_app_r27_diag_suffix62_062_p7_ps_functional.txt",
      "210512180081",
      "xc7z010clg400-1",
      "localhost:3121/xilinx_tcf/Digilent/210512180081",
      "localhost:3121",
      "C:\\Users\\user\\Documents\\RF_COMM_MULTILANE\\evidence\\hardware\\p7\\authorized_sequence\\p7_20260712_stationary_app_r27_diag_suffix62\\062_p7_ps_functional\\p7_hw_preflight_result.txt.partial"
    ],
    "started_at_utc": "2026-07-12T11:29:18.796294+00:00",
    "ended_at_utc": "2026-07-12T11:29:49.884707+00:00",
    "timed_out": false,
    "abort_seen": false,
    "interrupted": false,
    "process_tree_terminated": false,
    "process_tree_reaped": true,
    "containment_kind": "WINDOWS_JOB_OBJECT_KILL_ON_CLOSE",
    "containment_assigned": true,
    "containment_closed": true,
    "descendant_count_after": 0,
    "expected_tool_daemon_grace_used": true,
    "expected_tool_daemon_grace_seconds": 30.0,
    "expected_tool_daemon_paths": [
      "D:\\Xilinx\\Vivado\\2023.1\\bin\\unwrapped\\win64.o\\cs_server.exe",
      "D:\\Xilinx\\Vivado\\2023.1\\bin\\unwrapped\\win64.o\\rdi_xsdb.exe",
      "C:\\Windows\\System32\\cmd.exe",
      "C:\\Windows\\System32\\conhost.exe"
    ],
    "descendant_paths_seen": [
      "C:\\Windows\\System32\\cmd.exe",
      "C:\\Windows\\System32\\conhost.exe",
      "D:\\Xilinx\\Vivado\\2023.1\\bin\\unwrapped\\win64.o\\rdi_xsdb.exe",
      "D:\\Xilinx\\Vivado\\2023.1\\bin\\unwrapped\\win64.o\\cs_server.exe",
      "D:\\Xilinx\\Vivado\\2023.1\\bin\\unwrapped\\win64.o\\cs_server.exe",
      "C:\\Windows\\System32\\conhost.exe"
    ],
    "descendant_processes_seen": [
      {
        "pid": 9492,
        "parent_pid": 30940,
        "parent_active_globally": false,
        "image_path": "C:\\Windows\\System32\\cmd.exe",
        "creation_time_100ns": 134283293677885763
      },
      {
        "pid": 17332,
        "parent_pid": 26132,
        "parent_active_globally": false,
        "image_path": "C:\\Windows\\System32\\conhost.exe",
        "creation_time_100ns": 134283293665933677
      },
      {
        "pid": 29036,
        "parent_pid": 9492,
        "parent_active_globally": true,
        "image_path": "D:\\Xilinx\\Vivado\\2023.1\\bin\\unwrapped\\win64.o\\rdi_xsdb.exe",
        "creation_time_100ns": 134283293680906553
      },
      {
        "pid": 39420,
        "parent_pid": 47136,
        "parent_active_globally": true,
        "image_path": "D:\\Xilinx\\Vivado\\2023.1\\bin\\unwrapped\\win64.o\\cs_server.exe",
        "creation_time_100ns": 134283293673603278
      },
      {
        "pid": 47136,
        "parent_pid": 21844,
        "parent_active_globally": false,
        "image_path": "D:\\Xilinx\\Vivado\\2023.1\\bin\\unwrapped\\win64.o\\cs_server.exe",
        "creation_time_100ns": 134283293672588850
      },
      {
        "pid": 48184,
        "parent_pid": 9492,
        "parent_active_globally": true,
        "image_path": "C:\\Windows\\System32\\conhost.exe",
        "creation_time_100ns": 134283293677942803
      }
    ],
    "expected_tool_daemon_classification": "EXACT_R2_VIVADO_EXIT_HELPER_FOREST",
    "expected_tool_daemon_topology_snapshots": [
      {
        "classification": "EXACT_R2_VIVADO_EXIT_HELPER_FOREST",
        "elapsed_seconds": 0.007107,
        "processes": [
          {
            "pid": 9492,
            "parent_pid": 30940,
            "parent_active_globally": false,
            "image_path": "C:\\Windows\\System32\\cmd.exe",
            "creation_time_100ns": 134283293677885763
          },
          {
            "pid": 17332,
            "parent_pid": 26132,
            "parent_active_globally": false,
            "image_path": "C:\\Windows\\System32\\conhost.exe",
            "creation_time_100ns": 134283293665933677
          },
          {
            "pid": 29036,
            "parent_pid": 9492,
            "parent_active_globally": true,
            "image_path": "D:\\Xilinx\\Vivado\\2023.1\\bin\\unwrapped\\win64.o\\rdi_xsdb.exe",
            "creation_time_100ns": 134283293680906553
          },
          {
            "pid": 39420,
            "parent_pid": 47136,
            "parent_active_globally": true,
            "image_path": "D:\\Xilinx\\Vivado\\2023.1\\bin\\unwrapped\\win64.o\\cs_server.exe",
            "creation_time_100ns": 134283293673603278
          },
          {
            "pid": 47136,
            "parent_pid": 21844,
            "parent_active_globally": false,
            "image_path": "D:\\Xilinx\\Vivado\\2023.1\\bin\\unwrapped\\win64.o\\cs_server.exe",
            "creation_time_100ns": 134283293672588850
          },
          {
            "pid": 48184,
            "parent_pid": 9492,
            "parent_active_globally": true,
            "image_path": "C:\\Windows\\System32\\conhost.exe",
            "creation_time_100ns": 134283293677942803
          }
        ]
      },
      {
        "classification": "STRICT_SHRINK_SUBSET_OF_EXACT_R2_VIVADO_EXIT_HELPER_FOREST",
        "elapsed_seconds": 19.649523,
        "processes": [
          {
            "pid": 17332,
            "parent_pid": 26132,
            "parent_active_globally": false,
            "image_path": "C:\\Windows\\System32\\conhost.exe",
            "creation_time_100ns": 134283293665933677
          },
          {
            "pid": 39420,
            "parent_pid": 47136,
            "parent_active_globally": true,
            "image_path": "D:\\Xilinx\\Vivado\\2023.1\\bin\\unwrapped\\win64.o\\cs_server.exe",
            "creation_time_100ns": 134283293673603278
          },
          {
            "pid": 47136,
            "parent_pid": 21844,
            "parent_active_globally": false,
            "image_path": "D:\\Xilinx\\Vivado\\2023.1\\bin\\unwrapped\\win64.o\\cs_server.exe",
            "creation_time_100ns": 134283293672588850
          }
        ]
      },
      {
        "classification": "EMPTY",
        "elapsed_seconds": 20.722685,
        "processes": []
      }
    ],
    "expected_tool_daemon_topology_revalidation_count": 191,
    "expected_tool_daemon_topology_monotonic": true,
    "expected_tool_daemon_topology_sample_elapsed_seconds": [
      4.3e-05,
      0.007107,
      0.116273,
      0.22551,
      0.333442,
      0.441481,
      0.550939,
      0.659569,
      0.768376,
      0.877053,
      0.985931,
      1.094199,
      1.203765,
      1.312463,
      1.420749,
      1.529049,
      1.637274,
      1.745611,
      1.854614,
      1.962998,
      2.071379,
      2.179613,
      2.288008,
      2.397017,
      2.506154,
      2.615086,
      2.723529,
      2.832214,
      2.939968,
      3.04798,
      3.156637,
      3.265353,
      3.37389,
      3.481799,
      3.590059,
      3.698552,
      3.806453,
      3.914705,
      4.02293,
      4.131415,
      4.240151,
      4.348591,
      4.456622,
      4.564892,
      4.673081,
      4.781441,
      4.888902,
      4.996523,
      5.104604,
      5.212257,
      5.320099,
      5.428252,
      5.536193,
      5.644415,
      5.752981,
      5.86138,
      5.969059,
      6.076596,
      6.184815,
      6.292952,
      6.400786,
      6.508613,
      6.616538,
      6.724793,
      6.832806,
      6.940214,
      7.048288,
      7.156472,
      7.264134,
      7.372047,
      7.480673,
      7.588493,
      7.697378,
      7.80535,
      7.913544,
      8.021525,
      8.129321,
      8.236872,
      8.344758,
      8.45312,
      8.561728,
      8.670403,
      8.778776,
      8.886805,
      8.995235,
      9.103287,
      9.211744,
      9.319574,
      9.427556,
      9.53572,
      9.64375,
      9.751995,
      9.859759,
      9.968048,
      10.076336,
      10.184733,
      10.29286,
      10.400768,
      10.508858,
      10.617051,
      10.72531,
      10.833534,
      10.941218,
      11.049366,
      11.158015,
      11.265762,
      11.373344,
      11.48205,
      11.590524,
      11.698603,
      11.807196,
      11.915036,
      12.022596,
      12.134407,
      12.242694,
      12.350313,
      12.458851,
      12.566941,
      12.675113,
      12.78368,
      12.891873,
      12.999349,
      13.107272,
      13.214943,
      13.322837,
      13.430501,
      13.538457,
      13.646918,
      13.754916,
      13.862916,
      13.971139,
      14.079065,
      14.187072,
      14.295027,
      14.403329,
      14.512041,
      14.62002,
      14.728705,
      14.836942,
      14.944744,
      15.052975,
      15.160953,
      15.268397,
      15.376431,
      15.484034,
      15.59251,
      15.702058,
      15.810389,
      15.919671,
      16.027462,
      16.134994,
      16.242931,
      16.350959,
      16.458427,
      16.566207,
      16.67493,
      16.782877,
      16.890713,
      16.998681,
      17.106413,
      17.214421,
      17.322555,
      17.430542,
      17.537961,
      17.646414,
      17.754229,
      17.862688,
      17.970806,
      18.078736,
      18.186583,
      18.2941,
      18.401981,
      18.510384,
      18.618253,
      18.72687,
      18.834459,
      18.941915,
      19.050242,
      19.158365,
      19.26687,
      19.375024,
      19.483053,
      19.649523,
      19.757495,
      19.864822,
      19.972555,
      20.079857,
      20.188153,
      20.296061,
      20.404189,
      20.51227,
      20.6219,
      20.722685
    ],
    "expected_tool_daemon_topology_max_sample_gap_seconds": 0.16647,
    "expected_tool_daemon_grace_elapsed_seconds": 20.722703,
    "expected_tool_daemon_hashes_verified": true,
    "expected_tool_daemon_sha256_by_role": {
      "cs_server": "9bf0e15ffe162a96679c14b8117cf8ebe8a47b8032bee4ab8cb0317c112df536",
      "rdi_xsdb": "3193d8c4e7115e82e5b4ea6c2eb1aa8a7566bd5a9f9c78e9d901b9eab9d4ebfc",
      "cmd": "75320a519959cc6d089ea3eba33c38caccb7f138a025ea439bc9686cdb79ded4",
      "conhost": "a93cbb36b9c02364be6a72817174c46f94b66715549f279c6592ed659d237911"
    },
    "expected_tool_daemon_hash_error": "",
    "expected_tool_daemon_prelaunch_hashes_verified": true,
    "expected_tool_daemon_prelaunch_sha256_by_role": {
      "cs_server": "9bf0e15ffe162a96679c14b8117cf8ebe8a47b8032bee4ab8cb0317c112df536",
      "rdi_xsdb": "3193d8c4e7115e82e5b4ea6c2eb1aa8a7566bd5a9f9c78e9d901b9eab9d4ebfc",
      "cmd": "75320a519959cc6d089ea3eba33c38caccb7f138a025ea439bc9686cdb79ded4",
      "conhost": "a93cbb36b9c02364be6a72817174c46f94b66715549f279c6592ed659d237911"
    },
    "expected_tool_daemon_prelaunch_hash_error": "",
    "expected_tool_daemon_postexit_hashes_verified": true,
    "expected_tool_daemon_postexit_sha256_by_role": {
      "cs_server": "9bf0e15ffe162a96679c14b8117cf8ebe8a47b8032bee4ab8cb0317c112df536",
      "rdi_xsdb": "3193d8c4e7115e82e5b4ea6c2eb1aa8a7566bd5a9f9c78e9d901b9eab9d4ebfc",
      "cmd": "75320a519959cc6d089ea3eba33c38caccb7f138a025ea439bc9686cdb79ded4",
      "conhost": "a93cbb36b9c02364be6a72817174c46f94b66715549f279c6592ed659d237911"
    },
    "expected_tool_daemon_postexit_hash_error": "",
    "expected_tool_daemon_topology_error": "",
    "expected_tool_daemon_topology_terminal_empty": true,
    "process_identity_query_retry_count": 1,
    "process_exit_race_recheck_count": 1,
    "process_identity_query_transient_errors": [],
    "containment_cleanup_attempted": false,
    "containment_cleanup_terminated": false,
    "process_exit_race_rechecked": true,
    "process_identity_query_retried": true,
    "containment_query_error": "",
    "launch_error": "",
    "watchdog_reason": "",
    "active_marker_seen": false,
    "safe_terminal_marker_seen": false,
    "passed": true,
    "failures": []
  },
  "target_identity": {
    "P7_HW_PREFLIGHT_AUTHORIZED": "1",
    "P7_HW_PREFLIGHT_READ_ONLY": "1",
    "P7_HW_PREFLIGHT_BOARD_ID": "210512180081",
    "P7_HW_PREFLIGHT_TARGET": "localhost:3121/xilinx_tcf/Digilent/210512180081",
    "P7_HW_PREFLIGHT_DEVICE": "xc7z010_1",
    "P7_HW_PREFLIGHT_PART": "xc7z010clg400-1",
    "P7_HW_PREFLIGHT_IDCODE": "00010011011100100010000010010011",
    "P7_HW_PREFLIGHT_CANONICAL_PART": "xc7z010clg400-1",
    "P7_HW_PREFLIGHT_LIVE_PART": "xc7z010",
    "P7_HW_PREFLIGHT_LIVE_DEVICE": "xc7z010_1",
    "P7_HW_PREFLIGHT_LIVE_IDCODE": "00010011011100100010000010010011",
    "P7_HW_PREFLIGHT_RESULT": "PASS"
  },
  "shutdown_before": {
    "name": "shutdown_before",
    "returncode": 0,
    "stdout_path": "C:\\Users\\user\\Documents\\RF_COMM_MULTILANE\\evidence\\hardware\\p7\\authorized_sequence\\p7_20260712_stationary_app_r27_diag_suffix62\\062_p7_ps_functional\\shutdown_before.stdout.log",
    "stderr_path": "C:\\Users\\user\\Documents\\RF_COMM_MULTILANE\\evidence\\hardware\\p7\\authorized_sequence\\p7_20260712_stationary_app_r27_diag_suffix62\\062_p7_ps_functional\\shutdown_before.stderr.log",
    "elapsed_seconds": 48.243969,
    "argv": [
      "D:\\Xilinx\\Vivado\\2023.1\\bin\\vivado.bat",
      "-mode",
      "batch",
      "-source",
      "C:\\Users\\user\\Documents\\RF_COMM_MULTILANE\\scripts\\hw\\p7_jtag_axi_transactions.tcl",
      "-tclargs",
      "C:\\Users\\user\\Documents\\RF_COMM_MULTILANE",
      "SHUTDOWN",
      "C:\\Users\\user\\Documents\\RF_COMM_MULTILANE\\.hardware_authorization\\p7_20260712_stationary_app_r27_diag_suffix62_062_p7_ps_functional.txt",
      "210512180081",
      "xc7z010clg400-1",
      "localhost:3121/xilinx_tcf/Digilent/210512180081",
      "localhost:3121",
      "1000000",
      "C:\\Users\\user\\Documents\\RF_COMM_MULTILANE\\evidence\\hardware\\p7\\shutdown\\p7_frozen_shutdown_bac60b58912f0acd771dc830a6761535ec8f6a92befb1ae4cb7d928745af5810.bit",
      "-",
      "-",
      "C:\\Users\\user\\Documents\\RF_COMM_MULTILANE\\evidence\\hardware\\p7\\authorized_sequence\\p7_20260712_stationary_app_r27_diag_suffix62\\062_p7_ps_functional\\shutdown_before_result.txt.partial",
      "0x43c00000",
      "1",
      "134217728",
      "900",
      "C:\\Users\\user\\Documents\\RF_COMM_MULTILANE\\evidence\\hardware\\p7\\shutdown\\p7_frozen_shutdown_bac60b58912f0acd771dc830a6761535ec8f6a92befb1ae4cb7d928745af5810.bit"
    ],
    "started_at_utc": "2026-07-12T11:29:49.893764+00:00",
    "ended_at_utc": "2026-07-12T11:30:38.138196+00:00",
    "timed_out": false,
    "abort_seen": false,
    "interrupted": false,
    "process_tree_terminated": false,
    "process_tree_reaped": true,
    "containment_kind": "WINDOWS_JOB_OBJECT_KILL_ON_CLOSE",
    "containment_assigned": true,
    "containment_closed": true,
    "descendant_count_after": 0,
    "expected_tool_daemon_grace_used": true,
    "expected_tool_daemon_grace_seconds": 30.0,
    "expected_tool_daemon_paths": [
      "D:\\Xilinx\\Vivado\\2023.1\\bin\\unwrapped\\win64.o\\cs_server.exe",
      "D:\\Xilinx\\Vivado\\2023.1\\bin\\unwrapped\\win64.o\\rdi_xsdb.exe",
      "C:\\Windows\\System32\\cmd.exe",
      "C:\\Windows\\System32\\conhost.exe"
    ],
    "descendant_paths_seen": [
      "C:\\Windows\\System32\\conhost.exe",
      "C:\\Windows\\System32\\conhost.exe",
      "D:\\Xilinx\\Vivado\\2023.1\\bin\\unwrapped\\win64.o\\rdi_xsdb.exe",
      "D:\\Xilinx\\Vivado\\2023.1\\bin\\unwrapped\\win64.o\\cs_server.exe",
      "C:\\Windows\\System32\\cmd.exe",
      "D:\\Xilinx\\Vivado\\2023.1\\bin\\unwrapped\\win64.o\\cs_server.exe"
    ],
    "descendant_processes_seen": [
      {
        "pid": 9572,
        "parent_pid": 23984,
        "parent_active_globally": false,
        "image_path": "C:\\Windows\\System32\\conhost.exe",
        "creation_time_100ns": 134283293976474767
      },
      {
        "pid": 23140,
        "parent_pid": 32380,
        "parent_active_globally": true,
        "image_path": "C:\\Windows\\System32\\conhost.exe",
        "creation_time_100ns": 134283293988399294
      },
      {
        "pid": 23784,
        "parent_pid": 32380,
        "parent_active_globally": true,
        "image_path": "D:\\Xilinx\\Vivado\\2023.1\\bin\\unwrapped\\win64.o\\rdi_xsdb.exe",
        "creation_time_100ns": 134283293991414019
      },
      {
        "pid": 26244,
        "parent_pid": 35796,
        "parent_active_globally": true,
        "image_path": "D:\\Xilinx\\Vivado\\2023.1\\bin\\unwrapped\\win64.o\\cs_server.exe",
        "creation_time_100ns": 134283293984422626
      },
      {
        "pid": 32380,
        "parent_pid": 16556,
        "parent_active_globally": false,
        "image_path": "C:\\Windows\\System32\\cmd.exe",
        "creation_time_100ns": 134283293988342155
      },
      {
        "pid": 35796,
        "parent_pid": 37992,
        "parent_active_globally": false,
        "image_path": "D:\\Xilinx\\Vivado\\2023.1\\bin\\unwrapped\\win64.o\\cs_server.exe",
        "creation_time_100ns": 134283293983236709
      }
    ],
    "expected_tool_daemon_classification": "EXACT_R2_VIVADO_EXIT_HELPER_FOREST",
    "expected_tool_daemon_topology_snapshots": [
      {
        "classification": "EXACT_R2_VIVADO_EXIT_HELPER_FOREST",
        "elapsed_seconds": 0.007136,
        "processes": [
          {
            "pid": 9572,
            "parent_pid": 23984,
            "parent_active_globally": false,
            "image_path": "C:\\Windows\\System32\\conhost.exe",
            "creation_time_100ns": 134283293976474767
          },
          {
            "pid": 23140,
            "parent_pid": 32380,
            "parent_active_globally": true,
            "image_path": "C:\\Windows\\System32\\conhost.exe",
            "creation_time_100ns": 134283293988399294
          },
          {
            "pid": 23784,
            "parent_pid": 32380,
            "parent_active_globally": true,
            "image_path": "D:\\Xilinx\\Vivado\\2023.1\\bin\\unwrapped\\win64.o\\rdi_xsdb.exe",
            "creation_time_100ns": 134283293991414019
          },
          {
            "pid": 26244,
            "parent_pid": 35796,
            "parent_active_globally": true,
            "image_path": "D:\\Xilinx\\Vivado\\2023.1\\bin\\unwrapped\\win64.o\\cs_server.exe",
            "creation_time_100ns": 134283293984422626
          },
          {
            "pid": 32380,
            "parent_pid": 16556,
            "parent_active_globally": false,
            "image_path": "C:\\Windows\\System32\\cmd.exe",
            "creation_time_100ns": 134283293988342155
          },
          {
            "pid": 35796,
            "parent_pid": 37992,
            "parent_active_globally": false,
            "image_path": "D:\\Xilinx\\Vivado\\2023.1\\bin\\unwrapped\\win64.o\\cs_server.exe",
            "creation_time_100ns": 134283293983236709
          }
        ]
      },
      {
        "classification": "STRICT_SHRINK_SUBSET_OF_EXACT_R2_VIVADO_EXIT_HELPER_FOREST",
        "elapsed_seconds": 19.594862,
        "processes": [
          {
            "pid": 9572,
            "parent_pid": 23984,
            "parent_active_globally": false,
            "image_path": "C:\\Windows\\System32\\conhost.exe",
            "creation_time_100ns": 134283293976474767
          },
          {
            "pid": 26244,
            "parent_pid": 35796,
            "parent_active_globally": true,
            "image_path": "D:\\Xilinx\\Vivado\\2023.1\\bin\\unwrapped\\win64.o\\cs_server.exe",
            "creation_time_100ns": 134283293984422626
          },
          {
            "pid": 35796,
            "parent_pid": 37992,
            "parent_active_globally": false,
            "image_path": "D:\\Xilinx\\Vivado\\2023.1\\bin\\unwrapped\\win64.o\\cs_server.exe",
            "creation_time_100ns": 134283293983236709
          }
        ]
      },
      {
        "classification": "EMPTY",
        "elapsed_seconds": 20.727655,
        "processes": []
      }
    ],
    "expected_tool_daemon_topology_revalidation_count": 192,
    "expected_tool_daemon_topology_monotonic": true,
    "expected_tool_daemon_topology_sample_elapsed_seconds": [
      3.7e-05,
      0.007136,
      0.115476,
      0.22375,
      0.331557,
      0.44012,
      0.548533,
      0.656098,
      0.764893,
      0.873461,
      0.982017,
      1.091416,
      1.20052,
      1.308676,
      1.416947,
      1.525526,
      1.634047,
      1.742504,
      1.850972,
      1.958893,
      2.06723,
      2.175614,
      2.283396,
      2.391734,
      2.500231,
      2.608608,
      2.717665,
      2.826297,
      2.936381,
      3.044384,
      3.152866,
      3.262115,
      3.371682,
      3.480291,
      3.588619,
      3.696719,
      3.804756,
      3.913279,
      4.021448,
      4.129094,
      4.237336,
      4.34536,
      4.453328,
      4.562016,
      4.67004,
      4.777869,
      4.886027,
      4.994308,
      5.102446,
      5.21091,
      5.318672,
      5.426892,
      5.535458,
      5.643953,
      5.751605,
      5.859053,
      5.967598,
      6.075393,
      6.183113,
      6.291467,
      6.39984,
      6.508564,
      6.616999,
      6.724883,
      6.83276,
      6.941225,
      7.0496,
      7.157279,
      7.264812,
      7.373396,
      7.481468,
      7.589497,
      7.697366,
      7.805084,
      7.913347,
      8.02169,
      8.129756,
      8.2373,
      8.345129,
      8.453973,
      8.561861,
      8.669888,
      8.77773,
      8.885692,
      8.993267,
      9.101428,
      9.209589,
      9.316972,
      9.425266,
      9.533956,
      9.642046,
      9.750697,
      9.858503,
      9.966718,
      10.074387,
      10.182539,
      10.290932,
      10.399111,
      10.507101,
      10.615328,
      10.723117,
      10.830687,
      10.938967,
      11.047612,
      11.155476,
      11.263057,
      11.372121,
      11.480412,
      11.588126,
      11.696731,
      11.805284,
      11.913731,
      12.022223,
      12.130249,
      12.238517,
      12.347264,
      12.455421,
      12.563598,
      12.671262,
      12.779461,
      12.887528,
      12.995631,
      13.103928,
      13.211776,
      13.319625,
      13.428091,
      13.536504,
      13.645059,
      13.753071,
      13.861434,
      13.969021,
      14.077143,
      14.186014,
      14.294689,
      14.403233,
      14.511996,
      14.620468,
      14.728333,
      14.835835,
      14.943644,
      15.051591,
      15.159386,
      15.267767,
      15.375684,
      15.48402,
      15.592045,
      15.69989,
      15.807946,
      15.916465,
      16.024354,
      16.132174,
      16.240898,
      16.349619,
      16.457676,
      16.565472,
      16.67339,
      16.781022,
      16.888817,
      16.997145,
      17.10459,
      17.212539,
      17.321327,
      17.430127,
      17.538389,
      17.647078,
      17.755229,
      17.863924,
      17.97369,
      18.081793,
      18.19055,
      18.299624,
      18.407953,
      18.515427,
      18.623992,
      18.73187,
      18.838312,
      18.946302,
      19.054416,
      19.162045,
      19.269719,
      19.378319,
      19.486589,
      19.594862,
      19.70273,
      19.810779,
      19.918925,
      20.026391,
      20.134515,
      20.242318,
      20.351969,
      20.460865,
      20.56858,
      20.676785,
      20.727655
    ],
    "expected_tool_daemon_topology_max_sample_gap_seconds": 0.110084,
    "expected_tool_daemon_grace_elapsed_seconds": 20.727675,
    "expected_tool_daemon_hashes_verified": true,
    "expected_tool_daemon_sha256_by_role": {
      "cs_server": "9bf0e15ffe162a96679c14b8117cf8ebe8a47b8032bee4ab8cb0317c112df536",
      "rdi_xsdb": "3193d8c4e7115e82e5b4ea6c2eb1aa8a7566bd5a9f9c78e9d901b9eab9d4ebfc",
      "cmd": "75320a519959cc6d089ea3eba33c38caccb7f138a025ea439bc9686cdb79ded4",
      "conhost": "a93cbb36b9c02364be6a72817174c46f94b66715549f279c6592ed659d237911"
    },
    "expected_tool_daemon_hash_error": "",
    "expected_tool_daemon_prelaunch_hashes_verified": true,
    "expected_tool_daemon_prelaunch_sha256_by_role": {
      "cs_server": "9bf0e15ffe162a96679c14b8117cf8ebe8a47b8032bee4ab8cb0317c112df536",
      "rdi_xsdb": "3193d8c4e7115e82e5b4ea6c2eb1aa8a7566bd5a9f9c78e9d901b9eab9d4ebfc",
      "cmd": "75320a519959cc6d089ea3eba33c38caccb7f138a025ea439bc9686cdb79ded4",
      "conhost": "a93cbb36b9c02364be6a72817174c46f94b66715549f279c6592ed659d237911"
    },
    "expected_tool_daemon_prelaunch_hash_error": "",
    "expected_tool_daemon_postexit_hashes_verified": true,
    "expected_tool_daemon_postexit_sha256_by_role": {
      "cs_server": "9bf0e15ffe162a96679c14b8117cf8ebe8a47b8032bee4ab8cb0317c112df536",
      "rdi_xsdb": "3193d8c4e7115e82e5b4ea6c2eb1aa8a7566bd5a9f9c78e9d901b9eab9d4ebfc",
      "cmd": "75320a519959cc6d089ea3eba33c38caccb7f138a025ea439bc9686cdb79ded4",
      "conhost": "a93cbb36b9c02364be6a72817174c46f94b66715549f279c6592ed659d237911"
    },
    "expected_tool_daemon_postexit_hash_error": "",
    "expected_tool_daemon_topology_error": "",
    "expected_tool_daemon_topology_terminal_empty": true,
    "process_identity_query_retry_count": 0,
    "process_exit_race_recheck_count": 0,
    "process_identity_query_transient_errors": [],
    "containment_cleanup_attempted": false,
    "containment_cleanup_terminated": false,
    "process_exit_race_rechecked": false,
    "process_identity_query_retried": false,
    "containment_query_error": "",
    "launch_error": "",
    "watchdog_reason": "",
    "active_marker_seen": false,
    "safe_terminal_marker_seen": false,
    "attempted": true,
    "programming_attempted": true,
    "result_file": "C:\\Users\\user\\Documents\\RF_COMM_MULTILANE\\evidence\\hardware\\p7\\authorized_sequence\\p7_20260712_stationary_app_r27_diag_suffix62\\062_p7_ps_functional\\shutdown_before_result.txt",
    "passed": true,
    "failures": []
  },
  "shutdown_after": {
    "name": "shutdown_after",
    "returncode": 0,
    "stdout_path": "C:\\Users\\user\\Documents\\RF_COMM_MULTILANE\\evidence\\hardware\\p7\\authorized_sequence\\p7_20260712_stationary_app_r27_diag_suffix62\\062_p7_ps_functional\\shutdown_after.stdout.log",
    "stderr_path": "C:\\Users\\user\\Documents\\RF_COMM_MULTILANE\\evidence\\hardware\\p7\\authorized_sequence\\p7_20260712_stationary_app_r27_diag_suffix62\\062_p7_ps_functional\\shutdown_after.stderr.log",
    "elapsed_seconds": 48.15416,
    "argv": [
      "D:\\Xilinx\\Vivado\\2023.1\\bin\\vivado.bat",
      "-mode",
      "batch",
      "-source",
      "C:\\Users\\user\\Documents\\RF_COMM_MULTILANE\\scripts\\hw\\p7_jtag_axi_transactions.tcl",
      "-tclargs",
      "C:\\Users\\user\\Documents\\RF_COMM_MULTILANE",
      "SHUTDOWN",
      "C:\\Users\\user\\Documents\\RF_COMM_MULTILANE\\.hardware_authorization\\p7_20260712_stationary_app_r27_diag_suffix62_062_p7_ps_functional.txt",
      "210512180081",
      "xc7z010clg400-1",
      "localhost:3121/xilinx_tcf/Digilent/210512180081",
      "localhost:3121",
      "1000000",
      "C:\\Users\\user\\Documents\\RF_COMM_MULTILANE\\evidence\\hardware\\p7\\shutdown\\p7_frozen_shutdown_bac60b58912f0acd771dc830a6761535ec8f6a92befb1ae4cb7d928745af5810.bit",
      "-",
      "-",
      "C:\\Users\\user\\Documents\\RF_COMM_MULTILANE\\evidence\\hardware\\p7\\authorized_sequence\\p7_20260712_stationary_app_r27_diag_suffix62\\062_p7_ps_functional\\shutdown_after_result.txt.partial",
      "0x43c00000",
      "1",
      "134217728",
      "900",
      "C:\\Users\\user\\Documents\\RF_COMM_MULTILANE\\evidence\\hardware\\p7\\shutdown\\p7_frozen_shutdown_bac60b58912f0acd771dc830a6761535ec8f6a92befb1ae4cb7d928745af5810.bit"
    ],
    "started_at_utc": "2026-07-12T11:34:02.791531+00:00",
    "ended_at_utc": "2026-07-12T11:34:50.946553+00:00",
    "timed_out": false,
    "abort_seen": false,
    "interrupted": false,
    "process_tree_terminated": false,
    "process_tree_reaped": true,
    "containment_kind": "WINDOWS_JOB_OBJECT_KILL_ON_CLOSE",
    "containment_assigned": true,
    "containment_closed": true,
    "descendant_count_after": 0,
    "expected_tool_daemon_grace_used": true,
    "expected_tool_daemon_grace_seconds": 30.0,
    "expected_tool_daemon_paths": [
      "D:\\Xilinx\\Vivado\\2023.1\\bin\\unwrapped\\win64.o\\cs_server.exe",
      "D:\\Xilinx\\Vivado\\2023.1\\bin\\unwrapped\\win64.o\\rdi_xsdb.exe",
      "C:\\Windows\\System32\\cmd.exe",
      "C:\\Windows\\System32\\conhost.exe"
    ],
    "descendant_paths_seen": [
      "D:\\Xilinx\\Vivado\\2023.1\\bin\\unwrapped\\win64.o\\rdi_xsdb.exe",
      "C:\\Windows\\System32\\conhost.exe",
      "D:\\Xilinx\\Vivado\\2023.1\\bin\\unwrapped\\win64.o\\cs_server.exe",
      "D:\\Xilinx\\Vivado\\2023.1\\bin\\unwrapped\\win64.o\\cs_server.exe",
      "C:\\Windows\\System32\\conhost.exe",
      "C:\\Windows\\System32\\cmd.exe"
    ],
    "descendant_processes_seen": [
      {
        "pid": 7228,
        "parent_pid": 44988,
        "parent_active_globally": true,
        "image_path": "D:\\Xilinx\\Vivado\\2023.1\\bin\\unwrapped\\win64.o\\rdi_xsdb.exe",
        "creation_time_100ns": 134283296520106679
      },
      {
        "pid": 8160,
        "parent_pid": 44988,
        "parent_active_globally": true,
        "image_path": "C:\\Windows\\System32\\conhost.exe",
        "creation_time_100ns": 134283296517082478
      },
      {
        "pid": 27460,
        "parent_pid": 32884,
        "parent_active_globally": true,
        "image_path": "D:\\Xilinx\\Vivado\\2023.1\\bin\\unwrapped\\win64.o\\cs_server.exe",
        "creation_time_100ns": 134283296513033140
      },
      {
        "pid": 32884,
        "parent_pid": 37516,
        "parent_active_globally": false,
        "image_path": "D:\\Xilinx\\Vivado\\2023.1\\bin\\unwrapped\\win64.o\\cs_server.exe",
        "creation_time_100ns": 134283296512121778
      },
      {
        "pid": 41980,
        "parent_pid": 22008,
        "parent_active_globally": false,
        "image_path": "C:\\Windows\\System32\\conhost.exe",
        "creation_time_100ns": 134283296505306835
      },
      {
        "pid": 44988,
        "parent_pid": 39268,
        "parent_active_globally": false,
        "image_path": "C:\\Windows\\System32\\cmd.exe",
        "creation_time_100ns": 134283296517026868
      }
    ],
    "expected_tool_daemon_classification": "EXACT_R2_VIVADO_EXIT_HELPER_FOREST",
    "expected_tool_daemon_topology_snapshots": [
      {
        "classification": "EXACT_R2_VIVADO_EXIT_HELPER_FOREST",
        "elapsed_seconds": 0.005737,
        "processes": [
          {
            "pid": 7228,
            "parent_pid": 44988,
            "parent_active_globally": true,
            "image_path": "D:\\Xilinx\\Vivado\\2023.1\\bin\\unwrapped\\win64.o\\rdi_xsdb.exe",
            "creation_time_100ns": 134283296520106679
          },
          {
            "pid": 8160,
            "parent_pid": 44988,
            "parent_active_globally": true,
            "image_path": "C:\\Windows\\System32\\conhost.exe",
            "creation_time_100ns": 134283296517082478
          },
          {
            "pid": 27460,
            "parent_pid": 32884,
            "parent_active_globally": true,
            "image_path": "D:\\Xilinx\\Vivado\\2023.1\\bin\\unwrapped\\win64.o\\cs_server.exe",
            "creation_time_100ns": 134283296513033140
          },
          {
            "pid": 32884,
            "parent_pid": 37516,
            "parent_active_globally": false,
            "image_path": "D:\\Xilinx\\Vivado\\2023.1\\bin\\unwrapped\\win64.o\\cs_server.exe",
            "creation_time_100ns": 134283296512121778
          },
          {
            "pid": 41980,
            "parent_pid": 22008,
            "parent_active_globally": false,
            "image_path": "C:\\Windows\\System32\\conhost.exe",
            "creation_time_100ns": 134283296505306835
          },
          {
            "pid": 44988,
            "parent_pid": 39268,
            "parent_active_globally": false,
            "image_path": "C:\\Windows\\System32\\cmd.exe",
            "creation_time_100ns": 134283296517026868
          }
        ]
      },
      {
        "classification": "STRICT_SHRINK_SUBSET_OF_EXACT_R2_VIVADO_EXIT_HELPER_FOREST",
        "elapsed_seconds": 19.45574,
        "processes": [
          {
            "pid": 27460,
            "parent_pid": 32884,
            "parent_active_globally": true,
            "image_path": "D:\\Xilinx\\Vivado\\2023.1\\bin\\unwrapped\\win64.o\\cs_server.exe",
            "creation_time_100ns": 134283296513033140
          },
          {
            "pid": 32884,
            "parent_pid": 37516,
            "parent_active_globally": false,
            "image_path": "D:\\Xilinx\\Vivado\\2023.1\\bin\\unwrapped\\win64.o\\cs_server.exe",
            "creation_time_100ns": 134283296512121778
          },
          {
            "pid": 41980,
            "parent_pid": 22008,
            "parent_active_globally": false,
            "image_path": "C:\\Windows\\System32\\conhost.exe",
            "creation_time_100ns": 134283296505306835
          }
        ]
      },
      {
        "classification": "EMPTY",
        "elapsed_seconds": 20.530069,
        "processes": []
      }
    ],
    "expected_tool_daemon_topology_revalidation_count": 189,
    "expected_tool_daemon_topology_monotonic": true,
    "expected_tool_daemon_topology_sample_elapsed_seconds": [
      4.3e-05,
      0.005737,
      0.114352,
      0.223173,
      0.331727,
      0.440401,
      0.549043,
      0.656964,
      0.764879,
      0.873872,
      0.98243,
      1.090788,
      1.198787,
      1.307534,
      1.416556,
      1.525377,
      1.634491,
      1.743251,
      1.852103,
      1.959995,
      2.068034,
      2.175959,
      2.284289,
      2.392941,
      2.502001,
      2.609792,
      2.717679,
      2.826469,
      2.934738,
      3.04312,
      3.151344,
      3.260093,
      3.368841,
      3.477044,
      3.585413,
      3.693945,
      3.802726,
      3.91021,
      4.018845,
      4.127482,
      4.23531,
      4.343606,
      4.452036,
      4.560268,
      4.669906,
      4.777516,
      4.885473,
      4.993994,
      5.102139,
      5.209919,
      5.317706,
      5.426748,
      5.535484,
      5.643303,
      5.751594,
      5.860047,
      5.968405,
      6.076467,
      6.184423,
      6.292252,
      6.400433,
      6.508625,
      6.617037,
      6.72491,
      6.832701,
      6.940842,
      7.048501,
      7.15676,
      7.264338,
      7.372552,
      7.481142,
      7.588823,
      7.696742,
      7.804462,
      7.912481,
      8.021244,
      8.129122,
      8.237155,
      8.345532,
      8.453597,
      8.562096,
      8.670399,
      8.77837,
      8.886328,
      8.993855,
      9.102175,
      9.212048,
      9.32059,
      9.42908,
      9.537582,
      9.645925,
      9.75458,
      9.862912,
      9.971361,
      10.07915,
      10.187444,
      10.295472,
      10.403924,
      10.512743,
      10.62073,
      10.728168,
      10.836899,
      10.945406,
      11.053162,
      11.161412,
      11.270247,
      11.378305,
      11.486557,
      11.594205,
      11.702397,
      11.810737,
      11.918434,
      12.026486,
      12.134916,
      12.242871,
      12.351052,
      12.459534,
      12.567312,
      12.67512,
      12.782841,
      12.890566,
      12.998704,
      13.106373,
      13.214133,
      13.322183,
      13.430481,
      13.539012,
      13.64697,
      13.755573,
      13.863313,
      13.971517,
      14.079534,
      14.188319,
      14.296935,
      14.405751,
      14.514357,
      14.622559,
      14.730713,
      14.838354,
      14.946699,
      15.05516,
      15.163367,
      15.271607,
      15.380428,
      15.488193,
      15.596279,
      15.70489,
      15.813183,
      15.921283,
      16.030438,
      16.138997,
      16.247018,
      16.35573,
      16.46456,
      16.572866,
      16.680957,
      16.788999,
      16.897403,
      17.005635,
      17.11347,
      17.221831,
      17.33037,
      17.439489,
      17.550737,
      17.658991,
      17.766949,
      17.87473,
      17.983694,
      18.09115,
      18.199018,
      18.307311,
      18.415615,
      18.524002,
      18.631736,
      18.739238,
      18.849103,
      18.956752,
      19.064715,
      19.173722,
      19.281541,
      19.45574,
      19.564211,
      19.672499,
      19.780233,
      19.887891,
      19.996262,
      20.10413,
      20.212767,
      20.32042,
      20.428974,
      20.530069
    ],
    "expected_tool_daemon_topology_max_sample_gap_seconds": 0.174199,
    "expected_tool_daemon_grace_elapsed_seconds": 20.530086,
    "expected_tool_daemon_hashes_verified": true,
    "expected_tool_daemon_sha256_by_role": {
      "cs_server": "9bf0e15ffe162a96679c14b8117cf8ebe8a47b8032bee4ab8cb0317c112df536",
      "rdi_xsdb": "3193d8c4e7115e82e5b4ea6c2eb1aa8a7566bd5a9f9c78e9d901b9eab9d4ebfc",
      "cmd": "75320a519959cc6d089ea3eba33c38caccb7f138a025ea439bc9686cdb79ded4",
      "conhost": "a93cbb36b9c02364be6a72817174c46f94b66715549f279c6592ed659d237911"
    },
    "expected_tool_daemon_hash_error": "",
    "expected_tool_daemon_prelaunch_hashes_verified": true,
    "expected_tool_daemon_prelaunch_sha256_by_role": {
      "cs_server": "9bf0e15ffe162a96679c14b8117cf8ebe8a47b8032bee4ab8cb0317c112df536",
      "rdi_xsdb": "3193d8c4e7115e82e5b4ea6c2eb1aa8a7566bd5a9f9c78e9d901b9eab9d4ebfc",
      "cmd": "75320a519959cc6d089ea3eba33c38caccb7f138a025ea439bc9686cdb79ded4",
      "conhost": "a93cbb36b9c02364be6a72817174c46f94b66715549f279c6592ed659d237911"
    },
    "expected_tool_daemon_prelaunch_hash_error": "",
    "expected_tool_daemon_postexit_hashes_verified": true,
    "expected_tool_daemon_postexit_sha256_by_role": {
      "cs_server": "9bf0e15ffe162a96679c14b8117cf8ebe8a47b8032bee4ab8cb0317c112df536",
      "rdi_xsdb": "3193d8c4e7115e82e5b4ea6c2eb1aa8a7566bd5a9f9c78e9d901b9eab9d4ebfc",
      "cmd": "75320a519959cc6d089ea3eba33c38caccb7f138a025ea439bc9686cdb79ded4",
      "conhost": "a93cbb36b9c02364be6a72817174c46f94b66715549f279c6592ed659d237911"
    },
    "expected_tool_daemon_postexit_hash_error": "",
    "expected_tool_daemon_topology_error": "",
    "expected_tool_daemon_topology_terminal_empty": true,
    "process_identity_query_retry_count": 1,
    "process_exit_race_recheck_count": 1,
    "process_identity_query_transient_errors": [],
    "containment_cleanup_attempted": false,
    "containment_cleanup_terminated": false,
    "process_exit_race_rechecked": true,
    "process_identity_query_retried": true,
    "containment_query_error": "",
    "launch_error": "",
    "watchdog_reason": "",
    "active_marker_seen": false,
    "safe_terminal_marker_seen": false,
    "attempted": true,
    "programming_attempted": true,
    "result_file": "C:\\Users\\user\\Documents\\RF_COMM_MULTILANE\\evidence\\hardware\\p7\\authorized_sequence\\p7_20260712_stationary_app_r27_diag_suffix62\\062_p7_ps_functional\\shutdown_after_result.txt",
    "passed": true,
    "failures": []
  },
  "tfdu_activity_semantics": "conservative_true_once_PS_candidate_ELF_command_is_launched",
  "ps_process": {
    "name": "ps_application_stage",
    "returncode": 0,
    "stdout_path": "C:\\Users\\user\\Documents\\RF_COMM_MULTILANE\\evidence\\hardware\\p7\\authorized_sequence\\p7_20260712_stationary_app_r27_diag_suffix62\\062_p7_ps_functional\\ps_application_stage.stdout.log",
    "stderr_path": "C:\\Users\\user\\Documents\\RF_COMM_MULTILANE\\evidence\\hardware\\p7\\authorized_sequence\\p7_20260712_stationary_app_r27_diag_suffix62\\062_p7_ps_functional\\ps_application_stage.stderr.log",
    "elapsed_seconds": 204.501264,
    "argv": [
      "D:\\Xilinx\\Vitis\\2023.1\\bin\\xsdb.bat",
      "C:\\Users\\user\\Documents\\RF_COMM_MULTILANE\\scripts\\hw\\p7_ps_application_execute.tcl",
      "C:\\Users\\user\\Documents\\RF_COMM_MULTILANE",
      "C:\\Users\\user\\Documents\\RF_COMM_MULTILANE\\.hardware_authorization\\p7_20260712_stationary_app_r27_diag_suffix62_062_p7_ps_functional.txt",
      "C:\\Users\\user\\Documents\\RF_COMM_MULTILANE\\evidence\\hardware\\p7\\authorized_sequence\\p7_20260712_stationary_app_r27_diag_suffix62\\062_p7_ps_functional\\p7_hw_preflight_result.txt",
      "C:\\Users\\user\\Documents\\RF_COMM_MULTILANE\\evidence\\hardware\\p6\\bitstreams\\p6_ps_dynamic_transport_34cdf1c1f7c36595760cc56ae6636209fa64f9b0eebad4d145a4ed5763f23249.bit",
      "C:\\Users\\user\\Documents\\RF_COMM_MULTILANE\\evidence\\hardware\\p7\\artifacts\\p7_runtime_72c6d51db888f15e18fc8de459f41707e9c9601507bf42bfed6a07385b79523a.elf",
      "C:\\Users\\user\\Documents\\RF_COMM_MULTILANE\\build\\p7_ps_vitis_workspace\\p7_platform\\hw\\ps7_init.tcl",
      "C:\\Users\\user\\Documents\\RF_COMM_MULTILANE\\evidence\\hardware\\p7\\authorized_sequence\\p7_20260712_stationary_app_r27_diag_suffix62\\062_p7_ps_functional\\bundle",
      "C:\\Users\\user\\Documents\\RF_COMM_MULTILANE\\evidence\\hardware\\p7\\authorized_sequence\\p7_20260712_stationary_app_r27_diag_suffix62\\062_p7_ps_functional\\bundle\\execution_plan.txt",
      "C:\\Users\\user\\Documents\\RF_COMM_MULTILANE\\evidence\\hardware\\p7\\authorized_sequence\\p7_20260712_stationary_app_r27_diag_suffix62\\062_p7_ps_functional\\p7_ps_application_raw_result.log.partial",
      "localhost:3121",
      "210512180081",
      "xc7z010clg400-1",
      "localhost:3121/xilinx_tcf/Digilent/210512180081",
      "900",
      "functional",
      "60",
      "C:\\Users\\user\\Documents\\RF_COMM_MULTILANE\\shutdown_bitstream\\tfdu_shutdown_j10_j11.bit",
      "333333343"
    ],
    "started_at_utc": "2026-07-12T11:30:38.279859+00:00",
    "ended_at_utc": "2026-07-12T11:34:02.781835+00:00",
    "timed_out": false,
    "abort_seen": false,
    "interrupted": false,
    "process_tree_terminated": false,
    "process_tree_reaped": true,
    "containment_kind": "WINDOWS_JOB_OBJECT_KILL_ON_CLOSE",
    "containment_assigned": true,
    "containment_closed": true,
    "descendant_count_after": 0,
    "expected_tool_daemon_grace_used": false,
    "expected_tool_daemon_grace_seconds": 0.0,
    "expected_tool_daemon_paths": [],
    "descendant_paths_seen": [],
    "descendant_processes_seen": [],
    "expected_tool_daemon_classification": "NONE",
    "expected_tool_daemon_topology_snapshots": [
      {
        "classification": "EMPTY",
        "elapsed_seconds": 3.6e-05,
        "processes": []
      }
    ],
    "expected_tool_daemon_topology_revalidation_count": 0,
    "expected_tool_daemon_topology_monotonic": false,
    "expected_tool_daemon_topology_sample_elapsed_seconds": [
      3.6e-05
    ],
    "expected_tool_daemon_topology_max_sample_gap_seconds": 0.0,
    "expected_tool_daemon_grace_elapsed_seconds": 0.0,
    "expected_tool_daemon_hashes_verified": false,
    "expected_tool_daemon_sha256_by_role": {},
    "expected_tool_daemon_hash_error": "",
    "expected_tool_daemon_prelaunch_hashes_verified": false,
    "expected_tool_daemon_prelaunch_sha256_by_role": {},
    "expected_tool_daemon_prelaunch_hash_error": "",
    "expected_tool_daemon_postexit_hashes_verified": false,
    "expected_tool_daemon_postexit_sha256_by_role": {},
    "expected_tool_daemon_postexit_hash_error": "",
    "expected_tool_daemon_topology_error": "",
    "expected_tool_daemon_topology_terminal_empty": true,
    "process_identity_query_retry_count": 0,
    "process_exit_race_recheck_count": 0,
    "process_identity_query_transient_errors": [],
    "containment_cleanup_attempted": false,
    "containment_cleanup_terminated": false,
    "process_exit_race_rechecked": false,
    "process_identity_query_retried": false,
    "containment_query_error": "",
    "launch_error": "",
    "watchdog_reason": "",
    "active_marker_seen": false,
    "safe_terminal_marker_seen": false,
    "passed": false,
    "failures": [
      "PS stage marker mismatch: P7_PS_STAGE_RESULT expected=PASS observed=FAIL",
      "P7_PS_STAGE_RESULT=PASS missing from stdout"
    ]
  },
  "child_reaped_before_shutdown_after": true,
  "bundle_post_shutdown_verification": {
    "passed": true,
    "failures": [],
    "immutable_pre_post_equal": true,
    "pre_run_file_count": 238,
    "post_shutdown_file_count": 265
  },
  "postprocess": {
    "passed": false,
    "failures": [
      "PS process did not pass exact rc/marker policy"
    ],
    "mailbox": {},
    "cases": []
  },
  "internal_error": "",
  "ps_failures": [
    "PS stage marker mismatch: P7_PS_STAGE_RESULT expected=PASS observed=FAIL",
    "P7_PS_STAGE_RESULT=PASS missing from stdout"
  ],
  "reason": "PS process, mailbox/descriptor/trace/output, or exact marker checks failed",
  "raw_evidence_sha256_manifest": {
    "path": "C:\\Users\\user\\Documents\\RF_COMM_MULTILANE\\evidence\\hardware\\p7\\authorized_sequence\\p7_20260712_stationary_app_r27_diag_suffix62\\062_p7_ps_functional\\p7_raw_evidence_sha256_manifest.json",
    "size_bytes": 54755,
    "sha256": "8f35c25b1e9529d3cc5bbe64fae1158d8d00ad3bd3e8e52698b0fa1f53e9008c"
  }
}
