P9_XSDB_JTAG_DISCOVERY_ATTEMPTS=1
P9_XSDB_JTAG_DISCOVERY_ELAPSED_MS=5
P9_XSDB_CABLE_ROOT_COUNT=1
P9_XSDB_JTAG_DEVICE_COUNT=2
P9_XSDB_EXACT_FPGA_MATCH_COUNT=1
P9_XSDB_ENUM_DEVICE_0=arm_dap|NODE_ID=2|IDCODE=4ba00477|NORMALIZED=4BA00477
P9_XSDB_ENUM_DEVICE_1=xc7z010|NODE_ID=3|IDCODE=13722093|NORMALIZED=13722093
P9_XSDB_DEBUG_DISCOVERY_ATTEMPTS=1
P9_XSDB_DEBUG_DISCOVERY_ELAPSED_MS=7
P9_XSDB_IDENTITY=PASS
P9_XSDB_BOARD_ID=210512180081
P9_XSDB_IDCODE=13722093
P9_XSDB_STAGE=P9-19
P9_XSDB_RUN_ID=p9_20260728T134254Z_8157716a47a9_9ef40d3ccef2
P9_CANDIDATE_PROGRAMMED=1
P9_PS_ELF_DOWNLOADED=1
P9_SERVICE_READY_LABEL=initial_boot
P9_INITIAL_READY_DUMP=C:/Users/user/Documents/RF_COMM_MULTILANE_P9/evidence/hardware/p9/p9_20260728T134254Z_8157716a47a9_9ef40d3ccef2/dma_ddr_cache/p9_19/mailbox/P9-19_ready.bin
P9_CASE_PASS=ring_depth_8
P9_CASE_PASS=ring_depth_32
P9_CASE_PASS=dma_size_1
P9_CASE_PASS=dma_size_2
P9_CASE_PASS=dma_size_3
P9_CASE_PASS=dma_size_4
P9_CASE_PASS=dma_size_7
P9_CASE_PASS=dma_size_8
P9_CASE_PASS=dma_size_15
P9_CASE_PASS=dma_size_16
P9_CASE_PASS=dma_size_31
P9_CASE_PASS=dma_size_32
P9_CASE_PASS=dma_size_63
P9_CASE_PASS=dma_size_64
P9_CASE_PASS=dma_size_127
P9_CASE_PASS=dma_size_128
P9_CASE_PASS=dma_size_191
P9_CASE_PASS=dma_size_247
P9_CASE_PASS=dma_size_256
P9_CASE_PASS=dma_size_1024
P9_CASE_PASS=dma_size_4096
P9_CASE_PASS=dma_size_65536
P9_CASE_PASS=dma_size_1048576
P9_CASE_PASS=dma_cache_off_1
P9_CASE_PASS=dma_cache_off_247
P9_CASE_PASS=dma_cache_off_4096
P9_CASE_PASS=dma_cache_off_1048576
P9_CASE_PASS=dma_misaligned_handled
P9_CASE_PASS=dma_ring32_wrap_00
P9_CASE_PASS=dma_ring32_wrap_01
P9_CASE_PASS=dma_ring32_wrap_02
P9_CASE_PASS=dma_ring32_wrap_03
P9_CASE_PASS=dma_ring32_wrap_04
P9_CASE_PASS=dma_ring32_wrap_05
P9_CASE_PASS=dma_ring32_wrap_06
P9_CASE_PASS=dma_ring32_wrap_07
P9_CASE_PASS=dma_ring32_wrap_08
P9_CASE_PASS=dma_ring32_wrap_09
P9_CASE_PASS=dma_ring32_wrap_10
P9_CASE_PASS=dma_ring32_wrap_11
P9_CASE_PASS=dma_reset_idle
P9_CASE_PASS=dma_reset_queued
P9_CASE_PASS=dma_abort_outstanding
P9_CASE_PASS=pl_soft_reset
P9_CASE_PASS=stale_completion
P9_SERVICE_READY_LABEL=ps_application_restart
P9_REBOOT_PASS=ps_application_restart
P9_ENDPOINT_SHUTDOWN_REQUESTED_ON_ERROR=1
P9_XSDB_STAGE_RESULT=FAIL
P9_XSDB_STAGE_ERROR=P9 command status mismatch label=dma_post_reset_clean expected=0 observed=10
