P9_XSDB_JTAG_DISCOVERY_ATTEMPTS=1
P9_XSDB_JTAG_DISCOVERY_ELAPSED_MS=5
P9_XSDB_CABLE_ROOT_COUNT=1
P9_XSDB_JTAG_DEVICE_COUNT=2
P9_XSDB_EXACT_FPGA_MATCH_COUNT=1
P9_XSDB_ENUM_DEVICE_0=arm_dap|NODE_ID=2|IDCODE=4ba00477|NORMALIZED=4BA00477
P9_XSDB_ENUM_DEVICE_1=xc7z010|NODE_ID=3|IDCODE=13722093|NORMALIZED=13722093
P9_XSDB_DEBUG_DISCOVERY_ATTEMPTS=1
P9_XSDB_DEBUG_DISCOVERY_ELAPSED_MS=6
P9_XSDB_IDENTITY=PASS
P9_XSDB_BOARD_ID=210512180081
P9_XSDB_IDCODE=13722093
P9_XSDB_STAGE=P9-14
P9_XSDB_RUN_ID=p9_20260728T134254Z_8157716a47a9_9ef40d3ccef2
P9_CANDIDATE_PROGRAMMED=1
P9_PS_ELF_DOWNLOADED=1
P9_SERVICE_READY_LABEL=initial_boot
P9_INITIAL_READY_DUMP=C:/Users/user/Documents/RF_COMM_MULTILANE_P9/evidence/hardware/p9/p9_20260728T134254Z_8157716a47a9_9ef40d3ccef2/phy_rate/p9_14/mailbox/P9-14_ready.bin
P9_CASE_PASS=lane1_d0_r0_fixed_short
P9_CASE_PASS=lane1_d0_r0_prbs
P9_CASE_PASS=lane1_d0_r0_zero
P9_CASE_PASS=lane1_d0_r0_one
P9_CASE_PASS=lane1_d0_r0_increment
P9_CASE_PASS=lane1_d0_r0_binary
P9_CASE_PASS=lane1_d0_r0_100f
P9_CASE_PASS=lane1_d0_r0_10000f
P9_CASE_PASS=lane1_d0_r1_fixed_short
P9_CASE_PASS=lane1_d0_r1_prbs
P9_CASE_PASS=lane1_d0_r1_zero
P9_CASE_PASS=lane1_d0_r1_one
P9_CASE_PASS=lane1_d0_r1_increment
P9_CASE_PASS=lane1_d0_r1_binary
P9_CASE_PASS=lane1_d0_r1_100f
P9_CASE_PASS=lane1_d0_r1_10000f
P9_CASE_PASS=lane1_d0_r2_fixed_short
P9_CASE_PASS=lane1_d0_r2_prbs
P9_CASE_PASS=lane1_d0_r2_zero
P9_CASE_PASS=lane1_d0_r2_one
P9_CASE_PASS=lane1_d0_r2_increment
P9_CASE_PASS=lane1_d0_r2_binary
P9_CASE_PASS=lane1_d0_r2_100f
P9_CASE_PASS=lane1_d0_r2_10000f
P9_CASE_PASS=lane1_d1_r0_fixed_short
P9_CASE_PASS=lane1_d1_r0_prbs
P9_CASE_PASS=lane1_d1_r0_zero
P9_CASE_PASS=lane1_d1_r0_one
P9_CASE_PASS=lane1_d1_r0_increment
P9_CASE_PASS=lane1_d1_r0_binary
P9_CASE_PASS=lane1_d1_r0_100f
P9_CASE_PASS=lane1_d1_r0_10000f
P9_CASE_PASS=lane1_d1_r1_fixed_short
P9_CASE_PASS=lane1_d1_r1_prbs
P9_CASE_PASS=lane1_d1_r1_zero
P9_CASE_PASS=lane1_d1_r1_one
P9_CASE_PASS=lane1_d1_r1_increment
P9_CASE_PASS=lane1_d1_r1_binary
P9_CASE_PASS=lane1_d1_r1_100f
P9_CASE_PASS=lane1_d1_r1_10000f
P9_CASE_PASS=lane1_d1_r2_fixed_short
P9_CASE_PASS=lane1_d1_r2_prbs
P9_CASE_PASS=lane1_d1_r2_zero
P9_CASE_PASS=lane1_d1_r2_one
P9_CASE_PASS=lane1_d1_r2_increment
P9_CASE_PASS=lane1_d1_r2_binary
P9_CASE_PASS=lane1_d1_r2_100f
P9_CASE_PASS=lane1_d1_r2_10000f
P9_CASE_PASS=P9-14_endpoint_shutdown
P9_ENDPOINT_SHUTDOWN=PASS
P9_XSDB_STAGE_RESULT=PASS
