#-----------------------------------------------------------
# xsim v2023.1 (64-bit)
# SW Build 3865809 on Sun May  7 15:05:29 MDT 2023
# IP Build 3864474 on Sun May  7 20:36:21 MDT 2023
# SharedData Build 3865790 on Sun May 07 13:33:03 MDT 2023
# Start of session at: Sun Aug  2 00:01:39 2026
# Process ID: 35408
# Current directory: C:/Users/user/Documents/RF_COMM_MULTILANE_P10_1R/evidence/generated/p10_1r_xsim/raw/20260801T160108.070993Z/tb_p10_1r_dual_endpoint_work
# Command line: xsim.exe -mode tcl -source {xsim.dir/tb_p10_1r_dual_endpoint_snapshot/xsim_script.tcl}
# Log file: C:/Users/user/Documents/RF_COMM_MULTILANE_P10_1R/evidence/generated/p10_1r_xsim/raw/20260801T160108.070993Z/tb_p10_1r_dual_endpoint_work/xsim.log
# Journal file: C:/Users/user/Documents/RF_COMM_MULTILANE_P10_1R/evidence/generated/p10_1r_xsim/raw/20260801T160108.070993Z/tb_p10_1r_dual_endpoint_work\xsim.jou
# Running On: DESKTOP-PU0AECA, OS: Windows, CPU Frequency: 3418 MHz, CPU Physical cores: 20, Host memory: 34187 MB
#-----------------------------------------------------------
source xsim.dir/tb_p10_1r_dual_endpoint_snapshot/xsim_script.tcl
# xsim {tb_p10_1r_dual_endpoint_snapshot} -autoloadwcfg -runall
Time resolution is 1 ps
run -all
P10_DUAL_RAW_PASS direction=0 lane=0 pulses=64
P10_DUAL_RAW_PASS direction=1 lane=0 pulses=64
P10_DUAL_RAW_PASS direction=0 lane=1 pulses=64
P10_DUAL_RAW_PASS direction=1 lane=1 pulses=64
P10_DUAL_OBJECT_PASS direction=0 lanes=3 length=988 initial=4000 faults=00000000 drops=0/0 hwm=4/0 retries=0/0
P10_DUAL_OBJECT_PASS direction=1 lanes=3 length=988 initial=5000 faults=00000000 drops=0/0 hwm=0/4 retries=0/0
TB_P10_DUAL_ENDPOINT_PAIR=PASS
TB_P10_1R_DUAL_ENDPOINT=PASS
$finish called at time : 10154033629 ps : File "C:/Users/user/Documents/RF_COMM_MULTILANE_P10_1R/sim/tb/tb_p10_dual_endpoint_pair.sv" Line 701
run: Time (s): cpu = 00:00:00 ; elapsed = 00:00:12 . Memory (MB): peak = 208.293 ; gain = 0.000
exit
INFO: xsimkernel Simulation Memory Usage: 15300 KB (Peak: 15300 KB), Simulation CPU Usage: 11718 ms
INFO: [Common 17-206] Exiting xsim at Sun Aug  2 00:01:52 2026...
