{
  "P7_PS_APPLICATION_SAFE_STAGE": "FAIL_STAGE",
  "generated_at_utc": "2026-07-12T10:45:49.100576+00:00",
  "mode": "functional",
  "stage_name": "p7_ps_functional",
  "requested_execute_hardware": true,
  "hardware_actions_executed": true,
  "programmed_fpga": true,
  "programmed_candidate": true,
  "started_ps_elf": true,
  "programmed_shutdown_before": true,
  "programmed_shutdown_after": true,
  "drove_tfdu_txd": true,
  "enabled_tfdu_receiver": true,
  "uart_access": false,
  "network_used": false,
  "ethernet_used": false,
  "motion_used": false,
  "HARDWARE_ACCEPTANCE": "PENDING_HW",
  "service_runtime_limit_sec": 900,
  "wrapper_wall_budget": {
    "model": "bounded_xsdb_process_timeout",
    "service_active_window_seconds": 900,
    "stationary_active_window_is_not_extended": false,
    "candidate_process_bound_seconds": 1020,
    "preflight_timeout_seconds": 60,
    "shutdown_timeout_seconds_each": 60,
    "vivado_process_count": 3,
    "vivado_success_containment_window_seconds_each": 30,
    "vivado_failure_containment_window_seconds_each": 40,
    "vivado_containment_allowance_seconds": 90,
    "xsdb_process_count": 1,
    "xsdb_empty_proof_allowance_seconds_each": 1,
    "xsdb_containment_allowance_seconds": 1,
    "max_forced_cleanup_events": 2,
    "forced_cleanup_wait_seconds_each": 10,
    "forced_cleanup_reserve_seconds": 20,
    "outer_orchestration_guard_seconds": 120,
    "minimum_outer_wrapper_timeout_seconds": 1431
  },
  "safety_validation": {
    "P7_HARDWARE_SAFETY": "PASS",
    "ready_for_hardware_preflight": true,
    "hardware_actions_executed": false,
    "programmed_fpga": false,
    "drove_tfdu_txd": false,
    "started_ps_elf": false,
    "authorization_environment_present": true,
    "authorization": {
      "exists": true,
      "path": "C:\\Users\\user\\Documents\\RF_COMM_MULTILANE\\.hardware_authorization\\p7_20260712_stationary_app_r26_diag_suffix55_062_p7_ps_functional.txt",
      "actual_sha256": "45a09a64c6f04d4910cf8dc3c38b4c93e4c6891fe61ea42e9ee60dd00d415d61",
      "expected_sha256": "45a09a64c6f04d4910cf8dc3c38b4c93e4c6891fe61ea42e9ee60dd00d415d61",
      "markers": [
        "P7_STATIONARY_APP_LAYER_APPROVED"
      ],
      "duplicate_keys": []
    },
    "authorization_fields": {
      "AUTHORIZED_STAGE": "P7_STATIONARY_LOCAL_APPLICATION_LAYER_NO_ETHERNET",
      "USER_HARDWARE_AUTHORIZATION_FOR_P7": "GRANTED",
      "BOARD_ID": "210512180081",
      "EXPECTED_PART": "xc7z010clg400-1",
      "EXPECTED_TARGET": "localhost:3121/xilinx_tcf/Digilent/210512180081",
      "SOURCE_COMMIT": "e4d6937ad559065a650054998807599f859f34bf",
      "MAX_RUNTIME_SEC": "900",
      "SHUTDOWN_ON_EXIT": "required",
      "NO_ETHERNET": "true",
      "NO_MOTION": "true",
      "LANE_COUNT": "2",
      "MAX_LANE_MASK": "0x3",
      "P7_EXECUTION_MODE": "DIAGNOSTIC_ONLY",
      "P7_COVERAGE_CLAIMED": "false",
      "HARDWARE_ACCEPTANCE": "PENDING_HW",
      "P7_FULL_STAGE_ORDINAL": "62",
      "P7_PLAN_PATH": "C:\\Users\\user\\Documents\\RF_COMM_MULTILANE\\evidence\\hardware\\p7\\artifacts\\p7_plan_c6db9d8348c3bc518fa5985595adfcdada1a08f11c9246c6103ec378b43b58dd.md",
      "P7_PLAN_SHA256": "c6db9d8348c3bc518fa5985595adfcdada1a08f11c9246c6103ec378b43b58dd",
      "BITSTREAM_PATH": "C:\\Users\\user\\Documents\\RF_COMM_MULTILANE\\evidence\\hardware\\p6\\bitstreams\\p6_ps_dynamic_transport_34cdf1c1f7c36595760cc56ae6636209fa64f9b0eebad4d145a4ed5763f23249.bit",
      "BITSTREAM_SHA256": "34cdf1c1f7c36595760cc56ae6636209fa64f9b0eebad4d145a4ed5763f23249",
      "XSA_PATH": "C:\\Users\\user\\Documents\\RF_COMM_MULTILANE\\evidence\\hardware\\p6\\bitstreams\\p6_ps_dynamic_transport_b5d1174eb46d12eb395ceabbbea3c132c5771ca6777194138e68c2eacb2e4fc9.xsa",
      "XSA_SHA256": "b5d1174eb46d12eb395ceabbbea3c132c5771ca6777194138e68c2eacb2e4fc9",
      "ELF_PATH": "C:\\Users\\user\\Documents\\RF_COMM_MULTILANE\\evidence\\hardware\\p7\\artifacts\\p7_runtime_72c6d51db888f15e18fc8de459f41707e9c9601507bf42bfed6a07385b79523a.elf",
      "ELF_SHA256": "72c6d51db888f15e18fc8de459f41707e9c9601507bf42bfed6a07385b79523a",
      "PROFILE_PATH": "C:\\Users\\user\\Documents\\RF_COMM_MULTILANE\\profiles\\p7\\p7_ps_application_functional.json",
      "PROFILE_SHA256": "eb0192a27d115a5b70730746982e16b954ed754f8e1a57961091a31c4d6afcd0",
      "ACTIVE_XDC_PATH": "C:\\Users\\user\\Documents\\RF_COMM_MULTILANE\\constraints\\active\\PORT1.generated.xdc",
      "ACTIVE_XDC_SHA256": "cf23a0d34a2fa76521faf4c91f3858cff2117fa6020d302d1a6109f10254f990",
      "PINMAP_PATH": "C:\\Users\\user\\Documents\\RF_COMM_MULTILANE\\board_profiles\\ax7010_tfdu_j10_j11_pinmap.csv",
      "PINMAP_SHA256": "4c7d5f0836a2ab48df7672e00f99455e582fbf477b04ed2b3b44ef38506a8a6a",
      "REGISTER_MAP_PATH": "C:\\Users\\user\\Documents\\RF_COMM_MULTILANE\\config\\register_map\\ir_axi_regs.yaml",
      "REGISTER_MAP_SHA256": "d5b0bf1476d815a3ed69988c72097827356d4eade48813c8913fc1b2d448983d",
      "SHUTDOWN_BITSTREAM_PATH": "C:\\Users\\user\\Documents\\RF_COMM_MULTILANE\\shutdown_bitstream\\tfdu_shutdown_j10_j11.bit",
      "SHUTDOWN_BITSTREAM_SHA256": "bac60b58912f0acd771dc830a6761535ec8f6a92befb1ae4cb7d928745af5810",
      "PS7_INIT_PATH": "C:\\Users\\user\\Documents\\RF_COMM_MULTILANE\\build\\p7_ps_vitis_workspace\\p7_platform\\hw\\ps7_init.tcl",
      "PS7_INIT_SHA256": "84e478d79c0b7bfe6dfc45a5a99ab850c30c7db11d8fec1dae064133dd64b448",
      "P6_PS_BUILD_SUMMARY_PATH": "C:\\Users\\user\\Documents\\RF_COMM_MULTILANE\\evidence\\generated\\vivado\\p6_ps_candidate\\p6_ps_candidate_build_summary.json",
      "P6_PS_BUILD_SUMMARY_SHA256": "49dca997225eaf339681d7b83e9d3418a7c00c17736002174edc4f78fe086f72",
      "P7_PS_BUILD_SUMMARY_PATH": "C:\\Users\\user\\Documents\\RF_COMM_MULTILANE\\evidence\\generated\\vitis\\p7_ps_runtime\\p7_ps_runtime_build_summary.json",
      "P7_PS_BUILD_SUMMARY_SHA256": "a2cde9685d96446a98df175e69feac82a2d8ce115600a705bff83b5b1c6cc227",
      "P7_PS_CORE_READINESS_PATH": "C:\\Users\\user\\Documents\\RF_COMM_MULTILANE\\evidence\\generated\\p7_ps_core_hardware_readiness.json",
      "P7_PS_CORE_READINESS_SHA256": "b9d749a0a64393d2a2ff37d03f064462476c6e2ca55eca1e42984fd04888584e",
      "ACTIVE_PROFILE_PATH": "C:\\Users\\user\\Documents\\RF_COMM_MULTILANE\\board_profiles\\ACTIVE_PROFILE.json",
      "ACTIVE_PROFILE_SHA256": "f6fb603f20dced9eaebb3aaaaa8f492931a28cb6466c7511f797341bf41b1b9b",
      "P7_LANE1_PROMOTION_SUMMARY_PATH": "C:\\Users\\user\\Documents\\RF_COMM_MULTILANE\\evidence\\generated\\p7_lane1_promotion_summary.json",
      "P7_LANE1_PROMOTION_SUMMARY_SHA256": "9743a3746cce101aaa6c3cdfd17a68dd62895f773e02f7c919a002900bb4f727",
      "P7_INPUT_PATH": "C:\\Users\\user\\Documents\\RF_COMM_MULTILANE\\build\\p7_authorized_sequence\\p7_20260712_stationary_app_r26_diag_suffix55\\inputs\\p7_ps_seed_247.bin",
      "P7_INPUT_SHA256": "49b1170cf0b069be048c0a2674829870fcb89eebe0618ef45a0b01d3da533093",
      "P7_PS_MODE": "functional",
      "P7_PS_CORE_READINESS": "PASS",
      "P7_FROZEN_SHUTDOWN_PATH": "C:\\Users\\user\\Documents\\RF_COMM_MULTILANE\\evidence\\hardware\\p7\\shutdown\\p7_frozen_shutdown_bac60b58912f0acd771dc830a6761535ec8f6a92befb1ae4cb7d928745af5810.bit",
      "P7_FROZEN_SHUTDOWN_SHA256": "bac60b58912f0acd771dc830a6761535ec8f6a92befb1ae4cb7d928745af5810",
      "P7_COUNTS_PER_SECOND": "333333343"
    },
    "source_commit_requested": "e4d6937ad559065a650054998807599f859f34bf",
    "source_commit_current": "e4d6937ad559065a650054998807599f859f34bf",
    "dirty_files": [
      " M evidence/generated/p7_2lane_scope_summary.md",
      " M evidence/generated/p7_application_protocol_summary.md",
      " M evidence/generated/p7_artifact_provenance_summary.json",
      " M evidence/generated/p7_artifact_provenance_summary.md",
      " M evidence/generated/p7_backend_conformance_summary.md",
      " M evidence/generated/p7_fault_recovery_summary.md",
      " M evidence/generated/p7_file_integrity_summary.md",
      " M evidence/generated/p7_fragmentation_reassembly_summary.md",
      " M evidence/generated/p7_lane1_promotion_summary.json",
      " M evidence/generated/p7_lane_scheduler_summary.md",
      " M evidence/generated/p7_no_ethernet_summary.md",
      " M evidence/generated/p7_no_motion_summary.md",
      " M evidence/generated/p7_offline_gate_summary.json",
      " M evidence/generated/p7_offline_gate_summary.md",
      " M evidence/generated/p7_offline_test_run.json",
      " M evidence/generated/p7_protocol_vector_summary.md",
      " M evidence/generated/p7_ps_core_hardware_readiness.json",
      " M evidence/generated/p7_ps_runtime_build_summary.json",
      " M evidence/generated/p7_ps_runtime_summary.md",
      " M evidence/generated/p7_queue_backpressure_summary.md",
      " M evidence/generated/p7_repo_intake.md",
      " M evidence/generated/p7_repo_intake_summary.json",
      " M evidence/generated/p7_repo_intake_summary.md",
      " M evidence/generated/p7_segmentation_reassembly_summary.md",
      " M evidence/generated/vitis/p7_ps_runtime/p7_ps_runtime_build_summary.json",
      "?? evidence/hardware/p7/authorized_sequence/p7_20260712_stationary_app_r26_diag_suffix55/"
    ],
    "max_runtime_sec": 900,
    "lane_count": 2,
    "max_lane_mask": "0x3",
    "no_ethernet": true,
    "no_motion": true,
    "shutdown_on_exit": true,
    "abort_file": "C:\\Users\\user\\Documents\\RF_COMM_MULTILANE\\.hardware_authorization\\ABORT_NOW.txt",
    "abort_file_present": false,
    "hw_server_url": "localhost:3121",
    "preflight_tcl": "C:\\Users\\user\\Documents\\RF_COMM_MULTILANE\\scripts\\hw\\p7_hw_preflight.tcl",
    "preflight_tcl_sha256": "95bfbdf7e6c429e6637c1b4224a9dcecaa1fd756a1f665b21a797d54afbfc464",
    "artifacts": {
      "plan": {
        "path": "C:\\Users\\user\\Documents\\RF_COMM_MULTILANE\\evidence\\hardware\\p7\\artifacts\\p7_plan_c6db9d8348c3bc518fa5985595adfcdada1a08f11c9246c6103ec378b43b58dd.md",
        "expected_sha256": "c6db9d8348c3bc518fa5985595adfcdada1a08f11c9246c6103ec378b43b58dd",
        "exists": true,
        "actual_sha256": "c6db9d8348c3bc518fa5985595adfcdada1a08f11c9246c6103ec378b43b58dd"
      },
      "bitstream": {
        "path": "C:\\Users\\user\\Documents\\RF_COMM_MULTILANE\\evidence\\hardware\\p6\\bitstreams\\p6_ps_dynamic_transport_34cdf1c1f7c36595760cc56ae6636209fa64f9b0eebad4d145a4ed5763f23249.bit",
        "expected_sha256": "34cdf1c1f7c36595760cc56ae6636209fa64f9b0eebad4d145a4ed5763f23249",
        "exists": true,
        "actual_sha256": "34cdf1c1f7c36595760cc56ae6636209fa64f9b0eebad4d145a4ed5763f23249"
      },
      "xsa": {
        "path": "C:\\Users\\user\\Documents\\RF_COMM_MULTILANE\\evidence\\hardware\\p6\\bitstreams\\p6_ps_dynamic_transport_b5d1174eb46d12eb395ceabbbea3c132c5771ca6777194138e68c2eacb2e4fc9.xsa",
        "expected_sha256": "b5d1174eb46d12eb395ceabbbea3c132c5771ca6777194138e68c2eacb2e4fc9",
        "exists": true,
        "actual_sha256": "b5d1174eb46d12eb395ceabbbea3c132c5771ca6777194138e68c2eacb2e4fc9"
      },
      "elf": {
        "path": "C:\\Users\\user\\Documents\\RF_COMM_MULTILANE\\evidence\\hardware\\p7\\artifacts\\p7_runtime_72c6d51db888f15e18fc8de459f41707e9c9601507bf42bfed6a07385b79523a.elf",
        "expected_sha256": "72c6d51db888f15e18fc8de459f41707e9c9601507bf42bfed6a07385b79523a",
        "exists": true,
        "actual_sha256": "72c6d51db888f15e18fc8de459f41707e9c9601507bf42bfed6a07385b79523a"
      },
      "profile": {
        "path": "C:\\Users\\user\\Documents\\RF_COMM_MULTILANE\\profiles\\p7\\p7_ps_application_functional.json",
        "expected_sha256": "eb0192a27d115a5b70730746982e16b954ed754f8e1a57961091a31c4d6afcd0",
        "exists": true,
        "actual_sha256": "eb0192a27d115a5b70730746982e16b954ed754f8e1a57961091a31c4d6afcd0"
      },
      "active_xdc": {
        "path": "C:\\Users\\user\\Documents\\RF_COMM_MULTILANE\\constraints\\active\\PORT1.generated.xdc",
        "expected_sha256": "cf23a0d34a2fa76521faf4c91f3858cff2117fa6020d302d1a6109f10254f990",
        "exists": true,
        "actual_sha256": "cf23a0d34a2fa76521faf4c91f3858cff2117fa6020d302d1a6109f10254f990"
      },
      "pinmap": {
        "path": "C:\\Users\\user\\Documents\\RF_COMM_MULTILANE\\board_profiles\\ax7010_tfdu_j10_j11_pinmap.csv",
        "expected_sha256": "4c7d5f0836a2ab48df7672e00f99455e582fbf477b04ed2b3b44ef38506a8a6a",
        "exists": true,
        "actual_sha256": "4c7d5f0836a2ab48df7672e00f99455e582fbf477b04ed2b3b44ef38506a8a6a"
      },
      "register_map": {
        "path": "C:\\Users\\user\\Documents\\RF_COMM_MULTILANE\\config\\register_map\\ir_axi_regs.yaml",
        "expected_sha256": "d5b0bf1476d815a3ed69988c72097827356d4eade48813c8913fc1b2d448983d",
        "exists": true,
        "actual_sha256": "d5b0bf1476d815a3ed69988c72097827356d4eade48813c8913fc1b2d448983d"
      },
      "shutdown_bitstream": {
        "path": "C:\\Users\\user\\Documents\\RF_COMM_MULTILANE\\shutdown_bitstream\\tfdu_shutdown_j10_j11.bit",
        "expected_sha256": "bac60b58912f0acd771dc830a6761535ec8f6a92befb1ae4cb7d928745af5810",
        "exists": true,
        "actual_sha256": "bac60b58912f0acd771dc830a6761535ec8f6a92befb1ae4cb7d928745af5810"
      }
    },
    "errors": [],
    "warnings": [
      "workspace has uncommitted changes; frozen artifact hashes remain authoritative"
    ]
  },
  "stage_validation_errors": [],
  "core_hardware_readiness": {
    "path": "C:\\Users\\user\\Documents\\RF_COMM_MULTILANE\\evidence\\generated\\p7_ps_core_hardware_readiness.json",
    "expected_sha256": "b9d749a0a64393d2a2ff37d03f064462476c6e2ca55eca1e42984fd04888584e",
    "actual_sha256": "b9d749a0a64393d2a2ff37d03f064462476c6e2ca55eca1e42984fd04888584e",
    "status": "PASS",
    "errors": [],
    "attestation": {
      "schema": "rf-comm-p7-ps-core-hardware-readiness-v1",
      "P7_PS_CORE_HARDWARE_READINESS": "PASS",
      "generated_at_utc": "2026-07-12T09:05:11+00:00",
      "hardware_actions_executed": false,
      "HARDWARE_ACCEPTANCE": "PENDING_HW",
      "checks": {
        "host_command_cache_disabled_or_isolated": true,
        "deadline_frozen_in_private_context": true,
        "active_transfer_obeys_absolute_deadline": true,
        "stop_abort_shutdown_observed_during_active_object": true,
        "shutdown_readback_verified": true,
        "failure_cleanup_shutdown_first": true,
        "failure_wipe_uses_private_validated_range": true,
        "integrity_crc_sha_immutable_chunk_snapshot": true,
        "descriptor_ready_published_last": true,
        "terminal_descriptor_stable_snapshot": true,
        "phy_reenabled_and_startup_ready_waited": true,
        "runtime_terminal_after_exact_deadline": true,
        "runtime_elapsed_seqlock_and_monotonic_reader": true,
        "runtime_elapsed_causal_request_release": true,
        "object_latency_start_precedes_input_integrity": true,
        "firmware_stationary_admission_cutoff": true,
        "contained_child_tree_reaped_before_shutdown": true,
        "strict_ring_host_publication_supported": true,
        "stationary_identity_ledger_bound": true,
        "native_shutdown_readback_test": true,
        "p7_python_and_codec_tests": true,
        "real_vitis_build_source_bound": true
      },
      "sources": {
        "software/ps_driver/p7_app_service.h": "95cf7c82b6ddb701b9ea64a4a25a7c9308ba7f13e674f80a0e38fec5b7fbb166",
        "software/ps_driver/p7_admission_contract.h": "12f38347e8cb15857342d9c70a61a6e92a1eeddb40224637a0280c5400ce5d41",
        "software/ps_driver/p7_app_service.c": "4299ee0d29e3cc29944980bac8fefadc2c6d055bcbf449f0db3f86a8a2ac0762",
        "software/ps_driver/p7_runtime_main.c": "cd5d98832dfd7bbe76a5ed90d70fba29008f1359710625dbe293e3eca0d5f6c9",
        "software/ps_driver/ir_driver.h": "09f0329fbec7d79429e4a4e3894526244dd74439540650692a28fd2867d29d07",
        "software/ps_driver/ir_driver.c": "0aaaf6234bf17d00ecac436b79cd43cc8690880f7e807e7cc92ce1b0f5fcd614",
        "tools/p7_ps_mailbox_backend.py": "8b3a6295f876c05789c96ac47fbff34c795557d2eaa9f7a5f84c90752ed2fbc5",
        "scripts/hw/run_p7_ps_application_stage_safe.py": "40e62730131165505516d97fe1f29056d096f44f6d24a18bb816acc575eed5e9",
        "scripts/hw/p7_ps_application_execute.tcl": "a4067493cbad5bc2b1cc7ba2eafbcf87745aac9f004e3e3c167a35710fe047b7",
        "scripts/hw/run_p7_jtag_axi_stage_safe.py": "8472cda8e66dc14ef856f7541139bb63400b7aebe9d19d30d37dd00260447dd2",
        "tools/p7_contained_launcher.py": "fe7ab681732b2ce2cb30c9233a1f58e3235d5f7b0da570a924af4a89f2fc7ca1"
      },
      "native_shutdown_test": {
        "compiler": "D:\\Xilinx\\Vitis_HLS\\2023.1\\tps\\mingw\\8.3.0\\win64.o\\nt\\bin\\gcc.exe",
        "compile_returncode": 0,
        "compile_stdout": "",
        "compile_stderr": "",
        "returncode": 0,
        "stdout": "",
        "stderr": ""
      },
      "native_stationary_admission_test": {
        "compiler": "D:\\Xilinx\\Vitis_HLS\\2023.1\\tps\\mingw\\8.3.0\\win64.o\\nt\\bin\\gcc.exe",
        "compile_returncode": 0,
        "compile_stdout": "",
        "compile_stderr": "",
        "returncode": 0,
        "stdout": "",
        "stderr": ""
      },
      "unit_tests": {
        "command": "C:\\Users\\user\\AppData\\Local\\Programs\\Python\\Python314\\python.exe -B -m unittest discover -s tests/p7 -p test*.py -v",
        "returncode": 0,
        "stdout": "",
        "stderr": "test_completed_object_replay_same_is_idempotent (test_p7_application.ProtocolTests.test_completed_object_replay_same_is_idempotent) ... ok\ntest_duplicate_different_rejected (test_p7_application.ProtocolTests.test_duplicate_different_rejected) ... ok\ntest_duplicate_same_is_idempotent (test_p7_application.ProtocolTests.test_duplicate_same_is_idempotent) ... ok\ntest_empty_object_is_header_only (test_p7_application.ProtocolTests.test_empty_object_is_header_only) ... ok\ntest_invalid_header_fields (test_p7_application.ProtocolTests.test_invalid_header_fields) ... ok\ntest_missing_fragment_never_complete (test_p7_application.ProtocolTests.test_missing_fragment_never_complete) ... ok\ntest_object_crc_failure (test_p7_application.ProtocolTests.test_object_crc_failure) ... ok\ntest_out_of_order_rejected (test_p7_application.ProtocolTests.test_out_of_order_rejected) ... ok\ntest_pattern_matrix (test_p7_application.ProtocolTests.test_pattern_matrix) ... ok\ntest_size_matrix (test_p7_application.ProtocolTests.test_size_matrix) ... ok\ntest_stale_session_rejected (test_p7_application.ProtocolTests.test_stale_session_rejected) ... ok\ntest_completed_descriptor_integrity (test_p7_application.PsMailboxCodecTests.test_completed_descriptor_integrity) ... ok\ntest_completed_descriptor_rejects_safety_and_lane_mismatch (test_p7_application.PsMailboxCodecTests.test_completed_descriptor_rejects_safety_and_lane_mismatch) ... ok\ntest_completed_descriptor_rejects_stale_identity_and_sequence (test_p7_application.PsMailboxCodecTests.test_completed_descriptor_rejects_stale_identity_and_sequence) ... ok\ntest_descriptor_ready_is_a_separate_last_publication (test_p7_application.PsMailboxCodecTests.test_descriptor_ready_is_a_separate_last_publication) ... ok\ntest_descriptor_roundtrip (test_p7_application.PsMailboxCodecTests.test_descriptor_roundtrip) ... ok\ntest_invalid_ps_ranges_rejected (test_p7_application.PsMailboxCodecTests.test_invalid_ps_ranges_rejected) ... ok\ntest_mailbox_codec (test_p7_application.PsMailboxCodecTests.test_mailbox_codec) ... ok\ntest_mailbox_runtime_bounds (test_p7_application.PsMailboxCodecTests.test_mailbox_runtime_bounds) ... ok\ntest_runtime_elapsed_seqlock_rejects_rollover_tears_and_regression (test_p7_application.PsMailboxCodecTests.test_runtime_elapsed_seqlock_rejects_rollover_tears_and_regression) ... ok\ntest_terminal_snapshot_rejects_torn_reads (test_p7_application.PsMailboxCodecTests.test_terminal_snapshot_rejects_torn_reads) ... ok\ntest_trace_geometry_overlap_and_end_boundary (test_p7_application.PsMailboxCodecTests.test_trace_geometry_overlap_and_end_boundary) ... ok\ntest_uint32_identity_boundaries (test_p7_application.PsMailboxCodecTests.test_uint32_identity_boundaries) ... ok\ntest_abort_and_restart_new_epoch (test_p7_application.TransportTests.test_abort_and_restart_new_epoch) ... ok\ntest_atomic_file_commit (test_p7_application.TransportTests.test_atomic_file_commit) ... ok\ntest_backend_conformance (test_p7_application.TransportTests.test_backend_conformance) ... ok\ntest_both_lanes_unavailable_bounded_failure (test_p7_application.TransportTests.test_both_lanes_unavailable_bounded_failure) ... ok\ntest_lane_fallback (test_p7_application.TransportTests.test_lane_fallback) ... ok\ntest_queue_backpressure_and_order (test_p7_application.TransportTests.test_queue_backpressure_and_order) ... ok\ntest_replication_semantics (test_p7_application.TransportTests.test_replication_semantics) ... ok\ntest_tcp_stub_cannot_open (test_p7_application.TransportTests.test_tcp_stub_cannot_open) ... ok\ntest_embedded_self_test (test_p7_jtag_backend.P7JtagBackendTests.test_embedded_self_test) ... ok\ntest_error_counter_and_rx_corruption_are_rejected (test_p7_jtag_backend.P7JtagBackendTests.test_error_counter_and_rx_corruption_are_rejected) ... ok\ntest_large_object_operation_formula_and_limits (test_p7_jtag_backend.P7JtagBackendTests.test_large_object_operation_formula_and_limits) ... ok\ntest_memory_mock_roundtrip_sizes_and_lane_policies (test_p7_jtag_backend.P7JtagBackendTests.test_memory_mock_roundtrip_sizes_and_lane_policies) ... ok\ntest_missing_and_duplicate_raw_keys_are_rejected_atomically (test_p7_jtag_backend.P7JtagBackendTests.test_missing_and_duplicate_raw_keys_are_rejected_atomically) ... ok\ntest_real_r5_clear_scoped_raw_pulse_evidence_parses (test_p7_jtag_backend.P7JtagBackendTests.test_real_r5_clear_scoped_raw_pulse_evidence_parses) ... ok\ntest_real_r8_retry_evidence_parses (test_p7_jtag_backend.P7JtagBackendTests.test_real_r8_retry_evidence_parses) ... ok\ntest_retry_delta_allows_duplicate_valid_frames_and_is_bounded (test_p7_jtag_backend.P7JtagBackendTests.test_retry_delta_allows_duplicate_valid_frames_and_is_bounded) ... ok\n\n----------------------------------------------------------------------\nRan 39 tests in 1.207s\n\nOK\n"
      },
      "build_summary": "evidence/generated/vitis/p7_ps_runtime/p7_ps_runtime_build_summary.json"
    },
    "source_fingerprint": "c10ac6ef9e43cdc469eadf20c058e63441bddcb143bfdf19e11e19e7dbf1b5fe"
  },
  "raw_exit_policy": "every_process_must_return_exactly_zero_and_match_fresh_markers",
  "output_atomicity": "temp_fsync_replace_for_host_outputs_and_partial_rename_for_XSDB_dumps",
  "evidence_dir": "C:\\Users\\user\\Documents\\RF_COMM_MULTILANE\\evidence\\hardware\\p7\\authorized_sequence\\p7_20260712_stationary_app_r26_diag_suffix55\\062_p7_ps_functional",
  "bundle_manifest": {
    "path": "C:\\Users\\user\\Documents\\RF_COMM_MULTILANE\\evidence\\hardware\\p7\\authorized_sequence\\p7_20260712_stationary_app_r26_diag_suffix55\\062_p7_ps_functional\\bundle\\bundle_manifest.json",
    "size_bytes": 109313,
    "sha256": "6c0e383e6216dd5b3b7f340489793f07c801978378d36d8f28cf58866c9dffab"
  },
  "execution_plan": {
    "path": "C:\\Users\\user\\Documents\\RF_COMM_MULTILANE\\evidence\\hardware\\p7\\authorized_sequence\\p7_20260712_stationary_app_r26_diag_suffix55\\062_p7_ps_functional\\bundle\\execution_plan.txt",
    "size_bytes": 4438,
    "sha256": "2cac968ba397a3ccfe5ad2cd67491fd42f31b10957f4fc27c27e859df8dc8a8e"
  },
  "scheduling_cutoff_sec": 840,
  "frozen_shutdown": {
    "path": "C:\\Users\\user\\Documents\\RF_COMM_MULTILANE\\evidence\\hardware\\p7\\shutdown\\p7_frozen_shutdown_bac60b58912f0acd771dc830a6761535ec8f6a92befb1ae4cb7d928745af5810.bit",
    "size_bytes": 2083853,
    "sha256": "bac60b58912f0acd771dc830a6761535ec8f6a92befb1ae4cb7d928745af5810"
  },
  "bundle_pre_run_file_count": 238,
  "hardware_execution_lock": {
    "path": "C:\\Users\\user\\Documents\\RF_COMM_MULTILANE\\.hardware_authorization\\P7_HARDWARE_EXECUTION.lock",
    "token_sha256": "e73f4f448727eddda4291c838576a5e4cdc63b36c7443dab1e8fcb5eae3b5030",
    "owner": {
      "schema": "rf-comm-p7-hardware-execution-lock-v1",
      "pid": 44752,
      "wrapper": "run_p7_ps_application_stage_safe.py",
      "mode": "functional",
      "stage_name": "p7_ps_functional",
      "acquired_at_utc": "2026-07-12T10:45:50.246442+00:00",
      "evidence_dir": "C:\\Users\\user\\Documents\\RF_COMM_MULTILANE\\evidence\\hardware\\p7\\authorized_sequence\\p7_20260712_stationary_app_r26_diag_suffix55\\062_p7_ps_functional"
    },
    "acquired": true,
    "stale_lock_auto_recovery": false
  },
  "preflight": {
    "name": "preflight",
    "returncode": 0,
    "stdout_path": "C:\\Users\\user\\Documents\\RF_COMM_MULTILANE\\evidence\\hardware\\p7\\authorized_sequence\\p7_20260712_stationary_app_r26_diag_suffix55\\062_p7_ps_functional\\preflight.stdout.log",
    "stderr_path": "C:\\Users\\user\\Documents\\RF_COMM_MULTILANE\\evidence\\hardware\\p7\\authorized_sequence\\p7_20260712_stationary_app_r26_diag_suffix55\\062_p7_ps_functional\\preflight.stderr.log",
    "elapsed_seconds": 31.26865,
    "argv": [
      "D:\\Xilinx\\Vivado\\2023.1\\bin\\vivado.bat",
      "-mode",
      "batch",
      "-source",
      "C:\\Users\\user\\Documents\\RF_COMM_MULTILANE\\scripts\\hw\\p7_hw_preflight.tcl",
      "-tclargs",
      "C:\\Users\\user\\Documents\\RF_COMM_MULTILANE",
      "C:\\Users\\user\\Documents\\RF_COMM_MULTILANE\\.hardware_authorization\\p7_20260712_stationary_app_r26_diag_suffix55_062_p7_ps_functional.txt",
      "210512180081",
      "xc7z010clg400-1",
      "localhost:3121/xilinx_tcf/Digilent/210512180081",
      "localhost:3121",
      "C:\\Users\\user\\Documents\\RF_COMM_MULTILANE\\evidence\\hardware\\p7\\authorized_sequence\\p7_20260712_stationary_app_r26_diag_suffix55\\062_p7_ps_functional\\p7_hw_preflight_result.txt.partial"
    ],
    "started_at_utc": "2026-07-12T10:45:50.247937+00:00",
    "ended_at_utc": "2026-07-12T10:46:21.517465+00:00",
    "timed_out": false,
    "abort_seen": false,
    "interrupted": false,
    "process_tree_terminated": false,
    "process_tree_reaped": true,
    "containment_kind": "WINDOWS_JOB_OBJECT_KILL_ON_CLOSE",
    "containment_assigned": true,
    "containment_closed": true,
    "descendant_count_after": 0,
    "expected_tool_daemon_grace_used": true,
    "expected_tool_daemon_grace_seconds": 30.0,
    "expected_tool_daemon_paths": [
      "D:\\Xilinx\\Vivado\\2023.1\\bin\\unwrapped\\win64.o\\cs_server.exe",
      "D:\\Xilinx\\Vivado\\2023.1\\bin\\unwrapped\\win64.o\\rdi_xsdb.exe",
      "C:\\Windows\\System32\\cmd.exe",
      "C:\\Windows\\System32\\conhost.exe"
    ],
    "descendant_paths_seen": [
      "C:\\Windows\\System32\\cmd.exe",
      "D:\\Xilinx\\Vivado\\2023.1\\bin\\unwrapped\\win64.o\\cs_server.exe",
      "C:\\Windows\\System32\\conhost.exe",
      "D:\\Xilinx\\Vivado\\2023.1\\bin\\unwrapped\\win64.o\\rdi_xsdb.exe",
      "C:\\Windows\\System32\\conhost.exe",
      "D:\\Xilinx\\Vivado\\2023.1\\bin\\unwrapped\\win64.o\\cs_server.exe"
    ],
    "descendant_processes_seen": [
      {
        "pid": 1144,
        "parent_pid": 4284,
        "parent_active_globally": false,
        "image_path": "C:\\Windows\\System32\\cmd.exe",
        "creation_time_100ns": 134283267593586536
      },
      {
        "pid": 10076,
        "parent_pid": 42640,
        "parent_active_globally": true,
        "image_path": "D:\\Xilinx\\Vivado\\2023.1\\bin\\unwrapped\\win64.o\\cs_server.exe",
        "creation_time_100ns": 134283267589546815
      },
      {
        "pid": 23188,
        "parent_pid": 25132,
        "parent_active_globally": false,
        "image_path": "C:\\Windows\\System32\\conhost.exe",
        "creation_time_100ns": 134283267581923058
      },
      {
        "pid": 32884,
        "parent_pid": 1144,
        "parent_active_globally": true,
        "image_path": "D:\\Xilinx\\Vivado\\2023.1\\bin\\unwrapped\\win64.o\\rdi_xsdb.exe",
        "creation_time_100ns": 134283267596763286
      },
      {
        "pid": 42020,
        "parent_pid": 1144,
        "parent_active_globally": true,
        "image_path": "C:\\Windows\\System32\\conhost.exe",
        "creation_time_100ns": 134283267593648272
      },
      {
        "pid": 42640,
        "parent_pid": 37056,
        "parent_active_globally": false,
        "image_path": "D:\\Xilinx\\Vivado\\2023.1\\bin\\unwrapped\\win64.o\\cs_server.exe",
        "creation_time_100ns": 134283267588618852
      }
    ],
    "expected_tool_daemon_classification": "EXACT_R2_VIVADO_EXIT_HELPER_FOREST",
    "expected_tool_daemon_topology_snapshots": [
      {
        "classification": "EXACT_R2_VIVADO_EXIT_HELPER_FOREST",
        "elapsed_seconds": 0.0076,
        "processes": [
          {
            "pid": 1144,
            "parent_pid": 4284,
            "parent_active_globally": false,
            "image_path": "C:\\Windows\\System32\\cmd.exe",
            "creation_time_100ns": 134283267593586536
          },
          {
            "pid": 10076,
            "parent_pid": 42640,
            "parent_active_globally": true,
            "image_path": "D:\\Xilinx\\Vivado\\2023.1\\bin\\unwrapped\\win64.o\\cs_server.exe",
            "creation_time_100ns": 134283267589546815
          },
          {
            "pid": 23188,
            "parent_pid": 25132,
            "parent_active_globally": false,
            "image_path": "C:\\Windows\\System32\\conhost.exe",
            "creation_time_100ns": 134283267581923058
          },
          {
            "pid": 32884,
            "parent_pid": 1144,
            "parent_active_globally": true,
            "image_path": "D:\\Xilinx\\Vivado\\2023.1\\bin\\unwrapped\\win64.o\\rdi_xsdb.exe",
            "creation_time_100ns": 134283267596763286
          },
          {
            "pid": 42020,
            "parent_pid": 1144,
            "parent_active_globally": true,
            "image_path": "C:\\Windows\\System32\\conhost.exe",
            "creation_time_100ns": 134283267593648272
          },
          {
            "pid": 42640,
            "parent_pid": 37056,
            "parent_active_globally": false,
            "image_path": "D:\\Xilinx\\Vivado\\2023.1\\bin\\unwrapped\\win64.o\\cs_server.exe",
            "creation_time_100ns": 134283267588618852
          }
        ]
      },
      {
        "classification": "STRICT_SHRINK_SUBSET_OF_EXACT_R2_VIVADO_EXIT_HELPER_FOREST",
        "elapsed_seconds": 19.516019,
        "processes": [
          {
            "pid": 10076,
            "parent_pid": 42640,
            "parent_active_globally": true,
            "image_path": "D:\\Xilinx\\Vivado\\2023.1\\bin\\unwrapped\\win64.o\\cs_server.exe",
            "creation_time_100ns": 134283267589546815
          },
          {
            "pid": 23188,
            "parent_pid": 25132,
            "parent_active_globally": false,
            "image_path": "C:\\Windows\\System32\\conhost.exe",
            "creation_time_100ns": 134283267581923058
          },
          {
            "pid": 42640,
            "parent_pid": 37056,
            "parent_active_globally": false,
            "image_path": "D:\\Xilinx\\Vivado\\2023.1\\bin\\unwrapped\\win64.o\\cs_server.exe",
            "creation_time_100ns": 134283267588618852
          }
        ]
      },
      {
        "classification": "EMPTY",
        "elapsed_seconds": 20.701523,
        "processes": []
      }
    ],
    "expected_tool_daemon_topology_revalidation_count": 190,
    "expected_tool_daemon_topology_monotonic": true,
    "expected_tool_daemon_topology_sample_elapsed_seconds": [
      5.3e-05,
      0.0076,
      0.117428,
      0.226332,
      0.335212,
      0.443434,
      0.551476,
      0.659501,
      0.768662,
      0.875563,
      0.984494,
      1.093348,
      1.201973,
      1.310481,
      1.41936,
      1.52826,
      1.63603,
      1.744956,
      1.853426,
      1.961647,
      2.070795,
      2.180057,
      2.288535,
      2.397069,
      2.505209,
      2.613977,
      2.72229,
      2.832154,
      2.940816,
      3.049928,
      3.158885,
      3.267096,
      3.375981,
      3.484774,
      3.593377,
      3.702569,
      3.80957,
      3.918322,
      4.027491,
      4.136407,
      4.245207,
      4.35382,
      4.462453,
      4.571262,
      4.680015,
      4.788438,
      4.897113,
      5.005479,
      5.11497,
      5.222013,
      5.330712,
      5.439734,
      5.552224,
      5.660518,
      5.769265,
      5.878096,
      5.987596,
      6.096016,
      6.204526,
      6.313391,
      6.421929,
      6.530674,
      6.639944,
      6.748192,
      6.856925,
      6.965979,
      7.07454,
      7.183433,
      7.292066,
      7.400332,
      7.508604,
      7.61729,
      7.725692,
      7.834286,
      7.942413,
      8.051524,
      8.158546,
      8.26711,
      8.377389,
      8.48619,
      8.595131,
      8.704026,
      8.812709,
      8.921941,
      9.03026,
      9.139197,
      9.24783,
      9.356396,
      9.46483,
      9.574165,
      9.682742,
      9.791683,
      9.900819,
      10.00952,
      10.118684,
      10.228117,
      10.337093,
      10.445753,
      10.554052,
      10.662446,
      10.771446,
      10.879901,
      10.989243,
      11.096574,
      11.205244,
      11.313708,
      11.422326,
      11.530791,
      11.639351,
      11.748199,
      11.856695,
      11.965193,
      12.074189,
      12.182102,
      12.290913,
      12.400095,
      12.507153,
      12.615677,
      12.723917,
      12.832599,
      12.941287,
      13.050155,
      13.158888,
      13.268448,
      13.376564,
      13.485489,
      13.593696,
      13.702228,
      13.81134,
      13.918661,
      14.027451,
      14.136431,
      14.24522,
      14.353696,
      14.461926,
      14.570448,
      14.678859,
      14.78782,
      14.896317,
      15.004694,
      15.113394,
      15.222047,
      15.33072,
      15.44023,
      15.548949,
      15.657883,
      15.766559,
      15.875043,
      15.984269,
      16.092811,
      16.20139,
      16.310005,
      16.418161,
      16.526664,
      16.633596,
      16.742643,
      16.851406,
      16.960717,
      17.069329,
      17.178744,
      17.287308,
      17.39591,
      17.505051,
      17.61356,
      17.722263,
      17.831024,
      17.939166,
      18.048285,
      18.156041,
      18.26448,
      18.372922,
      18.481747,
      18.590606,
      18.698847,
      18.807752,
      18.916458,
      19.024701,
      19.133431,
      19.242361,
      19.351144,
      19.516019,
      19.624194,
      19.733758,
      19.842182,
      19.95053,
      20.058587,
      20.16696,
      20.275652,
      20.383495,
      20.49154,
      20.600133,
      20.701523
    ],
    "expected_tool_daemon_topology_max_sample_gap_seconds": 0.164875,
    "expected_tool_daemon_grace_elapsed_seconds": 20.701542,
    "expected_tool_daemon_hashes_verified": true,
    "expected_tool_daemon_sha256_by_role": {
      "cs_server": "9bf0e15ffe162a96679c14b8117cf8ebe8a47b8032bee4ab8cb0317c112df536",
      "rdi_xsdb": "3193d8c4e7115e82e5b4ea6c2eb1aa8a7566bd5a9f9c78e9d901b9eab9d4ebfc",
      "cmd": "75320a519959cc6d089ea3eba33c38caccb7f138a025ea439bc9686cdb79ded4",
      "conhost": "a93cbb36b9c02364be6a72817174c46f94b66715549f279c6592ed659d237911"
    },
    "expected_tool_daemon_hash_error": "",
    "expected_tool_daemon_prelaunch_hashes_verified": true,
    "expected_tool_daemon_prelaunch_sha256_by_role": {
      "cs_server": "9bf0e15ffe162a96679c14b8117cf8ebe8a47b8032bee4ab8cb0317c112df536",
      "rdi_xsdb": "3193d8c4e7115e82e5b4ea6c2eb1aa8a7566bd5a9f9c78e9d901b9eab9d4ebfc",
      "cmd": "75320a519959cc6d089ea3eba33c38caccb7f138a025ea439bc9686cdb79ded4",
      "conhost": "a93cbb36b9c02364be6a72817174c46f94b66715549f279c6592ed659d237911"
    },
    "expected_tool_daemon_prelaunch_hash_error": "",
    "expected_tool_daemon_postexit_hashes_verified": true,
    "expected_tool_daemon_postexit_sha256_by_role": {
      "cs_server": "9bf0e15ffe162a96679c14b8117cf8ebe8a47b8032bee4ab8cb0317c112df536",
      "rdi_xsdb": "3193d8c4e7115e82e5b4ea6c2eb1aa8a7566bd5a9f9c78e9d901b9eab9d4ebfc",
      "cmd": "75320a519959cc6d089ea3eba33c38caccb7f138a025ea439bc9686cdb79ded4",
      "conhost": "a93cbb36b9c02364be6a72817174c46f94b66715549f279c6592ed659d237911"
    },
    "expected_tool_daemon_postexit_hash_error": "",
    "expected_tool_daemon_topology_error": "",
    "expected_tool_daemon_topology_terminal_empty": true,
    "process_identity_query_retry_count": 1,
    "process_exit_race_recheck_count": 1,
    "process_identity_query_transient_errors": [],
    "containment_cleanup_attempted": false,
    "containment_cleanup_terminated": false,
    "process_exit_race_rechecked": true,
    "process_identity_query_retried": true,
    "containment_query_error": "",
    "launch_error": "",
    "watchdog_reason": "",
    "active_marker_seen": false,
    "safe_terminal_marker_seen": false,
    "passed": true,
    "failures": []
  },
  "target_identity": {
    "P7_HW_PREFLIGHT_AUTHORIZED": "1",
    "P7_HW_PREFLIGHT_READ_ONLY": "1",
    "P7_HW_PREFLIGHT_BOARD_ID": "210512180081",
    "P7_HW_PREFLIGHT_TARGET": "localhost:3121/xilinx_tcf/Digilent/210512180081",
    "P7_HW_PREFLIGHT_DEVICE": "xc7z010_1",
    "P7_HW_PREFLIGHT_PART": "xc7z010clg400-1",
    "P7_HW_PREFLIGHT_IDCODE": "00010011011100100010000010010011",
    "P7_HW_PREFLIGHT_CANONICAL_PART": "xc7z010clg400-1",
    "P7_HW_PREFLIGHT_LIVE_PART": "xc7z010",
    "P7_HW_PREFLIGHT_LIVE_DEVICE": "xc7z010_1",
    "P7_HW_PREFLIGHT_LIVE_IDCODE": "00010011011100100010000010010011",
    "P7_HW_PREFLIGHT_RESULT": "PASS"
  },
  "shutdown_before": {
    "name": "shutdown_before",
    "returncode": 0,
    "stdout_path": "C:\\Users\\user\\Documents\\RF_COMM_MULTILANE\\evidence\\hardware\\p7\\authorized_sequence\\p7_20260712_stationary_app_r26_diag_suffix55\\062_p7_ps_functional\\shutdown_before.stdout.log",
    "stderr_path": "C:\\Users\\user\\Documents\\RF_COMM_MULTILANE\\evidence\\hardware\\p7\\authorized_sequence\\p7_20260712_stationary_app_r26_diag_suffix55\\062_p7_ps_functional\\shutdown_before.stderr.log",
    "elapsed_seconds": 48.452575,
    "argv": [
      "D:\\Xilinx\\Vivado\\2023.1\\bin\\vivado.bat",
      "-mode",
      "batch",
      "-source",
      "C:\\Users\\user\\Documents\\RF_COMM_MULTILANE\\scripts\\hw\\p7_jtag_axi_transactions.tcl",
      "-tclargs",
      "C:\\Users\\user\\Documents\\RF_COMM_MULTILANE",
      "SHUTDOWN",
      "C:\\Users\\user\\Documents\\RF_COMM_MULTILANE\\.hardware_authorization\\p7_20260712_stationary_app_r26_diag_suffix55_062_p7_ps_functional.txt",
      "210512180081",
      "xc7z010clg400-1",
      "localhost:3121/xilinx_tcf/Digilent/210512180081",
      "localhost:3121",
      "1000000",
      "C:\\Users\\user\\Documents\\RF_COMM_MULTILANE\\evidence\\hardware\\p7\\shutdown\\p7_frozen_shutdown_bac60b58912f0acd771dc830a6761535ec8f6a92befb1ae4cb7d928745af5810.bit",
      "-",
      "-",
      "C:\\Users\\user\\Documents\\RF_COMM_MULTILANE\\evidence\\hardware\\p7\\authorized_sequence\\p7_20260712_stationary_app_r26_diag_suffix55\\062_p7_ps_functional\\shutdown_before_result.txt.partial",
      "0x43c00000",
      "1",
      "134217728",
      "900",
      "C:\\Users\\user\\Documents\\RF_COMM_MULTILANE\\evidence\\hardware\\p7\\shutdown\\p7_frozen_shutdown_bac60b58912f0acd771dc830a6761535ec8f6a92befb1ae4cb7d928745af5810.bit"
    ],
    "started_at_utc": "2026-07-12T10:46:21.531677+00:00",
    "ended_at_utc": "2026-07-12T10:47:09.984994+00:00",
    "timed_out": false,
    "abort_seen": false,
    "interrupted": false,
    "process_tree_terminated": false,
    "process_tree_reaped": true,
    "containment_kind": "WINDOWS_JOB_OBJECT_KILL_ON_CLOSE",
    "containment_assigned": true,
    "containment_closed": true,
    "descendant_count_after": 0,
    "expected_tool_daemon_grace_used": true,
    "expected_tool_daemon_grace_seconds": 30.0,
    "expected_tool_daemon_paths": [
      "D:\\Xilinx\\Vivado\\2023.1\\bin\\unwrapped\\win64.o\\cs_server.exe",
      "D:\\Xilinx\\Vivado\\2023.1\\bin\\unwrapped\\win64.o\\rdi_xsdb.exe",
      "C:\\Windows\\System32\\cmd.exe",
      "C:\\Windows\\System32\\conhost.exe"
    ],
    "descendant_paths_seen": [
      "D:\\Xilinx\\Vivado\\2023.1\\bin\\unwrapped\\win64.o\\cs_server.exe",
      "D:\\Xilinx\\Vivado\\2023.1\\bin\\unwrapped\\win64.o\\cs_server.exe",
      "C:\\Windows\\System32\\conhost.exe",
      "C:\\Windows\\System32\\conhost.exe",
      "C:\\Windows\\System32\\cmd.exe",
      "D:\\Xilinx\\Vivado\\2023.1\\bin\\unwrapped\\win64.o\\rdi_xsdb.exe"
    ],
    "descendant_processes_seen": [
      {
        "pid": 9040,
        "parent_pid": 18312,
        "parent_active_globally": true,
        "image_path": "D:\\Xilinx\\Vivado\\2023.1\\bin\\unwrapped\\win64.o\\cs_server.exe",
        "creation_time_100ns": 134283267902324542
      },
      {
        "pid": 18312,
        "parent_pid": 3640,
        "parent_active_globally": false,
        "image_path": "D:\\Xilinx\\Vivado\\2023.1\\bin\\unwrapped\\win64.o\\cs_server.exe",
        "creation_time_100ns": 134283267901384579
      },
      {
        "pid": 27412,
        "parent_pid": 24252,
        "parent_active_globally": false,
        "image_path": "C:\\Windows\\System32\\conhost.exe",
        "creation_time_100ns": 134283267894702573
      },
      {
        "pid": 32712,
        "parent_pid": 41680,
        "parent_active_globally": true,
        "image_path": "C:\\Windows\\System32\\conhost.exe",
        "creation_time_100ns": 134283267906608488
      },
      {
        "pid": 41680,
        "parent_pid": 37260,
        "parent_active_globally": false,
        "image_path": "C:\\Windows\\System32\\cmd.exe",
        "creation_time_100ns": 134283267906552667
      },
      {
        "pid": 45024,
        "parent_pid": 41680,
        "parent_active_globally": true,
        "image_path": "D:\\Xilinx\\Vivado\\2023.1\\bin\\unwrapped\\win64.o\\rdi_xsdb.exe",
        "creation_time_100ns": 134283267909530545
      }
    ],
    "expected_tool_daemon_classification": "EXACT_R2_VIVADO_EXIT_HELPER_FOREST",
    "expected_tool_daemon_topology_snapshots": [
      {
        "classification": "EXACT_R2_VIVADO_EXIT_HELPER_FOREST",
        "elapsed_seconds": 0.007362,
        "processes": [
          {
            "pid": 9040,
            "parent_pid": 18312,
            "parent_active_globally": true,
            "image_path": "D:\\Xilinx\\Vivado\\2023.1\\bin\\unwrapped\\win64.o\\cs_server.exe",
            "creation_time_100ns": 134283267902324542
          },
          {
            "pid": 18312,
            "parent_pid": 3640,
            "parent_active_globally": false,
            "image_path": "D:\\Xilinx\\Vivado\\2023.1\\bin\\unwrapped\\win64.o\\cs_server.exe",
            "creation_time_100ns": 134283267901384579
          },
          {
            "pid": 27412,
            "parent_pid": 24252,
            "parent_active_globally": false,
            "image_path": "C:\\Windows\\System32\\conhost.exe",
            "creation_time_100ns": 134283267894702573
          },
          {
            "pid": 32712,
            "parent_pid": 41680,
            "parent_active_globally": true,
            "image_path": "C:\\Windows\\System32\\conhost.exe",
            "creation_time_100ns": 134283267906608488
          },
          {
            "pid": 41680,
            "parent_pid": 37260,
            "parent_active_globally": false,
            "image_path": "C:\\Windows\\System32\\cmd.exe",
            "creation_time_100ns": 134283267906552667
          },
          {
            "pid": 45024,
            "parent_pid": 41680,
            "parent_active_globally": true,
            "image_path": "D:\\Xilinx\\Vivado\\2023.1\\bin\\unwrapped\\win64.o\\rdi_xsdb.exe",
            "creation_time_100ns": 134283267909530545
          }
        ]
      },
      {
        "classification": "STRICT_SHRINK_SUBSET_OF_EXACT_R2_VIVADO_EXIT_HELPER_FOREST",
        "elapsed_seconds": 19.372935,
        "processes": [
          {
            "pid": 9040,
            "parent_pid": 18312,
            "parent_active_globally": true,
            "image_path": "D:\\Xilinx\\Vivado\\2023.1\\bin\\unwrapped\\win64.o\\cs_server.exe",
            "creation_time_100ns": 134283267902324542
          },
          {
            "pid": 18312,
            "parent_pid": 3640,
            "parent_active_globally": false,
            "image_path": "D:\\Xilinx\\Vivado\\2023.1\\bin\\unwrapped\\win64.o\\cs_server.exe",
            "creation_time_100ns": 134283267901384579
          },
          {
            "pid": 27412,
            "parent_pid": 24252,
            "parent_active_globally": false,
            "image_path": "C:\\Windows\\System32\\conhost.exe",
            "creation_time_100ns": 134283267894702573
          }
        ]
      },
      {
        "classification": "EMPTY",
        "elapsed_seconds": 20.620526,
        "processes": []
      }
    ],
    "expected_tool_daemon_topology_revalidation_count": 189,
    "expected_tool_daemon_topology_monotonic": true,
    "expected_tool_daemon_topology_sample_elapsed_seconds": [
      4.2e-05,
      0.007362,
      0.115941,
      0.224469,
      0.333161,
      0.441558,
      0.550977,
      0.659458,
      0.768546,
      0.877861,
      0.987046,
      1.095801,
      1.204385,
      1.312918,
      1.421996,
      1.530755,
      1.640373,
      1.748736,
      1.856735,
      1.965357,
      2.072458,
      2.181197,
      2.28952,
      2.398522,
      2.507758,
      2.616339,
      2.725526,
      2.834149,
      2.942625,
      3.051488,
      3.159714,
      3.268109,
      3.375905,
      3.483101,
      3.591757,
      3.703012,
      3.811936,
      3.920395,
      4.028662,
      4.137099,
      4.245822,
      4.354109,
      4.46282,
      4.571328,
      4.679977,
      4.788587,
      4.895855,
      5.004283,
      5.112992,
      5.221911,
      5.33039,
      5.439581,
      5.54815,
      5.657349,
      5.766368,
      5.875299,
      5.983853,
      6.09198,
      6.200383,
      6.30963,
      6.418198,
      6.531273,
      6.640059,
      6.74844,
      6.857318,
      6.965753,
      7.074026,
      7.182591,
      7.291133,
      7.3993,
      7.507527,
      7.615595,
      7.724256,
      7.833165,
      7.941951,
      8.050564,
      8.159595,
      8.268424,
      8.377853,
      8.486352,
      8.594805,
      8.703504,
      8.812175,
      8.920499,
      9.029061,
      9.148834,
      9.257137,
      9.366035,
      9.474832,
      9.583404,
      9.6966,
      9.805453,
      9.914034,
      10.022574,
      10.131355,
      10.23975,
      10.347903,
      10.456916,
      10.566862,
      10.6746,
      10.783481,
      10.891791,
      11.000495,
      11.1094,
      11.218313,
      11.326613,
      11.435204,
      11.543925,
      11.65234,
      11.760818,
      11.868989,
      11.9779,
      12.085472,
      12.194102,
      12.303398,
      12.41294,
      12.521779,
      12.631434,
      12.740179,
      12.849165,
      12.958574,
      13.068078,
      13.177059,
      13.285103,
      13.393647,
      13.500356,
      13.609525,
      13.716545,
      13.823829,
      13.932694,
      14.04525,
      14.153871,
      14.262303,
      14.370972,
      14.47968,
      14.588157,
      14.696725,
      14.80531,
      14.914154,
      15.023199,
      15.13238,
      15.240538,
      15.349608,
      15.458343,
      15.567189,
      15.675651,
      15.784911,
      15.893437,
      16.001688,
      16.110546,
      16.219156,
      16.327822,
      16.435718,
      16.544817,
      16.653516,
      16.762175,
      16.875486,
      16.98376,
      17.091876,
      17.200438,
      17.308868,
      17.417548,
      17.526981,
      17.635598,
      17.744181,
      17.851203,
      17.960046,
      18.06889,
      18.177807,
      18.286715,
      18.395614,
      18.504312,
      18.612917,
      18.721876,
      18.830153,
      18.939124,
      19.047786,
      19.156521,
      19.263905,
      19.372935,
      19.485008,
      19.593463,
      19.702353,
      19.811039,
      19.919152,
      20.02745,
      20.135912,
      20.243796,
      20.352672,
      20.460718,
      20.620526
    ],
    "expected_tool_daemon_topology_max_sample_gap_seconds": 0.159808,
    "expected_tool_daemon_grace_elapsed_seconds": 20.620546,
    "expected_tool_daemon_hashes_verified": true,
    "expected_tool_daemon_sha256_by_role": {
      "cs_server": "9bf0e15ffe162a96679c14b8117cf8ebe8a47b8032bee4ab8cb0317c112df536",
      "rdi_xsdb": "3193d8c4e7115e82e5b4ea6c2eb1aa8a7566bd5a9f9c78e9d901b9eab9d4ebfc",
      "cmd": "75320a519959cc6d089ea3eba33c38caccb7f138a025ea439bc9686cdb79ded4",
      "conhost": "a93cbb36b9c02364be6a72817174c46f94b66715549f279c6592ed659d237911"
    },
    "expected_tool_daemon_hash_error": "",
    "expected_tool_daemon_prelaunch_hashes_verified": true,
    "expected_tool_daemon_prelaunch_sha256_by_role": {
      "cs_server": "9bf0e15ffe162a96679c14b8117cf8ebe8a47b8032bee4ab8cb0317c112df536",
      "rdi_xsdb": "3193d8c4e7115e82e5b4ea6c2eb1aa8a7566bd5a9f9c78e9d901b9eab9d4ebfc",
      "cmd": "75320a519959cc6d089ea3eba33c38caccb7f138a025ea439bc9686cdb79ded4",
      "conhost": "a93cbb36b9c02364be6a72817174c46f94b66715549f279c6592ed659d237911"
    },
    "expected_tool_daemon_prelaunch_hash_error": "",
    "expected_tool_daemon_postexit_hashes_verified": true,
    "expected_tool_daemon_postexit_sha256_by_role": {
      "cs_server": "9bf0e15ffe162a96679c14b8117cf8ebe8a47b8032bee4ab8cb0317c112df536",
      "rdi_xsdb": "3193d8c4e7115e82e5b4ea6c2eb1aa8a7566bd5a9f9c78e9d901b9eab9d4ebfc",
      "cmd": "75320a519959cc6d089ea3eba33c38caccb7f138a025ea439bc9686cdb79ded4",
      "conhost": "a93cbb36b9c02364be6a72817174c46f94b66715549f279c6592ed659d237911"
    },
    "expected_tool_daemon_postexit_hash_error": "",
    "expected_tool_daemon_topology_error": "",
    "expected_tool_daemon_topology_terminal_empty": true,
    "process_identity_query_retry_count": 0,
    "process_exit_race_recheck_count": 1,
    "process_identity_query_transient_errors": [],
    "containment_cleanup_attempted": false,
    "containment_cleanup_terminated": false,
    "process_exit_race_rechecked": true,
    "process_identity_query_retried": false,
    "containment_query_error": "",
    "launch_error": "",
    "watchdog_reason": "",
    "active_marker_seen": false,
    "safe_terminal_marker_seen": false,
    "attempted": true,
    "programming_attempted": true,
    "result_file": "C:\\Users\\user\\Documents\\RF_COMM_MULTILANE\\evidence\\hardware\\p7\\authorized_sequence\\p7_20260712_stationary_app_r26_diag_suffix55\\062_p7_ps_functional\\shutdown_before_result.txt",
    "passed": true,
    "failures": []
  },
  "shutdown_after": {
    "name": "shutdown_after",
    "returncode": 0,
    "stdout_path": "C:\\Users\\user\\Documents\\RF_COMM_MULTILANE\\evidence\\hardware\\p7\\authorized_sequence\\p7_20260712_stationary_app_r26_diag_suffix55\\062_p7_ps_functional\\shutdown_after.stdout.log",
    "stderr_path": "C:\\Users\\user\\Documents\\RF_COMM_MULTILANE\\evidence\\hardware\\p7\\authorized_sequence\\p7_20260712_stationary_app_r26_diag_suffix55\\062_p7_ps_functional\\shutdown_after.stderr.log",
    "elapsed_seconds": 48.565522,
    "argv": [
      "D:\\Xilinx\\Vivado\\2023.1\\bin\\vivado.bat",
      "-mode",
      "batch",
      "-source",
      "C:\\Users\\user\\Documents\\RF_COMM_MULTILANE\\scripts\\hw\\p7_jtag_axi_transactions.tcl",
      "-tclargs",
      "C:\\Users\\user\\Documents\\RF_COMM_MULTILANE",
      "SHUTDOWN",
      "C:\\Users\\user\\Documents\\RF_COMM_MULTILANE\\.hardware_authorization\\p7_20260712_stationary_app_r26_diag_suffix55_062_p7_ps_functional.txt",
      "210512180081",
      "xc7z010clg400-1",
      "localhost:3121/xilinx_tcf/Digilent/210512180081",
      "localhost:3121",
      "1000000",
      "C:\\Users\\user\\Documents\\RF_COMM_MULTILANE\\evidence\\hardware\\p7\\shutdown\\p7_frozen_shutdown_bac60b58912f0acd771dc830a6761535ec8f6a92befb1ae4cb7d928745af5810.bit",
      "-",
      "-",
      "C:\\Users\\user\\Documents\\RF_COMM_MULTILANE\\evidence\\hardware\\p7\\authorized_sequence\\p7_20260712_stationary_app_r26_diag_suffix55\\062_p7_ps_functional\\shutdown_after_result.txt.partial",
      "0x43c00000",
      "1",
      "134217728",
      "900",
      "C:\\Users\\user\\Documents\\RF_COMM_MULTILANE\\evidence\\hardware\\p7\\shutdown\\p7_frozen_shutdown_bac60b58912f0acd771dc830a6761535ec8f6a92befb1ae4cb7d928745af5810.bit"
    ],
    "started_at_utc": "2026-07-12T10:50:41.730673+00:00",
    "ended_at_utc": "2026-07-12T10:51:30.297045+00:00",
    "timed_out": false,
    "abort_seen": false,
    "interrupted": false,
    "process_tree_terminated": false,
    "process_tree_reaped": true,
    "containment_kind": "WINDOWS_JOB_OBJECT_KILL_ON_CLOSE",
    "containment_assigned": true,
    "containment_closed": true,
    "descendant_count_after": 0,
    "expected_tool_daemon_grace_used": true,
    "expected_tool_daemon_grace_seconds": 30.0,
    "expected_tool_daemon_paths": [
      "D:\\Xilinx\\Vivado\\2023.1\\bin\\unwrapped\\win64.o\\cs_server.exe",
      "D:\\Xilinx\\Vivado\\2023.1\\bin\\unwrapped\\win64.o\\rdi_xsdb.exe",
      "C:\\Windows\\System32\\cmd.exe",
      "C:\\Windows\\System32\\conhost.exe"
    ],
    "descendant_paths_seen": [
      "C:\\Windows\\System32\\conhost.exe",
      "D:\\Xilinx\\Vivado\\2023.1\\bin\\unwrapped\\win64.o\\rdi_xsdb.exe",
      "D:\\Xilinx\\Vivado\\2023.1\\bin\\unwrapped\\win64.o\\cs_server.exe",
      "C:\\Windows\\System32\\conhost.exe",
      "C:\\Windows\\System32\\cmd.exe",
      "D:\\Xilinx\\Vivado\\2023.1\\bin\\unwrapped\\win64.o\\cs_server.exe"
    ],
    "descendant_processes_seen": [
      {
        "pid": 7328,
        "parent_pid": 41364,
        "parent_active_globally": true,
        "image_path": "C:\\Windows\\System32\\conhost.exe",
        "creation_time_100ns": 134283270509597998
      },
      {
        "pid": 19000,
        "parent_pid": 41364,
        "parent_active_globally": true,
        "image_path": "D:\\Xilinx\\Vivado\\2023.1\\bin\\unwrapped\\win64.o\\rdi_xsdb.exe",
        "creation_time_100ns": 134283270512719175
      },
      {
        "pid": 28244,
        "parent_pid": 46104,
        "parent_active_globally": true,
        "image_path": "D:\\Xilinx\\Vivado\\2023.1\\bin\\unwrapped\\win64.o\\cs_server.exe",
        "creation_time_100ns": 134283270505368701
      },
      {
        "pid": 33884,
        "parent_pid": 45128,
        "parent_active_globally": false,
        "image_path": "C:\\Windows\\System32\\conhost.exe",
        "creation_time_100ns": 134283270497520862
      },
      {
        "pid": 41364,
        "parent_pid": 42128,
        "parent_active_globally": false,
        "image_path": "C:\\Windows\\System32\\cmd.exe",
        "creation_time_100ns": 134283270509533288
      },
      {
        "pid": 46104,
        "parent_pid": 29468,
        "parent_active_globally": false,
        "image_path": "D:\\Xilinx\\Vivado\\2023.1\\bin\\unwrapped\\win64.o\\cs_server.exe",
        "creation_time_100ns": 134283270504449414
      }
    ],
    "expected_tool_daemon_classification": "EXACT_R2_VIVADO_EXIT_HELPER_FOREST",
    "expected_tool_daemon_topology_snapshots": [
      {
        "classification": "EXACT_R2_VIVADO_EXIT_HELPER_FOREST",
        "elapsed_seconds": 0.006932,
        "processes": [
          {
            "pid": 7328,
            "parent_pid": 41364,
            "parent_active_globally": true,
            "image_path": "C:\\Windows\\System32\\conhost.exe",
            "creation_time_100ns": 134283270509597998
          },
          {
            "pid": 19000,
            "parent_pid": 41364,
            "parent_active_globally": true,
            "image_path": "D:\\Xilinx\\Vivado\\2023.1\\bin\\unwrapped\\win64.o\\rdi_xsdb.exe",
            "creation_time_100ns": 134283270512719175
          },
          {
            "pid": 28244,
            "parent_pid": 46104,
            "parent_active_globally": true,
            "image_path": "D:\\Xilinx\\Vivado\\2023.1\\bin\\unwrapped\\win64.o\\cs_server.exe",
            "creation_time_100ns": 134283270505368701
          },
          {
            "pid": 33884,
            "parent_pid": 45128,
            "parent_active_globally": false,
            "image_path": "C:\\Windows\\System32\\conhost.exe",
            "creation_time_100ns": 134283270497520862
          },
          {
            "pid": 41364,
            "parent_pid": 42128,
            "parent_active_globally": false,
            "image_path": "C:\\Windows\\System32\\cmd.exe",
            "creation_time_100ns": 134283270509533288
          },
          {
            "pid": 46104,
            "parent_pid": 29468,
            "parent_active_globally": false,
            "image_path": "D:\\Xilinx\\Vivado\\2023.1\\bin\\unwrapped\\win64.o\\cs_server.exe",
            "creation_time_100ns": 134283270504449414
          }
        ]
      },
      {
        "classification": "STRICT_SHRINK_SUBSET_OF_EXACT_R2_VIVADO_EXIT_HELPER_FOREST",
        "elapsed_seconds": 19.24957,
        "processes": [
          {
            "pid": 28244,
            "parent_pid": 46104,
            "parent_active_globally": true,
            "image_path": "D:\\Xilinx\\Vivado\\2023.1\\bin\\unwrapped\\win64.o\\cs_server.exe",
            "creation_time_100ns": 134283270505368701
          },
          {
            "pid": 33884,
            "parent_pid": 45128,
            "parent_active_globally": false,
            "image_path": "C:\\Windows\\System32\\conhost.exe",
            "creation_time_100ns": 134283270497520862
          },
          {
            "pid": 46104,
            "parent_pid": 29468,
            "parent_active_globally": false,
            "image_path": "D:\\Xilinx\\Vivado\\2023.1\\bin\\unwrapped\\win64.o\\cs_server.exe",
            "creation_time_100ns": 134283270504449414
          }
        ]
      },
      {
        "classification": "EMPTY",
        "elapsed_seconds": 20.54999,
        "processes": []
      }
    ],
    "expected_tool_daemon_topology_revalidation_count": 189,
    "expected_tool_daemon_topology_monotonic": true,
    "expected_tool_daemon_topology_sample_elapsed_seconds": [
      3.6e-05,
      0.006932,
      0.115943,
      0.224923,
      0.333649,
      0.442956,
      0.552156,
      0.659978,
      0.768832,
      0.875975,
      0.984833,
      1.092276,
      1.200769,
      1.30981,
      1.418014,
      1.527029,
      1.635944,
      1.744749,
      1.853227,
      1.960716,
      2.069336,
      2.177347,
      2.287815,
      2.396371,
      2.505311,
      2.613754,
      2.722462,
      2.830829,
      2.939481,
      3.048354,
      3.157165,
      3.266426,
      3.374734,
      3.481929,
      3.59024,
      3.699471,
      3.808218,
      3.916745,
      4.025497,
      4.134287,
      4.243295,
      4.351678,
      4.459717,
      4.566416,
      4.676078,
      4.784307,
      4.89279,
      5.001308,
      5.110256,
      5.217393,
      5.325915,
      5.434969,
      5.54319,
      5.652499,
      5.760825,
      5.869975,
      5.977835,
      6.086414,
      6.195234,
      6.303836,
      6.412237,
      6.520612,
      6.627913,
      6.736833,
      6.845663,
      6.95479,
      7.063445,
      7.172308,
      7.28072,
      7.389762,
      7.499686,
      7.60779,
      7.71632,
      7.825421,
      7.934231,
      8.042523,
      8.151725,
      8.260675,
      8.369533,
      8.478112,
      8.586851,
      8.695758,
      8.804733,
      8.913185,
      9.02177,
      9.130454,
      9.239323,
      9.347821,
      9.456904,
      9.565441,
      9.674217,
      9.784146,
      9.892948,
      10.001978,
      10.110227,
      10.218867,
      10.32785,
      10.436634,
      10.545591,
      10.65495,
      10.763274,
      10.874108,
      10.982763,
      11.09172,
      11.200101,
      11.309065,
      11.417419,
      11.526416,
      11.63518,
      11.743425,
      11.851375,
      11.961746,
      12.070718,
      12.178882,
      12.288023,
      12.396447,
      12.505516,
      12.614426,
      12.722611,
      12.831136,
      12.939685,
      13.04846,
      13.156821,
      13.265734,
      13.374237,
      13.48317,
      13.5912,
      13.700058,
      13.809008,
      13.919374,
      14.029182,
      14.138682,
      14.24807,
      14.356818,
      14.465597,
      14.574107,
      14.682401,
      14.791533,
      14.900363,
      15.008629,
      15.117497,
      15.226328,
      15.334603,
      15.444253,
      15.553064,
      15.661265,
      15.769816,
      15.878111,
      15.986798,
      16.094607,
      16.203081,
      16.311786,
      16.420201,
      16.529597,
      16.63916,
      16.747289,
      16.856091,
      16.964573,
      17.073884,
      17.181652,
      17.290124,
      17.398471,
      17.50692,
      17.615707,
      17.724375,
      17.832684,
      17.940745,
      18.050443,
      18.157027,
      18.265593,
      18.375665,
      18.484766,
      18.593701,
      18.706471,
      18.814633,
      18.924763,
      19.032979,
      19.141037,
      19.24957,
      19.35818,
      19.466439,
      19.579467,
      19.687776,
      19.79666,
      19.906261,
      20.014566,
      20.123404,
      20.231165,
      20.340619,
      20.449002,
      20.54999
    ],
    "expected_tool_daemon_topology_max_sample_gap_seconds": 0.113028,
    "expected_tool_daemon_grace_elapsed_seconds": 20.550014,
    "expected_tool_daemon_hashes_verified": true,
    "expected_tool_daemon_sha256_by_role": {
      "cs_server": "9bf0e15ffe162a96679c14b8117cf8ebe8a47b8032bee4ab8cb0317c112df536",
      "rdi_xsdb": "3193d8c4e7115e82e5b4ea6c2eb1aa8a7566bd5a9f9c78e9d901b9eab9d4ebfc",
      "cmd": "75320a519959cc6d089ea3eba33c38caccb7f138a025ea439bc9686cdb79ded4",
      "conhost": "a93cbb36b9c02364be6a72817174c46f94b66715549f279c6592ed659d237911"
    },
    "expected_tool_daemon_hash_error": "",
    "expected_tool_daemon_prelaunch_hashes_verified": true,
    "expected_tool_daemon_prelaunch_sha256_by_role": {
      "cs_server": "9bf0e15ffe162a96679c14b8117cf8ebe8a47b8032bee4ab8cb0317c112df536",
      "rdi_xsdb": "3193d8c4e7115e82e5b4ea6c2eb1aa8a7566bd5a9f9c78e9d901b9eab9d4ebfc",
      "cmd": "75320a519959cc6d089ea3eba33c38caccb7f138a025ea439bc9686cdb79ded4",
      "conhost": "a93cbb36b9c02364be6a72817174c46f94b66715549f279c6592ed659d237911"
    },
    "expected_tool_daemon_prelaunch_hash_error": "",
    "expected_tool_daemon_postexit_hashes_verified": true,
    "expected_tool_daemon_postexit_sha256_by_role": {
      "cs_server": "9bf0e15ffe162a96679c14b8117cf8ebe8a47b8032bee4ab8cb0317c112df536",
      "rdi_xsdb": "3193d8c4e7115e82e5b4ea6c2eb1aa8a7566bd5a9f9c78e9d901b9eab9d4ebfc",
      "cmd": "75320a519959cc6d089ea3eba33c38caccb7f138a025ea439bc9686cdb79ded4",
      "conhost": "a93cbb36b9c02364be6a72817174c46f94b66715549f279c6592ed659d237911"
    },
    "expected_tool_daemon_postexit_hash_error": "",
    "expected_tool_daemon_topology_error": "",
    "expected_tool_daemon_topology_terminal_empty": true,
    "process_identity_query_retry_count": 0,
    "process_exit_race_recheck_count": 0,
    "process_identity_query_transient_errors": [],
    "containment_cleanup_attempted": false,
    "containment_cleanup_terminated": false,
    "process_exit_race_rechecked": false,
    "process_identity_query_retried": false,
    "containment_query_error": "",
    "launch_error": "",
    "watchdog_reason": "",
    "active_marker_seen": false,
    "safe_terminal_marker_seen": false,
    "attempted": true,
    "programming_attempted": true,
    "result_file": "C:\\Users\\user\\Documents\\RF_COMM_MULTILANE\\evidence\\hardware\\p7\\authorized_sequence\\p7_20260712_stationary_app_r26_diag_suffix55\\062_p7_ps_functional\\shutdown_after_result.txt",
    "passed": true,
    "failures": []
  },
  "tfdu_activity_semantics": "conservative_true_once_PS_candidate_ELF_command_is_launched",
  "ps_process": {
    "name": "ps_application_stage",
    "returncode": 0,
    "stdout_path": "C:\\Users\\user\\Documents\\RF_COMM_MULTILANE\\evidence\\hardware\\p7\\authorized_sequence\\p7_20260712_stationary_app_r26_diag_suffix55\\062_p7_ps_functional\\ps_application_stage.stdout.log",
    "stderr_path": "C:\\Users\\user\\Documents\\RF_COMM_MULTILANE\\evidence\\hardware\\p7\\authorized_sequence\\p7_20260712_stationary_app_r26_diag_suffix55\\062_p7_ps_functional\\ps_application_stage.stderr.log",
    "elapsed_seconds": 211.584329,
    "argv": [
      "D:\\Xilinx\\Vitis\\2023.1\\bin\\xsdb.bat",
      "C:\\Users\\user\\Documents\\RF_COMM_MULTILANE\\scripts\\hw\\p7_ps_application_execute.tcl",
      "C:\\Users\\user\\Documents\\RF_COMM_MULTILANE",
      "C:\\Users\\user\\Documents\\RF_COMM_MULTILANE\\.hardware_authorization\\p7_20260712_stationary_app_r26_diag_suffix55_062_p7_ps_functional.txt",
      "C:\\Users\\user\\Documents\\RF_COMM_MULTILANE\\evidence\\hardware\\p7\\authorized_sequence\\p7_20260712_stationary_app_r26_diag_suffix55\\062_p7_ps_functional\\p7_hw_preflight_result.txt",
      "C:\\Users\\user\\Documents\\RF_COMM_MULTILANE\\evidence\\hardware\\p6\\bitstreams\\p6_ps_dynamic_transport_34cdf1c1f7c36595760cc56ae6636209fa64f9b0eebad4d145a4ed5763f23249.bit",
      "C:\\Users\\user\\Documents\\RF_COMM_MULTILANE\\evidence\\hardware\\p7\\artifacts\\p7_runtime_72c6d51db888f15e18fc8de459f41707e9c9601507bf42bfed6a07385b79523a.elf",
      "C:\\Users\\user\\Documents\\RF_COMM_MULTILANE\\build\\p7_ps_vitis_workspace\\p7_platform\\hw\\ps7_init.tcl",
      "C:\\Users\\user\\Documents\\RF_COMM_MULTILANE\\evidence\\hardware\\p7\\authorized_sequence\\p7_20260712_stationary_app_r26_diag_suffix55\\062_p7_ps_functional\\bundle",
      "C:\\Users\\user\\Documents\\RF_COMM_MULTILANE\\evidence\\hardware\\p7\\authorized_sequence\\p7_20260712_stationary_app_r26_diag_suffix55\\062_p7_ps_functional\\bundle\\execution_plan.txt",
      "C:\\Users\\user\\Documents\\RF_COMM_MULTILANE\\evidence\\hardware\\p7\\authorized_sequence\\p7_20260712_stationary_app_r26_diag_suffix55\\062_p7_ps_functional\\p7_ps_application_raw_result.log.partial",
      "localhost:3121",
      "210512180081",
      "xc7z010clg400-1",
      "localhost:3121/xilinx_tcf/Digilent/210512180081",
      "900",
      "functional",
      "60",
      "C:\\Users\\user\\Documents\\RF_COMM_MULTILANE\\shutdown_bitstream\\tfdu_shutdown_j10_j11.bit",
      "333333343"
    ],
    "started_at_utc": "2026-07-12T10:47:10.135595+00:00",
    "ended_at_utc": "2026-07-12T10:50:41.721103+00:00",
    "timed_out": false,
    "abort_seen": false,
    "interrupted": false,
    "process_tree_terminated": false,
    "process_tree_reaped": true,
    "containment_kind": "WINDOWS_JOB_OBJECT_KILL_ON_CLOSE",
    "containment_assigned": true,
    "containment_closed": true,
    "descendant_count_after": 0,
    "expected_tool_daemon_grace_used": false,
    "expected_tool_daemon_grace_seconds": 0.0,
    "expected_tool_daemon_paths": [],
    "descendant_paths_seen": [],
    "descendant_processes_seen": [],
    "expected_tool_daemon_classification": "NONE",
    "expected_tool_daemon_topology_snapshots": [
      {
        "classification": "EMPTY",
        "elapsed_seconds": 2.5e-05,
        "processes": []
      }
    ],
    "expected_tool_daemon_topology_revalidation_count": 0,
    "expected_tool_daemon_topology_monotonic": false,
    "expected_tool_daemon_topology_sample_elapsed_seconds": [
      2.5e-05
    ],
    "expected_tool_daemon_topology_max_sample_gap_seconds": 0.0,
    "expected_tool_daemon_grace_elapsed_seconds": 0.0,
    "expected_tool_daemon_hashes_verified": false,
    "expected_tool_daemon_sha256_by_role": {},
    "expected_tool_daemon_hash_error": "",
    "expected_tool_daemon_prelaunch_hashes_verified": false,
    "expected_tool_daemon_prelaunch_sha256_by_role": {},
    "expected_tool_daemon_prelaunch_hash_error": "",
    "expected_tool_daemon_postexit_hashes_verified": false,
    "expected_tool_daemon_postexit_sha256_by_role": {},
    "expected_tool_daemon_postexit_hash_error": "",
    "expected_tool_daemon_topology_error": "",
    "expected_tool_daemon_topology_terminal_empty": true,
    "process_identity_query_retry_count": 0,
    "process_exit_race_recheck_count": 0,
    "process_identity_query_transient_errors": [],
    "containment_cleanup_attempted": false,
    "containment_cleanup_terminated": false,
    "process_exit_race_rechecked": false,
    "process_identity_query_retried": false,
    "containment_query_error": "",
    "launch_error": "",
    "watchdog_reason": "",
    "active_marker_seen": false,
    "safe_terminal_marker_seen": false,
    "passed": false,
    "failures": [
      "PS stage marker mismatch: P7_PS_STAGE_RESULT expected=PASS observed=FAIL",
      "P7_PS_STAGE_RESULT=PASS missing from stdout"
    ]
  },
  "child_reaped_before_shutdown_after": true,
  "bundle_post_shutdown_verification": {
    "passed": true,
    "failures": [],
    "immutable_pre_post_equal": true,
    "pre_run_file_count": 238,
    "post_shutdown_file_count": 263
  },
  "postprocess": {
    "passed": false,
    "failures": [
      "PS process did not pass exact rc/marker policy"
    ],
    "mailbox": {},
    "cases": []
  },
  "internal_error": "",
  "ps_failures": [
    "PS stage marker mismatch: P7_PS_STAGE_RESULT expected=PASS observed=FAIL",
    "P7_PS_STAGE_RESULT=PASS missing from stdout"
  ],
  "reason": "PS process, mailbox/descriptor/trace/output, or exact marker checks failed",
  "raw_evidence_sha256_manifest": {
    "path": "C:\\Users\\user\\Documents\\RF_COMM_MULTILANE\\evidence\\hardware\\p7\\authorized_sequence\\p7_20260712_stationary_app_r26_diag_suffix55\\062_p7_ps_functional\\p7_raw_evidence_sha256_manifest.json",
    "size_bytes": 54358,
    "sha256": "97827afba3e7ea70ab141d44711e77e0c3156280cdf62cf6eaf55ece290cc1e5"
  }
}
