#-----------------------------------------------------------
# xsim v2023.1 (64-bit)
# SW Build 3865809 on Sun May  7 15:05:29 MDT 2023
# IP Build 3864474 on Sun May  7 20:36:21 MDT 2023
# SharedData Build 3865790 on Sun May 07 13:33:03 MDT 2023
# Start of session at: Sun Aug  2 18:36:22 2026
# Process ID: 24616
# Current directory: C:/Users/user/Documents/RF_COMM_MULTILANE_P10_1R/evidence/generated/p10_1r_exact_source_p8c_af46d3b9/p8c_raw/xsim/tb_p8c_safety_regs/work
# Command line: xsim.exe -mode tcl -source {xsim.dir/tb_p8c_safety_regs_sim/xsim_script.tcl}
# Log file: C:/Users/user/Documents/RF_COMM_MULTILANE_P10_1R/evidence/generated/p10_1r_exact_source_p8c_af46d3b9/p8c_raw/xsim/tb_p8c_safety_regs/work/xsim.log
# Journal file: C:/Users/user/Documents/RF_COMM_MULTILANE_P10_1R/evidence/generated/p10_1r_exact_source_p8c_af46d3b9/p8c_raw/xsim/tb_p8c_safety_regs/work\xsim.jou
# Running On: DESKTOP-PU0AECA, OS: Windows, CPU Frequency: 3418 MHz, CPU Physical cores: 20, Host memory: 34187 MB
#-----------------------------------------------------------
source xsim.dir/tb_p8c_safety_regs_sim/xsim_script.tcl
# xsim {tb_p8c_safety_regs_sim} -autoloadwcfg -runall
Time resolution is 1 ps
run -all
P8C_REGISTER_RO_STATUS_PASS=1
P8C_REGISTER_ATOMIC_SNAPSHOT_PASS=1
TB_P8C_SAFETY_REGS_PASS=1
$finish called at time : 106 ns : File "C:/Users/user/Documents/RF_COMM_MULTILANE_P10_1R/sim/tb/tb_p8c_safety_regs.sv" Line 133
exit
INFO: [Common 17-206] Exiting xsim at Sun Aug  2 18:36:23 2026...
