COMMAND=C:\Users\user\AppData\Local\Programs\Python\Python314\python.exe scripts/run_p10_1_offline_gate.py --full --json-summary
WORKTREE=C:\Users\user\Documents\RF_COMM_P10_1_LED_GATE_xf0ot74s
STARTED_UTC=2026-07-31T09:25:42+00:00
FINISHED_UTC=2026-07-31T09:51:08+00:00
RETURN_CODE=0
STDOUT_BEGIN
config_generation=PASS
historical_recompute=PASS
finalizer_unit_tests=PASS
pipeline_model=PASS
software_build=PASS
xsim=PASS
ax7020_dual_build=PASS
hardware_runner_dry_run=PASS
p11_readiness=PASS
requirements_state_update=PASS
project_status_generation=PASS
requirement_traceability_generation=PASS
repo_intake=PASS
p10_verify_existing=PASS
p9_verify_existing=PASS
p8e_verify_existing=PASS
p8c_verify_existing=PASS
p8c_current_unit_regression=PASS
p8c_current_static_regression=PASS
register_map_consistency=PASS
p8a_state_requirements_consistency=PASS
no_hardware_static_scan=PASS
git_diff_check=PASS
final_evidence=PASS
P10_1_OFFLINE_GATE=PASS
HARDWARE_ACTIONS_EXECUTED=false
CURRENT_RUN_HARDWARE_AUTHORIZATION=false
{"command_count": 24, "current_run_hardware_authorization": false, "failures": [], "final_summary": "evidence/generated/p10_1_final_summary.json", "hardware_actions_executed": false, "status": "PASS"}
STDOUT_END
STDERR_BEGIN
STDERR_END
