{
  "P7_JTAG_AXI_SAFE_STAGE": "PASS",
  "generated_at_utc": "2026-07-11T06:07:18.896320+00:00",
  "stage_name": "p7_fragment_boundary_214_rr",
  "semantic_mode": "rfap",
  "requested_execute_hardware": true,
  "hardware_actions_executed": true,
  "programmed_fpga": true,
  "programmed_candidate": true,
  "programmed_shutdown_before": true,
  "programmed_shutdown_after": true,
  "started_ps_elf": false,
  "drove_tfdu_txd": true,
  "enabled_tfdu_receiver": true,
  "uart_access": false,
  "ethernet_used": false,
  "motion_used": false,
  "hardware_acceptance": "PENDING_HW",
  "safety_validation": {
    "P7_HARDWARE_SAFETY": "PASS",
    "ready_for_hardware_preflight": true,
    "hardware_actions_executed": false,
    "programmed_fpga": false,
    "drove_tfdu_txd": false,
    "started_ps_elf": false,
    "authorization_environment_present": true,
    "authorization": {
      "exists": true,
      "path": "C:\\Users\\user\\Documents\\RF_COMM_MULTILANE\\.hardware_authorization\\p7_20260711_stationary_app_r6_019_p7_fragment_boundary_214_rr.txt",
      "actual_sha256": "f5c217548664c7d91146b9b62f01e5e7ec3d4a91796adb97f96e346c87f6a6e1",
      "expected_sha256": "f5c217548664c7d91146b9b62f01e5e7ec3d4a91796adb97f96e346c87f6a6e1",
      "markers": [
        "P7_STATIONARY_APP_LAYER_APPROVED"
      ],
      "duplicate_keys": []
    },
    "authorization_fields": {
      "AUTHORIZED_STAGE": "P7_STATIONARY_LOCAL_APPLICATION_LAYER_NO_ETHERNET",
      "USER_HARDWARE_AUTHORIZATION_FOR_P7": "GRANTED",
      "BOARD_ID": "210512180081",
      "EXPECTED_PART": "xc7z010clg400-1",
      "EXPECTED_TARGET": "localhost:3121/xilinx_tcf/Digilent/210512180081",
      "SOURCE_COMMIT": "36a67aef2e39c7ca52ec2765d5eebb0363c44bdb",
      "MAX_RUNTIME_SEC": "900",
      "SHUTDOWN_ON_EXIT": "required",
      "NO_ETHERNET": "true",
      "NO_MOTION": "true",
      "LANE_COUNT": "2",
      "MAX_LANE_MASK": "0x3",
      "P7_PLAN_PATH": "C:\\Users\\user\\Documents\\RF_COMM_MULTILANE\\evidence\\hardware\\p7\\artifacts\\p7_plan_c6db9d8348c3bc518fa5985595adfcdada1a08f11c9246c6103ec378b43b58dd.md",
      "P7_PLAN_SHA256": "c6db9d8348c3bc518fa5985595adfcdada1a08f11c9246c6103ec378b43b58dd",
      "BITSTREAM_PATH": "C:\\Users\\user\\Documents\\RF_COMM_MULTILANE\\evidence\\hardware\\p6\\bitstreams\\p6_jtag_dynamic_transport_4830d547d6a667edda8deebae855c3a7154478e298efca70e2526e6f3570b23c.bit",
      "BITSTREAM_SHA256": "4830d547d6a667edda8deebae855c3a7154478e298efca70e2526e6f3570b23c",
      "XSA_PATH": "C:\\Users\\user\\Documents\\RF_COMM_MULTILANE\\evidence\\hardware\\p6\\bitstreams\\p6_ps_dynamic_transport_b5d1174eb46d12eb395ceabbbea3c132c5771ca6777194138e68c2eacb2e4fc9.xsa",
      "XSA_SHA256": "b5d1174eb46d12eb395ceabbbea3c132c5771ca6777194138e68c2eacb2e4fc9",
      "ELF_PATH": "C:\\Users\\user\\Documents\\RF_COMM_MULTILANE\\evidence\\hardware\\p7\\artifacts\\p7_runtime_14450369d4c6cbe27899bc69f210278e3b2076573e0122859d266fe63cc8e0ce.elf",
      "ELF_SHA256": "14450369d4c6cbe27899bc69f210278e3b2076573e0122859d266fe63cc8e0ce",
      "PROFILE_PATH": "C:\\Users\\user\\Documents\\RF_COMM_MULTILANE\\profiles\\p7\\p7_stationary_app_30min.json",
      "PROFILE_SHA256": "65a36a8318e7fd1e3b647997aceca773c69e76eee85cb8fae922148ccd8f3c94",
      "ACTIVE_XDC_PATH": "C:\\Users\\user\\Documents\\RF_COMM_MULTILANE\\constraints\\active\\PORT1.generated.xdc",
      "ACTIVE_XDC_SHA256": "cf23a0d34a2fa76521faf4c91f3858cff2117fa6020d302d1a6109f10254f990",
      "PINMAP_PATH": "C:\\Users\\user\\Documents\\RF_COMM_MULTILANE\\board_profiles\\ax7010_tfdu_j10_j11_pinmap.csv",
      "PINMAP_SHA256": "4c7d5f0836a2ab48df7672e00f99455e582fbf477b04ed2b3b44ef38506a8a6a",
      "REGISTER_MAP_PATH": "C:\\Users\\user\\Documents\\RF_COMM_MULTILANE\\config\\register_map\\ir_axi_regs.yaml",
      "REGISTER_MAP_SHA256": "d5b0bf1476d815a3ed69988c72097827356d4eade48813c8913fc1b2d448983d",
      "SHUTDOWN_BITSTREAM_PATH": "C:\\Users\\user\\Documents\\RF_COMM_MULTILANE\\shutdown_bitstream\\tfdu_shutdown_j10_j11.bit",
      "SHUTDOWN_BITSTREAM_SHA256": "bac60b58912f0acd771dc830a6761535ec8f6a92befb1ae4cb7d928745af5810",
      "LTX_PATH": "C:\\Users\\user\\Documents\\RF_COMM_MULTILANE\\evidence\\hardware\\p6\\bitstreams\\p6_jtag_dynamic_transport_76fe1ec47871946a7d357b0caa1f669500de827b796d6154dcc54678e0ac7083.ltx",
      "LTX_SHA256": "76fe1ec47871946a7d357b0caa1f669500de827b796d6154dcc54678e0ac7083",
      "P7_JTAG_STAGE_NAME": "p7_fragment_boundary_214_rr",
      "P7_JTAG_SEMANTIC_MODE": "rfap",
      "P7_JTAG_TRANSACTION_PATH": "C:\\Users\\user\\Documents\\RF_COMM_MULTILANE\\build\\p7_authorized_sequence\\p7_20260711_stationary_app_r6\\transactions\\019_p7_fragment_boundary_214_rr.transactions.txt",
      "P7_JTAG_TRANSACTION_SHA256": "51fdb30477f17ef37b6383c19aa44a4ae080db86b61487e8981a79df869e3a6c",
      "P7_JTAG_FREQUENCY_HZ": "1000000",
      "P7_JTAG_AXI_BASE": "0x43c00000",
      "P7_JTAG_BACKEND_MANIFEST_PATH": "C:\\Users\\user\\Documents\\RF_COMM_MULTILANE\\build\\p7_authorized_sequence\\p7_20260711_stationary_app_r6\\manifests\\019_p7_fragment_boundary_214_rr.manifest.json",
      "P7_JTAG_BACKEND_MANIFEST_SHA256": "1e4cbef99495c137f5c910d831ac28b37d5d67009d02c5432c776e375be88c46"
    },
    "source_commit_requested": "36a67aef2e39c7ca52ec2765d5eebb0363c44bdb",
    "source_commit_current": "36a67aef2e39c7ca52ec2765d5eebb0363c44bdb",
    "dirty_files": [
      " M evidence/generated/p7_ps_runtime_build_summary.json",
      " M evidence/generated/p7_ps_runtime_build_summary.md",
      " M evidence/generated/vitis/p7_ps_runtime/p7_ps_runtime_build_summary.json",
      "?? evidence/generated/p7_2lane_scope_summary.md",
      "?? evidence/generated/p7_application_protocol_summary.md",
      "?? evidence/generated/p7_artifact_provenance_summary.json",
      "?? evidence/generated/p7_artifact_provenance_summary.md",
      "?? evidence/generated/p7_backend_conformance_summary.md",
      "?? evidence/generated/p7_fault_recovery_summary.md",
      "?? evidence/generated/p7_file_integrity_summary.md",
      "?? evidence/generated/p7_fragmentation_reassembly_summary.md",
      "?? evidence/generated/p7_lane1_promotion_summary.json",
      "?? evidence/generated/p7_lane1_promotion_summary.md",
      "?? evidence/generated/p7_lane_scheduler_summary.md",
      "?? evidence/generated/p7_no_ethernet_summary.md",
      "?? evidence/generated/p7_no_motion_summary.md",
      "?? evidence/generated/p7_offline_gate_summary.json",
      "?? evidence/generated/p7_offline_gate_summary.md",
      "?? evidence/generated/p7_offline_test_run.json",
      "?? evidence/generated/p7_protocol_vector_summary.json",
      "?? evidence/generated/p7_protocol_vector_summary.md",
      "?? evidence/generated/p7_ps_core_hardware_readiness.json",
      "?? evidence/generated/p7_ps_core_hardware_readiness.md",
      "?? evidence/generated/p7_ps_runtime_summary.md",
      "?? evidence/generated/p7_queue_backpressure_summary.md",
      "?? evidence/generated/p7_repo_intake.md",
      "?? evidence/generated/p7_repo_intake_summary.json",
      "?? evidence/generated/p7_repo_intake_summary.md",
      "?? evidence/generated/p7_segmentation_reassembly_summary.md",
      "?? evidence/hardware/p7/authorized_sequence/p7_20260711_stationary_app_r6/"
    ],
    "max_runtime_sec": 900,
    "lane_count": 2,
    "max_lane_mask": "0x3",
    "no_ethernet": true,
    "no_motion": true,
    "shutdown_on_exit": true,
    "abort_file": "C:\\Users\\user\\Documents\\RF_COMM_MULTILANE\\.hardware_authorization\\ABORT_NOW.txt",
    "abort_file_present": false,
    "hw_server_url": "localhost:3121",
    "preflight_tcl": "C:\\Users\\user\\Documents\\RF_COMM_MULTILANE\\scripts\\hw\\p7_hw_preflight.tcl",
    "preflight_tcl_sha256": "95bfbdf7e6c429e6637c1b4224a9dcecaa1fd756a1f665b21a797d54afbfc464",
    "artifacts": {
      "plan": {
        "path": "C:\\Users\\user\\Documents\\RF_COMM_MULTILANE\\evidence\\hardware\\p7\\artifacts\\p7_plan_c6db9d8348c3bc518fa5985595adfcdada1a08f11c9246c6103ec378b43b58dd.md",
        "expected_sha256": "c6db9d8348c3bc518fa5985595adfcdada1a08f11c9246c6103ec378b43b58dd",
        "exists": true,
        "actual_sha256": "c6db9d8348c3bc518fa5985595adfcdada1a08f11c9246c6103ec378b43b58dd"
      },
      "bitstream": {
        "path": "C:\\Users\\user\\Documents\\RF_COMM_MULTILANE\\evidence\\hardware\\p6\\bitstreams\\p6_jtag_dynamic_transport_4830d547d6a667edda8deebae855c3a7154478e298efca70e2526e6f3570b23c.bit",
        "expected_sha256": "4830d547d6a667edda8deebae855c3a7154478e298efca70e2526e6f3570b23c",
        "exists": true,
        "actual_sha256": "4830d547d6a667edda8deebae855c3a7154478e298efca70e2526e6f3570b23c"
      },
      "xsa": {
        "path": "C:\\Users\\user\\Documents\\RF_COMM_MULTILANE\\evidence\\hardware\\p6\\bitstreams\\p6_ps_dynamic_transport_b5d1174eb46d12eb395ceabbbea3c132c5771ca6777194138e68c2eacb2e4fc9.xsa",
        "expected_sha256": "b5d1174eb46d12eb395ceabbbea3c132c5771ca6777194138e68c2eacb2e4fc9",
        "exists": true,
        "actual_sha256": "b5d1174eb46d12eb395ceabbbea3c132c5771ca6777194138e68c2eacb2e4fc9"
      },
      "elf": {
        "path": "C:\\Users\\user\\Documents\\RF_COMM_MULTILANE\\evidence\\hardware\\p7\\artifacts\\p7_runtime_14450369d4c6cbe27899bc69f210278e3b2076573e0122859d266fe63cc8e0ce.elf",
        "expected_sha256": "14450369d4c6cbe27899bc69f210278e3b2076573e0122859d266fe63cc8e0ce",
        "exists": true,
        "actual_sha256": "14450369d4c6cbe27899bc69f210278e3b2076573e0122859d266fe63cc8e0ce"
      },
      "profile": {
        "path": "C:\\Users\\user\\Documents\\RF_COMM_MULTILANE\\profiles\\p7\\p7_stationary_app_30min.json",
        "expected_sha256": "65a36a8318e7fd1e3b647997aceca773c69e76eee85cb8fae922148ccd8f3c94",
        "exists": true,
        "actual_sha256": "65a36a8318e7fd1e3b647997aceca773c69e76eee85cb8fae922148ccd8f3c94"
      },
      "active_xdc": {
        "path": "C:\\Users\\user\\Documents\\RF_COMM_MULTILANE\\constraints\\active\\PORT1.generated.xdc",
        "expected_sha256": "cf23a0d34a2fa76521faf4c91f3858cff2117fa6020d302d1a6109f10254f990",
        "exists": true,
        "actual_sha256": "cf23a0d34a2fa76521faf4c91f3858cff2117fa6020d302d1a6109f10254f990"
      },
      "pinmap": {
        "path": "C:\\Users\\user\\Documents\\RF_COMM_MULTILANE\\board_profiles\\ax7010_tfdu_j10_j11_pinmap.csv",
        "expected_sha256": "4c7d5f0836a2ab48df7672e00f99455e582fbf477b04ed2b3b44ef38506a8a6a",
        "exists": true,
        "actual_sha256": "4c7d5f0836a2ab48df7672e00f99455e582fbf477b04ed2b3b44ef38506a8a6a"
      },
      "register_map": {
        "path": "C:\\Users\\user\\Documents\\RF_COMM_MULTILANE\\config\\register_map\\ir_axi_regs.yaml",
        "expected_sha256": "d5b0bf1476d815a3ed69988c72097827356d4eade48813c8913fc1b2d448983d",
        "exists": true,
        "actual_sha256": "d5b0bf1476d815a3ed69988c72097827356d4eade48813c8913fc1b2d448983d"
      },
      "shutdown_bitstream": {
        "path": "C:\\Users\\user\\Documents\\RF_COMM_MULTILANE\\shutdown_bitstream\\tfdu_shutdown_j10_j11.bit",
        "expected_sha256": "bac60b58912f0acd771dc830a6761535ec8f6a92befb1ae4cb7d928745af5810",
        "exists": true,
        "actual_sha256": "bac60b58912f0acd771dc830a6761535ec8f6a92befb1ae4cb7d928745af5810"
      },
      "ltx": {
        "path": "C:\\Users\\user\\Documents\\RF_COMM_MULTILANE\\evidence\\hardware\\p6\\bitstreams\\p6_jtag_dynamic_transport_76fe1ec47871946a7d357b0caa1f669500de827b796d6154dcc54678e0ac7083.ltx",
        "expected_sha256": "76fe1ec47871946a7d357b0caa1f669500de827b796d6154dcc54678e0ac7083",
        "exists": true,
        "actual_sha256": "76fe1ec47871946a7d357b0caa1f669500de827b796d6154dcc54678e0ac7083"
      }
    },
    "errors": [],
    "warnings": [
      "workspace has uncommitted changes; frozen artifact hashes remain authoritative"
    ]
  },
  "stage_validation_errors": [],
  "transaction_validation": {
    "format": "P7_JTAG_AXI_TRANSACTIONS_V1",
    "path": "C:\\Users\\user\\Documents\\RF_COMM_MULTILANE\\build\\p7_authorized_sequence\\p7_20260711_stationary_app_r6\\transactions\\019_p7_fragment_boundary_214_rr.transactions.txt",
    "expected_sha256": "51fdb30477f17ef37b6383c19aa44a4ae080db86b61487e8981a79df869e3a6c",
    "actual_sha256": "51fdb30477f17ef37b6383c19aa44a4ae080db86b61487e8981a79df869e3a6c",
    "operation_count": 242,
    "poll_operation_count": 2,
    "poll_iteration_ceiling": 12000,
    "metadata": {
      "BACKEND": "p7_jtag_backend",
      "LANE_POLICY": "STRIPE_ROUND_ROBIN"
    },
    "errors": [],
    "size_bytes": 7761,
    "start_operation_count": 1,
    "commit_operation_count": 1,
    "payload_write_count": 62,
    "result_keys": [
      "P7F00000_ACK_SEEN",
      "P7F00000_ACK_SENT",
      "P7F00000_COMMIT",
      "P7F00000_COMMIT_POLLS",
      "P7F00000_CRC_BAD",
      "P7F00000_DONE",
      "P7F00000_DONE_POLLS",
      "P7F00000_DUTY_VIOLATION",
      "P7F00000_ERROR_CODE",
      "P7F00000_FRAME_BAD",
      "P7F00000_FRAME_GOOD",
      "P7F00000_MAILBOX",
      "P7F00000_PAYLOAD_MISMATCH",
      "P7F00000_RAW_RX_PULSES",
      "P7F00000_RAW_TX_PULSES",
      "P7F00000_RETRY_COUNT",
      "P7F00000_RETRY_EXHAUSTED",
      "P7F00000_RXW000",
      "P7F00000_RXW001",
      "P7F00000_RXW002",
      "P7F00000_RXW003",
      "P7F00000_RXW004",
      "P7F00000_RXW005",
      "P7F00000_RXW006",
      "P7F00000_RXW007",
      "P7F00000_RXW008",
      "P7F00000_RXW009",
      "P7F00000_RXW010",
      "P7F00000_RXW011",
      "P7F00000_RXW012",
      "P7F00000_RXW013",
      "P7F00000_RXW014",
      "P7F00000_RXW015",
      "P7F00000_RXW016",
      "P7F00000_RXW017",
      "P7F00000_RXW018",
      "P7F00000_RXW019",
      "P7F00000_RXW020",
      "P7F00000_RXW021",
      "P7F00000_RXW022",
      "P7F00000_RXW023",
      "P7F00000_RXW024",
      "P7F00000_RXW025",
      "P7F00000_RXW026",
      "P7F00000_RXW027",
      "P7F00000_RXW028",
      "P7F00000_RXW029",
      "P7F00000_RXW030",
      "P7F00000_RXW031",
      "P7F00000_RXW032",
      "P7F00000_RXW033",
      "P7F00000_RXW034",
      "P7F00000_RXW035",
      "P7F00000_RXW036",
      "P7F00000_RXW037",
      "P7F00000_RXW038",
      "P7F00000_RXW039",
      "P7F00000_RXW040",
      "P7F00000_RXW041",
      "P7F00000_RXW042",
      "P7F00000_RXW043",
      "P7F00000_RXW044",
      "P7F00000_RXW045",
      "P7F00000_RXW046",
      "P7F00000_RXW047",
      "P7F00000_RXW048",
      "P7F00000_RXW049",
      "P7F00000_RXW050",
      "P7F00000_RXW051",
      "P7F00000_RXW052",
      "P7F00000_RXW053",
      "P7F00000_RXW054",
      "P7F00000_RXW055",
      "P7F00000_RXW056",
      "P7F00000_RXW057",
      "P7F00000_RXW058",
      "P7F00000_RXW059",
      "P7F00000_RXW060",
      "P7F00000_RXW061",
      "P7F00000_RX_CRC32",
      "P7F00000_RX_DIGEST",
      "P7F00000_RX_GOOD_COUNT_L0",
      "P7F00000_RX_GOOD_COUNT_L1",
      "P7F00000_RX_LEN",
      "P7F00000_STATUS",
      "P7F00000_STICKY_ERROR",
      "P7F00000_TXD_HIGH_MAX",
      "P7F00000_TXW000",
      "P7F00000_TXW001",
      "P7F00000_TXW002",
      "P7F00000_TXW003",
      "P7F00000_TXW004",
      "P7F00000_TXW005",
      "P7F00000_TXW006",
      "P7F00000_TXW007",
      "P7F00000_TXW008",
      "P7F00000_TXW009",
      "P7F00000_TXW010",
      "P7F00000_TXW011",
      "P7F00000_TXW012",
      "P7F00000_TXW013",
      "P7F00000_TXW014",
      "P7F00000_TXW015",
      "P7F00000_TXW016",
      "P7F00000_TXW017",
      "P7F00000_TXW018",
      "P7F00000_TXW019",
      "P7F00000_TXW020",
      "P7F00000_TXW021",
      "P7F00000_TXW022",
      "P7F00000_TXW023",
      "P7F00000_TXW024",
      "P7F00000_TXW025",
      "P7F00000_TXW026",
      "P7F00000_TXW027",
      "P7F00000_TXW028",
      "P7F00000_TXW029",
      "P7F00000_TXW030",
      "P7F00000_TXW031",
      "P7F00000_TXW032",
      "P7F00000_TXW033",
      "P7F00000_TXW034",
      "P7F00000_TXW035",
      "P7F00000_TXW036",
      "P7F00000_TXW037",
      "P7F00000_TXW038",
      "P7F00000_TXW039",
      "P7F00000_TXW040",
      "P7F00000_TXW041",
      "P7F00000_TXW042",
      "P7F00000_TXW043",
      "P7F00000_TXW044",
      "P7F00000_TXW045",
      "P7F00000_TXW046",
      "P7F00000_TXW047",
      "P7F00000_TXW048",
      "P7F00000_TXW049",
      "P7F00000_TXW050",
      "P7F00000_TXW051",
      "P7F00000_TXW052",
      "P7F00000_TXW053",
      "P7F00000_TXW054",
      "P7F00000_TXW055",
      "P7F00000_TXW056",
      "P7F00000_TXW057",
      "P7F00000_TXW058",
      "P7F00000_TXW059",
      "P7F00000_TXW060",
      "P7F00000_TXW061",
      "P7F00000_TX_COUNT",
      "P7F00000_TX_CRC32",
      "P7F00000_TX_FAIL",
      "P7_BASE_ACK_SEEN",
      "P7_BASE_ACK_SENT",
      "P7_BASE_CRC_BAD",
      "P7_BASE_DUTY_VIOLATION",
      "P7_BASE_ERROR_CODE",
      "P7_BASE_FRAME_BAD",
      "P7_BASE_FRAME_GOOD",
      "P7_BASE_PAYLOAD_MISMATCH",
      "P7_BASE_RAW_RX_PULSES",
      "P7_BASE_RAW_TX_PULSES",
      "P7_BASE_RETRY_COUNT",
      "P7_BASE_RETRY_EXHAUSTED",
      "P7_BASE_RX_GOOD_COUNT_L0",
      "P7_BASE_RX_GOOD_COUNT_L1",
      "P7_BASE_STICKY_ERROR",
      "P7_BASE_TXD_HIGH_MAX",
      "P7_BASE_TX_COUNT",
      "P7_BASE_TX_FAIL",
      "P7_FINAL_SHUTDOWN_REASON"
    ],
    "write_operations": [
      {
        "offset": "0x100",
        "value": "0x00000002"
      },
      {
        "offset": "0x100",
        "value": "0x00000002"
      },
      {
        "offset": "0x200",
        "value": "0x50414652"
      },
      {
        "offset": "0x204",
        "value": "0x00200301"
      },
      {
        "offset": "0x208",
        "value": "0x50370013"
      },
      {
        "offset": "0x20c",
        "value": "0x00000013"
      },
      {
        "offset": "0x210",
        "value": "0x000000d6"
      },
      {
        "offset": "0x214",
        "value": "0x00010000"
      },
      {
        "offset": "0x218",
        "value": "0x000000d6"
      },
      {
        "offset": "0x21c",
        "value": "0xf05c083e"
      },
      {
        "offset": "0x220",
        "value": "0x03020100"
      },
      {
        "offset": "0x224",
        "value": "0x07060504"
      },
      {
        "offset": "0x228",
        "value": "0x0b0a0908"
      },
      {
        "offset": "0x22c",
        "value": "0x0f0e0d0c"
      },
      {
        "offset": "0x230",
        "value": "0x13121110"
      },
      {
        "offset": "0x234",
        "value": "0x17161514"
      },
      {
        "offset": "0x238",
        "value": "0x1b1a1918"
      },
      {
        "offset": "0x23c",
        "value": "0x1f1e1d1c"
      },
      {
        "offset": "0x240",
        "value": "0x23222120"
      },
      {
        "offset": "0x244",
        "value": "0x27262524"
      },
      {
        "offset": "0x248",
        "value": "0x2b2a2928"
      },
      {
        "offset": "0x24c",
        "value": "0x2f2e2d2c"
      },
      {
        "offset": "0x250",
        "value": "0x33323130"
      },
      {
        "offset": "0x254",
        "value": "0x37363534"
      },
      {
        "offset": "0x258",
        "value": "0x3b3a3938"
      },
      {
        "offset": "0x25c",
        "value": "0x3f3e3d3c"
      },
      {
        "offset": "0x260",
        "value": "0x43424140"
      },
      {
        "offset": "0x264",
        "value": "0x47464544"
      },
      {
        "offset": "0x268",
        "value": "0x4b4a4948"
      },
      {
        "offset": "0x26c",
        "value": "0x4f4e4d4c"
      },
      {
        "offset": "0x270",
        "value": "0x53525150"
      },
      {
        "offset": "0x274",
        "value": "0x57565554"
      },
      {
        "offset": "0x278",
        "value": "0x5b5a5958"
      },
      {
        "offset": "0x27c",
        "value": "0x5f5e5d5c"
      },
      {
        "offset": "0x280",
        "value": "0x63626160"
      },
      {
        "offset": "0x284",
        "value": "0x67666564"
      },
      {
        "offset": "0x288",
        "value": "0x6b6a6968"
      },
      {
        "offset": "0x28c",
        "value": "0x6f6e6d6c"
      },
      {
        "offset": "0x290",
        "value": "0x73727170"
      },
      {
        "offset": "0x294",
        "value": "0x77767574"
      },
      {
        "offset": "0x298",
        "value": "0x7b7a7978"
      },
      {
        "offset": "0x29c",
        "value": "0x7f7e7d7c"
      },
      {
        "offset": "0x2a0",
        "value": "0x83828180"
      },
      {
        "offset": "0x2a4",
        "value": "0x87868584"
      },
      {
        "offset": "0x2a8",
        "value": "0x8b8a8988"
      },
      {
        "offset": "0x2ac",
        "value": "0x8f8e8d8c"
      },
      {
        "offset": "0x2b0",
        "value": "0x93929190"
      },
      {
        "offset": "0x2b4",
        "value": "0x97969594"
      },
      {
        "offset": "0x2b8",
        "value": "0x9b9a9998"
      },
      {
        "offset": "0x2bc",
        "value": "0x9f9e9d9c"
      },
      {
        "offset": "0x2c0",
        "value": "0xa3a2a1a0"
      },
      {
        "offset": "0x2c4",
        "value": "0xa7a6a5a4"
      },
      {
        "offset": "0x2c8",
        "value": "0xabaaa9a8"
      },
      {
        "offset": "0x2cc",
        "value": "0xafaeadac"
      },
      {
        "offset": "0x2d0",
        "value": "0xb3b2b1b0"
      },
      {
        "offset": "0x2d4",
        "value": "0xb7b6b5b4"
      },
      {
        "offset": "0x2d8",
        "value": "0xbbbab9b8"
      },
      {
        "offset": "0x2dc",
        "value": "0xbfbebdbc"
      },
      {
        "offset": "0x2e0",
        "value": "0xc3c2c1c0"
      },
      {
        "offset": "0x2e4",
        "value": "0xc7c6c5c4"
      },
      {
        "offset": "0x2e8",
        "value": "0xcbcac9c8"
      },
      {
        "offset": "0x2ec",
        "value": "0xcfcecdcc"
      },
      {
        "offset": "0x2f0",
        "value": "0xd3d2d1d0"
      },
      {
        "offset": "0x2f4",
        "value": "0x0000d5d4"
      },
      {
        "offset": "0x108",
        "value": "0x00002201"
      },
      {
        "offset": "0x10c",
        "value": "0x00000001"
      },
      {
        "offset": "0x110",
        "value": "0x00000001"
      },
      {
        "offset": "0x114",
        "value": "0x000000f6"
      },
      {
        "offset": "0x15c",
        "value": "0x0061a800"
      },
      {
        "offset": "0x100",
        "value": "0x00000004"
      },
      {
        "offset": "0x100",
        "value": "0x00000008"
      },
      {
        "offset": "0x100",
        "value": "0x00000030"
      },
      {
        "offset": "0x100",
        "value": "0x00000030"
      }
    ],
    "runtime_feasibility": {
      "jtag_frequency_hz": 1000000,
      "reference_jtag_frequency_hz": 1000000,
      "estimated_axi_operation_us_at_1mhz": 1250,
      "estimated_stage_fixed_overhead_seconds": 30.0,
      "estimate_model": "one_axi_read_per_poll_operation_global_deadline_authoritative",
      "estimated_stage_runtime_seconds": 30.3025,
      "minimum_stage_runtime_sec": 31,
      "authorized_runtime_sec": 900,
      "feasible_within_authorized_runtime": true,
      "containment_initial_empty_wait_seconds": 0,
      "expected_tool_daemon_grace_seconds": 30,
      "containment_total_exit_window_seconds": 30,
      "containment_topology_revalidation_interval_seconds": 0.1,
      "containment_forced_cleanup_wait_seconds": 10,
      "containment_failure_bound_seconds": 40,
      "jtag_wrapper_vivado_process_count": 4,
      "jtag_wrapper_containment_allowance_seconds": 120,
      "jtag_wrapper_max_forced_cleanup_events": 2,
      "jtag_wrapper_forced_cleanup_reserve_seconds": 20,
      "jtag_wrapper_other_guard_seconds": 65,
      "jtag_wrapper_bookkeeping_guard_seconds": 45,
      "jtag_wrapper_other_guard_after_forced_cleanup_seconds": 45,
      "global_runtime_budget": {
        "minimum_estimated_global_runtime_sec": 336,
        "configured_global_timeout_ceiling_sec": 855,
        "authorized_global_runtime_sec": 900,
        "containment_initial_empty_wait_seconds": 0,
        "expected_tool_daemon_grace_seconds": 30,
        "containment_total_exit_window_seconds": 30,
        "containment_topology_revalidation_interval_seconds": 0.1,
        "containment_success_bound_seconds_each": 30,
        "containment_failure_bound_seconds_each": 40,
        "contained_vivado_process_count": 4,
        "containment_allowance_seconds": 120,
        "max_forced_cleanup_events": 2,
        "forced_cleanup_wait_seconds": 10,
        "forced_cleanup_reserve_seconds": 20,
        "other_guard_seconds": 65,
        "bookkeeping_guard_seconds": 45,
        "other_guard_after_forced_cleanup_seconds": 45,
        "configured_unallocated_margin_seconds": 45,
        "estimated_unallocated_margin_seconds": 564,
        "minimum_stage_fits_configured_timeout": true,
        "feasible": true
      }
    },
    "valid": true,
    "backend_manifest": {
      "path": "C:\\Users\\user\\Documents\\RF_COMM_MULTILANE\\build\\p7_authorized_sequence\\p7_20260711_stationary_app_r6\\manifests\\019_p7_fragment_boundary_214_rr.manifest.json",
      "expected_sha256": "1e4cbef99495c137f5c910d831ac28b37d5d67009d02c5432c776e375be88c46",
      "actual_sha256": "1e4cbef99495c137f5c910d831ac28b37d5d67009d02c5432c776e375be88c46",
      "schema": "rfap-p7-jtag-axi-dry-run-v1",
      "input_length": 214,
      "input_sha256": "dedff2184de121c60ec94c4cb94a0450cac47257c56afa8f2e11c5f64d3dd661",
      "lane_policy": "STRIPE_ROUND_ROBIN",
      "transaction_operation_count": 242
    },
    "global_runtime_budget": {
      "minimum_estimated_global_runtime_sec": 336,
      "configured_global_timeout_ceiling_sec": 855,
      "authorized_global_runtime_sec": 900,
      "containment_initial_empty_wait_seconds": 0,
      "expected_tool_daemon_grace_seconds": 30,
      "containment_total_exit_window_seconds": 30,
      "containment_topology_revalidation_interval_seconds": 0.1,
      "containment_success_bound_seconds_each": 30,
      "containment_failure_bound_seconds_each": 40,
      "contained_vivado_process_count": 4,
      "containment_allowance_seconds": 120,
      "max_forced_cleanup_events": 2,
      "forced_cleanup_wait_seconds": 10,
      "forced_cleanup_reserve_seconds": 20,
      "other_guard_seconds": 65,
      "bookkeeping_guard_seconds": 45,
      "other_guard_after_forced_cleanup_seconds": 45,
      "configured_unallocated_margin_seconds": 45,
      "estimated_unallocated_margin_seconds": 564,
      "minimum_stage_fits_configured_timeout": true,
      "feasible": true
    }
  },
  "exit_code_policy": "returncode_must_be_exactly_zero_and_required_markers_must_match",
  "transaction_format_boundary": "strict_P7_JTAG_AXI_TRANSACTIONS_V1_no_source_no_eval_no_external_commands",
  "hardware_execution_lock": {
    "path": "C:\\Users\\user\\Documents\\RF_COMM_MULTILANE\\.hardware_authorization\\P7_HARDWARE_EXECUTION.lock",
    "token_sha256": "2ba2e400757e0f040e37b14ce9a61b08262dbcb19da874823dd144ae6fabad90",
    "owner": {
      "schema": "rf-comm-p7-hardware-execution-lock-v1",
      "pid": 1332,
      "wrapper": "run_p7_jtag_axi_stage_safe.py",
      "stage_name": "p7_fragment_boundary_214_rr",
      "acquired_at_utc": "2026-07-11T06:07:18.896579+00:00",
      "evidence_dir": "C:\\Users\\user\\Documents\\RF_COMM_MULTILANE\\evidence\\hardware\\p7\\authorized_sequence\\p7_20260711_stationary_app_r6\\019_p7_fragment_boundary_214_rr"
    },
    "acquired": true,
    "stale_lock_auto_recovery": false
  },
  "global_runtime_deadline_source": "host_monotonic",
  "global_runtime_guard_seconds": 65,
  "global_runtime_budget_components": {
    "contained_vivado_process_count": 4,
    "initial_empty_wait_seconds_per_process": 0,
    "expected_tool_daemon_grace_seconds_per_process": 30,
    "total_containment_window_seconds_per_process": 30,
    "topology_revalidation_interval_seconds": 0.1,
    "containment_allowance_seconds": 120,
    "forced_cleanup_wait_seconds": 10,
    "failure_containment_bound_seconds_per_failed_process": 40,
    "max_forced_cleanup_events": 2,
    "forced_cleanup_reserve_seconds": 20,
    "bookkeeping_guard_seconds": 45,
    "other_guard_seconds": 65
  },
  "evidence_dir": "C:\\Users\\user\\Documents\\RF_COMM_MULTILANE\\evidence\\hardware\\p7\\authorized_sequence\\p7_20260711_stationary_app_r6\\019_p7_fragment_boundary_214_rr",
  "event_log": "C:\\Users\\user\\Documents\\RF_COMM_MULTILANE\\evidence\\hardware\\p7\\authorized_sequence\\p7_20260711_stationary_app_r6\\019_p7_fragment_boundary_214_rr\\p7_jtag_axi_stage_events.jsonl",
  "preflight_process": {
    "name": "preflight",
    "returncode": 0,
    "stdout_path": "C:\\Users\\user\\Documents\\RF_COMM_MULTILANE\\evidence\\hardware\\p7\\authorized_sequence\\p7_20260711_stationary_app_r6\\019_p7_fragment_boundary_214_rr\\p7_preflight.stdout.log",
    "stderr_path": "C:\\Users\\user\\Documents\\RF_COMM_MULTILANE\\evidence\\hardware\\p7\\authorized_sequence\\p7_20260711_stationary_app_r6\\019_p7_fragment_boundary_214_rr\\p7_preflight.stderr.log",
    "elapsed_seconds": 31.06651,
    "argv": [
      "D:\\Xilinx\\Vivado\\2023.1\\bin\\vivado.bat",
      "-mode",
      "batch",
      "-source",
      "C:\\Users\\user\\Documents\\RF_COMM_MULTILANE\\scripts\\hw\\p7_hw_preflight.tcl",
      "-tclargs",
      "C:\\Users\\user\\Documents\\RF_COMM_MULTILANE",
      "C:\\Users\\user\\Documents\\RF_COMM_MULTILANE\\.hardware_authorization\\p7_20260711_stationary_app_r6_019_p7_fragment_boundary_214_rr.txt",
      "210512180081",
      "xc7z010clg400-1",
      "localhost:3121/xilinx_tcf/Digilent/210512180081",
      "localhost:3121",
      "C:\\Users\\user\\Documents\\RF_COMM_MULTILANE\\evidence\\hardware\\p7\\authorized_sequence\\p7_20260711_stationary_app_r6\\019_p7_fragment_boundary_214_rr\\p7_preflight_result.txt"
    ],
    "started_at_utc": "2026-07-11T06:07:18.899359+00:00",
    "ended_at_utc": "2026-07-11T06:07:49.965875+00:00",
    "timed_out": false,
    "abort_seen": false,
    "interrupted": false,
    "process_tree_terminated": false,
    "process_tree_reaped": true,
    "containment_kind": "WINDOWS_JOB_OBJECT_KILL_ON_CLOSE",
    "containment_assigned": true,
    "containment_closed": true,
    "descendant_count_after": 0,
    "expected_tool_daemon_grace_used": true,
    "expected_tool_daemon_grace_seconds": 30.0,
    "expected_tool_daemon_paths": [
      "D:\\Xilinx\\Vivado\\2023.1\\bin\\unwrapped\\win64.o\\cs_server.exe",
      "D:\\Xilinx\\Vivado\\2023.1\\bin\\unwrapped\\win64.o\\rdi_xsdb.exe",
      "C:\\Windows\\System32\\cmd.exe",
      "C:\\Windows\\System32\\conhost.exe"
    ],
    "descendant_paths_seen": [
      "C:\\Windows\\System32\\conhost.exe",
      "D:\\Xilinx\\Vivado\\2023.1\\bin\\unwrapped\\win64.o\\cs_server.exe",
      "C:\\Windows\\System32\\cmd.exe",
      "D:\\Xilinx\\Vivado\\2023.1\\bin\\unwrapped\\win64.o\\cs_server.exe",
      "C:\\Windows\\System32\\conhost.exe",
      "D:\\Xilinx\\Vivado\\2023.1\\bin\\unwrapped\\win64.o\\rdi_xsdb.exe"
    ],
    "descendant_processes_seen": [
      {
        "pid": 16424,
        "parent_pid": 18988,
        "parent_active_globally": true,
        "image_path": "C:\\Windows\\System32\\conhost.exe",
        "creation_time_100ns": 134282236478348479
      },
      {
        "pid": 17752,
        "parent_pid": 25168,
        "parent_active_globally": false,
        "image_path": "D:\\Xilinx\\Vivado\\2023.1\\bin\\unwrapped\\win64.o\\cs_server.exe",
        "creation_time_100ns": 134282236473342800
      },
      {
        "pid": 18988,
        "parent_pid": 13648,
        "parent_active_globally": false,
        "image_path": "C:\\Windows\\System32\\cmd.exe",
        "creation_time_100ns": 134282236478144822
      },
      {
        "pid": 26056,
        "parent_pid": 17752,
        "parent_active_globally": true,
        "image_path": "D:\\Xilinx\\Vivado\\2023.1\\bin\\unwrapped\\win64.o\\cs_server.exe",
        "creation_time_100ns": 134282236474271345
      },
      {
        "pid": 30096,
        "parent_pid": 35284,
        "parent_active_globally": false,
        "image_path": "C:\\Windows\\System32\\conhost.exe",
        "creation_time_100ns": 134282236466779517
      },
      {
        "pid": 48168,
        "parent_pid": 18988,
        "parent_active_globally": true,
        "image_path": "D:\\Xilinx\\Vivado\\2023.1\\bin\\unwrapped\\win64.o\\rdi_xsdb.exe",
        "creation_time_100ns": 134282236481311253
      }
    ],
    "expected_tool_daemon_classification": "EXACT_R2_VIVADO_EXIT_HELPER_FOREST",
    "expected_tool_daemon_topology_snapshots": [
      {
        "classification": "EXACT_R2_VIVADO_EXIT_HELPER_FOREST",
        "elapsed_seconds": 0.007271,
        "processes": [
          {
            "pid": 16424,
            "parent_pid": 18988,
            "parent_active_globally": true,
            "image_path": "C:\\Windows\\System32\\conhost.exe",
            "creation_time_100ns": 134282236478348479
          },
          {
            "pid": 17752,
            "parent_pid": 25168,
            "parent_active_globally": false,
            "image_path": "D:\\Xilinx\\Vivado\\2023.1\\bin\\unwrapped\\win64.o\\cs_server.exe",
            "creation_time_100ns": 134282236473342800
          },
          {
            "pid": 18988,
            "parent_pid": 13648,
            "parent_active_globally": false,
            "image_path": "C:\\Windows\\System32\\cmd.exe",
            "creation_time_100ns": 134282236478144822
          },
          {
            "pid": 26056,
            "parent_pid": 17752,
            "parent_active_globally": true,
            "image_path": "D:\\Xilinx\\Vivado\\2023.1\\bin\\unwrapped\\win64.o\\cs_server.exe",
            "creation_time_100ns": 134282236474271345
          },
          {
            "pid": 30096,
            "parent_pid": 35284,
            "parent_active_globally": false,
            "image_path": "C:\\Windows\\System32\\conhost.exe",
            "creation_time_100ns": 134282236466779517
          },
          {
            "pid": 48168,
            "parent_pid": 18988,
            "parent_active_globally": true,
            "image_path": "D:\\Xilinx\\Vivado\\2023.1\\bin\\unwrapped\\win64.o\\rdi_xsdb.exe",
            "creation_time_100ns": 134282236481311253
          }
        ]
      },
      {
        "classification": "STRICT_SHRINK_SUBSET_OF_EXACT_R2_VIVADO_EXIT_HELPER_FOREST",
        "elapsed_seconds": 19.673575,
        "processes": [
          {
            "pid": 17752,
            "parent_pid": 25168,
            "parent_active_globally": false,
            "image_path": "D:\\Xilinx\\Vivado\\2023.1\\bin\\unwrapped\\win64.o\\cs_server.exe",
            "creation_time_100ns": 134282236473342800
          },
          {
            "pid": 26056,
            "parent_pid": 17752,
            "parent_active_globally": true,
            "image_path": "D:\\Xilinx\\Vivado\\2023.1\\bin\\unwrapped\\win64.o\\cs_server.exe",
            "creation_time_100ns": 134282236474271345
          },
          {
            "pid": 30096,
            "parent_pid": 35284,
            "parent_active_globally": false,
            "image_path": "C:\\Windows\\System32\\conhost.exe",
            "creation_time_100ns": 134282236466779517
          }
        ]
      },
      {
        "classification": "EMPTY",
        "elapsed_seconds": 20.800103,
        "processes": []
      }
    ],
    "expected_tool_daemon_topology_revalidation_count": 192,
    "expected_tool_daemon_topology_monotonic": true,
    "expected_tool_daemon_topology_sample_elapsed_seconds": [
      3.7e-05,
      0.007271,
      0.115943,
      0.223498,
      0.33175,
      0.440018,
      0.547861,
      0.656598,
      0.764781,
      0.873201,
      0.982011,
      1.090172,
      1.19826,
      1.306747,
      1.416933,
      1.525114,
      1.633431,
      1.741566,
      1.849792,
      1.958098,
      2.066707,
      2.17477,
      2.283712,
      2.392403,
      2.500627,
      2.608354,
      2.716623,
      2.824709,
      2.932732,
      3.040673,
      3.149273,
      3.256705,
      3.36494,
      3.472598,
      3.580201,
      3.687946,
      3.796842,
      3.904616,
      4.012277,
      4.120945,
      4.228665,
      4.336887,
      4.44493,
      4.552778,
      4.66097,
      4.768823,
      4.87626,
      4.983582,
      5.092004,
      5.20014,
      5.30799,
      5.415954,
      5.524099,
      5.631921,
      5.739731,
      5.84704,
      5.955609,
      6.063899,
      6.17219,
      6.2797,
      6.387958,
      6.495734,
      6.602986,
      6.710866,
      6.818277,
      6.925892,
      7.033878,
      7.142336,
      7.250913,
      7.357382,
      7.46551,
      7.573753,
      7.68136,
      7.789529,
      7.896793,
      8.005298,
      8.112439,
      8.219545,
      8.328147,
      8.434169,
      8.543413,
      8.651478,
      8.759003,
      8.866816,
      8.974503,
      9.080578,
      9.189239,
      9.296502,
      9.404324,
      9.512696,
      9.620669,
      9.729958,
      9.838419,
      9.945206,
      10.053143,
      10.161071,
      10.279545,
      10.388201,
      10.49615,
      10.604004,
      10.711471,
      10.819577,
      10.927005,
      11.035159,
      11.143359,
      11.251722,
      11.35987,
      11.467018,
      11.575359,
      11.683345,
      11.79218,
      11.900238,
      12.008411,
      12.115969,
      12.223904,
      12.332353,
      12.438939,
      12.547676,
      12.656745,
      12.764056,
      12.872085,
      12.980484,
      13.088222,
      13.196069,
      13.30418,
      13.411671,
      13.519916,
      13.626845,
      13.734727,
      13.843826,
      13.951953,
      14.059907,
      14.168428,
      14.275796,
      14.385031,
      14.493794,
      14.602018,
      14.710266,
      14.818646,
      14.926681,
      15.033385,
      15.141672,
      15.249998,
      15.357577,
      15.465587,
      15.573107,
      15.67984,
      15.788518,
      15.895992,
      16.003815,
      16.111259,
      16.218943,
      16.327151,
      16.434938,
      16.542024,
      16.650731,
      16.759194,
      16.866596,
      16.974177,
      17.082593,
      17.189354,
      17.299342,
      17.407149,
      17.513873,
      17.621965,
      17.729438,
      17.836362,
      17.94621,
      18.054931,
      18.162711,
      18.270295,
      18.378615,
      18.487218,
      18.594681,
      18.702526,
      18.810306,
      18.917941,
      19.025812,
      19.134138,
      19.242075,
      19.349796,
      19.457428,
      19.565425,
      19.673575,
      19.78073,
      19.88764,
      19.99485,
      20.102082,
      20.209386,
      20.317227,
      20.424577,
      20.532477,
      20.641391,
      20.800103
    ],
    "expected_tool_daemon_topology_max_sample_gap_seconds": 0.158712,
    "expected_tool_daemon_grace_elapsed_seconds": 20.800122,
    "expected_tool_daemon_hashes_verified": true,
    "expected_tool_daemon_sha256_by_role": {
      "cs_server": "9bf0e15ffe162a96679c14b8117cf8ebe8a47b8032bee4ab8cb0317c112df536",
      "rdi_xsdb": "3193d8c4e7115e82e5b4ea6c2eb1aa8a7566bd5a9f9c78e9d901b9eab9d4ebfc",
      "cmd": "75320a519959cc6d089ea3eba33c38caccb7f138a025ea439bc9686cdb79ded4",
      "conhost": "a93cbb36b9c02364be6a72817174c46f94b66715549f279c6592ed659d237911"
    },
    "expected_tool_daemon_hash_error": "",
    "expected_tool_daemon_prelaunch_hashes_verified": true,
    "expected_tool_daemon_prelaunch_sha256_by_role": {
      "cs_server": "9bf0e15ffe162a96679c14b8117cf8ebe8a47b8032bee4ab8cb0317c112df536",
      "rdi_xsdb": "3193d8c4e7115e82e5b4ea6c2eb1aa8a7566bd5a9f9c78e9d901b9eab9d4ebfc",
      "cmd": "75320a519959cc6d089ea3eba33c38caccb7f138a025ea439bc9686cdb79ded4",
      "conhost": "a93cbb36b9c02364be6a72817174c46f94b66715549f279c6592ed659d237911"
    },
    "expected_tool_daemon_prelaunch_hash_error": "",
    "expected_tool_daemon_postexit_hashes_verified": true,
    "expected_tool_daemon_postexit_sha256_by_role": {
      "cs_server": "9bf0e15ffe162a96679c14b8117cf8ebe8a47b8032bee4ab8cb0317c112df536",
      "rdi_xsdb": "3193d8c4e7115e82e5b4ea6c2eb1aa8a7566bd5a9f9c78e9d901b9eab9d4ebfc",
      "cmd": "75320a519959cc6d089ea3eba33c38caccb7f138a025ea439bc9686cdb79ded4",
      "conhost": "a93cbb36b9c02364be6a72817174c46f94b66715549f279c6592ed659d237911"
    },
    "expected_tool_daemon_postexit_hash_error": "",
    "expected_tool_daemon_topology_error": "",
    "expected_tool_daemon_topology_terminal_empty": true,
    "process_identity_query_retry_count": 0,
    "process_exit_race_recheck_count": 1,
    "containment_cleanup_attempted": false,
    "containment_cleanup_terminated": false,
    "process_exit_race_rechecked": true,
    "process_identity_query_retried": false,
    "containment_query_error": "",
    "launch_error": ""
  },
  "preflight_result_file": "C:\\Users\\user\\Documents\\RF_COMM_MULTILANE\\evidence\\hardware\\p7\\authorized_sequence\\p7_20260711_stationary_app_r6\\019_p7_fragment_boundary_214_rr\\p7_preflight_result.txt",
  "preflight_failures": [],
  "target_identity": {
    "P7_HW_PREFLIGHT_AUTHORIZED": "1",
    "P7_HW_PREFLIGHT_READ_ONLY": "1",
    "P7_HW_PREFLIGHT_BOARD_ID": "210512180081",
    "P7_HW_PREFLIGHT_TARGET": "localhost:3121/xilinx_tcf/Digilent/210512180081",
    "P7_HW_PREFLIGHT_DEVICE": "xc7z010_1",
    "P7_HW_PREFLIGHT_PART": "xc7z010clg400-1",
    "P7_HW_PREFLIGHT_IDCODE": "00010011011100100010000010010011",
    "P7_HW_PREFLIGHT_CANONICAL_PART": "xc7z010clg400-1",
    "P7_HW_PREFLIGHT_LIVE_PART": "xc7z010",
    "P7_HW_PREFLIGHT_LIVE_DEVICE": "xc7z010_1",
    "P7_HW_PREFLIGHT_LIVE_IDCODE": "00010011011100100010000010010011",
    "P7_HW_PREFLIGHT_RESULT": "PASS"
  },
  "shutdown_before": {
    "name": "shutdown_before",
    "returncode": 0,
    "stdout_path": "C:\\Users\\user\\Documents\\RF_COMM_MULTILANE\\evidence\\hardware\\p7\\authorized_sequence\\p7_20260711_stationary_app_r6\\019_p7_fragment_boundary_214_rr\\p7_shutdown_before.stdout.log",
    "stderr_path": "C:\\Users\\user\\Documents\\RF_COMM_MULTILANE\\evidence\\hardware\\p7\\authorized_sequence\\p7_20260711_stationary_app_r6\\019_p7_fragment_boundary_214_rr\\p7_shutdown_before.stderr.log",
    "elapsed_seconds": 48.132629,
    "argv": [
      "D:\\Xilinx\\Vivado\\2023.1\\bin\\vivado.bat",
      "-mode",
      "batch",
      "-source",
      "C:\\Users\\user\\Documents\\RF_COMM_MULTILANE\\scripts\\hw\\p7_jtag_axi_transactions.tcl",
      "-tclargs",
      "C:\\Users\\user\\Documents\\RF_COMM_MULTILANE",
      "SHUTDOWN",
      "C:\\Users\\user\\Documents\\RF_COMM_MULTILANE\\.hardware_authorization\\p7_20260711_stationary_app_r6_019_p7_fragment_boundary_214_rr.txt",
      "210512180081",
      "xc7z010clg400-1",
      "localhost:3121/xilinx_tcf/Digilent/210512180081",
      "localhost:3121",
      "1000000",
      "C:\\Users\\user\\Documents\\RF_COMM_MULTILANE\\shutdown_bitstream\\tfdu_shutdown_j10_j11.bit",
      "-",
      "-",
      "C:\\Users\\user\\Documents\\RF_COMM_MULTILANE\\evidence\\hardware\\p7\\authorized_sequence\\p7_20260711_stationary_app_r6\\019_p7_fragment_boundary_214_rr\\p7_shutdown_before_result.txt",
      "0x43c00000",
      "1100000",
      "134217728",
      "550",
      "C:\\Users\\user\\Documents\\RF_COMM_MULTILANE\\shutdown_bitstream\\tfdu_shutdown_j10_j11.bit"
    ],
    "started_at_utc": "2026-07-11T06:07:49.976248+00:00",
    "ended_at_utc": "2026-07-11T06:08:38.108883+00:00",
    "timed_out": false,
    "abort_seen": false,
    "interrupted": false,
    "process_tree_terminated": false,
    "process_tree_reaped": true,
    "containment_kind": "WINDOWS_JOB_OBJECT_KILL_ON_CLOSE",
    "containment_assigned": true,
    "containment_closed": true,
    "descendant_count_after": 0,
    "expected_tool_daemon_grace_used": true,
    "expected_tool_daemon_grace_seconds": 30.0,
    "expected_tool_daemon_paths": [
      "D:\\Xilinx\\Vivado\\2023.1\\bin\\unwrapped\\win64.o\\cs_server.exe",
      "D:\\Xilinx\\Vivado\\2023.1\\bin\\unwrapped\\win64.o\\rdi_xsdb.exe",
      "C:\\Windows\\System32\\cmd.exe",
      "C:\\Windows\\System32\\conhost.exe"
    ],
    "descendant_paths_seen": [
      "C:\\Windows\\System32\\cmd.exe",
      "C:\\Windows\\System32\\conhost.exe",
      "D:\\Xilinx\\Vivado\\2023.1\\bin\\unwrapped\\win64.o\\cs_server.exe",
      "D:\\Xilinx\\Vivado\\2023.1\\bin\\unwrapped\\win64.o\\cs_server.exe",
      "D:\\Xilinx\\Vivado\\2023.1\\bin\\unwrapped\\win64.o\\rdi_xsdb.exe",
      "C:\\Windows\\System32\\conhost.exe"
    ],
    "descendant_processes_seen": [
      {
        "pid": 13268,
        "parent_pid": 23736,
        "parent_active_globally": false,
        "image_path": "C:\\Windows\\System32\\cmd.exe",
        "creation_time_100ns": 134282236787694838
      },
      {
        "pid": 22504,
        "parent_pid": 13268,
        "parent_active_globally": true,
        "image_path": "C:\\Windows\\System32\\conhost.exe",
        "creation_time_100ns": 134282236787754401
      },
      {
        "pid": 24544,
        "parent_pid": 24824,
        "parent_active_globally": true,
        "image_path": "D:\\Xilinx\\Vivado\\2023.1\\bin\\unwrapped\\win64.o\\cs_server.exe",
        "creation_time_100ns": 134282236783939930
      },
      {
        "pid": 24824,
        "parent_pid": 47888,
        "parent_active_globally": false,
        "image_path": "D:\\Xilinx\\Vivado\\2023.1\\bin\\unwrapped\\win64.o\\cs_server.exe",
        "creation_time_100ns": 134282236783031897
      },
      {
        "pid": 37944,
        "parent_pid": 13268,
        "parent_active_globally": true,
        "image_path": "D:\\Xilinx\\Vivado\\2023.1\\bin\\unwrapped\\win64.o\\rdi_xsdb.exe",
        "creation_time_100ns": 134282236790693727
      },
      {
        "pid": 47332,
        "parent_pid": 26320,
        "parent_active_globally": false,
        "image_path": "C:\\Windows\\System32\\conhost.exe",
        "creation_time_100ns": 134282236776428157
      }
    ],
    "expected_tool_daemon_classification": "EXACT_R2_VIVADO_EXIT_HELPER_FOREST",
    "expected_tool_daemon_topology_snapshots": [
      {
        "classification": "EXACT_R2_VIVADO_EXIT_HELPER_FOREST",
        "elapsed_seconds": 0.007064,
        "processes": [
          {
            "pid": 13268,
            "parent_pid": 23736,
            "parent_active_globally": false,
            "image_path": "C:\\Windows\\System32\\cmd.exe",
            "creation_time_100ns": 134282236787694838
          },
          {
            "pid": 22504,
            "parent_pid": 13268,
            "parent_active_globally": true,
            "image_path": "C:\\Windows\\System32\\conhost.exe",
            "creation_time_100ns": 134282236787754401
          },
          {
            "pid": 24544,
            "parent_pid": 24824,
            "parent_active_globally": true,
            "image_path": "D:\\Xilinx\\Vivado\\2023.1\\bin\\unwrapped\\win64.o\\cs_server.exe",
            "creation_time_100ns": 134282236783939930
          },
          {
            "pid": 24824,
            "parent_pid": 47888,
            "parent_active_globally": false,
            "image_path": "D:\\Xilinx\\Vivado\\2023.1\\bin\\unwrapped\\win64.o\\cs_server.exe",
            "creation_time_100ns": 134282236783031897
          },
          {
            "pid": 37944,
            "parent_pid": 13268,
            "parent_active_globally": true,
            "image_path": "D:\\Xilinx\\Vivado\\2023.1\\bin\\unwrapped\\win64.o\\rdi_xsdb.exe",
            "creation_time_100ns": 134282236790693727
          },
          {
            "pid": 47332,
            "parent_pid": 26320,
            "parent_active_globally": false,
            "image_path": "C:\\Windows\\System32\\conhost.exe",
            "creation_time_100ns": 134282236776428157
          }
        ]
      },
      {
        "classification": "STRICT_SHRINK_SUBSET_OF_EXACT_R2_VIVADO_EXIT_HELPER_FOREST",
        "elapsed_seconds": 19.536763,
        "processes": [
          {
            "pid": 24544,
            "parent_pid": 24824,
            "parent_active_globally": true,
            "image_path": "D:\\Xilinx\\Vivado\\2023.1\\bin\\unwrapped\\win64.o\\cs_server.exe",
            "creation_time_100ns": 134282236783939930
          },
          {
            "pid": 24824,
            "parent_pid": 47888,
            "parent_active_globally": false,
            "image_path": "D:\\Xilinx\\Vivado\\2023.1\\bin\\unwrapped\\win64.o\\cs_server.exe",
            "creation_time_100ns": 134282236783031897
          },
          {
            "pid": 47332,
            "parent_pid": 26320,
            "parent_active_globally": false,
            "image_path": "C:\\Windows\\System32\\conhost.exe",
            "creation_time_100ns": 134282236776428157
          }
        ]
      },
      {
        "classification": "EMPTY",
        "elapsed_seconds": 20.715046,
        "processes": []
      }
    ],
    "expected_tool_daemon_topology_revalidation_count": 191,
    "expected_tool_daemon_topology_monotonic": true,
    "expected_tool_daemon_topology_sample_elapsed_seconds": [
      4e-05,
      0.007064,
      0.116279,
      0.225269,
      0.333506,
      0.441352,
      0.549296,
      0.656643,
      0.764497,
      0.872752,
      0.980651,
      1.089279,
      1.19789,
      1.306024,
      1.414608,
      1.522909,
      1.631354,
      1.739911,
      1.848159,
      1.956127,
      2.063779,
      2.172707,
      2.281154,
      2.389021,
      2.498178,
      2.605306,
      2.713846,
      2.822252,
      2.928875,
      3.037307,
      3.146227,
      3.254888,
      3.360833,
      3.469193,
      3.577375,
      3.685497,
      3.792589,
      3.900226,
      4.006211,
      4.115114,
      4.223638,
      4.331687,
      4.439573,
      4.548158,
      4.656665,
      4.764419,
      4.871853,
      4.979734,
      5.087842,
      5.19688,
      5.304306,
      5.411806,
      5.520123,
      5.627911,
      5.73616,
      5.844548,
      5.952662,
      6.06043,
      6.168672,
      6.276168,
      6.384237,
      6.492582,
      6.600187,
      6.70833,
      6.816702,
      6.924057,
      7.033024,
      7.141032,
      7.248344,
      7.356552,
      7.465621,
      7.574118,
      7.682655,
      7.790939,
      7.897941,
      8.006232,
      8.114904,
      8.222614,
      8.330455,
      8.441623,
      8.549549,
      8.658639,
      8.766341,
      8.875179,
      8.981496,
      9.090566,
      9.198863,
      9.306994,
      9.416056,
      9.524472,
      9.633504,
      9.742391,
      9.850488,
      9.957888,
      10.0689,
      10.177234,
      10.286324,
      10.394315,
      10.502246,
      10.610384,
      10.718693,
      10.827481,
      10.933971,
      11.041945,
      11.149702,
      11.258439,
      11.366892,
      11.475396,
      11.583704,
      11.691982,
      11.800133,
      11.908377,
      12.016203,
      12.123586,
      12.231532,
      12.340343,
      12.447493,
      12.555895,
      12.664827,
      12.77201,
      12.880141,
      12.988552,
      13.097158,
      13.205414,
      13.313983,
      13.421855,
      13.529416,
      13.637287,
      13.745016,
      13.853631,
      13.961765,
      14.073367,
      14.181792,
      14.289965,
      14.397814,
      14.50598,
      14.614161,
      14.722385,
      14.830043,
      14.938112,
      15.045901,
      15.154238,
      15.262065,
      15.369794,
      15.478435,
      15.587542,
      15.69584,
      15.803812,
      15.912082,
      16.019976,
      16.128258,
      16.23613,
      16.344302,
      16.452293,
      16.560651,
      16.66835,
      16.775993,
      16.883546,
      16.991751,
      17.100228,
      17.208813,
      17.317228,
      17.425205,
      17.533687,
      17.642095,
      17.750691,
      17.858801,
      17.967458,
      18.074611,
      18.182447,
      18.290511,
      18.398482,
      18.505807,
      18.614194,
      18.722482,
      18.830667,
      18.938325,
      19.046304,
      19.154793,
      19.262761,
      19.371147,
      19.536763,
      19.644353,
      19.75153,
      19.859175,
      19.966774,
      20.073498,
      20.181615,
      20.289825,
      20.397885,
      20.506272,
      20.614267,
      20.715046
    ],
    "expected_tool_daemon_topology_max_sample_gap_seconds": 0.165616,
    "expected_tool_daemon_grace_elapsed_seconds": 20.715071,
    "expected_tool_daemon_hashes_verified": true,
    "expected_tool_daemon_sha256_by_role": {
      "cs_server": "9bf0e15ffe162a96679c14b8117cf8ebe8a47b8032bee4ab8cb0317c112df536",
      "rdi_xsdb": "3193d8c4e7115e82e5b4ea6c2eb1aa8a7566bd5a9f9c78e9d901b9eab9d4ebfc",
      "cmd": "75320a519959cc6d089ea3eba33c38caccb7f138a025ea439bc9686cdb79ded4",
      "conhost": "a93cbb36b9c02364be6a72817174c46f94b66715549f279c6592ed659d237911"
    },
    "expected_tool_daemon_hash_error": "",
    "expected_tool_daemon_prelaunch_hashes_verified": true,
    "expected_tool_daemon_prelaunch_sha256_by_role": {
      "cs_server": "9bf0e15ffe162a96679c14b8117cf8ebe8a47b8032bee4ab8cb0317c112df536",
      "rdi_xsdb": "3193d8c4e7115e82e5b4ea6c2eb1aa8a7566bd5a9f9c78e9d901b9eab9d4ebfc",
      "cmd": "75320a519959cc6d089ea3eba33c38caccb7f138a025ea439bc9686cdb79ded4",
      "conhost": "a93cbb36b9c02364be6a72817174c46f94b66715549f279c6592ed659d237911"
    },
    "expected_tool_daemon_prelaunch_hash_error": "",
    "expected_tool_daemon_postexit_hashes_verified": true,
    "expected_tool_daemon_postexit_sha256_by_role": {
      "cs_server": "9bf0e15ffe162a96679c14b8117cf8ebe8a47b8032bee4ab8cb0317c112df536",
      "rdi_xsdb": "3193d8c4e7115e82e5b4ea6c2eb1aa8a7566bd5a9f9c78e9d901b9eab9d4ebfc",
      "cmd": "75320a519959cc6d089ea3eba33c38caccb7f138a025ea439bc9686cdb79ded4",
      "conhost": "a93cbb36b9c02364be6a72817174c46f94b66715549f279c6592ed659d237911"
    },
    "expected_tool_daemon_postexit_hash_error": "",
    "expected_tool_daemon_topology_error": "",
    "expected_tool_daemon_topology_terminal_empty": true,
    "process_identity_query_retry_count": 1,
    "process_exit_race_recheck_count": 1,
    "containment_cleanup_attempted": false,
    "containment_cleanup_terminated": false,
    "process_exit_race_rechecked": true,
    "process_identity_query_retried": true,
    "containment_query_error": "",
    "launch_error": "",
    "attempted": true,
    "programming_attempted": true,
    "result_file": "C:\\Users\\user\\Documents\\RF_COMM_MULTILANE\\evidence\\hardware\\p7\\authorized_sequence\\p7_20260711_stationary_app_r6\\019_p7_fragment_boundary_214_rr\\p7_shutdown_before_result.txt",
    "passed": true,
    "failures": []
  },
  "shutdown_after": {
    "name": "shutdown_after",
    "returncode": 0,
    "stdout_path": "C:\\Users\\user\\Documents\\RF_COMM_MULTILANE\\evidence\\hardware\\p7\\authorized_sequence\\p7_20260711_stationary_app_r6\\019_p7_fragment_boundary_214_rr\\p7_shutdown_after.stdout.log",
    "stderr_path": "C:\\Users\\user\\Documents\\RF_COMM_MULTILANE\\evidence\\hardware\\p7\\authorized_sequence\\p7_20260711_stationary_app_r6\\019_p7_fragment_boundary_214_rr\\p7_shutdown_after.stderr.log",
    "elapsed_seconds": 48.543342,
    "argv": [
      "D:\\Xilinx\\Vivado\\2023.1\\bin\\vivado.bat",
      "-mode",
      "batch",
      "-source",
      "C:\\Users\\user\\Documents\\RF_COMM_MULTILANE\\scripts\\hw\\p7_jtag_axi_transactions.tcl",
      "-tclargs",
      "C:\\Users\\user\\Documents\\RF_COMM_MULTILANE",
      "SHUTDOWN",
      "C:\\Users\\user\\Documents\\RF_COMM_MULTILANE\\.hardware_authorization\\p7_20260711_stationary_app_r6_019_p7_fragment_boundary_214_rr.txt",
      "210512180081",
      "xc7z010clg400-1",
      "localhost:3121/xilinx_tcf/Digilent/210512180081",
      "localhost:3121",
      "1000000",
      "C:\\Users\\user\\Documents\\RF_COMM_MULTILANE\\shutdown_bitstream\\tfdu_shutdown_j10_j11.bit",
      "-",
      "-",
      "C:\\Users\\user\\Documents\\RF_COMM_MULTILANE\\evidence\\hardware\\p7\\authorized_sequence\\p7_20260711_stationary_app_r6\\019_p7_fragment_boundary_214_rr\\p7_shutdown_after_result.txt",
      "0x43c00000",
      "1100000",
      "134217728",
      "550",
      "C:\\Users\\user\\Documents\\RF_COMM_MULTILANE\\shutdown_bitstream\\tfdu_shutdown_j10_j11.bit"
    ],
    "started_at_utc": "2026-07-11T06:09:28.514770+00:00",
    "ended_at_utc": "2026-07-11T06:10:17.058119+00:00",
    "timed_out": false,
    "abort_seen": false,
    "interrupted": false,
    "process_tree_terminated": false,
    "process_tree_reaped": true,
    "containment_kind": "WINDOWS_JOB_OBJECT_KILL_ON_CLOSE",
    "containment_assigned": true,
    "containment_closed": true,
    "descendant_count_after": 0,
    "expected_tool_daemon_grace_used": true,
    "expected_tool_daemon_grace_seconds": 30.0,
    "expected_tool_daemon_paths": [
      "D:\\Xilinx\\Vivado\\2023.1\\bin\\unwrapped\\win64.o\\cs_server.exe",
      "D:\\Xilinx\\Vivado\\2023.1\\bin\\unwrapped\\win64.o\\rdi_xsdb.exe",
      "C:\\Windows\\System32\\cmd.exe",
      "C:\\Windows\\System32\\conhost.exe"
    ],
    "descendant_paths_seen": [
      "D:\\Xilinx\\Vivado\\2023.1\\bin\\unwrapped\\win64.o\\rdi_xsdb.exe",
      "C:\\Windows\\System32\\conhost.exe",
      "D:\\Xilinx\\Vivado\\2023.1\\bin\\unwrapped\\win64.o\\cs_server.exe",
      "D:\\Xilinx\\Vivado\\2023.1\\bin\\unwrapped\\win64.o\\cs_server.exe",
      "C:\\Windows\\System32\\conhost.exe",
      "C:\\Windows\\System32\\cmd.exe"
    ],
    "descendant_processes_seen": [
      {
        "pid": 24804,
        "parent_pid": 46788,
        "parent_active_globally": true,
        "image_path": "D:\\Xilinx\\Vivado\\2023.1\\bin\\unwrapped\\win64.o\\rdi_xsdb.exe",
        "creation_time_100ns": 134282237781181181
      },
      {
        "pid": 32936,
        "parent_pid": 46788,
        "parent_active_globally": true,
        "image_path": "C:\\Windows\\System32\\conhost.exe",
        "creation_time_100ns": 134282237777439576
      },
      {
        "pid": 33012,
        "parent_pid": 49136,
        "parent_active_globally": false,
        "image_path": "D:\\Xilinx\\Vivado\\2023.1\\bin\\unwrapped\\win64.o\\cs_server.exe",
        "creation_time_100ns": 134282237771989605
      },
      {
        "pid": 43128,
        "parent_pid": 33012,
        "parent_active_globally": true,
        "image_path": "D:\\Xilinx\\Vivado\\2023.1\\bin\\unwrapped\\win64.o\\cs_server.exe",
        "creation_time_100ns": 134282237772991684
      },
      {
        "pid": 46464,
        "parent_pid": 34248,
        "parent_active_globally": false,
        "image_path": "C:\\Windows\\System32\\conhost.exe",
        "creation_time_100ns": 134282237764909300
      },
      {
        "pid": 46788,
        "parent_pid": 12256,
        "parent_active_globally": false,
        "image_path": "C:\\Windows\\System32\\cmd.exe",
        "creation_time_100ns": 134282237777372748
      }
    ],
    "expected_tool_daemon_classification": "EXACT_R2_VIVADO_EXIT_HELPER_FOREST",
    "expected_tool_daemon_topology_snapshots": [
      {
        "classification": "EXACT_R2_VIVADO_EXIT_HELPER_FOREST",
        "elapsed_seconds": 0.007509,
        "processes": [
          {
            "pid": 24804,
            "parent_pid": 46788,
            "parent_active_globally": true,
            "image_path": "D:\\Xilinx\\Vivado\\2023.1\\bin\\unwrapped\\win64.o\\rdi_xsdb.exe",
            "creation_time_100ns": 134282237781181181
          },
          {
            "pid": 32936,
            "parent_pid": 46788,
            "parent_active_globally": true,
            "image_path": "C:\\Windows\\System32\\conhost.exe",
            "creation_time_100ns": 134282237777439576
          },
          {
            "pid": 33012,
            "parent_pid": 49136,
            "parent_active_globally": false,
            "image_path": "D:\\Xilinx\\Vivado\\2023.1\\bin\\unwrapped\\win64.o\\cs_server.exe",
            "creation_time_100ns": 134282237771989605
          },
          {
            "pid": 43128,
            "parent_pid": 33012,
            "parent_active_globally": true,
            "image_path": "D:\\Xilinx\\Vivado\\2023.1\\bin\\unwrapped\\win64.o\\cs_server.exe",
            "creation_time_100ns": 134282237772991684
          },
          {
            "pid": 46464,
            "parent_pid": 34248,
            "parent_active_globally": false,
            "image_path": "C:\\Windows\\System32\\conhost.exe",
            "creation_time_100ns": 134282237764909300
          },
          {
            "pid": 46788,
            "parent_pid": 12256,
            "parent_active_globally": false,
            "image_path": "C:\\Windows\\System32\\cmd.exe",
            "creation_time_100ns": 134282237777372748
          }
        ]
      },
      {
        "classification": "STRICT_SHRINK_SUBSET_OF_EXACT_R2_VIVADO_EXIT_HELPER_FOREST",
        "elapsed_seconds": 19.350667,
        "processes": [
          {
            "pid": 33012,
            "parent_pid": 49136,
            "parent_active_globally": false,
            "image_path": "D:\\Xilinx\\Vivado\\2023.1\\bin\\unwrapped\\win64.o\\cs_server.exe",
            "creation_time_100ns": 134282237771989605
          },
          {
            "pid": 43128,
            "parent_pid": 33012,
            "parent_active_globally": true,
            "image_path": "D:\\Xilinx\\Vivado\\2023.1\\bin\\unwrapped\\win64.o\\cs_server.exe",
            "creation_time_100ns": 134282237772991684
          },
          {
            "pid": 46464,
            "parent_pid": 34248,
            "parent_active_globally": false,
            "image_path": "C:\\Windows\\System32\\conhost.exe",
            "creation_time_100ns": 134282237764909300
          }
        ]
      },
      {
        "classification": "EMPTY",
        "elapsed_seconds": 20.425539,
        "processes": []
      }
    ],
    "expected_tool_daemon_topology_revalidation_count": 188,
    "expected_tool_daemon_topology_monotonic": true,
    "expected_tool_daemon_topology_sample_elapsed_seconds": [
      4.1e-05,
      0.007509,
      0.117157,
      0.225385,
      0.333859,
      0.44243,
      0.550903,
      0.659375,
      0.76752,
      0.87625,
      0.984314,
      1.091979,
      1.200605,
      1.308983,
      1.416826,
      1.525443,
      1.63409,
      1.745567,
      1.855154,
      1.963146,
      2.071565,
      2.180628,
      2.289028,
      2.396778,
      2.505131,
      2.61348,
      2.721161,
      2.829212,
      2.937643,
      3.04551,
      3.154181,
      3.262142,
      3.37055,
      3.478208,
      3.586928,
      3.695048,
      3.803207,
      3.911792,
      4.019809,
      4.127857,
      4.235776,
      4.343499,
      4.451924,
      4.55968,
      4.66785,
      4.776069,
      4.884496,
      4.992962,
      5.101508,
      5.209703,
      5.319232,
      5.427731,
      5.536024,
      5.644346,
      5.75178,
      5.860319,
      5.968645,
      6.0761,
      6.183744,
      6.293005,
      6.400775,
      6.509633,
      6.617946,
      6.72598,
      6.834346,
      6.942682,
      7.05108,
      7.159195,
      7.26722,
      7.375505,
      7.483492,
      7.591955,
      7.70033,
      7.808214,
      7.916753,
      8.025344,
      8.134006,
      8.242098,
      8.351071,
      8.459159,
      8.567757,
      8.676359,
      8.784974,
      8.892523,
      9.000171,
      9.108453,
      9.216587,
      9.324667,
      9.432862,
      9.54143,
      9.650551,
      9.759232,
      9.867006,
      9.975419,
      10.084321,
      10.192395,
      10.30074,
      10.408248,
      10.516358,
      10.624433,
      10.732146,
      10.840124,
      10.948451,
      11.05768,
      11.166312,
      11.275252,
      11.383314,
      11.49149,
      11.59975,
      11.708396,
      11.817086,
      11.924954,
      12.032534,
      12.140359,
      12.248643,
      12.356917,
      12.465321,
      12.573685,
      12.682121,
      12.78997,
      12.898685,
      13.00712,
      13.115842,
      13.22467,
      13.333264,
      13.441477,
      13.549244,
      13.657195,
      13.765765,
      13.873947,
      13.981813,
      14.089845,
      14.198176,
      14.306545,
      14.414906,
      14.527468,
      14.635994,
      14.744001,
      14.852027,
      14.960323,
      15.067426,
      15.175572,
      15.283951,
      15.391498,
      15.499547,
      15.60802,
      15.716252,
      15.825139,
      15.933294,
      16.041684,
      16.150392,
      16.258602,
      16.366677,
      16.475129,
      16.582551,
      16.690032,
      16.798627,
      16.907532,
      17.015216,
      17.122847,
      17.231174,
      17.339625,
      17.448042,
      17.555959,
      17.664498,
      17.772641,
      17.881116,
      17.989057,
      18.097296,
      18.205005,
      18.313519,
      18.421467,
      18.529945,
      18.637669,
      18.747036,
      18.855137,
      18.963281,
      19.074772,
      19.183581,
      19.350667,
      19.459049,
      19.56964,
      19.677331,
      19.78514,
      19.892694,
      20.000915,
      20.106824,
      20.215416,
      20.324077,
      20.425539
    ],
    "expected_tool_daemon_topology_max_sample_gap_seconds": 0.167086,
    "expected_tool_daemon_grace_elapsed_seconds": 20.425556,
    "expected_tool_daemon_hashes_verified": true,
    "expected_tool_daemon_sha256_by_role": {
      "cs_server": "9bf0e15ffe162a96679c14b8117cf8ebe8a47b8032bee4ab8cb0317c112df536",
      "rdi_xsdb": "3193d8c4e7115e82e5b4ea6c2eb1aa8a7566bd5a9f9c78e9d901b9eab9d4ebfc",
      "cmd": "75320a519959cc6d089ea3eba33c38caccb7f138a025ea439bc9686cdb79ded4",
      "conhost": "a93cbb36b9c02364be6a72817174c46f94b66715549f279c6592ed659d237911"
    },
    "expected_tool_daemon_hash_error": "",
    "expected_tool_daemon_prelaunch_hashes_verified": true,
    "expected_tool_daemon_prelaunch_sha256_by_role": {
      "cs_server": "9bf0e15ffe162a96679c14b8117cf8ebe8a47b8032bee4ab8cb0317c112df536",
      "rdi_xsdb": "3193d8c4e7115e82e5b4ea6c2eb1aa8a7566bd5a9f9c78e9d901b9eab9d4ebfc",
      "cmd": "75320a519959cc6d089ea3eba33c38caccb7f138a025ea439bc9686cdb79ded4",
      "conhost": "a93cbb36b9c02364be6a72817174c46f94b66715549f279c6592ed659d237911"
    },
    "expected_tool_daemon_prelaunch_hash_error": "",
    "expected_tool_daemon_postexit_hashes_verified": true,
    "expected_tool_daemon_postexit_sha256_by_role": {
      "cs_server": "9bf0e15ffe162a96679c14b8117cf8ebe8a47b8032bee4ab8cb0317c112df536",
      "rdi_xsdb": "3193d8c4e7115e82e5b4ea6c2eb1aa8a7566bd5a9f9c78e9d901b9eab9d4ebfc",
      "cmd": "75320a519959cc6d089ea3eba33c38caccb7f138a025ea439bc9686cdb79ded4",
      "conhost": "a93cbb36b9c02364be6a72817174c46f94b66715549f279c6592ed659d237911"
    },
    "expected_tool_daemon_postexit_hash_error": "",
    "expected_tool_daemon_topology_error": "",
    "expected_tool_daemon_topology_terminal_empty": true,
    "process_identity_query_retry_count": 1,
    "process_exit_race_recheck_count": 1,
    "containment_cleanup_attempted": false,
    "containment_cleanup_terminated": false,
    "process_exit_race_rechecked": true,
    "process_identity_query_retried": true,
    "containment_query_error": "",
    "launch_error": "",
    "passed": true,
    "failures": [],
    "attempted": true,
    "programming_attempted": true,
    "result_file": "C:\\Users\\user\\Documents\\RF_COMM_MULTILANE\\evidence\\hardware\\p7\\authorized_sequence\\p7_20260711_stationary_app_r6\\019_p7_fragment_boundary_214_rr\\p7_shutdown_after_result.txt"
  },
  "tfdu_activity_semantics": "conservative_true_once_transmitting_candidate_command_is_launched",
  "stage_process": {
    "name": "jtag_axi_stage",
    "returncode": 0,
    "stdout_path": "C:\\Users\\user\\Documents\\RF_COMM_MULTILANE\\evidence\\hardware\\p7\\authorized_sequence\\p7_20260711_stationary_app_r6\\019_p7_fragment_boundary_214_rr\\p7_jtag_axi_stage.stdout.log",
    "stderr_path": "C:\\Users\\user\\Documents\\RF_COMM_MULTILANE\\evidence\\hardware\\p7\\authorized_sequence\\p7_20260711_stationary_app_r6\\019_p7_fragment_boundary_214_rr\\p7_jtag_axi_stage.stderr.log",
    "elapsed_seconds": 50.379195,
    "argv": [
      "D:\\Xilinx\\Vivado\\2023.1\\bin\\vivado.bat",
      "-mode",
      "batch",
      "-source",
      "C:\\Users\\user\\Documents\\RF_COMM_MULTILANE\\scripts\\hw\\p7_jtag_axi_transactions.tcl",
      "-tclargs",
      "C:\\Users\\user\\Documents\\RF_COMM_MULTILANE",
      "STAGE",
      "C:\\Users\\user\\Documents\\RF_COMM_MULTILANE\\.hardware_authorization\\p7_20260711_stationary_app_r6_019_p7_fragment_boundary_214_rr.txt",
      "210512180081",
      "xc7z010clg400-1",
      "localhost:3121/xilinx_tcf/Digilent/210512180081",
      "localhost:3121",
      "1000000",
      "C:\\Users\\user\\Documents\\RF_COMM_MULTILANE\\evidence\\hardware\\p6\\bitstreams\\p6_jtag_dynamic_transport_4830d547d6a667edda8deebae855c3a7154478e298efca70e2526e6f3570b23c.bit",
      "C:\\Users\\user\\Documents\\RF_COMM_MULTILANE\\evidence\\hardware\\p6\\bitstreams\\p6_jtag_dynamic_transport_76fe1ec47871946a7d357b0caa1f669500de827b796d6154dcc54678e0ac7083.ltx",
      "C:\\Users\\user\\Documents\\RF_COMM_MULTILANE\\build\\p7_authorized_sequence\\p7_20260711_stationary_app_r6\\transactions\\019_p7_fragment_boundary_214_rr.transactions.txt",
      "C:\\Users\\user\\Documents\\RF_COMM_MULTILANE\\evidence\\hardware\\p7\\authorized_sequence\\p7_20260711_stationary_app_r6\\019_p7_fragment_boundary_214_rr\\p7_jtag_axi_raw_result.txt",
      "0x43c00000",
      "1100000",
      "134217728",
      "550",
      "C:\\Users\\user\\Documents\\RF_COMM_MULTILANE\\shutdown_bitstream\\tfdu_shutdown_j10_j11.bit"
    ],
    "started_at_utc": "2026-07-11T06:08:38.116854+00:00",
    "ended_at_utc": "2026-07-11T06:09:28.496056+00:00",
    "timed_out": false,
    "abort_seen": false,
    "interrupted": false,
    "process_tree_terminated": false,
    "process_tree_reaped": true,
    "containment_kind": "WINDOWS_JOB_OBJECT_KILL_ON_CLOSE",
    "containment_assigned": true,
    "containment_closed": true,
    "descendant_count_after": 0,
    "expected_tool_daemon_grace_used": true,
    "expected_tool_daemon_grace_seconds": 30.0,
    "expected_tool_daemon_paths": [
      "D:\\Xilinx\\Vivado\\2023.1\\bin\\unwrapped\\win64.o\\cs_server.exe",
      "D:\\Xilinx\\Vivado\\2023.1\\bin\\unwrapped\\win64.o\\rdi_xsdb.exe",
      "C:\\Windows\\System32\\cmd.exe",
      "C:\\Windows\\System32\\conhost.exe"
    ],
    "descendant_paths_seen": [
      "D:\\Xilinx\\Vivado\\2023.1\\bin\\unwrapped\\win64.o\\cs_server.exe",
      "C:\\Windows\\System32\\cmd.exe",
      "D:\\Xilinx\\Vivado\\2023.1\\bin\\unwrapped\\win64.o\\rdi_xsdb.exe",
      "C:\\Windows\\System32\\conhost.exe",
      "D:\\Xilinx\\Vivado\\2023.1\\bin\\unwrapped\\win64.o\\cs_server.exe",
      "C:\\Windows\\System32\\conhost.exe"
    ],
    "descendant_processes_seen": [
      {
        "pid": 15372,
        "parent_pid": 2904,
        "parent_active_globally": false,
        "image_path": "D:\\Xilinx\\Vivado\\2023.1\\bin\\unwrapped\\win64.o\\cs_server.exe",
        "creation_time_100ns": 134282237267218487
      },
      {
        "pid": 25976,
        "parent_pid": 36636,
        "parent_active_globally": false,
        "image_path": "C:\\Windows\\System32\\cmd.exe",
        "creation_time_100ns": 134282237271970915
      },
      {
        "pid": 32300,
        "parent_pid": 25976,
        "parent_active_globally": true,
        "image_path": "D:\\Xilinx\\Vivado\\2023.1\\bin\\unwrapped\\win64.o\\rdi_xsdb.exe",
        "creation_time_100ns": 134282237274948652
      },
      {
        "pid": 34560,
        "parent_pid": 25976,
        "parent_active_globally": true,
        "image_path": "C:\\Windows\\System32\\conhost.exe",
        "creation_time_100ns": 134282237272026906
      },
      {
        "pid": 42176,
        "parent_pid": 15372,
        "parent_active_globally": true,
        "image_path": "D:\\Xilinx\\Vivado\\2023.1\\bin\\unwrapped\\win64.o\\cs_server.exe",
        "creation_time_100ns": 134282237268119364
      },
      {
        "pid": 47456,
        "parent_pid": 49024,
        "parent_active_globally": false,
        "image_path": "C:\\Windows\\System32\\conhost.exe",
        "creation_time_100ns": 134282237260634515
      }
    ],
    "expected_tool_daemon_classification": "EXACT_R2_VIVADO_EXIT_HELPER_FOREST",
    "expected_tool_daemon_topology_snapshots": [
      {
        "classification": "EXACT_R2_VIVADO_EXIT_HELPER_FOREST",
        "elapsed_seconds": 0.00715,
        "processes": [
          {
            "pid": 15372,
            "parent_pid": 2904,
            "parent_active_globally": false,
            "image_path": "D:\\Xilinx\\Vivado\\2023.1\\bin\\unwrapped\\win64.o\\cs_server.exe",
            "creation_time_100ns": 134282237267218487
          },
          {
            "pid": 25976,
            "parent_pid": 36636,
            "parent_active_globally": false,
            "image_path": "C:\\Windows\\System32\\cmd.exe",
            "creation_time_100ns": 134282237271970915
          },
          {
            "pid": 32300,
            "parent_pid": 25976,
            "parent_active_globally": true,
            "image_path": "D:\\Xilinx\\Vivado\\2023.1\\bin\\unwrapped\\win64.o\\rdi_xsdb.exe",
            "creation_time_100ns": 134282237274948652
          },
          {
            "pid": 34560,
            "parent_pid": 25976,
            "parent_active_globally": true,
            "image_path": "C:\\Windows\\System32\\conhost.exe",
            "creation_time_100ns": 134282237272026906
          },
          {
            "pid": 42176,
            "parent_pid": 15372,
            "parent_active_globally": true,
            "image_path": "D:\\Xilinx\\Vivado\\2023.1\\bin\\unwrapped\\win64.o\\cs_server.exe",
            "creation_time_100ns": 134282237268119364
          },
          {
            "pid": 47456,
            "parent_pid": 49024,
            "parent_active_globally": false,
            "image_path": "C:\\Windows\\System32\\conhost.exe",
            "creation_time_100ns": 134282237260634515
          }
        ]
      },
      {
        "classification": "STRICT_SHRINK_SUBSET_OF_EXACT_R2_VIVADO_EXIT_HELPER_FOREST",
        "elapsed_seconds": 19.46038,
        "processes": [
          {
            "pid": 15372,
            "parent_pid": 2904,
            "parent_active_globally": false,
            "image_path": "D:\\Xilinx\\Vivado\\2023.1\\bin\\unwrapped\\win64.o\\cs_server.exe",
            "creation_time_100ns": 134282237267218487
          },
          {
            "pid": 42176,
            "parent_pid": 15372,
            "parent_active_globally": true,
            "image_path": "D:\\Xilinx\\Vivado\\2023.1\\bin\\unwrapped\\win64.o\\cs_server.exe",
            "creation_time_100ns": 134282237268119364
          },
          {
            "pid": 47456,
            "parent_pid": 49024,
            "parent_active_globally": false,
            "image_path": "C:\\Windows\\System32\\conhost.exe",
            "creation_time_100ns": 134282237260634515
          }
        ]
      },
      {
        "classification": "EMPTY",
        "elapsed_seconds": 20.644618,
        "processes": []
      }
    ],
    "expected_tool_daemon_topology_revalidation_count": 191,
    "expected_tool_daemon_topology_monotonic": true,
    "expected_tool_daemon_topology_sample_elapsed_seconds": [
      4.4e-05,
      0.00715,
      0.114185,
      0.221829,
      0.330152,
      0.437968,
      0.545473,
      0.653144,
      0.760645,
      0.869331,
      0.978438,
      1.089963,
      1.198504,
      1.306298,
      1.413663,
      1.521907,
      1.629926,
      1.737163,
      1.844376,
      1.952487,
      2.060214,
      2.167586,
      2.276337,
      2.384685,
      2.492352,
      2.60176,
      2.709875,
      2.817967,
      2.925743,
      3.033811,
      3.142225,
      3.249933,
      3.357521,
      3.465418,
      3.572919,
      3.680956,
      3.788652,
      3.897177,
      4.005725,
      4.114172,
      4.222441,
      4.330582,
      4.438835,
      4.546656,
      4.654994,
      4.763702,
      4.871652,
      4.979218,
      5.086513,
      5.194214,
      5.301652,
      5.41105,
      5.519023,
      5.627575,
      5.736001,
      5.844092,
      5.952236,
      6.060402,
      6.168381,
      6.27705,
      6.384568,
      6.492591,
      6.600208,
      6.708835,
      6.816617,
      6.923945,
      7.032211,
      7.140698,
      7.248776,
      7.357047,
      7.46495,
      7.572958,
      7.681389,
      7.789353,
      7.897746,
      8.006692,
      8.114711,
      8.22237,
      8.329781,
      8.437139,
      8.544475,
      8.65269,
      8.760921,
      8.868949,
      8.977451,
      9.085533,
      9.194326,
      9.302691,
      9.41079,
      9.518718,
      9.626502,
      9.734777,
      9.842163,
      9.949508,
      10.056815,
      10.164898,
      10.273108,
      10.38184,
      10.489702,
      10.597389,
      10.70545,
      10.813727,
      10.922051,
      11.030179,
      11.137751,
      11.245206,
      11.352686,
      11.46074,
      11.568516,
      11.676621,
      11.78573,
      11.894218,
      12.002281,
      12.110426,
      12.218902,
      12.327324,
      12.435225,
      12.54355,
      12.651653,
      12.759667,
      12.867319,
      12.974625,
      13.081954,
      13.190491,
      13.297838,
      13.405742,
      13.516117,
      13.624374,
      13.73199,
      13.840929,
      13.949107,
      14.057569,
      14.165786,
      14.273569,
      14.380916,
      14.488108,
      14.59593,
      14.704041,
      14.811761,
      14.919468,
      15.027665,
      15.135818,
      15.24357,
      15.351947,
      15.460553,
      15.569254,
      15.67786,
      15.785716,
      15.8931,
      16.000215,
      16.108158,
      16.215269,
      16.322907,
      16.430368,
      16.538764,
      16.6465,
      16.755194,
      16.863582,
      16.971154,
      17.078899,
      17.187045,
      17.295888,
      17.403829,
      17.512133,
      17.619883,
      17.727472,
      17.835657,
      17.943854,
      18.052448,
      18.159071,
      18.267389,
      18.376077,
      18.483406,
      18.590869,
      18.699296,
      18.806538,
      18.914788,
      19.02244,
      19.131447,
      19.240725,
      19.351481,
      19.46038,
      19.568964,
      19.677046,
      19.78517,
      19.893577,
      20.001447,
      20.109357,
      20.217295,
      20.327223,
      20.435603,
      20.543489,
      20.644618
    ],
    "expected_tool_daemon_topology_max_sample_gap_seconds": 0.111525,
    "expected_tool_daemon_grace_elapsed_seconds": 20.644636,
    "expected_tool_daemon_hashes_verified": true,
    "expected_tool_daemon_sha256_by_role": {
      "cs_server": "9bf0e15ffe162a96679c14b8117cf8ebe8a47b8032bee4ab8cb0317c112df536",
      "rdi_xsdb": "3193d8c4e7115e82e5b4ea6c2eb1aa8a7566bd5a9f9c78e9d901b9eab9d4ebfc",
      "cmd": "75320a519959cc6d089ea3eba33c38caccb7f138a025ea439bc9686cdb79ded4",
      "conhost": "a93cbb36b9c02364be6a72817174c46f94b66715549f279c6592ed659d237911"
    },
    "expected_tool_daemon_hash_error": "",
    "expected_tool_daemon_prelaunch_hashes_verified": true,
    "expected_tool_daemon_prelaunch_sha256_by_role": {
      "cs_server": "9bf0e15ffe162a96679c14b8117cf8ebe8a47b8032bee4ab8cb0317c112df536",
      "rdi_xsdb": "3193d8c4e7115e82e5b4ea6c2eb1aa8a7566bd5a9f9c78e9d901b9eab9d4ebfc",
      "cmd": "75320a519959cc6d089ea3eba33c38caccb7f138a025ea439bc9686cdb79ded4",
      "conhost": "a93cbb36b9c02364be6a72817174c46f94b66715549f279c6592ed659d237911"
    },
    "expected_tool_daemon_prelaunch_hash_error": "",
    "expected_tool_daemon_postexit_hashes_verified": true,
    "expected_tool_daemon_postexit_sha256_by_role": {
      "cs_server": "9bf0e15ffe162a96679c14b8117cf8ebe8a47b8032bee4ab8cb0317c112df536",
      "rdi_xsdb": "3193d8c4e7115e82e5b4ea6c2eb1aa8a7566bd5a9f9c78e9d901b9eab9d4ebfc",
      "cmd": "75320a519959cc6d089ea3eba33c38caccb7f138a025ea439bc9686cdb79ded4",
      "conhost": "a93cbb36b9c02364be6a72817174c46f94b66715549f279c6592ed659d237911"
    },
    "expected_tool_daemon_postexit_hash_error": "",
    "expected_tool_daemon_topology_error": "",
    "expected_tool_daemon_topology_terminal_empty": true,
    "process_identity_query_retry_count": 0,
    "process_exit_race_recheck_count": 0,
    "containment_cleanup_attempted": false,
    "containment_cleanup_terminated": false,
    "process_exit_race_rechecked": false,
    "process_identity_query_retried": false,
    "containment_query_error": "",
    "launch_error": "",
    "passed": true,
    "failures": [],
    "result_file": "C:\\Users\\user\\Documents\\RF_COMM_MULTILANE\\evidence\\hardware\\p7\\authorized_sequence\\p7_20260711_stationary_app_r6\\019_p7_fragment_boundary_214_rr\\p7_jtag_axi_raw_result.txt"
  },
  "stage_result_markers": {
    "P7_HW_TARGET": "localhost:3121/xilinx_tcf/Digilent/210512180081",
    "P7_HW_DEVICE": "xc7z010_1",
    "P7_HW_PART": "xc7z010clg400-1",
    "P7_HW_IDCODE": "00010011011100100010000010010011",
    "P7_HW_CANONICAL_PART": "xc7z010clg400-1",
    "P7_HW_LIVE_PART": "xc7z010",
    "P7_HW_LIVE_DEVICE": "xc7z010_1",
    "P7_HW_LIVE_IDCODE": "00010011011100100010000010010011",
    "P7_CANDIDATE_PROGRAMMED": "1",
    "P7_HW_AXI": "hw_axi_1",
    "P7_TXN_META_BACKEND": "p7_jtag_backend",
    "P7_TXN_META_LANE_POLICY": "STRIPE_ROUND_ROBIN",
    "P7_BASE_TX_COUNT": "00000000",
    "P7_BASE_RX_GOOD_COUNT_L0": "00000000",
    "P7_BASE_RX_GOOD_COUNT_L1": "00000000",
    "P7_BASE_CRC_BAD": "00000000",
    "P7_BASE_PAYLOAD_MISMATCH": "00000000",
    "P7_BASE_RETRY_COUNT": "00000000",
    "P7_BASE_RETRY_EXHAUSTED": "00000000",
    "P7_BASE_TX_FAIL": "00000000",
    "P7_BASE_DUTY_VIOLATION": "00000000",
    "P7_BASE_RAW_TX_PULSES": "00000000",
    "P7_BASE_RAW_RX_PULSES": "00000000",
    "P7_BASE_FRAME_GOOD": "00000000",
    "P7_BASE_FRAME_BAD": "00000000",
    "P7_BASE_ACK_SENT": "00000000",
    "P7_BASE_ACK_SEEN": "00000000",
    "P7_BASE_TXD_HIGH_MAX": "00000000",
    "P7_BASE_ERROR_CODE": "00000000",
    "P7_BASE_STICKY_ERROR": "00000000",
    "P7F00000_TXW000": "50414652",
    "P7F00000_TXW001": "00200301",
    "P7F00000_TXW002": "50370013",
    "P7F00000_TXW003": "00000013",
    "P7F00000_TXW004": "000000D6",
    "P7F00000_TXW005": "00010000",
    "P7F00000_TXW006": "000000D6",
    "P7F00000_TXW007": "F05C083E",
    "P7F00000_TXW008": "03020100",
    "P7F00000_TXW009": "07060504",
    "P7F00000_TXW010": "0B0A0908",
    "P7F00000_TXW011": "0F0E0D0C",
    "P7F00000_TXW012": "13121110",
    "P7F00000_TXW013": "17161514",
    "P7F00000_TXW014": "1B1A1918",
    "P7F00000_TXW015": "1F1E1D1C",
    "P7F00000_TXW016": "23222120",
    "P7F00000_TXW017": "27262524",
    "P7F00000_TXW018": "2B2A2928",
    "P7F00000_TXW019": "2F2E2D2C",
    "P7F00000_TXW020": "33323130",
    "P7F00000_TXW021": "37363534",
    "P7F00000_TXW022": "3B3A3938",
    "P7F00000_TXW023": "3F3E3D3C",
    "P7F00000_TXW024": "43424140",
    "P7F00000_TXW025": "47464544",
    "P7F00000_TXW026": "4B4A4948",
    "P7F00000_TXW027": "4F4E4D4C",
    "P7F00000_TXW028": "53525150",
    "P7F00000_TXW029": "57565554",
    "P7F00000_TXW030": "5B5A5958",
    "P7F00000_TXW031": "5F5E5D5C",
    "P7F00000_TXW032": "63626160",
    "P7F00000_TXW033": "67666564",
    "P7F00000_TXW034": "6B6A6968",
    "P7F00000_TXW035": "6F6E6D6C",
    "P7F00000_TXW036": "73727170",
    "P7F00000_TXW037": "77767574",
    "P7F00000_TXW038": "7B7A7978",
    "P7F00000_TXW039": "7F7E7D7C",
    "P7F00000_TXW040": "83828180",
    "P7F00000_TXW041": "87868584",
    "P7F00000_TXW042": "8B8A8988",
    "P7F00000_TXW043": "8F8E8D8C",
    "P7F00000_TXW044": "93929190",
    "P7F00000_TXW045": "97969594",
    "P7F00000_TXW046": "9B9A9998",
    "P7F00000_TXW047": "9F9E9D9C",
    "P7F00000_TXW048": "A3A2A1A0",
    "P7F00000_TXW049": "A7A6A5A4",
    "P7F00000_TXW050": "ABAAA9A8",
    "P7F00000_TXW051": "AFAEADAC",
    "P7F00000_TXW052": "B3B2B1B0",
    "P7F00000_TXW053": "B7B6B5B4",
    "P7F00000_TXW054": "BBBAB9B8",
    "P7F00000_TXW055": "BFBEBDBC",
    "P7F00000_TXW056": "C3C2C1C0",
    "P7F00000_TXW057": "C7C6C5C4",
    "P7F00000_TXW058": "CBCAC9C8",
    "P7F00000_TXW059": "CFCECDCC",
    "P7F00000_TXW060": "D3D2D1D0",
    "P7F00000_TXW061": "0000D5D4",
    "P7F00000_COMMIT": "00000007",
    "P7F00000_COMMIT_POLLS": "1",
    "P7F00000_TX_CRC32": "9A9CDE74",
    "P7F00000_DONE": "00000017",
    "P7F00000_DONE_POLLS": "1",
    "P7F00000_STATUS": "00000017",
    "P7F00000_MAILBOX": "50364F4B",
    "P7F00000_RX_LEN": "000000F6",
    "P7F00000_RX_CRC32": "9A9CDE74",
    "P7F00000_RX_DIGEST": "9A9CDE74",
    "P7F00000_TX_COUNT": "00000001",
    "P7F00000_RX_GOOD_COUNT_L0": "00000001",
    "P7F00000_RX_GOOD_COUNT_L1": "00000000",
    "P7F00000_CRC_BAD": "00000000",
    "P7F00000_PAYLOAD_MISMATCH": "00000000",
    "P7F00000_RETRY_COUNT": "00000000",
    "P7F00000_RETRY_EXHAUSTED": "00000000",
    "P7F00000_TX_FAIL": "00000000",
    "P7F00000_DUTY_VIOLATION": "00000000",
    "P7F00000_RAW_TX_PULSES": "0000045C",
    "P7F00000_RAW_RX_PULSES": "000008B8",
    "P7F00000_FRAME_GOOD": "00000001",
    "P7F00000_FRAME_BAD": "00000000",
    "P7F00000_ACK_SENT": "00000001",
    "P7F00000_ACK_SEEN": "00000001",
    "P7F00000_TXD_HIGH_MAX": "00000008",
    "P7F00000_ERROR_CODE": "00000000",
    "P7F00000_STICKY_ERROR": "00000000",
    "P7F00000_RXW000": "50414652",
    "P7F00000_RXW001": "00200301",
    "P7F00000_RXW002": "50370013",
    "P7F00000_RXW003": "00000013",
    "P7F00000_RXW004": "000000D6",
    "P7F00000_RXW005": "00010000",
    "P7F00000_RXW006": "000000D6",
    "P7F00000_RXW007": "F05C083E",
    "P7F00000_RXW008": "03020100",
    "P7F00000_RXW009": "07060504",
    "P7F00000_RXW010": "0B0A0908",
    "P7F00000_RXW011": "0F0E0D0C",
    "P7F00000_RXW012": "13121110",
    "P7F00000_RXW013": "17161514",
    "P7F00000_RXW014": "1B1A1918",
    "P7F00000_RXW015": "1F1E1D1C",
    "P7F00000_RXW016": "23222120",
    "P7F00000_RXW017": "27262524",
    "P7F00000_RXW018": "2B2A2928",
    "P7F00000_RXW019": "2F2E2D2C",
    "P7F00000_RXW020": "33323130",
    "P7F00000_RXW021": "37363534",
    "P7F00000_RXW022": "3B3A3938",
    "P7F00000_RXW023": "3F3E3D3C",
    "P7F00000_RXW024": "43424140",
    "P7F00000_RXW025": "47464544",
    "P7F00000_RXW026": "4B4A4948",
    "P7F00000_RXW027": "4F4E4D4C",
    "P7F00000_RXW028": "53525150",
    "P7F00000_RXW029": "57565554",
    "P7F00000_RXW030": "5B5A5958",
    "P7F00000_RXW031": "5F5E5D5C",
    "P7F00000_RXW032": "63626160",
    "P7F00000_RXW033": "67666564",
    "P7F00000_RXW034": "6B6A6968",
    "P7F00000_RXW035": "6F6E6D6C",
    "P7F00000_RXW036": "73727170",
    "P7F00000_RXW037": "77767574",
    "P7F00000_RXW038": "7B7A7978",
    "P7F00000_RXW039": "7F7E7D7C",
    "P7F00000_RXW040": "83828180",
    "P7F00000_RXW041": "87868584",
    "P7F00000_RXW042": "8B8A8988",
    "P7F00000_RXW043": "8F8E8D8C",
    "P7F00000_RXW044": "93929190",
    "P7F00000_RXW045": "97969594",
    "P7F00000_RXW046": "9B9A9998",
    "P7F00000_RXW047": "9F9E9D9C",
    "P7F00000_RXW048": "A3A2A1A0",
    "P7F00000_RXW049": "A7A6A5A4",
    "P7F00000_RXW050": "ABAAA9A8",
    "P7F00000_RXW051": "AFAEADAC",
    "P7F00000_RXW052": "B3B2B1B0",
    "P7F00000_RXW053": "B7B6B5B4",
    "P7F00000_RXW054": "BBBAB9B8",
    "P7F00000_RXW055": "BFBEBDBC",
    "P7F00000_RXW056": "C3C2C1C0",
    "P7F00000_RXW057": "C7C6C5C4",
    "P7F00000_RXW058": "CBCAC9C8",
    "P7F00000_RXW059": "CFCECDCC",
    "P7F00000_RXW060": "D3D2D1D0",
    "P7F00000_RXW061": "0000D5D4",
    "P7_FINAL_SHUTDOWN_REASON": "54464455",
    "P7_TCL_PROGRAMMING_ATTEMPTED": "1",
    "P7_TRANSACTION_COUNT": "242",
    "P7_JTAG_AXI_TRANSACTIONS": "PASS",
    "P7_JTAG_STAGE_RESULT": "PASS"
  },
  "child_reaped_before_shutdown_after": true,
  "backend_parse": {
    "passed": true,
    "semantic_mode": "rfap",
    "summary_file": "C:\\Users\\user\\Documents\\RF_COMM_MULTILANE\\evidence\\hardware\\p7\\authorized_sequence\\p7_20260711_stationary_app_r6\\019_p7_fragment_boundary_214_rr\\p7_jtag_backend_parse_summary.json",
    "summary_sha256": "a8ef381fa5765f150b569580ae0eab5ee65eb0fd010a79023399d8170684e8bd",
    "output_file": "C:\\Users\\user\\Documents\\RF_COMM_MULTILANE\\evidence\\hardware\\p7\\authorized_sequence\\p7_20260711_stationary_app_r6\\019_p7_fragment_boundary_214_rr\\p7_jtag_reassembled_output.bin",
    "output_sha256": "dedff2184de121c60ec94c4cb94a0450cac47257c56afa8f2e11c5f64d3dd661",
    "object_length": 214,
    "object_crc32": 4032563262,
    "object_sha256": "dedff2184de121c60ec94c4cb94a0450cac47257c56afa8f2e11c5f64d3dd661",
    "lane_policy": "STRIPE_ROUND_ROBIN",
    "fragment_count": 1,
    "missing_fragments": 0,
    "duplicate_fragments": 0,
    "error_counter_increments": 0,
    "fragment_latency_upper_bound_us": {
      "sample_count": 1,
      "min": 2000,
      "mean": 2000.0,
      "p50": 2000,
      "p95": 2000,
      "p99": 2000,
      "max": 2000,
      "percentile_method": "nearest_rank",
      "semantics": "upper_bound",
      "source": "bounded_commit_plus_transfer_poll_counts_x_manifest_poll_period"
    },
    "object_transport_latency_upper_bound_us": 2000,
    "object_transport_latency_semantics": "sum_of_sequential_fragment_poll_upper_bounds",
    "poll_bound_application_goodput_lower_bound_bps": 856000,
    "poll_bound_goodput_semantics": "lower_bound_from_object_bytes_over_transport_latency_upper_bound",
    "host_end_to_end_elapsed_seconds": 50.379195,
    "host_end_to_end_goodput_bps": 33.982282,
    "host_end_to_end_time_source": "host_monotonic_child_process_elapsed",
    "host_end_to_end_semantics": "includes Vivado startup, FPGA programming, JTAG/AXI operations, polling, and host overhead; not optical-only fragment latency",
    "raw_log_bound_to_this_hardware_process": true
  },
  "internal_error": "",
  "stage_failures": [],
  "backend_parse_failure": "",
  "global_runtime": {
    "elapsed_seconds": 178.177661,
    "authorized_max_seconds": 900,
    "within_authorized_limit": true
  },
  "reason": "authorized direct JTAG/AXI stage, strict byte/counter parser, and both shutdown barriers passed"
}
