{
  "P7_JTAG_AXI_SAFE_STAGE": "PASS",
  "generated_at_utc": "2026-07-11T06:16:14.873791+00:00",
  "stage_name": "p7_fragment_boundary_215_l1",
  "semantic_mode": "rfap",
  "requested_execute_hardware": true,
  "hardware_actions_executed": true,
  "programmed_fpga": true,
  "programmed_candidate": true,
  "programmed_shutdown_before": true,
  "programmed_shutdown_after": true,
  "started_ps_elf": false,
  "drove_tfdu_txd": true,
  "enabled_tfdu_receiver": true,
  "uart_access": false,
  "ethernet_used": false,
  "motion_used": false,
  "hardware_acceptance": "PENDING_HW",
  "safety_validation": {
    "P7_HARDWARE_SAFETY": "PASS",
    "ready_for_hardware_preflight": true,
    "hardware_actions_executed": false,
    "programmed_fpga": false,
    "drove_tfdu_txd": false,
    "started_ps_elf": false,
    "authorization_environment_present": true,
    "authorization": {
      "exists": true,
      "path": "C:\\Users\\user\\Documents\\RF_COMM_MULTILANE\\.hardware_authorization\\p7_20260711_stationary_app_r6_022_p7_fragment_boundary_215_l1.txt",
      "actual_sha256": "58c2f1abcbd89474c2af5d6fa8331dc9f392660521e02d0cdd6aad9c70025856",
      "expected_sha256": "58c2f1abcbd89474c2af5d6fa8331dc9f392660521e02d0cdd6aad9c70025856",
      "markers": [
        "P7_STATIONARY_APP_LAYER_APPROVED"
      ],
      "duplicate_keys": []
    },
    "authorization_fields": {
      "AUTHORIZED_STAGE": "P7_STATIONARY_LOCAL_APPLICATION_LAYER_NO_ETHERNET",
      "USER_HARDWARE_AUTHORIZATION_FOR_P7": "GRANTED",
      "BOARD_ID": "210512180081",
      "EXPECTED_PART": "xc7z010clg400-1",
      "EXPECTED_TARGET": "localhost:3121/xilinx_tcf/Digilent/210512180081",
      "SOURCE_COMMIT": "36a67aef2e39c7ca52ec2765d5eebb0363c44bdb",
      "MAX_RUNTIME_SEC": "900",
      "SHUTDOWN_ON_EXIT": "required",
      "NO_ETHERNET": "true",
      "NO_MOTION": "true",
      "LANE_COUNT": "2",
      "MAX_LANE_MASK": "0x3",
      "P7_PLAN_PATH": "C:\\Users\\user\\Documents\\RF_COMM_MULTILANE\\evidence\\hardware\\p7\\artifacts\\p7_plan_c6db9d8348c3bc518fa5985595adfcdada1a08f11c9246c6103ec378b43b58dd.md",
      "P7_PLAN_SHA256": "c6db9d8348c3bc518fa5985595adfcdada1a08f11c9246c6103ec378b43b58dd",
      "BITSTREAM_PATH": "C:\\Users\\user\\Documents\\RF_COMM_MULTILANE\\evidence\\hardware\\p6\\bitstreams\\p6_jtag_dynamic_transport_4830d547d6a667edda8deebae855c3a7154478e298efca70e2526e6f3570b23c.bit",
      "BITSTREAM_SHA256": "4830d547d6a667edda8deebae855c3a7154478e298efca70e2526e6f3570b23c",
      "XSA_PATH": "C:\\Users\\user\\Documents\\RF_COMM_MULTILANE\\evidence\\hardware\\p6\\bitstreams\\p6_ps_dynamic_transport_b5d1174eb46d12eb395ceabbbea3c132c5771ca6777194138e68c2eacb2e4fc9.xsa",
      "XSA_SHA256": "b5d1174eb46d12eb395ceabbbea3c132c5771ca6777194138e68c2eacb2e4fc9",
      "ELF_PATH": "C:\\Users\\user\\Documents\\RF_COMM_MULTILANE\\evidence\\hardware\\p7\\artifacts\\p7_runtime_14450369d4c6cbe27899bc69f210278e3b2076573e0122859d266fe63cc8e0ce.elf",
      "ELF_SHA256": "14450369d4c6cbe27899bc69f210278e3b2076573e0122859d266fe63cc8e0ce",
      "PROFILE_PATH": "C:\\Users\\user\\Documents\\RF_COMM_MULTILANE\\profiles\\p7\\p7_stationary_app_30min.json",
      "PROFILE_SHA256": "65a36a8318e7fd1e3b647997aceca773c69e76eee85cb8fae922148ccd8f3c94",
      "ACTIVE_XDC_PATH": "C:\\Users\\user\\Documents\\RF_COMM_MULTILANE\\constraints\\active\\PORT1.generated.xdc",
      "ACTIVE_XDC_SHA256": "cf23a0d34a2fa76521faf4c91f3858cff2117fa6020d302d1a6109f10254f990",
      "PINMAP_PATH": "C:\\Users\\user\\Documents\\RF_COMM_MULTILANE\\board_profiles\\ax7010_tfdu_j10_j11_pinmap.csv",
      "PINMAP_SHA256": "4c7d5f0836a2ab48df7672e00f99455e582fbf477b04ed2b3b44ef38506a8a6a",
      "REGISTER_MAP_PATH": "C:\\Users\\user\\Documents\\RF_COMM_MULTILANE\\config\\register_map\\ir_axi_regs.yaml",
      "REGISTER_MAP_SHA256": "d5b0bf1476d815a3ed69988c72097827356d4eade48813c8913fc1b2d448983d",
      "SHUTDOWN_BITSTREAM_PATH": "C:\\Users\\user\\Documents\\RF_COMM_MULTILANE\\shutdown_bitstream\\tfdu_shutdown_j10_j11.bit",
      "SHUTDOWN_BITSTREAM_SHA256": "bac60b58912f0acd771dc830a6761535ec8f6a92befb1ae4cb7d928745af5810",
      "LTX_PATH": "C:\\Users\\user\\Documents\\RF_COMM_MULTILANE\\evidence\\hardware\\p6\\bitstreams\\p6_jtag_dynamic_transport_76fe1ec47871946a7d357b0caa1f669500de827b796d6154dcc54678e0ac7083.ltx",
      "LTX_SHA256": "76fe1ec47871946a7d357b0caa1f669500de827b796d6154dcc54678e0ac7083",
      "P7_JTAG_STAGE_NAME": "p7_fragment_boundary_215_l1",
      "P7_JTAG_SEMANTIC_MODE": "rfap",
      "P7_JTAG_TRANSACTION_PATH": "C:\\Users\\user\\Documents\\RF_COMM_MULTILANE\\build\\p7_authorized_sequence\\p7_20260711_stationary_app_r6\\transactions\\022_p7_fragment_boundary_215_l1.transactions.txt",
      "P7_JTAG_TRANSACTION_SHA256": "3a2fe23cf7e5d67006360e79065efc4e847e1ea23021520e3f6f5c7954686b8d",
      "P7_JTAG_FREQUENCY_HZ": "1000000",
      "P7_JTAG_AXI_BASE": "0x43c00000",
      "P7_JTAG_BACKEND_MANIFEST_PATH": "C:\\Users\\user\\Documents\\RF_COMM_MULTILANE\\build\\p7_authorized_sequence\\p7_20260711_stationary_app_r6\\manifests\\022_p7_fragment_boundary_215_l1.manifest.json",
      "P7_JTAG_BACKEND_MANIFEST_SHA256": "bf0e318659ee52fa5c4ac0c5f402fa55f4c128e73c7d91ae303e5037f203955f"
    },
    "source_commit_requested": "36a67aef2e39c7ca52ec2765d5eebb0363c44bdb",
    "source_commit_current": "36a67aef2e39c7ca52ec2765d5eebb0363c44bdb",
    "dirty_files": [
      " M evidence/generated/p7_ps_runtime_build_summary.json",
      " M evidence/generated/p7_ps_runtime_build_summary.md",
      " M evidence/generated/vitis/p7_ps_runtime/p7_ps_runtime_build_summary.json",
      "?? evidence/generated/p7_2lane_scope_summary.md",
      "?? evidence/generated/p7_application_protocol_summary.md",
      "?? evidence/generated/p7_artifact_provenance_summary.json",
      "?? evidence/generated/p7_artifact_provenance_summary.md",
      "?? evidence/generated/p7_backend_conformance_summary.md",
      "?? evidence/generated/p7_fault_recovery_summary.md",
      "?? evidence/generated/p7_file_integrity_summary.md",
      "?? evidence/generated/p7_fragmentation_reassembly_summary.md",
      "?? evidence/generated/p7_lane1_promotion_summary.json",
      "?? evidence/generated/p7_lane1_promotion_summary.md",
      "?? evidence/generated/p7_lane_scheduler_summary.md",
      "?? evidence/generated/p7_no_ethernet_summary.md",
      "?? evidence/generated/p7_no_motion_summary.md",
      "?? evidence/generated/p7_offline_gate_summary.json",
      "?? evidence/generated/p7_offline_gate_summary.md",
      "?? evidence/generated/p7_offline_test_run.json",
      "?? evidence/generated/p7_protocol_vector_summary.json",
      "?? evidence/generated/p7_protocol_vector_summary.md",
      "?? evidence/generated/p7_ps_core_hardware_readiness.json",
      "?? evidence/generated/p7_ps_core_hardware_readiness.md",
      "?? evidence/generated/p7_ps_runtime_summary.md",
      "?? evidence/generated/p7_queue_backpressure_summary.md",
      "?? evidence/generated/p7_repo_intake.md",
      "?? evidence/generated/p7_repo_intake_summary.json",
      "?? evidence/generated/p7_repo_intake_summary.md",
      "?? evidence/generated/p7_segmentation_reassembly_summary.md",
      "?? evidence/hardware/p7/authorized_sequence/p7_20260711_stationary_app_r6/"
    ],
    "max_runtime_sec": 900,
    "lane_count": 2,
    "max_lane_mask": "0x3",
    "no_ethernet": true,
    "no_motion": true,
    "shutdown_on_exit": true,
    "abort_file": "C:\\Users\\user\\Documents\\RF_COMM_MULTILANE\\.hardware_authorization\\ABORT_NOW.txt",
    "abort_file_present": false,
    "hw_server_url": "localhost:3121",
    "preflight_tcl": "C:\\Users\\user\\Documents\\RF_COMM_MULTILANE\\scripts\\hw\\p7_hw_preflight.tcl",
    "preflight_tcl_sha256": "95bfbdf7e6c429e6637c1b4224a9dcecaa1fd756a1f665b21a797d54afbfc464",
    "artifacts": {
      "plan": {
        "path": "C:\\Users\\user\\Documents\\RF_COMM_MULTILANE\\evidence\\hardware\\p7\\artifacts\\p7_plan_c6db9d8348c3bc518fa5985595adfcdada1a08f11c9246c6103ec378b43b58dd.md",
        "expected_sha256": "c6db9d8348c3bc518fa5985595adfcdada1a08f11c9246c6103ec378b43b58dd",
        "exists": true,
        "actual_sha256": "c6db9d8348c3bc518fa5985595adfcdada1a08f11c9246c6103ec378b43b58dd"
      },
      "bitstream": {
        "path": "C:\\Users\\user\\Documents\\RF_COMM_MULTILANE\\evidence\\hardware\\p6\\bitstreams\\p6_jtag_dynamic_transport_4830d547d6a667edda8deebae855c3a7154478e298efca70e2526e6f3570b23c.bit",
        "expected_sha256": "4830d547d6a667edda8deebae855c3a7154478e298efca70e2526e6f3570b23c",
        "exists": true,
        "actual_sha256": "4830d547d6a667edda8deebae855c3a7154478e298efca70e2526e6f3570b23c"
      },
      "xsa": {
        "path": "C:\\Users\\user\\Documents\\RF_COMM_MULTILANE\\evidence\\hardware\\p6\\bitstreams\\p6_ps_dynamic_transport_b5d1174eb46d12eb395ceabbbea3c132c5771ca6777194138e68c2eacb2e4fc9.xsa",
        "expected_sha256": "b5d1174eb46d12eb395ceabbbea3c132c5771ca6777194138e68c2eacb2e4fc9",
        "exists": true,
        "actual_sha256": "b5d1174eb46d12eb395ceabbbea3c132c5771ca6777194138e68c2eacb2e4fc9"
      },
      "elf": {
        "path": "C:\\Users\\user\\Documents\\RF_COMM_MULTILANE\\evidence\\hardware\\p7\\artifacts\\p7_runtime_14450369d4c6cbe27899bc69f210278e3b2076573e0122859d266fe63cc8e0ce.elf",
        "expected_sha256": "14450369d4c6cbe27899bc69f210278e3b2076573e0122859d266fe63cc8e0ce",
        "exists": true,
        "actual_sha256": "14450369d4c6cbe27899bc69f210278e3b2076573e0122859d266fe63cc8e0ce"
      },
      "profile": {
        "path": "C:\\Users\\user\\Documents\\RF_COMM_MULTILANE\\profiles\\p7\\p7_stationary_app_30min.json",
        "expected_sha256": "65a36a8318e7fd1e3b647997aceca773c69e76eee85cb8fae922148ccd8f3c94",
        "exists": true,
        "actual_sha256": "65a36a8318e7fd1e3b647997aceca773c69e76eee85cb8fae922148ccd8f3c94"
      },
      "active_xdc": {
        "path": "C:\\Users\\user\\Documents\\RF_COMM_MULTILANE\\constraints\\active\\PORT1.generated.xdc",
        "expected_sha256": "cf23a0d34a2fa76521faf4c91f3858cff2117fa6020d302d1a6109f10254f990",
        "exists": true,
        "actual_sha256": "cf23a0d34a2fa76521faf4c91f3858cff2117fa6020d302d1a6109f10254f990"
      },
      "pinmap": {
        "path": "C:\\Users\\user\\Documents\\RF_COMM_MULTILANE\\board_profiles\\ax7010_tfdu_j10_j11_pinmap.csv",
        "expected_sha256": "4c7d5f0836a2ab48df7672e00f99455e582fbf477b04ed2b3b44ef38506a8a6a",
        "exists": true,
        "actual_sha256": "4c7d5f0836a2ab48df7672e00f99455e582fbf477b04ed2b3b44ef38506a8a6a"
      },
      "register_map": {
        "path": "C:\\Users\\user\\Documents\\RF_COMM_MULTILANE\\config\\register_map\\ir_axi_regs.yaml",
        "expected_sha256": "d5b0bf1476d815a3ed69988c72097827356d4eade48813c8913fc1b2d448983d",
        "exists": true,
        "actual_sha256": "d5b0bf1476d815a3ed69988c72097827356d4eade48813c8913fc1b2d448983d"
      },
      "shutdown_bitstream": {
        "path": "C:\\Users\\user\\Documents\\RF_COMM_MULTILANE\\shutdown_bitstream\\tfdu_shutdown_j10_j11.bit",
        "expected_sha256": "bac60b58912f0acd771dc830a6761535ec8f6a92befb1ae4cb7d928745af5810",
        "exists": true,
        "actual_sha256": "bac60b58912f0acd771dc830a6761535ec8f6a92befb1ae4cb7d928745af5810"
      },
      "ltx": {
        "path": "C:\\Users\\user\\Documents\\RF_COMM_MULTILANE\\evidence\\hardware\\p6\\bitstreams\\p6_jtag_dynamic_transport_76fe1ec47871946a7d357b0caa1f669500de827b796d6154dcc54678e0ac7083.ltx",
        "expected_sha256": "76fe1ec47871946a7d357b0caa1f669500de827b796d6154dcc54678e0ac7083",
        "exists": true,
        "actual_sha256": "76fe1ec47871946a7d357b0caa1f669500de827b796d6154dcc54678e0ac7083"
      }
    },
    "errors": [],
    "warnings": [
      "workspace has uncommitted changes; frozen artifact hashes remain authoritative"
    ]
  },
  "stage_validation_errors": [],
  "transaction_validation": {
    "format": "P7_JTAG_AXI_TRANSACTIONS_V1",
    "path": "C:\\Users\\user\\Documents\\RF_COMM_MULTILANE\\build\\p7_authorized_sequence\\p7_20260711_stationary_app_r6\\transactions\\022_p7_fragment_boundary_215_l1.transactions.txt",
    "expected_sha256": "3a2fe23cf7e5d67006360e79065efc4e847e1ea23021520e3f6f5c7954686b8d",
    "actual_sha256": "3a2fe23cf7e5d67006360e79065efc4e847e1ea23021520e3f6f5c7954686b8d",
    "operation_count": 242,
    "poll_operation_count": 2,
    "poll_iteration_ceiling": 12000,
    "metadata": {
      "BACKEND": "p7_jtag_backend",
      "LANE_POLICY": "LANE1_ONLY"
    },
    "errors": [],
    "size_bytes": 7753,
    "start_operation_count": 1,
    "commit_operation_count": 1,
    "payload_write_count": 62,
    "result_keys": [
      "P7F00000_ACK_SEEN",
      "P7F00000_ACK_SENT",
      "P7F00000_COMMIT",
      "P7F00000_COMMIT_POLLS",
      "P7F00000_CRC_BAD",
      "P7F00000_DONE",
      "P7F00000_DONE_POLLS",
      "P7F00000_DUTY_VIOLATION",
      "P7F00000_ERROR_CODE",
      "P7F00000_FRAME_BAD",
      "P7F00000_FRAME_GOOD",
      "P7F00000_MAILBOX",
      "P7F00000_PAYLOAD_MISMATCH",
      "P7F00000_RAW_RX_PULSES",
      "P7F00000_RAW_TX_PULSES",
      "P7F00000_RETRY_COUNT",
      "P7F00000_RETRY_EXHAUSTED",
      "P7F00000_RXW000",
      "P7F00000_RXW001",
      "P7F00000_RXW002",
      "P7F00000_RXW003",
      "P7F00000_RXW004",
      "P7F00000_RXW005",
      "P7F00000_RXW006",
      "P7F00000_RXW007",
      "P7F00000_RXW008",
      "P7F00000_RXW009",
      "P7F00000_RXW010",
      "P7F00000_RXW011",
      "P7F00000_RXW012",
      "P7F00000_RXW013",
      "P7F00000_RXW014",
      "P7F00000_RXW015",
      "P7F00000_RXW016",
      "P7F00000_RXW017",
      "P7F00000_RXW018",
      "P7F00000_RXW019",
      "P7F00000_RXW020",
      "P7F00000_RXW021",
      "P7F00000_RXW022",
      "P7F00000_RXW023",
      "P7F00000_RXW024",
      "P7F00000_RXW025",
      "P7F00000_RXW026",
      "P7F00000_RXW027",
      "P7F00000_RXW028",
      "P7F00000_RXW029",
      "P7F00000_RXW030",
      "P7F00000_RXW031",
      "P7F00000_RXW032",
      "P7F00000_RXW033",
      "P7F00000_RXW034",
      "P7F00000_RXW035",
      "P7F00000_RXW036",
      "P7F00000_RXW037",
      "P7F00000_RXW038",
      "P7F00000_RXW039",
      "P7F00000_RXW040",
      "P7F00000_RXW041",
      "P7F00000_RXW042",
      "P7F00000_RXW043",
      "P7F00000_RXW044",
      "P7F00000_RXW045",
      "P7F00000_RXW046",
      "P7F00000_RXW047",
      "P7F00000_RXW048",
      "P7F00000_RXW049",
      "P7F00000_RXW050",
      "P7F00000_RXW051",
      "P7F00000_RXW052",
      "P7F00000_RXW053",
      "P7F00000_RXW054",
      "P7F00000_RXW055",
      "P7F00000_RXW056",
      "P7F00000_RXW057",
      "P7F00000_RXW058",
      "P7F00000_RXW059",
      "P7F00000_RXW060",
      "P7F00000_RXW061",
      "P7F00000_RX_CRC32",
      "P7F00000_RX_DIGEST",
      "P7F00000_RX_GOOD_COUNT_L0",
      "P7F00000_RX_GOOD_COUNT_L1",
      "P7F00000_RX_LEN",
      "P7F00000_STATUS",
      "P7F00000_STICKY_ERROR",
      "P7F00000_TXD_HIGH_MAX",
      "P7F00000_TXW000",
      "P7F00000_TXW001",
      "P7F00000_TXW002",
      "P7F00000_TXW003",
      "P7F00000_TXW004",
      "P7F00000_TXW005",
      "P7F00000_TXW006",
      "P7F00000_TXW007",
      "P7F00000_TXW008",
      "P7F00000_TXW009",
      "P7F00000_TXW010",
      "P7F00000_TXW011",
      "P7F00000_TXW012",
      "P7F00000_TXW013",
      "P7F00000_TXW014",
      "P7F00000_TXW015",
      "P7F00000_TXW016",
      "P7F00000_TXW017",
      "P7F00000_TXW018",
      "P7F00000_TXW019",
      "P7F00000_TXW020",
      "P7F00000_TXW021",
      "P7F00000_TXW022",
      "P7F00000_TXW023",
      "P7F00000_TXW024",
      "P7F00000_TXW025",
      "P7F00000_TXW026",
      "P7F00000_TXW027",
      "P7F00000_TXW028",
      "P7F00000_TXW029",
      "P7F00000_TXW030",
      "P7F00000_TXW031",
      "P7F00000_TXW032",
      "P7F00000_TXW033",
      "P7F00000_TXW034",
      "P7F00000_TXW035",
      "P7F00000_TXW036",
      "P7F00000_TXW037",
      "P7F00000_TXW038",
      "P7F00000_TXW039",
      "P7F00000_TXW040",
      "P7F00000_TXW041",
      "P7F00000_TXW042",
      "P7F00000_TXW043",
      "P7F00000_TXW044",
      "P7F00000_TXW045",
      "P7F00000_TXW046",
      "P7F00000_TXW047",
      "P7F00000_TXW048",
      "P7F00000_TXW049",
      "P7F00000_TXW050",
      "P7F00000_TXW051",
      "P7F00000_TXW052",
      "P7F00000_TXW053",
      "P7F00000_TXW054",
      "P7F00000_TXW055",
      "P7F00000_TXW056",
      "P7F00000_TXW057",
      "P7F00000_TXW058",
      "P7F00000_TXW059",
      "P7F00000_TXW060",
      "P7F00000_TXW061",
      "P7F00000_TX_COUNT",
      "P7F00000_TX_CRC32",
      "P7F00000_TX_FAIL",
      "P7_BASE_ACK_SEEN",
      "P7_BASE_ACK_SENT",
      "P7_BASE_CRC_BAD",
      "P7_BASE_DUTY_VIOLATION",
      "P7_BASE_ERROR_CODE",
      "P7_BASE_FRAME_BAD",
      "P7_BASE_FRAME_GOOD",
      "P7_BASE_PAYLOAD_MISMATCH",
      "P7_BASE_RAW_RX_PULSES",
      "P7_BASE_RAW_TX_PULSES",
      "P7_BASE_RETRY_COUNT",
      "P7_BASE_RETRY_EXHAUSTED",
      "P7_BASE_RX_GOOD_COUNT_L0",
      "P7_BASE_RX_GOOD_COUNT_L1",
      "P7_BASE_STICKY_ERROR",
      "P7_BASE_TXD_HIGH_MAX",
      "P7_BASE_TX_COUNT",
      "P7_BASE_TX_FAIL",
      "P7_FINAL_SHUTDOWN_REASON"
    ],
    "write_operations": [
      {
        "offset": "0x100",
        "value": "0x00000002"
      },
      {
        "offset": "0x100",
        "value": "0x00000002"
      },
      {
        "offset": "0x200",
        "value": "0x50414652"
      },
      {
        "offset": "0x204",
        "value": "0x00200301"
      },
      {
        "offset": "0x208",
        "value": "0x50370016"
      },
      {
        "offset": "0x20c",
        "value": "0x00000016"
      },
      {
        "offset": "0x210",
        "value": "0x000000d7"
      },
      {
        "offset": "0x214",
        "value": "0x00010000"
      },
      {
        "offset": "0x218",
        "value": "0x000000d7"
      },
      {
        "offset": "0x21c",
        "value": "0x7c23d9cf"
      },
      {
        "offset": "0x220",
        "value": "0x03020100"
      },
      {
        "offset": "0x224",
        "value": "0x07060504"
      },
      {
        "offset": "0x228",
        "value": "0x0b0a0908"
      },
      {
        "offset": "0x22c",
        "value": "0x0f0e0d0c"
      },
      {
        "offset": "0x230",
        "value": "0x13121110"
      },
      {
        "offset": "0x234",
        "value": "0x17161514"
      },
      {
        "offset": "0x238",
        "value": "0x1b1a1918"
      },
      {
        "offset": "0x23c",
        "value": "0x1f1e1d1c"
      },
      {
        "offset": "0x240",
        "value": "0x23222120"
      },
      {
        "offset": "0x244",
        "value": "0x27262524"
      },
      {
        "offset": "0x248",
        "value": "0x2b2a2928"
      },
      {
        "offset": "0x24c",
        "value": "0x2f2e2d2c"
      },
      {
        "offset": "0x250",
        "value": "0x33323130"
      },
      {
        "offset": "0x254",
        "value": "0x37363534"
      },
      {
        "offset": "0x258",
        "value": "0x3b3a3938"
      },
      {
        "offset": "0x25c",
        "value": "0x3f3e3d3c"
      },
      {
        "offset": "0x260",
        "value": "0x43424140"
      },
      {
        "offset": "0x264",
        "value": "0x47464544"
      },
      {
        "offset": "0x268",
        "value": "0x4b4a4948"
      },
      {
        "offset": "0x26c",
        "value": "0x4f4e4d4c"
      },
      {
        "offset": "0x270",
        "value": "0x53525150"
      },
      {
        "offset": "0x274",
        "value": "0x57565554"
      },
      {
        "offset": "0x278",
        "value": "0x5b5a5958"
      },
      {
        "offset": "0x27c",
        "value": "0x5f5e5d5c"
      },
      {
        "offset": "0x280",
        "value": "0x63626160"
      },
      {
        "offset": "0x284",
        "value": "0x67666564"
      },
      {
        "offset": "0x288",
        "value": "0x6b6a6968"
      },
      {
        "offset": "0x28c",
        "value": "0x6f6e6d6c"
      },
      {
        "offset": "0x290",
        "value": "0x73727170"
      },
      {
        "offset": "0x294",
        "value": "0x77767574"
      },
      {
        "offset": "0x298",
        "value": "0x7b7a7978"
      },
      {
        "offset": "0x29c",
        "value": "0x7f7e7d7c"
      },
      {
        "offset": "0x2a0",
        "value": "0x83828180"
      },
      {
        "offset": "0x2a4",
        "value": "0x87868584"
      },
      {
        "offset": "0x2a8",
        "value": "0x8b8a8988"
      },
      {
        "offset": "0x2ac",
        "value": "0x8f8e8d8c"
      },
      {
        "offset": "0x2b0",
        "value": "0x93929190"
      },
      {
        "offset": "0x2b4",
        "value": "0x97969594"
      },
      {
        "offset": "0x2b8",
        "value": "0x9b9a9998"
      },
      {
        "offset": "0x2bc",
        "value": "0x9f9e9d9c"
      },
      {
        "offset": "0x2c0",
        "value": "0xa3a2a1a0"
      },
      {
        "offset": "0x2c4",
        "value": "0xa7a6a5a4"
      },
      {
        "offset": "0x2c8",
        "value": "0xabaaa9a8"
      },
      {
        "offset": "0x2cc",
        "value": "0xafaeadac"
      },
      {
        "offset": "0x2d0",
        "value": "0xb3b2b1b0"
      },
      {
        "offset": "0x2d4",
        "value": "0xb7b6b5b4"
      },
      {
        "offset": "0x2d8",
        "value": "0xbbbab9b8"
      },
      {
        "offset": "0x2dc",
        "value": "0xbfbebdbc"
      },
      {
        "offset": "0x2e0",
        "value": "0xc3c2c1c0"
      },
      {
        "offset": "0x2e4",
        "value": "0xc7c6c5c4"
      },
      {
        "offset": "0x2e8",
        "value": "0xcbcac9c8"
      },
      {
        "offset": "0x2ec",
        "value": "0xcfcecdcc"
      },
      {
        "offset": "0x2f0",
        "value": "0xd3d2d1d0"
      },
      {
        "offset": "0x2f4",
        "value": "0x00d6d5d4"
      },
      {
        "offset": "0x108",
        "value": "0x00002201"
      },
      {
        "offset": "0x10c",
        "value": "0x00000002"
      },
      {
        "offset": "0x110",
        "value": "0x00000002"
      },
      {
        "offset": "0x114",
        "value": "0x000000f7"
      },
      {
        "offset": "0x15c",
        "value": "0x0061a800"
      },
      {
        "offset": "0x100",
        "value": "0x00000004"
      },
      {
        "offset": "0x100",
        "value": "0x00000008"
      },
      {
        "offset": "0x100",
        "value": "0x00000030"
      },
      {
        "offset": "0x100",
        "value": "0x00000030"
      }
    ],
    "runtime_feasibility": {
      "jtag_frequency_hz": 1000000,
      "reference_jtag_frequency_hz": 1000000,
      "estimated_axi_operation_us_at_1mhz": 1250,
      "estimated_stage_fixed_overhead_seconds": 30.0,
      "estimate_model": "one_axi_read_per_poll_operation_global_deadline_authoritative",
      "estimated_stage_runtime_seconds": 30.3025,
      "minimum_stage_runtime_sec": 31,
      "authorized_runtime_sec": 900,
      "feasible_within_authorized_runtime": true,
      "containment_initial_empty_wait_seconds": 0,
      "expected_tool_daemon_grace_seconds": 30,
      "containment_total_exit_window_seconds": 30,
      "containment_topology_revalidation_interval_seconds": 0.1,
      "containment_forced_cleanup_wait_seconds": 10,
      "containment_failure_bound_seconds": 40,
      "jtag_wrapper_vivado_process_count": 4,
      "jtag_wrapper_containment_allowance_seconds": 120,
      "jtag_wrapper_max_forced_cleanup_events": 2,
      "jtag_wrapper_forced_cleanup_reserve_seconds": 20,
      "jtag_wrapper_other_guard_seconds": 65,
      "jtag_wrapper_bookkeeping_guard_seconds": 45,
      "jtag_wrapper_other_guard_after_forced_cleanup_seconds": 45,
      "global_runtime_budget": {
        "minimum_estimated_global_runtime_sec": 336,
        "configured_global_timeout_ceiling_sec": 855,
        "authorized_global_runtime_sec": 900,
        "containment_initial_empty_wait_seconds": 0,
        "expected_tool_daemon_grace_seconds": 30,
        "containment_total_exit_window_seconds": 30,
        "containment_topology_revalidation_interval_seconds": 0.1,
        "containment_success_bound_seconds_each": 30,
        "containment_failure_bound_seconds_each": 40,
        "contained_vivado_process_count": 4,
        "containment_allowance_seconds": 120,
        "max_forced_cleanup_events": 2,
        "forced_cleanup_wait_seconds": 10,
        "forced_cleanup_reserve_seconds": 20,
        "other_guard_seconds": 65,
        "bookkeeping_guard_seconds": 45,
        "other_guard_after_forced_cleanup_seconds": 45,
        "configured_unallocated_margin_seconds": 45,
        "estimated_unallocated_margin_seconds": 564,
        "minimum_stage_fits_configured_timeout": true,
        "feasible": true
      }
    },
    "valid": true,
    "backend_manifest": {
      "path": "C:\\Users\\user\\Documents\\RF_COMM_MULTILANE\\build\\p7_authorized_sequence\\p7_20260711_stationary_app_r6\\manifests\\022_p7_fragment_boundary_215_l1.manifest.json",
      "expected_sha256": "bf0e318659ee52fa5c4ac0c5f402fa55f4c128e73c7d91ae303e5037f203955f",
      "actual_sha256": "bf0e318659ee52fa5c4ac0c5f402fa55f4c128e73c7d91ae303e5037f203955f",
      "schema": "rfap-p7-jtag-axi-dry-run-v1",
      "input_length": 215,
      "input_sha256": "1d64137df721078b35bdc1a3595a73cebcbe49865fb308c78791540d1d349cd7",
      "lane_policy": "LANE1_ONLY",
      "transaction_operation_count": 242
    },
    "global_runtime_budget": {
      "minimum_estimated_global_runtime_sec": 336,
      "configured_global_timeout_ceiling_sec": 855,
      "authorized_global_runtime_sec": 900,
      "containment_initial_empty_wait_seconds": 0,
      "expected_tool_daemon_grace_seconds": 30,
      "containment_total_exit_window_seconds": 30,
      "containment_topology_revalidation_interval_seconds": 0.1,
      "containment_success_bound_seconds_each": 30,
      "containment_failure_bound_seconds_each": 40,
      "contained_vivado_process_count": 4,
      "containment_allowance_seconds": 120,
      "max_forced_cleanup_events": 2,
      "forced_cleanup_wait_seconds": 10,
      "forced_cleanup_reserve_seconds": 20,
      "other_guard_seconds": 65,
      "bookkeeping_guard_seconds": 45,
      "other_guard_after_forced_cleanup_seconds": 45,
      "configured_unallocated_margin_seconds": 45,
      "estimated_unallocated_margin_seconds": 564,
      "minimum_stage_fits_configured_timeout": true,
      "feasible": true
    }
  },
  "exit_code_policy": "returncode_must_be_exactly_zero_and_required_markers_must_match",
  "transaction_format_boundary": "strict_P7_JTAG_AXI_TRANSACTIONS_V1_no_source_no_eval_no_external_commands",
  "hardware_execution_lock": {
    "path": "C:\\Users\\user\\Documents\\RF_COMM_MULTILANE\\.hardware_authorization\\P7_HARDWARE_EXECUTION.lock",
    "token_sha256": "bd57f50a636cf01b2ccfbd77b1aa03c322625dec1ac05499e8ec575eca217e70",
    "owner": {
      "schema": "rf-comm-p7-hardware-execution-lock-v1",
      "pid": 41056,
      "wrapper": "run_p7_jtag_axi_stage_safe.py",
      "stage_name": "p7_fragment_boundary_215_l1",
      "acquired_at_utc": "2026-07-11T06:16:14.874018+00:00",
      "evidence_dir": "C:\\Users\\user\\Documents\\RF_COMM_MULTILANE\\evidence\\hardware\\p7\\authorized_sequence\\p7_20260711_stationary_app_r6\\022_p7_fragment_boundary_215_l1"
    },
    "acquired": true,
    "stale_lock_auto_recovery": false
  },
  "global_runtime_deadline_source": "host_monotonic",
  "global_runtime_guard_seconds": 65,
  "global_runtime_budget_components": {
    "contained_vivado_process_count": 4,
    "initial_empty_wait_seconds_per_process": 0,
    "expected_tool_daemon_grace_seconds_per_process": 30,
    "total_containment_window_seconds_per_process": 30,
    "topology_revalidation_interval_seconds": 0.1,
    "containment_allowance_seconds": 120,
    "forced_cleanup_wait_seconds": 10,
    "failure_containment_bound_seconds_per_failed_process": 40,
    "max_forced_cleanup_events": 2,
    "forced_cleanup_reserve_seconds": 20,
    "bookkeeping_guard_seconds": 45,
    "other_guard_seconds": 65
  },
  "evidence_dir": "C:\\Users\\user\\Documents\\RF_COMM_MULTILANE\\evidence\\hardware\\p7\\authorized_sequence\\p7_20260711_stationary_app_r6\\022_p7_fragment_boundary_215_l1",
  "event_log": "C:\\Users\\user\\Documents\\RF_COMM_MULTILANE\\evidence\\hardware\\p7\\authorized_sequence\\p7_20260711_stationary_app_r6\\022_p7_fragment_boundary_215_l1\\p7_jtag_axi_stage_events.jsonl",
  "preflight_process": {
    "name": "preflight",
    "returncode": 0,
    "stdout_path": "C:\\Users\\user\\Documents\\RF_COMM_MULTILANE\\evidence\\hardware\\p7\\authorized_sequence\\p7_20260711_stationary_app_r6\\022_p7_fragment_boundary_215_l1\\p7_preflight.stdout.log",
    "stderr_path": "C:\\Users\\user\\Documents\\RF_COMM_MULTILANE\\evidence\\hardware\\p7\\authorized_sequence\\p7_20260711_stationary_app_r6\\022_p7_fragment_boundary_215_l1\\p7_preflight.stderr.log",
    "elapsed_seconds": 31.441846,
    "argv": [
      "D:\\Xilinx\\Vivado\\2023.1\\bin\\vivado.bat",
      "-mode",
      "batch",
      "-source",
      "C:\\Users\\user\\Documents\\RF_COMM_MULTILANE\\scripts\\hw\\p7_hw_preflight.tcl",
      "-tclargs",
      "C:\\Users\\user\\Documents\\RF_COMM_MULTILANE",
      "C:\\Users\\user\\Documents\\RF_COMM_MULTILANE\\.hardware_authorization\\p7_20260711_stationary_app_r6_022_p7_fragment_boundary_215_l1.txt",
      "210512180081",
      "xc7z010clg400-1",
      "localhost:3121/xilinx_tcf/Digilent/210512180081",
      "localhost:3121",
      "C:\\Users\\user\\Documents\\RF_COMM_MULTILANE\\evidence\\hardware\\p7\\authorized_sequence\\p7_20260711_stationary_app_r6\\022_p7_fragment_boundary_215_l1\\p7_preflight_result.txt"
    ],
    "started_at_utc": "2026-07-11T06:16:14.876906+00:00",
    "ended_at_utc": "2026-07-11T06:16:46.318759+00:00",
    "timed_out": false,
    "abort_seen": false,
    "interrupted": false,
    "process_tree_terminated": false,
    "process_tree_reaped": true,
    "containment_kind": "WINDOWS_JOB_OBJECT_KILL_ON_CLOSE",
    "containment_assigned": true,
    "containment_closed": true,
    "descendant_count_after": 0,
    "expected_tool_daemon_grace_used": true,
    "expected_tool_daemon_grace_seconds": 30.0,
    "expected_tool_daemon_paths": [
      "D:\\Xilinx\\Vivado\\2023.1\\bin\\unwrapped\\win64.o\\cs_server.exe",
      "D:\\Xilinx\\Vivado\\2023.1\\bin\\unwrapped\\win64.o\\rdi_xsdb.exe",
      "C:\\Windows\\System32\\cmd.exe",
      "C:\\Windows\\System32\\conhost.exe"
    ],
    "descendant_paths_seen": [
      "D:\\Xilinx\\Vivado\\2023.1\\bin\\unwrapped\\win64.o\\cs_server.exe",
      "C:\\Windows\\System32\\conhost.exe",
      "D:\\Xilinx\\Vivado\\2023.1\\bin\\unwrapped\\win64.o\\rdi_xsdb.exe",
      "C:\\Windows\\System32\\cmd.exe",
      "C:\\Windows\\System32\\conhost.exe",
      "D:\\Xilinx\\Vivado\\2023.1\\bin\\unwrapped\\win64.o\\cs_server.exe"
    ],
    "descendant_processes_seen": [
      {
        "pid": 4048,
        "parent_pid": 48976,
        "parent_active_globally": true,
        "image_path": "D:\\Xilinx\\Vivado\\2023.1\\bin\\unwrapped\\win64.o\\cs_server.exe",
        "creation_time_100ns": 134282241837245654
      },
      {
        "pid": 33832,
        "parent_pid": 42788,
        "parent_active_globally": true,
        "image_path": "C:\\Windows\\System32\\conhost.exe",
        "creation_time_100ns": 134282241841304101
      },
      {
        "pid": 41356,
        "parent_pid": 42788,
        "parent_active_globally": true,
        "image_path": "D:\\Xilinx\\Vivado\\2023.1\\bin\\unwrapped\\win64.o\\rdi_xsdb.exe",
        "creation_time_100ns": 134282241844237239
      },
      {
        "pid": 42788,
        "parent_pid": 37896,
        "parent_active_globally": false,
        "image_path": "C:\\Windows\\System32\\cmd.exe",
        "creation_time_100ns": 134282241841234246
      },
      {
        "pid": 44836,
        "parent_pid": 33604,
        "parent_active_globally": false,
        "image_path": "C:\\Windows\\System32\\conhost.exe",
        "creation_time_100ns": 134282241829309946
      },
      {
        "pid": 48976,
        "parent_pid": 47232,
        "parent_active_globally": false,
        "image_path": "D:\\Xilinx\\Vivado\\2023.1\\bin\\unwrapped\\win64.o\\cs_server.exe",
        "creation_time_100ns": 134282241836331838
      }
    ],
    "expected_tool_daemon_classification": "EXACT_R2_VIVADO_EXIT_HELPER_FOREST",
    "expected_tool_daemon_topology_snapshots": [
      {
        "classification": "EXACT_R2_VIVADO_EXIT_HELPER_FOREST",
        "elapsed_seconds": 0.007402,
        "processes": [
          {
            "pid": 4048,
            "parent_pid": 48976,
            "parent_active_globally": true,
            "image_path": "D:\\Xilinx\\Vivado\\2023.1\\bin\\unwrapped\\win64.o\\cs_server.exe",
            "creation_time_100ns": 134282241837245654
          },
          {
            "pid": 33832,
            "parent_pid": 42788,
            "parent_active_globally": true,
            "image_path": "C:\\Windows\\System32\\conhost.exe",
            "creation_time_100ns": 134282241841304101
          },
          {
            "pid": 41356,
            "parent_pid": 42788,
            "parent_active_globally": true,
            "image_path": "D:\\Xilinx\\Vivado\\2023.1\\bin\\unwrapped\\win64.o\\rdi_xsdb.exe",
            "creation_time_100ns": 134282241844237239
          },
          {
            "pid": 42788,
            "parent_pid": 37896,
            "parent_active_globally": false,
            "image_path": "C:\\Windows\\System32\\cmd.exe",
            "creation_time_100ns": 134282241841234246
          },
          {
            "pid": 44836,
            "parent_pid": 33604,
            "parent_active_globally": false,
            "image_path": "C:\\Windows\\System32\\conhost.exe",
            "creation_time_100ns": 134282241829309946
          },
          {
            "pid": 48976,
            "parent_pid": 47232,
            "parent_active_globally": false,
            "image_path": "D:\\Xilinx\\Vivado\\2023.1\\bin\\unwrapped\\win64.o\\cs_server.exe",
            "creation_time_100ns": 134282241836331838
          }
        ]
      },
      {
        "classification": "STRICT_SHRINK_SUBSET_OF_EXACT_R2_VIVADO_EXIT_HELPER_FOREST",
        "elapsed_seconds": 19.593617,
        "processes": [
          {
            "pid": 4048,
            "parent_pid": 48976,
            "parent_active_globally": true,
            "image_path": "D:\\Xilinx\\Vivado\\2023.1\\bin\\unwrapped\\win64.o\\cs_server.exe",
            "creation_time_100ns": 134282241837245654
          },
          {
            "pid": 44836,
            "parent_pid": 33604,
            "parent_active_globally": false,
            "image_path": "C:\\Windows\\System32\\conhost.exe",
            "creation_time_100ns": 134282241829309946
          },
          {
            "pid": 48976,
            "parent_pid": 47232,
            "parent_active_globally": false,
            "image_path": "D:\\Xilinx\\Vivado\\2023.1\\bin\\unwrapped\\win64.o\\cs_server.exe",
            "creation_time_100ns": 134282241836331838
          }
        ]
      },
      {
        "classification": "EMPTY",
        "elapsed_seconds": 20.772592,
        "processes": []
      }
    ],
    "expected_tool_daemon_topology_revalidation_count": 192,
    "expected_tool_daemon_topology_monotonic": true,
    "expected_tool_daemon_topology_sample_elapsed_seconds": [
      4.6e-05,
      0.007402,
      0.116901,
      0.226016,
      0.334593,
      0.442787,
      0.551378,
      0.659353,
      0.769863,
      0.878909,
      0.986068,
      1.094416,
      1.203315,
      1.311035,
      1.419918,
      1.528086,
      1.636503,
      1.743968,
      1.852426,
      1.960439,
      2.068055,
      2.176684,
      2.284972,
      2.392797,
      2.501137,
      2.61016,
      2.717138,
      2.826186,
      2.934409,
      3.043003,
      3.151246,
      3.25938,
      3.36608,
      3.474046,
      3.581995,
      3.689756,
      3.797472,
      3.910115,
      4.016627,
      4.125422,
      4.23381,
      4.342302,
      4.450752,
      4.559195,
      4.667866,
      4.775975,
      4.884252,
      4.991881,
      5.099905,
      5.207831,
      5.315833,
      5.424087,
      5.531172,
      5.638377,
      5.747848,
      5.856187,
      5.964666,
      6.072705,
      6.180354,
      6.286507,
      6.395157,
      6.50328,
      6.610833,
      6.718475,
      6.825953,
      6.934111,
      7.042557,
      7.150991,
      7.258894,
      7.367655,
      7.476649,
      7.584568,
      7.693026,
      7.801217,
      7.909354,
      8.018017,
      8.125804,
      8.234062,
      8.342319,
      8.450546,
      8.558519,
      8.667157,
      8.77541,
      8.884083,
      8.992443,
      9.100522,
      9.208568,
      9.316196,
      9.425018,
      9.53347,
      9.6412,
      9.748866,
      9.857049,
      9.964883,
      10.072253,
      10.179744,
      10.287923,
      10.396143,
      10.50458,
      10.613512,
      10.722081,
      10.830391,
      10.938838,
      11.047705,
      11.155762,
      11.264013,
      11.372184,
      11.479049,
      11.586519,
      11.694228,
      11.802398,
      11.91065,
      12.019382,
      12.127205,
      12.235568,
      12.343764,
      12.452212,
      12.560296,
      12.668555,
      12.776549,
      12.884104,
      12.992332,
      13.100223,
      13.207923,
      13.315711,
      13.424835,
      13.533179,
      13.641117,
      13.749153,
      13.857394,
      13.965588,
      14.073429,
      14.181253,
      14.289208,
      14.3979,
      14.506353,
      14.613868,
      14.721861,
      14.829918,
      14.943144,
      15.051278,
      15.159994,
      15.267971,
      15.376287,
      15.483926,
      15.592174,
      15.700221,
      15.80874,
      15.916165,
      16.024435,
      16.132154,
      16.23961,
      16.348626,
      16.455923,
      16.563616,
      16.671957,
      16.780399,
      16.888555,
      16.996626,
      17.104694,
      17.213218,
      17.321616,
      17.430341,
      17.539323,
      17.646937,
      17.754728,
      17.8616,
      17.969578,
      18.07804,
      18.186724,
      18.295222,
      18.403758,
      18.512089,
      18.620158,
      18.728357,
      18.836477,
      18.945582,
      19.053929,
      19.162139,
      19.269763,
      19.377583,
      19.485617,
      19.593617,
      19.701308,
      19.80902,
      19.916808,
      20.0249,
      20.132613,
      20.240545,
      20.348196,
      20.456147,
      20.563422,
      20.6714,
      20.772592
    ],
    "expected_tool_daemon_topology_max_sample_gap_seconds": 0.113226,
    "expected_tool_daemon_grace_elapsed_seconds": 20.772611,
    "expected_tool_daemon_hashes_verified": true,
    "expected_tool_daemon_sha256_by_role": {
      "cs_server": "9bf0e15ffe162a96679c14b8117cf8ebe8a47b8032bee4ab8cb0317c112df536",
      "rdi_xsdb": "3193d8c4e7115e82e5b4ea6c2eb1aa8a7566bd5a9f9c78e9d901b9eab9d4ebfc",
      "cmd": "75320a519959cc6d089ea3eba33c38caccb7f138a025ea439bc9686cdb79ded4",
      "conhost": "a93cbb36b9c02364be6a72817174c46f94b66715549f279c6592ed659d237911"
    },
    "expected_tool_daemon_hash_error": "",
    "expected_tool_daemon_prelaunch_hashes_verified": true,
    "expected_tool_daemon_prelaunch_sha256_by_role": {
      "cs_server": "9bf0e15ffe162a96679c14b8117cf8ebe8a47b8032bee4ab8cb0317c112df536",
      "rdi_xsdb": "3193d8c4e7115e82e5b4ea6c2eb1aa8a7566bd5a9f9c78e9d901b9eab9d4ebfc",
      "cmd": "75320a519959cc6d089ea3eba33c38caccb7f138a025ea439bc9686cdb79ded4",
      "conhost": "a93cbb36b9c02364be6a72817174c46f94b66715549f279c6592ed659d237911"
    },
    "expected_tool_daemon_prelaunch_hash_error": "",
    "expected_tool_daemon_postexit_hashes_verified": true,
    "expected_tool_daemon_postexit_sha256_by_role": {
      "cs_server": "9bf0e15ffe162a96679c14b8117cf8ebe8a47b8032bee4ab8cb0317c112df536",
      "rdi_xsdb": "3193d8c4e7115e82e5b4ea6c2eb1aa8a7566bd5a9f9c78e9d901b9eab9d4ebfc",
      "cmd": "75320a519959cc6d089ea3eba33c38caccb7f138a025ea439bc9686cdb79ded4",
      "conhost": "a93cbb36b9c02364be6a72817174c46f94b66715549f279c6592ed659d237911"
    },
    "expected_tool_daemon_postexit_hash_error": "",
    "expected_tool_daemon_topology_error": "",
    "expected_tool_daemon_topology_terminal_empty": true,
    "process_identity_query_retry_count": 0,
    "process_exit_race_recheck_count": 0,
    "containment_cleanup_attempted": false,
    "containment_cleanup_terminated": false,
    "process_exit_race_rechecked": false,
    "process_identity_query_retried": false,
    "containment_query_error": "",
    "launch_error": ""
  },
  "preflight_result_file": "C:\\Users\\user\\Documents\\RF_COMM_MULTILANE\\evidence\\hardware\\p7\\authorized_sequence\\p7_20260711_stationary_app_r6\\022_p7_fragment_boundary_215_l1\\p7_preflight_result.txt",
  "preflight_failures": [],
  "target_identity": {
    "P7_HW_PREFLIGHT_AUTHORIZED": "1",
    "P7_HW_PREFLIGHT_READ_ONLY": "1",
    "P7_HW_PREFLIGHT_BOARD_ID": "210512180081",
    "P7_HW_PREFLIGHT_TARGET": "localhost:3121/xilinx_tcf/Digilent/210512180081",
    "P7_HW_PREFLIGHT_DEVICE": "xc7z010_1",
    "P7_HW_PREFLIGHT_PART": "xc7z010clg400-1",
    "P7_HW_PREFLIGHT_IDCODE": "00010011011100100010000010010011",
    "P7_HW_PREFLIGHT_CANONICAL_PART": "xc7z010clg400-1",
    "P7_HW_PREFLIGHT_LIVE_PART": "xc7z010",
    "P7_HW_PREFLIGHT_LIVE_DEVICE": "xc7z010_1",
    "P7_HW_PREFLIGHT_LIVE_IDCODE": "00010011011100100010000010010011",
    "P7_HW_PREFLIGHT_RESULT": "PASS"
  },
  "shutdown_before": {
    "name": "shutdown_before",
    "returncode": 0,
    "stdout_path": "C:\\Users\\user\\Documents\\RF_COMM_MULTILANE\\evidence\\hardware\\p7\\authorized_sequence\\p7_20260711_stationary_app_r6\\022_p7_fragment_boundary_215_l1\\p7_shutdown_before.stdout.log",
    "stderr_path": "C:\\Users\\user\\Documents\\RF_COMM_MULTILANE\\evidence\\hardware\\p7\\authorized_sequence\\p7_20260711_stationary_app_r6\\022_p7_fragment_boundary_215_l1\\p7_shutdown_before.stderr.log",
    "elapsed_seconds": 48.474641,
    "argv": [
      "D:\\Xilinx\\Vivado\\2023.1\\bin\\vivado.bat",
      "-mode",
      "batch",
      "-source",
      "C:\\Users\\user\\Documents\\RF_COMM_MULTILANE\\scripts\\hw\\p7_jtag_axi_transactions.tcl",
      "-tclargs",
      "C:\\Users\\user\\Documents\\RF_COMM_MULTILANE",
      "SHUTDOWN",
      "C:\\Users\\user\\Documents\\RF_COMM_MULTILANE\\.hardware_authorization\\p7_20260711_stationary_app_r6_022_p7_fragment_boundary_215_l1.txt",
      "210512180081",
      "xc7z010clg400-1",
      "localhost:3121/xilinx_tcf/Digilent/210512180081",
      "localhost:3121",
      "1000000",
      "C:\\Users\\user\\Documents\\RF_COMM_MULTILANE\\shutdown_bitstream\\tfdu_shutdown_j10_j11.bit",
      "-",
      "-",
      "C:\\Users\\user\\Documents\\RF_COMM_MULTILANE\\evidence\\hardware\\p7\\authorized_sequence\\p7_20260711_stationary_app_r6\\022_p7_fragment_boundary_215_l1\\p7_shutdown_before_result.txt",
      "0x43c00000",
      "1100000",
      "134217728",
      "550",
      "C:\\Users\\user\\Documents\\RF_COMM_MULTILANE\\shutdown_bitstream\\tfdu_shutdown_j10_j11.bit"
    ],
    "started_at_utc": "2026-07-11T06:16:46.328813+00:00",
    "ended_at_utc": "2026-07-11T06:17:34.803459+00:00",
    "timed_out": false,
    "abort_seen": false,
    "interrupted": false,
    "process_tree_terminated": false,
    "process_tree_reaped": true,
    "containment_kind": "WINDOWS_JOB_OBJECT_KILL_ON_CLOSE",
    "containment_assigned": true,
    "containment_closed": true,
    "descendant_count_after": 0,
    "expected_tool_daemon_grace_used": true,
    "expected_tool_daemon_grace_seconds": 30.0,
    "expected_tool_daemon_paths": [
      "D:\\Xilinx\\Vivado\\2023.1\\bin\\unwrapped\\win64.o\\cs_server.exe",
      "D:\\Xilinx\\Vivado\\2023.1\\bin\\unwrapped\\win64.o\\rdi_xsdb.exe",
      "C:\\Windows\\System32\\cmd.exe",
      "C:\\Windows\\System32\\conhost.exe"
    ],
    "descendant_paths_seen": [
      "D:\\Xilinx\\Vivado\\2023.1\\bin\\unwrapped\\win64.o\\cs_server.exe",
      "D:\\Xilinx\\Vivado\\2023.1\\bin\\unwrapped\\win64.o\\cs_server.exe",
      "C:\\Windows\\System32\\cmd.exe",
      "C:\\Windows\\System32\\conhost.exe",
      "D:\\Xilinx\\Vivado\\2023.1\\bin\\unwrapped\\win64.o\\rdi_xsdb.exe",
      "C:\\Windows\\System32\\conhost.exe"
    ],
    "descendant_processes_seen": [
      {
        "pid": 3236,
        "parent_pid": 23420,
        "parent_active_globally": false,
        "image_path": "D:\\Xilinx\\Vivado\\2023.1\\bin\\unwrapped\\win64.o\\cs_server.exe",
        "creation_time_100ns": 134282242150359441
      },
      {
        "pid": 9100,
        "parent_pid": 3236,
        "parent_active_globally": true,
        "image_path": "D:\\Xilinx\\Vivado\\2023.1\\bin\\unwrapped\\win64.o\\cs_server.exe",
        "creation_time_100ns": 134282242151289397
      },
      {
        "pid": 17760,
        "parent_pid": 26380,
        "parent_active_globally": false,
        "image_path": "C:\\Windows\\System32\\cmd.exe",
        "creation_time_100ns": 134282242155216873
      },
      {
        "pid": 31824,
        "parent_pid": 17760,
        "parent_active_globally": true,
        "image_path": "C:\\Windows\\System32\\conhost.exe",
        "creation_time_100ns": 134282242155274225
      },
      {
        "pid": 45684,
        "parent_pid": 17760,
        "parent_active_globally": true,
        "image_path": "D:\\Xilinx\\Vivado\\2023.1\\bin\\unwrapped\\win64.o\\rdi_xsdb.exe",
        "creation_time_100ns": 134282242158213828
      },
      {
        "pid": 47696,
        "parent_pid": 26328,
        "parent_active_globally": false,
        "image_path": "C:\\Windows\\System32\\conhost.exe",
        "creation_time_100ns": 134282242143448960
      }
    ],
    "expected_tool_daemon_classification": "EXACT_R2_VIVADO_EXIT_HELPER_FOREST",
    "expected_tool_daemon_topology_snapshots": [
      {
        "classification": "EXACT_R2_VIVADO_EXIT_HELPER_FOREST",
        "elapsed_seconds": 0.006571,
        "processes": [
          {
            "pid": 3236,
            "parent_pid": 23420,
            "parent_active_globally": false,
            "image_path": "D:\\Xilinx\\Vivado\\2023.1\\bin\\unwrapped\\win64.o\\cs_server.exe",
            "creation_time_100ns": 134282242150359441
          },
          {
            "pid": 9100,
            "parent_pid": 3236,
            "parent_active_globally": true,
            "image_path": "D:\\Xilinx\\Vivado\\2023.1\\bin\\unwrapped\\win64.o\\cs_server.exe",
            "creation_time_100ns": 134282242151289397
          },
          {
            "pid": 17760,
            "parent_pid": 26380,
            "parent_active_globally": false,
            "image_path": "C:\\Windows\\System32\\cmd.exe",
            "creation_time_100ns": 134282242155216873
          },
          {
            "pid": 31824,
            "parent_pid": 17760,
            "parent_active_globally": true,
            "image_path": "C:\\Windows\\System32\\conhost.exe",
            "creation_time_100ns": 134282242155274225
          },
          {
            "pid": 45684,
            "parent_pid": 17760,
            "parent_active_globally": true,
            "image_path": "D:\\Xilinx\\Vivado\\2023.1\\bin\\unwrapped\\win64.o\\rdi_xsdb.exe",
            "creation_time_100ns": 134282242158213828
          },
          {
            "pid": 47696,
            "parent_pid": 26328,
            "parent_active_globally": false,
            "image_path": "C:\\Windows\\System32\\conhost.exe",
            "creation_time_100ns": 134282242143448960
          }
        ]
      },
      {
        "classification": "STRICT_SHRINK_SUBSET_OF_EXACT_R2_VIVADO_EXIT_HELPER_FOREST",
        "elapsed_seconds": 19.426368,
        "processes": [
          {
            "pid": 3236,
            "parent_pid": 23420,
            "parent_active_globally": false,
            "image_path": "D:\\Xilinx\\Vivado\\2023.1\\bin\\unwrapped\\win64.o\\cs_server.exe",
            "creation_time_100ns": 134282242150359441
          },
          {
            "pid": 9100,
            "parent_pid": 3236,
            "parent_active_globally": true,
            "image_path": "D:\\Xilinx\\Vivado\\2023.1\\bin\\unwrapped\\win64.o\\cs_server.exe",
            "creation_time_100ns": 134282242151289397
          },
          {
            "pid": 47696,
            "parent_pid": 26328,
            "parent_active_globally": false,
            "image_path": "C:\\Windows\\System32\\conhost.exe",
            "creation_time_100ns": 134282242143448960
          }
        ]
      },
      {
        "classification": "EMPTY",
        "elapsed_seconds": 20.559271,
        "processes": []
      }
    ],
    "expected_tool_daemon_topology_revalidation_count": 190,
    "expected_tool_daemon_topology_monotonic": true,
    "expected_tool_daemon_topology_sample_elapsed_seconds": [
      3.8e-05,
      0.006571,
      0.115371,
      0.22322,
      0.331231,
      0.439401,
      0.547704,
      0.656292,
      0.764394,
      0.873305,
      0.981696,
      1.090952,
      1.199907,
      1.306029,
      1.414532,
      1.523096,
      1.631147,
      1.739479,
      1.847061,
      1.955373,
      2.063961,
      2.172107,
      2.280463,
      2.389478,
      2.49796,
      2.606274,
      2.714417,
      2.823026,
      2.930062,
      3.038108,
      3.146357,
      3.252476,
      3.360028,
      3.467736,
      3.576189,
      3.683113,
      3.792024,
      3.900722,
      4.009034,
      4.117956,
      4.22662,
      4.334651,
      4.442972,
      4.551199,
      4.659069,
      4.766684,
      4.874106,
      4.981316,
      5.089477,
      5.197998,
      5.306706,
      5.414712,
      5.523706,
      5.632165,
      5.740199,
      5.848242,
      5.956399,
      6.064882,
      6.172936,
      6.281498,
      6.389092,
      6.497249,
      6.60546,
      6.713751,
      6.821369,
      6.929438,
      7.03825,
      7.147054,
      7.255392,
      7.363883,
      7.471799,
      7.579711,
      7.688218,
      7.796797,
      7.905552,
      8.013612,
      8.121079,
      8.228972,
      8.33686,
      8.445542,
      8.553987,
      8.662398,
      8.770633,
      8.87881,
      8.986787,
      9.095252,
      9.203739,
      9.312163,
      9.420289,
      9.528445,
      9.636642,
      9.744626,
      9.852574,
      9.960525,
      10.069661,
      10.177974,
      10.286219,
      10.393649,
      10.501759,
      10.609782,
      10.718257,
      10.826136,
      10.933637,
      11.042354,
      11.149659,
      11.257477,
      11.365656,
      11.473521,
      11.581851,
      11.690741,
      11.799408,
      11.908244,
      12.016571,
      12.125031,
      12.233426,
      12.341847,
      12.450137,
      12.557788,
      12.665787,
      12.773248,
      12.880739,
      12.988741,
      13.097596,
      13.205511,
      13.313904,
      13.422653,
      13.53096,
      13.639272,
      13.747565,
      13.855921,
      13.963801,
      14.071245,
      14.179037,
      14.287189,
      14.395687,
      14.503178,
      14.611899,
      14.720139,
      14.829088,
      14.93727,
      15.046203,
      15.154861,
      15.263099,
      15.371014,
      15.478473,
      15.586062,
      15.694188,
      15.801721,
      15.909896,
      16.017235,
      16.12494,
      16.233449,
      16.341692,
      16.45016,
      16.558152,
      16.666578,
      16.774431,
      16.882711,
      16.991001,
      17.099513,
      17.207302,
      17.315343,
      17.423073,
      17.530612,
      17.638631,
      17.746562,
      17.855031,
      17.963435,
      18.07146,
      18.179582,
      18.28812,
      18.396634,
      18.505112,
      18.613841,
      18.722067,
      18.83032,
      18.938313,
      19.045964,
      19.153013,
      19.26078,
      19.426368,
      19.534254,
      19.642013,
      19.750017,
      19.857917,
      19.966395,
      20.074776,
      20.182777,
      20.290794,
      20.40021,
      20.5084,
      20.559271
    ],
    "expected_tool_daemon_topology_max_sample_gap_seconds": 0.165588,
    "expected_tool_daemon_grace_elapsed_seconds": 20.559289,
    "expected_tool_daemon_hashes_verified": true,
    "expected_tool_daemon_sha256_by_role": {
      "cs_server": "9bf0e15ffe162a96679c14b8117cf8ebe8a47b8032bee4ab8cb0317c112df536",
      "rdi_xsdb": "3193d8c4e7115e82e5b4ea6c2eb1aa8a7566bd5a9f9c78e9d901b9eab9d4ebfc",
      "cmd": "75320a519959cc6d089ea3eba33c38caccb7f138a025ea439bc9686cdb79ded4",
      "conhost": "a93cbb36b9c02364be6a72817174c46f94b66715549f279c6592ed659d237911"
    },
    "expected_tool_daemon_hash_error": "",
    "expected_tool_daemon_prelaunch_hashes_verified": true,
    "expected_tool_daemon_prelaunch_sha256_by_role": {
      "cs_server": "9bf0e15ffe162a96679c14b8117cf8ebe8a47b8032bee4ab8cb0317c112df536",
      "rdi_xsdb": "3193d8c4e7115e82e5b4ea6c2eb1aa8a7566bd5a9f9c78e9d901b9eab9d4ebfc",
      "cmd": "75320a519959cc6d089ea3eba33c38caccb7f138a025ea439bc9686cdb79ded4",
      "conhost": "a93cbb36b9c02364be6a72817174c46f94b66715549f279c6592ed659d237911"
    },
    "expected_tool_daemon_prelaunch_hash_error": "",
    "expected_tool_daemon_postexit_hashes_verified": true,
    "expected_tool_daemon_postexit_sha256_by_role": {
      "cs_server": "9bf0e15ffe162a96679c14b8117cf8ebe8a47b8032bee4ab8cb0317c112df536",
      "rdi_xsdb": "3193d8c4e7115e82e5b4ea6c2eb1aa8a7566bd5a9f9c78e9d901b9eab9d4ebfc",
      "cmd": "75320a519959cc6d089ea3eba33c38caccb7f138a025ea439bc9686cdb79ded4",
      "conhost": "a93cbb36b9c02364be6a72817174c46f94b66715549f279c6592ed659d237911"
    },
    "expected_tool_daemon_postexit_hash_error": "",
    "expected_tool_daemon_topology_error": "",
    "expected_tool_daemon_topology_terminal_empty": true,
    "process_identity_query_retry_count": 1,
    "process_exit_race_recheck_count": 1,
    "containment_cleanup_attempted": false,
    "containment_cleanup_terminated": false,
    "process_exit_race_rechecked": true,
    "process_identity_query_retried": true,
    "containment_query_error": "",
    "launch_error": "",
    "attempted": true,
    "programming_attempted": true,
    "result_file": "C:\\Users\\user\\Documents\\RF_COMM_MULTILANE\\evidence\\hardware\\p7\\authorized_sequence\\p7_20260711_stationary_app_r6\\022_p7_fragment_boundary_215_l1\\p7_shutdown_before_result.txt",
    "passed": true,
    "failures": []
  },
  "shutdown_after": {
    "name": "shutdown_after",
    "returncode": 0,
    "stdout_path": "C:\\Users\\user\\Documents\\RF_COMM_MULTILANE\\evidence\\hardware\\p7\\authorized_sequence\\p7_20260711_stationary_app_r6\\022_p7_fragment_boundary_215_l1\\p7_shutdown_after.stdout.log",
    "stderr_path": "C:\\Users\\user\\Documents\\RF_COMM_MULTILANE\\evidence\\hardware\\p7\\authorized_sequence\\p7_20260711_stationary_app_r6\\022_p7_fragment_boundary_215_l1\\p7_shutdown_after.stderr.log",
    "elapsed_seconds": 48.714333,
    "argv": [
      "D:\\Xilinx\\Vivado\\2023.1\\bin\\vivado.bat",
      "-mode",
      "batch",
      "-source",
      "C:\\Users\\user\\Documents\\RF_COMM_MULTILANE\\scripts\\hw\\p7_jtag_axi_transactions.tcl",
      "-tclargs",
      "C:\\Users\\user\\Documents\\RF_COMM_MULTILANE",
      "SHUTDOWN",
      "C:\\Users\\user\\Documents\\RF_COMM_MULTILANE\\.hardware_authorization\\p7_20260711_stationary_app_r6_022_p7_fragment_boundary_215_l1.txt",
      "210512180081",
      "xc7z010clg400-1",
      "localhost:3121/xilinx_tcf/Digilent/210512180081",
      "localhost:3121",
      "1000000",
      "C:\\Users\\user\\Documents\\RF_COMM_MULTILANE\\shutdown_bitstream\\tfdu_shutdown_j10_j11.bit",
      "-",
      "-",
      "C:\\Users\\user\\Documents\\RF_COMM_MULTILANE\\evidence\\hardware\\p7\\authorized_sequence\\p7_20260711_stationary_app_r6\\022_p7_fragment_boundary_215_l1\\p7_shutdown_after_result.txt",
      "0x43c00000",
      "1100000",
      "134217728",
      "550",
      "C:\\Users\\user\\Documents\\RF_COMM_MULTILANE\\shutdown_bitstream\\tfdu_shutdown_j10_j11.bit"
    ],
    "started_at_utc": "2026-07-11T06:18:25.231648+00:00",
    "ended_at_utc": "2026-07-11T06:19:13.945989+00:00",
    "timed_out": false,
    "abort_seen": false,
    "interrupted": false,
    "process_tree_terminated": false,
    "process_tree_reaped": true,
    "containment_kind": "WINDOWS_JOB_OBJECT_KILL_ON_CLOSE",
    "containment_assigned": true,
    "containment_closed": true,
    "descendant_count_after": 0,
    "expected_tool_daemon_grace_used": true,
    "expected_tool_daemon_grace_seconds": 30.0,
    "expected_tool_daemon_paths": [
      "D:\\Xilinx\\Vivado\\2023.1\\bin\\unwrapped\\win64.o\\cs_server.exe",
      "D:\\Xilinx\\Vivado\\2023.1\\bin\\unwrapped\\win64.o\\rdi_xsdb.exe",
      "C:\\Windows\\System32\\cmd.exe",
      "C:\\Windows\\System32\\conhost.exe"
    ],
    "descendant_paths_seen": [
      "D:\\Xilinx\\Vivado\\2023.1\\bin\\unwrapped\\win64.o\\rdi_xsdb.exe",
      "D:\\Xilinx\\Vivado\\2023.1\\bin\\unwrapped\\win64.o\\cs_server.exe",
      "D:\\Xilinx\\Vivado\\2023.1\\bin\\unwrapped\\win64.o\\cs_server.exe",
      "C:\\Windows\\System32\\cmd.exe",
      "C:\\Windows\\System32\\conhost.exe",
      "C:\\Windows\\System32\\conhost.exe"
    ],
    "descendant_processes_seen": [
      {
        "pid": 13436,
        "parent_pid": 29736,
        "parent_active_globally": true,
        "image_path": "D:\\Xilinx\\Vivado\\2023.1\\bin\\unwrapped\\win64.o\\rdi_xsdb.exe",
        "creation_time_100ns": 134282243150553735
      },
      {
        "pid": 13844,
        "parent_pid": 14140,
        "parent_active_globally": true,
        "image_path": "D:\\Xilinx\\Vivado\\2023.1\\bin\\unwrapped\\win64.o\\cs_server.exe",
        "creation_time_100ns": 134282243142623387
      },
      {
        "pid": 14140,
        "parent_pid": 45636,
        "parent_active_globally": false,
        "image_path": "D:\\Xilinx\\Vivado\\2023.1\\bin\\unwrapped\\win64.o\\cs_server.exe",
        "creation_time_100ns": 134282243141600278
      },
      {
        "pid": 29736,
        "parent_pid": 24720,
        "parent_active_globally": false,
        "image_path": "C:\\Windows\\System32\\cmd.exe",
        "creation_time_100ns": 134282243146968060
      },
      {
        "pid": 35800,
        "parent_pid": 37848,
        "parent_active_globally": false,
        "image_path": "C:\\Windows\\System32\\conhost.exe",
        "creation_time_100ns": 134282243134656643
      },
      {
        "pid": 43164,
        "parent_pid": 29736,
        "parent_active_globally": true,
        "image_path": "C:\\Windows\\System32\\conhost.exe",
        "creation_time_100ns": 134282243147035374
      }
    ],
    "expected_tool_daemon_classification": "EXACT_R2_VIVADO_EXIT_HELPER_FOREST",
    "expected_tool_daemon_topology_snapshots": [
      {
        "classification": "EXACT_R2_VIVADO_EXIT_HELPER_FOREST",
        "elapsed_seconds": 0.00713,
        "processes": [
          {
            "pid": 13436,
            "parent_pid": 29736,
            "parent_active_globally": true,
            "image_path": "D:\\Xilinx\\Vivado\\2023.1\\bin\\unwrapped\\win64.o\\rdi_xsdb.exe",
            "creation_time_100ns": 134282243150553735
          },
          {
            "pid": 13844,
            "parent_pid": 14140,
            "parent_active_globally": true,
            "image_path": "D:\\Xilinx\\Vivado\\2023.1\\bin\\unwrapped\\win64.o\\cs_server.exe",
            "creation_time_100ns": 134282243142623387
          },
          {
            "pid": 14140,
            "parent_pid": 45636,
            "parent_active_globally": false,
            "image_path": "D:\\Xilinx\\Vivado\\2023.1\\bin\\unwrapped\\win64.o\\cs_server.exe",
            "creation_time_100ns": 134282243141600278
          },
          {
            "pid": 29736,
            "parent_pid": 24720,
            "parent_active_globally": false,
            "image_path": "C:\\Windows\\System32\\cmd.exe",
            "creation_time_100ns": 134282243146968060
          },
          {
            "pid": 35800,
            "parent_pid": 37848,
            "parent_active_globally": false,
            "image_path": "C:\\Windows\\System32\\conhost.exe",
            "creation_time_100ns": 134282243134656643
          },
          {
            "pid": 43164,
            "parent_pid": 29736,
            "parent_active_globally": true,
            "image_path": "C:\\Windows\\System32\\conhost.exe",
            "creation_time_100ns": 134282243147035374
          }
        ]
      },
      {
        "classification": "STRICT_SHRINK_SUBSET_OF_EXACT_R2_VIVADO_EXIT_HELPER_FOREST",
        "elapsed_seconds": 19.459315,
        "processes": [
          {
            "pid": 13844,
            "parent_pid": 14140,
            "parent_active_globally": true,
            "image_path": "D:\\Xilinx\\Vivado\\2023.1\\bin\\unwrapped\\win64.o\\cs_server.exe",
            "creation_time_100ns": 134282243142623387
          },
          {
            "pid": 14140,
            "parent_pid": 45636,
            "parent_active_globally": false,
            "image_path": "D:\\Xilinx\\Vivado\\2023.1\\bin\\unwrapped\\win64.o\\cs_server.exe",
            "creation_time_100ns": 134282243141600278
          },
          {
            "pid": 35800,
            "parent_pid": 37848,
            "parent_active_globally": false,
            "image_path": "C:\\Windows\\System32\\conhost.exe",
            "creation_time_100ns": 134282243134656643
          }
        ]
      },
      {
        "classification": "EMPTY",
        "elapsed_seconds": 20.482814,
        "processes": []
      }
    ],
    "expected_tool_daemon_topology_revalidation_count": 189,
    "expected_tool_daemon_topology_monotonic": true,
    "expected_tool_daemon_topology_sample_elapsed_seconds": [
      4.2e-05,
      0.00713,
      0.116139,
      0.228126,
      0.335947,
      0.444529,
      0.552814,
      0.66026,
      0.769685,
      0.877865,
      0.985889,
      1.091845,
      1.200146,
      1.308272,
      1.416371,
      1.525124,
      1.633157,
      1.740659,
      1.849554,
      1.958999,
      2.067092,
      2.174948,
      2.28283,
      2.390711,
      2.498895,
      2.606739,
      2.714011,
      2.821194,
      2.929465,
      3.037901,
      3.146588,
      3.254972,
      3.363101,
      3.471217,
      3.579396,
      3.687655,
      3.79511,
      3.903733,
      4.012136,
      4.120909,
      4.228613,
      4.336806,
      4.444877,
      4.552102,
      4.659951,
      4.767626,
      4.876332,
      4.985043,
      5.093775,
      5.201239,
      5.30853,
      5.416873,
      5.524557,
      5.63213,
      5.740247,
      5.848318,
      5.956895,
      6.065533,
      6.174212,
      6.282145,
      6.390138,
      6.498216,
      6.606811,
      6.71498,
      6.822545,
      6.930606,
      7.039055,
      7.147136,
      7.25444,
      7.36237,
      7.469806,
      7.577505,
      7.684916,
      7.792461,
      7.900735,
      8.008528,
      8.116411,
      8.224406,
      8.332764,
      8.440322,
      8.548575,
      8.656689,
      8.764078,
      8.872466,
      8.980353,
      9.089173,
      9.196733,
      9.30397,
      9.412224,
      9.519957,
      9.627962,
      9.735738,
      9.843935,
      9.952362,
      10.060269,
      10.16794,
      10.276259,
      10.384031,
      10.49368,
      10.602647,
      10.712531,
      10.821473,
      10.929715,
      11.038247,
      11.147134,
      11.255361,
      11.36299,
      11.471193,
      11.579337,
      11.686909,
      11.797067,
      11.905409,
      12.013695,
      12.122447,
      12.231097,
      12.339108,
      12.447107,
      12.555373,
      12.66316,
      12.771673,
      12.880189,
      12.988503,
      13.097113,
      13.205627,
      13.31435,
      13.422719,
      13.531763,
      13.639863,
      13.749133,
      13.859855,
      13.969003,
      14.077443,
      14.186246,
      14.294808,
      14.402769,
      14.510992,
      14.618721,
      14.727669,
      14.836411,
      14.945437,
      15.054475,
      15.162404,
      15.271461,
      15.380194,
      15.488907,
      15.59609,
      15.702772,
      15.810242,
      15.920456,
      16.028906,
      16.137356,
      16.245256,
      16.354921,
      16.464422,
      16.573436,
      16.681754,
      16.791126,
      16.899992,
      17.008055,
      17.115764,
      17.223105,
      17.33149,
      17.440006,
      17.548523,
      17.65727,
      17.766091,
      17.87493,
      17.983501,
      18.092582,
      18.201171,
      18.30974,
      18.422351,
      18.531411,
      18.640216,
      18.752002,
      18.85931,
      18.968013,
      19.07727,
      19.185674,
      19.294354,
      19.459315,
      19.566549,
      19.674791,
      19.782764,
      19.890617,
      19.999519,
      20.1079,
      20.215251,
      20.322874,
      20.431946,
      20.482814
    ],
    "expected_tool_daemon_topology_max_sample_gap_seconds": 0.164961,
    "expected_tool_daemon_grace_elapsed_seconds": 20.482834,
    "expected_tool_daemon_hashes_verified": true,
    "expected_tool_daemon_sha256_by_role": {
      "cs_server": "9bf0e15ffe162a96679c14b8117cf8ebe8a47b8032bee4ab8cb0317c112df536",
      "rdi_xsdb": "3193d8c4e7115e82e5b4ea6c2eb1aa8a7566bd5a9f9c78e9d901b9eab9d4ebfc",
      "cmd": "75320a519959cc6d089ea3eba33c38caccb7f138a025ea439bc9686cdb79ded4",
      "conhost": "a93cbb36b9c02364be6a72817174c46f94b66715549f279c6592ed659d237911"
    },
    "expected_tool_daemon_hash_error": "",
    "expected_tool_daemon_prelaunch_hashes_verified": true,
    "expected_tool_daemon_prelaunch_sha256_by_role": {
      "cs_server": "9bf0e15ffe162a96679c14b8117cf8ebe8a47b8032bee4ab8cb0317c112df536",
      "rdi_xsdb": "3193d8c4e7115e82e5b4ea6c2eb1aa8a7566bd5a9f9c78e9d901b9eab9d4ebfc",
      "cmd": "75320a519959cc6d089ea3eba33c38caccb7f138a025ea439bc9686cdb79ded4",
      "conhost": "a93cbb36b9c02364be6a72817174c46f94b66715549f279c6592ed659d237911"
    },
    "expected_tool_daemon_prelaunch_hash_error": "",
    "expected_tool_daemon_postexit_hashes_verified": true,
    "expected_tool_daemon_postexit_sha256_by_role": {
      "cs_server": "9bf0e15ffe162a96679c14b8117cf8ebe8a47b8032bee4ab8cb0317c112df536",
      "rdi_xsdb": "3193d8c4e7115e82e5b4ea6c2eb1aa8a7566bd5a9f9c78e9d901b9eab9d4ebfc",
      "cmd": "75320a519959cc6d089ea3eba33c38caccb7f138a025ea439bc9686cdb79ded4",
      "conhost": "a93cbb36b9c02364be6a72817174c46f94b66715549f279c6592ed659d237911"
    },
    "expected_tool_daemon_postexit_hash_error": "",
    "expected_tool_daemon_topology_error": "",
    "expected_tool_daemon_topology_terminal_empty": true,
    "process_identity_query_retry_count": 1,
    "process_exit_race_recheck_count": 1,
    "containment_cleanup_attempted": false,
    "containment_cleanup_terminated": false,
    "process_exit_race_rechecked": true,
    "process_identity_query_retried": true,
    "containment_query_error": "",
    "launch_error": "",
    "passed": true,
    "failures": [],
    "attempted": true,
    "programming_attempted": true,
    "result_file": "C:\\Users\\user\\Documents\\RF_COMM_MULTILANE\\evidence\\hardware\\p7\\authorized_sequence\\p7_20260711_stationary_app_r6\\022_p7_fragment_boundary_215_l1\\p7_shutdown_after_result.txt"
  },
  "tfdu_activity_semantics": "conservative_true_once_transmitting_candidate_command_is_launched",
  "stage_process": {
    "name": "jtag_axi_stage",
    "returncode": 0,
    "stdout_path": "C:\\Users\\user\\Documents\\RF_COMM_MULTILANE\\evidence\\hardware\\p7\\authorized_sequence\\p7_20260711_stationary_app_r6\\022_p7_fragment_boundary_215_l1\\p7_jtag_axi_stage.stdout.log",
    "stderr_path": "C:\\Users\\user\\Documents\\RF_COMM_MULTILANE\\evidence\\hardware\\p7\\authorized_sequence\\p7_20260711_stationary_app_r6\\022_p7_fragment_boundary_215_l1\\p7_jtag_axi_stage.stderr.log",
    "elapsed_seconds": 50.405103,
    "argv": [
      "D:\\Xilinx\\Vivado\\2023.1\\bin\\vivado.bat",
      "-mode",
      "batch",
      "-source",
      "C:\\Users\\user\\Documents\\RF_COMM_MULTILANE\\scripts\\hw\\p7_jtag_axi_transactions.tcl",
      "-tclargs",
      "C:\\Users\\user\\Documents\\RF_COMM_MULTILANE",
      "STAGE",
      "C:\\Users\\user\\Documents\\RF_COMM_MULTILANE\\.hardware_authorization\\p7_20260711_stationary_app_r6_022_p7_fragment_boundary_215_l1.txt",
      "210512180081",
      "xc7z010clg400-1",
      "localhost:3121/xilinx_tcf/Digilent/210512180081",
      "localhost:3121",
      "1000000",
      "C:\\Users\\user\\Documents\\RF_COMM_MULTILANE\\evidence\\hardware\\p6\\bitstreams\\p6_jtag_dynamic_transport_4830d547d6a667edda8deebae855c3a7154478e298efca70e2526e6f3570b23c.bit",
      "C:\\Users\\user\\Documents\\RF_COMM_MULTILANE\\evidence\\hardware\\p6\\bitstreams\\p6_jtag_dynamic_transport_76fe1ec47871946a7d357b0caa1f669500de827b796d6154dcc54678e0ac7083.ltx",
      "C:\\Users\\user\\Documents\\RF_COMM_MULTILANE\\build\\p7_authorized_sequence\\p7_20260711_stationary_app_r6\\transactions\\022_p7_fragment_boundary_215_l1.transactions.txt",
      "C:\\Users\\user\\Documents\\RF_COMM_MULTILANE\\evidence\\hardware\\p7\\authorized_sequence\\p7_20260711_stationary_app_r6\\022_p7_fragment_boundary_215_l1\\p7_jtag_axi_raw_result.txt",
      "0x43c00000",
      "1100000",
      "134217728",
      "550",
      "C:\\Users\\user\\Documents\\RF_COMM_MULTILANE\\shutdown_bitstream\\tfdu_shutdown_j10_j11.bit"
    ],
    "started_at_utc": "2026-07-11T06:17:34.813584+00:00",
    "ended_at_utc": "2026-07-11T06:18:25.218694+00:00",
    "timed_out": false,
    "abort_seen": false,
    "interrupted": false,
    "process_tree_terminated": false,
    "process_tree_reaped": true,
    "containment_kind": "WINDOWS_JOB_OBJECT_KILL_ON_CLOSE",
    "containment_assigned": true,
    "containment_closed": true,
    "descendant_count_after": 0,
    "expected_tool_daemon_grace_used": true,
    "expected_tool_daemon_grace_seconds": 30.0,
    "expected_tool_daemon_paths": [
      "D:\\Xilinx\\Vivado\\2023.1\\bin\\unwrapped\\win64.o\\cs_server.exe",
      "D:\\Xilinx\\Vivado\\2023.1\\bin\\unwrapped\\win64.o\\rdi_xsdb.exe",
      "C:\\Windows\\System32\\cmd.exe",
      "C:\\Windows\\System32\\conhost.exe"
    ],
    "descendant_paths_seen": [
      "D:\\Xilinx\\Vivado\\2023.1\\bin\\unwrapped\\win64.o\\rdi_xsdb.exe",
      "C:\\Windows\\System32\\conhost.exe",
      "C:\\Windows\\System32\\conhost.exe",
      "D:\\Xilinx\\Vivado\\2023.1\\bin\\unwrapped\\win64.o\\cs_server.exe",
      "C:\\Windows\\System32\\cmd.exe",
      "D:\\Xilinx\\Vivado\\2023.1\\bin\\unwrapped\\win64.o\\cs_server.exe"
    ],
    "descendant_processes_seen": [
      {
        "pid": 7344,
        "parent_pid": 21632,
        "parent_active_globally": true,
        "image_path": "D:\\Xilinx\\Vivado\\2023.1\\bin\\unwrapped\\win64.o\\rdi_xsdb.exe",
        "creation_time_100ns": 134282242642452615
      },
      {
        "pid": 7400,
        "parent_pid": 21632,
        "parent_active_globally": true,
        "image_path": "C:\\Windows\\System32\\conhost.exe",
        "creation_time_100ns": 134282242639287177
      },
      {
        "pid": 15364,
        "parent_pid": 40464,
        "parent_active_globally": false,
        "image_path": "C:\\Windows\\System32\\conhost.exe",
        "creation_time_100ns": 134282242627538467
      },
      {
        "pid": 20812,
        "parent_pid": 41128,
        "parent_active_globally": false,
        "image_path": "D:\\Xilinx\\Vivado\\2023.1\\bin\\unwrapped\\win64.o\\cs_server.exe",
        "creation_time_100ns": 134282242634223425
      },
      {
        "pid": 21632,
        "parent_pid": 41456,
        "parent_active_globally": false,
        "image_path": "C:\\Windows\\System32\\cmd.exe",
        "creation_time_100ns": 134282242639230071
      },
      {
        "pid": 27604,
        "parent_pid": 20812,
        "parent_active_globally": true,
        "image_path": "D:\\Xilinx\\Vivado\\2023.1\\bin\\unwrapped\\win64.o\\cs_server.exe",
        "creation_time_100ns": 134282242635168939
      }
    ],
    "expected_tool_daemon_classification": "EXACT_R2_VIVADO_EXIT_HELPER_FOREST",
    "expected_tool_daemon_topology_snapshots": [
      {
        "classification": "EXACT_R2_VIVADO_EXIT_HELPER_FOREST",
        "elapsed_seconds": 0.007337,
        "processes": [
          {
            "pid": 7344,
            "parent_pid": 21632,
            "parent_active_globally": true,
            "image_path": "D:\\Xilinx\\Vivado\\2023.1\\bin\\unwrapped\\win64.o\\rdi_xsdb.exe",
            "creation_time_100ns": 134282242642452615
          },
          {
            "pid": 7400,
            "parent_pid": 21632,
            "parent_active_globally": true,
            "image_path": "C:\\Windows\\System32\\conhost.exe",
            "creation_time_100ns": 134282242639287177
          },
          {
            "pid": 15364,
            "parent_pid": 40464,
            "parent_active_globally": false,
            "image_path": "C:\\Windows\\System32\\conhost.exe",
            "creation_time_100ns": 134282242627538467
          },
          {
            "pid": 20812,
            "parent_pid": 41128,
            "parent_active_globally": false,
            "image_path": "D:\\Xilinx\\Vivado\\2023.1\\bin\\unwrapped\\win64.o\\cs_server.exe",
            "creation_time_100ns": 134282242634223425
          },
          {
            "pid": 21632,
            "parent_pid": 41456,
            "parent_active_globally": false,
            "image_path": "C:\\Windows\\System32\\cmd.exe",
            "creation_time_100ns": 134282242639230071
          },
          {
            "pid": 27604,
            "parent_pid": 20812,
            "parent_active_globally": true,
            "image_path": "D:\\Xilinx\\Vivado\\2023.1\\bin\\unwrapped\\win64.o\\cs_server.exe",
            "creation_time_100ns": 134282242635168939
          }
        ]
      },
      {
        "classification": "STRICT_SHRINK_SUBSET_OF_EXACT_R2_VIVADO_EXIT_HELPER_FOREST",
        "elapsed_seconds": 19.485102,
        "processes": [
          {
            "pid": 15364,
            "parent_pid": 40464,
            "parent_active_globally": false,
            "image_path": "C:\\Windows\\System32\\conhost.exe",
            "creation_time_100ns": 134282242627538467
          },
          {
            "pid": 20812,
            "parent_pid": 41128,
            "parent_active_globally": false,
            "image_path": "D:\\Xilinx\\Vivado\\2023.1\\bin\\unwrapped\\win64.o\\cs_server.exe",
            "creation_time_100ns": 134282242634223425
          },
          {
            "pid": 27604,
            "parent_pid": 20812,
            "parent_active_globally": true,
            "image_path": "D:\\Xilinx\\Vivado\\2023.1\\bin\\unwrapped\\win64.o\\cs_server.exe",
            "creation_time_100ns": 134282242635168939
          }
        ]
      },
      {
        "classification": "EMPTY",
        "elapsed_seconds": 20.668374,
        "processes": []
      }
    ],
    "expected_tool_daemon_topology_revalidation_count": 190,
    "expected_tool_daemon_topology_monotonic": true,
    "expected_tool_daemon_topology_sample_elapsed_seconds": [
      4.6e-05,
      0.007337,
      0.116108,
      0.224178,
      0.33167,
      0.439386,
      0.548216,
      0.655982,
      0.764365,
      0.872661,
      0.980824,
      1.092644,
      1.204397,
      1.312696,
      1.421012,
      1.529703,
      1.638054,
      1.74562,
      1.854214,
      1.961907,
      2.070524,
      2.177302,
      2.284628,
      2.392691,
      2.501268,
      2.609848,
      2.718626,
      2.826517,
      2.935408,
      3.043724,
      3.151931,
      3.260283,
      3.368533,
      3.477158,
      3.584962,
      3.693536,
      3.801275,
      3.909621,
      4.017931,
      4.12681,
      4.234975,
      4.344753,
      4.452801,
      4.561048,
      4.670016,
      4.778106,
      4.886372,
      4.994232,
      5.102363,
      5.210551,
      5.319014,
      5.427002,
      5.535264,
      5.642466,
      5.750526,
      5.859143,
      5.967746,
      6.075839,
      6.185785,
      6.293825,
      6.402332,
      6.510618,
      6.618709,
      6.727161,
      6.835977,
      6.943958,
      7.051357,
      7.16276,
      7.271494,
      7.380789,
      7.48881,
      7.597627,
      7.705973,
      7.814284,
      7.922744,
      8.031776,
      8.139697,
      8.247829,
      8.356653,
      8.464716,
      8.577919,
      8.687031,
      8.795077,
      8.903728,
      9.011642,
      9.121379,
      9.229594,
      9.338076,
      9.446625,
      9.554678,
      9.662822,
      9.770909,
      9.879573,
      9.987561,
      10.096627,
      10.20484,
      10.31408,
      10.422696,
      10.530936,
      10.639448,
      10.747853,
      10.856713,
      10.965029,
      11.072914,
      11.181359,
      11.289746,
      11.398096,
      11.506612,
      11.614811,
      11.723123,
      11.830325,
      11.939448,
      12.048062,
      12.159839,
      12.268512,
      12.37721,
      12.485135,
      12.593783,
      12.701483,
      12.81177,
      12.920214,
      13.028314,
      13.136756,
      13.246243,
      13.355315,
      13.464141,
      13.572189,
      13.678583,
      13.786949,
      13.897358,
      14.005419,
      14.113843,
      14.222524,
      14.331084,
      14.439539,
      14.547948,
      14.655965,
      14.764423,
      14.872779,
      14.981914,
      15.089537,
      15.197444,
      15.307237,
      15.415398,
      15.523615,
      15.631788,
      15.740611,
      15.849499,
      15.957462,
      16.065765,
      16.174133,
      16.282388,
      16.390461,
      16.498824,
      16.606847,
      16.715026,
      16.82304,
      16.931484,
      17.03952,
      17.148213,
      17.257332,
      17.365238,
      17.473287,
      17.582066,
      17.690552,
      17.798454,
      17.907759,
      18.016196,
      18.124645,
      18.233288,
      18.341361,
      18.45021,
      18.559323,
      18.66789,
      18.776731,
      18.884951,
      18.993552,
      19.10231,
      19.210598,
      19.319388,
      19.485102,
      19.594261,
      19.701833,
      19.809933,
      19.918109,
      20.026453,
      20.134993,
      20.242927,
      20.350883,
      20.459384,
      20.567597,
      20.668374
    ],
    "expected_tool_daemon_topology_max_sample_gap_seconds": 0.165714,
    "expected_tool_daemon_grace_elapsed_seconds": 20.66839,
    "expected_tool_daemon_hashes_verified": true,
    "expected_tool_daemon_sha256_by_role": {
      "cs_server": "9bf0e15ffe162a96679c14b8117cf8ebe8a47b8032bee4ab8cb0317c112df536",
      "rdi_xsdb": "3193d8c4e7115e82e5b4ea6c2eb1aa8a7566bd5a9f9c78e9d901b9eab9d4ebfc",
      "cmd": "75320a519959cc6d089ea3eba33c38caccb7f138a025ea439bc9686cdb79ded4",
      "conhost": "a93cbb36b9c02364be6a72817174c46f94b66715549f279c6592ed659d237911"
    },
    "expected_tool_daemon_hash_error": "",
    "expected_tool_daemon_prelaunch_hashes_verified": true,
    "expected_tool_daemon_prelaunch_sha256_by_role": {
      "cs_server": "9bf0e15ffe162a96679c14b8117cf8ebe8a47b8032bee4ab8cb0317c112df536",
      "rdi_xsdb": "3193d8c4e7115e82e5b4ea6c2eb1aa8a7566bd5a9f9c78e9d901b9eab9d4ebfc",
      "cmd": "75320a519959cc6d089ea3eba33c38caccb7f138a025ea439bc9686cdb79ded4",
      "conhost": "a93cbb36b9c02364be6a72817174c46f94b66715549f279c6592ed659d237911"
    },
    "expected_tool_daemon_prelaunch_hash_error": "",
    "expected_tool_daemon_postexit_hashes_verified": true,
    "expected_tool_daemon_postexit_sha256_by_role": {
      "cs_server": "9bf0e15ffe162a96679c14b8117cf8ebe8a47b8032bee4ab8cb0317c112df536",
      "rdi_xsdb": "3193d8c4e7115e82e5b4ea6c2eb1aa8a7566bd5a9f9c78e9d901b9eab9d4ebfc",
      "cmd": "75320a519959cc6d089ea3eba33c38caccb7f138a025ea439bc9686cdb79ded4",
      "conhost": "a93cbb36b9c02364be6a72817174c46f94b66715549f279c6592ed659d237911"
    },
    "expected_tool_daemon_postexit_hash_error": "",
    "expected_tool_daemon_topology_error": "",
    "expected_tool_daemon_topology_terminal_empty": true,
    "process_identity_query_retry_count": 1,
    "process_exit_race_recheck_count": 1,
    "containment_cleanup_attempted": false,
    "containment_cleanup_terminated": false,
    "process_exit_race_rechecked": true,
    "process_identity_query_retried": true,
    "containment_query_error": "",
    "launch_error": "",
    "passed": true,
    "failures": [],
    "result_file": "C:\\Users\\user\\Documents\\RF_COMM_MULTILANE\\evidence\\hardware\\p7\\authorized_sequence\\p7_20260711_stationary_app_r6\\022_p7_fragment_boundary_215_l1\\p7_jtag_axi_raw_result.txt"
  },
  "stage_result_markers": {
    "P7_HW_TARGET": "localhost:3121/xilinx_tcf/Digilent/210512180081",
    "P7_HW_DEVICE": "xc7z010_1",
    "P7_HW_PART": "xc7z010clg400-1",
    "P7_HW_IDCODE": "00010011011100100010000010010011",
    "P7_HW_CANONICAL_PART": "xc7z010clg400-1",
    "P7_HW_LIVE_PART": "xc7z010",
    "P7_HW_LIVE_DEVICE": "xc7z010_1",
    "P7_HW_LIVE_IDCODE": "00010011011100100010000010010011",
    "P7_CANDIDATE_PROGRAMMED": "1",
    "P7_HW_AXI": "hw_axi_1",
    "P7_TXN_META_BACKEND": "p7_jtag_backend",
    "P7_TXN_META_LANE_POLICY": "LANE1_ONLY",
    "P7_BASE_TX_COUNT": "00000000",
    "P7_BASE_RX_GOOD_COUNT_L0": "00000000",
    "P7_BASE_RX_GOOD_COUNT_L1": "00000000",
    "P7_BASE_CRC_BAD": "00000000",
    "P7_BASE_PAYLOAD_MISMATCH": "00000000",
    "P7_BASE_RETRY_COUNT": "00000000",
    "P7_BASE_RETRY_EXHAUSTED": "00000000",
    "P7_BASE_TX_FAIL": "00000000",
    "P7_BASE_DUTY_VIOLATION": "00000000",
    "P7_BASE_RAW_TX_PULSES": "00000000",
    "P7_BASE_RAW_RX_PULSES": "00000000",
    "P7_BASE_FRAME_GOOD": "00000000",
    "P7_BASE_FRAME_BAD": "00000000",
    "P7_BASE_ACK_SENT": "00000000",
    "P7_BASE_ACK_SEEN": "00000000",
    "P7_BASE_TXD_HIGH_MAX": "00000000",
    "P7_BASE_ERROR_CODE": "00000000",
    "P7_BASE_STICKY_ERROR": "00000000",
    "P7F00000_TXW000": "50414652",
    "P7F00000_TXW001": "00200301",
    "P7F00000_TXW002": "50370016",
    "P7F00000_TXW003": "00000016",
    "P7F00000_TXW004": "000000D7",
    "P7F00000_TXW005": "00010000",
    "P7F00000_TXW006": "000000D7",
    "P7F00000_TXW007": "7C23D9CF",
    "P7F00000_TXW008": "03020100",
    "P7F00000_TXW009": "07060504",
    "P7F00000_TXW010": "0B0A0908",
    "P7F00000_TXW011": "0F0E0D0C",
    "P7F00000_TXW012": "13121110",
    "P7F00000_TXW013": "17161514",
    "P7F00000_TXW014": "1B1A1918",
    "P7F00000_TXW015": "1F1E1D1C",
    "P7F00000_TXW016": "23222120",
    "P7F00000_TXW017": "27262524",
    "P7F00000_TXW018": "2B2A2928",
    "P7F00000_TXW019": "2F2E2D2C",
    "P7F00000_TXW020": "33323130",
    "P7F00000_TXW021": "37363534",
    "P7F00000_TXW022": "3B3A3938",
    "P7F00000_TXW023": "3F3E3D3C",
    "P7F00000_TXW024": "43424140",
    "P7F00000_TXW025": "47464544",
    "P7F00000_TXW026": "4B4A4948",
    "P7F00000_TXW027": "4F4E4D4C",
    "P7F00000_TXW028": "53525150",
    "P7F00000_TXW029": "57565554",
    "P7F00000_TXW030": "5B5A5958",
    "P7F00000_TXW031": "5F5E5D5C",
    "P7F00000_TXW032": "63626160",
    "P7F00000_TXW033": "67666564",
    "P7F00000_TXW034": "6B6A6968",
    "P7F00000_TXW035": "6F6E6D6C",
    "P7F00000_TXW036": "73727170",
    "P7F00000_TXW037": "77767574",
    "P7F00000_TXW038": "7B7A7978",
    "P7F00000_TXW039": "7F7E7D7C",
    "P7F00000_TXW040": "83828180",
    "P7F00000_TXW041": "87868584",
    "P7F00000_TXW042": "8B8A8988",
    "P7F00000_TXW043": "8F8E8D8C",
    "P7F00000_TXW044": "93929190",
    "P7F00000_TXW045": "97969594",
    "P7F00000_TXW046": "9B9A9998",
    "P7F00000_TXW047": "9F9E9D9C",
    "P7F00000_TXW048": "A3A2A1A0",
    "P7F00000_TXW049": "A7A6A5A4",
    "P7F00000_TXW050": "ABAAA9A8",
    "P7F00000_TXW051": "AFAEADAC",
    "P7F00000_TXW052": "B3B2B1B0",
    "P7F00000_TXW053": "B7B6B5B4",
    "P7F00000_TXW054": "BBBAB9B8",
    "P7F00000_TXW055": "BFBEBDBC",
    "P7F00000_TXW056": "C3C2C1C0",
    "P7F00000_TXW057": "C7C6C5C4",
    "P7F00000_TXW058": "CBCAC9C8",
    "P7F00000_TXW059": "CFCECDCC",
    "P7F00000_TXW060": "D3D2D1D0",
    "P7F00000_TXW061": "00D6D5D4",
    "P7F00000_COMMIT": "00000007",
    "P7F00000_COMMIT_POLLS": "1",
    "P7F00000_TX_CRC32": "A0A92FD7",
    "P7F00000_DONE": "00000017",
    "P7F00000_DONE_POLLS": "1",
    "P7F00000_STATUS": "00000017",
    "P7F00000_MAILBOX": "50364F4B",
    "P7F00000_RX_LEN": "000000F7",
    "P7F00000_RX_CRC32": "A0A92FD7",
    "P7F00000_RX_DIGEST": "A0A92FD7",
    "P7F00000_TX_COUNT": "00000001",
    "P7F00000_RX_GOOD_COUNT_L0": "00000000",
    "P7F00000_RX_GOOD_COUNT_L1": "00000001",
    "P7F00000_CRC_BAD": "00000000",
    "P7F00000_PAYLOAD_MISMATCH": "00000000",
    "P7F00000_RETRY_COUNT": "00000000",
    "P7F00000_RETRY_EXHAUSTED": "00000000",
    "P7F00000_TX_FAIL": "00000000",
    "P7F00000_DUTY_VIOLATION": "00000000",
    "P7F00000_RAW_TX_PULSES": "00000460",
    "P7F00000_RAW_RX_PULSES": "000008C0",
    "P7F00000_FRAME_GOOD": "00000001",
    "P7F00000_FRAME_BAD": "00000000",
    "P7F00000_ACK_SENT": "00000001",
    "P7F00000_ACK_SEEN": "00000001",
    "P7F00000_TXD_HIGH_MAX": "00000008",
    "P7F00000_ERROR_CODE": "00000000",
    "P7F00000_STICKY_ERROR": "00000000",
    "P7F00000_RXW000": "50414652",
    "P7F00000_RXW001": "00200301",
    "P7F00000_RXW002": "50370016",
    "P7F00000_RXW003": "00000016",
    "P7F00000_RXW004": "000000D7",
    "P7F00000_RXW005": "00010000",
    "P7F00000_RXW006": "000000D7",
    "P7F00000_RXW007": "7C23D9CF",
    "P7F00000_RXW008": "03020100",
    "P7F00000_RXW009": "07060504",
    "P7F00000_RXW010": "0B0A0908",
    "P7F00000_RXW011": "0F0E0D0C",
    "P7F00000_RXW012": "13121110",
    "P7F00000_RXW013": "17161514",
    "P7F00000_RXW014": "1B1A1918",
    "P7F00000_RXW015": "1F1E1D1C",
    "P7F00000_RXW016": "23222120",
    "P7F00000_RXW017": "27262524",
    "P7F00000_RXW018": "2B2A2928",
    "P7F00000_RXW019": "2F2E2D2C",
    "P7F00000_RXW020": "33323130",
    "P7F00000_RXW021": "37363534",
    "P7F00000_RXW022": "3B3A3938",
    "P7F00000_RXW023": "3F3E3D3C",
    "P7F00000_RXW024": "43424140",
    "P7F00000_RXW025": "47464544",
    "P7F00000_RXW026": "4B4A4948",
    "P7F00000_RXW027": "4F4E4D4C",
    "P7F00000_RXW028": "53525150",
    "P7F00000_RXW029": "57565554",
    "P7F00000_RXW030": "5B5A5958",
    "P7F00000_RXW031": "5F5E5D5C",
    "P7F00000_RXW032": "63626160",
    "P7F00000_RXW033": "67666564",
    "P7F00000_RXW034": "6B6A6968",
    "P7F00000_RXW035": "6F6E6D6C",
    "P7F00000_RXW036": "73727170",
    "P7F00000_RXW037": "77767574",
    "P7F00000_RXW038": "7B7A7978",
    "P7F00000_RXW039": "7F7E7D7C",
    "P7F00000_RXW040": "83828180",
    "P7F00000_RXW041": "87868584",
    "P7F00000_RXW042": "8B8A8988",
    "P7F00000_RXW043": "8F8E8D8C",
    "P7F00000_RXW044": "93929190",
    "P7F00000_RXW045": "97969594",
    "P7F00000_RXW046": "9B9A9998",
    "P7F00000_RXW047": "9F9E9D9C",
    "P7F00000_RXW048": "A3A2A1A0",
    "P7F00000_RXW049": "A7A6A5A4",
    "P7F00000_RXW050": "ABAAA9A8",
    "P7F00000_RXW051": "AFAEADAC",
    "P7F00000_RXW052": "B3B2B1B0",
    "P7F00000_RXW053": "B7B6B5B4",
    "P7F00000_RXW054": "BBBAB9B8",
    "P7F00000_RXW055": "BFBEBDBC",
    "P7F00000_RXW056": "C3C2C1C0",
    "P7F00000_RXW057": "C7C6C5C4",
    "P7F00000_RXW058": "CBCAC9C8",
    "P7F00000_RXW059": "CFCECDCC",
    "P7F00000_RXW060": "D3D2D1D0",
    "P7F00000_RXW061": "00D6D5D4",
    "P7_FINAL_SHUTDOWN_REASON": "54464455",
    "P7_TCL_PROGRAMMING_ATTEMPTED": "1",
    "P7_TRANSACTION_COUNT": "242",
    "P7_JTAG_AXI_TRANSACTIONS": "PASS",
    "P7_JTAG_STAGE_RESULT": "PASS"
  },
  "child_reaped_before_shutdown_after": true,
  "backend_parse": {
    "passed": true,
    "semantic_mode": "rfap",
    "summary_file": "C:\\Users\\user\\Documents\\RF_COMM_MULTILANE\\evidence\\hardware\\p7\\authorized_sequence\\p7_20260711_stationary_app_r6\\022_p7_fragment_boundary_215_l1\\p7_jtag_backend_parse_summary.json",
    "summary_sha256": "eb72b665e3a4433bd36d4d856287cd1ae96cd397ac2bbbe5c93ccb42f28e7a94",
    "output_file": "C:\\Users\\user\\Documents\\RF_COMM_MULTILANE\\evidence\\hardware\\p7\\authorized_sequence\\p7_20260711_stationary_app_r6\\022_p7_fragment_boundary_215_l1\\p7_jtag_reassembled_output.bin",
    "output_sha256": "1d64137df721078b35bdc1a3595a73cebcbe49865fb308c78791540d1d349cd7",
    "object_length": 215,
    "object_crc32": 2082724303,
    "object_sha256": "1d64137df721078b35bdc1a3595a73cebcbe49865fb308c78791540d1d349cd7",
    "lane_policy": "LANE1_ONLY",
    "fragment_count": 1,
    "missing_fragments": 0,
    "duplicate_fragments": 0,
    "error_counter_increments": 0,
    "fragment_latency_upper_bound_us": {
      "sample_count": 1,
      "min": 2000,
      "mean": 2000.0,
      "p50": 2000,
      "p95": 2000,
      "p99": 2000,
      "max": 2000,
      "percentile_method": "nearest_rank",
      "semantics": "upper_bound",
      "source": "bounded_commit_plus_transfer_poll_counts_x_manifest_poll_period"
    },
    "object_transport_latency_upper_bound_us": 2000,
    "object_transport_latency_semantics": "sum_of_sequential_fragment_poll_upper_bounds",
    "poll_bound_application_goodput_lower_bound_bps": 860000,
    "poll_bound_goodput_semantics": "lower_bound_from_object_bytes_over_transport_latency_upper_bound",
    "host_end_to_end_elapsed_seconds": 50.405103,
    "host_end_to_end_goodput_bps": 34.123529,
    "host_end_to_end_time_source": "host_monotonic_child_process_elapsed",
    "host_end_to_end_semantics": "includes Vivado startup, FPGA programming, JTAG/AXI operations, polling, and host overhead; not optical-only fragment latency",
    "raw_log_bound_to_this_hardware_process": true
  },
  "internal_error": "",
  "stage_failures": [],
  "backend_parse_failure": "",
  "global_runtime": {
    "elapsed_seconds": 179.086295,
    "authorized_max_seconds": 900,
    "within_authorized_limit": true
  },
  "reason": "authorized direct JTAG/AXI stage, strict byte/counter parser, and both shutdown barriers passed"
}
