{
  "P7_JTAG_AXI_SAFE_STAGE": "PASS",
  "generated_at_utc": "2026-07-11T06:31:14.366241+00:00",
  "stage_name": "p7_fragment_boundary_216_rr",
  "semantic_mode": "rfap",
  "requested_execute_hardware": true,
  "hardware_actions_executed": true,
  "programmed_fpga": true,
  "programmed_candidate": true,
  "programmed_shutdown_before": true,
  "programmed_shutdown_after": true,
  "started_ps_elf": false,
  "drove_tfdu_txd": true,
  "enabled_tfdu_receiver": true,
  "uart_access": false,
  "ethernet_used": false,
  "motion_used": false,
  "hardware_acceptance": "PENDING_HW",
  "safety_validation": {
    "P7_HARDWARE_SAFETY": "PASS",
    "ready_for_hardware_preflight": true,
    "hardware_actions_executed": false,
    "programmed_fpga": false,
    "drove_tfdu_txd": false,
    "started_ps_elf": false,
    "authorization_environment_present": true,
    "authorization": {
      "exists": true,
      "path": "C:\\Users\\user\\Documents\\RF_COMM_MULTILANE\\.hardware_authorization\\p7_20260711_stationary_app_r6_027_p7_fragment_boundary_216_rr.txt",
      "actual_sha256": "90f5a5d3e3fb818addb572870ed526f3d748cebf78f4dc81af34467e57db277c",
      "expected_sha256": "90f5a5d3e3fb818addb572870ed526f3d748cebf78f4dc81af34467e57db277c",
      "markers": [
        "P7_STATIONARY_APP_LAYER_APPROVED"
      ],
      "duplicate_keys": []
    },
    "authorization_fields": {
      "AUTHORIZED_STAGE": "P7_STATIONARY_LOCAL_APPLICATION_LAYER_NO_ETHERNET",
      "USER_HARDWARE_AUTHORIZATION_FOR_P7": "GRANTED",
      "BOARD_ID": "210512180081",
      "EXPECTED_PART": "xc7z010clg400-1",
      "EXPECTED_TARGET": "localhost:3121/xilinx_tcf/Digilent/210512180081",
      "SOURCE_COMMIT": "36a67aef2e39c7ca52ec2765d5eebb0363c44bdb",
      "MAX_RUNTIME_SEC": "900",
      "SHUTDOWN_ON_EXIT": "required",
      "NO_ETHERNET": "true",
      "NO_MOTION": "true",
      "LANE_COUNT": "2",
      "MAX_LANE_MASK": "0x3",
      "P7_PLAN_PATH": "C:\\Users\\user\\Documents\\RF_COMM_MULTILANE\\evidence\\hardware\\p7\\artifacts\\p7_plan_c6db9d8348c3bc518fa5985595adfcdada1a08f11c9246c6103ec378b43b58dd.md",
      "P7_PLAN_SHA256": "c6db9d8348c3bc518fa5985595adfcdada1a08f11c9246c6103ec378b43b58dd",
      "BITSTREAM_PATH": "C:\\Users\\user\\Documents\\RF_COMM_MULTILANE\\evidence\\hardware\\p6\\bitstreams\\p6_jtag_dynamic_transport_4830d547d6a667edda8deebae855c3a7154478e298efca70e2526e6f3570b23c.bit",
      "BITSTREAM_SHA256": "4830d547d6a667edda8deebae855c3a7154478e298efca70e2526e6f3570b23c",
      "XSA_PATH": "C:\\Users\\user\\Documents\\RF_COMM_MULTILANE\\evidence\\hardware\\p6\\bitstreams\\p6_ps_dynamic_transport_b5d1174eb46d12eb395ceabbbea3c132c5771ca6777194138e68c2eacb2e4fc9.xsa",
      "XSA_SHA256": "b5d1174eb46d12eb395ceabbbea3c132c5771ca6777194138e68c2eacb2e4fc9",
      "ELF_PATH": "C:\\Users\\user\\Documents\\RF_COMM_MULTILANE\\evidence\\hardware\\p7\\artifacts\\p7_runtime_14450369d4c6cbe27899bc69f210278e3b2076573e0122859d266fe63cc8e0ce.elf",
      "ELF_SHA256": "14450369d4c6cbe27899bc69f210278e3b2076573e0122859d266fe63cc8e0ce",
      "PROFILE_PATH": "C:\\Users\\user\\Documents\\RF_COMM_MULTILANE\\profiles\\p7\\p7_stationary_app_30min.json",
      "PROFILE_SHA256": "65a36a8318e7fd1e3b647997aceca773c69e76eee85cb8fae922148ccd8f3c94",
      "ACTIVE_XDC_PATH": "C:\\Users\\user\\Documents\\RF_COMM_MULTILANE\\constraints\\active\\PORT1.generated.xdc",
      "ACTIVE_XDC_SHA256": "cf23a0d34a2fa76521faf4c91f3858cff2117fa6020d302d1a6109f10254f990",
      "PINMAP_PATH": "C:\\Users\\user\\Documents\\RF_COMM_MULTILANE\\board_profiles\\ax7010_tfdu_j10_j11_pinmap.csv",
      "PINMAP_SHA256": "4c7d5f0836a2ab48df7672e00f99455e582fbf477b04ed2b3b44ef38506a8a6a",
      "REGISTER_MAP_PATH": "C:\\Users\\user\\Documents\\RF_COMM_MULTILANE\\config\\register_map\\ir_axi_regs.yaml",
      "REGISTER_MAP_SHA256": "d5b0bf1476d815a3ed69988c72097827356d4eade48813c8913fc1b2d448983d",
      "SHUTDOWN_BITSTREAM_PATH": "C:\\Users\\user\\Documents\\RF_COMM_MULTILANE\\shutdown_bitstream\\tfdu_shutdown_j10_j11.bit",
      "SHUTDOWN_BITSTREAM_SHA256": "bac60b58912f0acd771dc830a6761535ec8f6a92befb1ae4cb7d928745af5810",
      "LTX_PATH": "C:\\Users\\user\\Documents\\RF_COMM_MULTILANE\\evidence\\hardware\\p6\\bitstreams\\p6_jtag_dynamic_transport_76fe1ec47871946a7d357b0caa1f669500de827b796d6154dcc54678e0ac7083.ltx",
      "LTX_SHA256": "76fe1ec47871946a7d357b0caa1f669500de827b796d6154dcc54678e0ac7083",
      "P7_JTAG_STAGE_NAME": "p7_fragment_boundary_216_rr",
      "P7_JTAG_SEMANTIC_MODE": "rfap",
      "P7_JTAG_TRANSACTION_PATH": "C:\\Users\\user\\Documents\\RF_COMM_MULTILANE\\build\\p7_authorized_sequence\\p7_20260711_stationary_app_r6\\transactions\\027_p7_fragment_boundary_216_rr.transactions.txt",
      "P7_JTAG_TRANSACTION_SHA256": "0fcf21e717ff6655fd4368f8e1234d24af6f997df4fcd26502d76a162ca41951",
      "P7_JTAG_FREQUENCY_HZ": "1000000",
      "P7_JTAG_AXI_BASE": "0x43c00000",
      "P7_JTAG_BACKEND_MANIFEST_PATH": "C:\\Users\\user\\Documents\\RF_COMM_MULTILANE\\build\\p7_authorized_sequence\\p7_20260711_stationary_app_r6\\manifests\\027_p7_fragment_boundary_216_rr.manifest.json",
      "P7_JTAG_BACKEND_MANIFEST_SHA256": "8099e785d2641697ef2a395161fcdc7bcb50d0a9557e6200729e86341790ba98"
    },
    "source_commit_requested": "36a67aef2e39c7ca52ec2765d5eebb0363c44bdb",
    "source_commit_current": "36a67aef2e39c7ca52ec2765d5eebb0363c44bdb",
    "dirty_files": [
      " M evidence/generated/p7_ps_runtime_build_summary.json",
      " M evidence/generated/p7_ps_runtime_build_summary.md",
      " M evidence/generated/vitis/p7_ps_runtime/p7_ps_runtime_build_summary.json",
      "?? evidence/generated/p7_2lane_scope_summary.md",
      "?? evidence/generated/p7_application_protocol_summary.md",
      "?? evidence/generated/p7_artifact_provenance_summary.json",
      "?? evidence/generated/p7_artifact_provenance_summary.md",
      "?? evidence/generated/p7_backend_conformance_summary.md",
      "?? evidence/generated/p7_fault_recovery_summary.md",
      "?? evidence/generated/p7_file_integrity_summary.md",
      "?? evidence/generated/p7_fragmentation_reassembly_summary.md",
      "?? evidence/generated/p7_lane1_promotion_summary.json",
      "?? evidence/generated/p7_lane1_promotion_summary.md",
      "?? evidence/generated/p7_lane_scheduler_summary.md",
      "?? evidence/generated/p7_no_ethernet_summary.md",
      "?? evidence/generated/p7_no_motion_summary.md",
      "?? evidence/generated/p7_offline_gate_summary.json",
      "?? evidence/generated/p7_offline_gate_summary.md",
      "?? evidence/generated/p7_offline_test_run.json",
      "?? evidence/generated/p7_protocol_vector_summary.json",
      "?? evidence/generated/p7_protocol_vector_summary.md",
      "?? evidence/generated/p7_ps_core_hardware_readiness.json",
      "?? evidence/generated/p7_ps_core_hardware_readiness.md",
      "?? evidence/generated/p7_ps_runtime_summary.md",
      "?? evidence/generated/p7_queue_backpressure_summary.md",
      "?? evidence/generated/p7_repo_intake.md",
      "?? evidence/generated/p7_repo_intake_summary.json",
      "?? evidence/generated/p7_repo_intake_summary.md",
      "?? evidence/generated/p7_segmentation_reassembly_summary.md",
      "?? evidence/hardware/p7/authorized_sequence/p7_20260711_stationary_app_r6/"
    ],
    "max_runtime_sec": 900,
    "lane_count": 2,
    "max_lane_mask": "0x3",
    "no_ethernet": true,
    "no_motion": true,
    "shutdown_on_exit": true,
    "abort_file": "C:\\Users\\user\\Documents\\RF_COMM_MULTILANE\\.hardware_authorization\\ABORT_NOW.txt",
    "abort_file_present": false,
    "hw_server_url": "localhost:3121",
    "preflight_tcl": "C:\\Users\\user\\Documents\\RF_COMM_MULTILANE\\scripts\\hw\\p7_hw_preflight.tcl",
    "preflight_tcl_sha256": "95bfbdf7e6c429e6637c1b4224a9dcecaa1fd756a1f665b21a797d54afbfc464",
    "artifacts": {
      "plan": {
        "path": "C:\\Users\\user\\Documents\\RF_COMM_MULTILANE\\evidence\\hardware\\p7\\artifacts\\p7_plan_c6db9d8348c3bc518fa5985595adfcdada1a08f11c9246c6103ec378b43b58dd.md",
        "expected_sha256": "c6db9d8348c3bc518fa5985595adfcdada1a08f11c9246c6103ec378b43b58dd",
        "exists": true,
        "actual_sha256": "c6db9d8348c3bc518fa5985595adfcdada1a08f11c9246c6103ec378b43b58dd"
      },
      "bitstream": {
        "path": "C:\\Users\\user\\Documents\\RF_COMM_MULTILANE\\evidence\\hardware\\p6\\bitstreams\\p6_jtag_dynamic_transport_4830d547d6a667edda8deebae855c3a7154478e298efca70e2526e6f3570b23c.bit",
        "expected_sha256": "4830d547d6a667edda8deebae855c3a7154478e298efca70e2526e6f3570b23c",
        "exists": true,
        "actual_sha256": "4830d547d6a667edda8deebae855c3a7154478e298efca70e2526e6f3570b23c"
      },
      "xsa": {
        "path": "C:\\Users\\user\\Documents\\RF_COMM_MULTILANE\\evidence\\hardware\\p6\\bitstreams\\p6_ps_dynamic_transport_b5d1174eb46d12eb395ceabbbea3c132c5771ca6777194138e68c2eacb2e4fc9.xsa",
        "expected_sha256": "b5d1174eb46d12eb395ceabbbea3c132c5771ca6777194138e68c2eacb2e4fc9",
        "exists": true,
        "actual_sha256": "b5d1174eb46d12eb395ceabbbea3c132c5771ca6777194138e68c2eacb2e4fc9"
      },
      "elf": {
        "path": "C:\\Users\\user\\Documents\\RF_COMM_MULTILANE\\evidence\\hardware\\p7\\artifacts\\p7_runtime_14450369d4c6cbe27899bc69f210278e3b2076573e0122859d266fe63cc8e0ce.elf",
        "expected_sha256": "14450369d4c6cbe27899bc69f210278e3b2076573e0122859d266fe63cc8e0ce",
        "exists": true,
        "actual_sha256": "14450369d4c6cbe27899bc69f210278e3b2076573e0122859d266fe63cc8e0ce"
      },
      "profile": {
        "path": "C:\\Users\\user\\Documents\\RF_COMM_MULTILANE\\profiles\\p7\\p7_stationary_app_30min.json",
        "expected_sha256": "65a36a8318e7fd1e3b647997aceca773c69e76eee85cb8fae922148ccd8f3c94",
        "exists": true,
        "actual_sha256": "65a36a8318e7fd1e3b647997aceca773c69e76eee85cb8fae922148ccd8f3c94"
      },
      "active_xdc": {
        "path": "C:\\Users\\user\\Documents\\RF_COMM_MULTILANE\\constraints\\active\\PORT1.generated.xdc",
        "expected_sha256": "cf23a0d34a2fa76521faf4c91f3858cff2117fa6020d302d1a6109f10254f990",
        "exists": true,
        "actual_sha256": "cf23a0d34a2fa76521faf4c91f3858cff2117fa6020d302d1a6109f10254f990"
      },
      "pinmap": {
        "path": "C:\\Users\\user\\Documents\\RF_COMM_MULTILANE\\board_profiles\\ax7010_tfdu_j10_j11_pinmap.csv",
        "expected_sha256": "4c7d5f0836a2ab48df7672e00f99455e582fbf477b04ed2b3b44ef38506a8a6a",
        "exists": true,
        "actual_sha256": "4c7d5f0836a2ab48df7672e00f99455e582fbf477b04ed2b3b44ef38506a8a6a"
      },
      "register_map": {
        "path": "C:\\Users\\user\\Documents\\RF_COMM_MULTILANE\\config\\register_map\\ir_axi_regs.yaml",
        "expected_sha256": "d5b0bf1476d815a3ed69988c72097827356d4eade48813c8913fc1b2d448983d",
        "exists": true,
        "actual_sha256": "d5b0bf1476d815a3ed69988c72097827356d4eade48813c8913fc1b2d448983d"
      },
      "shutdown_bitstream": {
        "path": "C:\\Users\\user\\Documents\\RF_COMM_MULTILANE\\shutdown_bitstream\\tfdu_shutdown_j10_j11.bit",
        "expected_sha256": "bac60b58912f0acd771dc830a6761535ec8f6a92befb1ae4cb7d928745af5810",
        "exists": true,
        "actual_sha256": "bac60b58912f0acd771dc830a6761535ec8f6a92befb1ae4cb7d928745af5810"
      },
      "ltx": {
        "path": "C:\\Users\\user\\Documents\\RF_COMM_MULTILANE\\evidence\\hardware\\p6\\bitstreams\\p6_jtag_dynamic_transport_76fe1ec47871946a7d357b0caa1f669500de827b796d6154dcc54678e0ac7083.ltx",
        "expected_sha256": "76fe1ec47871946a7d357b0caa1f669500de827b796d6154dcc54678e0ac7083",
        "exists": true,
        "actual_sha256": "76fe1ec47871946a7d357b0caa1f669500de827b796d6154dcc54678e0ac7083"
      }
    },
    "errors": [],
    "warnings": [
      "workspace has uncommitted changes; frozen artifact hashes remain authoritative"
    ]
  },
  "stage_validation_errors": [],
  "transaction_validation": {
    "format": "P7_JTAG_AXI_TRANSACTIONS_V1",
    "path": "C:\\Users\\user\\Documents\\RF_COMM_MULTILANE\\build\\p7_authorized_sequence\\p7_20260711_stationary_app_r6\\transactions\\027_p7_fragment_boundary_216_rr.transactions.txt",
    "expected_sha256": "0fcf21e717ff6655fd4368f8e1234d24af6f997df4fcd26502d76a162ca41951",
    "actual_sha256": "0fcf21e717ff6655fd4368f8e1234d24af6f997df4fcd26502d76a162ca41951",
    "operation_count": 303,
    "poll_operation_count": 4,
    "poll_iteration_ceiling": 24000,
    "metadata": {
      "BACKEND": "p7_jtag_backend",
      "LANE_POLICY": "STRIPE_ROUND_ROBIN"
    },
    "errors": [],
    "size_bytes": 9780,
    "start_operation_count": 2,
    "commit_operation_count": 2,
    "payload_write_count": 71,
    "result_keys": [
      "P7F00000_ACK_SEEN",
      "P7F00000_ACK_SENT",
      "P7F00000_COMMIT",
      "P7F00000_COMMIT_POLLS",
      "P7F00000_CRC_BAD",
      "P7F00000_DONE",
      "P7F00000_DONE_POLLS",
      "P7F00000_DUTY_VIOLATION",
      "P7F00000_ERROR_CODE",
      "P7F00000_FRAME_BAD",
      "P7F00000_FRAME_GOOD",
      "P7F00000_MAILBOX",
      "P7F00000_PAYLOAD_MISMATCH",
      "P7F00000_RAW_RX_PULSES",
      "P7F00000_RAW_TX_PULSES",
      "P7F00000_RETRY_COUNT",
      "P7F00000_RETRY_EXHAUSTED",
      "P7F00000_RXW000",
      "P7F00000_RXW001",
      "P7F00000_RXW002",
      "P7F00000_RXW003",
      "P7F00000_RXW004",
      "P7F00000_RXW005",
      "P7F00000_RXW006",
      "P7F00000_RXW007",
      "P7F00000_RXW008",
      "P7F00000_RXW009",
      "P7F00000_RXW010",
      "P7F00000_RXW011",
      "P7F00000_RXW012",
      "P7F00000_RXW013",
      "P7F00000_RXW014",
      "P7F00000_RXW015",
      "P7F00000_RXW016",
      "P7F00000_RXW017",
      "P7F00000_RXW018",
      "P7F00000_RXW019",
      "P7F00000_RXW020",
      "P7F00000_RXW021",
      "P7F00000_RXW022",
      "P7F00000_RXW023",
      "P7F00000_RXW024",
      "P7F00000_RXW025",
      "P7F00000_RXW026",
      "P7F00000_RXW027",
      "P7F00000_RXW028",
      "P7F00000_RXW029",
      "P7F00000_RXW030",
      "P7F00000_RXW031",
      "P7F00000_RXW032",
      "P7F00000_RXW033",
      "P7F00000_RXW034",
      "P7F00000_RXW035",
      "P7F00000_RXW036",
      "P7F00000_RXW037",
      "P7F00000_RXW038",
      "P7F00000_RXW039",
      "P7F00000_RXW040",
      "P7F00000_RXW041",
      "P7F00000_RXW042",
      "P7F00000_RXW043",
      "P7F00000_RXW044",
      "P7F00000_RXW045",
      "P7F00000_RXW046",
      "P7F00000_RXW047",
      "P7F00000_RXW048",
      "P7F00000_RXW049",
      "P7F00000_RXW050",
      "P7F00000_RXW051",
      "P7F00000_RXW052",
      "P7F00000_RXW053",
      "P7F00000_RXW054",
      "P7F00000_RXW055",
      "P7F00000_RXW056",
      "P7F00000_RXW057",
      "P7F00000_RXW058",
      "P7F00000_RXW059",
      "P7F00000_RXW060",
      "P7F00000_RXW061",
      "P7F00000_RX_CRC32",
      "P7F00000_RX_DIGEST",
      "P7F00000_RX_GOOD_COUNT_L0",
      "P7F00000_RX_GOOD_COUNT_L1",
      "P7F00000_RX_LEN",
      "P7F00000_STATUS",
      "P7F00000_STICKY_ERROR",
      "P7F00000_TXD_HIGH_MAX",
      "P7F00000_TXW000",
      "P7F00000_TXW001",
      "P7F00000_TXW002",
      "P7F00000_TXW003",
      "P7F00000_TXW004",
      "P7F00000_TXW005",
      "P7F00000_TXW006",
      "P7F00000_TXW007",
      "P7F00000_TXW008",
      "P7F00000_TXW009",
      "P7F00000_TXW010",
      "P7F00000_TXW011",
      "P7F00000_TXW012",
      "P7F00000_TXW013",
      "P7F00000_TXW014",
      "P7F00000_TXW015",
      "P7F00000_TXW016",
      "P7F00000_TXW017",
      "P7F00000_TXW018",
      "P7F00000_TXW019",
      "P7F00000_TXW020",
      "P7F00000_TXW021",
      "P7F00000_TXW022",
      "P7F00000_TXW023",
      "P7F00000_TXW024",
      "P7F00000_TXW025",
      "P7F00000_TXW026",
      "P7F00000_TXW027",
      "P7F00000_TXW028",
      "P7F00000_TXW029",
      "P7F00000_TXW030",
      "P7F00000_TXW031",
      "P7F00000_TXW032",
      "P7F00000_TXW033",
      "P7F00000_TXW034",
      "P7F00000_TXW035",
      "P7F00000_TXW036",
      "P7F00000_TXW037",
      "P7F00000_TXW038",
      "P7F00000_TXW039",
      "P7F00000_TXW040",
      "P7F00000_TXW041",
      "P7F00000_TXW042",
      "P7F00000_TXW043",
      "P7F00000_TXW044",
      "P7F00000_TXW045",
      "P7F00000_TXW046",
      "P7F00000_TXW047",
      "P7F00000_TXW048",
      "P7F00000_TXW049",
      "P7F00000_TXW050",
      "P7F00000_TXW051",
      "P7F00000_TXW052",
      "P7F00000_TXW053",
      "P7F00000_TXW054",
      "P7F00000_TXW055",
      "P7F00000_TXW056",
      "P7F00000_TXW057",
      "P7F00000_TXW058",
      "P7F00000_TXW059",
      "P7F00000_TXW060",
      "P7F00000_TXW061",
      "P7F00000_TX_COUNT",
      "P7F00000_TX_CRC32",
      "P7F00000_TX_FAIL",
      "P7F00001_ACK_SEEN",
      "P7F00001_ACK_SENT",
      "P7F00001_COMMIT",
      "P7F00001_COMMIT_POLLS",
      "P7F00001_CRC_BAD",
      "P7F00001_DONE",
      "P7F00001_DONE_POLLS",
      "P7F00001_DUTY_VIOLATION",
      "P7F00001_ERROR_CODE",
      "P7F00001_FRAME_BAD",
      "P7F00001_FRAME_GOOD",
      "P7F00001_MAILBOX",
      "P7F00001_PAYLOAD_MISMATCH",
      "P7F00001_RAW_RX_PULSES",
      "P7F00001_RAW_TX_PULSES",
      "P7F00001_RETRY_COUNT",
      "P7F00001_RETRY_EXHAUSTED",
      "P7F00001_RXW000",
      "P7F00001_RXW001",
      "P7F00001_RXW002",
      "P7F00001_RXW003",
      "P7F00001_RXW004",
      "P7F00001_RXW005",
      "P7F00001_RXW006",
      "P7F00001_RXW007",
      "P7F00001_RXW008",
      "P7F00001_RX_CRC32",
      "P7F00001_RX_DIGEST",
      "P7F00001_RX_GOOD_COUNT_L0",
      "P7F00001_RX_GOOD_COUNT_L1",
      "P7F00001_RX_LEN",
      "P7F00001_STATUS",
      "P7F00001_STICKY_ERROR",
      "P7F00001_TXD_HIGH_MAX",
      "P7F00001_TXW000",
      "P7F00001_TXW001",
      "P7F00001_TXW002",
      "P7F00001_TXW003",
      "P7F00001_TXW004",
      "P7F00001_TXW005",
      "P7F00001_TXW006",
      "P7F00001_TXW007",
      "P7F00001_TXW008",
      "P7F00001_TX_COUNT",
      "P7F00001_TX_CRC32",
      "P7F00001_TX_FAIL",
      "P7_BASE_ACK_SEEN",
      "P7_BASE_ACK_SENT",
      "P7_BASE_CRC_BAD",
      "P7_BASE_DUTY_VIOLATION",
      "P7_BASE_ERROR_CODE",
      "P7_BASE_FRAME_BAD",
      "P7_BASE_FRAME_GOOD",
      "P7_BASE_PAYLOAD_MISMATCH",
      "P7_BASE_RAW_RX_PULSES",
      "P7_BASE_RAW_TX_PULSES",
      "P7_BASE_RETRY_COUNT",
      "P7_BASE_RETRY_EXHAUSTED",
      "P7_BASE_RX_GOOD_COUNT_L0",
      "P7_BASE_RX_GOOD_COUNT_L1",
      "P7_BASE_STICKY_ERROR",
      "P7_BASE_TXD_HIGH_MAX",
      "P7_BASE_TX_COUNT",
      "P7_BASE_TX_FAIL",
      "P7_FINAL_SHUTDOWN_REASON"
    ],
    "write_operations": [
      {
        "offset": "0x100",
        "value": "0x00000002"
      },
      {
        "offset": "0x100",
        "value": "0x00000002"
      },
      {
        "offset": "0x200",
        "value": "0x50414652"
      },
      {
        "offset": "0x204",
        "value": "0x00200101"
      },
      {
        "offset": "0x208",
        "value": "0x5037001b"
      },
      {
        "offset": "0x20c",
        "value": "0x0000001b"
      },
      {
        "offset": "0x210",
        "value": "0x000000d8"
      },
      {
        "offset": "0x214",
        "value": "0x00020000"
      },
      {
        "offset": "0x218",
        "value": "0x000000d7"
      },
      {
        "offset": "0x21c",
        "value": "0xc1125402"
      },
      {
        "offset": "0x220",
        "value": "0x03020100"
      },
      {
        "offset": "0x224",
        "value": "0x07060504"
      },
      {
        "offset": "0x228",
        "value": "0x0b0a0908"
      },
      {
        "offset": "0x22c",
        "value": "0x0f0e0d0c"
      },
      {
        "offset": "0x230",
        "value": "0x13121110"
      },
      {
        "offset": "0x234",
        "value": "0x17161514"
      },
      {
        "offset": "0x238",
        "value": "0x1b1a1918"
      },
      {
        "offset": "0x23c",
        "value": "0x1f1e1d1c"
      },
      {
        "offset": "0x240",
        "value": "0x23222120"
      },
      {
        "offset": "0x244",
        "value": "0x27262524"
      },
      {
        "offset": "0x248",
        "value": "0x2b2a2928"
      },
      {
        "offset": "0x24c",
        "value": "0x2f2e2d2c"
      },
      {
        "offset": "0x250",
        "value": "0x33323130"
      },
      {
        "offset": "0x254",
        "value": "0x37363534"
      },
      {
        "offset": "0x258",
        "value": "0x3b3a3938"
      },
      {
        "offset": "0x25c",
        "value": "0x3f3e3d3c"
      },
      {
        "offset": "0x260",
        "value": "0x43424140"
      },
      {
        "offset": "0x264",
        "value": "0x47464544"
      },
      {
        "offset": "0x268",
        "value": "0x4b4a4948"
      },
      {
        "offset": "0x26c",
        "value": "0x4f4e4d4c"
      },
      {
        "offset": "0x270",
        "value": "0x53525150"
      },
      {
        "offset": "0x274",
        "value": "0x57565554"
      },
      {
        "offset": "0x278",
        "value": "0x5b5a5958"
      },
      {
        "offset": "0x27c",
        "value": "0x5f5e5d5c"
      },
      {
        "offset": "0x280",
        "value": "0x63626160"
      },
      {
        "offset": "0x284",
        "value": "0x67666564"
      },
      {
        "offset": "0x288",
        "value": "0x6b6a6968"
      },
      {
        "offset": "0x28c",
        "value": "0x6f6e6d6c"
      },
      {
        "offset": "0x290",
        "value": "0x73727170"
      },
      {
        "offset": "0x294",
        "value": "0x77767574"
      },
      {
        "offset": "0x298",
        "value": "0x7b7a7978"
      },
      {
        "offset": "0x29c",
        "value": "0x7f7e7d7c"
      },
      {
        "offset": "0x2a0",
        "value": "0x83828180"
      },
      {
        "offset": "0x2a4",
        "value": "0x87868584"
      },
      {
        "offset": "0x2a8",
        "value": "0x8b8a8988"
      },
      {
        "offset": "0x2ac",
        "value": "0x8f8e8d8c"
      },
      {
        "offset": "0x2b0",
        "value": "0x93929190"
      },
      {
        "offset": "0x2b4",
        "value": "0x97969594"
      },
      {
        "offset": "0x2b8",
        "value": "0x9b9a9998"
      },
      {
        "offset": "0x2bc",
        "value": "0x9f9e9d9c"
      },
      {
        "offset": "0x2c0",
        "value": "0xa3a2a1a0"
      },
      {
        "offset": "0x2c4",
        "value": "0xa7a6a5a4"
      },
      {
        "offset": "0x2c8",
        "value": "0xabaaa9a8"
      },
      {
        "offset": "0x2cc",
        "value": "0xafaeadac"
      },
      {
        "offset": "0x2d0",
        "value": "0xb3b2b1b0"
      },
      {
        "offset": "0x2d4",
        "value": "0xb7b6b5b4"
      },
      {
        "offset": "0x2d8",
        "value": "0xbbbab9b8"
      },
      {
        "offset": "0x2dc",
        "value": "0xbfbebdbc"
      },
      {
        "offset": "0x2e0",
        "value": "0xc3c2c1c0"
      },
      {
        "offset": "0x2e4",
        "value": "0xc7c6c5c4"
      },
      {
        "offset": "0x2e8",
        "value": "0xcbcac9c8"
      },
      {
        "offset": "0x2ec",
        "value": "0xcfcecdcc"
      },
      {
        "offset": "0x2f0",
        "value": "0xd3d2d1d0"
      },
      {
        "offset": "0x2f4",
        "value": "0x00d6d5d4"
      },
      {
        "offset": "0x108",
        "value": "0x00002201"
      },
      {
        "offset": "0x10c",
        "value": "0x00000001"
      },
      {
        "offset": "0x110",
        "value": "0x00000001"
      },
      {
        "offset": "0x114",
        "value": "0x000000f7"
      },
      {
        "offset": "0x15c",
        "value": "0x0061a800"
      },
      {
        "offset": "0x100",
        "value": "0x00000004"
      },
      {
        "offset": "0x100",
        "value": "0x00000008"
      },
      {
        "offset": "0x100",
        "value": "0x00000002"
      },
      {
        "offset": "0x200",
        "value": "0x50414652"
      },
      {
        "offset": "0x204",
        "value": "0x00200201"
      },
      {
        "offset": "0x208",
        "value": "0x5037001b"
      },
      {
        "offset": "0x20c",
        "value": "0x0000001b"
      },
      {
        "offset": "0x210",
        "value": "0x000000d8"
      },
      {
        "offset": "0x214",
        "value": "0x00020001"
      },
      {
        "offset": "0x218",
        "value": "0x00000001"
      },
      {
        "offset": "0x21c",
        "value": "0xc1125402"
      },
      {
        "offset": "0x220",
        "value": "0x000000d7"
      },
      {
        "offset": "0x108",
        "value": "0x00002201"
      },
      {
        "offset": "0x10c",
        "value": "0x00000002"
      },
      {
        "offset": "0x110",
        "value": "0x00000002"
      },
      {
        "offset": "0x114",
        "value": "0x00000021"
      },
      {
        "offset": "0x15c",
        "value": "0x0061a800"
      },
      {
        "offset": "0x100",
        "value": "0x00000004"
      },
      {
        "offset": "0x100",
        "value": "0x00000008"
      },
      {
        "offset": "0x100",
        "value": "0x00000030"
      },
      {
        "offset": "0x100",
        "value": "0x00000030"
      }
    ],
    "runtime_feasibility": {
      "jtag_frequency_hz": 1000000,
      "reference_jtag_frequency_hz": 1000000,
      "estimated_axi_operation_us_at_1mhz": 1250,
      "estimated_stage_fixed_overhead_seconds": 30.0,
      "estimate_model": "one_axi_read_per_poll_operation_global_deadline_authoritative",
      "estimated_stage_runtime_seconds": 30.37875,
      "minimum_stage_runtime_sec": 31,
      "authorized_runtime_sec": 900,
      "feasible_within_authorized_runtime": true,
      "containment_initial_empty_wait_seconds": 0,
      "expected_tool_daemon_grace_seconds": 30,
      "containment_total_exit_window_seconds": 30,
      "containment_topology_revalidation_interval_seconds": 0.1,
      "containment_forced_cleanup_wait_seconds": 10,
      "containment_failure_bound_seconds": 40,
      "jtag_wrapper_vivado_process_count": 4,
      "jtag_wrapper_containment_allowance_seconds": 120,
      "jtag_wrapper_max_forced_cleanup_events": 2,
      "jtag_wrapper_forced_cleanup_reserve_seconds": 20,
      "jtag_wrapper_other_guard_seconds": 65,
      "jtag_wrapper_bookkeeping_guard_seconds": 45,
      "jtag_wrapper_other_guard_after_forced_cleanup_seconds": 45,
      "global_runtime_budget": {
        "minimum_estimated_global_runtime_sec": 336,
        "configured_global_timeout_ceiling_sec": 855,
        "authorized_global_runtime_sec": 900,
        "containment_initial_empty_wait_seconds": 0,
        "expected_tool_daemon_grace_seconds": 30,
        "containment_total_exit_window_seconds": 30,
        "containment_topology_revalidation_interval_seconds": 0.1,
        "containment_success_bound_seconds_each": 30,
        "containment_failure_bound_seconds_each": 40,
        "contained_vivado_process_count": 4,
        "containment_allowance_seconds": 120,
        "max_forced_cleanup_events": 2,
        "forced_cleanup_wait_seconds": 10,
        "forced_cleanup_reserve_seconds": 20,
        "other_guard_seconds": 65,
        "bookkeeping_guard_seconds": 45,
        "other_guard_after_forced_cleanup_seconds": 45,
        "configured_unallocated_margin_seconds": 45,
        "estimated_unallocated_margin_seconds": 564,
        "minimum_stage_fits_configured_timeout": true,
        "feasible": true
      }
    },
    "valid": true,
    "backend_manifest": {
      "path": "C:\\Users\\user\\Documents\\RF_COMM_MULTILANE\\build\\p7_authorized_sequence\\p7_20260711_stationary_app_r6\\manifests\\027_p7_fragment_boundary_216_rr.manifest.json",
      "expected_sha256": "8099e785d2641697ef2a395161fcdc7bcb50d0a9557e6200729e86341790ba98",
      "actual_sha256": "8099e785d2641697ef2a395161fcdc7bcb50d0a9557e6200729e86341790ba98",
      "schema": "rfap-p7-jtag-axi-dry-run-v1",
      "input_length": 216,
      "input_sha256": "9d42d74bac443eafbd9878145b745387eb1397174332564bc8fa6db414ab381f",
      "lane_policy": "STRIPE_ROUND_ROBIN",
      "transaction_operation_count": 303
    },
    "global_runtime_budget": {
      "minimum_estimated_global_runtime_sec": 336,
      "configured_global_timeout_ceiling_sec": 855,
      "authorized_global_runtime_sec": 900,
      "containment_initial_empty_wait_seconds": 0,
      "expected_tool_daemon_grace_seconds": 30,
      "containment_total_exit_window_seconds": 30,
      "containment_topology_revalidation_interval_seconds": 0.1,
      "containment_success_bound_seconds_each": 30,
      "containment_failure_bound_seconds_each": 40,
      "contained_vivado_process_count": 4,
      "containment_allowance_seconds": 120,
      "max_forced_cleanup_events": 2,
      "forced_cleanup_wait_seconds": 10,
      "forced_cleanup_reserve_seconds": 20,
      "other_guard_seconds": 65,
      "bookkeeping_guard_seconds": 45,
      "other_guard_after_forced_cleanup_seconds": 45,
      "configured_unallocated_margin_seconds": 45,
      "estimated_unallocated_margin_seconds": 564,
      "minimum_stage_fits_configured_timeout": true,
      "feasible": true
    }
  },
  "exit_code_policy": "returncode_must_be_exactly_zero_and_required_markers_must_match",
  "transaction_format_boundary": "strict_P7_JTAG_AXI_TRANSACTIONS_V1_no_source_no_eval_no_external_commands",
  "hardware_execution_lock": {
    "path": "C:\\Users\\user\\Documents\\RF_COMM_MULTILANE\\.hardware_authorization\\P7_HARDWARE_EXECUTION.lock",
    "token_sha256": "84f4199ac5d5bfb2fc29fcb5210ce330d7877ccadd58bcab21b07df48be87957",
    "owner": {
      "schema": "rf-comm-p7-hardware-execution-lock-v1",
      "pid": 36960,
      "wrapper": "run_p7_jtag_axi_stage_safe.py",
      "stage_name": "p7_fragment_boundary_216_rr",
      "acquired_at_utc": "2026-07-11T06:31:14.366465+00:00",
      "evidence_dir": "C:\\Users\\user\\Documents\\RF_COMM_MULTILANE\\evidence\\hardware\\p7\\authorized_sequence\\p7_20260711_stationary_app_r6\\027_p7_fragment_boundary_216_rr"
    },
    "acquired": true,
    "stale_lock_auto_recovery": false
  },
  "global_runtime_deadline_source": "host_monotonic",
  "global_runtime_guard_seconds": 65,
  "global_runtime_budget_components": {
    "contained_vivado_process_count": 4,
    "initial_empty_wait_seconds_per_process": 0,
    "expected_tool_daemon_grace_seconds_per_process": 30,
    "total_containment_window_seconds_per_process": 30,
    "topology_revalidation_interval_seconds": 0.1,
    "containment_allowance_seconds": 120,
    "forced_cleanup_wait_seconds": 10,
    "failure_containment_bound_seconds_per_failed_process": 40,
    "max_forced_cleanup_events": 2,
    "forced_cleanup_reserve_seconds": 20,
    "bookkeeping_guard_seconds": 45,
    "other_guard_seconds": 65
  },
  "evidence_dir": "C:\\Users\\user\\Documents\\RF_COMM_MULTILANE\\evidence\\hardware\\p7\\authorized_sequence\\p7_20260711_stationary_app_r6\\027_p7_fragment_boundary_216_rr",
  "event_log": "C:\\Users\\user\\Documents\\RF_COMM_MULTILANE\\evidence\\hardware\\p7\\authorized_sequence\\p7_20260711_stationary_app_r6\\027_p7_fragment_boundary_216_rr\\p7_jtag_axi_stage_events.jsonl",
  "preflight_process": {
    "name": "preflight",
    "returncode": 0,
    "stdout_path": "C:\\Users\\user\\Documents\\RF_COMM_MULTILANE\\evidence\\hardware\\p7\\authorized_sequence\\p7_20260711_stationary_app_r6\\027_p7_fragment_boundary_216_rr\\p7_preflight.stdout.log",
    "stderr_path": "C:\\Users\\user\\Documents\\RF_COMM_MULTILANE\\evidence\\hardware\\p7\\authorized_sequence\\p7_20260711_stationary_app_r6\\027_p7_fragment_boundary_216_rr\\p7_preflight.stderr.log",
    "elapsed_seconds": 31.312776,
    "argv": [
      "D:\\Xilinx\\Vivado\\2023.1\\bin\\vivado.bat",
      "-mode",
      "batch",
      "-source",
      "C:\\Users\\user\\Documents\\RF_COMM_MULTILANE\\scripts\\hw\\p7_hw_preflight.tcl",
      "-tclargs",
      "C:\\Users\\user\\Documents\\RF_COMM_MULTILANE",
      "C:\\Users\\user\\Documents\\RF_COMM_MULTILANE\\.hardware_authorization\\p7_20260711_stationary_app_r6_027_p7_fragment_boundary_216_rr.txt",
      "210512180081",
      "xc7z010clg400-1",
      "localhost:3121/xilinx_tcf/Digilent/210512180081",
      "localhost:3121",
      "C:\\Users\\user\\Documents\\RF_COMM_MULTILANE\\evidence\\hardware\\p7\\authorized_sequence\\p7_20260711_stationary_app_r6\\027_p7_fragment_boundary_216_rr\\p7_preflight_result.txt"
    ],
    "started_at_utc": "2026-07-11T06:31:14.369433+00:00",
    "ended_at_utc": "2026-07-11T06:31:45.682217+00:00",
    "timed_out": false,
    "abort_seen": false,
    "interrupted": false,
    "process_tree_terminated": false,
    "process_tree_reaped": true,
    "containment_kind": "WINDOWS_JOB_OBJECT_KILL_ON_CLOSE",
    "containment_assigned": true,
    "containment_closed": true,
    "descendant_count_after": 0,
    "expected_tool_daemon_grace_used": true,
    "expected_tool_daemon_grace_seconds": 30.0,
    "expected_tool_daemon_paths": [
      "D:\\Xilinx\\Vivado\\2023.1\\bin\\unwrapped\\win64.o\\cs_server.exe",
      "D:\\Xilinx\\Vivado\\2023.1\\bin\\unwrapped\\win64.o\\rdi_xsdb.exe",
      "C:\\Windows\\System32\\cmd.exe",
      "C:\\Windows\\System32\\conhost.exe"
    ],
    "descendant_paths_seen": [
      "C:\\Windows\\System32\\conhost.exe",
      "D:\\Xilinx\\Vivado\\2023.1\\bin\\unwrapped\\win64.o\\rdi_xsdb.exe",
      "C:\\Windows\\System32\\cmd.exe",
      "D:\\Xilinx\\Vivado\\2023.1\\bin\\unwrapped\\win64.o\\cs_server.exe",
      "C:\\Windows\\System32\\conhost.exe",
      "D:\\Xilinx\\Vivado\\2023.1\\bin\\unwrapped\\win64.o\\cs_server.exe"
    ],
    "descendant_processes_seen": [
      {
        "pid": 1068,
        "parent_pid": 27288,
        "parent_active_globally": true,
        "image_path": "C:\\Windows\\System32\\conhost.exe",
        "creation_time_100ns": 134282250836209642
      },
      {
        "pid": 22568,
        "parent_pid": 27288,
        "parent_active_globally": true,
        "image_path": "D:\\Xilinx\\Vivado\\2023.1\\bin\\unwrapped\\win64.o\\rdi_xsdb.exe",
        "creation_time_100ns": 134282250839203915
      },
      {
        "pid": 27288,
        "parent_pid": 44720,
        "parent_active_globally": false,
        "image_path": "C:\\Windows\\System32\\cmd.exe",
        "creation_time_100ns": 134282250836145789
      },
      {
        "pid": 32340,
        "parent_pid": 41648,
        "parent_active_globally": true,
        "image_path": "D:\\Xilinx\\Vivado\\2023.1\\bin\\unwrapped\\win64.o\\cs_server.exe",
        "creation_time_100ns": 134282250831621770
      },
      {
        "pid": 40940,
        "parent_pid": 32748,
        "parent_active_globally": false,
        "image_path": "C:\\Windows\\System32\\conhost.exe",
        "creation_time_100ns": 134282250823956903
      },
      {
        "pid": 41648,
        "parent_pid": 4844,
        "parent_active_globally": false,
        "image_path": "D:\\Xilinx\\Vivado\\2023.1\\bin\\unwrapped\\win64.o\\cs_server.exe",
        "creation_time_100ns": 134282250830735472
      }
    ],
    "expected_tool_daemon_classification": "EXACT_R2_VIVADO_EXIT_HELPER_FOREST",
    "expected_tool_daemon_topology_snapshots": [
      {
        "classification": "EXACT_R2_VIVADO_EXIT_HELPER_FOREST",
        "elapsed_seconds": 0.005956,
        "processes": [
          {
            "pid": 1068,
            "parent_pid": 27288,
            "parent_active_globally": true,
            "image_path": "C:\\Windows\\System32\\conhost.exe",
            "creation_time_100ns": 134282250836209642
          },
          {
            "pid": 22568,
            "parent_pid": 27288,
            "parent_active_globally": true,
            "image_path": "D:\\Xilinx\\Vivado\\2023.1\\bin\\unwrapped\\win64.o\\rdi_xsdb.exe",
            "creation_time_100ns": 134282250839203915
          },
          {
            "pid": 27288,
            "parent_pid": 44720,
            "parent_active_globally": false,
            "image_path": "C:\\Windows\\System32\\cmd.exe",
            "creation_time_100ns": 134282250836145789
          },
          {
            "pid": 32340,
            "parent_pid": 41648,
            "parent_active_globally": true,
            "image_path": "D:\\Xilinx\\Vivado\\2023.1\\bin\\unwrapped\\win64.o\\cs_server.exe",
            "creation_time_100ns": 134282250831621770
          },
          {
            "pid": 40940,
            "parent_pid": 32748,
            "parent_active_globally": false,
            "image_path": "C:\\Windows\\System32\\conhost.exe",
            "creation_time_100ns": 134282250823956903
          },
          {
            "pid": 41648,
            "parent_pid": 4844,
            "parent_active_globally": false,
            "image_path": "D:\\Xilinx\\Vivado\\2023.1\\bin\\unwrapped\\win64.o\\cs_server.exe",
            "creation_time_100ns": 134282250830735472
          }
        ]
      },
      {
        "classification": "STRICT_SHRINK_SUBSET_OF_EXACT_R2_VIVADO_EXIT_HELPER_FOREST",
        "elapsed_seconds": 19.573015,
        "processes": [
          {
            "pid": 32340,
            "parent_pid": 41648,
            "parent_active_globally": true,
            "image_path": "D:\\Xilinx\\Vivado\\2023.1\\bin\\unwrapped\\win64.o\\cs_server.exe",
            "creation_time_100ns": 134282250831621770
          },
          {
            "pid": 40940,
            "parent_pid": 32748,
            "parent_active_globally": false,
            "image_path": "C:\\Windows\\System32\\conhost.exe",
            "creation_time_100ns": 134282250823956903
          },
          {
            "pid": 41648,
            "parent_pid": 4844,
            "parent_active_globally": false,
            "image_path": "D:\\Xilinx\\Vivado\\2023.1\\bin\\unwrapped\\win64.o\\cs_server.exe",
            "creation_time_100ns": 134282250830735472
          }
        ]
      },
      {
        "classification": "EMPTY",
        "elapsed_seconds": 20.64864,
        "processes": []
      }
    ],
    "expected_tool_daemon_topology_revalidation_count": 190,
    "expected_tool_daemon_topology_monotonic": true,
    "expected_tool_daemon_topology_sample_elapsed_seconds": [
      4.4e-05,
      0.005956,
      0.11453,
      0.223738,
      0.332274,
      0.43919,
      0.547945,
      0.658561,
      0.769357,
      0.877473,
      0.986168,
      1.095543,
      1.204726,
      1.313001,
      1.421804,
      1.5304,
      1.638967,
      1.747603,
      1.857101,
      1.966357,
      2.07369,
      2.184274,
      2.293172,
      2.402034,
      2.510887,
      2.618877,
      2.727847,
      2.83532,
      2.943998,
      3.052098,
      3.160495,
      3.269001,
      3.377346,
      3.484313,
      3.59329,
      3.702217,
      3.811438,
      3.91909,
      4.027842,
      4.136181,
      4.244812,
      4.353817,
      4.462307,
      4.570363,
      4.67901,
      4.78579,
      4.894289,
      5.002928,
      5.11172,
      5.219225,
      5.328803,
      5.435682,
      5.544109,
      5.652872,
      5.761014,
      5.869711,
      5.978442,
      6.08711,
      6.196394,
      6.305072,
      6.412874,
      6.521278,
      6.628911,
      6.73755,
      6.844744,
      6.953299,
      7.061854,
      7.169742,
      7.27818,
      7.386218,
      7.494656,
      7.603211,
      7.711983,
      7.820597,
      7.928822,
      8.037903,
      8.144974,
      8.253166,
      8.361217,
      8.469649,
      8.576561,
      8.685048,
      8.794023,
      8.902972,
      9.011938,
      9.120498,
      9.227911,
      9.335817,
      9.444002,
      9.552465,
      9.659731,
      9.767848,
      9.875831,
      9.98396,
      10.092677,
      10.201365,
      10.308946,
      10.419366,
      10.531432,
      10.638941,
      10.747767,
      10.855839,
      10.96265,
      11.069777,
      11.178874,
      11.287472,
      11.393778,
      11.502755,
      11.610738,
      11.718582,
      11.827069,
      11.935989,
      12.043856,
      12.152175,
      12.260859,
      12.369577,
      12.478066,
      12.585655,
      12.693322,
      12.802622,
      12.910977,
      13.018587,
      13.127301,
      13.235572,
      13.342432,
      13.45191,
      13.559664,
      13.666678,
      13.775739,
      13.883913,
      13.992149,
      14.100445,
      14.209084,
      14.317787,
      14.42621,
      14.534994,
      14.643191,
      14.751442,
      14.860222,
      14.968371,
      15.075287,
      15.183756,
      15.292711,
      15.40159,
      15.50894,
      15.617415,
      15.725449,
      15.833928,
      15.942457,
      16.050309,
      16.159232,
      16.267578,
      16.374792,
      16.483077,
      16.591863,
      16.700085,
      16.808493,
      16.916904,
      17.025544,
      17.134414,
      17.24269,
      17.351218,
      17.460286,
      17.569388,
      17.676969,
      17.785147,
      17.893195,
      18.000022,
      18.108177,
      18.216339,
      18.324458,
      18.430685,
      18.539414,
      18.64809,
      18.756219,
      18.864709,
      18.973002,
      19.081403,
      19.189426,
      19.29817,
      19.406543,
      19.573015,
      19.681049,
      19.787618,
      19.894917,
      20.002605,
      20.110364,
      20.21706,
      20.325504,
      20.433833,
      20.542104,
      20.64864
    ],
    "expected_tool_daemon_topology_max_sample_gap_seconds": 0.166472,
    "expected_tool_daemon_grace_elapsed_seconds": 20.648653,
    "expected_tool_daemon_hashes_verified": true,
    "expected_tool_daemon_sha256_by_role": {
      "cs_server": "9bf0e15ffe162a96679c14b8117cf8ebe8a47b8032bee4ab8cb0317c112df536",
      "rdi_xsdb": "3193d8c4e7115e82e5b4ea6c2eb1aa8a7566bd5a9f9c78e9d901b9eab9d4ebfc",
      "cmd": "75320a519959cc6d089ea3eba33c38caccb7f138a025ea439bc9686cdb79ded4",
      "conhost": "a93cbb36b9c02364be6a72817174c46f94b66715549f279c6592ed659d237911"
    },
    "expected_tool_daemon_hash_error": "",
    "expected_tool_daemon_prelaunch_hashes_verified": true,
    "expected_tool_daemon_prelaunch_sha256_by_role": {
      "cs_server": "9bf0e15ffe162a96679c14b8117cf8ebe8a47b8032bee4ab8cb0317c112df536",
      "rdi_xsdb": "3193d8c4e7115e82e5b4ea6c2eb1aa8a7566bd5a9f9c78e9d901b9eab9d4ebfc",
      "cmd": "75320a519959cc6d089ea3eba33c38caccb7f138a025ea439bc9686cdb79ded4",
      "conhost": "a93cbb36b9c02364be6a72817174c46f94b66715549f279c6592ed659d237911"
    },
    "expected_tool_daemon_prelaunch_hash_error": "",
    "expected_tool_daemon_postexit_hashes_verified": true,
    "expected_tool_daemon_postexit_sha256_by_role": {
      "cs_server": "9bf0e15ffe162a96679c14b8117cf8ebe8a47b8032bee4ab8cb0317c112df536",
      "rdi_xsdb": "3193d8c4e7115e82e5b4ea6c2eb1aa8a7566bd5a9f9c78e9d901b9eab9d4ebfc",
      "cmd": "75320a519959cc6d089ea3eba33c38caccb7f138a025ea439bc9686cdb79ded4",
      "conhost": "a93cbb36b9c02364be6a72817174c46f94b66715549f279c6592ed659d237911"
    },
    "expected_tool_daemon_postexit_hash_error": "",
    "expected_tool_daemon_topology_error": "",
    "expected_tool_daemon_topology_terminal_empty": true,
    "process_identity_query_retry_count": 1,
    "process_exit_race_recheck_count": 2,
    "containment_cleanup_attempted": false,
    "containment_cleanup_terminated": false,
    "process_exit_race_rechecked": true,
    "process_identity_query_retried": true,
    "containment_query_error": "",
    "launch_error": ""
  },
  "preflight_result_file": "C:\\Users\\user\\Documents\\RF_COMM_MULTILANE\\evidence\\hardware\\p7\\authorized_sequence\\p7_20260711_stationary_app_r6\\027_p7_fragment_boundary_216_rr\\p7_preflight_result.txt",
  "preflight_failures": [],
  "target_identity": {
    "P7_HW_PREFLIGHT_AUTHORIZED": "1",
    "P7_HW_PREFLIGHT_READ_ONLY": "1",
    "P7_HW_PREFLIGHT_BOARD_ID": "210512180081",
    "P7_HW_PREFLIGHT_TARGET": "localhost:3121/xilinx_tcf/Digilent/210512180081",
    "P7_HW_PREFLIGHT_DEVICE": "xc7z010_1",
    "P7_HW_PREFLIGHT_PART": "xc7z010clg400-1",
    "P7_HW_PREFLIGHT_IDCODE": "00010011011100100010000010010011",
    "P7_HW_PREFLIGHT_CANONICAL_PART": "xc7z010clg400-1",
    "P7_HW_PREFLIGHT_LIVE_PART": "xc7z010",
    "P7_HW_PREFLIGHT_LIVE_DEVICE": "xc7z010_1",
    "P7_HW_PREFLIGHT_LIVE_IDCODE": "00010011011100100010000010010011",
    "P7_HW_PREFLIGHT_RESULT": "PASS"
  },
  "shutdown_before": {
    "name": "shutdown_before",
    "returncode": 0,
    "stdout_path": "C:\\Users\\user\\Documents\\RF_COMM_MULTILANE\\evidence\\hardware\\p7\\authorized_sequence\\p7_20260711_stationary_app_r6\\027_p7_fragment_boundary_216_rr\\p7_shutdown_before.stdout.log",
    "stderr_path": "C:\\Users\\user\\Documents\\RF_COMM_MULTILANE\\evidence\\hardware\\p7\\authorized_sequence\\p7_20260711_stationary_app_r6\\027_p7_fragment_boundary_216_rr\\p7_shutdown_before.stderr.log",
    "elapsed_seconds": 48.412191,
    "argv": [
      "D:\\Xilinx\\Vivado\\2023.1\\bin\\vivado.bat",
      "-mode",
      "batch",
      "-source",
      "C:\\Users\\user\\Documents\\RF_COMM_MULTILANE\\scripts\\hw\\p7_jtag_axi_transactions.tcl",
      "-tclargs",
      "C:\\Users\\user\\Documents\\RF_COMM_MULTILANE",
      "SHUTDOWN",
      "C:\\Users\\user\\Documents\\RF_COMM_MULTILANE\\.hardware_authorization\\p7_20260711_stationary_app_r6_027_p7_fragment_boundary_216_rr.txt",
      "210512180081",
      "xc7z010clg400-1",
      "localhost:3121/xilinx_tcf/Digilent/210512180081",
      "localhost:3121",
      "1000000",
      "C:\\Users\\user\\Documents\\RF_COMM_MULTILANE\\shutdown_bitstream\\tfdu_shutdown_j10_j11.bit",
      "-",
      "-",
      "C:\\Users\\user\\Documents\\RF_COMM_MULTILANE\\evidence\\hardware\\p7\\authorized_sequence\\p7_20260711_stationary_app_r6\\027_p7_fragment_boundary_216_rr\\p7_shutdown_before_result.txt",
      "0x43c00000",
      "1100000",
      "134217728",
      "550",
      "C:\\Users\\user\\Documents\\RF_COMM_MULTILANE\\shutdown_bitstream\\tfdu_shutdown_j10_j11.bit"
    ],
    "started_at_utc": "2026-07-11T06:31:45.719429+00:00",
    "ended_at_utc": "2026-07-11T06:32:34.131626+00:00",
    "timed_out": false,
    "abort_seen": false,
    "interrupted": false,
    "process_tree_terminated": false,
    "process_tree_reaped": true,
    "containment_kind": "WINDOWS_JOB_OBJECT_KILL_ON_CLOSE",
    "containment_assigned": true,
    "containment_closed": true,
    "descendant_count_after": 0,
    "expected_tool_daemon_grace_used": true,
    "expected_tool_daemon_grace_seconds": 30.0,
    "expected_tool_daemon_paths": [
      "D:\\Xilinx\\Vivado\\2023.1\\bin\\unwrapped\\win64.o\\cs_server.exe",
      "D:\\Xilinx\\Vivado\\2023.1\\bin\\unwrapped\\win64.o\\rdi_xsdb.exe",
      "C:\\Windows\\System32\\cmd.exe",
      "C:\\Windows\\System32\\conhost.exe"
    ],
    "descendant_paths_seen": [
      "D:\\Xilinx\\Vivado\\2023.1\\bin\\unwrapped\\win64.o\\cs_server.exe",
      "C:\\Windows\\System32\\conhost.exe",
      "D:\\Xilinx\\Vivado\\2023.1\\bin\\unwrapped\\win64.o\\cs_server.exe",
      "C:\\Windows\\System32\\conhost.exe",
      "C:\\Windows\\System32\\cmd.exe",
      "D:\\Xilinx\\Vivado\\2023.1\\bin\\unwrapped\\win64.o\\rdi_xsdb.exe"
    ],
    "descendant_processes_seen": [
      {
        "pid": 2276,
        "parent_pid": 5252,
        "parent_active_globally": false,
        "image_path": "D:\\Xilinx\\Vivado\\2023.1\\bin\\unwrapped\\win64.o\\cs_server.exe",
        "creation_time_100ns": 134282251144322824
      },
      {
        "pid": 29096,
        "parent_pid": 29444,
        "parent_active_globally": false,
        "image_path": "C:\\Windows\\System32\\conhost.exe",
        "creation_time_100ns": 134282251137442851
      },
      {
        "pid": 34676,
        "parent_pid": 2276,
        "parent_active_globally": true,
        "image_path": "D:\\Xilinx\\Vivado\\2023.1\\bin\\unwrapped\\win64.o\\cs_server.exe",
        "creation_time_100ns": 134282251145301715
      },
      {
        "pid": 44252,
        "parent_pid": 46272,
        "parent_active_globally": true,
        "image_path": "C:\\Windows\\System32\\conhost.exe",
        "creation_time_100ns": 134282251149325138
      },
      {
        "pid": 46272,
        "parent_pid": 632,
        "parent_active_globally": false,
        "image_path": "C:\\Windows\\System32\\cmd.exe",
        "creation_time_100ns": 134282251149267340
      },
      {
        "pid": 48860,
        "parent_pid": 46272,
        "parent_active_globally": true,
        "image_path": "D:\\Xilinx\\Vivado\\2023.1\\bin\\unwrapped\\win64.o\\rdi_xsdb.exe",
        "creation_time_100ns": 134282251152576691
      }
    ],
    "expected_tool_daemon_classification": "EXACT_R2_VIVADO_EXIT_HELPER_FOREST",
    "expected_tool_daemon_topology_snapshots": [
      {
        "classification": "EXACT_R2_VIVADO_EXIT_HELPER_FOREST",
        "elapsed_seconds": 0.007065,
        "processes": [
          {
            "pid": 2276,
            "parent_pid": 5252,
            "parent_active_globally": false,
            "image_path": "D:\\Xilinx\\Vivado\\2023.1\\bin\\unwrapped\\win64.o\\cs_server.exe",
            "creation_time_100ns": 134282251144322824
          },
          {
            "pid": 29096,
            "parent_pid": 29444,
            "parent_active_globally": false,
            "image_path": "C:\\Windows\\System32\\conhost.exe",
            "creation_time_100ns": 134282251137442851
          },
          {
            "pid": 34676,
            "parent_pid": 2276,
            "parent_active_globally": true,
            "image_path": "D:\\Xilinx\\Vivado\\2023.1\\bin\\unwrapped\\win64.o\\cs_server.exe",
            "creation_time_100ns": 134282251145301715
          },
          {
            "pid": 44252,
            "parent_pid": 46272,
            "parent_active_globally": true,
            "image_path": "C:\\Windows\\System32\\conhost.exe",
            "creation_time_100ns": 134282251149325138
          },
          {
            "pid": 46272,
            "parent_pid": 632,
            "parent_active_globally": false,
            "image_path": "C:\\Windows\\System32\\cmd.exe",
            "creation_time_100ns": 134282251149267340
          },
          {
            "pid": 48860,
            "parent_pid": 46272,
            "parent_active_globally": true,
            "image_path": "D:\\Xilinx\\Vivado\\2023.1\\bin\\unwrapped\\win64.o\\rdi_xsdb.exe",
            "creation_time_100ns": 134282251152576691
          }
        ]
      },
      {
        "classification": "STRICT_SHRINK_SUBSET_OF_EXACT_R2_VIVADO_EXIT_HELPER_FOREST",
        "elapsed_seconds": 20.039738,
        "processes": [
          {
            "pid": 2276,
            "parent_pid": 5252,
            "parent_active_globally": false,
            "image_path": "D:\\Xilinx\\Vivado\\2023.1\\bin\\unwrapped\\win64.o\\cs_server.exe",
            "creation_time_100ns": 134282251144322824
          },
          {
            "pid": 29096,
            "parent_pid": 29444,
            "parent_active_globally": false,
            "image_path": "C:\\Windows\\System32\\conhost.exe",
            "creation_time_100ns": 134282251137442851
          },
          {
            "pid": 34676,
            "parent_pid": 2276,
            "parent_active_globally": true,
            "image_path": "D:\\Xilinx\\Vivado\\2023.1\\bin\\unwrapped\\win64.o\\cs_server.exe",
            "creation_time_100ns": 134282251145301715
          }
        ]
      },
      {
        "classification": "EMPTY",
        "elapsed_seconds": 20.090441,
        "processes": []
      }
    ],
    "expected_tool_daemon_topology_revalidation_count": 186,
    "expected_tool_daemon_topology_monotonic": true,
    "expected_tool_daemon_topology_sample_elapsed_seconds": [
      4.1e-05,
      0.007065,
      0.116455,
      0.225323,
      0.33417,
      0.441807,
      0.548948,
      0.659191,
      0.767762,
      0.876302,
      0.985282,
      1.092366,
      1.200682,
      1.309213,
      1.417287,
      1.527268,
      1.633953,
      1.74255,
      1.850585,
      1.958232,
      2.065829,
      2.17434,
      2.282697,
      2.391774,
      2.500195,
      2.608001,
      2.716291,
      2.82319,
      2.929453,
      3.037746,
      3.145529,
      3.253222,
      3.361753,
      3.470292,
      3.578242,
      3.686322,
      3.793397,
      3.902056,
      4.010146,
      4.118229,
      4.226314,
      4.334822,
      4.443737,
      4.554395,
      4.663134,
      4.77025,
      4.877902,
      4.985549,
      5.094327,
      5.202509,
      5.310192,
      5.417219,
      5.526198,
      5.635555,
      5.742256,
      5.850119,
      5.958173,
      6.067127,
      6.175669,
      6.285945,
      6.395134,
      6.50381,
      6.61252,
      6.720546,
      6.828318,
      6.936551,
      7.043751,
      7.152659,
      7.259277,
      7.365795,
      7.474183,
      7.582668,
      7.691194,
      7.800101,
      7.909504,
      8.017434,
      8.125694,
      8.234354,
      8.343187,
      8.451733,
      8.560359,
      8.667345,
      8.775728,
      8.883415,
      8.991803,
      9.100466,
      9.208444,
      9.316815,
      9.425542,
      9.533965,
      9.642103,
      9.750838,
      9.859194,
      9.967253,
      10.075666,
      10.183978,
      10.291043,
      10.400147,
      10.508773,
      10.61657,
      10.724999,
      10.83233,
      10.939845,
      11.048894,
      11.157677,
      11.266455,
      11.374399,
      11.482384,
      11.590433,
      11.698825,
      11.806642,
      11.914525,
      12.022411,
      12.130792,
      12.238005,
      12.346884,
      12.455313,
      12.563263,
      12.671863,
      12.780251,
      12.887243,
      12.996143,
      13.104233,
      13.21214,
      13.320513,
      13.429223,
      13.537923,
      13.645808,
      13.752415,
      13.860648,
      13.968688,
      14.077572,
      14.184231,
      14.292743,
      14.400702,
      14.509432,
      14.618078,
      14.726392,
      14.833991,
      14.942307,
      15.048887,
      15.157665,
      15.265892,
      15.374247,
      15.48319,
      15.591496,
      15.700098,
      15.808433,
      15.916948,
      16.025695,
      16.13453,
      16.242027,
      16.350321,
      16.456875,
      16.565966,
      16.673609,
      16.782794,
      16.892244,
      17.001582,
      17.109711,
      17.218384,
      17.326685,
      17.435146,
      17.543364,
      17.652494,
      17.761061,
      17.870419,
      17.978965,
      18.087508,
      18.193759,
      18.30194,
      18.41026,
      18.520178,
      18.627127,
      18.73573,
      18.84351,
      18.951389,
      19.060446,
      19.169831,
      19.278802,
      19.388666,
      19.496361,
      19.607821,
      19.716611,
      19.824335,
      19.9313,
      20.039738,
      20.090441
    ],
    "expected_tool_daemon_topology_max_sample_gap_seconds": 0.11146,
    "expected_tool_daemon_grace_elapsed_seconds": 20.090461,
    "expected_tool_daemon_hashes_verified": true,
    "expected_tool_daemon_sha256_by_role": {
      "cs_server": "9bf0e15ffe162a96679c14b8117cf8ebe8a47b8032bee4ab8cb0317c112df536",
      "rdi_xsdb": "3193d8c4e7115e82e5b4ea6c2eb1aa8a7566bd5a9f9c78e9d901b9eab9d4ebfc",
      "cmd": "75320a519959cc6d089ea3eba33c38caccb7f138a025ea439bc9686cdb79ded4",
      "conhost": "a93cbb36b9c02364be6a72817174c46f94b66715549f279c6592ed659d237911"
    },
    "expected_tool_daemon_hash_error": "",
    "expected_tool_daemon_prelaunch_hashes_verified": true,
    "expected_tool_daemon_prelaunch_sha256_by_role": {
      "cs_server": "9bf0e15ffe162a96679c14b8117cf8ebe8a47b8032bee4ab8cb0317c112df536",
      "rdi_xsdb": "3193d8c4e7115e82e5b4ea6c2eb1aa8a7566bd5a9f9c78e9d901b9eab9d4ebfc",
      "cmd": "75320a519959cc6d089ea3eba33c38caccb7f138a025ea439bc9686cdb79ded4",
      "conhost": "a93cbb36b9c02364be6a72817174c46f94b66715549f279c6592ed659d237911"
    },
    "expected_tool_daemon_prelaunch_hash_error": "",
    "expected_tool_daemon_postexit_hashes_verified": true,
    "expected_tool_daemon_postexit_sha256_by_role": {
      "cs_server": "9bf0e15ffe162a96679c14b8117cf8ebe8a47b8032bee4ab8cb0317c112df536",
      "rdi_xsdb": "3193d8c4e7115e82e5b4ea6c2eb1aa8a7566bd5a9f9c78e9d901b9eab9d4ebfc",
      "cmd": "75320a519959cc6d089ea3eba33c38caccb7f138a025ea439bc9686cdb79ded4",
      "conhost": "a93cbb36b9c02364be6a72817174c46f94b66715549f279c6592ed659d237911"
    },
    "expected_tool_daemon_postexit_hash_error": "",
    "expected_tool_daemon_topology_error": "",
    "expected_tool_daemon_topology_terminal_empty": true,
    "process_identity_query_retry_count": 0,
    "process_exit_race_recheck_count": 0,
    "containment_cleanup_attempted": false,
    "containment_cleanup_terminated": false,
    "process_exit_race_rechecked": false,
    "process_identity_query_retried": false,
    "containment_query_error": "",
    "launch_error": "",
    "attempted": true,
    "programming_attempted": true,
    "result_file": "C:\\Users\\user\\Documents\\RF_COMM_MULTILANE\\evidence\\hardware\\p7\\authorized_sequence\\p7_20260711_stationary_app_r6\\027_p7_fragment_boundary_216_rr\\p7_shutdown_before_result.txt",
    "passed": true,
    "failures": []
  },
  "shutdown_after": {
    "name": "shutdown_after",
    "returncode": 0,
    "stdout_path": "C:\\Users\\user\\Documents\\RF_COMM_MULTILANE\\evidence\\hardware\\p7\\authorized_sequence\\p7_20260711_stationary_app_r6\\027_p7_fragment_boundary_216_rr\\p7_shutdown_after.stdout.log",
    "stderr_path": "C:\\Users\\user\\Documents\\RF_COMM_MULTILANE\\evidence\\hardware\\p7\\authorized_sequence\\p7_20260711_stationary_app_r6\\027_p7_fragment_boundary_216_rr\\p7_shutdown_after.stderr.log",
    "elapsed_seconds": 48.642864,
    "argv": [
      "D:\\Xilinx\\Vivado\\2023.1\\bin\\vivado.bat",
      "-mode",
      "batch",
      "-source",
      "C:\\Users\\user\\Documents\\RF_COMM_MULTILANE\\scripts\\hw\\p7_jtag_axi_transactions.tcl",
      "-tclargs",
      "C:\\Users\\user\\Documents\\RF_COMM_MULTILANE",
      "SHUTDOWN",
      "C:\\Users\\user\\Documents\\RF_COMM_MULTILANE\\.hardware_authorization\\p7_20260711_stationary_app_r6_027_p7_fragment_boundary_216_rr.txt",
      "210512180081",
      "xc7z010clg400-1",
      "localhost:3121/xilinx_tcf/Digilent/210512180081",
      "localhost:3121",
      "1000000",
      "C:\\Users\\user\\Documents\\RF_COMM_MULTILANE\\shutdown_bitstream\\tfdu_shutdown_j10_j11.bit",
      "-",
      "-",
      "C:\\Users\\user\\Documents\\RF_COMM_MULTILANE\\evidence\\hardware\\p7\\authorized_sequence\\p7_20260711_stationary_app_r6\\027_p7_fragment_boundary_216_rr\\p7_shutdown_after_result.txt",
      "0x43c00000",
      "1100000",
      "134217728",
      "550",
      "C:\\Users\\user\\Documents\\RF_COMM_MULTILANE\\shutdown_bitstream\\tfdu_shutdown_j10_j11.bit"
    ],
    "started_at_utc": "2026-07-11T06:33:25.660002+00:00",
    "ended_at_utc": "2026-07-11T06:34:14.302872+00:00",
    "timed_out": false,
    "abort_seen": false,
    "interrupted": false,
    "process_tree_terminated": false,
    "process_tree_reaped": true,
    "containment_kind": "WINDOWS_JOB_OBJECT_KILL_ON_CLOSE",
    "containment_assigned": true,
    "containment_closed": true,
    "descendant_count_after": 0,
    "expected_tool_daemon_grace_used": true,
    "expected_tool_daemon_grace_seconds": 30.0,
    "expected_tool_daemon_paths": [
      "D:\\Xilinx\\Vivado\\2023.1\\bin\\unwrapped\\win64.o\\cs_server.exe",
      "D:\\Xilinx\\Vivado\\2023.1\\bin\\unwrapped\\win64.o\\rdi_xsdb.exe",
      "C:\\Windows\\System32\\cmd.exe",
      "C:\\Windows\\System32\\conhost.exe"
    ],
    "descendant_paths_seen": [
      "C:\\Windows\\System32\\conhost.exe",
      "D:\\Xilinx\\Vivado\\2023.1\\bin\\unwrapped\\win64.o\\rdi_xsdb.exe",
      "C:\\Windows\\System32\\cmd.exe",
      "D:\\Xilinx\\Vivado\\2023.1\\bin\\unwrapped\\win64.o\\cs_server.exe",
      "D:\\Xilinx\\Vivado\\2023.1\\bin\\unwrapped\\win64.o\\cs_server.exe",
      "C:\\Windows\\System32\\conhost.exe"
    ],
    "descendant_processes_seen": [
      {
        "pid": 16052,
        "parent_pid": 20916,
        "parent_active_globally": false,
        "image_path": "C:\\Windows\\System32\\conhost.exe",
        "creation_time_100ns": 134282252138340262
      },
      {
        "pid": 19340,
        "parent_pid": 27136,
        "parent_active_globally": true,
        "image_path": "D:\\Xilinx\\Vivado\\2023.1\\bin\\unwrapped\\win64.o\\rdi_xsdb.exe",
        "creation_time_100ns": 134282252153803275
      },
      {
        "pid": 27136,
        "parent_pid": 3648,
        "parent_active_globally": false,
        "image_path": "C:\\Windows\\System32\\cmd.exe",
        "creation_time_100ns": 134282252150554151
      },
      {
        "pid": 34080,
        "parent_pid": 37544,
        "parent_active_globally": true,
        "image_path": "D:\\Xilinx\\Vivado\\2023.1\\bin\\unwrapped\\win64.o\\cs_server.exe",
        "creation_time_100ns": 134282252146448377
      },
      {
        "pid": 37544,
        "parent_pid": 27196,
        "parent_active_globally": false,
        "image_path": "D:\\Xilinx\\Vivado\\2023.1\\bin\\unwrapped\\win64.o\\cs_server.exe",
        "creation_time_100ns": 134282252145379560
      },
      {
        "pid": 39952,
        "parent_pid": 27136,
        "parent_active_globally": true,
        "image_path": "C:\\Windows\\System32\\conhost.exe",
        "creation_time_100ns": 134282252150615431
      }
    ],
    "expected_tool_daemon_classification": "EXACT_R2_VIVADO_EXIT_HELPER_FOREST",
    "expected_tool_daemon_topology_snapshots": [
      {
        "classification": "EXACT_R2_VIVADO_EXIT_HELPER_FOREST",
        "elapsed_seconds": 0.007213,
        "processes": [
          {
            "pid": 16052,
            "parent_pid": 20916,
            "parent_active_globally": false,
            "image_path": "C:\\Windows\\System32\\conhost.exe",
            "creation_time_100ns": 134282252138340262
          },
          {
            "pid": 19340,
            "parent_pid": 27136,
            "parent_active_globally": true,
            "image_path": "D:\\Xilinx\\Vivado\\2023.1\\bin\\unwrapped\\win64.o\\rdi_xsdb.exe",
            "creation_time_100ns": 134282252153803275
          },
          {
            "pid": 27136,
            "parent_pid": 3648,
            "parent_active_globally": false,
            "image_path": "C:\\Windows\\System32\\cmd.exe",
            "creation_time_100ns": 134282252150554151
          },
          {
            "pid": 34080,
            "parent_pid": 37544,
            "parent_active_globally": true,
            "image_path": "D:\\Xilinx\\Vivado\\2023.1\\bin\\unwrapped\\win64.o\\cs_server.exe",
            "creation_time_100ns": 134282252146448377
          },
          {
            "pid": 37544,
            "parent_pid": 27196,
            "parent_active_globally": false,
            "image_path": "D:\\Xilinx\\Vivado\\2023.1\\bin\\unwrapped\\win64.o\\cs_server.exe",
            "creation_time_100ns": 134282252145379560
          },
          {
            "pid": 39952,
            "parent_pid": 27136,
            "parent_active_globally": true,
            "image_path": "C:\\Windows\\System32\\conhost.exe",
            "creation_time_100ns": 134282252150615431
          }
        ]
      },
      {
        "classification": "STRICT_SHRINK_SUBSET_OF_EXACT_R2_VIVADO_EXIT_HELPER_FOREST",
        "elapsed_seconds": 19.185895,
        "processes": [
          {
            "pid": 16052,
            "parent_pid": 20916,
            "parent_active_globally": false,
            "image_path": "C:\\Windows\\System32\\conhost.exe",
            "creation_time_100ns": 134282252138340262
          },
          {
            "pid": 34080,
            "parent_pid": 37544,
            "parent_active_globally": true,
            "image_path": "D:\\Xilinx\\Vivado\\2023.1\\bin\\unwrapped\\win64.o\\cs_server.exe",
            "creation_time_100ns": 134282252146448377
          },
          {
            "pid": 37544,
            "parent_pid": 27196,
            "parent_active_globally": false,
            "image_path": "D:\\Xilinx\\Vivado\\2023.1\\bin\\unwrapped\\win64.o\\cs_server.exe",
            "creation_time_100ns": 134282252145379560
          }
        ]
      },
      {
        "classification": "EMPTY",
        "elapsed_seconds": 20.316837,
        "processes": []
      }
    ],
    "expected_tool_daemon_topology_revalidation_count": 185,
    "expected_tool_daemon_topology_monotonic": true,
    "expected_tool_daemon_topology_sample_elapsed_seconds": [
      4.1e-05,
      0.007213,
      0.116035,
      0.22322,
      0.330449,
      0.4393,
      0.548745,
      0.670384,
      0.78715,
      0.898223,
      1.008186,
      1.117207,
      1.225788,
      1.334554,
      1.441554,
      1.550112,
      1.658565,
      1.767238,
      1.876258,
      1.985115,
      2.093564,
      2.202113,
      2.311293,
      2.419329,
      2.52858,
      2.637047,
      2.746389,
      2.854361,
      2.964286,
      3.084331,
      3.194553,
      3.303807,
      3.412978,
      3.519674,
      3.62901,
      3.737996,
      3.844737,
      3.952253,
      4.06106,
      4.168637,
      4.276983,
      4.386466,
      4.495746,
      4.603279,
      4.711877,
      4.820742,
      4.929669,
      5.038986,
      5.147764,
      5.256805,
      5.366281,
      5.474995,
      5.583629,
      5.692479,
      5.819916,
      5.935039,
      6.043604,
      6.153256,
      6.262112,
      6.371614,
      6.478795,
      6.587898,
      6.696717,
      6.805255,
      6.91249,
      7.021231,
      7.129673,
      7.238531,
      7.347789,
      7.456531,
      7.565519,
      7.673332,
      7.782196,
      7.891253,
      8.000986,
      8.110263,
      8.21882,
      8.327188,
      8.435732,
      8.548487,
      8.660793,
      8.769119,
      8.877706,
      8.986316,
      9.093857,
      9.201523,
      9.310167,
      9.419501,
      9.52827,
      9.636996,
      9.745221,
      9.853751,
      9.962058,
      10.069776,
      10.178054,
      10.286723,
      10.395121,
      10.503972,
      10.612747,
      10.721366,
      10.827795,
      10.936147,
      11.044274,
      11.151809,
      11.2633,
      11.377797,
      11.486369,
      11.594881,
      11.703773,
      11.81232,
      11.928867,
      12.045147,
      12.158786,
      12.271736,
      12.382029,
      12.490898,
      12.598235,
      12.705078,
      12.81384,
      12.920878,
      13.030006,
      13.137111,
      13.24629,
      13.354753,
      13.464861,
      13.573723,
      13.682837,
      13.792911,
      13.911224,
      14.01944,
      14.126751,
      14.23573,
      14.34501,
      14.453749,
      14.562405,
      14.671726,
      14.7805,
      14.887275,
      14.99655,
      15.105667,
      15.214962,
      15.324143,
      15.432659,
      15.541773,
      15.650654,
      15.760216,
      15.868551,
      15.976971,
      16.085213,
      16.197103,
      16.305253,
      16.414793,
      16.523771,
      16.63149,
      16.740378,
      16.849543,
      16.958127,
      17.066407,
      17.175453,
      17.283873,
      17.391521,
      17.500831,
      17.609676,
      17.718363,
      17.824833,
      17.937972,
      18.046905,
      18.153655,
      18.262249,
      18.371219,
      18.477675,
      18.586552,
      18.695813,
      18.804106,
      18.911558,
      19.020156,
      19.185895,
      19.292346,
      19.401149,
      19.50975,
      19.617281,
      19.726137,
      19.834197,
      19.942581,
      20.04958,
      20.157768,
      20.316837
    ],
    "expected_tool_daemon_topology_max_sample_gap_seconds": 0.165739,
    "expected_tool_daemon_grace_elapsed_seconds": 20.316859,
    "expected_tool_daemon_hashes_verified": true,
    "expected_tool_daemon_sha256_by_role": {
      "cs_server": "9bf0e15ffe162a96679c14b8117cf8ebe8a47b8032bee4ab8cb0317c112df536",
      "rdi_xsdb": "3193d8c4e7115e82e5b4ea6c2eb1aa8a7566bd5a9f9c78e9d901b9eab9d4ebfc",
      "cmd": "75320a519959cc6d089ea3eba33c38caccb7f138a025ea439bc9686cdb79ded4",
      "conhost": "a93cbb36b9c02364be6a72817174c46f94b66715549f279c6592ed659d237911"
    },
    "expected_tool_daemon_hash_error": "",
    "expected_tool_daemon_prelaunch_hashes_verified": true,
    "expected_tool_daemon_prelaunch_sha256_by_role": {
      "cs_server": "9bf0e15ffe162a96679c14b8117cf8ebe8a47b8032bee4ab8cb0317c112df536",
      "rdi_xsdb": "3193d8c4e7115e82e5b4ea6c2eb1aa8a7566bd5a9f9c78e9d901b9eab9d4ebfc",
      "cmd": "75320a519959cc6d089ea3eba33c38caccb7f138a025ea439bc9686cdb79ded4",
      "conhost": "a93cbb36b9c02364be6a72817174c46f94b66715549f279c6592ed659d237911"
    },
    "expected_tool_daemon_prelaunch_hash_error": "",
    "expected_tool_daemon_postexit_hashes_verified": true,
    "expected_tool_daemon_postexit_sha256_by_role": {
      "cs_server": "9bf0e15ffe162a96679c14b8117cf8ebe8a47b8032bee4ab8cb0317c112df536",
      "rdi_xsdb": "3193d8c4e7115e82e5b4ea6c2eb1aa8a7566bd5a9f9c78e9d901b9eab9d4ebfc",
      "cmd": "75320a519959cc6d089ea3eba33c38caccb7f138a025ea439bc9686cdb79ded4",
      "conhost": "a93cbb36b9c02364be6a72817174c46f94b66715549f279c6592ed659d237911"
    },
    "expected_tool_daemon_postexit_hash_error": "",
    "expected_tool_daemon_topology_error": "",
    "expected_tool_daemon_topology_terminal_empty": true,
    "process_identity_query_retry_count": 1,
    "process_exit_race_recheck_count": 2,
    "containment_cleanup_attempted": false,
    "containment_cleanup_terminated": false,
    "process_exit_race_rechecked": true,
    "process_identity_query_retried": true,
    "containment_query_error": "",
    "launch_error": "",
    "passed": true,
    "failures": [],
    "attempted": true,
    "programming_attempted": true,
    "result_file": "C:\\Users\\user\\Documents\\RF_COMM_MULTILANE\\evidence\\hardware\\p7\\authorized_sequence\\p7_20260711_stationary_app_r6\\027_p7_fragment_boundary_216_rr\\p7_shutdown_after_result.txt"
  },
  "tfdu_activity_semantics": "conservative_true_once_transmitting_candidate_command_is_launched",
  "stage_process": {
    "name": "jtag_axi_stage",
    "returncode": 0,
    "stdout_path": "C:\\Users\\user\\Documents\\RF_COMM_MULTILANE\\evidence\\hardware\\p7\\authorized_sequence\\p7_20260711_stationary_app_r6\\027_p7_fragment_boundary_216_rr\\p7_jtag_axi_stage.stdout.log",
    "stderr_path": "C:\\Users\\user\\Documents\\RF_COMM_MULTILANE\\evidence\\hardware\\p7\\authorized_sequence\\p7_20260711_stationary_app_r6\\027_p7_fragment_boundary_216_rr\\p7_jtag_axi_stage.stderr.log",
    "elapsed_seconds": 51.506542,
    "argv": [
      "D:\\Xilinx\\Vivado\\2023.1\\bin\\vivado.bat",
      "-mode",
      "batch",
      "-source",
      "C:\\Users\\user\\Documents\\RF_COMM_MULTILANE\\scripts\\hw\\p7_jtag_axi_transactions.tcl",
      "-tclargs",
      "C:\\Users\\user\\Documents\\RF_COMM_MULTILANE",
      "STAGE",
      "C:\\Users\\user\\Documents\\RF_COMM_MULTILANE\\.hardware_authorization\\p7_20260711_stationary_app_r6_027_p7_fragment_boundary_216_rr.txt",
      "210512180081",
      "xc7z010clg400-1",
      "localhost:3121/xilinx_tcf/Digilent/210512180081",
      "localhost:3121",
      "1000000",
      "C:\\Users\\user\\Documents\\RF_COMM_MULTILANE\\evidence\\hardware\\p6\\bitstreams\\p6_jtag_dynamic_transport_4830d547d6a667edda8deebae855c3a7154478e298efca70e2526e6f3570b23c.bit",
      "C:\\Users\\user\\Documents\\RF_COMM_MULTILANE\\evidence\\hardware\\p6\\bitstreams\\p6_jtag_dynamic_transport_76fe1ec47871946a7d357b0caa1f669500de827b796d6154dcc54678e0ac7083.ltx",
      "C:\\Users\\user\\Documents\\RF_COMM_MULTILANE\\build\\p7_authorized_sequence\\p7_20260711_stationary_app_r6\\transactions\\027_p7_fragment_boundary_216_rr.transactions.txt",
      "C:\\Users\\user\\Documents\\RF_COMM_MULTILANE\\evidence\\hardware\\p7\\authorized_sequence\\p7_20260711_stationary_app_r6\\027_p7_fragment_boundary_216_rr\\p7_jtag_axi_raw_result.txt",
      "0x43c00000",
      "1100000",
      "134217728",
      "550",
      "C:\\Users\\user\\Documents\\RF_COMM_MULTILANE\\shutdown_bitstream\\tfdu_shutdown_j10_j11.bit"
    ],
    "started_at_utc": "2026-07-11T06:32:34.139782+00:00",
    "ended_at_utc": "2026-07-11T06:33:25.646333+00:00",
    "timed_out": false,
    "abort_seen": false,
    "interrupted": false,
    "process_tree_terminated": false,
    "process_tree_reaped": true,
    "containment_kind": "WINDOWS_JOB_OBJECT_KILL_ON_CLOSE",
    "containment_assigned": true,
    "containment_closed": true,
    "descendant_count_after": 0,
    "expected_tool_daemon_grace_used": true,
    "expected_tool_daemon_grace_seconds": 30.0,
    "expected_tool_daemon_paths": [
      "D:\\Xilinx\\Vivado\\2023.1\\bin\\unwrapped\\win64.o\\cs_server.exe",
      "D:\\Xilinx\\Vivado\\2023.1\\bin\\unwrapped\\win64.o\\rdi_xsdb.exe",
      "C:\\Windows\\System32\\cmd.exe",
      "C:\\Windows\\System32\\conhost.exe"
    ],
    "descendant_paths_seen": [
      "C:\\Windows\\System32\\conhost.exe",
      "C:\\Windows\\System32\\conhost.exe",
      "D:\\Xilinx\\Vivado\\2023.1\\bin\\unwrapped\\win64.o\\cs_server.exe",
      "D:\\Xilinx\\Vivado\\2023.1\\bin\\unwrapped\\win64.o\\cs_server.exe",
      "C:\\Windows\\System32\\cmd.exe",
      "D:\\Xilinx\\Vivado\\2023.1\\bin\\unwrapped\\win64.o\\rdi_xsdb.exe"
    ],
    "descendant_processes_seen": [
      {
        "pid": 11908,
        "parent_pid": 18316,
        "parent_active_globally": false,
        "image_path": "C:\\Windows\\System32\\conhost.exe",
        "creation_time_100ns": 134282251620917572
      },
      {
        "pid": 22836,
        "parent_pid": 41764,
        "parent_active_globally": true,
        "image_path": "C:\\Windows\\System32\\conhost.exe",
        "creation_time_100ns": 134282251633570698
      },
      {
        "pid": 22848,
        "parent_pid": 27500,
        "parent_active_globally": false,
        "image_path": "D:\\Xilinx\\Vivado\\2023.1\\bin\\unwrapped\\win64.o\\cs_server.exe",
        "creation_time_100ns": 134282251628221058
      },
      {
        "pid": 27412,
        "parent_pid": 22848,
        "parent_active_globally": true,
        "image_path": "D:\\Xilinx\\Vivado\\2023.1\\bin\\unwrapped\\win64.o\\cs_server.exe",
        "creation_time_100ns": 134282251629144443
      },
      {
        "pid": 41764,
        "parent_pid": 42988,
        "parent_active_globally": false,
        "image_path": "C:\\Windows\\System32\\cmd.exe",
        "creation_time_100ns": 134282251633503993
      },
      {
        "pid": 45808,
        "parent_pid": 41764,
        "parent_active_globally": true,
        "image_path": "D:\\Xilinx\\Vivado\\2023.1\\bin\\unwrapped\\win64.o\\rdi_xsdb.exe",
        "creation_time_100ns": 134282251636707350
      }
    ],
    "expected_tool_daemon_classification": "EXACT_R2_VIVADO_EXIT_HELPER_FOREST",
    "expected_tool_daemon_topology_snapshots": [
      {
        "classification": "EXACT_R2_VIVADO_EXIT_HELPER_FOREST",
        "elapsed_seconds": 0.007134,
        "processes": [
          {
            "pid": 11908,
            "parent_pid": 18316,
            "parent_active_globally": false,
            "image_path": "C:\\Windows\\System32\\conhost.exe",
            "creation_time_100ns": 134282251620917572
          },
          {
            "pid": 22836,
            "parent_pid": 41764,
            "parent_active_globally": true,
            "image_path": "C:\\Windows\\System32\\conhost.exe",
            "creation_time_100ns": 134282251633570698
          },
          {
            "pid": 22848,
            "parent_pid": 27500,
            "parent_active_globally": false,
            "image_path": "D:\\Xilinx\\Vivado\\2023.1\\bin\\unwrapped\\win64.o\\cs_server.exe",
            "creation_time_100ns": 134282251628221058
          },
          {
            "pid": 27412,
            "parent_pid": 22848,
            "parent_active_globally": true,
            "image_path": "D:\\Xilinx\\Vivado\\2023.1\\bin\\unwrapped\\win64.o\\cs_server.exe",
            "creation_time_100ns": 134282251629144443
          },
          {
            "pid": 41764,
            "parent_pid": 42988,
            "parent_active_globally": false,
            "image_path": "C:\\Windows\\System32\\cmd.exe",
            "creation_time_100ns": 134282251633503993
          },
          {
            "pid": 45808,
            "parent_pid": 41764,
            "parent_active_globally": true,
            "image_path": "D:\\Xilinx\\Vivado\\2023.1\\bin\\unwrapped\\win64.o\\rdi_xsdb.exe",
            "creation_time_100ns": 134282251636707350
          }
        ]
      },
      {
        "classification": "STRICT_SHRINK_SUBSET_OF_EXACT_R2_VIVADO_EXIT_HELPER_FOREST",
        "elapsed_seconds": 19.865744,
        "processes": [
          {
            "pid": 11908,
            "parent_pid": 18316,
            "parent_active_globally": false,
            "image_path": "C:\\Windows\\System32\\conhost.exe",
            "creation_time_100ns": 134282251620917572
          },
          {
            "pid": 22848,
            "parent_pid": 27500,
            "parent_active_globally": false,
            "image_path": "D:\\Xilinx\\Vivado\\2023.1\\bin\\unwrapped\\win64.o\\cs_server.exe",
            "creation_time_100ns": 134282251628221058
          },
          {
            "pid": 27412,
            "parent_pid": 22848,
            "parent_active_globally": true,
            "image_path": "D:\\Xilinx\\Vivado\\2023.1\\bin\\unwrapped\\win64.o\\cs_server.exe",
            "creation_time_100ns": 134282251629144443
          }
        ]
      },
      {
        "classification": "EMPTY",
        "elapsed_seconds": 20.96825,
        "processes": []
      }
    ],
    "expected_tool_daemon_topology_revalidation_count": 192,
    "expected_tool_daemon_topology_monotonic": true,
    "expected_tool_daemon_topology_sample_elapsed_seconds": [
      3.8e-05,
      0.007134,
      0.116565,
      0.22557,
      0.333374,
      0.442429,
      0.551464,
      0.660383,
      0.769289,
      0.878122,
      0.985183,
      1.094156,
      1.202309,
      1.311644,
      1.418769,
      1.527538,
      1.636329,
      1.746555,
      1.85577,
      1.96414,
      2.073324,
      2.180695,
      2.289557,
      2.397324,
      2.508456,
      2.617935,
      2.72532,
      2.833918,
      2.943285,
      3.052324,
      3.161334,
      3.267939,
      3.37668,
      3.484918,
      3.596653,
      3.706012,
      3.814895,
      3.924545,
      4.033382,
      4.14109,
      4.249879,
      4.360026,
      4.468561,
      4.577343,
      4.686792,
      4.795609,
      4.903752,
      5.010984,
      5.119413,
      5.228149,
      5.336423,
      5.445016,
      5.553464,
      5.662518,
      5.770794,
      5.878996,
      5.987764,
      6.096683,
      6.204558,
      6.313092,
      6.421602,
      6.531025,
      6.639796,
      6.747981,
      6.856521,
      6.965545,
      7.074076,
      7.181626,
      7.288385,
      7.397413,
      7.506306,
      7.614884,
      7.723908,
      7.832936,
      7.940034,
      8.049342,
      8.157034,
      8.26446,
      8.370859,
      8.480787,
      8.589261,
      8.705655,
      8.819025,
      8.932519,
      9.043043,
      9.151562,
      9.260013,
      9.368715,
      9.476825,
      9.585481,
      9.693046,
      9.801378,
      9.910271,
      10.018517,
      10.127804,
      10.236506,
      10.343267,
      10.452894,
      10.57412,
      10.682421,
      10.791341,
      10.900429,
      11.009183,
      11.115956,
      11.223983,
      11.333355,
      11.441487,
      11.550065,
      11.659553,
      11.767532,
      11.875742,
      11.982498,
      12.09162,
      12.200816,
      12.309626,
      12.418176,
      12.526814,
      12.635839,
      12.743613,
      12.853247,
      12.96188,
      13.071026,
      13.179714,
      13.288281,
      13.395772,
      13.505232,
      13.613674,
      13.720916,
      13.829664,
      13.938428,
      14.045588,
      14.153833,
      14.263021,
      14.369669,
      14.477574,
      14.587203,
      14.695906,
      14.805656,
      14.914781,
      15.02245,
      15.13014,
      15.239475,
      15.348194,
      15.457108,
      15.565213,
      15.673124,
      15.781763,
      15.890696,
      15.999487,
      16.108393,
      16.216633,
      16.32431,
      16.434425,
      16.543484,
      16.65165,
      16.760991,
      16.869514,
      16.977801,
      17.085918,
      17.194256,
      17.303192,
      17.411497,
      17.520018,
      17.629453,
      17.738038,
      17.846371,
      17.955519,
      18.064405,
      18.1742,
      18.283062,
      18.391943,
      18.500343,
      18.608719,
      18.716811,
      18.825596,
      18.934069,
      19.042804,
      19.151057,
      19.260005,
      19.367333,
      19.476116,
      19.585512,
      19.692756,
      19.865744,
      19.981399,
      20.096079,
      20.205529,
      20.314231,
      20.426191,
      20.538776,
      20.647902,
      20.7565,
      20.86665,
      20.96825
    ],
    "expected_tool_daemon_topology_max_sample_gap_seconds": 0.172988,
    "expected_tool_daemon_grace_elapsed_seconds": 20.968267,
    "expected_tool_daemon_hashes_verified": true,
    "expected_tool_daemon_sha256_by_role": {
      "cs_server": "9bf0e15ffe162a96679c14b8117cf8ebe8a47b8032bee4ab8cb0317c112df536",
      "rdi_xsdb": "3193d8c4e7115e82e5b4ea6c2eb1aa8a7566bd5a9f9c78e9d901b9eab9d4ebfc",
      "cmd": "75320a519959cc6d089ea3eba33c38caccb7f138a025ea439bc9686cdb79ded4",
      "conhost": "a93cbb36b9c02364be6a72817174c46f94b66715549f279c6592ed659d237911"
    },
    "expected_tool_daemon_hash_error": "",
    "expected_tool_daemon_prelaunch_hashes_verified": true,
    "expected_tool_daemon_prelaunch_sha256_by_role": {
      "cs_server": "9bf0e15ffe162a96679c14b8117cf8ebe8a47b8032bee4ab8cb0317c112df536",
      "rdi_xsdb": "3193d8c4e7115e82e5b4ea6c2eb1aa8a7566bd5a9f9c78e9d901b9eab9d4ebfc",
      "cmd": "75320a519959cc6d089ea3eba33c38caccb7f138a025ea439bc9686cdb79ded4",
      "conhost": "a93cbb36b9c02364be6a72817174c46f94b66715549f279c6592ed659d237911"
    },
    "expected_tool_daemon_prelaunch_hash_error": "",
    "expected_tool_daemon_postexit_hashes_verified": true,
    "expected_tool_daemon_postexit_sha256_by_role": {
      "cs_server": "9bf0e15ffe162a96679c14b8117cf8ebe8a47b8032bee4ab8cb0317c112df536",
      "rdi_xsdb": "3193d8c4e7115e82e5b4ea6c2eb1aa8a7566bd5a9f9c78e9d901b9eab9d4ebfc",
      "cmd": "75320a519959cc6d089ea3eba33c38caccb7f138a025ea439bc9686cdb79ded4",
      "conhost": "a93cbb36b9c02364be6a72817174c46f94b66715549f279c6592ed659d237911"
    },
    "expected_tool_daemon_postexit_hash_error": "",
    "expected_tool_daemon_topology_error": "",
    "expected_tool_daemon_topology_terminal_empty": true,
    "process_identity_query_retry_count": 1,
    "process_exit_race_recheck_count": 1,
    "containment_cleanup_attempted": false,
    "containment_cleanup_terminated": false,
    "process_exit_race_rechecked": true,
    "process_identity_query_retried": true,
    "containment_query_error": "",
    "launch_error": "",
    "passed": true,
    "failures": [],
    "result_file": "C:\\Users\\user\\Documents\\RF_COMM_MULTILANE\\evidence\\hardware\\p7\\authorized_sequence\\p7_20260711_stationary_app_r6\\027_p7_fragment_boundary_216_rr\\p7_jtag_axi_raw_result.txt"
  },
  "stage_result_markers": {
    "P7_HW_TARGET": "localhost:3121/xilinx_tcf/Digilent/210512180081",
    "P7_HW_DEVICE": "xc7z010_1",
    "P7_HW_PART": "xc7z010clg400-1",
    "P7_HW_IDCODE": "00010011011100100010000010010011",
    "P7_HW_CANONICAL_PART": "xc7z010clg400-1",
    "P7_HW_LIVE_PART": "xc7z010",
    "P7_HW_LIVE_DEVICE": "xc7z010_1",
    "P7_HW_LIVE_IDCODE": "00010011011100100010000010010011",
    "P7_CANDIDATE_PROGRAMMED": "1",
    "P7_HW_AXI": "hw_axi_1",
    "P7_TXN_META_BACKEND": "p7_jtag_backend",
    "P7_TXN_META_LANE_POLICY": "STRIPE_ROUND_ROBIN",
    "P7_BASE_TX_COUNT": "00000000",
    "P7_BASE_RX_GOOD_COUNT_L0": "00000000",
    "P7_BASE_RX_GOOD_COUNT_L1": "00000000",
    "P7_BASE_CRC_BAD": "00000000",
    "P7_BASE_PAYLOAD_MISMATCH": "00000000",
    "P7_BASE_RETRY_COUNT": "00000000",
    "P7_BASE_RETRY_EXHAUSTED": "00000000",
    "P7_BASE_TX_FAIL": "00000000",
    "P7_BASE_DUTY_VIOLATION": "00000000",
    "P7_BASE_RAW_TX_PULSES": "00000000",
    "P7_BASE_RAW_RX_PULSES": "00000000",
    "P7_BASE_FRAME_GOOD": "00000000",
    "P7_BASE_FRAME_BAD": "00000000",
    "P7_BASE_ACK_SENT": "00000000",
    "P7_BASE_ACK_SEEN": "00000000",
    "P7_BASE_TXD_HIGH_MAX": "00000000",
    "P7_BASE_ERROR_CODE": "00000000",
    "P7_BASE_STICKY_ERROR": "00000000",
    "P7F00000_TXW000": "50414652",
    "P7F00000_TXW001": "00200101",
    "P7F00000_TXW002": "5037001B",
    "P7F00000_TXW003": "0000001B",
    "P7F00000_TXW004": "000000D8",
    "P7F00000_TXW005": "00020000",
    "P7F00000_TXW006": "000000D7",
    "P7F00000_TXW007": "C1125402",
    "P7F00000_TXW008": "03020100",
    "P7F00000_TXW009": "07060504",
    "P7F00000_TXW010": "0B0A0908",
    "P7F00000_TXW011": "0F0E0D0C",
    "P7F00000_TXW012": "13121110",
    "P7F00000_TXW013": "17161514",
    "P7F00000_TXW014": "1B1A1918",
    "P7F00000_TXW015": "1F1E1D1C",
    "P7F00000_TXW016": "23222120",
    "P7F00000_TXW017": "27262524",
    "P7F00000_TXW018": "2B2A2928",
    "P7F00000_TXW019": "2F2E2D2C",
    "P7F00000_TXW020": "33323130",
    "P7F00000_TXW021": "37363534",
    "P7F00000_TXW022": "3B3A3938",
    "P7F00000_TXW023": "3F3E3D3C",
    "P7F00000_TXW024": "43424140",
    "P7F00000_TXW025": "47464544",
    "P7F00000_TXW026": "4B4A4948",
    "P7F00000_TXW027": "4F4E4D4C",
    "P7F00000_TXW028": "53525150",
    "P7F00000_TXW029": "57565554",
    "P7F00000_TXW030": "5B5A5958",
    "P7F00000_TXW031": "5F5E5D5C",
    "P7F00000_TXW032": "63626160",
    "P7F00000_TXW033": "67666564",
    "P7F00000_TXW034": "6B6A6968",
    "P7F00000_TXW035": "6F6E6D6C",
    "P7F00000_TXW036": "73727170",
    "P7F00000_TXW037": "77767574",
    "P7F00000_TXW038": "7B7A7978",
    "P7F00000_TXW039": "7F7E7D7C",
    "P7F00000_TXW040": "83828180",
    "P7F00000_TXW041": "87868584",
    "P7F00000_TXW042": "8B8A8988",
    "P7F00000_TXW043": "8F8E8D8C",
    "P7F00000_TXW044": "93929190",
    "P7F00000_TXW045": "97969594",
    "P7F00000_TXW046": "9B9A9998",
    "P7F00000_TXW047": "9F9E9D9C",
    "P7F00000_TXW048": "A3A2A1A0",
    "P7F00000_TXW049": "A7A6A5A4",
    "P7F00000_TXW050": "ABAAA9A8",
    "P7F00000_TXW051": "AFAEADAC",
    "P7F00000_TXW052": "B3B2B1B0",
    "P7F00000_TXW053": "B7B6B5B4",
    "P7F00000_TXW054": "BBBAB9B8",
    "P7F00000_TXW055": "BFBEBDBC",
    "P7F00000_TXW056": "C3C2C1C0",
    "P7F00000_TXW057": "C7C6C5C4",
    "P7F00000_TXW058": "CBCAC9C8",
    "P7F00000_TXW059": "CFCECDCC",
    "P7F00000_TXW060": "D3D2D1D0",
    "P7F00000_TXW061": "00D6D5D4",
    "P7F00000_COMMIT": "00000007",
    "P7F00000_COMMIT_POLLS": "1",
    "P7F00000_TX_CRC32": "5AD09C06",
    "P7F00000_DONE": "00000017",
    "P7F00000_DONE_POLLS": "1",
    "P7F00000_STATUS": "00000017",
    "P7F00000_MAILBOX": "50364F4B",
    "P7F00000_RX_LEN": "000000F7",
    "P7F00000_RX_CRC32": "5AD09C06",
    "P7F00000_RX_DIGEST": "5AD09C06",
    "P7F00000_TX_COUNT": "00000001",
    "P7F00000_RX_GOOD_COUNT_L0": "00000001",
    "P7F00000_RX_GOOD_COUNT_L1": "00000000",
    "P7F00000_CRC_BAD": "00000000",
    "P7F00000_PAYLOAD_MISMATCH": "00000000",
    "P7F00000_RETRY_COUNT": "00000000",
    "P7F00000_RETRY_EXHAUSTED": "00000000",
    "P7F00000_TX_FAIL": "00000000",
    "P7F00000_DUTY_VIOLATION": "00000000",
    "P7F00000_RAW_TX_PULSES": "00000460",
    "P7F00000_RAW_RX_PULSES": "000008C0",
    "P7F00000_FRAME_GOOD": "00000001",
    "P7F00000_FRAME_BAD": "00000000",
    "P7F00000_ACK_SENT": "00000001",
    "P7F00000_ACK_SEEN": "00000001",
    "P7F00000_TXD_HIGH_MAX": "00000008",
    "P7F00000_ERROR_CODE": "00000000",
    "P7F00000_STICKY_ERROR": "00000000",
    "P7F00000_RXW000": "50414652",
    "P7F00000_RXW001": "00200101",
    "P7F00000_RXW002": "5037001B",
    "P7F00000_RXW003": "0000001B",
    "P7F00000_RXW004": "000000D8",
    "P7F00000_RXW005": "00020000",
    "P7F00000_RXW006": "000000D7",
    "P7F00000_RXW007": "C1125402",
    "P7F00000_RXW008": "03020100",
    "P7F00000_RXW009": "07060504",
    "P7F00000_RXW010": "0B0A0908",
    "P7F00000_RXW011": "0F0E0D0C",
    "P7F00000_RXW012": "13121110",
    "P7F00000_RXW013": "17161514",
    "P7F00000_RXW014": "1B1A1918",
    "P7F00000_RXW015": "1F1E1D1C",
    "P7F00000_RXW016": "23222120",
    "P7F00000_RXW017": "27262524",
    "P7F00000_RXW018": "2B2A2928",
    "P7F00000_RXW019": "2F2E2D2C",
    "P7F00000_RXW020": "33323130",
    "P7F00000_RXW021": "37363534",
    "P7F00000_RXW022": "3B3A3938",
    "P7F00000_RXW023": "3F3E3D3C",
    "P7F00000_RXW024": "43424140",
    "P7F00000_RXW025": "47464544",
    "P7F00000_RXW026": "4B4A4948",
    "P7F00000_RXW027": "4F4E4D4C",
    "P7F00000_RXW028": "53525150",
    "P7F00000_RXW029": "57565554",
    "P7F00000_RXW030": "5B5A5958",
    "P7F00000_RXW031": "5F5E5D5C",
    "P7F00000_RXW032": "63626160",
    "P7F00000_RXW033": "67666564",
    "P7F00000_RXW034": "6B6A6968",
    "P7F00000_RXW035": "6F6E6D6C",
    "P7F00000_RXW036": "73727170",
    "P7F00000_RXW037": "77767574",
    "P7F00000_RXW038": "7B7A7978",
    "P7F00000_RXW039": "7F7E7D7C",
    "P7F00000_RXW040": "83828180",
    "P7F00000_RXW041": "87868584",
    "P7F00000_RXW042": "8B8A8988",
    "P7F00000_RXW043": "8F8E8D8C",
    "P7F00000_RXW044": "93929190",
    "P7F00000_RXW045": "97969594",
    "P7F00000_RXW046": "9B9A9998",
    "P7F00000_RXW047": "9F9E9D9C",
    "P7F00000_RXW048": "A3A2A1A0",
    "P7F00000_RXW049": "A7A6A5A4",
    "P7F00000_RXW050": "ABAAA9A8",
    "P7F00000_RXW051": "AFAEADAC",
    "P7F00000_RXW052": "B3B2B1B0",
    "P7F00000_RXW053": "B7B6B5B4",
    "P7F00000_RXW054": "BBBAB9B8",
    "P7F00000_RXW055": "BFBEBDBC",
    "P7F00000_RXW056": "C3C2C1C0",
    "P7F00000_RXW057": "C7C6C5C4",
    "P7F00000_RXW058": "CBCAC9C8",
    "P7F00000_RXW059": "CFCECDCC",
    "P7F00000_RXW060": "D3D2D1D0",
    "P7F00000_RXW061": "00D6D5D4",
    "P7F00001_TXW000": "50414652",
    "P7F00001_TXW001": "00200201",
    "P7F00001_TXW002": "5037001B",
    "P7F00001_TXW003": "0000001B",
    "P7F00001_TXW004": "000000D8",
    "P7F00001_TXW005": "00020001",
    "P7F00001_TXW006": "00000001",
    "P7F00001_TXW007": "C1125402",
    "P7F00001_TXW008": "000000D7",
    "P7F00001_COMMIT": "00000007",
    "P7F00001_COMMIT_POLLS": "1",
    "P7F00001_TX_CRC32": "BBDE28E0",
    "P7F00001_DONE": "00000017",
    "P7F00001_DONE_POLLS": "1",
    "P7F00001_STATUS": "00000017",
    "P7F00001_MAILBOX": "50364F4B",
    "P7F00001_RX_LEN": "00000021",
    "P7F00001_RX_CRC32": "BBDE28E0",
    "P7F00001_RX_DIGEST": "BBDE28E0",
    "P7F00001_TX_COUNT": "00000002",
    "P7F00001_RX_GOOD_COUNT_L0": "00000001",
    "P7F00001_RX_GOOD_COUNT_L1": "00000001",
    "P7F00001_CRC_BAD": "00000000",
    "P7F00001_PAYLOAD_MISMATCH": "00000000",
    "P7F00001_RETRY_COUNT": "00000000",
    "P7F00001_RETRY_EXHAUSTED": "00000000",
    "P7F00001_TX_FAIL": "00000000",
    "P7F00001_DUTY_VIOLATION": "00000000",
    "P7F00001_RAW_TX_PULSES": "00000108",
    "P7F00001_RAW_RX_PULSES": "00000211",
    "P7F00001_FRAME_GOOD": "00000002",
    "P7F00001_FRAME_BAD": "00000000",
    "P7F00001_ACK_SENT": "00000002",
    "P7F00001_ACK_SEEN": "00000002",
    "P7F00001_TXD_HIGH_MAX": "00000008",
    "P7F00001_ERROR_CODE": "00000000",
    "P7F00001_STICKY_ERROR": "00000000",
    "P7F00001_RXW000": "50414652",
    "P7F00001_RXW001": "00200201",
    "P7F00001_RXW002": "5037001B",
    "P7F00001_RXW003": "0000001B",
    "P7F00001_RXW004": "000000D8",
    "P7F00001_RXW005": "00020001",
    "P7F00001_RXW006": "00000001",
    "P7F00001_RXW007": "C1125402",
    "P7F00001_RXW008": "030201D7",
    "P7_FINAL_SHUTDOWN_REASON": "54464455",
    "P7_TCL_PROGRAMMING_ATTEMPTED": "1",
    "P7_TRANSACTION_COUNT": "303",
    "P7_JTAG_AXI_TRANSACTIONS": "PASS",
    "P7_JTAG_STAGE_RESULT": "PASS"
  },
  "child_reaped_before_shutdown_after": true,
  "backend_parse": {
    "passed": true,
    "semantic_mode": "rfap",
    "summary_file": "C:\\Users\\user\\Documents\\RF_COMM_MULTILANE\\evidence\\hardware\\p7\\authorized_sequence\\p7_20260711_stationary_app_r6\\027_p7_fragment_boundary_216_rr\\p7_jtag_backend_parse_summary.json",
    "summary_sha256": "9bcdcb32d9b21aa7f2c5eca5163f3aa1ce42a99d17bbd17d9beb354e91b17bca",
    "output_file": "C:\\Users\\user\\Documents\\RF_COMM_MULTILANE\\evidence\\hardware\\p7\\authorized_sequence\\p7_20260711_stationary_app_r6\\027_p7_fragment_boundary_216_rr\\p7_jtag_reassembled_output.bin",
    "output_sha256": "9d42d74bac443eafbd9878145b745387eb1397174332564bc8fa6db414ab381f",
    "object_length": 216,
    "object_crc32": 3239203842,
    "object_sha256": "9d42d74bac443eafbd9878145b745387eb1397174332564bc8fa6db414ab381f",
    "lane_policy": "STRIPE_ROUND_ROBIN",
    "fragment_count": 2,
    "missing_fragments": 0,
    "duplicate_fragments": 0,
    "error_counter_increments": 0,
    "fragment_latency_upper_bound_us": {
      "sample_count": 2,
      "min": 2000,
      "mean": 2000.0,
      "p50": 2000,
      "p95": 2000,
      "p99": 2000,
      "max": 2000,
      "percentile_method": "nearest_rank",
      "semantics": "upper_bound",
      "source": "bounded_commit_plus_transfer_poll_counts_x_manifest_poll_period"
    },
    "object_transport_latency_upper_bound_us": 4000,
    "object_transport_latency_semantics": "sum_of_sequential_fragment_poll_upper_bounds",
    "poll_bound_application_goodput_lower_bound_bps": 432000,
    "poll_bound_goodput_semantics": "lower_bound_from_object_bytes_over_transport_latency_upper_bound",
    "host_end_to_end_elapsed_seconds": 51.506542,
    "host_end_to_end_goodput_bps": 33.549136,
    "host_end_to_end_time_source": "host_monotonic_child_process_elapsed",
    "host_end_to_end_semantics": "includes Vivado startup, FPGA programming, JTAG/AXI operations, polling, and host overhead; not optical-only fragment latency",
    "raw_log_bound_to_this_hardware_process": true
  },
  "internal_error": "",
  "stage_failures": [],
  "backend_parse_failure": "",
  "global_runtime": {
    "elapsed_seconds": 179.951,
    "authorized_max_seconds": 900,
    "within_authorized_limit": true
  },
  "reason": "authorized direct JTAG/AXI stage, strict byte/counter parser, and both shutdown barriers passed"
}
