COMMAND=D:\Xilinx\Vivado\2023.1\bin\xvlog.bat -sv -i C:\Users\user\Documents\RF_COMM_MULTILANE_P10_1\rtl C:\Users\user\Documents\RF_COMM_MULTILANE_P10_1\rtl\p10_1_metric_counter.sv C:\Users\user\Documents\RF_COMM_MULTILANE_P10_1\rtl\p10_1_timer_snapshot.sv C:\Users\user\Documents\RF_COMM_MULTILANE_P10_1\rtl\p10_1_event_fifo.sv C:\Users\user\Documents\RF_COMM_MULTILANE_P10_1\rtl\p10_1_perf_monitor.sv C:\Users\user\Documents\RF_COMM_MULTILANE_P10_1\rtl\p10_1_axis_sustained.sv C:\Users\user\Documents\RF_COMM_MULTILANE_P10_1\rtl\p10_1_buffer_pool.sv C:\Users\user\Documents\RF_COMM_MULTILANE_P10_1\rtl\p10_1_descriptor_batch.sv C:\Users\user\Documents\RF_COMM_MULTILANE_P10_1\rtl\p10_1_autonomous_perf.sv C:\Users\user\Documents\RF_COMM_MULTILANE_P10_1\sim\tb\tb_p10_1_suite.sv
RETURN_CODE=0
STDOUT_BEGIN
INFO: [VRFC 10-2263] Analyzing SystemVerilog file "C:/Users/user/Documents/RF_COMM_MULTILANE_P10_1/rtl/p10_1_metric_counter.sv" into library work
INFO: [VRFC 10-311] analyzing module p10_1_metric_counter
INFO: [VRFC 10-2263] Analyzing SystemVerilog file "C:/Users/user/Documents/RF_COMM_MULTILANE_P10_1/rtl/p10_1_timer_snapshot.sv" into library work
INFO: [VRFC 10-311] analyzing module p10_1_timer_snapshot
INFO: [VRFC 10-2263] Analyzing SystemVerilog file "C:/Users/user/Documents/RF_COMM_MULTILANE_P10_1/rtl/p10_1_event_fifo.sv" into library work
INFO: [VRFC 10-311] analyzing module p10_1_event_fifo
INFO: [VRFC 10-2263] Analyzing SystemVerilog file "C:/Users/user/Documents/RF_COMM_MULTILANE_P10_1/rtl/p10_1_perf_monitor.sv" into library work
INFO: [VRFC 10-311] analyzing module p10_1_perf_monitor
INFO: [VRFC 10-2263] Analyzing SystemVerilog file "C:/Users/user/Documents/RF_COMM_MULTILANE_P10_1/rtl/p10_1_axis_sustained.sv" into library work
INFO: [VRFC 10-311] analyzing module p10_1_axis_sustained
INFO: [VRFC 10-2263] Analyzing SystemVerilog file "C:/Users/user/Documents/RF_COMM_MULTILANE_P10_1/rtl/p10_1_buffer_pool.sv" into library work
INFO: [VRFC 10-311] analyzing module p10_1_buffer_pool
INFO: [VRFC 10-2263] Analyzing SystemVerilog file "C:/Users/user/Documents/RF_COMM_MULTILANE_P10_1/rtl/p10_1_descriptor_batch.sv" into library work
INFO: [VRFC 10-311] analyzing module p10_1_descriptor_batch
INFO: [VRFC 10-2263] Analyzing SystemVerilog file "C:/Users/user/Documents/RF_COMM_MULTILANE_P10_1/rtl/p10_1_autonomous_perf.sv" into library work
INFO: [VRFC 10-311] analyzing module p10_1_autonomous_perf
INFO: [VRFC 10-2263] Analyzing SystemVerilog file "C:/Users/user/Documents/RF_COMM_MULTILANE_P10_1/sim/tb/tb_p10_1_suite.sv" into library work
INFO: [VRFC 10-311] analyzing module tb_p10_1_metric_counter
INFO: [VRFC 10-311] analyzing module tb_p10_1_timer_snapshot
INFO: [VRFC 10-311] analyzing module tb_p10_1_trace_fifo
INFO: [VRFC 10-311] analyzing module tb_p10_1_perf_command
INFO: [VRFC 10-311] analyzing module tb_p10_1_axis_sustained
INFO: [VRFC 10-311] analyzing module tb_p10_1_buffer_pool
INFO: [VRFC 10-311] analyzing module tb_p10_1_descriptor_batch
INFO: [VRFC 10-311] analyzing module tb_p10_1_streaming_chain
INFO: [VRFC 10-311] analyzing module tb_p10_1_stream_abort_reset
INFO: [VRFC 10-311] analyzing module tb_p10_1_dual_endpoint_perf
STDOUT_END
STDERR_BEGIN
STDERR_END
