P7_PS_MODE=stationary
P7_EXECUTION_SCOPE=P7_PS_APPLICATION_STAGE
P7_RUN_ID=NONE
P7_STATIONARY_FAULT_MODEL=SOFTWARE_INJECTED_BIDIRECTIONAL_CONTROLLED_FALLBACK
P7_XSDB_DAP_DISTINCT_TARGET_COUNT=0
P7_XSDB_APU_DISTINCT_TARGET_COUNT=1
P7_XSDB_FPGA_DISTINCT_TARGET_COUNT=1
P7_XSDB_CPU0_DISTINCT_TARGET_COUNT=1
P7_XSDB_CABLE_ROOT_COUNT=1
P7_XSDB_JTAG_DEVICE_COUNT=2
P7_PS_RESET_TARGET=APU
P7_HW_TARGET=localhost:3121/xilinx_tcf/Digilent/210512180081
P7_HW_PART=xc7z010clg400-1
P7_HW_CANONICAL_PART=xc7z010clg400-1
P7_HW_LIVE_PART=xc7z010
P7_HW_LIVE_DEVICE=xc7z010_1
P7_HW_LIVE_IDCODE=00010011011100100010000010010011
P7_HW_BOARD_ID=210512180081
P7_XSDB_LIVE_DEVICE=xc7z010
P7_XSDB_LIVE_DEVICE_MATCH=1
P7_XSDB_LIVE_BOARD_ID=210512180081
P7_XSDB_LIVE_IDCODE=0x13722093
P7_XSDB_PREFLIGHT_IDCODE=00010011011100100010000010010011
P7_XSDB_TARGET_SELECTION=EXACT_CABLE_DEVICE_IDCODE_AND_UNIQUE_NODE_IDS
P7_PS_CANDIDATE_PROGRAMMED=1
P7_HOST_TO_PS_INPUT_BYTES=2428928
P7_HOST_TO_PS_INPUT_DURATION_MS=40675
P7_HOST_TO_PS_INPUT_BYTES_PER_SEC=59715
P7_HOST_TO_PS_INPUT_BPS=477724
P7_PS_ELF_DOWNLOADED=1
P7_PS_SERVICE_READY_POLLS=3
P7_PS_SERVICE_HEARTBEAT_AND_START_TICKS=1
P7_STATIONARY_SERVICE_READY_ACTIVE=1
P7_STATIONARY_PRIMARY_TIME_SOURCE=PS_RUNTIME_ELAPSED_TICKS
P7_STATIONARY_HOST_TIME_ROLE=INDEPENDENT_WATCHDOG_AND_INPUT_PRELOAD
P7_STATIONARY_RUNTIME_START_TICKS=80953
P7_STATIONARY_READY_PUBLISH_GUARD_TICKS=333333343
P7_STATIONARY_SAMPLE_SEMANTICS=FIXED_PS_THRESHOLDS_FROM_IMMUTABLE_TERMINAL_END_TICKS
P7_SAMPLE_00001=ELAPSED_30.000,ELAPSED_TICKS_10000000290,WINDOW_CALIBRATION,OBJECTS_0,FAILED_0,BYTES_HI_00000000,BYTES_LO_00000000,FRAGMENTS_0,LANE0_0,LANE1_0,REPLICATED_0,FALLBACKS_0,P6_RETRIES_0,P6_RETRY_EXHAUSTED_0,P6_TX_FAIL_0,P6_CRC_BAD_0,P6_PAYLOAD_MISMATCH_0,MAX_TXD_HIGH_0,DUTY_VIOLATIONS_0,QUEUE_OCCUPANCY_1,QUEUE_HIGH_1,BACKPRESSURE_0,QUEUE_OBS_NOT_BEFORE_TICKS_10018274297,CURRENT_BPS_0,ROLLING_BPS_0,LATENCY_COUNT_0,LATENCY_MIN_TICKS_0,LATENCY_MEAN_TICKS_0,LATENCY_P50_TICKS_0,LATENCY_P95_TICKS_0,LATENCY_P99_TICKS_0,LATENCY_MAX_TICKS_0,LAST_OBJECT_0
P7_STATIONARY_OBJECT_00000001=SLOT_0,GEN_0,SESSION_50370001,OBJECT_1,STATUS_3,ERROR_0,BYTES_1048576,FRAGMENTS_4878/4878,ATTEMPTS_4878,FALLBACKS_0,OUTSHA_FCD7923CBB8E709738F05BA8C318A4DF5C27C0451A987689FAC429A17B292737,P6_RETRY_COUNT_0,P6_RETRY_EXHAUSTED_0,P6_TX_FAIL_0,P6_CRC_BAD_0,P6_PAYLOAD_MISMATCH_0,MAX_TXD_HIGH_CYCLES_8,DUTY_VIOLATIONS_0,LANE0_4878,LANE1_0,REPLICATED_0,START_TICKS_90863268,END_TICKS_17966539615,COMPLETION_SEQUENCE_1
P7_STATIONARY_TERMINAL_BUNDLE_00000001_CAPTURED=1
P7_STATIONARY_OBJECT_00000002=SLOT_1,GEN_0,SESSION_50370001,OBJECT_2,STATUS_3,ERROR_0,BYTES_65536,FRAGMENTS_305/305,ATTEMPTS_305,FALLBACKS_1,OUTSHA_DD5CDD301ADFF15138B402AB190A143E8FF5FFED2D5E2FD24C3140FB652F11FF,P6_RETRY_COUNT_0,P6_RETRY_EXHAUSTED_0,P6_TX_FAIL_0,P6_CRC_BAD_0,P6_PAYLOAD_MISMATCH_0,MAX_TXD_HIGH_CYCLES_8,DUTY_VIOLATIONS_0,LANE0_1,LANE1_304,REPLICATED_0,START_TICKS_17966624031,END_TICKS_44924346787,COMPLETION_SEQUENCE_2
P7_STATIONARY_TERMINAL_BUNDLE_00000002_CAPTURED=1
P7_STATIONARY_OBJECT_00000003=SLOT_2,GEN_0,SESSION_50370001,OBJECT_3,STATUS_3,ERROR_0,BYTES_65536,FRAGMENTS_305/305,ATTEMPTS_305,FALLBACKS_1,OUTSHA_0765B0D1A9F493355595772F5A2EBAAF700D4D2CC7D8A781729A9771A380754F,P6_RETRY_COUNT_0,P6_RETRY_EXHAUSTED_0,P6_TX_FAIL_0,P6_CRC_BAD_0,P6_PAYLOAD_MISMATCH_0,MAX_TXD_HIGH_CYCLES_8,DUTY_VIOLATIONS_0,LANE0_304,LANE1_1,REPLICATED_0,START_TICKS_44924431177,END_TICKS_96245599869,COMPLETION_SEQUENCE_3
P7_STATIONARY_TERMINAL_BUNDLE_00000003_CAPTURED=1
P7_STATIONARY_OBJECT_00000004=SLOT_3,GEN_0,SESSION_50370001,OBJECT_4,STATUS_3,ERROR_0,BYTES_65536,FRAGMENTS_305/305,ATTEMPTS_305,FALLBACKS_0,OUTSHA_7DACA2095D0438260FA849183DFC67FAA459FDF4936E1BC91EEC6B281B27E4C2,P6_RETRY_COUNT_0,P6_RETRY_EXHAUSTED_0,P6_TX_FAIL_0,P6_CRC_BAD_0,P6_PAYLOAD_MISMATCH_0,MAX_TXD_HIGH_CYCLES_8,DUTY_VIOLATIONS_0,LANE0_0,LANE1_305,REPLICATED_0,START_TICKS_96245684200,END_TICKS_141392918989,COMPLETION_SEQUENCE_4
P7_STATIONARY_TERMINAL_BUNDLE_00000004_CAPTURED=1
P7_PS_STAGE_RESULT=FAIL
P7_PS_STAGE_ERROR=integer value too large to represent
