P10_XSDB_DEBUG_DISCOVERY_ATTEMPTS=1
P10_XSDB_DEBUG_DISCOVERY_ELAPSED_MS=28
P10_XSDB_FIXED_TARGETS=APU:5,CPU0:6,FPGA:8
P10_XSDB_ROTATING_TARGETS=APU:1,CPU0:2,FPGA:4
P10_XSDB_IDENTITY=PASS
P10_XSDB_FIXED_SERIAL=210249855178
P10_XSDB_ROTATING_SERIAL=210512180081
P10_XSDB_STAGE=P10-C
P10_XSDB_RUN_ID=p10_diag_c_20260730T145146Z_02
P10_XSDB_DEBUG_DISCOVERY_ATTEMPTS=1
P10_XSDB_DEBUG_DISCOVERY_ELAPSED_MS=3
P10_XSDB_FIXED_TARGETS=APU:5,CPU0:6,FPGA:8
P10_XSDB_ROTATING_TARGETS=APU:1,CPU0:2,FPGA:4
P10_XSDB_DEBUG_DISCOVERY_ATTEMPTS=1
P10_XSDB_DEBUG_DISCOVERY_ELAPSED_MS=3
P10_XSDB_FIXED_TARGETS=APU:5,CPU0:6,FPGA:8
P10_XSDB_ROTATING_TARGETS=APU:1,CPU0:2,FPGA:4
P10_CANDIDATE_PROGRAMMED_FIXED=1
P10_PS7_INITIALIZED_FIXED=1
P10_CANDIDATE_PROGRAMMED_ROTATING=1
P10_PS7_INITIALIZED_ROTATING=1
P10_SAFE_STATE_FIXED_PREBOOT=id:0x5031305A,build:0x50313046,profile:0x702000F0,status:0x00000002,phy:0x00000000,physical_tx:0,0,0,0
P10_SAFE_STATE_ROTATING_PREBOOT=id:0x5031305A,build:0x50313052,profile:0x702000A0,status:0x00000002,phy:0x00000000,physical_tx:0,0,0,0
P10_PS_ELF_DOWNLOADED_FIXED=1
P10_PS_ELF_DOWNLOADED_ROTATING=1
P10_SERVICE_READY_FIXED=initial_boot
P10_SERVICE_READY_ROTATING=initial_boot
P10_INITIAL_READY_DUMP_FIXED=C:/Users/user/Documents/RF_COMM_MULTILANE_P10/evidence/hardware/p10/p10_diag_c_20260730T145146Z_02/stages/p10_c/dumps/P10-C_ready.fixed.bin
P10_INITIAL_READY_DUMP_ROTATING=C:/Users/user/Documents/RF_COMM_MULTILANE_P10/evidence/hardware/p10/p10_diag_c_20260730T145146Z_02/stages/p10_c/dumps/P10-C_ready.rotating.bin
P10_SAFE_STATE_FIXED_SAFE_BOOT=id:0x5031305A,build:0x50313046,profile:0x702000F0,status:0x00000002,phy:0x00000000,physical_tx:0,0,0,0
P10_SAFE_STATE_ROTATING_SAFE_BOOT=id:0x5031305A,build:0x50313052,profile:0x702000A0,status:0x00000002,phy:0x00000000,physical_tx:0,0,0,0
P10_SAFE_BOOT=PASS
P10_PAIRED_LAUNCH=rate4_lane0_f_to_r_short:receiver=rotating,sender=fixed
P10_CASE_PASS=rate4_lane0_f_to_r_short
P10_PAIRED_LAUNCH=rate4_lane0_f_to_r_prbs247:receiver=rotating,sender=fixed
P10_CASE_PASS=rate4_lane0_f_to_r_prbs247
P10_PAIRED_LAUNCH=rate4_lane0_f_to_r_counter247:receiver=rotating,sender=fixed
P10_CASE_PASS=rate4_lane0_f_to_r_counter247
P10_PAIRED_LAUNCH=rate4_lane0_f_to_r_100f:receiver=rotating,sender=fixed
P10_CASE_PASS=rate4_lane0_f_to_r_100f
P10_PAIRED_LAUNCH=rate4_lane0_f_to_r_10000f:receiver=rotating,sender=fixed
P10_CASE_PASS=rate4_lane0_f_to_r_10000f
P10_PAIRED_LAUNCH=rate4_lane0_r_to_f_short:receiver=fixed,sender=rotating
P10_CASE_PASS=rate4_lane0_r_to_f_short
P10_PAIRED_LAUNCH=rate4_lane0_r_to_f_prbs247:receiver=fixed,sender=rotating
P10_CASE_PASS=rate4_lane0_r_to_f_prbs247
P10_PAIRED_LAUNCH=rate4_lane0_r_to_f_counter247:receiver=fixed,sender=rotating
P10_CASE_PASS=rate4_lane0_r_to_f_counter247
P10_PAIRED_LAUNCH=rate4_lane0_r_to_f_100f:receiver=fixed,sender=rotating
P10_CASE_PASS=rate4_lane0_r_to_f_100f
P10_PAIRED_LAUNCH=rate4_lane0_r_to_f_10000f:receiver=fixed,sender=rotating
P10_CASE_PASS=rate4_lane0_r_to_f_10000f
P10_PAIRED_LAUNCH=rate4_lane1_f_to_r_short:receiver=rotating,sender=fixed
P10_CASE_PASS=rate4_lane1_f_to_r_short
P10_PAIRED_LAUNCH=rate4_lane1_f_to_r_prbs247:receiver=rotating,sender=fixed
P10_CASE_PASS=rate4_lane1_f_to_r_prbs247
P10_PAIRED_LAUNCH=rate4_lane1_f_to_r_counter247:receiver=rotating,sender=fixed
P10_CASE_PASS=rate4_lane1_f_to_r_counter247
P10_PAIRED_LAUNCH=rate4_lane1_f_to_r_100f:receiver=rotating,sender=fixed
P10_CASE_PASS=rate4_lane1_f_to_r_100f
P10_PAIRED_LAUNCH=rate4_lane1_f_to_r_10000f:receiver=rotating,sender=fixed
P10_CASE_PASS=rate4_lane1_f_to_r_10000f
P10_PAIRED_LAUNCH=rate4_lane1_r_to_f_short:receiver=fixed,sender=rotating
P10_CASE_PASS=rate4_lane1_r_to_f_short
P10_PAIRED_LAUNCH=rate4_lane1_r_to_f_prbs247:receiver=fixed,sender=rotating
P10_CASE_PASS=rate4_lane1_r_to_f_prbs247
P10_PAIRED_LAUNCH=rate4_lane1_r_to_f_counter247:receiver=fixed,sender=rotating
P10_CASE_PASS=rate4_lane1_r_to_f_counter247
P10_PAIRED_LAUNCH=rate4_lane1_r_to_f_100f:receiver=fixed,sender=rotating
P10_CASE_PASS=rate4_lane1_r_to_f_100f
P10_PAIRED_LAUNCH=rate4_lane1_r_to_f_10000f:receiver=fixed,sender=rotating
P10_CASE_PASS=rate4_lane1_r_to_f_10000f
P10_PAIRED_LAUNCH=rate4_two_lane_f_to_r_10000f:receiver=rotating,sender=fixed
P10_CASE_PASS=rate4_two_lane_f_to_r_10000f
P10_PAIRED_LAUNCH=rate4_two_lane_r_to_f_10000f:receiver=fixed,sender=rotating
P10_CASE_PASS=rate4_two_lane_r_to_f_10000f
P10_CASE_PASS=P10-C_endpoint_shutdown
P10_ENDPOINT_SHUTDOWN_FIXED=PASS
P10_ENDPOINT_SHUTDOWN_ROTATING=PASS
P10_XSDB_STAGE_RESULT=PASS
