P10_XSDB_DEBUG_DISCOVERY_ATTEMPTS=1
P10_XSDB_DEBUG_DISCOVERY_ELAPSED_MS=22
P10_XSDB_FIXED_TARGETS=APU:5,CPU0:6,FPGA:8
P10_XSDB_ROTATING_TARGETS=APU:1,CPU0:2,FPGA:4
P10_XSDB_IDENTITY=PASS
P10_XSDB_FIXED_SERIAL=210249855178
P10_XSDB_ROTATING_SERIAL=210512180081
P10_XSDB_STAGE=P10-H
P10_XSDB_RUN_ID=p10_diag_h_20260730T162737Z_01
P10_XSDB_DEBUG_DISCOVERY_ATTEMPTS=1
P10_XSDB_DEBUG_DISCOVERY_ELAPSED_MS=30
P10_XSDB_FIXED_TARGETS=APU:5,CPU0:6,FPGA:8
P10_XSDB_ROTATING_TARGETS=APU:1,CPU0:2,FPGA:4
P10_XSDB_DEBUG_DISCOVERY_ATTEMPTS=1
P10_XSDB_DEBUG_DISCOVERY_ELAPSED_MS=1
P10_XSDB_FIXED_TARGETS=APU:5,CPU0:6,FPGA:8
P10_XSDB_ROTATING_TARGETS=APU:1,CPU0:2,FPGA:4
P10_CANDIDATE_PROGRAMMED_FIXED=1
P10_PS7_INITIALIZED_FIXED=1
P10_CANDIDATE_PROGRAMMED_ROTATING=1
P10_PS7_INITIALIZED_ROTATING=1
P10_SAFE_STATE_FIXED_PREBOOT=id:0x5031305A,build:0x50313046,profile:0x702000F0,status:0x00000002,phy:0x00000000,physical_tx:0,0,0,0
P10_SAFE_STATE_ROTATING_PREBOOT=id:0x5031305A,build:0x50313052,profile:0x702000A0,status:0x00000002,phy:0x00000000,physical_tx:0,0,0,0
P10_PS_ELF_DOWNLOADED_FIXED=1
P10_PS_ELF_DOWNLOADED_ROTATING=1
P10_SERVICE_READY_FIXED=initial_boot
P10_SERVICE_READY_ROTATING=initial_boot
P10_INITIAL_READY_DUMP_FIXED=C:/Users/user/Documents/RF_COMM_MULTILANE_P10/evidence/hardware/p10/p10_diag_h_20260730T162737Z_01/stages/p10_h/dumps/P10-H_ready.fixed.bin
P10_INITIAL_READY_DUMP_ROTATING=C:/Users/user/Documents/RF_COMM_MULTILANE_P10/evidence/hardware/p10/p10_diag_h_20260730T162737Z_01/stages/p10_h/dumps/P10-H_ready.rotating.bin
P10_SAFE_STATE_FIXED_SAFE_BOOT=id:0x5031305A,build:0x50313046,profile:0x702000F0,status:0x00000002,phy:0x00000000,physical_tx:0,0,0,0
P10_SAFE_STATE_ROTATING_SAFE_BOOT=id:0x5031305A,build:0x50313052,profile:0x702000A0,status:0x00000002,phy:0x00000000,physical_tx:0,0,0,0
P10_SAFE_BOOT=PASS
P10_PAIRED_LAUNCH=sched_lane0_f_to_r:receiver=rotating,sender=fixed
P10_CASE_PASS=sched_lane0_f_to_r
P10_PAIRED_LAUNCH=sched_lane0_r_to_f:receiver=fixed,sender=rotating
P10_CASE_PASS=sched_lane0_r_to_f
P10_PAIRED_LAUNCH=sched_lane1_f_to_r:receiver=rotating,sender=fixed
P10_CASE_PASS=sched_lane1_f_to_r
P10_PAIRED_LAUNCH=sched_lane1_r_to_f:receiver=fixed,sender=rotating
P10_CASE_PASS=sched_lane1_r_to_f
P10_PAIRED_LAUNCH=sched_equal_f_to_r:receiver=rotating,sender=fixed
P10_CASE_PASS=sched_equal_f_to_r
P10_PAIRED_LAUNCH=sched_equal_r_to_f:receiver=fixed,sender=rotating
P10_CASE_PASS=sched_equal_r_to_f
P10_PAIRED_LAUNCH=lane0_unavailable:receiver=rotating,sender=fixed
P10_CASE_PASS=lane0_unavailable
P10_PAIRED_LAUNCH=lane1_unavailable:receiver=fixed,sender=rotating
P10_CASE_PASS=lane1_unavailable
P10_PAIRED_LAUNCH=retry_migration:receiver=rotating,sender=fixed
P10_ASYNC_LANE_INJECTION=retry_migration:sender=fixed,mask=0x1,readback=0x00010001
P10_CASE_PASS=retry_migration
P10_PAIRED_LAUNCH=lane_fault_in_flight:receiver=fixed,sender=rotating
P10_ASYNC_LANE_INJECTION=lane_fault_in_flight:sender=rotating,mask=0x2,readback=0x00020000
P10_CASE_PASS=lane_fault_in_flight
P10_PAIRED_LAUNCH=scheduler_recovery:receiver=rotating,sender=fixed
P10_CASE_PASS=scheduler_recovery
P10_CASE_PASS=P10-H_endpoint_shutdown
P10_ENDPOINT_SHUTDOWN_FIXED=PASS
P10_ENDPOINT_SHUTDOWN_ROTATING=PASS
P10_XSDB_STAGE_RESULT=PASS
