{
  "P7_PS_APPLICATION_SAFE_STAGE": "FAIL_STAGE",
  "generated_at_utc": "2026-07-12T06:07:37.837627+00:00",
  "mode": "functional",
  "stage_name": "p7_ps_functional",
  "requested_execute_hardware": true,
  "hardware_actions_executed": true,
  "programmed_fpga": true,
  "programmed_candidate": false,
  "started_ps_elf": false,
  "programmed_shutdown_before": true,
  "programmed_shutdown_after": true,
  "drove_tfdu_txd": true,
  "enabled_tfdu_receiver": true,
  "uart_access": false,
  "network_used": false,
  "ethernet_used": false,
  "motion_used": false,
  "HARDWARE_ACCEPTANCE": "PENDING_HW",
  "service_runtime_limit_sec": 900,
  "wrapper_wall_budget": {
    "model": "bounded_xsdb_process_timeout",
    "service_active_window_seconds": 900,
    "stationary_active_window_is_not_extended": false,
    "candidate_process_bound_seconds": 1020,
    "preflight_timeout_seconds": 60,
    "shutdown_timeout_seconds_each": 60,
    "vivado_process_count": 3,
    "vivado_success_containment_window_seconds_each": 30,
    "vivado_failure_containment_window_seconds_each": 40,
    "vivado_containment_allowance_seconds": 90,
    "xsdb_process_count": 1,
    "xsdb_empty_proof_allowance_seconds_each": 1,
    "xsdb_containment_allowance_seconds": 1,
    "max_forced_cleanup_events": 2,
    "forced_cleanup_wait_seconds_each": 10,
    "forced_cleanup_reserve_seconds": 20,
    "outer_orchestration_guard_seconds": 120,
    "minimum_outer_wrapper_timeout_seconds": 1431
  },
  "safety_validation": {
    "P7_HARDWARE_SAFETY": "PASS",
    "ready_for_hardware_preflight": true,
    "hardware_actions_executed": false,
    "programmed_fpga": false,
    "drove_tfdu_txd": false,
    "started_ps_elf": false,
    "authorization_environment_present": true,
    "authorization": {
      "exists": true,
      "path": "C:\\Users\\user\\Documents\\RF_COMM_MULTILANE\\.hardware_authorization\\p7_20260712_stationary_app_r22_diag_suffix62_062_p7_ps_functional.txt",
      "actual_sha256": "27f1e888c4e171b3fa7a0d80bca6c9872eeb62cc21d13bc8b86d62daa430a117",
      "expected_sha256": "27f1e888c4e171b3fa7a0d80bca6c9872eeb62cc21d13bc8b86d62daa430a117",
      "markers": [
        "P7_STATIONARY_APP_LAYER_APPROVED"
      ],
      "duplicate_keys": []
    },
    "authorization_fields": {
      "AUTHORIZED_STAGE": "P7_STATIONARY_LOCAL_APPLICATION_LAYER_NO_ETHERNET",
      "USER_HARDWARE_AUTHORIZATION_FOR_P7": "GRANTED",
      "BOARD_ID": "210512180081",
      "EXPECTED_PART": "xc7z010clg400-1",
      "EXPECTED_TARGET": "localhost:3121/xilinx_tcf/Digilent/210512180081",
      "SOURCE_COMMIT": "0da648c128e4cdf363754f06a20560bc42b76aae",
      "MAX_RUNTIME_SEC": "900",
      "SHUTDOWN_ON_EXIT": "required",
      "NO_ETHERNET": "true",
      "NO_MOTION": "true",
      "LANE_COUNT": "2",
      "MAX_LANE_MASK": "0x3",
      "P7_EXECUTION_MODE": "DIAGNOSTIC_ONLY",
      "P7_COVERAGE_CLAIMED": "false",
      "HARDWARE_ACCEPTANCE": "PENDING_HW",
      "P7_FULL_STAGE_ORDINAL": "62",
      "P7_PLAN_PATH": "C:\\Users\\user\\Documents\\RF_COMM_MULTILANE\\evidence\\hardware\\p7\\artifacts\\p7_plan_c6db9d8348c3bc518fa5985595adfcdada1a08f11c9246c6103ec378b43b58dd.md",
      "P7_PLAN_SHA256": "c6db9d8348c3bc518fa5985595adfcdada1a08f11c9246c6103ec378b43b58dd",
      "BITSTREAM_PATH": "C:\\Users\\user\\Documents\\RF_COMM_MULTILANE\\evidence\\hardware\\p6\\bitstreams\\p6_ps_dynamic_transport_34cdf1c1f7c36595760cc56ae6636209fa64f9b0eebad4d145a4ed5763f23249.bit",
      "BITSTREAM_SHA256": "34cdf1c1f7c36595760cc56ae6636209fa64f9b0eebad4d145a4ed5763f23249",
      "XSA_PATH": "C:\\Users\\user\\Documents\\RF_COMM_MULTILANE\\evidence\\hardware\\p6\\bitstreams\\p6_ps_dynamic_transport_b5d1174eb46d12eb395ceabbbea3c132c5771ca6777194138e68c2eacb2e4fc9.xsa",
      "XSA_SHA256": "b5d1174eb46d12eb395ceabbbea3c132c5771ca6777194138e68c2eacb2e4fc9",
      "ELF_PATH": "C:\\Users\\user\\Documents\\RF_COMM_MULTILANE\\evidence\\hardware\\p7\\artifacts\\p7_runtime_14450369d4c6cbe27899bc69f210278e3b2076573e0122859d266fe63cc8e0ce.elf",
      "ELF_SHA256": "14450369d4c6cbe27899bc69f210278e3b2076573e0122859d266fe63cc8e0ce",
      "PROFILE_PATH": "C:\\Users\\user\\Documents\\RF_COMM_MULTILANE\\profiles\\p7\\p7_ps_application_functional.json",
      "PROFILE_SHA256": "eb0192a27d115a5b70730746982e16b954ed754f8e1a57961091a31c4d6afcd0",
      "ACTIVE_XDC_PATH": "C:\\Users\\user\\Documents\\RF_COMM_MULTILANE\\constraints\\active\\PORT1.generated.xdc",
      "ACTIVE_XDC_SHA256": "cf23a0d34a2fa76521faf4c91f3858cff2117fa6020d302d1a6109f10254f990",
      "PINMAP_PATH": "C:\\Users\\user\\Documents\\RF_COMM_MULTILANE\\board_profiles\\ax7010_tfdu_j10_j11_pinmap.csv",
      "PINMAP_SHA256": "4c7d5f0836a2ab48df7672e00f99455e582fbf477b04ed2b3b44ef38506a8a6a",
      "REGISTER_MAP_PATH": "C:\\Users\\user\\Documents\\RF_COMM_MULTILANE\\config\\register_map\\ir_axi_regs.yaml",
      "REGISTER_MAP_SHA256": "d5b0bf1476d815a3ed69988c72097827356d4eade48813c8913fc1b2d448983d",
      "SHUTDOWN_BITSTREAM_PATH": "C:\\Users\\user\\Documents\\RF_COMM_MULTILANE\\shutdown_bitstream\\tfdu_shutdown_j10_j11.bit",
      "SHUTDOWN_BITSTREAM_SHA256": "bac60b58912f0acd771dc830a6761535ec8f6a92befb1ae4cb7d928745af5810",
      "PS7_INIT_PATH": "C:\\Users\\user\\Documents\\RF_COMM_MULTILANE\\build\\p7_ps_vitis_workspace\\p7_platform\\hw\\ps7_init.tcl",
      "PS7_INIT_SHA256": "84e478d79c0b7bfe6dfc45a5a99ab850c30c7db11d8fec1dae064133dd64b448",
      "P6_PS_BUILD_SUMMARY_PATH": "C:\\Users\\user\\Documents\\RF_COMM_MULTILANE\\evidence\\generated\\vivado\\p6_ps_candidate\\p6_ps_candidate_build_summary.json",
      "P6_PS_BUILD_SUMMARY_SHA256": "49dca997225eaf339681d7b83e9d3418a7c00c17736002174edc4f78fe086f72",
      "P7_PS_BUILD_SUMMARY_PATH": "C:\\Users\\user\\Documents\\RF_COMM_MULTILANE\\evidence\\generated\\vitis\\p7_ps_runtime\\p7_ps_runtime_build_summary.json",
      "P7_PS_BUILD_SUMMARY_SHA256": "829a3b798156ab46e43308d34449f82b2f9f94afc770255bdbc58eabf14a8217",
      "P7_PS_CORE_READINESS_PATH": "C:\\Users\\user\\Documents\\RF_COMM_MULTILANE\\evidence\\generated\\p7_ps_core_hardware_readiness.json",
      "P7_PS_CORE_READINESS_SHA256": "4f32ed6c23b6cc89d8561937e3572d1cbb4087dc2cc758bacf13dde6b5bfff62",
      "ACTIVE_PROFILE_PATH": "C:\\Users\\user\\Documents\\RF_COMM_MULTILANE\\board_profiles\\ACTIVE_PROFILE.json",
      "ACTIVE_PROFILE_SHA256": "f6fb603f20dced9eaebb3aaaaa8f492931a28cb6466c7511f797341bf41b1b9b",
      "P7_LANE1_PROMOTION_SUMMARY_PATH": "C:\\Users\\user\\Documents\\RF_COMM_MULTILANE\\evidence\\generated\\p7_lane1_promotion_summary.json",
      "P7_LANE1_PROMOTION_SUMMARY_SHA256": "a46ca36868a2699bab01b96ed35a66a768e12c9ce1c918962dac83c6d62aab58",
      "P7_INPUT_PATH": "C:\\Users\\user\\Documents\\RF_COMM_MULTILANE\\build\\p7_authorized_sequence\\p7_20260712_stationary_app_r22_diag_suffix62\\inputs\\p7_ps_seed_247.bin",
      "P7_INPUT_SHA256": "49b1170cf0b069be048c0a2674829870fcb89eebe0618ef45a0b01d3da533093",
      "P7_PS_MODE": "functional",
      "P7_PS_CORE_READINESS": "PASS",
      "P7_FROZEN_SHUTDOWN_PATH": "C:\\Users\\user\\Documents\\RF_COMM_MULTILANE\\evidence\\hardware\\p7\\shutdown\\p7_frozen_shutdown_bac60b58912f0acd771dc830a6761535ec8f6a92befb1ae4cb7d928745af5810.bit",
      "P7_FROZEN_SHUTDOWN_SHA256": "bac60b58912f0acd771dc830a6761535ec8f6a92befb1ae4cb7d928745af5810",
      "P7_COUNTS_PER_SECOND": "333333343"
    },
    "source_commit_requested": "0da648c128e4cdf363754f06a20560bc42b76aae",
    "source_commit_current": "0da648c128e4cdf363754f06a20560bc42b76aae",
    "dirty_files": [
      " M evidence/generated/p7_2lane_scope_summary.md",
      " M evidence/generated/p7_application_protocol_summary.md",
      " M evidence/generated/p7_artifact_provenance_summary.json",
      " M evidence/generated/p7_artifact_provenance_summary.md",
      " M evidence/generated/p7_backend_conformance_summary.md",
      " M evidence/generated/p7_fault_recovery_summary.md",
      " M evidence/generated/p7_file_integrity_summary.md",
      " M evidence/generated/p7_fragmentation_reassembly_summary.md",
      " M evidence/generated/p7_lane1_promotion_summary.json",
      " M evidence/generated/p7_lane_scheduler_summary.md",
      " M evidence/generated/p7_no_ethernet_summary.md",
      " M evidence/generated/p7_no_motion_summary.md",
      " M evidence/generated/p7_offline_gate_summary.json",
      " M evidence/generated/p7_offline_gate_summary.md",
      " M evidence/generated/p7_offline_test_run.json",
      " M evidence/generated/p7_protocol_vector_summary.md",
      " M evidence/generated/p7_ps_core_hardware_readiness.json",
      " M evidence/generated/p7_ps_runtime_build_summary.json",
      " M evidence/generated/p7_ps_runtime_summary.md",
      " M evidence/generated/p7_queue_backpressure_summary.md",
      " M evidence/generated/p7_repo_intake.md",
      " M evidence/generated/p7_repo_intake_summary.json",
      " M evidence/generated/p7_repo_intake_summary.md",
      " M evidence/generated/p7_segmentation_reassembly_summary.md",
      " M evidence/generated/vitis/p7_ps_runtime/p7_ps_runtime_build_summary.json",
      "?? evidence/hardware/p7/authorized_sequence/p7_20260712_stationary_app_r22_diag_suffix62/"
    ],
    "max_runtime_sec": 900,
    "lane_count": 2,
    "max_lane_mask": "0x3",
    "no_ethernet": true,
    "no_motion": true,
    "shutdown_on_exit": true,
    "abort_file": "C:\\Users\\user\\Documents\\RF_COMM_MULTILANE\\.hardware_authorization\\ABORT_NOW.txt",
    "abort_file_present": false,
    "hw_server_url": "localhost:3121",
    "preflight_tcl": "C:\\Users\\user\\Documents\\RF_COMM_MULTILANE\\scripts\\hw\\p7_hw_preflight.tcl",
    "preflight_tcl_sha256": "95bfbdf7e6c429e6637c1b4224a9dcecaa1fd756a1f665b21a797d54afbfc464",
    "artifacts": {
      "plan": {
        "path": "C:\\Users\\user\\Documents\\RF_COMM_MULTILANE\\evidence\\hardware\\p7\\artifacts\\p7_plan_c6db9d8348c3bc518fa5985595adfcdada1a08f11c9246c6103ec378b43b58dd.md",
        "expected_sha256": "c6db9d8348c3bc518fa5985595adfcdada1a08f11c9246c6103ec378b43b58dd",
        "exists": true,
        "actual_sha256": "c6db9d8348c3bc518fa5985595adfcdada1a08f11c9246c6103ec378b43b58dd"
      },
      "bitstream": {
        "path": "C:\\Users\\user\\Documents\\RF_COMM_MULTILANE\\evidence\\hardware\\p6\\bitstreams\\p6_ps_dynamic_transport_34cdf1c1f7c36595760cc56ae6636209fa64f9b0eebad4d145a4ed5763f23249.bit",
        "expected_sha256": "34cdf1c1f7c36595760cc56ae6636209fa64f9b0eebad4d145a4ed5763f23249",
        "exists": true,
        "actual_sha256": "34cdf1c1f7c36595760cc56ae6636209fa64f9b0eebad4d145a4ed5763f23249"
      },
      "xsa": {
        "path": "C:\\Users\\user\\Documents\\RF_COMM_MULTILANE\\evidence\\hardware\\p6\\bitstreams\\p6_ps_dynamic_transport_b5d1174eb46d12eb395ceabbbea3c132c5771ca6777194138e68c2eacb2e4fc9.xsa",
        "expected_sha256": "b5d1174eb46d12eb395ceabbbea3c132c5771ca6777194138e68c2eacb2e4fc9",
        "exists": true,
        "actual_sha256": "b5d1174eb46d12eb395ceabbbea3c132c5771ca6777194138e68c2eacb2e4fc9"
      },
      "elf": {
        "path": "C:\\Users\\user\\Documents\\RF_COMM_MULTILANE\\evidence\\hardware\\p7\\artifacts\\p7_runtime_14450369d4c6cbe27899bc69f210278e3b2076573e0122859d266fe63cc8e0ce.elf",
        "expected_sha256": "14450369d4c6cbe27899bc69f210278e3b2076573e0122859d266fe63cc8e0ce",
        "exists": true,
        "actual_sha256": "14450369d4c6cbe27899bc69f210278e3b2076573e0122859d266fe63cc8e0ce"
      },
      "profile": {
        "path": "C:\\Users\\user\\Documents\\RF_COMM_MULTILANE\\profiles\\p7\\p7_ps_application_functional.json",
        "expected_sha256": "eb0192a27d115a5b70730746982e16b954ed754f8e1a57961091a31c4d6afcd0",
        "exists": true,
        "actual_sha256": "eb0192a27d115a5b70730746982e16b954ed754f8e1a57961091a31c4d6afcd0"
      },
      "active_xdc": {
        "path": "C:\\Users\\user\\Documents\\RF_COMM_MULTILANE\\constraints\\active\\PORT1.generated.xdc",
        "expected_sha256": "cf23a0d34a2fa76521faf4c91f3858cff2117fa6020d302d1a6109f10254f990",
        "exists": true,
        "actual_sha256": "cf23a0d34a2fa76521faf4c91f3858cff2117fa6020d302d1a6109f10254f990"
      },
      "pinmap": {
        "path": "C:\\Users\\user\\Documents\\RF_COMM_MULTILANE\\board_profiles\\ax7010_tfdu_j10_j11_pinmap.csv",
        "expected_sha256": "4c7d5f0836a2ab48df7672e00f99455e582fbf477b04ed2b3b44ef38506a8a6a",
        "exists": true,
        "actual_sha256": "4c7d5f0836a2ab48df7672e00f99455e582fbf477b04ed2b3b44ef38506a8a6a"
      },
      "register_map": {
        "path": "C:\\Users\\user\\Documents\\RF_COMM_MULTILANE\\config\\register_map\\ir_axi_regs.yaml",
        "expected_sha256": "d5b0bf1476d815a3ed69988c72097827356d4eade48813c8913fc1b2d448983d",
        "exists": true,
        "actual_sha256": "d5b0bf1476d815a3ed69988c72097827356d4eade48813c8913fc1b2d448983d"
      },
      "shutdown_bitstream": {
        "path": "C:\\Users\\user\\Documents\\RF_COMM_MULTILANE\\shutdown_bitstream\\tfdu_shutdown_j10_j11.bit",
        "expected_sha256": "bac60b58912f0acd771dc830a6761535ec8f6a92befb1ae4cb7d928745af5810",
        "exists": true,
        "actual_sha256": "bac60b58912f0acd771dc830a6761535ec8f6a92befb1ae4cb7d928745af5810"
      }
    },
    "errors": [],
    "warnings": [
      "workspace has uncommitted changes; frozen artifact hashes remain authoritative"
    ]
  },
  "stage_validation_errors": [],
  "core_hardware_readiness": {
    "path": "C:\\Users\\user\\Documents\\RF_COMM_MULTILANE\\evidence\\generated\\p7_ps_core_hardware_readiness.json",
    "expected_sha256": "4f32ed6c23b6cc89d8561937e3572d1cbb4087dc2cc758bacf13dde6b5bfff62",
    "actual_sha256": "4f32ed6c23b6cc89d8561937e3572d1cbb4087dc2cc758bacf13dde6b5bfff62",
    "status": "PASS",
    "errors": [],
    "attestation": {
      "schema": "rf-comm-p7-ps-core-hardware-readiness-v1",
      "P7_PS_CORE_HARDWARE_READINESS": "PASS",
      "generated_at_utc": "2026-07-12T05:54:13+00:00",
      "hardware_actions_executed": false,
      "HARDWARE_ACCEPTANCE": "PENDING_HW",
      "checks": {
        "host_command_cache_disabled_or_isolated": true,
        "deadline_frozen_in_private_context": true,
        "active_transfer_obeys_absolute_deadline": true,
        "stop_abort_shutdown_observed_during_active_object": true,
        "shutdown_readback_verified": true,
        "failure_cleanup_shutdown_first": true,
        "failure_wipe_uses_private_validated_range": true,
        "descriptor_ready_published_last": true,
        "terminal_descriptor_stable_snapshot": true,
        "phy_reenabled_and_startup_ready_waited": true,
        "runtime_terminal_after_exact_deadline": true,
        "runtime_elapsed_seqlock_and_monotonic_reader": true,
        "runtime_elapsed_causal_request_release": true,
        "object_latency_start_precedes_input_integrity": true,
        "firmware_stationary_admission_cutoff": true,
        "contained_child_tree_reaped_before_shutdown": true,
        "strict_ring_host_publication_supported": true,
        "stationary_identity_ledger_bound": true,
        "native_shutdown_readback_test": true,
        "p7_python_and_codec_tests": true,
        "real_vitis_build_source_bound": true
      },
      "sources": {
        "software/ps_driver/p7_app_service.h": "95cf7c82b6ddb701b9ea64a4a25a7c9308ba7f13e674f80a0e38fec5b7fbb166",
        "software/ps_driver/p7_admission_contract.h": "12f38347e8cb15857342d9c70a61a6e92a1eeddb40224637a0280c5400ce5d41",
        "software/ps_driver/p7_app_service.c": "6ac74916fdd75bda7a32a870641e6d6f5dfb44352400e91237faa60b6af05e0a",
        "software/ps_driver/p7_runtime_main.c": "cd5d98832dfd7bbe76a5ed90d70fba29008f1359710625dbe293e3eca0d5f6c9",
        "software/ps_driver/ir_driver.h": "09f0329fbec7d79429e4a4e3894526244dd74439540650692a28fd2867d29d07",
        "software/ps_driver/ir_driver.c": "0aaaf6234bf17d00ecac436b79cd43cc8690880f7e807e7cc92ce1b0f5fcd614",
        "tools/p7_ps_mailbox_backend.py": "8b3a6295f876c05789c96ac47fbff34c795557d2eaa9f7a5f84c90752ed2fbc5",
        "scripts/hw/run_p7_ps_application_stage_safe.py": "8d23189757ea5063cb71cb6d8d16700df27e5ccb6d7cee159d22fe717069e12b",
        "scripts/hw/p7_ps_application_execute.tcl": "5a53797ae7180a68bc2d8775162afb37678b95b97e029a00f16b978e69f72ac4",
        "scripts/hw/run_p7_jtag_axi_stage_safe.py": "8472cda8e66dc14ef856f7541139bb63400b7aebe9d19d30d37dd00260447dd2",
        "tools/p7_contained_launcher.py": "fe7ab681732b2ce2cb30c9233a1f58e3235d5f7b0da570a924af4a89f2fc7ca1"
      },
      "native_shutdown_test": {
        "compiler": "D:\\Xilinx\\Vitis_HLS\\2023.1\\tps\\mingw\\8.3.0\\win64.o\\nt\\bin\\gcc.exe",
        "compile_returncode": 0,
        "compile_stdout": "",
        "compile_stderr": "",
        "returncode": 0,
        "stdout": "",
        "stderr": ""
      },
      "native_stationary_admission_test": {
        "compiler": "D:\\Xilinx\\Vitis_HLS\\2023.1\\tps\\mingw\\8.3.0\\win64.o\\nt\\bin\\gcc.exe",
        "compile_returncode": 0,
        "compile_stdout": "",
        "compile_stderr": "",
        "returncode": 0,
        "stdout": "",
        "stderr": ""
      },
      "unit_tests": {
        "command": "C:\\Users\\user\\AppData\\Local\\Programs\\Python\\Python314\\python.exe -B -m unittest discover -s tests/p7 -p test*.py -v",
        "returncode": 0,
        "stdout": "",
        "stderr": "test_completed_object_replay_same_is_idempotent (test_p7_application.ProtocolTests.test_completed_object_replay_same_is_idempotent) ... ok\ntest_duplicate_different_rejected (test_p7_application.ProtocolTests.test_duplicate_different_rejected) ... ok\ntest_duplicate_same_is_idempotent (test_p7_application.ProtocolTests.test_duplicate_same_is_idempotent) ... ok\ntest_empty_object_is_header_only (test_p7_application.ProtocolTests.test_empty_object_is_header_only) ... ok\ntest_invalid_header_fields (test_p7_application.ProtocolTests.test_invalid_header_fields) ... ok\ntest_missing_fragment_never_complete (test_p7_application.ProtocolTests.test_missing_fragment_never_complete) ... ok\ntest_object_crc_failure (test_p7_application.ProtocolTests.test_object_crc_failure) ... ok\ntest_out_of_order_rejected (test_p7_application.ProtocolTests.test_out_of_order_rejected) ... ok\ntest_pattern_matrix (test_p7_application.ProtocolTests.test_pattern_matrix) ... ok\ntest_size_matrix (test_p7_application.ProtocolTests.test_size_matrix) ... ok\ntest_stale_session_rejected (test_p7_application.ProtocolTests.test_stale_session_rejected) ... ok\ntest_completed_descriptor_integrity (test_p7_application.PsMailboxCodecTests.test_completed_descriptor_integrity) ... ok\ntest_completed_descriptor_rejects_safety_and_lane_mismatch (test_p7_application.PsMailboxCodecTests.test_completed_descriptor_rejects_safety_and_lane_mismatch) ... ok\ntest_completed_descriptor_rejects_stale_identity_and_sequence (test_p7_application.PsMailboxCodecTests.test_completed_descriptor_rejects_stale_identity_and_sequence) ... ok\ntest_descriptor_ready_is_a_separate_last_publication (test_p7_application.PsMailboxCodecTests.test_descriptor_ready_is_a_separate_last_publication) ... ok\ntest_descriptor_roundtrip (test_p7_application.PsMailboxCodecTests.test_descriptor_roundtrip) ... ok\ntest_invalid_ps_ranges_rejected (test_p7_application.PsMailboxCodecTests.test_invalid_ps_ranges_rejected) ... ok\ntest_mailbox_codec (test_p7_application.PsMailboxCodecTests.test_mailbox_codec) ... ok\ntest_mailbox_runtime_bounds (test_p7_application.PsMailboxCodecTests.test_mailbox_runtime_bounds) ... ok\ntest_runtime_elapsed_seqlock_rejects_rollover_tears_and_regression (test_p7_application.PsMailboxCodecTests.test_runtime_elapsed_seqlock_rejects_rollover_tears_and_regression) ... ok\ntest_terminal_snapshot_rejects_torn_reads (test_p7_application.PsMailboxCodecTests.test_terminal_snapshot_rejects_torn_reads) ... ok\ntest_trace_geometry_overlap_and_end_boundary (test_p7_application.PsMailboxCodecTests.test_trace_geometry_overlap_and_end_boundary) ... ok\ntest_uint32_identity_boundaries (test_p7_application.PsMailboxCodecTests.test_uint32_identity_boundaries) ... ok\ntest_abort_and_restart_new_epoch (test_p7_application.TransportTests.test_abort_and_restart_new_epoch) ... ok\ntest_atomic_file_commit (test_p7_application.TransportTests.test_atomic_file_commit) ... ok\ntest_backend_conformance (test_p7_application.TransportTests.test_backend_conformance) ... ok\ntest_both_lanes_unavailable_bounded_failure (test_p7_application.TransportTests.test_both_lanes_unavailable_bounded_failure) ... ok\ntest_lane_fallback (test_p7_application.TransportTests.test_lane_fallback) ... ok\ntest_queue_backpressure_and_order (test_p7_application.TransportTests.test_queue_backpressure_and_order) ... ok\ntest_replication_semantics (test_p7_application.TransportTests.test_replication_semantics) ... ok\ntest_tcp_stub_cannot_open (test_p7_application.TransportTests.test_tcp_stub_cannot_open) ... ok\ntest_embedded_self_test (test_p7_jtag_backend.P7JtagBackendTests.test_embedded_self_test) ... ok\ntest_error_counter_and_rx_corruption_are_rejected (test_p7_jtag_backend.P7JtagBackendTests.test_error_counter_and_rx_corruption_are_rejected) ... ok\ntest_large_object_operation_formula_and_limits (test_p7_jtag_backend.P7JtagBackendTests.test_large_object_operation_formula_and_limits) ... ok\ntest_memory_mock_roundtrip_sizes_and_lane_policies (test_p7_jtag_backend.P7JtagBackendTests.test_memory_mock_roundtrip_sizes_and_lane_policies) ... ok\ntest_missing_and_duplicate_raw_keys_are_rejected_atomically (test_p7_jtag_backend.P7JtagBackendTests.test_missing_and_duplicate_raw_keys_are_rejected_atomically) ... ok\ntest_real_r5_clear_scoped_raw_pulse_evidence_parses (test_p7_jtag_backend.P7JtagBackendTests.test_real_r5_clear_scoped_raw_pulse_evidence_parses) ... ok\ntest_real_r8_retry_evidence_parses (test_p7_jtag_backend.P7JtagBackendTests.test_real_r8_retry_evidence_parses) ... ok\ntest_retry_delta_allows_duplicate_valid_frames_and_is_bounded (test_p7_jtag_backend.P7JtagBackendTests.test_retry_delta_allows_duplicate_valid_frames_and_is_bounded) ... ok\n\n----------------------------------------------------------------------\nRan 39 tests in 1.282s\n\nOK\n"
      },
      "build_summary": "evidence/generated/vitis/p7_ps_runtime/p7_ps_runtime_build_summary.json"
    },
    "source_fingerprint": "31f39219694b76590db1d9b7513f825e4a2b7df9349d3d8ffc96545f99c94575"
  },
  "raw_exit_policy": "every_process_must_return_exactly_zero_and_match_fresh_markers",
  "output_atomicity": "temp_fsync_replace_for_host_outputs_and_partial_rename_for_XSDB_dumps",
  "evidence_dir": "C:\\Users\\user\\Documents\\RF_COMM_MULTILANE\\evidence\\hardware\\p7\\authorized_sequence\\p7_20260712_stationary_app_r22_diag_suffix62\\062_p7_ps_functional",
  "bundle_manifest": {
    "path": "C:\\Users\\user\\Documents\\RF_COMM_MULTILANE\\evidence\\hardware\\p7\\authorized_sequence\\p7_20260712_stationary_app_r22_diag_suffix62\\062_p7_ps_functional\\bundle\\bundle_manifest.json",
    "size_bytes": 109313,
    "sha256": "57cf3cbf50908e5a1a6a372a49d6dc9ca7fe39c9b7c48848c7bc9781209f5bf4"
  },
  "execution_plan": {
    "path": "C:\\Users\\user\\Documents\\RF_COMM_MULTILANE\\evidence\\hardware\\p7\\authorized_sequence\\p7_20260712_stationary_app_r22_diag_suffix62\\062_p7_ps_functional\\bundle\\execution_plan.txt",
    "size_bytes": 4438,
    "sha256": "2cac968ba397a3ccfe5ad2cd67491fd42f31b10957f4fc27c27e859df8dc8a8e"
  },
  "scheduling_cutoff_sec": 840,
  "frozen_shutdown": {
    "path": "C:\\Users\\user\\Documents\\RF_COMM_MULTILANE\\evidence\\hardware\\p7\\shutdown\\p7_frozen_shutdown_bac60b58912f0acd771dc830a6761535ec8f6a92befb1ae4cb7d928745af5810.bit",
    "size_bytes": 2083853,
    "sha256": "bac60b58912f0acd771dc830a6761535ec8f6a92befb1ae4cb7d928745af5810"
  },
  "bundle_pre_run_file_count": 238,
  "hardware_execution_lock": {
    "path": "C:\\Users\\user\\Documents\\RF_COMM_MULTILANE\\.hardware_authorization\\P7_HARDWARE_EXECUTION.lock",
    "token_sha256": "43c267957da11fad9be048da1119964d49957e60412165e91da1ec7a1e40b53e",
    "owner": {
      "schema": "rf-comm-p7-hardware-execution-lock-v1",
      "pid": 45104,
      "wrapper": "run_p7_ps_application_stage_safe.py",
      "mode": "functional",
      "stage_name": "p7_ps_functional",
      "acquired_at_utc": "2026-07-12T06:07:39.629403+00:00",
      "evidence_dir": "C:\\Users\\user\\Documents\\RF_COMM_MULTILANE\\evidence\\hardware\\p7\\authorized_sequence\\p7_20260712_stationary_app_r22_diag_suffix62\\062_p7_ps_functional"
    },
    "acquired": true,
    "stale_lock_auto_recovery": false
  },
  "preflight": {
    "name": "preflight",
    "returncode": 0,
    "stdout_path": "C:\\Users\\user\\Documents\\RF_COMM_MULTILANE\\evidence\\hardware\\p7\\authorized_sequence\\p7_20260712_stationary_app_r22_diag_suffix62\\062_p7_ps_functional\\preflight.stdout.log",
    "stderr_path": "C:\\Users\\user\\Documents\\RF_COMM_MULTILANE\\evidence\\hardware\\p7\\authorized_sequence\\p7_20260712_stationary_app_r22_diag_suffix62\\062_p7_ps_functional\\preflight.stderr.log",
    "elapsed_seconds": 31.184615,
    "argv": [
      "D:\\Xilinx\\Vivado\\2023.1\\bin\\vivado.bat",
      "-mode",
      "batch",
      "-source",
      "C:\\Users\\user\\Documents\\RF_COMM_MULTILANE\\scripts\\hw\\p7_hw_preflight.tcl",
      "-tclargs",
      "C:\\Users\\user\\Documents\\RF_COMM_MULTILANE",
      "C:\\Users\\user\\Documents\\RF_COMM_MULTILANE\\.hardware_authorization\\p7_20260712_stationary_app_r22_diag_suffix62_062_p7_ps_functional.txt",
      "210512180081",
      "xc7z010clg400-1",
      "localhost:3121/xilinx_tcf/Digilent/210512180081",
      "localhost:3121",
      "C:\\Users\\user\\Documents\\RF_COMM_MULTILANE\\evidence\\hardware\\p7\\authorized_sequence\\p7_20260712_stationary_app_r22_diag_suffix62\\062_p7_ps_functional\\p7_hw_preflight_result.txt.partial"
    ],
    "started_at_utc": "2026-07-12T06:07:39.635517+00:00",
    "ended_at_utc": "2026-07-12T06:08:10.820685+00:00",
    "timed_out": false,
    "abort_seen": false,
    "interrupted": false,
    "process_tree_terminated": false,
    "process_tree_reaped": true,
    "containment_kind": "WINDOWS_JOB_OBJECT_KILL_ON_CLOSE",
    "containment_assigned": true,
    "containment_closed": true,
    "descendant_count_after": 0,
    "expected_tool_daemon_grace_used": true,
    "expected_tool_daemon_grace_seconds": 30.0,
    "expected_tool_daemon_paths": [
      "D:\\Xilinx\\Vivado\\2023.1\\bin\\unwrapped\\win64.o\\cs_server.exe",
      "D:\\Xilinx\\Vivado\\2023.1\\bin\\unwrapped\\win64.o\\rdi_xsdb.exe",
      "C:\\Windows\\System32\\cmd.exe",
      "C:\\Windows\\System32\\conhost.exe"
    ],
    "descendant_paths_seen": [
      "C:\\Windows\\System32\\conhost.exe",
      "C:\\Windows\\System32\\conhost.exe",
      "D:\\Xilinx\\Vivado\\2023.1\\bin\\unwrapped\\win64.o\\cs_server.exe",
      "D:\\Xilinx\\Vivado\\2023.1\\bin\\unwrapped\\win64.o\\cs_server.exe",
      "C:\\Windows\\System32\\cmd.exe",
      "D:\\Xilinx\\Vivado\\2023.1\\bin\\unwrapped\\win64.o\\rdi_xsdb.exe"
    ],
    "descendant_processes_seen": [
      {
        "pid": 6436,
        "parent_pid": 29212,
        "parent_active_globally": true,
        "image_path": "C:\\Windows\\System32\\conhost.exe",
        "creation_time_100ns": 134283100687261773
      },
      {
        "pid": 16604,
        "parent_pid": 25576,
        "parent_active_globally": false,
        "image_path": "C:\\Windows\\System32\\conhost.exe",
        "creation_time_100ns": 134283100675477311
      },
      {
        "pid": 20508,
        "parent_pid": 24552,
        "parent_active_globally": true,
        "image_path": "D:\\Xilinx\\Vivado\\2023.1\\bin\\unwrapped\\win64.o\\cs_server.exe",
        "creation_time_100ns": 134283100683252733
      },
      {
        "pid": 24552,
        "parent_pid": 33712,
        "parent_active_globally": false,
        "image_path": "D:\\Xilinx\\Vivado\\2023.1\\bin\\unwrapped\\win64.o\\cs_server.exe",
        "creation_time_100ns": 134283100682326837
      },
      {
        "pid": 29212,
        "parent_pid": 41528,
        "parent_active_globally": false,
        "image_path": "C:\\Windows\\System32\\cmd.exe",
        "creation_time_100ns": 134283100687202664
      },
      {
        "pid": 40464,
        "parent_pid": 29212,
        "parent_active_globally": true,
        "image_path": "D:\\Xilinx\\Vivado\\2023.1\\bin\\unwrapped\\win64.o\\rdi_xsdb.exe",
        "creation_time_100ns": 134283100690354502
      }
    ],
    "expected_tool_daemon_classification": "EXACT_R2_VIVADO_EXIT_HELPER_FOREST",
    "expected_tool_daemon_topology_snapshots": [
      {
        "classification": "EXACT_R2_VIVADO_EXIT_HELPER_FOREST",
        "elapsed_seconds": 0.00715,
        "processes": [
          {
            "pid": 6436,
            "parent_pid": 29212,
            "parent_active_globally": true,
            "image_path": "C:\\Windows\\System32\\conhost.exe",
            "creation_time_100ns": 134283100687261773
          },
          {
            "pid": 16604,
            "parent_pid": 25576,
            "parent_active_globally": false,
            "image_path": "C:\\Windows\\System32\\conhost.exe",
            "creation_time_100ns": 134283100675477311
          },
          {
            "pid": 20508,
            "parent_pid": 24552,
            "parent_active_globally": true,
            "image_path": "D:\\Xilinx\\Vivado\\2023.1\\bin\\unwrapped\\win64.o\\cs_server.exe",
            "creation_time_100ns": 134283100683252733
          },
          {
            "pid": 24552,
            "parent_pid": 33712,
            "parent_active_globally": false,
            "image_path": "D:\\Xilinx\\Vivado\\2023.1\\bin\\unwrapped\\win64.o\\cs_server.exe",
            "creation_time_100ns": 134283100682326837
          },
          {
            "pid": 29212,
            "parent_pid": 41528,
            "parent_active_globally": false,
            "image_path": "C:\\Windows\\System32\\cmd.exe",
            "creation_time_100ns": 134283100687202664
          },
          {
            "pid": 40464,
            "parent_pid": 29212,
            "parent_active_globally": true,
            "image_path": "D:\\Xilinx\\Vivado\\2023.1\\bin\\unwrapped\\win64.o\\rdi_xsdb.exe",
            "creation_time_100ns": 134283100690354502
          }
        ]
      },
      {
        "classification": "STRICT_SHRINK_SUBSET_OF_EXACT_R2_VIVADO_EXIT_HELPER_FOREST",
        "elapsed_seconds": 19.573554,
        "processes": [
          {
            "pid": 16604,
            "parent_pid": 25576,
            "parent_active_globally": false,
            "image_path": "C:\\Windows\\System32\\conhost.exe",
            "creation_time_100ns": 134283100675477311
          },
          {
            "pid": 20508,
            "parent_pid": 24552,
            "parent_active_globally": true,
            "image_path": "D:\\Xilinx\\Vivado\\2023.1\\bin\\unwrapped\\win64.o\\cs_server.exe",
            "creation_time_100ns": 134283100683252733
          },
          {
            "pid": 24552,
            "parent_pid": 33712,
            "parent_active_globally": false,
            "image_path": "D:\\Xilinx\\Vivado\\2023.1\\bin\\unwrapped\\win64.o\\cs_server.exe",
            "creation_time_100ns": 134283100682326837
          }
        ]
      },
      {
        "classification": "EMPTY",
        "elapsed_seconds": 20.714925,
        "processes": []
      }
    ],
    "expected_tool_daemon_topology_revalidation_count": 191,
    "expected_tool_daemon_topology_monotonic": true,
    "expected_tool_daemon_topology_sample_elapsed_seconds": [
      4.4e-05,
      0.00715,
      0.116548,
      0.224845,
      0.333851,
      0.442893,
      0.551604,
      0.659789,
      0.769271,
      0.878817,
      0.987673,
      1.095137,
      1.204096,
      1.311095,
      1.419318,
      1.527965,
      1.635707,
      1.743796,
      1.851499,
      1.960069,
      2.069003,
      2.177184,
      2.286284,
      2.394638,
      2.507057,
      2.615383,
      2.723811,
      2.832106,
      2.939811,
      3.047945,
      3.156961,
      3.265541,
      3.374992,
      3.48417,
      3.592717,
      3.701028,
      3.809687,
      3.918667,
      4.02715,
      4.13615,
      4.244115,
      4.352032,
      4.460125,
      4.569135,
      4.676932,
      4.785548,
      4.894165,
      5.003858,
      5.11236,
      5.221065,
      5.329381,
      5.437869,
      5.546114,
      5.654229,
      5.762962,
      5.871107,
      5.979995,
      6.088355,
      6.197101,
      6.306229,
      6.414504,
      6.523476,
      6.631484,
      6.740366,
      6.849106,
      6.957351,
      7.065063,
      7.173484,
      7.282142,
      7.392315,
      7.500336,
      7.608859,
      7.717532,
      7.826379,
      7.934678,
      8.043625,
      8.152055,
      8.260209,
      8.368127,
      8.476894,
      8.585235,
      8.693056,
      8.810966,
      8.926287,
      9.041602,
      9.150649,
      9.259188,
      9.367395,
      9.476429,
      9.584997,
      9.693373,
      9.801607,
      9.910891,
      10.018359,
      10.126893,
      10.235799,
      10.343922,
      10.453378,
      10.562239,
      10.671404,
      10.780857,
      10.889427,
      10.998159,
      11.107003,
      11.215657,
      11.321871,
      11.430541,
      11.53892,
      11.646724,
      11.755463,
      11.868165,
      11.976977,
      12.085327,
      12.194053,
      12.302634,
      12.411391,
      12.52091,
      12.629925,
      12.737997,
      12.846844,
      12.954087,
      13.064435,
      13.174351,
      13.283227,
      13.391579,
      13.50048,
      13.609255,
      13.716901,
      13.825656,
      13.934255,
      14.042145,
      14.150803,
      14.258064,
      14.364981,
      14.474816,
      14.582936,
      14.690357,
      14.799705,
      14.908461,
      15.015496,
      15.123918,
      15.232636,
      15.339741,
      15.4464,
      15.555111,
      15.664153,
      15.772719,
      15.882118,
      15.991454,
      16.099526,
      16.209076,
      16.316777,
      16.425122,
      16.531947,
      16.640815,
      16.74953,
      16.856107,
      16.964647,
      17.073887,
      17.182197,
      17.290735,
      17.399554,
      17.507746,
      17.61656,
      17.725473,
      17.835133,
      17.943452,
      18.052114,
      18.160505,
      18.269281,
      18.377668,
      18.485825,
      18.594399,
      18.70337,
      18.810299,
      18.920713,
      19.029737,
      19.138189,
      19.24718,
      19.356233,
      19.46527,
      19.573554,
      19.681325,
      19.789703,
      19.897435,
      20.006676,
      20.1158,
      20.223082,
      20.338181,
      20.446928,
      20.555154,
      20.663919,
      20.714925
    ],
    "expected_tool_daemon_topology_max_sample_gap_seconds": 0.11791,
    "expected_tool_daemon_grace_elapsed_seconds": 20.714944,
    "expected_tool_daemon_hashes_verified": true,
    "expected_tool_daemon_sha256_by_role": {
      "cs_server": "9bf0e15ffe162a96679c14b8117cf8ebe8a47b8032bee4ab8cb0317c112df536",
      "rdi_xsdb": "3193d8c4e7115e82e5b4ea6c2eb1aa8a7566bd5a9f9c78e9d901b9eab9d4ebfc",
      "cmd": "75320a519959cc6d089ea3eba33c38caccb7f138a025ea439bc9686cdb79ded4",
      "conhost": "a93cbb36b9c02364be6a72817174c46f94b66715549f279c6592ed659d237911"
    },
    "expected_tool_daemon_hash_error": "",
    "expected_tool_daemon_prelaunch_hashes_verified": true,
    "expected_tool_daemon_prelaunch_sha256_by_role": {
      "cs_server": "9bf0e15ffe162a96679c14b8117cf8ebe8a47b8032bee4ab8cb0317c112df536",
      "rdi_xsdb": "3193d8c4e7115e82e5b4ea6c2eb1aa8a7566bd5a9f9c78e9d901b9eab9d4ebfc",
      "cmd": "75320a519959cc6d089ea3eba33c38caccb7f138a025ea439bc9686cdb79ded4",
      "conhost": "a93cbb36b9c02364be6a72817174c46f94b66715549f279c6592ed659d237911"
    },
    "expected_tool_daemon_prelaunch_hash_error": "",
    "expected_tool_daemon_postexit_hashes_verified": true,
    "expected_tool_daemon_postexit_sha256_by_role": {
      "cs_server": "9bf0e15ffe162a96679c14b8117cf8ebe8a47b8032bee4ab8cb0317c112df536",
      "rdi_xsdb": "3193d8c4e7115e82e5b4ea6c2eb1aa8a7566bd5a9f9c78e9d901b9eab9d4ebfc",
      "cmd": "75320a519959cc6d089ea3eba33c38caccb7f138a025ea439bc9686cdb79ded4",
      "conhost": "a93cbb36b9c02364be6a72817174c46f94b66715549f279c6592ed659d237911"
    },
    "expected_tool_daemon_postexit_hash_error": "",
    "expected_tool_daemon_topology_error": "",
    "expected_tool_daemon_topology_terminal_empty": true,
    "process_identity_query_retry_count": 0,
    "process_exit_race_recheck_count": 0,
    "process_identity_query_transient_errors": [],
    "containment_cleanup_attempted": false,
    "containment_cleanup_terminated": false,
    "process_exit_race_rechecked": false,
    "process_identity_query_retried": false,
    "containment_query_error": "",
    "launch_error": "",
    "watchdog_reason": "",
    "active_marker_seen": false,
    "safe_terminal_marker_seen": false,
    "passed": true,
    "failures": []
  },
  "target_identity": {
    "P7_HW_PREFLIGHT_AUTHORIZED": "1",
    "P7_HW_PREFLIGHT_READ_ONLY": "1",
    "P7_HW_PREFLIGHT_BOARD_ID": "210512180081",
    "P7_HW_PREFLIGHT_TARGET": "localhost:3121/xilinx_tcf/Digilent/210512180081",
    "P7_HW_PREFLIGHT_DEVICE": "xc7z010_1",
    "P7_HW_PREFLIGHT_PART": "xc7z010clg400-1",
    "P7_HW_PREFLIGHT_IDCODE": "00010011011100100010000010010011",
    "P7_HW_PREFLIGHT_CANONICAL_PART": "xc7z010clg400-1",
    "P7_HW_PREFLIGHT_LIVE_PART": "xc7z010",
    "P7_HW_PREFLIGHT_LIVE_DEVICE": "xc7z010_1",
    "P7_HW_PREFLIGHT_LIVE_IDCODE": "00010011011100100010000010010011",
    "P7_HW_PREFLIGHT_RESULT": "PASS"
  },
  "shutdown_before": {
    "name": "shutdown_before",
    "returncode": 0,
    "stdout_path": "C:\\Users\\user\\Documents\\RF_COMM_MULTILANE\\evidence\\hardware\\p7\\authorized_sequence\\p7_20260712_stationary_app_r22_diag_suffix62\\062_p7_ps_functional\\shutdown_before.stdout.log",
    "stderr_path": "C:\\Users\\user\\Documents\\RF_COMM_MULTILANE\\evidence\\hardware\\p7\\authorized_sequence\\p7_20260712_stationary_app_r22_diag_suffix62\\062_p7_ps_functional\\shutdown_before.stderr.log",
    "elapsed_seconds": 48.3969,
    "argv": [
      "D:\\Xilinx\\Vivado\\2023.1\\bin\\vivado.bat",
      "-mode",
      "batch",
      "-source",
      "C:\\Users\\user\\Documents\\RF_COMM_MULTILANE\\scripts\\hw\\p7_jtag_axi_transactions.tcl",
      "-tclargs",
      "C:\\Users\\user\\Documents\\RF_COMM_MULTILANE",
      "SHUTDOWN",
      "C:\\Users\\user\\Documents\\RF_COMM_MULTILANE\\.hardware_authorization\\p7_20260712_stationary_app_r22_diag_suffix62_062_p7_ps_functional.txt",
      "210512180081",
      "xc7z010clg400-1",
      "localhost:3121/xilinx_tcf/Digilent/210512180081",
      "localhost:3121",
      "1000000",
      "C:\\Users\\user\\Documents\\RF_COMM_MULTILANE\\evidence\\hardware\\p7\\shutdown\\p7_frozen_shutdown_bac60b58912f0acd771dc830a6761535ec8f6a92befb1ae4cb7d928745af5810.bit",
      "-",
      "-",
      "C:\\Users\\user\\Documents\\RF_COMM_MULTILANE\\evidence\\hardware\\p7\\authorized_sequence\\p7_20260712_stationary_app_r22_diag_suffix62\\062_p7_ps_functional\\shutdown_before_result.txt.partial",
      "0x43c00000",
      "1",
      "134217728",
      "900",
      "C:\\Users\\user\\Documents\\RF_COMM_MULTILANE\\evidence\\hardware\\p7\\shutdown\\p7_frozen_shutdown_bac60b58912f0acd771dc830a6761535ec8f6a92befb1ae4cb7d928745af5810.bit"
    ],
    "started_at_utc": "2026-07-12T06:08:10.829994+00:00",
    "ended_at_utc": "2026-07-12T06:08:59.227401+00:00",
    "timed_out": false,
    "abort_seen": false,
    "interrupted": false,
    "process_tree_terminated": false,
    "process_tree_reaped": true,
    "containment_kind": "WINDOWS_JOB_OBJECT_KILL_ON_CLOSE",
    "containment_assigned": true,
    "containment_closed": true,
    "descendant_count_after": 0,
    "expected_tool_daemon_grace_used": true,
    "expected_tool_daemon_grace_seconds": 30.0,
    "expected_tool_daemon_paths": [
      "D:\\Xilinx\\Vivado\\2023.1\\bin\\unwrapped\\win64.o\\cs_server.exe",
      "D:\\Xilinx\\Vivado\\2023.1\\bin\\unwrapped\\win64.o\\rdi_xsdb.exe",
      "C:\\Windows\\System32\\cmd.exe",
      "C:\\Windows\\System32\\conhost.exe"
    ],
    "descendant_paths_seen": [
      "D:\\Xilinx\\Vivado\\2023.1\\bin\\unwrapped\\win64.o\\cs_server.exe",
      "C:\\Windows\\System32\\conhost.exe",
      "D:\\Xilinx\\Vivado\\2023.1\\bin\\unwrapped\\win64.o\\cs_server.exe",
      "D:\\Xilinx\\Vivado\\2023.1\\bin\\unwrapped\\win64.o\\rdi_xsdb.exe",
      "C:\\Windows\\System32\\cmd.exe",
      "C:\\Windows\\System32\\conhost.exe"
    ],
    "descendant_processes_seen": [
      {
        "pid": 7060,
        "parent_pid": 47212,
        "parent_active_globally": false,
        "image_path": "D:\\Xilinx\\Vivado\\2023.1\\bin\\unwrapped\\win64.o\\cs_server.exe",
        "creation_time_100ns": 134283100994302767
      },
      {
        "pid": 9428,
        "parent_pid": 43632,
        "parent_active_globally": true,
        "image_path": "C:\\Windows\\System32\\conhost.exe",
        "creation_time_100ns": 134283100999385944
      },
      {
        "pid": 18396,
        "parent_pid": 7060,
        "parent_active_globally": true,
        "image_path": "D:\\Xilinx\\Vivado\\2023.1\\bin\\unwrapped\\win64.o\\cs_server.exe",
        "creation_time_100ns": 134283100995221268
      },
      {
        "pid": 41828,
        "parent_pid": 43632,
        "parent_active_globally": true,
        "image_path": "D:\\Xilinx\\Vivado\\2023.1\\bin\\unwrapped\\win64.o\\rdi_xsdb.exe",
        "creation_time_100ns": 134283101002528033
      },
      {
        "pid": 43632,
        "parent_pid": 34128,
        "parent_active_globally": false,
        "image_path": "C:\\Windows\\System32\\cmd.exe",
        "creation_time_100ns": 134283100999327852
      },
      {
        "pid": 47952,
        "parent_pid": 45340,
        "parent_active_globally": false,
        "image_path": "C:\\Windows\\System32\\conhost.exe",
        "creation_time_100ns": 134283100987298446
      }
    ],
    "expected_tool_daemon_classification": "EXACT_R2_VIVADO_EXIT_HELPER_FOREST",
    "expected_tool_daemon_topology_snapshots": [
      {
        "classification": "EXACT_R2_VIVADO_EXIT_HELPER_FOREST",
        "elapsed_seconds": 0.007422,
        "processes": [
          {
            "pid": 7060,
            "parent_pid": 47212,
            "parent_active_globally": false,
            "image_path": "D:\\Xilinx\\Vivado\\2023.1\\bin\\unwrapped\\win64.o\\cs_server.exe",
            "creation_time_100ns": 134283100994302767
          },
          {
            "pid": 9428,
            "parent_pid": 43632,
            "parent_active_globally": true,
            "image_path": "C:\\Windows\\System32\\conhost.exe",
            "creation_time_100ns": 134283100999385944
          },
          {
            "pid": 18396,
            "parent_pid": 7060,
            "parent_active_globally": true,
            "image_path": "D:\\Xilinx\\Vivado\\2023.1\\bin\\unwrapped\\win64.o\\cs_server.exe",
            "creation_time_100ns": 134283100995221268
          },
          {
            "pid": 41828,
            "parent_pid": 43632,
            "parent_active_globally": true,
            "image_path": "D:\\Xilinx\\Vivado\\2023.1\\bin\\unwrapped\\win64.o\\rdi_xsdb.exe",
            "creation_time_100ns": 134283101002528033
          },
          {
            "pid": 43632,
            "parent_pid": 34128,
            "parent_active_globally": false,
            "image_path": "C:\\Windows\\System32\\cmd.exe",
            "creation_time_100ns": 134283100999327852
          },
          {
            "pid": 47952,
            "parent_pid": 45340,
            "parent_active_globally": false,
            "image_path": "C:\\Windows\\System32\\conhost.exe",
            "creation_time_100ns": 134283100987298446
          }
        ]
      },
      {
        "classification": "STRICT_SHRINK_SUBSET_OF_EXACT_R2_VIVADO_EXIT_HELPER_FOREST",
        "elapsed_seconds": 19.332634,
        "processes": [
          {
            "pid": 7060,
            "parent_pid": 47212,
            "parent_active_globally": false,
            "image_path": "D:\\Xilinx\\Vivado\\2023.1\\bin\\unwrapped\\win64.o\\cs_server.exe",
            "creation_time_100ns": 134283100994302767
          },
          {
            "pid": 18396,
            "parent_pid": 7060,
            "parent_active_globally": true,
            "image_path": "D:\\Xilinx\\Vivado\\2023.1\\bin\\unwrapped\\win64.o\\cs_server.exe",
            "creation_time_100ns": 134283100995221268
          },
          {
            "pid": 47952,
            "parent_pid": 45340,
            "parent_active_globally": false,
            "image_path": "C:\\Windows\\System32\\conhost.exe",
            "creation_time_100ns": 134283100987298446
          }
        ]
      },
      {
        "classification": "EMPTY",
        "elapsed_seconds": 20.468238,
        "processes": []
      }
    ],
    "expected_tool_daemon_topology_revalidation_count": 188,
    "expected_tool_daemon_topology_monotonic": true,
    "expected_tool_daemon_topology_sample_elapsed_seconds": [
      3.7e-05,
      0.007422,
      0.115785,
      0.224622,
      0.332623,
      0.441781,
      0.551159,
      0.659909,
      0.768121,
      0.877106,
      0.985235,
      1.093562,
      1.201778,
      1.310181,
      1.41872,
      1.527406,
      1.63764,
      1.745784,
      1.854009,
      1.96223,
      2.070699,
      2.179047,
      2.287623,
      2.396195,
      2.504446,
      2.613057,
      2.720593,
      2.828751,
      2.93721,
      3.045436,
      3.154159,
      3.262534,
      3.37104,
      3.479476,
      3.587667,
      3.696346,
      3.80462,
      3.912713,
      4.021136,
      4.12925,
      4.236825,
      4.345624,
      4.453919,
      4.562802,
      4.671445,
      4.780215,
      4.88918,
      4.997383,
      5.105893,
      5.214415,
      5.322198,
      5.430779,
      5.53927,
      5.647774,
      5.758576,
      5.866517,
      5.974928,
      6.083016,
      6.191746,
      6.299993,
      6.408262,
      6.51652,
      6.624482,
      6.73245,
      6.840885,
      6.948582,
      7.056233,
      7.165096,
      7.272832,
      7.381727,
      7.490333,
      7.598872,
      7.707695,
      7.816475,
      7.925566,
      8.033942,
      8.143033,
      8.250591,
      8.358236,
      8.46735,
      8.575862,
      8.68431,
      8.792762,
      8.901075,
      9.010164,
      9.11877,
      9.227445,
      9.336473,
      9.44466,
      9.552595,
      9.662196,
      9.770913,
      9.8798,
      9.988755,
      10.097921,
      10.206697,
      10.315165,
      10.423913,
      10.532462,
      10.64132,
      10.749292,
      10.857162,
      10.965462,
      11.073543,
      11.181931,
      11.290901,
      11.399351,
      11.509031,
      11.617314,
      11.725441,
      11.833979,
      11.942467,
      12.051103,
      12.159064,
      12.267055,
      12.37514,
      12.482749,
      12.590769,
      12.699085,
      12.8159,
      12.925029,
      13.034941,
      13.143419,
      13.251749,
      13.360556,
      13.469259,
      13.577375,
      13.685008,
      13.792753,
      13.901072,
      14.009571,
      14.118704,
      14.22685,
      14.33616,
      14.444746,
      14.553533,
      14.661615,
      14.770362,
      14.879136,
      14.987916,
      15.096405,
      15.20423,
      15.312244,
      15.420829,
      15.530187,
      15.638475,
      15.751773,
      15.860571,
      15.968776,
      16.077891,
      16.186306,
      16.294786,
      16.403829,
      16.5123,
      16.620132,
      16.728192,
      16.836324,
      16.944834,
      17.053563,
      17.162172,
      17.271143,
      17.379603,
      17.488007,
      17.598228,
      17.706137,
      17.814672,
      17.922403,
      18.030275,
      18.138235,
      18.247558,
      18.35577,
      18.464379,
      18.573677,
      18.682229,
      18.790568,
      18.899278,
      19.007557,
      19.115978,
      19.223772,
      19.332634,
      19.44148,
      19.549987,
      19.658827,
      19.767021,
      19.875373,
      19.98368,
      20.091747,
      20.200373,
      20.308685,
      20.468238
    ],
    "expected_tool_daemon_topology_max_sample_gap_seconds": 0.159553,
    "expected_tool_daemon_grace_elapsed_seconds": 20.468257,
    "expected_tool_daemon_hashes_verified": true,
    "expected_tool_daemon_sha256_by_role": {
      "cs_server": "9bf0e15ffe162a96679c14b8117cf8ebe8a47b8032bee4ab8cb0317c112df536",
      "rdi_xsdb": "3193d8c4e7115e82e5b4ea6c2eb1aa8a7566bd5a9f9c78e9d901b9eab9d4ebfc",
      "cmd": "75320a519959cc6d089ea3eba33c38caccb7f138a025ea439bc9686cdb79ded4",
      "conhost": "a93cbb36b9c02364be6a72817174c46f94b66715549f279c6592ed659d237911"
    },
    "expected_tool_daemon_hash_error": "",
    "expected_tool_daemon_prelaunch_hashes_verified": true,
    "expected_tool_daemon_prelaunch_sha256_by_role": {
      "cs_server": "9bf0e15ffe162a96679c14b8117cf8ebe8a47b8032bee4ab8cb0317c112df536",
      "rdi_xsdb": "3193d8c4e7115e82e5b4ea6c2eb1aa8a7566bd5a9f9c78e9d901b9eab9d4ebfc",
      "cmd": "75320a519959cc6d089ea3eba33c38caccb7f138a025ea439bc9686cdb79ded4",
      "conhost": "a93cbb36b9c02364be6a72817174c46f94b66715549f279c6592ed659d237911"
    },
    "expected_tool_daemon_prelaunch_hash_error": "",
    "expected_tool_daemon_postexit_hashes_verified": true,
    "expected_tool_daemon_postexit_sha256_by_role": {
      "cs_server": "9bf0e15ffe162a96679c14b8117cf8ebe8a47b8032bee4ab8cb0317c112df536",
      "rdi_xsdb": "3193d8c4e7115e82e5b4ea6c2eb1aa8a7566bd5a9f9c78e9d901b9eab9d4ebfc",
      "cmd": "75320a519959cc6d089ea3eba33c38caccb7f138a025ea439bc9686cdb79ded4",
      "conhost": "a93cbb36b9c02364be6a72817174c46f94b66715549f279c6592ed659d237911"
    },
    "expected_tool_daemon_postexit_hash_error": "",
    "expected_tool_daemon_topology_error": "",
    "expected_tool_daemon_topology_terminal_empty": true,
    "process_identity_query_retry_count": 0,
    "process_exit_race_recheck_count": 1,
    "process_identity_query_transient_errors": [],
    "containment_cleanup_attempted": false,
    "containment_cleanup_terminated": false,
    "process_exit_race_rechecked": true,
    "process_identity_query_retried": false,
    "containment_query_error": "",
    "launch_error": "",
    "watchdog_reason": "",
    "active_marker_seen": false,
    "safe_terminal_marker_seen": false,
    "attempted": true,
    "programming_attempted": true,
    "result_file": "C:\\Users\\user\\Documents\\RF_COMM_MULTILANE\\evidence\\hardware\\p7\\authorized_sequence\\p7_20260712_stationary_app_r22_diag_suffix62\\062_p7_ps_functional\\shutdown_before_result.txt",
    "passed": true,
    "failures": []
  },
  "shutdown_after": {
    "name": "shutdown_after",
    "returncode": 0,
    "stdout_path": "C:\\Users\\user\\Documents\\RF_COMM_MULTILANE\\evidence\\hardware\\p7\\authorized_sequence\\p7_20260712_stationary_app_r22_diag_suffix62\\062_p7_ps_functional\\shutdown_after.stdout.log",
    "stderr_path": "C:\\Users\\user\\Documents\\RF_COMM_MULTILANE\\evidence\\hardware\\p7\\authorized_sequence\\p7_20260712_stationary_app_r22_diag_suffix62\\062_p7_ps_functional\\shutdown_after.stderr.log",
    "elapsed_seconds": 48.355443,
    "argv": [
      "D:\\Xilinx\\Vivado\\2023.1\\bin\\vivado.bat",
      "-mode",
      "batch",
      "-source",
      "C:\\Users\\user\\Documents\\RF_COMM_MULTILANE\\scripts\\hw\\p7_jtag_axi_transactions.tcl",
      "-tclargs",
      "C:\\Users\\user\\Documents\\RF_COMM_MULTILANE",
      "SHUTDOWN",
      "C:\\Users\\user\\Documents\\RF_COMM_MULTILANE\\.hardware_authorization\\p7_20260712_stationary_app_r22_diag_suffix62_062_p7_ps_functional.txt",
      "210512180081",
      "xc7z010clg400-1",
      "localhost:3121/xilinx_tcf/Digilent/210512180081",
      "localhost:3121",
      "1000000",
      "C:\\Users\\user\\Documents\\RF_COMM_MULTILANE\\evidence\\hardware\\p7\\shutdown\\p7_frozen_shutdown_bac60b58912f0acd771dc830a6761535ec8f6a92befb1ae4cb7d928745af5810.bit",
      "-",
      "-",
      "C:\\Users\\user\\Documents\\RF_COMM_MULTILANE\\evidence\\hardware\\p7\\authorized_sequence\\p7_20260712_stationary_app_r22_diag_suffix62\\062_p7_ps_functional\\shutdown_after_result.txt.partial",
      "0x43c00000",
      "1",
      "134217728",
      "900",
      "C:\\Users\\user\\Documents\\RF_COMM_MULTILANE\\evidence\\hardware\\p7\\shutdown\\p7_frozen_shutdown_bac60b58912f0acd771dc830a6761535ec8f6a92befb1ae4cb7d928745af5810.bit"
    ],
    "started_at_utc": "2026-07-12T06:09:00.386265+00:00",
    "ended_at_utc": "2026-07-12T06:09:48.742166+00:00",
    "timed_out": false,
    "abort_seen": false,
    "interrupted": false,
    "process_tree_terminated": false,
    "process_tree_reaped": true,
    "containment_kind": "WINDOWS_JOB_OBJECT_KILL_ON_CLOSE",
    "containment_assigned": true,
    "containment_closed": true,
    "descendant_count_after": 0,
    "expected_tool_daemon_grace_used": true,
    "expected_tool_daemon_grace_seconds": 30.0,
    "expected_tool_daemon_paths": [
      "D:\\Xilinx\\Vivado\\2023.1\\bin\\unwrapped\\win64.o\\cs_server.exe",
      "D:\\Xilinx\\Vivado\\2023.1\\bin\\unwrapped\\win64.o\\rdi_xsdb.exe",
      "C:\\Windows\\System32\\cmd.exe",
      "C:\\Windows\\System32\\conhost.exe"
    ],
    "descendant_paths_seen": [
      "C:\\Windows\\System32\\conhost.exe",
      "D:\\Xilinx\\Vivado\\2023.1\\bin\\unwrapped\\win64.o\\cs_server.exe",
      "D:\\Xilinx\\Vivado\\2023.1\\bin\\unwrapped\\win64.o\\cs_server.exe",
      "D:\\Xilinx\\Vivado\\2023.1\\bin\\unwrapped\\win64.o\\rdi_xsdb.exe",
      "C:\\Windows\\System32\\cmd.exe",
      "C:\\Windows\\System32\\conhost.exe"
    ],
    "descendant_processes_seen": [
      {
        "pid": 10192,
        "parent_pid": 35836,
        "parent_active_globally": false,
        "image_path": "C:\\Windows\\System32\\conhost.exe",
        "creation_time_100ns": 134283101482756136
      },
      {
        "pid": 27624,
        "parent_pid": 38472,
        "parent_active_globally": true,
        "image_path": "D:\\Xilinx\\Vivado\\2023.1\\bin\\unwrapped\\win64.o\\cs_server.exe",
        "creation_time_100ns": 134283101490463195
      },
      {
        "pid": 38472,
        "parent_pid": 8088,
        "parent_active_globally": false,
        "image_path": "D:\\Xilinx\\Vivado\\2023.1\\bin\\unwrapped\\win64.o\\cs_server.exe",
        "creation_time_100ns": 134283101489535259
      },
      {
        "pid": 42060,
        "parent_pid": 44024,
        "parent_active_globally": true,
        "image_path": "D:\\Xilinx\\Vivado\\2023.1\\bin\\unwrapped\\win64.o\\rdi_xsdb.exe",
        "creation_time_100ns": 134283101497991009
      },
      {
        "pid": 44024,
        "parent_pid": 23736,
        "parent_active_globally": false,
        "image_path": "C:\\Windows\\System32\\cmd.exe",
        "creation_time_100ns": 134283101494728098
      },
      {
        "pid": 45340,
        "parent_pid": 44024,
        "parent_active_globally": true,
        "image_path": "C:\\Windows\\System32\\conhost.exe",
        "creation_time_100ns": 134283101494781104
      }
    ],
    "expected_tool_daemon_classification": "EXACT_R2_VIVADO_EXIT_HELPER_FOREST",
    "expected_tool_daemon_topology_snapshots": [
      {
        "classification": "EXACT_R2_VIVADO_EXIT_HELPER_FOREST",
        "elapsed_seconds": 0.007018,
        "processes": [
          {
            "pid": 10192,
            "parent_pid": 35836,
            "parent_active_globally": false,
            "image_path": "C:\\Windows\\System32\\conhost.exe",
            "creation_time_100ns": 134283101482756136
          },
          {
            "pid": 27624,
            "parent_pid": 38472,
            "parent_active_globally": true,
            "image_path": "D:\\Xilinx\\Vivado\\2023.1\\bin\\unwrapped\\win64.o\\cs_server.exe",
            "creation_time_100ns": 134283101490463195
          },
          {
            "pid": 38472,
            "parent_pid": 8088,
            "parent_active_globally": false,
            "image_path": "D:\\Xilinx\\Vivado\\2023.1\\bin\\unwrapped\\win64.o\\cs_server.exe",
            "creation_time_100ns": 134283101489535259
          },
          {
            "pid": 42060,
            "parent_pid": 44024,
            "parent_active_globally": true,
            "image_path": "D:\\Xilinx\\Vivado\\2023.1\\bin\\unwrapped\\win64.o\\rdi_xsdb.exe",
            "creation_time_100ns": 134283101497991009
          },
          {
            "pid": 44024,
            "parent_pid": 23736,
            "parent_active_globally": false,
            "image_path": "C:\\Windows\\System32\\cmd.exe",
            "creation_time_100ns": 134283101494728098
          },
          {
            "pid": 45340,
            "parent_pid": 44024,
            "parent_active_globally": true,
            "image_path": "C:\\Windows\\System32\\conhost.exe",
            "creation_time_100ns": 134283101494781104
          }
        ]
      },
      {
        "classification": "STRICT_SHRINK_SUBSET_OF_EXACT_R2_VIVADO_EXIT_HELPER_FOREST",
        "elapsed_seconds": 19.545333,
        "processes": [
          {
            "pid": 10192,
            "parent_pid": 35836,
            "parent_active_globally": false,
            "image_path": "C:\\Windows\\System32\\conhost.exe",
            "creation_time_100ns": 134283101482756136
          },
          {
            "pid": 27624,
            "parent_pid": 38472,
            "parent_active_globally": true,
            "image_path": "D:\\Xilinx\\Vivado\\2023.1\\bin\\unwrapped\\win64.o\\cs_server.exe",
            "creation_time_100ns": 134283101490463195
          },
          {
            "pid": 38472,
            "parent_pid": 8088,
            "parent_active_globally": false,
            "image_path": "D:\\Xilinx\\Vivado\\2023.1\\bin\\unwrapped\\win64.o\\cs_server.exe",
            "creation_time_100ns": 134283101489535259
          }
        ]
      },
      {
        "classification": "EMPTY",
        "elapsed_seconds": 20.621461,
        "processes": []
      }
    ],
    "expected_tool_daemon_topology_revalidation_count": 190,
    "expected_tool_daemon_topology_monotonic": true,
    "expected_tool_daemon_topology_sample_elapsed_seconds": [
      4.2e-05,
      0.007018,
      0.116398,
      0.224544,
      0.332837,
      0.445324,
      0.554005,
      0.662745,
      0.774927,
      0.883181,
      0.991946,
      1.100864,
      1.208817,
      1.316833,
      1.424927,
      1.532738,
      1.641631,
      1.749645,
      1.858288,
      1.966837,
      2.075642,
      2.18469,
      2.293291,
      2.402338,
      2.511482,
      2.61912,
      2.72755,
      2.835503,
      2.943809,
      3.052293,
      3.160706,
      3.271355,
      3.379811,
      3.488193,
      3.596657,
      3.70599,
      3.814885,
      3.923197,
      4.031273,
      4.139667,
      4.247527,
      4.355615,
      4.464232,
      4.57254,
      4.680915,
      4.789256,
      4.897928,
      5.006243,
      5.114703,
      5.223207,
      5.331508,
      5.439815,
      5.547746,
      5.656531,
      5.764379,
      5.874573,
      5.983726,
      6.09271,
      6.201859,
      6.310685,
      6.419483,
      6.527942,
      6.636743,
      6.744737,
      6.852805,
      6.960677,
      7.068845,
      7.17812,
      7.286221,
      7.394561,
      7.502871,
      7.615112,
      7.723294,
      7.832042,
      7.940718,
      8.048782,
      8.157019,
      8.265058,
      8.373053,
      8.481015,
      8.589346,
      8.697754,
      8.806311,
      8.915037,
      9.02388,
      9.132362,
      9.241021,
      9.349841,
      9.457843,
      9.565684,
      9.673567,
      9.781454,
      9.88917,
      9.997881,
      10.106569,
      10.215488,
      10.323653,
      10.431819,
      10.540065,
      10.648215,
      10.757536,
      10.866165,
      10.975436,
      11.084102,
      11.19233,
      11.300271,
      11.409063,
      11.517812,
      11.626908,
      11.735337,
      11.844252,
      11.95299,
      12.062447,
      12.171475,
      12.279439,
      12.387147,
      12.494753,
      12.602525,
      12.710984,
      12.819366,
      12.928397,
      13.037258,
      13.146893,
      13.255701,
      13.364419,
      13.472986,
      13.581351,
      13.689171,
      13.796769,
      13.904529,
      14.013029,
      14.121802,
      14.230991,
      14.340183,
      14.448842,
      14.55785,
      14.666146,
      14.774151,
      14.882475,
      14.990605,
      15.099078,
      15.206649,
      15.314335,
      15.422113,
      15.530375,
      15.639391,
      15.748624,
      15.857175,
      15.965182,
      16.074128,
      16.182521,
      16.290617,
      16.399897,
      16.508149,
      16.615528,
      16.723515,
      16.83181,
      16.94037,
      17.049634,
      17.158103,
      17.26697,
      17.376035,
      17.484845,
      17.593215,
      17.702006,
      17.809987,
      17.917493,
      18.02617,
      18.134862,
      18.24325,
      18.351583,
      18.460093,
      18.56877,
      18.677316,
      18.786373,
      18.894542,
      19.003506,
      19.112251,
      19.220687,
      19.328321,
      19.436943,
      19.545333,
      19.65344,
      19.76122,
      19.869538,
      19.978572,
      20.087536,
      20.196143,
      20.304371,
      20.412699,
      20.52053,
      20.621461
    ],
    "expected_tool_daemon_topology_max_sample_gap_seconds": 0.112487,
    "expected_tool_daemon_grace_elapsed_seconds": 20.621478,
    "expected_tool_daemon_hashes_verified": true,
    "expected_tool_daemon_sha256_by_role": {
      "cs_server": "9bf0e15ffe162a96679c14b8117cf8ebe8a47b8032bee4ab8cb0317c112df536",
      "rdi_xsdb": "3193d8c4e7115e82e5b4ea6c2eb1aa8a7566bd5a9f9c78e9d901b9eab9d4ebfc",
      "cmd": "75320a519959cc6d089ea3eba33c38caccb7f138a025ea439bc9686cdb79ded4",
      "conhost": "a93cbb36b9c02364be6a72817174c46f94b66715549f279c6592ed659d237911"
    },
    "expected_tool_daemon_hash_error": "",
    "expected_tool_daemon_prelaunch_hashes_verified": true,
    "expected_tool_daemon_prelaunch_sha256_by_role": {
      "cs_server": "9bf0e15ffe162a96679c14b8117cf8ebe8a47b8032bee4ab8cb0317c112df536",
      "rdi_xsdb": "3193d8c4e7115e82e5b4ea6c2eb1aa8a7566bd5a9f9c78e9d901b9eab9d4ebfc",
      "cmd": "75320a519959cc6d089ea3eba33c38caccb7f138a025ea439bc9686cdb79ded4",
      "conhost": "a93cbb36b9c02364be6a72817174c46f94b66715549f279c6592ed659d237911"
    },
    "expected_tool_daemon_prelaunch_hash_error": "",
    "expected_tool_daemon_postexit_hashes_verified": true,
    "expected_tool_daemon_postexit_sha256_by_role": {
      "cs_server": "9bf0e15ffe162a96679c14b8117cf8ebe8a47b8032bee4ab8cb0317c112df536",
      "rdi_xsdb": "3193d8c4e7115e82e5b4ea6c2eb1aa8a7566bd5a9f9c78e9d901b9eab9d4ebfc",
      "cmd": "75320a519959cc6d089ea3eba33c38caccb7f138a025ea439bc9686cdb79ded4",
      "conhost": "a93cbb36b9c02364be6a72817174c46f94b66715549f279c6592ed659d237911"
    },
    "expected_tool_daemon_postexit_hash_error": "",
    "expected_tool_daemon_topology_error": "",
    "expected_tool_daemon_topology_terminal_empty": true,
    "process_identity_query_retry_count": 0,
    "process_exit_race_recheck_count": 0,
    "process_identity_query_transient_errors": [],
    "containment_cleanup_attempted": false,
    "containment_cleanup_terminated": false,
    "process_exit_race_rechecked": false,
    "process_identity_query_retried": false,
    "containment_query_error": "",
    "launch_error": "",
    "watchdog_reason": "",
    "active_marker_seen": false,
    "safe_terminal_marker_seen": false,
    "attempted": true,
    "programming_attempted": true,
    "result_file": "C:\\Users\\user\\Documents\\RF_COMM_MULTILANE\\evidence\\hardware\\p7\\authorized_sequence\\p7_20260712_stationary_app_r22_diag_suffix62\\062_p7_ps_functional\\shutdown_after_result.txt",
    "passed": true,
    "failures": []
  },
  "tfdu_activity_semantics": "conservative_true_once_PS_candidate_ELF_command_is_launched",
  "ps_process": {
    "name": "ps_application_stage",
    "returncode": 0,
    "stdout_path": "C:\\Users\\user\\Documents\\RF_COMM_MULTILANE\\evidence\\hardware\\p7\\authorized_sequence\\p7_20260712_stationary_app_r22_diag_suffix62\\062_p7_ps_functional\\ps_application_stage.stdout.log",
    "stderr_path": "C:\\Users\\user\\Documents\\RF_COMM_MULTILANE\\evidence\\hardware\\p7\\authorized_sequence\\p7_20260712_stationary_app_r22_diag_suffix62\\062_p7_ps_functional\\ps_application_stage.stderr.log",
    "elapsed_seconds": 1.008319,
    "argv": [
      "D:\\Xilinx\\Vitis\\2023.1\\bin\\xsdb.bat",
      "C:\\Users\\user\\Documents\\RF_COMM_MULTILANE\\scripts\\hw\\p7_ps_application_execute.tcl",
      "C:\\Users\\user\\Documents\\RF_COMM_MULTILANE",
      "C:\\Users\\user\\Documents\\RF_COMM_MULTILANE\\.hardware_authorization\\p7_20260712_stationary_app_r22_diag_suffix62_062_p7_ps_functional.txt",
      "C:\\Users\\user\\Documents\\RF_COMM_MULTILANE\\evidence\\hardware\\p7\\authorized_sequence\\p7_20260712_stationary_app_r22_diag_suffix62\\062_p7_ps_functional\\p7_hw_preflight_result.txt",
      "C:\\Users\\user\\Documents\\RF_COMM_MULTILANE\\evidence\\hardware\\p6\\bitstreams\\p6_ps_dynamic_transport_34cdf1c1f7c36595760cc56ae6636209fa64f9b0eebad4d145a4ed5763f23249.bit",
      "C:\\Users\\user\\Documents\\RF_COMM_MULTILANE\\evidence\\hardware\\p7\\artifacts\\p7_runtime_14450369d4c6cbe27899bc69f210278e3b2076573e0122859d266fe63cc8e0ce.elf",
      "C:\\Users\\user\\Documents\\RF_COMM_MULTILANE\\build\\p7_ps_vitis_workspace\\p7_platform\\hw\\ps7_init.tcl",
      "C:\\Users\\user\\Documents\\RF_COMM_MULTILANE\\evidence\\hardware\\p7\\authorized_sequence\\p7_20260712_stationary_app_r22_diag_suffix62\\062_p7_ps_functional\\bundle",
      "C:\\Users\\user\\Documents\\RF_COMM_MULTILANE\\evidence\\hardware\\p7\\authorized_sequence\\p7_20260712_stationary_app_r22_diag_suffix62\\062_p7_ps_functional\\bundle\\execution_plan.txt",
      "C:\\Users\\user\\Documents\\RF_COMM_MULTILANE\\evidence\\hardware\\p7\\authorized_sequence\\p7_20260712_stationary_app_r22_diag_suffix62\\062_p7_ps_functional\\p7_ps_application_raw_result.log.partial",
      "localhost:3121",
      "210512180081",
      "xc7z010clg400-1",
      "localhost:3121/xilinx_tcf/Digilent/210512180081",
      "900",
      "functional",
      "60",
      "C:\\Users\\user\\Documents\\RF_COMM_MULTILANE\\shutdown_bitstream\\tfdu_shutdown_j10_j11.bit",
      "333333343"
    ],
    "started_at_utc": "2026-07-12T06:08:59.369038+00:00",
    "ended_at_utc": "2026-07-12T06:09:00.377921+00:00",
    "timed_out": false,
    "abort_seen": false,
    "interrupted": false,
    "process_tree_terminated": false,
    "process_tree_reaped": true,
    "containment_kind": "WINDOWS_JOB_OBJECT_KILL_ON_CLOSE",
    "containment_assigned": true,
    "containment_closed": true,
    "descendant_count_after": 0,
    "expected_tool_daemon_grace_used": false,
    "expected_tool_daemon_grace_seconds": 0.0,
    "expected_tool_daemon_paths": [],
    "descendant_paths_seen": [],
    "descendant_processes_seen": [],
    "expected_tool_daemon_classification": "NONE",
    "expected_tool_daemon_topology_snapshots": [
      {
        "classification": "EMPTY",
        "elapsed_seconds": 2.9e-05,
        "processes": []
      }
    ],
    "expected_tool_daemon_topology_revalidation_count": 0,
    "expected_tool_daemon_topology_monotonic": false,
    "expected_tool_daemon_topology_sample_elapsed_seconds": [
      2.9e-05
    ],
    "expected_tool_daemon_topology_max_sample_gap_seconds": 0.0,
    "expected_tool_daemon_grace_elapsed_seconds": 0.0,
    "expected_tool_daemon_hashes_verified": false,
    "expected_tool_daemon_sha256_by_role": {},
    "expected_tool_daemon_hash_error": "",
    "expected_tool_daemon_prelaunch_hashes_verified": false,
    "expected_tool_daemon_prelaunch_sha256_by_role": {},
    "expected_tool_daemon_prelaunch_hash_error": "",
    "expected_tool_daemon_postexit_hashes_verified": false,
    "expected_tool_daemon_postexit_sha256_by_role": {},
    "expected_tool_daemon_postexit_hash_error": "",
    "expected_tool_daemon_topology_error": "",
    "expected_tool_daemon_topology_terminal_empty": true,
    "process_identity_query_retry_count": 0,
    "process_exit_race_recheck_count": 0,
    "process_identity_query_transient_errors": [],
    "containment_cleanup_attempted": false,
    "containment_cleanup_terminated": false,
    "process_exit_race_rechecked": false,
    "process_identity_query_retried": false,
    "containment_query_error": "",
    "launch_error": "",
    "watchdog_reason": "",
    "active_marker_seen": false,
    "safe_terminal_marker_seen": false,
    "passed": false,
    "failures": [
      "PS stage marker mismatch: P7_PS_STAGE_RESULT expected=PASS observed=FAIL",
      "PS stage marker mismatch: P7_PS_CANDIDATE_PROGRAMMED expected=1 observed=MISSING",
      "PS stage marker mismatch: P7_PS_ELF_DOWNLOADED expected=1 observed=MISSING",
      "PS stage marker mismatch: P7_HW_TARGET expected=localhost:3121/xilinx_tcf/Digilent/210512180081 observed=MISSING",
      "PS stage marker mismatch: P7_HW_PART expected=xc7z010clg400-1 observed=MISSING",
      "PS stage marker mismatch: P7_XSDB_LIVE_DEVICE_MATCH expected=1 observed=MISSING",
      "PS stage marker mismatch: P7_XSDB_TARGET_SELECTION expected=EXACT_CABLE_DEVICE_IDCODE_AND_UNIQUE_NODE_IDS observed=MISSING",
      "PS stage live board/cable serial marker mismatch",
      "PS stage Vivado preflight identity marker mismatch: P7_HW_CANONICAL_PART expected=xc7z010clg400-1 observed=MISSING",
      "PS stage Vivado preflight identity marker mismatch: P7_HW_LIVE_PART expected=xc7z010 observed=MISSING",
      "PS stage Vivado preflight identity marker mismatch: P7_HW_LIVE_DEVICE expected=xc7z010_1 observed=MISSING",
      "PS stage Vivado preflight identity marker mismatch: P7_HW_LIVE_IDCODE expected=00010011011100100010000010010011 observed=MISSING",
      "PS stage XSDB live IDCODE is not the exact authorized IDCODE",
      "PS stage fresh preflight IDCODE is not the exact authorized IDCODE",
      "PS stage XSDB live device is not the exact canonical live device root",
      "PS stage Vivado live device marker is not the exact authorized live device",
      "P7_PS_STAGE_RESULT=PASS missing from stdout"
    ]
  },
  "child_reaped_before_shutdown_after": true,
  "bundle_post_shutdown_verification": {
    "passed": true,
    "failures": [],
    "immutable_pre_post_equal": true,
    "pre_run_file_count": 238,
    "post_shutdown_file_count": 238
  },
  "postprocess": {
    "passed": false,
    "failures": [
      "PS process did not pass exact rc/marker policy"
    ],
    "mailbox": {},
    "cases": []
  },
  "internal_error": "",
  "ps_failures": [
    "PS stage marker mismatch: P7_PS_STAGE_RESULT expected=PASS observed=FAIL",
    "PS stage marker mismatch: P7_PS_CANDIDATE_PROGRAMMED expected=1 observed=MISSING",
    "PS stage marker mismatch: P7_PS_ELF_DOWNLOADED expected=1 observed=MISSING",
    "PS stage marker mismatch: P7_HW_TARGET expected=localhost:3121/xilinx_tcf/Digilent/210512180081 observed=MISSING",
    "PS stage marker mismatch: P7_HW_PART expected=xc7z010clg400-1 observed=MISSING",
    "PS stage marker mismatch: P7_XSDB_LIVE_DEVICE_MATCH expected=1 observed=MISSING",
    "PS stage marker mismatch: P7_XSDB_TARGET_SELECTION expected=EXACT_CABLE_DEVICE_IDCODE_AND_UNIQUE_NODE_IDS observed=MISSING",
    "PS stage live board/cable serial marker mismatch",
    "PS stage Vivado preflight identity marker mismatch: P7_HW_CANONICAL_PART expected=xc7z010clg400-1 observed=MISSING",
    "PS stage Vivado preflight identity marker mismatch: P7_HW_LIVE_PART expected=xc7z010 observed=MISSING",
    "PS stage Vivado preflight identity marker mismatch: P7_HW_LIVE_DEVICE expected=xc7z010_1 observed=MISSING",
    "PS stage Vivado preflight identity marker mismatch: P7_HW_LIVE_IDCODE expected=00010011011100100010000010010011 observed=MISSING",
    "PS stage XSDB live IDCODE is not the exact authorized IDCODE",
    "PS stage fresh preflight IDCODE is not the exact authorized IDCODE",
    "PS stage XSDB live device is not the exact canonical live device root",
    "PS stage Vivado live device marker is not the exact authorized live device",
    "P7_PS_STAGE_RESULT=PASS missing from stdout"
  ],
  "reason": "PS process, mailbox/descriptor/trace/output, or exact marker checks failed",
  "raw_evidence_sha256_manifest": {
    "path": "C:\\Users\\user\\Documents\\RF_COMM_MULTILANE\\evidence\\hardware\\p7\\authorized_sequence\\p7_20260712_stationary_app_r22_diag_suffix62\\062_p7_ps_functional\\p7_raw_evidence_sha256_manifest.json",
    "size_bytes": 49376,
    "sha256": "08e2809009618debb9d97d8734b8455c5ba1da3cd1188ce675520835cdda855f"
  }
}
