Copyright 1986-2022 Xilinx, Inc. All Rights Reserved. Copyright 2022-2023 Advanced Micro Devices, Inc. All Rights Reserved.
---------------------------------------------------------------------------------------------------------------------------------------------
| Tool Version : Vivado v.2023.1 (win64) Build 3865809 Sun May  7 15:05:29 MDT 2023
| Date         : Tue Jul 28 04:29:53 2026
| Host         : DESKTOP-PU0AECA running 64-bit major release  (build 9200)
| Command      : check_timing -verbose -file C:/Users/user/AppData/Local/Temp/p8c_ooc_mm6devv0/out/check_timing.rpt
| Design       : ir_p8c_resource_top_32
| Device       : 7z020-clg400
| Speed File   : -1  PRODUCTION 1.12 2019-11-22
| Design State : Synthesized
---------------------------------------------------------------------------------------------------------------------------------------------


check_timing report

Table of Contents
-----------------
1. checking no_clock (0)
2. checking constant_clock (0)
3. checking pulse_width_clock (0)
4. checking unconstrained_internal_endpoints (0)
5. checking no_input_delay (67)
6. checking no_output_delay (33)
7. checking multiple_clock (0)
8. checking generated_clocks (0)
9. checking loops (0)
10. checking partial_input_delay (0)
11. checking partial_output_delay (0)
12. checking latch_loops (0)

1. checking no_clock (0)
------------------------
 There are 0 register/latch pins with no clock.


2. checking constant_clock (0)
------------------------------
 There are 0 register/latch pins with constant_clock.


3. checking pulse_width_clock (0)
---------------------------------
 There are 0 register/latch pins which need pulse_width check


4. checking unconstrained_internal_endpoints (0)
------------------------------------------------
 There are 0 pins that are not constrained for maximum delay.

 There are 0 pins that are not constrained for maximum delay due to constant clock.


5. checking no_input_delay (67)
-------------------------------
 There are 67 input ports with no input delay specified. (HIGH)

arm_request_i
frame_admitted_i[0]
frame_admitted_i[10]
frame_admitted_i[11]
frame_admitted_i[12]
frame_admitted_i[13]
frame_admitted_i[14]
frame_admitted_i[15]
frame_admitted_i[16]
frame_admitted_i[17]
frame_admitted_i[18]
frame_admitted_i[19]
frame_admitted_i[1]
frame_admitted_i[20]
frame_admitted_i[21]
frame_admitted_i[22]
frame_admitted_i[23]
frame_admitted_i[24]
frame_admitted_i[25]
frame_admitted_i[26]
frame_admitted_i[27]
frame_admitted_i[28]
frame_admitted_i[29]
frame_admitted_i[2]
frame_admitted_i[30]
frame_admitted_i[31]
frame_admitted_i[3]
frame_admitted_i[4]
frame_admitted_i[5]
frame_admitted_i[6]
frame_admitted_i[7]
frame_admitted_i[8]
frame_admitted_i[9]
global_permit_i
rst_n
waveform_i[0]
waveform_i[10]
waveform_i[11]
waveform_i[12]
waveform_i[13]
waveform_i[14]
waveform_i[15]
waveform_i[16]
waveform_i[17]
waveform_i[18]
waveform_i[19]
waveform_i[1]
waveform_i[20]
waveform_i[21]
waveform_i[22]
waveform_i[23]
waveform_i[24]
waveform_i[25]
waveform_i[26]
waveform_i[27]
waveform_i[28]
waveform_i[29]
waveform_i[2]
waveform_i[30]
waveform_i[31]
waveform_i[3]
waveform_i[4]
waveform_i[5]
waveform_i[6]
waveform_i[7]
waveform_i[8]
waveform_i[9]

 There are 0 input ports with no input delay but user has a false path constraint.


6. checking no_output_delay (33)
--------------------------------
 There are 33 ports with no output delay specified. (HIGH)

safety_status_o
txd_o[0]
txd_o[10]
txd_o[11]
txd_o[12]
txd_o[13]
txd_o[14]
txd_o[15]
txd_o[16]
txd_o[17]
txd_o[18]
txd_o[19]
txd_o[1]
txd_o[20]
txd_o[21]
txd_o[22]
txd_o[23]
txd_o[24]
txd_o[25]
txd_o[26]
txd_o[27]
txd_o[28]
txd_o[29]
txd_o[2]
txd_o[30]
txd_o[31]
txd_o[3]
txd_o[4]
txd_o[5]
txd_o[6]
txd_o[7]
txd_o[8]
txd_o[9]

 There are 0 ports with no output delay but user has a false path constraint

 There are 0 ports with no output delay but with a timing clock defined on it or propagating through it


7. checking multiple_clock (0)
------------------------------
 There are 0 register/latch pins with multiple clocks.


8. checking generated_clocks (0)
--------------------------------
 There are 0 generated clocks that are not connected to a clock source.


9. checking loops (0)
---------------------
 There are 0 combinational loops in the design.


10. checking partial_input_delay (0)
------------------------------------
 There are 0 input ports with partial input delay specified.


11. checking partial_output_delay (0)
-------------------------------------
 There are 0 ports with partial output delay specified.


12. checking latch_loops (0)
----------------------------
 There are 0 combinational latch loops in the design through latch input


