{
  "P7_PS_APPLICATION_SAFE_STAGE": "FAIL_STAGE",
  "generated_at_utc": "2026-07-13T04:31:33.530185+00:00",
  "mode": "functional",
  "stage_name": "p7_ps_functional",
  "requested_execute_hardware": true,
  "hardware_actions_executed": true,
  "programmed_fpga": true,
  "programmed_candidate": true,
  "started_ps_elf": true,
  "programmed_shutdown_before": true,
  "programmed_shutdown_after": true,
  "drove_tfdu_txd": true,
  "enabled_tfdu_receiver": true,
  "uart_access": false,
  "network_used": false,
  "ethernet_used": false,
  "motion_used": false,
  "HARDWARE_ACCEPTANCE": "PENDING_HW",
  "service_runtime_limit_sec": 900,
  "wrapper_wall_budget": {
    "model": "bounded_xsdb_process_timeout",
    "service_active_window_seconds": 900,
    "stationary_active_window_is_not_extended": false,
    "candidate_process_bound_seconds": 1020,
    "preflight_timeout_seconds": 60,
    "shutdown_timeout_seconds_each": 60,
    "vivado_process_count": 3,
    "vivado_success_containment_window_seconds_each": 30,
    "vivado_failure_containment_window_seconds_each": 40,
    "vivado_containment_allowance_seconds": 90,
    "xsdb_process_count": 1,
    "xsdb_empty_proof_allowance_seconds_each": 1,
    "xsdb_containment_allowance_seconds": 1,
    "max_forced_cleanup_events": 2,
    "forced_cleanup_wait_seconds_each": 10,
    "forced_cleanup_reserve_seconds": 20,
    "outer_orchestration_guard_seconds": 120,
    "minimum_outer_wrapper_timeout_seconds": 1431
  },
  "safety_validation": {
    "P7_HARDWARE_SAFETY": "PASS",
    "ready_for_hardware_preflight": true,
    "hardware_actions_executed": false,
    "programmed_fpga": false,
    "drove_tfdu_txd": false,
    "started_ps_elf": false,
    "authorization_environment_present": true,
    "authorization": {
      "exists": true,
      "path": "C:\\Users\\user\\Documents\\RF_COMM_MULTILANE\\.hardware_authorization\\p7_20260713_stationary_app_r31_diag_suffix55_062_p7_ps_functional.txt",
      "actual_sha256": "743511690b72a83ff61f90b672d62107e3f1e4412c7235e90d98aa9a9d11b7f1",
      "expected_sha256": "743511690b72a83ff61f90b672d62107e3f1e4412c7235e90d98aa9a9d11b7f1",
      "markers": [
        "P7_STATIONARY_APP_LAYER_APPROVED"
      ],
      "duplicate_keys": []
    },
    "authorization_fields": {
      "AUTHORIZED_STAGE": "P7_STATIONARY_LOCAL_APPLICATION_LAYER_NO_ETHERNET",
      "USER_HARDWARE_AUTHORIZATION_FOR_P7": "GRANTED",
      "BOARD_ID": "210512180081",
      "EXPECTED_PART": "xc7z010clg400-1",
      "EXPECTED_TARGET": "localhost:3121/xilinx_tcf/Digilent/210512180081",
      "SOURCE_COMMIT": "0539667cfbaa29a8ddb0b137bb9d4b222f1e4eb4",
      "MAX_RUNTIME_SEC": "900",
      "SHUTDOWN_ON_EXIT": "required",
      "NO_ETHERNET": "true",
      "NO_MOTION": "true",
      "LANE_COUNT": "2",
      "MAX_LANE_MASK": "0x3",
      "P7_EXECUTION_MODE": "DIAGNOSTIC_ONLY",
      "P7_COVERAGE_CLAIMED": "false",
      "HARDWARE_ACCEPTANCE": "PENDING_HW",
      "P7_FULL_STAGE_ORDINAL": "62",
      "P7_PLAN_PATH": "C:\\Users\\user\\Documents\\RF_COMM_MULTILANE\\evidence\\hardware\\p7\\artifacts\\p7_plan_c6db9d8348c3bc518fa5985595adfcdada1a08f11c9246c6103ec378b43b58dd.md",
      "P7_PLAN_SHA256": "c6db9d8348c3bc518fa5985595adfcdada1a08f11c9246c6103ec378b43b58dd",
      "BITSTREAM_PATH": "C:\\Users\\user\\Documents\\RF_COMM_MULTILANE\\evidence\\hardware\\p6\\bitstreams\\p6_ps_dynamic_transport_34cdf1c1f7c36595760cc56ae6636209fa64f9b0eebad4d145a4ed5763f23249.bit",
      "BITSTREAM_SHA256": "34cdf1c1f7c36595760cc56ae6636209fa64f9b0eebad4d145a4ed5763f23249",
      "XSA_PATH": "C:\\Users\\user\\Documents\\RF_COMM_MULTILANE\\evidence\\hardware\\p6\\bitstreams\\p6_ps_dynamic_transport_b5d1174eb46d12eb395ceabbbea3c132c5771ca6777194138e68c2eacb2e4fc9.xsa",
      "XSA_SHA256": "b5d1174eb46d12eb395ceabbbea3c132c5771ca6777194138e68c2eacb2e4fc9",
      "ELF_PATH": "C:\\Users\\user\\Documents\\RF_COMM_MULTILANE\\evidence\\hardware\\p7\\artifacts\\p7_runtime_47257305c56b99641421a716c4530d28ea2d22901f4a27c79f0a2beb77d9eb0b.elf",
      "ELF_SHA256": "47257305c56b99641421a716c4530d28ea2d22901f4a27c79f0a2beb77d9eb0b",
      "PROFILE_PATH": "C:\\Users\\user\\Documents\\RF_COMM_MULTILANE\\profiles\\p7\\p7_ps_application_functional.json",
      "PROFILE_SHA256": "eb0192a27d115a5b70730746982e16b954ed754f8e1a57961091a31c4d6afcd0",
      "ACTIVE_XDC_PATH": "C:\\Users\\user\\Documents\\RF_COMM_MULTILANE\\constraints\\active\\PORT1.generated.xdc",
      "ACTIVE_XDC_SHA256": "cf23a0d34a2fa76521faf4c91f3858cff2117fa6020d302d1a6109f10254f990",
      "PINMAP_PATH": "C:\\Users\\user\\Documents\\RF_COMM_MULTILANE\\board_profiles\\ax7010_tfdu_j10_j11_pinmap.csv",
      "PINMAP_SHA256": "4c7d5f0836a2ab48df7672e00f99455e582fbf477b04ed2b3b44ef38506a8a6a",
      "REGISTER_MAP_PATH": "C:\\Users\\user\\Documents\\RF_COMM_MULTILANE\\config\\register_map\\ir_axi_regs.yaml",
      "REGISTER_MAP_SHA256": "d5b0bf1476d815a3ed69988c72097827356d4eade48813c8913fc1b2d448983d",
      "SHUTDOWN_BITSTREAM_PATH": "C:\\Users\\user\\Documents\\RF_COMM_MULTILANE\\shutdown_bitstream\\tfdu_shutdown_j10_j11.bit",
      "SHUTDOWN_BITSTREAM_SHA256": "bac60b58912f0acd771dc830a6761535ec8f6a92befb1ae4cb7d928745af5810",
      "PS7_INIT_PATH": "C:\\Users\\user\\Documents\\RF_COMM_MULTILANE\\build\\p7_ps_vitis_workspace\\p7_platform\\hw\\ps7_init.tcl",
      "PS7_INIT_SHA256": "84e478d79c0b7bfe6dfc45a5a99ab850c30c7db11d8fec1dae064133dd64b448",
      "P6_PS_BUILD_SUMMARY_PATH": "C:\\Users\\user\\Documents\\RF_COMM_MULTILANE\\evidence\\generated\\vivado\\p6_ps_candidate\\p6_ps_candidate_build_summary.json",
      "P6_PS_BUILD_SUMMARY_SHA256": "49dca997225eaf339681d7b83e9d3418a7c00c17736002174edc4f78fe086f72",
      "P7_PS_BUILD_SUMMARY_PATH": "C:\\Users\\user\\Documents\\RF_COMM_MULTILANE\\evidence\\generated\\vitis\\p7_ps_runtime\\p7_ps_runtime_build_summary.json",
      "P7_PS_BUILD_SUMMARY_SHA256": "cd9e2060345047d071d9c6bc06780a53938cd6b457d7d2fb22cfbcd2b3f54184",
      "P7_PS_CORE_READINESS_PATH": "C:\\Users\\user\\Documents\\RF_COMM_MULTILANE\\evidence\\generated\\p7_ps_core_hardware_readiness.json",
      "P7_PS_CORE_READINESS_SHA256": "72d274cd3ebf5d399c19571f756a51895c3fc90b97ead2e8661dcaeed29291e4",
      "ACTIVE_PROFILE_PATH": "C:\\Users\\user\\Documents\\RF_COMM_MULTILANE\\board_profiles\\ACTIVE_PROFILE.json",
      "ACTIVE_PROFILE_SHA256": "f6fb603f20dced9eaebb3aaaaa8f492931a28cb6466c7511f797341bf41b1b9b",
      "P7_LANE1_PROMOTION_SUMMARY_PATH": "C:\\Users\\user\\Documents\\RF_COMM_MULTILANE\\evidence\\generated\\p7_lane1_promotion_summary.json",
      "P7_LANE1_PROMOTION_SUMMARY_SHA256": "b4b508268a76377a56423dcf6103171ccc586a9f0f1dab6c317095d70dd5dc44",
      "P7_INPUT_PATH": "C:\\Users\\user\\Documents\\RF_COMM_MULTILANE\\build\\p7_authorized_sequence\\p7_20260713_stationary_app_r31_diag_suffix55\\inputs\\p7_ps_seed_247.bin",
      "P7_INPUT_SHA256": "49b1170cf0b069be048c0a2674829870fcb89eebe0618ef45a0b01d3da533093",
      "P7_PS_MODE": "functional",
      "P7_PS_CORE_READINESS": "PASS",
      "P7_FROZEN_SHUTDOWN_PATH": "C:\\Users\\user\\Documents\\RF_COMM_MULTILANE\\evidence\\hardware\\p7\\shutdown\\p7_frozen_shutdown_bac60b58912f0acd771dc830a6761535ec8f6a92befb1ae4cb7d928745af5810.bit",
      "P7_FROZEN_SHUTDOWN_SHA256": "bac60b58912f0acd771dc830a6761535ec8f6a92befb1ae4cb7d928745af5810",
      "P7_COUNTS_PER_SECOND": "333333343"
    },
    "source_commit_requested": "0539667cfbaa29a8ddb0b137bb9d4b222f1e4eb4",
    "source_commit_current": "0539667cfbaa29a8ddb0b137bb9d4b222f1e4eb4",
    "dirty_files": [
      " M evidence/generated/p7_2lane_scope_summary.md",
      " M evidence/generated/p7_30min_calibration_summary.json",
      " M evidence/generated/p7_30min_calibration_summary.md",
      " M evidence/generated/p7_abort_restart_atomicity_summary.json",
      " M evidence/generated/p7_abort_restart_atomicity_summary.md",
      " M evidence/generated/p7_abort_restart_hw_summary.json",
      " M evidence/generated/p7_abort_restart_hw_summary.md",
      " M evidence/generated/p7_abort_restart_summary.json",
      " M evidence/generated/p7_abort_restart_summary.md",
      " M evidence/generated/p7_application_30min_stationary_summary.json",
      " M evidence/generated/p7_application_30min_stationary_summary.md",
      " M evidence/generated/p7_application_metrics_summary.json",
      " M evidence/generated/p7_application_metrics_summary.md",
      " M evidence/generated/p7_application_protocol_summary.md",
      " M evidence/generated/p7_artifact_provenance_summary.json",
      " M evidence/generated/p7_artifact_provenance_summary.md",
      " M evidence/generated/p7_backend_conformance_summary.md",
      " M evidence/generated/p7_calibration_5min_embedded_summary.json",
      " M evidence/generated/p7_calibration_5min_embedded_summary.md",
      " M evidence/generated/p7_evidence_consistency_summary.json",
      " M evidence/generated/p7_evidence_consistency_summary.md",
      " M evidence/generated/p7_fault_recovery_summary.md",
      " M evidence/generated/p7_file_integrity_summary.md",
      " M evidence/generated/p7_final_acceptance_summary.json",
      " M evidence/generated/p7_final_acceptance_summary.md",
      " M evidence/generated/p7_final_summary.json",
      " M evidence/generated/p7_final_summary.md",
      " M evidence/generated/p7_fragment_boundary_hw_summary.json",
      " M evidence/generated/p7_fragment_boundary_hw_summary.md",
      " M evidence/generated/p7_fragment_boundary_matrix_summary.json",
      " M evidence/generated/p7_fragment_boundary_matrix_summary.md",
      " M evidence/generated/p7_fragmentation_reassembly_summary.md",
      " M evidence/generated/p7_hardware_authorization_summary.json",
      " M evidence/generated/p7_hardware_authorization_summary.md",
      " M evidence/generated/p7_hardware_evidence_summary.json",
      " M evidence/generated/p7_hardware_file_inventory.csv",
      " M evidence/generated/p7_hardware_file_inventory.json",
      " M evidence/generated/p7_lane1_promotion_summary.json",
      " M evidence/generated/p7_lane_fallback_hw_summary.json",
      " M evidence/generated/p7_lane_fallback_hw_summary.md",
      " M evidence/generated/p7_lane_fault_fallback_summary.json",
      " M evidence/generated/p7_lane_fault_fallback_summary.md",
      " M evidence/generated/p7_lane_scheduler_fallback_summary.json",
      " M evidence/generated/p7_lane_scheduler_fallback_summary.md",
      " M evidence/generated/p7_lane_scheduler_summary.md",
      " M evidence/generated/p7_large_object_jtag_summary.json",
      " M evidence/generated/p7_large_object_jtag_summary.md",
      " M evidence/generated/p7_large_object_summary.json",
      " M evidence/generated/p7_large_object_summary.md",
      " M evidence/generated/p7_no_ethernet_summary.md",
      " M evidence/generated/p7_no_motion_summary.md",
      " M evidence/generated/p7_offline_gate_summary.json",
      " M evidence/generated/p7_offline_gate_summary.md",
      " M evidence/generated/p7_offline_test_run.json",
      " M evidence/generated/p7_p6_frame_regression_summary.json",
      " M evidence/generated/p7_p6_frame_regression_summary.md",
      " M evidence/generated/p7_performance_summary.json",
      " M evidence/generated/p7_performance_summary.md",
      " M evidence/generated/p7_protocol_vector_summary.md",
      " M evidence/generated/p7_provenance.json",
      " M evidence/generated/p7_ps_app_runtime_summary.json",
      " M evidence/generated/p7_ps_app_runtime_summary.md",
      " M evidence/generated/p7_ps_core_hardware_readiness.json",
      " M evidence/generated/p7_ps_runtime_build_summary.json",
      " M evidence/generated/p7_ps_runtime_hw_summary.json",
      " M evidence/generated/p7_ps_runtime_hw_summary.md",
      " M evidence/generated/p7_ps_runtime_summary.md",
      " M evidence/generated/p7_queue_backpressure_hw_summary.json",
      " M evidence/generated/p7_queue_backpressure_hw_summary.md",
      " M evidence/generated/p7_queue_backpressure_summary.json",
      " M evidence/generated/p7_queue_backpressure_summary.md",
      " M evidence/generated/p7_repo_intake.md",
      " M evidence/generated/p7_repo_intake_summary.json",
      " M evidence/generated/p7_repo_intake_summary.md",
      " M evidence/generated/p7_result_consistency_summary.json",
      " M evidence/generated/p7_result_consistency_summary.md",
      " M evidence/generated/p7_safe_idle_recheck_summary.json",
      " M evidence/generated/p7_safe_idle_recheck_summary.md",
      " M evidence/generated/p7_segmentation_reassembly_summary.md",
      " M evidence/generated/p7_shutdown_evidence_summary.json",
      " M evidence/generated/p7_shutdown_evidence_summary.md",
      " M evidence/generated/p7_shutdown_summary.json",
      " M evidence/generated/p7_shutdown_summary.md",
      " M evidence/generated/p7_stationary_30min_summary.json",
      " M evidence/generated/p7_stationary_30min_summary.md",
      " M evidence/generated/p7_stationary_app_30min_soak_summary.json",
      " M evidence/generated/p7_stationary_app_30min_soak_summary.md",
      " M evidence/generated/p7_stationary_local_application_layer_summary.json",
      " M evidence/generated/p7_stationary_local_application_layer_summary.md",
      " M evidence/generated/vitis/p7_ps_runtime/p7_ps_runtime_build_summary.json",
      " M evidence/hardware/p7/p7_run_sequence_ledger.json",
      "?? evidence/hardware/p7/authorized_sequence/p7_20260713_stationary_app_r31_diag_suffix55/"
    ],
    "max_runtime_sec": 900,
    "lane_count": 2,
    "max_lane_mask": "0x3",
    "no_ethernet": true,
    "no_motion": true,
    "shutdown_on_exit": true,
    "abort_file": "C:\\Users\\user\\Documents\\RF_COMM_MULTILANE\\.hardware_authorization\\ABORT_NOW.txt",
    "abort_file_present": false,
    "hw_server_url": "localhost:3121",
    "preflight_tcl": "C:\\Users\\user\\Documents\\RF_COMM_MULTILANE\\scripts\\hw\\p7_hw_preflight.tcl",
    "preflight_tcl_sha256": "95bfbdf7e6c429e6637c1b4224a9dcecaa1fd756a1f665b21a797d54afbfc464",
    "artifacts": {
      "plan": {
        "path": "C:\\Users\\user\\Documents\\RF_COMM_MULTILANE\\evidence\\hardware\\p7\\artifacts\\p7_plan_c6db9d8348c3bc518fa5985595adfcdada1a08f11c9246c6103ec378b43b58dd.md",
        "expected_sha256": "c6db9d8348c3bc518fa5985595adfcdada1a08f11c9246c6103ec378b43b58dd",
        "exists": true,
        "actual_sha256": "c6db9d8348c3bc518fa5985595adfcdada1a08f11c9246c6103ec378b43b58dd"
      },
      "bitstream": {
        "path": "C:\\Users\\user\\Documents\\RF_COMM_MULTILANE\\evidence\\hardware\\p6\\bitstreams\\p6_ps_dynamic_transport_34cdf1c1f7c36595760cc56ae6636209fa64f9b0eebad4d145a4ed5763f23249.bit",
        "expected_sha256": "34cdf1c1f7c36595760cc56ae6636209fa64f9b0eebad4d145a4ed5763f23249",
        "exists": true,
        "actual_sha256": "34cdf1c1f7c36595760cc56ae6636209fa64f9b0eebad4d145a4ed5763f23249"
      },
      "xsa": {
        "path": "C:\\Users\\user\\Documents\\RF_COMM_MULTILANE\\evidence\\hardware\\p6\\bitstreams\\p6_ps_dynamic_transport_b5d1174eb46d12eb395ceabbbea3c132c5771ca6777194138e68c2eacb2e4fc9.xsa",
        "expected_sha256": "b5d1174eb46d12eb395ceabbbea3c132c5771ca6777194138e68c2eacb2e4fc9",
        "exists": true,
        "actual_sha256": "b5d1174eb46d12eb395ceabbbea3c132c5771ca6777194138e68c2eacb2e4fc9"
      },
      "elf": {
        "path": "C:\\Users\\user\\Documents\\RF_COMM_MULTILANE\\evidence\\hardware\\p7\\artifacts\\p7_runtime_47257305c56b99641421a716c4530d28ea2d22901f4a27c79f0a2beb77d9eb0b.elf",
        "expected_sha256": "47257305c56b99641421a716c4530d28ea2d22901f4a27c79f0a2beb77d9eb0b",
        "exists": true,
        "actual_sha256": "47257305c56b99641421a716c4530d28ea2d22901f4a27c79f0a2beb77d9eb0b"
      },
      "profile": {
        "path": "C:\\Users\\user\\Documents\\RF_COMM_MULTILANE\\profiles\\p7\\p7_ps_application_functional.json",
        "expected_sha256": "eb0192a27d115a5b70730746982e16b954ed754f8e1a57961091a31c4d6afcd0",
        "exists": true,
        "actual_sha256": "eb0192a27d115a5b70730746982e16b954ed754f8e1a57961091a31c4d6afcd0"
      },
      "active_xdc": {
        "path": "C:\\Users\\user\\Documents\\RF_COMM_MULTILANE\\constraints\\active\\PORT1.generated.xdc",
        "expected_sha256": "cf23a0d34a2fa76521faf4c91f3858cff2117fa6020d302d1a6109f10254f990",
        "exists": true,
        "actual_sha256": "cf23a0d34a2fa76521faf4c91f3858cff2117fa6020d302d1a6109f10254f990"
      },
      "pinmap": {
        "path": "C:\\Users\\user\\Documents\\RF_COMM_MULTILANE\\board_profiles\\ax7010_tfdu_j10_j11_pinmap.csv",
        "expected_sha256": "4c7d5f0836a2ab48df7672e00f99455e582fbf477b04ed2b3b44ef38506a8a6a",
        "exists": true,
        "actual_sha256": "4c7d5f0836a2ab48df7672e00f99455e582fbf477b04ed2b3b44ef38506a8a6a"
      },
      "register_map": {
        "path": "C:\\Users\\user\\Documents\\RF_COMM_MULTILANE\\config\\register_map\\ir_axi_regs.yaml",
        "expected_sha256": "d5b0bf1476d815a3ed69988c72097827356d4eade48813c8913fc1b2d448983d",
        "exists": true,
        "actual_sha256": "d5b0bf1476d815a3ed69988c72097827356d4eade48813c8913fc1b2d448983d"
      },
      "shutdown_bitstream": {
        "path": "C:\\Users\\user\\Documents\\RF_COMM_MULTILANE\\shutdown_bitstream\\tfdu_shutdown_j10_j11.bit",
        "expected_sha256": "bac60b58912f0acd771dc830a6761535ec8f6a92befb1ae4cb7d928745af5810",
        "exists": true,
        "actual_sha256": "bac60b58912f0acd771dc830a6761535ec8f6a92befb1ae4cb7d928745af5810"
      }
    },
    "errors": [],
    "warnings": [
      "workspace has uncommitted changes; frozen artifact hashes remain authoritative"
    ]
  },
  "stage_validation_errors": [],
  "core_hardware_readiness": {
    "path": "C:\\Users\\user\\Documents\\RF_COMM_MULTILANE\\evidence\\generated\\p7_ps_core_hardware_readiness.json",
    "expected_sha256": "72d274cd3ebf5d399c19571f756a51895c3fc90b97ead2e8661dcaeed29291e4",
    "actual_sha256": "72d274cd3ebf5d399c19571f756a51895c3fc90b97ead2e8661dcaeed29291e4",
    "status": "PASS",
    "errors": [],
    "attestation": {
      "schema": "rf-comm-p7-ps-core-hardware-readiness-v1",
      "P7_PS_CORE_HARDWARE_READINESS": "PASS",
      "generated_at_utc": "2026-07-13T02:30:17+00:00",
      "hardware_actions_executed": false,
      "HARDWARE_ACCEPTANCE": "PENDING_HW",
      "checks": {
        "host_command_cache_disabled_or_isolated": true,
        "deadline_frozen_in_private_context": true,
        "active_transfer_obeys_absolute_deadline": true,
        "stop_abort_shutdown_observed_during_active_object": true,
        "shutdown_readback_verified": true,
        "failure_cleanup_shutdown_first": true,
        "failure_wipe_uses_private_validated_range": true,
        "integrity_crc_sha_immutable_chunk_snapshot": true,
        "critical_payload_copies_are_volatile_byte_verified": true,
        "integrity_failure_snapshot_precedes_output_wipe": true,
        "integrity_failure_snapshot_mailbox_diagnostic": true,
        "descriptor_ready_published_last": true,
        "terminal_descriptor_stable_snapshot": true,
        "phy_reenabled_and_startup_ready_waited": true,
        "runtime_terminal_after_exact_deadline": true,
        "runtime_elapsed_seqlock_and_monotonic_reader": true,
        "runtime_elapsed_causal_request_release": true,
        "object_latency_start_precedes_input_integrity": true,
        "firmware_stationary_admission_cutoff": true,
        "contained_child_tree_reaped_before_shutdown": true,
        "strict_ring_host_publication_supported": true,
        "stationary_identity_ledger_bound": true,
        "native_shutdown_readback_test": true,
        "p7_python_and_codec_tests": true,
        "real_vitis_build_source_bound": true
      },
      "sources": {
        "software/ps_driver/p7_app_service.h": "652b8e99ab24556b892fada2828e8be7f654486d4db3f6779f8468ea71810b04",
        "software/ps_driver/p7_admission_contract.h": "12f38347e8cb15857342d9c70a61a6e92a1eeddb40224637a0280c5400ce5d41",
        "software/ps_driver/p7_app_service.c": "ce1fe453edaebbfee899fc04f87536fb9d58165acecc10cd664a15551fdcd89a",
        "software/ps_driver/p7_runtime_main.c": "cd5d98832dfd7bbe76a5ed90d70fba29008f1359710625dbe293e3eca0d5f6c9",
        "software/ps_driver/ir_driver.h": "09f0329fbec7d79429e4a4e3894526244dd74439540650692a28fd2867d29d07",
        "software/ps_driver/ir_driver.c": "0aaaf6234bf17d00ecac436b79cd43cc8690880f7e807e7cc92ce1b0f5fcd614",
        "tools/p7_ps_mailbox_backend.py": "a7df62be68acef5e55b075f615c7136bb79b3de7fad0e171713aedab92ab375b",
        "scripts/hw/run_p7_ps_application_stage_safe.py": "f8601396e9d9083de57991cada1bfd00a2966625947420fdc8f9253efe79af54",
        "scripts/hw/p7_ps_application_execute.tcl": "2fa85cbf1b04e32dc1041a2a7e2eb3c0fa1ce776a69a35759e86deaed14ac42c",
        "scripts/hw/run_p7_jtag_axi_stage_safe.py": "8472cda8e66dc14ef856f7541139bb63400b7aebe9d19d30d37dd00260447dd2",
        "tools/p7_contained_launcher.py": "fe7ab681732b2ce2cb30c9233a1f58e3235d5f7b0da570a924af4a89f2fc7ca1"
      },
      "native_shutdown_test": {
        "compiler": "D:\\Xilinx\\Vitis_HLS\\2023.1\\tps\\mingw\\8.3.0\\win64.o\\nt\\bin\\gcc.exe",
        "compile_returncode": 0,
        "compile_stdout": "",
        "compile_stderr": "",
        "returncode": 0,
        "stdout": "",
        "stderr": ""
      },
      "native_stationary_admission_test": {
        "compiler": "D:\\Xilinx\\Vitis_HLS\\2023.1\\tps\\mingw\\8.3.0\\win64.o\\nt\\bin\\gcc.exe",
        "compile_returncode": 0,
        "compile_stdout": "",
        "compile_stderr": "",
        "returncode": 0,
        "stdout": "",
        "stderr": ""
      },
      "unit_tests": {
        "command": "C:\\Users\\user\\AppData\\Local\\Programs\\Python\\Python314\\python.exe -B -m unittest discover -s tests/p7 -p test*.py -v",
        "returncode": 0,
        "stdout": "",
        "stderr": "test_completed_object_replay_same_is_idempotent (test_p7_application.ProtocolTests.test_completed_object_replay_same_is_idempotent) ... ok\ntest_duplicate_different_rejected (test_p7_application.ProtocolTests.test_duplicate_different_rejected) ... ok\ntest_duplicate_same_is_idempotent (test_p7_application.ProtocolTests.test_duplicate_same_is_idempotent) ... ok\ntest_empty_object_is_header_only (test_p7_application.ProtocolTests.test_empty_object_is_header_only) ... ok\ntest_invalid_header_fields (test_p7_application.ProtocolTests.test_invalid_header_fields) ... ok\ntest_missing_fragment_never_complete (test_p7_application.ProtocolTests.test_missing_fragment_never_complete) ... ok\ntest_object_crc_failure (test_p7_application.ProtocolTests.test_object_crc_failure) ... ok\ntest_out_of_order_rejected (test_p7_application.ProtocolTests.test_out_of_order_rejected) ... ok\ntest_pattern_matrix (test_p7_application.ProtocolTests.test_pattern_matrix) ... ok\ntest_size_matrix (test_p7_application.ProtocolTests.test_size_matrix) ... ok\ntest_stale_session_rejected (test_p7_application.ProtocolTests.test_stale_session_rejected) ... ok\ntest_completed_descriptor_integrity (test_p7_application.PsMailboxCodecTests.test_completed_descriptor_integrity) ... ok\ntest_completed_descriptor_rejects_safety_and_lane_mismatch (test_p7_application.PsMailboxCodecTests.test_completed_descriptor_rejects_safety_and_lane_mismatch) ... ok\ntest_completed_descriptor_rejects_stale_identity_and_sequence (test_p7_application.PsMailboxCodecTests.test_completed_descriptor_rejects_stale_identity_and_sequence) ... ok\ntest_descriptor_ready_is_a_separate_last_publication (test_p7_application.PsMailboxCodecTests.test_descriptor_ready_is_a_separate_last_publication) ... ok\ntest_descriptor_roundtrip (test_p7_application.PsMailboxCodecTests.test_descriptor_roundtrip) ... ok\ntest_invalid_ps_ranges_rejected (test_p7_application.PsMailboxCodecTests.test_invalid_ps_ranges_rejected) ... ok\ntest_mailbox_codec (test_p7_application.PsMailboxCodecTests.test_mailbox_codec) ... ok\ntest_mailbox_runtime_bounds (test_p7_application.PsMailboxCodecTests.test_mailbox_runtime_bounds) ... ok\ntest_runtime_elapsed_seqlock_rejects_rollover_tears_and_regression (test_p7_application.PsMailboxCodecTests.test_runtime_elapsed_seqlock_rejects_rollover_tears_and_regression) ... ok\ntest_terminal_snapshot_rejects_torn_reads (test_p7_application.PsMailboxCodecTests.test_terminal_snapshot_rejects_torn_reads) ... ok\ntest_trace_geometry_overlap_and_end_boundary (test_p7_application.PsMailboxCodecTests.test_trace_geometry_overlap_and_end_boundary) ... ok\ntest_uint32_identity_boundaries (test_p7_application.PsMailboxCodecTests.test_uint32_identity_boundaries) ... ok\ntest_abort_and_restart_new_epoch (test_p7_application.TransportTests.test_abort_and_restart_new_epoch) ... ok\ntest_atomic_file_commit (test_p7_application.TransportTests.test_atomic_file_commit) ... ok\ntest_backend_conformance (test_p7_application.TransportTests.test_backend_conformance) ... ok\ntest_both_lanes_unavailable_bounded_failure (test_p7_application.TransportTests.test_both_lanes_unavailable_bounded_failure) ... ok\ntest_lane_fallback (test_p7_application.TransportTests.test_lane_fallback) ... ok\ntest_queue_backpressure_and_order (test_p7_application.TransportTests.test_queue_backpressure_and_order) ... ok\ntest_replication_semantics (test_p7_application.TransportTests.test_replication_semantics) ... ok\ntest_tcp_stub_cannot_open (test_p7_application.TransportTests.test_tcp_stub_cannot_open) ... ok\ntest_embedded_self_test (test_p7_jtag_backend.P7JtagBackendTests.test_embedded_self_test) ... ok\ntest_error_counter_and_rx_corruption_are_rejected (test_p7_jtag_backend.P7JtagBackendTests.test_error_counter_and_rx_corruption_are_rejected) ... ok\ntest_large_object_operation_formula_and_limits (test_p7_jtag_backend.P7JtagBackendTests.test_large_object_operation_formula_and_limits) ... ok\ntest_memory_mock_roundtrip_sizes_and_lane_policies (test_p7_jtag_backend.P7JtagBackendTests.test_memory_mock_roundtrip_sizes_and_lane_policies) ... ok\ntest_missing_and_duplicate_raw_keys_are_rejected_atomically (test_p7_jtag_backend.P7JtagBackendTests.test_missing_and_duplicate_raw_keys_are_rejected_atomically) ... ok\ntest_real_r5_clear_scoped_raw_pulse_evidence_parses (test_p7_jtag_backend.P7JtagBackendTests.test_real_r5_clear_scoped_raw_pulse_evidence_parses) ... ok\ntest_real_r8_retry_evidence_parses (test_p7_jtag_backend.P7JtagBackendTests.test_real_r8_retry_evidence_parses) ... ok\ntest_retry_delta_allows_duplicate_valid_frames_and_is_bounded (test_p7_jtag_backend.P7JtagBackendTests.test_retry_delta_allows_duplicate_valid_frames_and_is_bounded) ... ok\n\n----------------------------------------------------------------------\nRan 39 tests in 1.260s\n\nOK\n"
      },
      "build_summary": "evidence/generated/vitis/p7_ps_runtime/p7_ps_runtime_build_summary.json"
    },
    "source_fingerprint": "51ed81f283cabd81dea215b41cb7d75a29394a3c192654dfe7362c32383908b6"
  },
  "raw_exit_policy": "every_process_must_return_exactly_zero_and_match_fresh_markers",
  "output_atomicity": "temp_fsync_replace_for_host_outputs_and_partial_rename_for_XSDB_dumps",
  "evidence_dir": "C:\\Users\\user\\Documents\\RF_COMM_MULTILANE\\evidence\\hardware\\p7\\authorized_sequence\\p7_20260713_stationary_app_r31_diag_suffix55\\062_p7_ps_functional",
  "bundle_manifest": {
    "path": "C:\\Users\\user\\Documents\\RF_COMM_MULTILANE\\evidence\\hardware\\p7\\authorized_sequence\\p7_20260713_stationary_app_r31_diag_suffix55\\062_p7_ps_functional\\bundle\\bundle_manifest.json",
    "size_bytes": 109313,
    "sha256": "455896ecd9de167ad26a81a8700fb576d1cdd77b0f2a3760eff03770eddbe2e1"
  },
  "execution_plan": {
    "path": "C:\\Users\\user\\Documents\\RF_COMM_MULTILANE\\evidence\\hardware\\p7\\authorized_sequence\\p7_20260713_stationary_app_r31_diag_suffix55\\062_p7_ps_functional\\bundle\\execution_plan.txt",
    "size_bytes": 4438,
    "sha256": "2cac968ba397a3ccfe5ad2cd67491fd42f31b10957f4fc27c27e859df8dc8a8e"
  },
  "scheduling_cutoff_sec": 840,
  "frozen_shutdown": {
    "path": "C:\\Users\\user\\Documents\\RF_COMM_MULTILANE\\evidence\\hardware\\p7\\shutdown\\p7_frozen_shutdown_bac60b58912f0acd771dc830a6761535ec8f6a92befb1ae4cb7d928745af5810.bit",
    "size_bytes": 2083853,
    "sha256": "bac60b58912f0acd771dc830a6761535ec8f6a92befb1ae4cb7d928745af5810"
  },
  "bundle_pre_run_file_count": 238,
  "hardware_execution_lock": {
    "path": "C:\\Users\\user\\Documents\\RF_COMM_MULTILANE\\.hardware_authorization\\P7_HARDWARE_EXECUTION.lock",
    "token_sha256": "06f655c8105954af48af1637d29c73582e7efae9c099c1eeb01de6f3b9317980",
    "owner": {
      "schema": "rf-comm-p7-hardware-execution-lock-v1",
      "pid": 3976,
      "wrapper": "run_p7_ps_application_stage_safe.py",
      "mode": "functional",
      "stage_name": "p7_ps_functional",
      "acquired_at_utc": "2026-07-13T04:31:35.402382+00:00",
      "evidence_dir": "C:\\Users\\user\\Documents\\RF_COMM_MULTILANE\\evidence\\hardware\\p7\\authorized_sequence\\p7_20260713_stationary_app_r31_diag_suffix55\\062_p7_ps_functional"
    },
    "acquired": true,
    "stale_lock_auto_recovery": false
  },
  "preflight": {
    "name": "preflight",
    "returncode": 0,
    "stdout_path": "C:\\Users\\user\\Documents\\RF_COMM_MULTILANE\\evidence\\hardware\\p7\\authorized_sequence\\p7_20260713_stationary_app_r31_diag_suffix55\\062_p7_ps_functional\\preflight.stdout.log",
    "stderr_path": "C:\\Users\\user\\Documents\\RF_COMM_MULTILANE\\evidence\\hardware\\p7\\authorized_sequence\\p7_20260713_stationary_app_r31_diag_suffix55\\062_p7_ps_functional\\preflight.stderr.log",
    "elapsed_seconds": 31.306439,
    "argv": [
      "D:\\Xilinx\\Vivado\\2023.1\\bin\\vivado.bat",
      "-mode",
      "batch",
      "-source",
      "C:\\Users\\user\\Documents\\RF_COMM_MULTILANE\\scripts\\hw\\p7_hw_preflight.tcl",
      "-tclargs",
      "C:\\Users\\user\\Documents\\RF_COMM_MULTILANE",
      "C:\\Users\\user\\Documents\\RF_COMM_MULTILANE\\.hardware_authorization\\p7_20260713_stationary_app_r31_diag_suffix55_062_p7_ps_functional.txt",
      "210512180081",
      "xc7z010clg400-1",
      "localhost:3121/xilinx_tcf/Digilent/210512180081",
      "localhost:3121",
      "C:\\Users\\user\\Documents\\RF_COMM_MULTILANE\\evidence\\hardware\\p7\\authorized_sequence\\p7_20260713_stationary_app_r31_diag_suffix55\\062_p7_ps_functional\\p7_hw_preflight_result.txt.partial"
    ],
    "started_at_utc": "2026-07-13T04:31:35.407519+00:00",
    "ended_at_utc": "2026-07-13T04:32:06.714938+00:00",
    "timed_out": false,
    "abort_seen": false,
    "interrupted": false,
    "process_tree_terminated": false,
    "process_tree_reaped": true,
    "containment_kind": "WINDOWS_JOB_OBJECT_KILL_ON_CLOSE",
    "containment_assigned": true,
    "containment_closed": true,
    "descendant_count_after": 0,
    "expected_tool_daemon_grace_used": true,
    "expected_tool_daemon_grace_seconds": 30.0,
    "expected_tool_daemon_paths": [
      "D:\\Xilinx\\Vivado\\2023.1\\bin\\unwrapped\\win64.o\\cs_server.exe",
      "D:\\Xilinx\\Vivado\\2023.1\\bin\\unwrapped\\win64.o\\rdi_xsdb.exe",
      "C:\\Windows\\System32\\cmd.exe",
      "C:\\Windows\\System32\\conhost.exe"
    ],
    "descendant_paths_seen": [
      "C:\\Windows\\System32\\cmd.exe",
      "C:\\Windows\\System32\\conhost.exe",
      "C:\\Windows\\System32\\conhost.exe",
      "D:\\Xilinx\\Vivado\\2023.1\\bin\\unwrapped\\win64.o\\cs_server.exe",
      "D:\\Xilinx\\Vivado\\2023.1\\bin\\unwrapped\\win64.o\\cs_server.exe",
      "D:\\Xilinx\\Vivado\\2023.1\\bin\\unwrapped\\win64.o\\rdi_xsdb.exe"
    ],
    "descendant_processes_seen": [
      {
        "pid": 16388,
        "parent_pid": 28728,
        "parent_active_globally": false,
        "image_path": "C:\\Windows\\System32\\cmd.exe",
        "creation_time_100ns": 134283907045923698
      },
      {
        "pid": 37844,
        "parent_pid": 16388,
        "parent_active_globally": true,
        "image_path": "C:\\Windows\\System32\\conhost.exe",
        "creation_time_100ns": 134283907045991845
      },
      {
        "pid": 39664,
        "parent_pid": 26208,
        "parent_active_globally": false,
        "image_path": "C:\\Windows\\System32\\conhost.exe",
        "creation_time_100ns": 134283907033600263
      },
      {
        "pid": 39824,
        "parent_pid": 46604,
        "parent_active_globally": false,
        "image_path": "D:\\Xilinx\\Vivado\\2023.1\\bin\\unwrapped\\win64.o\\cs_server.exe",
        "creation_time_100ns": 134283907040830549
      },
      {
        "pid": 41952,
        "parent_pid": 39824,
        "parent_active_globally": true,
        "image_path": "D:\\Xilinx\\Vivado\\2023.1\\bin\\unwrapped\\win64.o\\cs_server.exe",
        "creation_time_100ns": 134283907041784212
      },
      {
        "pid": 47324,
        "parent_pid": 16388,
        "parent_active_globally": true,
        "image_path": "D:\\Xilinx\\Vivado\\2023.1\\bin\\unwrapped\\win64.o\\rdi_xsdb.exe",
        "creation_time_100ns": 134283907049494318
      }
    ],
    "expected_tool_daemon_classification": "EXACT_R2_VIVADO_EXIT_HELPER_FOREST",
    "expected_tool_daemon_topology_snapshots": [
      {
        "classification": "EXACT_R2_VIVADO_EXIT_HELPER_FOREST",
        "elapsed_seconds": 0.006936,
        "processes": [
          {
            "pid": 16388,
            "parent_pid": 28728,
            "parent_active_globally": false,
            "image_path": "C:\\Windows\\System32\\cmd.exe",
            "creation_time_100ns": 134283907045923698
          },
          {
            "pid": 37844,
            "parent_pid": 16388,
            "parent_active_globally": true,
            "image_path": "C:\\Windows\\System32\\conhost.exe",
            "creation_time_100ns": 134283907045991845
          },
          {
            "pid": 39664,
            "parent_pid": 26208,
            "parent_active_globally": false,
            "image_path": "C:\\Windows\\System32\\conhost.exe",
            "creation_time_100ns": 134283907033600263
          },
          {
            "pid": 39824,
            "parent_pid": 46604,
            "parent_active_globally": false,
            "image_path": "D:\\Xilinx\\Vivado\\2023.1\\bin\\unwrapped\\win64.o\\cs_server.exe",
            "creation_time_100ns": 134283907040830549
          },
          {
            "pid": 41952,
            "parent_pid": 39824,
            "parent_active_globally": true,
            "image_path": "D:\\Xilinx\\Vivado\\2023.1\\bin\\unwrapped\\win64.o\\cs_server.exe",
            "creation_time_100ns": 134283907041784212
          },
          {
            "pid": 47324,
            "parent_pid": 16388,
            "parent_active_globally": true,
            "image_path": "D:\\Xilinx\\Vivado\\2023.1\\bin\\unwrapped\\win64.o\\rdi_xsdb.exe",
            "creation_time_100ns": 134283907049494318
          }
        ]
      },
      {
        "classification": "STRICT_SHRINK_SUBSET_OF_EXACT_R2_VIVADO_EXIT_HELPER_FOREST",
        "elapsed_seconds": 19.574982,
        "processes": [
          {
            "pid": 39664,
            "parent_pid": 26208,
            "parent_active_globally": false,
            "image_path": "C:\\Windows\\System32\\conhost.exe",
            "creation_time_100ns": 134283907033600263
          },
          {
            "pid": 39824,
            "parent_pid": 46604,
            "parent_active_globally": false,
            "image_path": "D:\\Xilinx\\Vivado\\2023.1\\bin\\unwrapped\\win64.o\\cs_server.exe",
            "creation_time_100ns": 134283907040830549
          },
          {
            "pid": 41952,
            "parent_pid": 39824,
            "parent_active_globally": true,
            "image_path": "D:\\Xilinx\\Vivado\\2023.1\\bin\\unwrapped\\win64.o\\cs_server.exe",
            "creation_time_100ns": 134283907041784212
          }
        ]
      },
      {
        "classification": "EMPTY",
        "elapsed_seconds": 20.643432,
        "processes": []
      }
    ],
    "expected_tool_daemon_topology_revalidation_count": 191,
    "expected_tool_daemon_topology_monotonic": true,
    "expected_tool_daemon_topology_sample_elapsed_seconds": [
      4e-05,
      0.006936,
      0.115044,
      0.223339,
      0.331092,
      0.437618,
      0.545876,
      0.654106,
      0.762374,
      0.870155,
      0.978147,
      1.086001,
      1.193959,
      1.301817,
      1.409821,
      1.517766,
      1.625651,
      1.734305,
      1.841945,
      1.955407,
      2.066643,
      2.174702,
      2.282993,
      2.392408,
      2.500194,
      2.608313,
      2.716676,
      2.824646,
      2.932232,
      3.040325,
      3.148447,
      3.256083,
      3.364225,
      3.472405,
      3.580245,
      3.688082,
      3.800152,
      3.90845,
      4.016423,
      4.124656,
      4.233028,
      4.341389,
      4.447926,
      4.554644,
      4.664075,
      4.772507,
      4.878616,
      4.986794,
      5.095123,
      5.203944,
      5.311074,
      5.419355,
      5.527546,
      5.635702,
      5.741782,
      5.850074,
      5.958614,
      6.067496,
      6.178655,
      6.286625,
      6.394665,
      6.502337,
      6.610403,
      6.718413,
      6.826139,
      6.934038,
      7.042653,
      7.15108,
      7.259334,
      7.367272,
      7.474214,
      7.581599,
      7.689627,
      7.797562,
      7.905357,
      8.013174,
      8.12146,
      8.229229,
      8.337541,
      8.445507,
      8.553331,
      8.661214,
      8.769437,
      8.878431,
      8.989895,
      9.097736,
      9.205715,
      9.313812,
      9.42224,
      9.530343,
      9.638308,
      9.746464,
      9.854385,
      9.962398,
      10.070572,
      10.178585,
      10.2868,
      10.393714,
      10.501908,
      10.610116,
      10.717906,
      10.825763,
      10.933461,
      11.041296,
      11.149089,
      11.256992,
      11.364861,
      11.472813,
      11.580772,
      11.688904,
      11.795055,
      11.902927,
      12.011592,
      12.119355,
      12.227303,
      12.335398,
      12.443237,
      12.551287,
      12.659319,
      12.767273,
      12.87478,
      12.98273,
      13.090233,
      13.198772,
      13.306657,
      13.414925,
      13.522942,
      13.631134,
      13.739917,
      13.848249,
      13.955872,
      14.063675,
      14.171997,
      14.279581,
      14.387596,
      14.495198,
      14.603062,
      14.71063,
      14.818446,
      14.929839,
      15.038061,
      15.146013,
      15.254105,
      15.361978,
      15.469448,
      15.577421,
      15.685733,
      15.793725,
      15.90153,
      16.010037,
      16.117114,
      16.228373,
      16.336267,
      16.444931,
      16.55298,
      16.661437,
      16.769653,
      16.877248,
      16.984719,
      17.092507,
      17.200848,
      17.308339,
      17.416983,
      17.523519,
      17.631605,
      17.739675,
      17.847168,
      17.955492,
      18.064534,
      18.172618,
      18.280467,
      18.388869,
      18.496318,
      18.603884,
      18.711896,
      18.819381,
      18.925785,
      19.035251,
      19.142882,
      19.250902,
      19.359163,
      19.467165,
      19.574982,
      19.682663,
      19.790102,
      19.89789,
      20.005442,
      20.112822,
      20.22061,
      20.326394,
      20.434081,
      20.541979,
      20.643432
    ],
    "expected_tool_daemon_topology_max_sample_gap_seconds": 0.113462,
    "expected_tool_daemon_grace_elapsed_seconds": 20.643451,
    "expected_tool_daemon_hashes_verified": true,
    "expected_tool_daemon_sha256_by_role": {
      "cs_server": "9bf0e15ffe162a96679c14b8117cf8ebe8a47b8032bee4ab8cb0317c112df536",
      "rdi_xsdb": "3193d8c4e7115e82e5b4ea6c2eb1aa8a7566bd5a9f9c78e9d901b9eab9d4ebfc",
      "cmd": "75320a519959cc6d089ea3eba33c38caccb7f138a025ea439bc9686cdb79ded4",
      "conhost": "a93cbb36b9c02364be6a72817174c46f94b66715549f279c6592ed659d237911"
    },
    "expected_tool_daemon_hash_error": "",
    "expected_tool_daemon_prelaunch_hashes_verified": true,
    "expected_tool_daemon_prelaunch_sha256_by_role": {
      "cs_server": "9bf0e15ffe162a96679c14b8117cf8ebe8a47b8032bee4ab8cb0317c112df536",
      "rdi_xsdb": "3193d8c4e7115e82e5b4ea6c2eb1aa8a7566bd5a9f9c78e9d901b9eab9d4ebfc",
      "cmd": "75320a519959cc6d089ea3eba33c38caccb7f138a025ea439bc9686cdb79ded4",
      "conhost": "a93cbb36b9c02364be6a72817174c46f94b66715549f279c6592ed659d237911"
    },
    "expected_tool_daemon_prelaunch_hash_error": "",
    "expected_tool_daemon_postexit_hashes_verified": true,
    "expected_tool_daemon_postexit_sha256_by_role": {
      "cs_server": "9bf0e15ffe162a96679c14b8117cf8ebe8a47b8032bee4ab8cb0317c112df536",
      "rdi_xsdb": "3193d8c4e7115e82e5b4ea6c2eb1aa8a7566bd5a9f9c78e9d901b9eab9d4ebfc",
      "cmd": "75320a519959cc6d089ea3eba33c38caccb7f138a025ea439bc9686cdb79ded4",
      "conhost": "a93cbb36b9c02364be6a72817174c46f94b66715549f279c6592ed659d237911"
    },
    "expected_tool_daemon_postexit_hash_error": "",
    "expected_tool_daemon_topology_error": "",
    "expected_tool_daemon_topology_terminal_empty": true,
    "process_identity_query_retry_count": 0,
    "process_exit_race_recheck_count": 0,
    "process_identity_query_transient_errors": [],
    "containment_cleanup_attempted": false,
    "containment_cleanup_terminated": false,
    "process_exit_race_rechecked": false,
    "process_identity_query_retried": false,
    "containment_query_error": "",
    "launch_error": "",
    "watchdog_reason": "",
    "active_marker_seen": false,
    "safe_terminal_marker_seen": false,
    "passed": true,
    "failures": []
  },
  "target_identity": {
    "P7_HW_PREFLIGHT_AUTHORIZED": "1",
    "P7_HW_PREFLIGHT_READ_ONLY": "1",
    "P7_HW_PREFLIGHT_BOARD_ID": "210512180081",
    "P7_HW_PREFLIGHT_TARGET": "localhost:3121/xilinx_tcf/Digilent/210512180081",
    "P7_HW_PREFLIGHT_DEVICE": "xc7z010_1",
    "P7_HW_PREFLIGHT_PART": "xc7z010clg400-1",
    "P7_HW_PREFLIGHT_IDCODE": "00010011011100100010000010010011",
    "P7_HW_PREFLIGHT_CANONICAL_PART": "xc7z010clg400-1",
    "P7_HW_PREFLIGHT_LIVE_PART": "xc7z010",
    "P7_HW_PREFLIGHT_LIVE_DEVICE": "xc7z010_1",
    "P7_HW_PREFLIGHT_LIVE_IDCODE": "00010011011100100010000010010011",
    "P7_HW_PREFLIGHT_RESULT": "PASS"
  },
  "shutdown_before": {
    "name": "shutdown_before",
    "returncode": 0,
    "stdout_path": "C:\\Users\\user\\Documents\\RF_COMM_MULTILANE\\evidence\\hardware\\p7\\authorized_sequence\\p7_20260713_stationary_app_r31_diag_suffix55\\062_p7_ps_functional\\shutdown_before.stdout.log",
    "stderr_path": "C:\\Users\\user\\Documents\\RF_COMM_MULTILANE\\evidence\\hardware\\p7\\authorized_sequence\\p7_20260713_stationary_app_r31_diag_suffix55\\062_p7_ps_functional\\shutdown_before.stderr.log",
    "elapsed_seconds": 48.490434,
    "argv": [
      "D:\\Xilinx\\Vivado\\2023.1\\bin\\vivado.bat",
      "-mode",
      "batch",
      "-source",
      "C:\\Users\\user\\Documents\\RF_COMM_MULTILANE\\scripts\\hw\\p7_jtag_axi_transactions.tcl",
      "-tclargs",
      "C:\\Users\\user\\Documents\\RF_COMM_MULTILANE",
      "SHUTDOWN",
      "C:\\Users\\user\\Documents\\RF_COMM_MULTILANE\\.hardware_authorization\\p7_20260713_stationary_app_r31_diag_suffix55_062_p7_ps_functional.txt",
      "210512180081",
      "xc7z010clg400-1",
      "localhost:3121/xilinx_tcf/Digilent/210512180081",
      "localhost:3121",
      "1000000",
      "C:\\Users\\user\\Documents\\RF_COMM_MULTILANE\\evidence\\hardware\\p7\\shutdown\\p7_frozen_shutdown_bac60b58912f0acd771dc830a6761535ec8f6a92befb1ae4cb7d928745af5810.bit",
      "-",
      "-",
      "C:\\Users\\user\\Documents\\RF_COMM_MULTILANE\\evidence\\hardware\\p7\\authorized_sequence\\p7_20260713_stationary_app_r31_diag_suffix55\\062_p7_ps_functional\\shutdown_before_result.txt.partial",
      "0x43c00000",
      "1",
      "134217728",
      "900",
      "C:\\Users\\user\\Documents\\RF_COMM_MULTILANE\\evidence\\hardware\\p7\\shutdown\\p7_frozen_shutdown_bac60b58912f0acd771dc830a6761535ec8f6a92befb1ae4cb7d928745af5810.bit"
    ],
    "started_at_utc": "2026-07-13T04:32:06.727464+00:00",
    "ended_at_utc": "2026-07-13T04:32:55.218377+00:00",
    "timed_out": false,
    "abort_seen": false,
    "interrupted": false,
    "process_tree_terminated": false,
    "process_tree_reaped": true,
    "containment_kind": "WINDOWS_JOB_OBJECT_KILL_ON_CLOSE",
    "containment_assigned": true,
    "containment_closed": true,
    "descendant_count_after": 0,
    "expected_tool_daemon_grace_used": true,
    "expected_tool_daemon_grace_seconds": 30.0,
    "expected_tool_daemon_paths": [
      "D:\\Xilinx\\Vivado\\2023.1\\bin\\unwrapped\\win64.o\\cs_server.exe",
      "D:\\Xilinx\\Vivado\\2023.1\\bin\\unwrapped\\win64.o\\rdi_xsdb.exe",
      "C:\\Windows\\System32\\cmd.exe",
      "C:\\Windows\\System32\\conhost.exe"
    ],
    "descendant_paths_seen": [
      "D:\\Xilinx\\Vivado\\2023.1\\bin\\unwrapped\\win64.o\\cs_server.exe",
      "C:\\Windows\\System32\\cmd.exe",
      "D:\\Xilinx\\Vivado\\2023.1\\bin\\unwrapped\\win64.o\\rdi_xsdb.exe",
      "C:\\Windows\\System32\\conhost.exe",
      "C:\\Windows\\System32\\conhost.exe",
      "D:\\Xilinx\\Vivado\\2023.1\\bin\\unwrapped\\win64.o\\cs_server.exe"
    ],
    "descendant_processes_seen": [
      {
        "pid": 420,
        "parent_pid": 35828,
        "parent_active_globally": false,
        "image_path": "D:\\Xilinx\\Vivado\\2023.1\\bin\\unwrapped\\win64.o\\cs_server.exe",
        "creation_time_100ns": 134283907354733250
      },
      {
        "pid": 15496,
        "parent_pid": 44100,
        "parent_active_globally": false,
        "image_path": "C:\\Windows\\System32\\cmd.exe",
        "creation_time_100ns": 134283907359514789
      },
      {
        "pid": 21896,
        "parent_pid": 15496,
        "parent_active_globally": true,
        "image_path": "D:\\Xilinx\\Vivado\\2023.1\\bin\\unwrapped\\win64.o\\rdi_xsdb.exe",
        "creation_time_100ns": 134283907362705190
      },
      {
        "pid": 26756,
        "parent_pid": 35480,
        "parent_active_globally": false,
        "image_path": "C:\\Windows\\System32\\conhost.exe",
        "creation_time_100ns": 134283907347635114
      },
      {
        "pid": 35048,
        "parent_pid": 15496,
        "parent_active_globally": true,
        "image_path": "C:\\Windows\\System32\\conhost.exe",
        "creation_time_100ns": 134283907359605483
      },
      {
        "pid": 42804,
        "parent_pid": 420,
        "parent_active_globally": true,
        "image_path": "D:\\Xilinx\\Vivado\\2023.1\\bin\\unwrapped\\win64.o\\cs_server.exe",
        "creation_time_100ns": 134283907355610950
      }
    ],
    "expected_tool_daemon_classification": "EXACT_R2_VIVADO_EXIT_HELPER_FOREST",
    "expected_tool_daemon_topology_snapshots": [
      {
        "classification": "EXACT_R2_VIVADO_EXIT_HELPER_FOREST",
        "elapsed_seconds": 0.006645,
        "processes": [
          {
            "pid": 420,
            "parent_pid": 35828,
            "parent_active_globally": false,
            "image_path": "D:\\Xilinx\\Vivado\\2023.1\\bin\\unwrapped\\win64.o\\cs_server.exe",
            "creation_time_100ns": 134283907354733250
          },
          {
            "pid": 15496,
            "parent_pid": 44100,
            "parent_active_globally": false,
            "image_path": "C:\\Windows\\System32\\cmd.exe",
            "creation_time_100ns": 134283907359514789
          },
          {
            "pid": 21896,
            "parent_pid": 15496,
            "parent_active_globally": true,
            "image_path": "D:\\Xilinx\\Vivado\\2023.1\\bin\\unwrapped\\win64.o\\rdi_xsdb.exe",
            "creation_time_100ns": 134283907362705190
          },
          {
            "pid": 26756,
            "parent_pid": 35480,
            "parent_active_globally": false,
            "image_path": "C:\\Windows\\System32\\conhost.exe",
            "creation_time_100ns": 134283907347635114
          },
          {
            "pid": 35048,
            "parent_pid": 15496,
            "parent_active_globally": true,
            "image_path": "C:\\Windows\\System32\\conhost.exe",
            "creation_time_100ns": 134283907359605483
          },
          {
            "pid": 42804,
            "parent_pid": 420,
            "parent_active_globally": true,
            "image_path": "D:\\Xilinx\\Vivado\\2023.1\\bin\\unwrapped\\win64.o\\cs_server.exe",
            "creation_time_100ns": 134283907355610950
          }
        ]
      },
      {
        "classification": "STRICT_SHRINK_SUBSET_OF_EXACT_R2_VIVADO_EXIT_HELPER_FOREST",
        "elapsed_seconds": 19.292575,
        "processes": [
          {
            "pid": 420,
            "parent_pid": 35828,
            "parent_active_globally": false,
            "image_path": "D:\\Xilinx\\Vivado\\2023.1\\bin\\unwrapped\\win64.o\\cs_server.exe",
            "creation_time_100ns": 134283907354733250
          },
          {
            "pid": 26756,
            "parent_pid": 35480,
            "parent_active_globally": false,
            "image_path": "C:\\Windows\\System32\\conhost.exe",
            "creation_time_100ns": 134283907347635114
          },
          {
            "pid": 42804,
            "parent_pid": 420,
            "parent_active_globally": true,
            "image_path": "D:\\Xilinx\\Vivado\\2023.1\\bin\\unwrapped\\win64.o\\cs_server.exe",
            "creation_time_100ns": 134283907355610950
          }
        ]
      },
      {
        "classification": "EMPTY",
        "elapsed_seconds": 20.480037,
        "processes": []
      }
    ],
    "expected_tool_daemon_topology_revalidation_count": 189,
    "expected_tool_daemon_topology_monotonic": true,
    "expected_tool_daemon_topology_sample_elapsed_seconds": [
      4.2e-05,
      0.006645,
      0.113144,
      0.221423,
      0.329414,
      0.437433,
      0.545708,
      0.65371,
      0.761708,
      0.869741,
      0.977478,
      1.08567,
      1.193688,
      1.301629,
      1.409563,
      1.517055,
      1.625251,
      1.734318,
      1.843933,
      1.952121,
      2.060084,
      2.168173,
      2.275873,
      2.383549,
      2.491499,
      2.599028,
      2.706467,
      2.81446,
      2.920739,
      3.028863,
      3.137232,
      3.245037,
      3.351959,
      3.460319,
      3.569667,
      3.677766,
      3.785921,
      3.893654,
      4.001956,
      4.109549,
      4.2168,
      4.325122,
      4.433235,
      4.541088,
      4.64895,
      4.757323,
      4.865586,
      4.973313,
      5.081279,
      5.188963,
      5.29606,
      5.402818,
      5.510715,
      5.618826,
      5.727027,
      5.833888,
      5.94238,
      6.050928,
      6.1593,
      6.267938,
      6.375985,
      6.484625,
      6.592585,
      6.700583,
      6.808791,
      6.91662,
      7.024304,
      7.131567,
      7.238168,
      7.34672,
      7.456058,
      7.564238,
      7.672164,
      7.780205,
      7.888245,
      7.996323,
      8.104555,
      8.212355,
      8.320123,
      8.42806,
      8.535942,
      8.64404,
      8.75257,
      8.861337,
      8.969898,
      9.078077,
      9.185959,
      9.294275,
      9.402473,
      9.510175,
      9.618046,
      9.72593,
      9.834134,
      9.941461,
      10.04968,
      10.157501,
      10.265636,
      10.373783,
      10.481669,
      10.589958,
      10.698608,
      10.80696,
      10.914734,
      11.022472,
      11.130158,
      11.238071,
      11.346093,
      11.453983,
      11.560492,
      11.670293,
      11.778644,
      11.888354,
      11.996936,
      12.104767,
      12.214356,
      12.32195,
      12.429765,
      12.537887,
      12.645692,
      12.753696,
      12.861326,
      12.967871,
      13.075859,
      13.184068,
      13.292014,
      13.399925,
      13.508477,
      13.616574,
      13.724418,
      13.832285,
      13.939983,
      14.047957,
      14.155568,
      14.262785,
      14.370703,
      14.479445,
      14.587313,
      14.695056,
      14.806521,
      14.914121,
      15.022334,
      15.129924,
      15.237889,
      15.345561,
      15.453502,
      15.561671,
      15.668994,
      15.777007,
      15.884328,
      15.9956,
      16.103662,
      16.211455,
      16.319664,
      16.428014,
      16.536099,
      16.643983,
      16.751955,
      16.860013,
      16.967529,
      17.074631,
      17.182555,
      17.289328,
      17.398895,
      17.5075,
      17.615586,
      17.72363,
      17.83156,
      17.938863,
      18.04659,
      18.153895,
      18.261626,
      18.370043,
      18.477424,
      18.585366,
      18.694274,
      18.801621,
      18.910741,
      19.019751,
      19.127693,
      19.292575,
      19.400056,
      19.507998,
      19.618127,
      19.72591,
      19.833808,
      19.942621,
      20.05371,
      20.163335,
      20.270616,
      20.378801,
      20.480037
    ],
    "expected_tool_daemon_topology_max_sample_gap_seconds": 0.164882,
    "expected_tool_daemon_grace_elapsed_seconds": 20.480056,
    "expected_tool_daemon_hashes_verified": true,
    "expected_tool_daemon_sha256_by_role": {
      "cs_server": "9bf0e15ffe162a96679c14b8117cf8ebe8a47b8032bee4ab8cb0317c112df536",
      "rdi_xsdb": "3193d8c4e7115e82e5b4ea6c2eb1aa8a7566bd5a9f9c78e9d901b9eab9d4ebfc",
      "cmd": "75320a519959cc6d089ea3eba33c38caccb7f138a025ea439bc9686cdb79ded4",
      "conhost": "a93cbb36b9c02364be6a72817174c46f94b66715549f279c6592ed659d237911"
    },
    "expected_tool_daemon_hash_error": "",
    "expected_tool_daemon_prelaunch_hashes_verified": true,
    "expected_tool_daemon_prelaunch_sha256_by_role": {
      "cs_server": "9bf0e15ffe162a96679c14b8117cf8ebe8a47b8032bee4ab8cb0317c112df536",
      "rdi_xsdb": "3193d8c4e7115e82e5b4ea6c2eb1aa8a7566bd5a9f9c78e9d901b9eab9d4ebfc",
      "cmd": "75320a519959cc6d089ea3eba33c38caccb7f138a025ea439bc9686cdb79ded4",
      "conhost": "a93cbb36b9c02364be6a72817174c46f94b66715549f279c6592ed659d237911"
    },
    "expected_tool_daemon_prelaunch_hash_error": "",
    "expected_tool_daemon_postexit_hashes_verified": true,
    "expected_tool_daemon_postexit_sha256_by_role": {
      "cs_server": "9bf0e15ffe162a96679c14b8117cf8ebe8a47b8032bee4ab8cb0317c112df536",
      "rdi_xsdb": "3193d8c4e7115e82e5b4ea6c2eb1aa8a7566bd5a9f9c78e9d901b9eab9d4ebfc",
      "cmd": "75320a519959cc6d089ea3eba33c38caccb7f138a025ea439bc9686cdb79ded4",
      "conhost": "a93cbb36b9c02364be6a72817174c46f94b66715549f279c6592ed659d237911"
    },
    "expected_tool_daemon_postexit_hash_error": "",
    "expected_tool_daemon_topology_error": "",
    "expected_tool_daemon_topology_terminal_empty": true,
    "process_identity_query_retry_count": 1,
    "process_exit_race_recheck_count": 1,
    "process_identity_query_transient_errors": [],
    "containment_cleanup_attempted": false,
    "containment_cleanup_terminated": false,
    "process_exit_race_rechecked": true,
    "process_identity_query_retried": true,
    "containment_query_error": "",
    "launch_error": "",
    "watchdog_reason": "",
    "active_marker_seen": false,
    "safe_terminal_marker_seen": false,
    "attempted": true,
    "programming_attempted": true,
    "result_file": "C:\\Users\\user\\Documents\\RF_COMM_MULTILANE\\evidence\\hardware\\p7\\authorized_sequence\\p7_20260713_stationary_app_r31_diag_suffix55\\062_p7_ps_functional\\shutdown_before_result.txt",
    "passed": true,
    "failures": []
  },
  "shutdown_after": {
    "name": "shutdown_after",
    "returncode": 0,
    "stdout_path": "C:\\Users\\user\\Documents\\RF_COMM_MULTILANE\\evidence\\hardware\\p7\\authorized_sequence\\p7_20260713_stationary_app_r31_diag_suffix55\\062_p7_ps_functional\\shutdown_after.stdout.log",
    "stderr_path": "C:\\Users\\user\\Documents\\RF_COMM_MULTILANE\\evidence\\hardware\\p7\\authorized_sequence\\p7_20260713_stationary_app_r31_diag_suffix55\\062_p7_ps_functional\\shutdown_after.stderr.log",
    "elapsed_seconds": 48.539593,
    "argv": [
      "D:\\Xilinx\\Vivado\\2023.1\\bin\\vivado.bat",
      "-mode",
      "batch",
      "-source",
      "C:\\Users\\user\\Documents\\RF_COMM_MULTILANE\\scripts\\hw\\p7_jtag_axi_transactions.tcl",
      "-tclargs",
      "C:\\Users\\user\\Documents\\RF_COMM_MULTILANE",
      "SHUTDOWN",
      "C:\\Users\\user\\Documents\\RF_COMM_MULTILANE\\.hardware_authorization\\p7_20260713_stationary_app_r31_diag_suffix55_062_p7_ps_functional.txt",
      "210512180081",
      "xc7z010clg400-1",
      "localhost:3121/xilinx_tcf/Digilent/210512180081",
      "localhost:3121",
      "1000000",
      "C:\\Users\\user\\Documents\\RF_COMM_MULTILANE\\evidence\\hardware\\p7\\shutdown\\p7_frozen_shutdown_bac60b58912f0acd771dc830a6761535ec8f6a92befb1ae4cb7d928745af5810.bit",
      "-",
      "-",
      "C:\\Users\\user\\Documents\\RF_COMM_MULTILANE\\evidence\\hardware\\p7\\authorized_sequence\\p7_20260713_stationary_app_r31_diag_suffix55\\062_p7_ps_functional\\shutdown_after_result.txt.partial",
      "0x43c00000",
      "1",
      "134217728",
      "900",
      "C:\\Users\\user\\Documents\\RF_COMM_MULTILANE\\evidence\\hardware\\p7\\shutdown\\p7_frozen_shutdown_bac60b58912f0acd771dc830a6761535ec8f6a92befb1ae4cb7d928745af5810.bit"
    ],
    "started_at_utc": "2026-07-13T04:37:34.488451+00:00",
    "ended_at_utc": "2026-07-13T04:38:23.028545+00:00",
    "timed_out": false,
    "abort_seen": false,
    "interrupted": false,
    "process_tree_terminated": false,
    "process_tree_reaped": true,
    "containment_kind": "WINDOWS_JOB_OBJECT_KILL_ON_CLOSE",
    "containment_assigned": true,
    "containment_closed": true,
    "descendant_count_after": 0,
    "expected_tool_daemon_grace_used": true,
    "expected_tool_daemon_grace_seconds": 30.0,
    "expected_tool_daemon_paths": [
      "D:\\Xilinx\\Vivado\\2023.1\\bin\\unwrapped\\win64.o\\cs_server.exe",
      "D:\\Xilinx\\Vivado\\2023.1\\bin\\unwrapped\\win64.o\\rdi_xsdb.exe",
      "C:\\Windows\\System32\\cmd.exe",
      "C:\\Windows\\System32\\conhost.exe"
    ],
    "descendant_paths_seen": [
      "D:\\Xilinx\\Vivado\\2023.1\\bin\\unwrapped\\win64.o\\rdi_xsdb.exe",
      "D:\\Xilinx\\Vivado\\2023.1\\bin\\unwrapped\\win64.o\\cs_server.exe",
      "C:\\Windows\\System32\\cmd.exe",
      "C:\\Windows\\System32\\conhost.exe",
      "D:\\Xilinx\\Vivado\\2023.1\\bin\\unwrapped\\win64.o\\cs_server.exe",
      "C:\\Windows\\System32\\conhost.exe"
    ],
    "descendant_processes_seen": [
      {
        "pid": 3064,
        "parent_pid": 18812,
        "parent_active_globally": true,
        "image_path": "D:\\Xilinx\\Vivado\\2023.1\\bin\\unwrapped\\win64.o\\rdi_xsdb.exe",
        "creation_time_100ns": 134283910641014336
      },
      {
        "pid": 13160,
        "parent_pid": 48684,
        "parent_active_globally": true,
        "image_path": "D:\\Xilinx\\Vivado\\2023.1\\bin\\unwrapped\\win64.o\\cs_server.exe",
        "creation_time_100ns": 134283910633168837
      },
      {
        "pid": 18812,
        "parent_pid": 24736,
        "parent_active_globally": false,
        "image_path": "C:\\Windows\\System32\\cmd.exe",
        "creation_time_100ns": 134283910637679275
      },
      {
        "pid": 40996,
        "parent_pid": 33608,
        "parent_active_globally": false,
        "image_path": "C:\\Windows\\System32\\conhost.exe",
        "creation_time_100ns": 134283910625371117
      },
      {
        "pid": 48684,
        "parent_pid": 18000,
        "parent_active_globally": false,
        "image_path": "D:\\Xilinx\\Vivado\\2023.1\\bin\\unwrapped\\win64.o\\cs_server.exe",
        "creation_time_100ns": 134283910632222892
      },
      {
        "pid": 48692,
        "parent_pid": 18812,
        "parent_active_globally": true,
        "image_path": "C:\\Windows\\System32\\conhost.exe",
        "creation_time_100ns": 134283910637749032
      }
    ],
    "expected_tool_daemon_classification": "EXACT_R2_VIVADO_EXIT_HELPER_FOREST",
    "expected_tool_daemon_topology_snapshots": [
      {
        "classification": "EXACT_R2_VIVADO_EXIT_HELPER_FOREST",
        "elapsed_seconds": 0.006711,
        "processes": [
          {
            "pid": 3064,
            "parent_pid": 18812,
            "parent_active_globally": true,
            "image_path": "D:\\Xilinx\\Vivado\\2023.1\\bin\\unwrapped\\win64.o\\rdi_xsdb.exe",
            "creation_time_100ns": 134283910641014336
          },
          {
            "pid": 13160,
            "parent_pid": 48684,
            "parent_active_globally": true,
            "image_path": "D:\\Xilinx\\Vivado\\2023.1\\bin\\unwrapped\\win64.o\\cs_server.exe",
            "creation_time_100ns": 134283910633168837
          },
          {
            "pid": 18812,
            "parent_pid": 24736,
            "parent_active_globally": false,
            "image_path": "C:\\Windows\\System32\\cmd.exe",
            "creation_time_100ns": 134283910637679275
          },
          {
            "pid": 40996,
            "parent_pid": 33608,
            "parent_active_globally": false,
            "image_path": "C:\\Windows\\System32\\conhost.exe",
            "creation_time_100ns": 134283910625371117
          },
          {
            "pid": 48684,
            "parent_pid": 18000,
            "parent_active_globally": false,
            "image_path": "D:\\Xilinx\\Vivado\\2023.1\\bin\\unwrapped\\win64.o\\cs_server.exe",
            "creation_time_100ns": 134283910632222892
          },
          {
            "pid": 48692,
            "parent_pid": 18812,
            "parent_active_globally": true,
            "image_path": "C:\\Windows\\System32\\conhost.exe",
            "creation_time_100ns": 134283910637749032
          }
        ]
      },
      {
        "classification": "STRICT_SHRINK_SUBSET_OF_EXACT_R2_VIVADO_EXIT_HELPER_FOREST",
        "elapsed_seconds": 19.443877,
        "processes": [
          {
            "pid": 13160,
            "parent_pid": 48684,
            "parent_active_globally": true,
            "image_path": "D:\\Xilinx\\Vivado\\2023.1\\bin\\unwrapped\\win64.o\\cs_server.exe",
            "creation_time_100ns": 134283910633168837
          },
          {
            "pid": 40996,
            "parent_pid": 33608,
            "parent_active_globally": false,
            "image_path": "C:\\Windows\\System32\\conhost.exe",
            "creation_time_100ns": 134283910625371117
          },
          {
            "pid": 48684,
            "parent_pid": 18000,
            "parent_active_globally": false,
            "image_path": "D:\\Xilinx\\Vivado\\2023.1\\bin\\unwrapped\\win64.o\\cs_server.exe",
            "creation_time_100ns": 134283910632222892
          }
        ]
      },
      {
        "classification": "EMPTY",
        "elapsed_seconds": 20.523803,
        "processes": []
      }
    ],
    "expected_tool_daemon_topology_revalidation_count": 190,
    "expected_tool_daemon_topology_monotonic": true,
    "expected_tool_daemon_topology_sample_elapsed_seconds": [
      4e-05,
      0.006711,
      0.115249,
      0.223687,
      0.331154,
      0.438812,
      0.54636,
      0.652338,
      0.759988,
      0.86801,
      0.975953,
      1.083881,
      1.192342,
      1.300636,
      1.409148,
      1.516763,
      1.624153,
      1.731447,
      1.838792,
      1.946323,
      2.053535,
      2.161672,
      2.269842,
      2.37784,
      2.485604,
      2.593899,
      2.701788,
      2.810017,
      2.917906,
      3.026184,
      3.133827,
      3.241162,
      3.348427,
      3.456359,
      3.563647,
      3.674272,
      3.782455,
      3.89227,
      4.000611,
      4.108805,
      4.216814,
      4.324706,
      4.432541,
      4.540227,
      4.647835,
      4.755626,
      4.863354,
      4.969728,
      5.078062,
      5.186395,
      5.294449,
      5.402641,
      5.511282,
      5.619908,
      5.727762,
      5.835845,
      5.943755,
      6.051242,
      6.158832,
      6.266668,
      6.373043,
      6.481203,
      6.591365,
      6.69981,
      6.807646,
      6.915829,
      7.025942,
      7.133919,
      7.24136,
      7.349228,
      7.456693,
      7.563973,
      7.671798,
      7.777913,
      7.885815,
      7.994178,
      8.102167,
      8.210064,
      8.318033,
      8.425951,
      8.53433,
      8.641004,
      8.74854,
      8.856071,
      8.964179,
      9.071356,
      9.178678,
      9.286825,
      9.395603,
      9.503153,
      9.611266,
      9.7195,
      9.827647,
      9.935868,
      10.043722,
      10.151333,
      10.259117,
      10.36652,
      10.474495,
      10.582447,
      10.690253,
      10.800335,
      10.911403,
      11.0195,
      11.127885,
      11.235851,
      11.343931,
      11.451485,
      11.559223,
      11.666587,
      11.774529,
      11.88196,
      11.990048,
      12.096147,
      12.205307,
      12.313335,
      12.422045,
      12.53025,
      12.638961,
      12.746995,
      12.854634,
      12.962427,
      13.070735,
      13.178621,
      13.285772,
      13.392952,
      13.498934,
      13.606947,
      13.715371,
      13.823744,
      13.931626,
      14.039698,
      14.147641,
      14.255652,
      14.363441,
      14.471123,
      14.57887,
      14.686456,
      14.794585,
      14.902866,
      15.010823,
      15.118916,
      15.226958,
      15.33522,
      15.443986,
      15.552351,
      15.660208,
      15.768077,
      15.87528,
      15.983017,
      16.090625,
      16.198673,
      16.306333,
      16.412375,
      16.520416,
      16.628798,
      16.73671,
      16.844941,
      16.955443,
      17.064071,
      17.172034,
      17.2799,
      17.387822,
      17.495267,
      17.602921,
      17.710824,
      17.817042,
      17.925732,
      18.033489,
      18.141699,
      18.249722,
      18.3577,
      18.465803,
      18.573829,
      18.681744,
      18.789902,
      18.89812,
      19.006736,
      19.114384,
      19.222735,
      19.33103,
      19.443877,
      19.552065,
      19.659668,
      19.767868,
      19.875934,
      19.983734,
      20.091618,
      20.199115,
      20.306756,
      20.414451,
      20.523803
    ],
    "expected_tool_daemon_topology_max_sample_gap_seconds": 0.112847,
    "expected_tool_daemon_grace_elapsed_seconds": 20.523821,
    "expected_tool_daemon_hashes_verified": true,
    "expected_tool_daemon_sha256_by_role": {
      "cs_server": "9bf0e15ffe162a96679c14b8117cf8ebe8a47b8032bee4ab8cb0317c112df536",
      "rdi_xsdb": "3193d8c4e7115e82e5b4ea6c2eb1aa8a7566bd5a9f9c78e9d901b9eab9d4ebfc",
      "cmd": "75320a519959cc6d089ea3eba33c38caccb7f138a025ea439bc9686cdb79ded4",
      "conhost": "a93cbb36b9c02364be6a72817174c46f94b66715549f279c6592ed659d237911"
    },
    "expected_tool_daemon_hash_error": "",
    "expected_tool_daemon_prelaunch_hashes_verified": true,
    "expected_tool_daemon_prelaunch_sha256_by_role": {
      "cs_server": "9bf0e15ffe162a96679c14b8117cf8ebe8a47b8032bee4ab8cb0317c112df536",
      "rdi_xsdb": "3193d8c4e7115e82e5b4ea6c2eb1aa8a7566bd5a9f9c78e9d901b9eab9d4ebfc",
      "cmd": "75320a519959cc6d089ea3eba33c38caccb7f138a025ea439bc9686cdb79ded4",
      "conhost": "a93cbb36b9c02364be6a72817174c46f94b66715549f279c6592ed659d237911"
    },
    "expected_tool_daemon_prelaunch_hash_error": "",
    "expected_tool_daemon_postexit_hashes_verified": true,
    "expected_tool_daemon_postexit_sha256_by_role": {
      "cs_server": "9bf0e15ffe162a96679c14b8117cf8ebe8a47b8032bee4ab8cb0317c112df536",
      "rdi_xsdb": "3193d8c4e7115e82e5b4ea6c2eb1aa8a7566bd5a9f9c78e9d901b9eab9d4ebfc",
      "cmd": "75320a519959cc6d089ea3eba33c38caccb7f138a025ea439bc9686cdb79ded4",
      "conhost": "a93cbb36b9c02364be6a72817174c46f94b66715549f279c6592ed659d237911"
    },
    "expected_tool_daemon_postexit_hash_error": "",
    "expected_tool_daemon_topology_error": "",
    "expected_tool_daemon_topology_terminal_empty": true,
    "process_identity_query_retry_count": 0,
    "process_exit_race_recheck_count": 1,
    "process_identity_query_transient_errors": [],
    "containment_cleanup_attempted": false,
    "containment_cleanup_terminated": false,
    "process_exit_race_rechecked": true,
    "process_identity_query_retried": false,
    "containment_query_error": "",
    "launch_error": "",
    "watchdog_reason": "",
    "active_marker_seen": false,
    "safe_terminal_marker_seen": false,
    "attempted": true,
    "programming_attempted": true,
    "result_file": "C:\\Users\\user\\Documents\\RF_COMM_MULTILANE\\evidence\\hardware\\p7\\authorized_sequence\\p7_20260713_stationary_app_r31_diag_suffix55\\062_p7_ps_functional\\shutdown_after_result.txt",
    "passed": true,
    "failures": []
  },
  "tfdu_activity_semantics": "conservative_true_once_PS_candidate_ELF_command_is_launched",
  "ps_process": {
    "name": "ps_application_stage",
    "returncode": 0,
    "stdout_path": "C:\\Users\\user\\Documents\\RF_COMM_MULTILANE\\evidence\\hardware\\p7\\authorized_sequence\\p7_20260713_stationary_app_r31_diag_suffix55\\062_p7_ps_functional\\ps_application_stage.stdout.log",
    "stderr_path": "C:\\Users\\user\\Documents\\RF_COMM_MULTILANE\\evidence\\hardware\\p7\\authorized_sequence\\p7_20260713_stationary_app_r31_diag_suffix55\\062_p7_ps_functional\\ps_application_stage.stderr.log",
    "elapsed_seconds": 279.117508,
    "argv": [
      "D:\\Xilinx\\Vitis\\2023.1\\bin\\xsdb.bat",
      "C:\\Users\\user\\Documents\\RF_COMM_MULTILANE\\scripts\\hw\\p7_ps_application_execute.tcl",
      "C:\\Users\\user\\Documents\\RF_COMM_MULTILANE",
      "C:\\Users\\user\\Documents\\RF_COMM_MULTILANE\\.hardware_authorization\\p7_20260713_stationary_app_r31_diag_suffix55_062_p7_ps_functional.txt",
      "C:\\Users\\user\\Documents\\RF_COMM_MULTILANE\\evidence\\hardware\\p7\\authorized_sequence\\p7_20260713_stationary_app_r31_diag_suffix55\\062_p7_ps_functional\\p7_hw_preflight_result.txt",
      "C:\\Users\\user\\Documents\\RF_COMM_MULTILANE\\evidence\\hardware\\p6\\bitstreams\\p6_ps_dynamic_transport_34cdf1c1f7c36595760cc56ae6636209fa64f9b0eebad4d145a4ed5763f23249.bit",
      "C:\\Users\\user\\Documents\\RF_COMM_MULTILANE\\evidence\\hardware\\p7\\artifacts\\p7_runtime_47257305c56b99641421a716c4530d28ea2d22901f4a27c79f0a2beb77d9eb0b.elf",
      "C:\\Users\\user\\Documents\\RF_COMM_MULTILANE\\build\\p7_ps_vitis_workspace\\p7_platform\\hw\\ps7_init.tcl",
      "C:\\Users\\user\\Documents\\RF_COMM_MULTILANE\\evidence\\hardware\\p7\\authorized_sequence\\p7_20260713_stationary_app_r31_diag_suffix55\\062_p7_ps_functional\\bundle",
      "C:\\Users\\user\\Documents\\RF_COMM_MULTILANE\\evidence\\hardware\\p7\\authorized_sequence\\p7_20260713_stationary_app_r31_diag_suffix55\\062_p7_ps_functional\\bundle\\execution_plan.txt",
      "C:\\Users\\user\\Documents\\RF_COMM_MULTILANE\\evidence\\hardware\\p7\\authorized_sequence\\p7_20260713_stationary_app_r31_diag_suffix55\\062_p7_ps_functional\\p7_ps_application_raw_result.log.partial",
      "localhost:3121",
      "210512180081",
      "xc7z010clg400-1",
      "localhost:3121/xilinx_tcf/Digilent/210512180081",
      "900",
      "functional",
      "60",
      "C:\\Users\\user\\Documents\\RF_COMM_MULTILANE\\shutdown_bitstream\\tfdu_shutdown_j10_j11.bit",
      "333333343"
    ],
    "started_at_utc": "2026-07-13T04:32:55.358865+00:00",
    "ended_at_utc": "2026-07-13T04:37:34.476954+00:00",
    "timed_out": false,
    "abort_seen": false,
    "interrupted": false,
    "process_tree_terminated": false,
    "process_tree_reaped": true,
    "containment_kind": "WINDOWS_JOB_OBJECT_KILL_ON_CLOSE",
    "containment_assigned": true,
    "containment_closed": true,
    "descendant_count_after": 0,
    "expected_tool_daemon_grace_used": false,
    "expected_tool_daemon_grace_seconds": 0.0,
    "expected_tool_daemon_paths": [],
    "descendant_paths_seen": [],
    "descendant_processes_seen": [],
    "expected_tool_daemon_classification": "NONE",
    "expected_tool_daemon_topology_snapshots": [
      {
        "classification": "EMPTY",
        "elapsed_seconds": 4.5e-05,
        "processes": []
      }
    ],
    "expected_tool_daemon_topology_revalidation_count": 0,
    "expected_tool_daemon_topology_monotonic": false,
    "expected_tool_daemon_topology_sample_elapsed_seconds": [
      4.5e-05
    ],
    "expected_tool_daemon_topology_max_sample_gap_seconds": 0.0,
    "expected_tool_daemon_grace_elapsed_seconds": 0.0,
    "expected_tool_daemon_hashes_verified": false,
    "expected_tool_daemon_sha256_by_role": {},
    "expected_tool_daemon_hash_error": "",
    "expected_tool_daemon_prelaunch_hashes_verified": false,
    "expected_tool_daemon_prelaunch_sha256_by_role": {},
    "expected_tool_daemon_prelaunch_hash_error": "",
    "expected_tool_daemon_postexit_hashes_verified": false,
    "expected_tool_daemon_postexit_sha256_by_role": {},
    "expected_tool_daemon_postexit_hash_error": "",
    "expected_tool_daemon_topology_error": "",
    "expected_tool_daemon_topology_terminal_empty": true,
    "process_identity_query_retry_count": 0,
    "process_exit_race_recheck_count": 0,
    "process_identity_query_transient_errors": [],
    "containment_cleanup_attempted": false,
    "containment_cleanup_terminated": false,
    "process_exit_race_rechecked": false,
    "process_identity_query_retried": false,
    "containment_query_error": "",
    "launch_error": "",
    "watchdog_reason": "",
    "active_marker_seen": false,
    "safe_terminal_marker_seen": false,
    "passed": false,
    "failures": [
      "PS stage marker mismatch: P7_PS_STAGE_RESULT expected=PASS observed=FAIL",
      "P7_PS_STAGE_RESULT=PASS missing from stdout"
    ]
  },
  "child_reaped_before_shutdown_after": true,
  "bundle_post_shutdown_verification": {
    "passed": true,
    "failures": [],
    "immutable_pre_post_equal": true,
    "pre_run_file_count": 238,
    "post_shutdown_file_count": 265
  },
  "postprocess": {
    "passed": false,
    "failures": [
      "PS process did not pass exact rc/marker policy"
    ],
    "mailbox": {},
    "cases": []
  },
  "internal_error": "",
  "ps_failures": [
    "PS stage marker mismatch: P7_PS_STAGE_RESULT expected=PASS observed=FAIL",
    "P7_PS_STAGE_RESULT=PASS missing from stdout"
  ],
  "reason": "PS process, mailbox/descriptor/trace/output, or exact marker checks failed",
  "raw_evidence_sha256_manifest": {
    "path": "C:\\Users\\user\\Documents\\RF_COMM_MULTILANE\\evidence\\hardware\\p7\\authorized_sequence\\p7_20260713_stationary_app_r31_diag_suffix55\\062_p7_ps_functional\\p7_raw_evidence_sha256_manifest.json",
    "size_bytes": 54755,
    "sha256": "1b465b72b7bd7ca73421cbf086542ec484fd998d2eb41a6379c851e94de2951b"
  }
}
