COMMAND=D:\Xilinx\Vivado\2023.1\bin\xelab.bat tb_p8c_full_scale -s tb_p8c_full_scale_sim
RETURNCODE=0

STDOUT
Vivado Simulator v2023.1
Copyright 1986-2022 Xilinx, Inc. All Rights Reserved.
Copyright 2022-2023 Advanced Micro Devices, Inc. All Rights Reserved.
Running: D:/Xilinx/Vivado/2023.1/bin/unwrapped/win64.o/xelab.exe tb_p8c_full_scale -s tb_p8c_full_scale_sim 
Multi-threading is on. Using 26 slave threads.
Starting static elaboration
Pass Through NonSizing Optimizer
Completed static elaboration
Starting simulation data flow analysis
Completed simulation data flow analysis
Time Resolution for simulation is 1ps
Compiling package work.tfdu_safety_pkg
Compiling module work.ir_tfdu_exact_duty_accountant_de...
Compiling module work.ir_tfdu_physical_module_safety_d...
Compiling module work.ir_tfdu_safety_endpoint_default
Compiling module work.tb_p8c_full_scale
Built simulation snapshot tb_p8c_full_scale_sim

STDERR
