#-----------------------------------------------------------
# xsim v2023.1 (64-bit)
# SW Build 3865809 on Sun May  7 15:05:29 MDT 2023
# IP Build 3864474 on Sun May  7 20:36:21 MDT 2023
# SharedData Build 3865790 on Sun May 07 13:33:03 MDT 2023
# Start of session at: Mon Aug 10 08:18:42 2026
# Process ID: 3220
# Current directory: C:/Users/user/Documents/RF_COMM_MULTILANE_P10_5/evidence/generated/p10_5_xsim/raw/20260810T001744.370034Z/tb_p10_3_single_lane_ack_progress_work
# Command line: xsim.exe -mode tcl -source {xsim.dir/tb_p10_3_single_lane_ack_progress_snapshot/xsim_script.tcl}
# Log file: C:/Users/user/Documents/RF_COMM_MULTILANE_P10_5/evidence/generated/p10_5_xsim/raw/20260810T001744.370034Z/tb_p10_3_single_lane_ack_progress_work/xsim.log
# Journal file: C:/Users/user/Documents/RF_COMM_MULTILANE_P10_5/evidence/generated/p10_5_xsim/raw/20260810T001744.370034Z/tb_p10_3_single_lane_ack_progress_work\xsim.jou
# Running On: DESKTOP-PU0AECA, OS: Windows, CPU Frequency: 3418 MHz, CPU Physical cores: 20, Host memory: 34187 MB
#-----------------------------------------------------------
source xsim.dir/tb_p10_3_single_lane_ack_progress_snapshot/xsim_script.tcl
# xsim {tb_p10_3_single_lane_ack_progress_snapshot} -autoloadwcfg -runall
Time resolution is 1 ps
run -all
TB_P10_3_SINGLE_LANE_ACK_PROGRESS=PASS frames=100 ack=4
$finish called at time : 84882175299 ps : File "C:/Users/user/Documents/RF_COMM_MULTILANE_P10_5/sim/tb/tb_p10_2_4lane_suite.sv" Line 597
run: Time (s): cpu = 00:00:00 ; elapsed = 00:05:57 . Memory (MB): peak = 212.152 ; gain = 0.000
exit
INFO: xsimkernel Simulation Memory Usage: 16932 KB (Peak: 16932 KB), Simulation CPU Usage: 351515 ms
INFO: [Common 17-206] Exiting xsim at Mon Aug 10 08:24:42 2026...
