Vivado Simulator v2023.1
Copyright 1986-2022 Xilinx, Inc. All Rights Reserved.
Copyright 2022-2023 Advanced Micro Devices, Inc. All Rights Reserved.
Running: D:/Xilinx/Vivado/2023.1/bin/unwrapped/win64.o/xelab.exe tb_ir_data_plane_integration_8lane -debug typical -s tb_ir_data_plane_integration_8lane_snapshot 
Multi-threading is on. Using 26 slave threads.
Starting static elaboration
Pass Through NonSizing Optimizer
WARNING: [VRFC 10-3645] port 'rx_accept_pulse_o' remains unconnected for this instance [C:/Users/user/Documents/RF_COMM_MULTILANE_P10_1R_GATE_TMP/sim/tb/p8d_data_plane_integration_common.sv:55]
Completed static elaboration
Starting simulation data flow analysis
Completed simulation data flow analysis
Time Resolution for simulation is 1ps
Compiling package work.ir_seq_math_pkg
Compiling module work.ir_selective_repeat_tx(WINDOW_SI...
Compiling module work.ir_health_weighted_scheduler_def...
Compiling module work.ir_selective_repeat_rx_default
Compiling module work.ir_ack_aggregator_default
Compiling module work.ir_data_plane_top(MAX_RETRY=3,RT...
Compiling module work.p8d_data_plane_integration_commo...
Compiling module work.tb_ir_data_plane_integration_8la...
Built simulation snapshot tb_ir_data_plane_integration_8lane_snapshot
