P10_XSDB_DEBUG_DISCOVERY_ATTEMPTS=1
P10_XSDB_DEBUG_DISCOVERY_ELAPSED_MS=19
P10_XSDB_FIXED_TARGETS=APU:5,CPU0:6,FPGA:8
P10_XSDB_ROTATING_TARGETS=APU:1,CPU0:2,FPGA:4
P10_XSDB_IDENTITY=PASS
P10_XSDB_FIXED_SERIAL=210249855178
P10_XSDB_ROTATING_SERIAL=210512180081
P10_XSDB_STAGE=P10-I
P10_XSDB_RUN_ID=p10_formal_20260730T181535Z_03
P10_XSDB_DEBUG_DISCOVERY_ATTEMPTS=1
P10_XSDB_DEBUG_DISCOVERY_ELAPSED_MS=1
P10_XSDB_FIXED_TARGETS=APU:5,CPU0:6,FPGA:8
P10_XSDB_ROTATING_TARGETS=APU:1,CPU0:2,FPGA:4
P10_XSDB_DEBUG_DISCOVERY_ATTEMPTS=1
P10_XSDB_DEBUG_DISCOVERY_ELAPSED_MS=2
P10_XSDB_FIXED_TARGETS=APU:5,CPU0:6,FPGA:8
P10_XSDB_ROTATING_TARGETS=APU:1,CPU0:2,FPGA:4
P10_CANDIDATE_PROGRAMMED_FIXED=1
P10_PS7_INITIALIZED_FIXED=1
P10_CANDIDATE_PROGRAMMED_ROTATING=1
P10_PS7_INITIALIZED_ROTATING=1
P10_SAFE_STATE_FIXED_PREBOOT=id:0x5031305A,build:0x50313046,profile:0x702000F0,status:0x00000002,phy:0x00000000,physical_tx:0,0,0,0
P10_SAFE_STATE_ROTATING_PREBOOT=id:0x5031305A,build:0x50313052,profile:0x702000A0,status:0x00000002,phy:0x00000000,physical_tx:0,0,0,0
P10_PS_ELF_DOWNLOADED_FIXED=1
P10_PS_ELF_DOWNLOADED_ROTATING=1
P10_SERVICE_READY_FIXED=initial_boot
P10_SERVICE_READY_ROTATING=initial_boot
P10_INITIAL_READY_DUMP_FIXED=C:/Users/user/Documents/RF_COMM_MULTILANE_P10/evidence/hardware/p10/p10_formal_20260730T181535Z_03/stages/p10_i/dumps/P10-I_ready.fixed.bin
P10_INITIAL_READY_DUMP_ROTATING=C:/Users/user/Documents/RF_COMM_MULTILANE_P10/evidence/hardware/p10/p10_formal_20260730T181535Z_03/stages/p10_i/dumps/P10-I_ready.rotating.bin
P10_SAFE_STATE_FIXED_SAFE_BOOT=id:0x5031305A,build:0x50313046,profile:0x702000F0,status:0x00000002,phy:0x00000000,physical_tx:0,0,0,0
P10_SAFE_STATE_ROTATING_SAFE_BOOT=id:0x5031305A,build:0x50313052,profile:0x702000A0,status:0x00000002,phy:0x00000000,physical_tx:0,0,0,0
P10_SAFE_BOOT=PASS
P10_PAIRED_LAUNCH=perf_m1_d0_4k:receiver=rotating,sender=fixed
P10_CASE_PASS=perf_m1_d0_4k
P10_PAIRED_LAUNCH=perf_m1_d0_1m:receiver=rotating,sender=fixed
P10_CASE_PASS=perf_m1_d0_1m
P10_PAIRED_LAUNCH=perf_m1_d1_4k:receiver=fixed,sender=rotating
P10_CASE_PASS=perf_m1_d1_4k
P10_PAIRED_LAUNCH=perf_m1_d1_1m:receiver=fixed,sender=rotating
P10_CASE_PASS=perf_m1_d1_1m
P10_PAIRED_LAUNCH=perf_m2_d0_4k:receiver=rotating,sender=fixed
P10_CASE_PASS=perf_m2_d0_4k
P10_PAIRED_LAUNCH=perf_m2_d0_1m:receiver=rotating,sender=fixed
P10_CASE_PASS=perf_m2_d0_1m
P10_PAIRED_LAUNCH=perf_m2_d1_4k:receiver=fixed,sender=rotating
P10_CASE_PASS=perf_m2_d1_4k
P10_PAIRED_LAUNCH=perf_m2_d1_1m:receiver=fixed,sender=rotating
P10_CASE_PASS=perf_m2_d1_1m
P10_PAIRED_LAUNCH=perf_m3_d0_4k:receiver=rotating,sender=fixed
P10_CASE_PASS=perf_m3_d0_4k
P10_PAIRED_LAUNCH=perf_m3_d0_1m:receiver=rotating,sender=fixed
P10_CASE_PASS=perf_m3_d0_1m
P10_PAIRED_LAUNCH=perf_m3_d1_4k:receiver=fixed,sender=rotating
P10_CASE_PASS=perf_m3_d1_4k
P10_PAIRED_LAUNCH=perf_m3_d1_1m:receiver=fixed,sender=rotating
P10_CASE_PASS=perf_m3_d1_1m
P10_CASE_PASS=P10-I_endpoint_shutdown
P10_ENDPOINT_SHUTDOWN_FIXED=PASS
P10_ENDPOINT_SHUTDOWN_ROTATING=PASS
P10_XSDB_STAGE_RESULT=PASS
