{
  "P7_JTAG_AXI_SAFE_STAGE": "PASS",
  "generated_at_utc": "2026-07-12T17:19:30.509878+00:00",
  "stage_name": "p7_safe_idle",
  "semantic_mode": "safe-idle",
  "requested_execute_hardware": true,
  "hardware_actions_executed": true,
  "programmed_fpga": true,
  "programmed_candidate": true,
  "programmed_shutdown_before": true,
  "programmed_shutdown_after": true,
  "started_ps_elf": false,
  "drove_tfdu_txd": false,
  "enabled_tfdu_receiver": false,
  "uart_access": false,
  "ethernet_used": false,
  "motion_used": false,
  "hardware_acceptance": "PENDING_HW",
  "safety_validation": {
    "P7_HARDWARE_SAFETY": "PASS",
    "ready_for_hardware_preflight": true,
    "hardware_actions_executed": false,
    "programmed_fpga": false,
    "drove_tfdu_txd": false,
    "started_ps_elf": false,
    "authorization_environment_present": true,
    "authorization": {
      "exists": true,
      "path": "C:\\Users\\user\\Documents\\RF_COMM_MULTILANE\\.hardware_authorization\\p7_20260712_stationary_app_r30_diag_suffix55_001_p7_safe_idle.txt",
      "actual_sha256": "ca21257b98db3fee2f4d76283e86eb8063af3f462c9273bb8dd168eeda8ba75d",
      "expected_sha256": "ca21257b98db3fee2f4d76283e86eb8063af3f462c9273bb8dd168eeda8ba75d",
      "markers": [
        "P7_STATIONARY_APP_LAYER_APPROVED"
      ],
      "duplicate_keys": []
    },
    "authorization_fields": {
      "AUTHORIZED_STAGE": "P7_STATIONARY_LOCAL_APPLICATION_LAYER_NO_ETHERNET",
      "USER_HARDWARE_AUTHORIZATION_FOR_P7": "GRANTED",
      "BOARD_ID": "210512180081",
      "EXPECTED_PART": "xc7z010clg400-1",
      "EXPECTED_TARGET": "localhost:3121/xilinx_tcf/Digilent/210512180081",
      "SOURCE_COMMIT": "7ce64d36a4a9c98c14c639d21cae3740119c5f68",
      "MAX_RUNTIME_SEC": "600",
      "SHUTDOWN_ON_EXIT": "required",
      "NO_ETHERNET": "true",
      "NO_MOTION": "true",
      "LANE_COUNT": "2",
      "MAX_LANE_MASK": "0x3",
      "P7_EXECUTION_MODE": "DIAGNOSTIC_ONLY",
      "P7_COVERAGE_CLAIMED": "false",
      "HARDWARE_ACCEPTANCE": "PENDING_HW",
      "P7_FULL_STAGE_ORDINAL": "1",
      "P7_PLAN_PATH": "C:\\Users\\user\\Documents\\RF_COMM_MULTILANE\\evidence\\hardware\\p7\\artifacts\\p7_plan_c6db9d8348c3bc518fa5985595adfcdada1a08f11c9246c6103ec378b43b58dd.md",
      "P7_PLAN_SHA256": "c6db9d8348c3bc518fa5985595adfcdada1a08f11c9246c6103ec378b43b58dd",
      "BITSTREAM_PATH": "C:\\Users\\user\\Documents\\RF_COMM_MULTILANE\\evidence\\hardware\\p6\\bitstreams\\p6_jtag_dynamic_transport_798b0194029638fa27a254dd58db5d6fd28b65d91c5cf2c9e32c0f9076ee3c0f.bit",
      "BITSTREAM_SHA256": "798b0194029638fa27a254dd58db5d6fd28b65d91c5cf2c9e32c0f9076ee3c0f",
      "XSA_PATH": "C:\\Users\\user\\Documents\\RF_COMM_MULTILANE\\evidence\\hardware\\p6\\bitstreams\\p6_ps_dynamic_transport_b5d1174eb46d12eb395ceabbbea3c132c5771ca6777194138e68c2eacb2e4fc9.xsa",
      "XSA_SHA256": "b5d1174eb46d12eb395ceabbbea3c132c5771ca6777194138e68c2eacb2e4fc9",
      "ELF_PATH": "C:\\Users\\user\\Documents\\RF_COMM_MULTILANE\\evidence\\hardware\\p7\\artifacts\\p7_runtime_187ad735062bf85b04424b0f80b4ae5b6de1aba72fd105b44cd467b509f48f7e.elf",
      "ELF_SHA256": "187ad735062bf85b04424b0f80b4ae5b6de1aba72fd105b44cd467b509f48f7e",
      "PROFILE_PATH": "C:\\Users\\user\\Documents\\RF_COMM_MULTILANE\\profiles\\p7\\p7_stationary_app_30min.json",
      "PROFILE_SHA256": "65a36a8318e7fd1e3b647997aceca773c69e76eee85cb8fae922148ccd8f3c94",
      "ACTIVE_XDC_PATH": "C:\\Users\\user\\Documents\\RF_COMM_MULTILANE\\constraints\\active\\PORT1.generated.xdc",
      "ACTIVE_XDC_SHA256": "cf23a0d34a2fa76521faf4c91f3858cff2117fa6020d302d1a6109f10254f990",
      "PINMAP_PATH": "C:\\Users\\user\\Documents\\RF_COMM_MULTILANE\\board_profiles\\ax7010_tfdu_j10_j11_pinmap.csv",
      "PINMAP_SHA256": "4c7d5f0836a2ab48df7672e00f99455e582fbf477b04ed2b3b44ef38506a8a6a",
      "REGISTER_MAP_PATH": "C:\\Users\\user\\Documents\\RF_COMM_MULTILANE\\config\\register_map\\ir_axi_regs.yaml",
      "REGISTER_MAP_SHA256": "d5b0bf1476d815a3ed69988c72097827356d4eade48813c8913fc1b2d448983d",
      "SHUTDOWN_BITSTREAM_PATH": "C:\\Users\\user\\Documents\\RF_COMM_MULTILANE\\shutdown_bitstream\\tfdu_shutdown_j10_j11.bit",
      "SHUTDOWN_BITSTREAM_SHA256": "bac60b58912f0acd771dc830a6761535ec8f6a92befb1ae4cb7d928745af5810",
      "LTX_PATH": "C:\\Users\\user\\Documents\\RF_COMM_MULTILANE\\evidence\\hardware\\p6\\bitstreams\\p6_jtag_dynamic_transport_76fe1ec47871946a7d357b0caa1f669500de827b796d6154dcc54678e0ac7083.ltx",
      "LTX_SHA256": "76fe1ec47871946a7d357b0caa1f669500de827b796d6154dcc54678e0ac7083",
      "P7_JTAG_STAGE_NAME": "p7_safe_idle",
      "P7_JTAG_SEMANTIC_MODE": "safe-idle",
      "P7_JTAG_TRANSACTION_PATH": "C:\\Users\\user\\Documents\\RF_COMM_MULTILANE\\build\\p7_authorized_sequence\\p7_20260712_stationary_app_r30_diag_suffix55\\transactions\\001_p7_safe_idle.transactions.txt",
      "P7_JTAG_TRANSACTION_SHA256": "c164be9bf94510474c01711914bb37bdc800f28b9f5a3134e59f344e912c391d",
      "P7_JTAG_FREQUENCY_HZ": "1000000",
      "P7_JTAG_AXI_BASE": "0x43c00000"
    },
    "source_commit_requested": "7ce64d36a4a9c98c14c639d21cae3740119c5f68",
    "source_commit_current": "7ce64d36a4a9c98c14c639d21cae3740119c5f68",
    "dirty_files": [
      " M evidence/generated/p7_2lane_scope_summary.md",
      " M evidence/generated/p7_application_protocol_summary.md",
      " M evidence/generated/p7_artifact_provenance_summary.json",
      " M evidence/generated/p7_artifact_provenance_summary.md",
      " M evidence/generated/p7_backend_conformance_summary.md",
      " M evidence/generated/p7_fault_recovery_summary.md",
      " M evidence/generated/p7_file_integrity_summary.md",
      " M evidence/generated/p7_fragmentation_reassembly_summary.md",
      " M evidence/generated/p7_lane1_promotion_summary.json",
      " M evidence/generated/p7_lane_scheduler_summary.md",
      " M evidence/generated/p7_no_ethernet_summary.md",
      " M evidence/generated/p7_no_motion_summary.md",
      " M evidence/generated/p7_offline_gate_summary.json",
      " M evidence/generated/p7_offline_gate_summary.md",
      " M evidence/generated/p7_offline_test_run.json",
      " M evidence/generated/p7_protocol_vector_summary.md",
      " M evidence/generated/p7_ps_core_hardware_readiness.json",
      " M evidence/generated/p7_ps_runtime_build_summary.json",
      " M evidence/generated/p7_ps_runtime_summary.md",
      " M evidence/generated/p7_queue_backpressure_summary.md",
      " M evidence/generated/p7_repo_intake.md",
      " M evidence/generated/p7_repo_intake_summary.json",
      " M evidence/generated/p7_repo_intake_summary.md",
      " M evidence/generated/p7_segmentation_reassembly_summary.md",
      " M evidence/generated/vitis/p7_ps_runtime/p7_ps_runtime_build_summary.json",
      " M evidence/hardware/p7/p7_run_sequence_ledger.json",
      "?? evidence/hardware/p7/authorized_sequence/p7_20260712_stationary_app_r30_diag_suffix55/"
    ],
    "max_runtime_sec": 600,
    "lane_count": 2,
    "max_lane_mask": "0x3",
    "no_ethernet": true,
    "no_motion": true,
    "shutdown_on_exit": true,
    "abort_file": "C:\\Users\\user\\Documents\\RF_COMM_MULTILANE\\.hardware_authorization\\ABORT_NOW.txt",
    "abort_file_present": false,
    "hw_server_url": "localhost:3121",
    "preflight_tcl": "C:\\Users\\user\\Documents\\RF_COMM_MULTILANE\\scripts\\hw\\p7_hw_preflight.tcl",
    "preflight_tcl_sha256": "95bfbdf7e6c429e6637c1b4224a9dcecaa1fd756a1f665b21a797d54afbfc464",
    "artifacts": {
      "plan": {
        "path": "C:\\Users\\user\\Documents\\RF_COMM_MULTILANE\\evidence\\hardware\\p7\\artifacts\\p7_plan_c6db9d8348c3bc518fa5985595adfcdada1a08f11c9246c6103ec378b43b58dd.md",
        "expected_sha256": "c6db9d8348c3bc518fa5985595adfcdada1a08f11c9246c6103ec378b43b58dd",
        "exists": true,
        "actual_sha256": "c6db9d8348c3bc518fa5985595adfcdada1a08f11c9246c6103ec378b43b58dd"
      },
      "bitstream": {
        "path": "C:\\Users\\user\\Documents\\RF_COMM_MULTILANE\\evidence\\hardware\\p6\\bitstreams\\p6_jtag_dynamic_transport_798b0194029638fa27a254dd58db5d6fd28b65d91c5cf2c9e32c0f9076ee3c0f.bit",
        "expected_sha256": "798b0194029638fa27a254dd58db5d6fd28b65d91c5cf2c9e32c0f9076ee3c0f",
        "exists": true,
        "actual_sha256": "798b0194029638fa27a254dd58db5d6fd28b65d91c5cf2c9e32c0f9076ee3c0f"
      },
      "xsa": {
        "path": "C:\\Users\\user\\Documents\\RF_COMM_MULTILANE\\evidence\\hardware\\p6\\bitstreams\\p6_ps_dynamic_transport_b5d1174eb46d12eb395ceabbbea3c132c5771ca6777194138e68c2eacb2e4fc9.xsa",
        "expected_sha256": "b5d1174eb46d12eb395ceabbbea3c132c5771ca6777194138e68c2eacb2e4fc9",
        "exists": true,
        "actual_sha256": "b5d1174eb46d12eb395ceabbbea3c132c5771ca6777194138e68c2eacb2e4fc9"
      },
      "elf": {
        "path": "C:\\Users\\user\\Documents\\RF_COMM_MULTILANE\\evidence\\hardware\\p7\\artifacts\\p7_runtime_187ad735062bf85b04424b0f80b4ae5b6de1aba72fd105b44cd467b509f48f7e.elf",
        "expected_sha256": "187ad735062bf85b04424b0f80b4ae5b6de1aba72fd105b44cd467b509f48f7e",
        "exists": true,
        "actual_sha256": "187ad735062bf85b04424b0f80b4ae5b6de1aba72fd105b44cd467b509f48f7e"
      },
      "profile": {
        "path": "C:\\Users\\user\\Documents\\RF_COMM_MULTILANE\\profiles\\p7\\p7_stationary_app_30min.json",
        "expected_sha256": "65a36a8318e7fd1e3b647997aceca773c69e76eee85cb8fae922148ccd8f3c94",
        "exists": true,
        "actual_sha256": "65a36a8318e7fd1e3b647997aceca773c69e76eee85cb8fae922148ccd8f3c94"
      },
      "active_xdc": {
        "path": "C:\\Users\\user\\Documents\\RF_COMM_MULTILANE\\constraints\\active\\PORT1.generated.xdc",
        "expected_sha256": "cf23a0d34a2fa76521faf4c91f3858cff2117fa6020d302d1a6109f10254f990",
        "exists": true,
        "actual_sha256": "cf23a0d34a2fa76521faf4c91f3858cff2117fa6020d302d1a6109f10254f990"
      },
      "pinmap": {
        "path": "C:\\Users\\user\\Documents\\RF_COMM_MULTILANE\\board_profiles\\ax7010_tfdu_j10_j11_pinmap.csv",
        "expected_sha256": "4c7d5f0836a2ab48df7672e00f99455e582fbf477b04ed2b3b44ef38506a8a6a",
        "exists": true,
        "actual_sha256": "4c7d5f0836a2ab48df7672e00f99455e582fbf477b04ed2b3b44ef38506a8a6a"
      },
      "register_map": {
        "path": "C:\\Users\\user\\Documents\\RF_COMM_MULTILANE\\config\\register_map\\ir_axi_regs.yaml",
        "expected_sha256": "d5b0bf1476d815a3ed69988c72097827356d4eade48813c8913fc1b2d448983d",
        "exists": true,
        "actual_sha256": "d5b0bf1476d815a3ed69988c72097827356d4eade48813c8913fc1b2d448983d"
      },
      "shutdown_bitstream": {
        "path": "C:\\Users\\user\\Documents\\RF_COMM_MULTILANE\\shutdown_bitstream\\tfdu_shutdown_j10_j11.bit",
        "expected_sha256": "bac60b58912f0acd771dc830a6761535ec8f6a92befb1ae4cb7d928745af5810",
        "exists": true,
        "actual_sha256": "bac60b58912f0acd771dc830a6761535ec8f6a92befb1ae4cb7d928745af5810"
      },
      "ltx": {
        "path": "C:\\Users\\user\\Documents\\RF_COMM_MULTILANE\\evidence\\hardware\\p6\\bitstreams\\p6_jtag_dynamic_transport_76fe1ec47871946a7d357b0caa1f669500de827b796d6154dcc54678e0ac7083.ltx",
        "expected_sha256": "76fe1ec47871946a7d357b0caa1f669500de827b796d6154dcc54678e0ac7083",
        "exists": true,
        "actual_sha256": "76fe1ec47871946a7d357b0caa1f669500de827b796d6154dcc54678e0ac7083"
      }
    },
    "errors": [],
    "warnings": [
      "workspace has uncommitted changes; frozen artifact hashes remain authoritative"
    ]
  },
  "stage_validation_errors": [],
  "transaction_validation": {
    "format": "P7_JTAG_AXI_TRANSACTIONS_V1",
    "path": "C:\\Users\\user\\Documents\\RF_COMM_MULTILANE\\build\\p7_authorized_sequence\\p7_20260712_stationary_app_r30_diag_suffix55\\transactions\\001_p7_safe_idle.transactions.txt",
    "expected_sha256": "c164be9bf94510474c01711914bb37bdc800f28b9f5a3134e59f344e912c391d",
    "actual_sha256": "c164be9bf94510474c01711914bb37bdc800f28b9f5a3134e59f344e912c391d",
    "operation_count": 13,
    "poll_operation_count": 0,
    "poll_iteration_ceiling": 0,
    "metadata": {
      "EVIDENCE_KIND": "safe_idle"
    },
    "errors": [],
    "size_bytes": 790,
    "start_operation_count": 0,
    "commit_operation_count": 0,
    "payload_write_count": 0,
    "logical_axi_operation_count": 13,
    "minimum_run_hw_axi_call_count": 13,
    "multi_transaction_batch_count": 0,
    "batched_single_word_transaction_count": 0,
    "max_batch_transactions": 0,
    "axi4_incr_burst_count": 0,
    "axi4_incr_burst_word_count": 0,
    "max_axi4_incr_burst_words": 0,
    "queued_single_run_hw_axi_call_count": 0,
    "queued_single_multi_transaction_batch_count": 0,
    "queued_single_transaction_count": 0,
    "max_queued_single_transactions": 0,
    "ordered_control_write_run_hw_axi_call_count": 1,
    "queued_control_write_transaction_count": 0,
    "standalone_run_hw_axi_call_count": 13,
    "result_keys": [
      "SAFE_CRC_BAD",
      "SAFE_DUTY_VIOLATION",
      "SAFE_ERROR_CODE",
      "SAFE_PAYLOAD_MISMATCH",
      "SAFE_RETRY_EXHAUSTED",
      "SAFE_RX_GOOD_L0",
      "SAFE_RX_GOOD_L1",
      "SAFE_STATUS",
      "SAFE_STICKY_ERROR",
      "SAFE_TXD_HIGH_MAX",
      "SAFE_TX_COUNT",
      "SAFE_TX_FAIL"
    ],
    "write_operations": [
      {
        "offset": "0x100",
        "value": "0x00000030"
      }
    ],
    "runtime_feasibility": {
      "jtag_frequency_hz": 1000000,
      "reference_jtag_frequency_hz": 1000000,
      "estimated_axi_operation_us_at_1mhz": 1250,
      "estimated_stage_fixed_overhead_seconds": 30.0,
      "estimate_model": "one_axi_read_per_poll_operation_global_deadline_authoritative",
      "estimated_stage_runtime_seconds": 30.01625,
      "minimum_stage_runtime_sec": 31,
      "authorized_runtime_sec": 600,
      "feasible_within_authorized_runtime": true,
      "containment_initial_empty_wait_seconds": 0,
      "expected_tool_daemon_grace_seconds": 30,
      "containment_total_exit_window_seconds": 30,
      "containment_topology_revalidation_interval_seconds": 0.1,
      "containment_forced_cleanup_wait_seconds": 10,
      "containment_failure_bound_seconds": 40,
      "jtag_wrapper_vivado_process_count": 4,
      "jtag_wrapper_containment_allowance_seconds": 120,
      "jtag_wrapper_max_forced_cleanup_events": 2,
      "jtag_wrapper_forced_cleanup_reserve_seconds": 20,
      "jtag_wrapper_other_guard_seconds": 65,
      "jtag_wrapper_bookkeeping_guard_seconds": 45,
      "jtag_wrapper_other_guard_after_forced_cleanup_seconds": 45,
      "global_runtime_budget": {
        "minimum_estimated_global_runtime_sec": 366,
        "configured_global_timeout_ceiling_sec": 425,
        "authorized_global_runtime_sec": 600,
        "containment_initial_empty_wait_seconds": 0,
        "expected_tool_daemon_grace_seconds": 30,
        "containment_total_exit_window_seconds": 30,
        "containment_topology_revalidation_interval_seconds": 0.1,
        "containment_success_bound_seconds_each": 30,
        "containment_failure_bound_seconds_each": 40,
        "contained_vivado_process_count": 4,
        "containment_allowance_seconds": 120,
        "max_forced_cleanup_events": 2,
        "forced_cleanup_wait_seconds": 10,
        "forced_cleanup_reserve_seconds": 20,
        "other_guard_seconds": 65,
        "bookkeeping_guard_seconds": 45,
        "other_guard_after_forced_cleanup_seconds": 45,
        "configured_unallocated_margin_seconds": 175,
        "estimated_unallocated_margin_seconds": 234,
        "minimum_stage_fits_configured_timeout": true,
        "feasible": true
      }
    },
    "valid": true,
    "backend_manifest": {
      "semantic_mode": "safe-idle",
      "required": false
    },
    "global_runtime_budget": {
      "minimum_estimated_global_runtime_sec": 366,
      "configured_global_timeout_ceiling_sec": 425,
      "authorized_global_runtime_sec": 600,
      "containment_initial_empty_wait_seconds": 0,
      "expected_tool_daemon_grace_seconds": 30,
      "containment_total_exit_window_seconds": 30,
      "containment_topology_revalidation_interval_seconds": 0.1,
      "containment_success_bound_seconds_each": 30,
      "containment_failure_bound_seconds_each": 40,
      "contained_vivado_process_count": 4,
      "containment_allowance_seconds": 120,
      "max_forced_cleanup_events": 2,
      "forced_cleanup_wait_seconds": 10,
      "forced_cleanup_reserve_seconds": 20,
      "other_guard_seconds": 65,
      "bookkeeping_guard_seconds": 45,
      "other_guard_after_forced_cleanup_seconds": 45,
      "configured_unallocated_margin_seconds": 175,
      "estimated_unallocated_margin_seconds": 234,
      "minimum_stage_fits_configured_timeout": true,
      "feasible": true
    }
  },
  "exit_code_policy": "returncode_must_be_exactly_zero_and_required_markers_must_match",
  "transaction_format_boundary": "strict_P7_JTAG_AXI_TRANSACTIONS_V1_no_source_no_eval_no_external_commands",
  "hardware_execution_lock": {
    "path": "C:\\Users\\user\\Documents\\RF_COMM_MULTILANE\\.hardware_authorization\\P7_HARDWARE_EXECUTION.lock",
    "token_sha256": "af7bf03568a15fff4f549fdba8f1050b7823cb6217c40dec77e3b034ca37a2b3",
    "owner": {
      "schema": "rf-comm-p7-hardware-execution-lock-v1",
      "pid": 41976,
      "wrapper": "run_p7_jtag_axi_stage_safe.py",
      "stage_name": "p7_safe_idle",
      "acquired_at_utc": "2026-07-12T17:19:30.510183+00:00",
      "evidence_dir": "C:\\Users\\user\\Documents\\RF_COMM_MULTILANE\\evidence\\hardware\\p7\\authorized_sequence\\p7_20260712_stationary_app_r30_diag_suffix55\\001_p7_safe_idle"
    },
    "acquired": true,
    "stale_lock_auto_recovery": false
  },
  "global_runtime_deadline_source": "host_monotonic",
  "global_runtime_guard_seconds": 65,
  "global_runtime_budget_components": {
    "contained_vivado_process_count": 4,
    "initial_empty_wait_seconds_per_process": 0,
    "expected_tool_daemon_grace_seconds_per_process": 30,
    "total_containment_window_seconds_per_process": 30,
    "topology_revalidation_interval_seconds": 0.1,
    "containment_allowance_seconds": 120,
    "forced_cleanup_wait_seconds": 10,
    "failure_containment_bound_seconds_per_failed_process": 40,
    "max_forced_cleanup_events": 2,
    "forced_cleanup_reserve_seconds": 20,
    "bookkeeping_guard_seconds": 45,
    "other_guard_seconds": 65
  },
  "evidence_dir": "C:\\Users\\user\\Documents\\RF_COMM_MULTILANE\\evidence\\hardware\\p7\\authorized_sequence\\p7_20260712_stationary_app_r30_diag_suffix55\\001_p7_safe_idle",
  "event_log": "C:\\Users\\user\\Documents\\RF_COMM_MULTILANE\\evidence\\hardware\\p7\\authorized_sequence\\p7_20260712_stationary_app_r30_diag_suffix55\\001_p7_safe_idle\\p7_jtag_axi_stage_events.jsonl",
  "preflight_process": {
    "name": "preflight",
    "returncode": 0,
    "stdout_path": "C:\\Users\\user\\Documents\\RF_COMM_MULTILANE\\evidence\\hardware\\p7\\authorized_sequence\\p7_20260712_stationary_app_r30_diag_suffix55\\001_p7_safe_idle\\p7_preflight.stdout.log",
    "stderr_path": "C:\\Users\\user\\Documents\\RF_COMM_MULTILANE\\evidence\\hardware\\p7\\authorized_sequence\\p7_20260712_stationary_app_r30_diag_suffix55\\001_p7_safe_idle\\p7_preflight.stderr.log",
    "elapsed_seconds": 31.738248,
    "argv": [
      "D:\\Xilinx\\Vivado\\2023.1\\bin\\vivado.bat",
      "-mode",
      "batch",
      "-source",
      "C:\\Users\\user\\Documents\\RF_COMM_MULTILANE\\scripts\\hw\\p7_hw_preflight.tcl",
      "-tclargs",
      "C:\\Users\\user\\Documents\\RF_COMM_MULTILANE",
      "C:\\Users\\user\\Documents\\RF_COMM_MULTILANE\\.hardware_authorization\\p7_20260712_stationary_app_r30_diag_suffix55_001_p7_safe_idle.txt",
      "210512180081",
      "xc7z010clg400-1",
      "localhost:3121/xilinx_tcf/Digilent/210512180081",
      "localhost:3121",
      "C:\\Users\\user\\Documents\\RF_COMM_MULTILANE\\evidence\\hardware\\p7\\authorized_sequence\\p7_20260712_stationary_app_r30_diag_suffix55\\001_p7_safe_idle\\p7_preflight_result.txt"
    ],
    "started_at_utc": "2026-07-12T17:19:30.520650+00:00",
    "ended_at_utc": "2026-07-12T17:20:02.258906+00:00",
    "timed_out": false,
    "abort_seen": false,
    "interrupted": false,
    "process_tree_terminated": false,
    "process_tree_reaped": true,
    "containment_kind": "WINDOWS_JOB_OBJECT_KILL_ON_CLOSE",
    "containment_assigned": true,
    "containment_closed": true,
    "descendant_count_after": 0,
    "expected_tool_daemon_grace_used": true,
    "expected_tool_daemon_grace_seconds": 30.0,
    "expected_tool_daemon_paths": [
      "D:\\Xilinx\\Vivado\\2023.1\\bin\\unwrapped\\win64.o\\cs_server.exe",
      "D:\\Xilinx\\Vivado\\2023.1\\bin\\unwrapped\\win64.o\\rdi_xsdb.exe",
      "C:\\Windows\\System32\\cmd.exe",
      "C:\\Windows\\System32\\conhost.exe"
    ],
    "descendant_paths_seen": [
      "C:\\Windows\\System32\\conhost.exe",
      "D:\\Xilinx\\Vivado\\2023.1\\bin\\unwrapped\\win64.o\\cs_server.exe",
      "C:\\Windows\\System32\\conhost.exe",
      "D:\\Xilinx\\Vivado\\2023.1\\bin\\unwrapped\\win64.o\\rdi_xsdb.exe",
      "D:\\Xilinx\\Vivado\\2023.1\\bin\\unwrapped\\win64.o\\cs_server.exe",
      "C:\\Windows\\System32\\cmd.exe"
    ],
    "descendant_processes_seen": [
      {
        "pid": 9592,
        "parent_pid": 48432,
        "parent_active_globally": false,
        "image_path": "C:\\Windows\\System32\\conhost.exe",
        "creation_time_100ns": 134283503788491047
      },
      {
        "pid": 28376,
        "parent_pid": 45896,
        "parent_active_globally": false,
        "image_path": "D:\\Xilinx\\Vivado\\2023.1\\bin\\unwrapped\\win64.o\\cs_server.exe",
        "creation_time_100ns": 134283503795743510
      },
      {
        "pid": 29576,
        "parent_pid": 41008,
        "parent_active_globally": true,
        "image_path": "C:\\Windows\\System32\\conhost.exe",
        "creation_time_100ns": 134283503801132768
      },
      {
        "pid": 33116,
        "parent_pid": 41008,
        "parent_active_globally": true,
        "image_path": "D:\\Xilinx\\Vivado\\2023.1\\bin\\unwrapped\\win64.o\\rdi_xsdb.exe",
        "creation_time_100ns": 134283503804327206
      },
      {
        "pid": 34472,
        "parent_pid": 28376,
        "parent_active_globally": true,
        "image_path": "D:\\Xilinx\\Vivado\\2023.1\\bin\\unwrapped\\win64.o\\cs_server.exe",
        "creation_time_100ns": 134283503796642367
      },
      {
        "pid": 41008,
        "parent_pid": 35972,
        "parent_active_globally": false,
        "image_path": "C:\\Windows\\System32\\cmd.exe",
        "creation_time_100ns": 134283503801065063
      }
    ],
    "expected_tool_daemon_classification": "EXACT_R2_VIVADO_EXIT_HELPER_FOREST",
    "expected_tool_daemon_topology_snapshots": [
      {
        "classification": "EXACT_R2_VIVADO_EXIT_HELPER_FOREST",
        "elapsed_seconds": 0.005791,
        "processes": [
          {
            "pid": 9592,
            "parent_pid": 48432,
            "parent_active_globally": false,
            "image_path": "C:\\Windows\\System32\\conhost.exe",
            "creation_time_100ns": 134283503788491047
          },
          {
            "pid": 28376,
            "parent_pid": 45896,
            "parent_active_globally": false,
            "image_path": "D:\\Xilinx\\Vivado\\2023.1\\bin\\unwrapped\\win64.o\\cs_server.exe",
            "creation_time_100ns": 134283503795743510
          },
          {
            "pid": 29576,
            "parent_pid": 41008,
            "parent_active_globally": true,
            "image_path": "C:\\Windows\\System32\\conhost.exe",
            "creation_time_100ns": 134283503801132768
          },
          {
            "pid": 33116,
            "parent_pid": 41008,
            "parent_active_globally": true,
            "image_path": "D:\\Xilinx\\Vivado\\2023.1\\bin\\unwrapped\\win64.o\\rdi_xsdb.exe",
            "creation_time_100ns": 134283503804327206
          },
          {
            "pid": 34472,
            "parent_pid": 28376,
            "parent_active_globally": true,
            "image_path": "D:\\Xilinx\\Vivado\\2023.1\\bin\\unwrapped\\win64.o\\cs_server.exe",
            "creation_time_100ns": 134283503796642367
          },
          {
            "pid": 41008,
            "parent_pid": 35972,
            "parent_active_globally": false,
            "image_path": "C:\\Windows\\System32\\cmd.exe",
            "creation_time_100ns": 134283503801065063
          }
        ]
      },
      {
        "classification": "STRICT_SHRINK_SUBSET_OF_EXACT_R2_VIVADO_EXIT_HELPER_FOREST",
        "elapsed_seconds": 19.746086,
        "processes": [
          {
            "pid": 9592,
            "parent_pid": 48432,
            "parent_active_globally": false,
            "image_path": "C:\\Windows\\System32\\conhost.exe",
            "creation_time_100ns": 134283503788491047
          },
          {
            "pid": 28376,
            "parent_pid": 45896,
            "parent_active_globally": false,
            "image_path": "D:\\Xilinx\\Vivado\\2023.1\\bin\\unwrapped\\win64.o\\cs_server.exe",
            "creation_time_100ns": 134283503795743510
          },
          {
            "pid": 34472,
            "parent_pid": 28376,
            "parent_active_globally": true,
            "image_path": "D:\\Xilinx\\Vivado\\2023.1\\bin\\unwrapped\\win64.o\\cs_server.exe",
            "creation_time_100ns": 134283503796642367
          }
        ]
      },
      {
        "classification": "EMPTY",
        "elapsed_seconds": 20.773567,
        "processes": []
      }
    ],
    "expected_tool_daemon_topology_revalidation_count": 191,
    "expected_tool_daemon_topology_monotonic": true,
    "expected_tool_daemon_topology_sample_elapsed_seconds": [
      4.4e-05,
      0.005791,
      0.115183,
      0.225507,
      0.334204,
      0.442967,
      0.551174,
      0.658358,
      0.766581,
      0.875728,
      0.984521,
      1.09441,
      1.20303,
      1.310882,
      1.419586,
      1.528255,
      1.636557,
      1.745088,
      1.853608,
      1.96184,
      2.070153,
      2.178174,
      2.287005,
      2.395239,
      2.506336,
      2.615775,
      2.724138,
      2.833139,
      2.94149,
      3.050275,
      3.159534,
      3.26866,
      3.37679,
      3.485285,
      3.593356,
      3.702602,
      3.811213,
      3.923054,
      4.031979,
      4.140519,
      4.249371,
      4.358024,
      4.465782,
      4.574332,
      4.682846,
      4.790672,
      4.899257,
      5.007778,
      5.11693,
      5.225655,
      5.334494,
      5.442394,
      5.551298,
      5.660317,
      5.768527,
      5.876918,
      5.984511,
      6.092856,
      6.20131,
      6.3095,
      6.421936,
      6.530605,
      6.639484,
      6.748119,
      6.856632,
      6.964887,
      7.073487,
      7.181841,
      7.290652,
      7.39885,
      7.507389,
      7.615882,
      7.723972,
      7.833248,
      7.942693,
      8.052225,
      8.160986,
      8.269985,
      8.378882,
      8.487319,
      8.59533,
      8.703732,
      8.813393,
      8.921746,
      9.029805,
      9.138369,
      9.247199,
      9.355752,
      9.464983,
      9.573779,
      9.682893,
      9.791918,
      9.900276,
      10.008947,
      10.117145,
      10.226407,
      10.335106,
      10.443968,
      10.552409,
      10.661752,
      10.770217,
      10.878747,
      10.987655,
      11.096604,
      11.205287,
      11.315094,
      11.423402,
      11.531509,
      11.639768,
      11.748335,
      11.857007,
      11.965649,
      12.074443,
      12.182702,
      12.292002,
      12.404423,
      12.513608,
      12.62222,
      12.731586,
      12.839357,
      12.947358,
      13.055848,
      13.163791,
      13.271918,
      13.379965,
      13.488818,
      13.597378,
      13.706891,
      13.816227,
      13.925061,
      14.033457,
      14.141851,
      14.251716,
      14.35967,
      14.467586,
      14.57527,
      14.683667,
      14.7922,
      14.901759,
      15.010019,
      15.118672,
      15.227835,
      15.336899,
      15.445766,
      15.553386,
      15.661763,
      15.770278,
      15.878477,
      15.987435,
      16.09581,
      16.203598,
      16.313798,
      16.422456,
      16.534145,
      16.643638,
      16.752316,
      16.86127,
      16.969802,
      17.07939,
      17.187546,
      17.29632,
      17.404399,
      17.512483,
      17.622399,
      17.731322,
      17.839955,
      17.948433,
      18.057571,
      18.16639,
      18.275207,
      18.383532,
      18.491826,
      18.600875,
      18.709586,
      18.818247,
      18.926823,
      19.035905,
      19.143902,
      19.253294,
      19.361576,
      19.471138,
      19.580092,
      19.746086,
      19.854661,
      19.962861,
      20.07062,
      20.179268,
      20.287691,
      20.395435,
      20.505153,
      20.61377,
      20.722835,
      20.773567
    ],
    "expected_tool_daemon_topology_max_sample_gap_seconds": 0.165994,
    "expected_tool_daemon_grace_elapsed_seconds": 20.773589,
    "expected_tool_daemon_hashes_verified": true,
    "expected_tool_daemon_sha256_by_role": {
      "cs_server": "9bf0e15ffe162a96679c14b8117cf8ebe8a47b8032bee4ab8cb0317c112df536",
      "rdi_xsdb": "3193d8c4e7115e82e5b4ea6c2eb1aa8a7566bd5a9f9c78e9d901b9eab9d4ebfc",
      "cmd": "75320a519959cc6d089ea3eba33c38caccb7f138a025ea439bc9686cdb79ded4",
      "conhost": "a93cbb36b9c02364be6a72817174c46f94b66715549f279c6592ed659d237911"
    },
    "expected_tool_daemon_hash_error": "",
    "expected_tool_daemon_prelaunch_hashes_verified": true,
    "expected_tool_daemon_prelaunch_sha256_by_role": {
      "cs_server": "9bf0e15ffe162a96679c14b8117cf8ebe8a47b8032bee4ab8cb0317c112df536",
      "rdi_xsdb": "3193d8c4e7115e82e5b4ea6c2eb1aa8a7566bd5a9f9c78e9d901b9eab9d4ebfc",
      "cmd": "75320a519959cc6d089ea3eba33c38caccb7f138a025ea439bc9686cdb79ded4",
      "conhost": "a93cbb36b9c02364be6a72817174c46f94b66715549f279c6592ed659d237911"
    },
    "expected_tool_daemon_prelaunch_hash_error": "",
    "expected_tool_daemon_postexit_hashes_verified": true,
    "expected_tool_daemon_postexit_sha256_by_role": {
      "cs_server": "9bf0e15ffe162a96679c14b8117cf8ebe8a47b8032bee4ab8cb0317c112df536",
      "rdi_xsdb": "3193d8c4e7115e82e5b4ea6c2eb1aa8a7566bd5a9f9c78e9d901b9eab9d4ebfc",
      "cmd": "75320a519959cc6d089ea3eba33c38caccb7f138a025ea439bc9686cdb79ded4",
      "conhost": "a93cbb36b9c02364be6a72817174c46f94b66715549f279c6592ed659d237911"
    },
    "expected_tool_daemon_postexit_hash_error": "",
    "expected_tool_daemon_topology_error": "",
    "expected_tool_daemon_topology_terminal_empty": true,
    "process_identity_query_retry_count": 1,
    "process_exit_race_recheck_count": 1,
    "process_identity_query_transient_errors": [],
    "containment_cleanup_attempted": false,
    "containment_cleanup_terminated": false,
    "process_exit_race_rechecked": true,
    "process_identity_query_retried": true,
    "containment_query_error": "",
    "launch_error": ""
  },
  "preflight_result_file": "C:\\Users\\user\\Documents\\RF_COMM_MULTILANE\\evidence\\hardware\\p7\\authorized_sequence\\p7_20260712_stationary_app_r30_diag_suffix55\\001_p7_safe_idle\\p7_preflight_result.txt",
  "preflight_failures": [],
  "target_identity": {
    "P7_HW_PREFLIGHT_AUTHORIZED": "1",
    "P7_HW_PREFLIGHT_READ_ONLY": "1",
    "P7_HW_PREFLIGHT_BOARD_ID": "210512180081",
    "P7_HW_PREFLIGHT_TARGET": "localhost:3121/xilinx_tcf/Digilent/210512180081",
    "P7_HW_PREFLIGHT_DEVICE": "xc7z010_1",
    "P7_HW_PREFLIGHT_PART": "xc7z010clg400-1",
    "P7_HW_PREFLIGHT_IDCODE": "00010011011100100010000010010011",
    "P7_HW_PREFLIGHT_CANONICAL_PART": "xc7z010clg400-1",
    "P7_HW_PREFLIGHT_LIVE_PART": "xc7z010",
    "P7_HW_PREFLIGHT_LIVE_DEVICE": "xc7z010_1",
    "P7_HW_PREFLIGHT_LIVE_IDCODE": "00010011011100100010000010010011",
    "P7_HW_PREFLIGHT_RESULT": "PASS"
  },
  "shutdown_before": {
    "name": "shutdown_before",
    "returncode": 0,
    "stdout_path": "C:\\Users\\user\\Documents\\RF_COMM_MULTILANE\\evidence\\hardware\\p7\\authorized_sequence\\p7_20260712_stationary_app_r30_diag_suffix55\\001_p7_safe_idle\\p7_shutdown_before.stdout.log",
    "stderr_path": "C:\\Users\\user\\Documents\\RF_COMM_MULTILANE\\evidence\\hardware\\p7\\authorized_sequence\\p7_20260712_stationary_app_r30_diag_suffix55\\001_p7_safe_idle\\p7_shutdown_before.stderr.log",
    "elapsed_seconds": 48.507236,
    "argv": [
      "D:\\Xilinx\\Vivado\\2023.1\\bin\\vivado.bat",
      "-mode",
      "batch",
      "-source",
      "C:\\Users\\user\\Documents\\RF_COMM_MULTILANE\\scripts\\hw\\p7_jtag_axi_transactions.tcl",
      "-tclargs",
      "C:\\Users\\user\\Documents\\RF_COMM_MULTILANE",
      "SHUTDOWN",
      "C:\\Users\\user\\Documents\\RF_COMM_MULTILANE\\.hardware_authorization\\p7_20260712_stationary_app_r30_diag_suffix55_001_p7_safe_idle.txt",
      "210512180081",
      "xc7z010clg400-1",
      "localhost:3121/xilinx_tcf/Digilent/210512180081",
      "localhost:3121",
      "1000000",
      "C:\\Users\\user\\Documents\\RF_COMM_MULTILANE\\shutdown_bitstream\\tfdu_shutdown_j10_j11.bit",
      "-",
      "-",
      "C:\\Users\\user\\Documents\\RF_COMM_MULTILANE\\evidence\\hardware\\p7\\authorized_sequence\\p7_20260712_stationary_app_r30_diag_suffix55\\001_p7_safe_idle\\p7_shutdown_before_result.txt",
      "0x43c00000",
      "1100000",
      "134217728",
      "90",
      "C:\\Users\\user\\Documents\\RF_COMM_MULTILANE\\shutdown_bitstream\\tfdu_shutdown_j10_j11.bit"
    ],
    "started_at_utc": "2026-07-12T17:20:02.282052+00:00",
    "ended_at_utc": "2026-07-12T17:20:50.789294+00:00",
    "timed_out": false,
    "abort_seen": false,
    "interrupted": false,
    "process_tree_terminated": false,
    "process_tree_reaped": true,
    "containment_kind": "WINDOWS_JOB_OBJECT_KILL_ON_CLOSE",
    "containment_assigned": true,
    "containment_closed": true,
    "descendant_count_after": 0,
    "expected_tool_daemon_grace_used": true,
    "expected_tool_daemon_grace_seconds": 30.0,
    "expected_tool_daemon_paths": [
      "D:\\Xilinx\\Vivado\\2023.1\\bin\\unwrapped\\win64.o\\cs_server.exe",
      "D:\\Xilinx\\Vivado\\2023.1\\bin\\unwrapped\\win64.o\\rdi_xsdb.exe",
      "C:\\Windows\\System32\\cmd.exe",
      "C:\\Windows\\System32\\conhost.exe"
    ],
    "descendant_paths_seen": [
      "D:\\Xilinx\\Vivado\\2023.1\\bin\\unwrapped\\win64.o\\rdi_xsdb.exe",
      "C:\\Windows\\System32\\conhost.exe",
      "C:\\Windows\\System32\\conhost.exe",
      "C:\\Windows\\System32\\cmd.exe",
      "D:\\Xilinx\\Vivado\\2023.1\\bin\\unwrapped\\win64.o\\cs_server.exe",
      "D:\\Xilinx\\Vivado\\2023.1\\bin\\unwrapped\\win64.o\\cs_server.exe"
    ],
    "descendant_processes_seen": [
      {
        "pid": 3136,
        "parent_pid": 39208,
        "parent_active_globally": true,
        "image_path": "D:\\Xilinx\\Vivado\\2023.1\\bin\\unwrapped\\win64.o\\rdi_xsdb.exe",
        "creation_time_100ns": 134283504119880785
      },
      {
        "pid": 24796,
        "parent_pid": 39208,
        "parent_active_globally": true,
        "image_path": "C:\\Windows\\System32\\conhost.exe",
        "creation_time_100ns": 134283504116810122
      },
      {
        "pid": 26736,
        "parent_pid": 33960,
        "parent_active_globally": false,
        "image_path": "C:\\Windows\\System32\\conhost.exe",
        "creation_time_100ns": 134283504103115815
      },
      {
        "pid": 39208,
        "parent_pid": 33860,
        "parent_active_globally": false,
        "image_path": "C:\\Windows\\System32\\cmd.exe",
        "creation_time_100ns": 134283504116758235
      },
      {
        "pid": 42988,
        "parent_pid": 48032,
        "parent_active_globally": true,
        "image_path": "D:\\Xilinx\\Vivado\\2023.1\\bin\\unwrapped\\win64.o\\cs_server.exe",
        "creation_time_100ns": 134283504111324307
      },
      {
        "pid": 48032,
        "parent_pid": 29028,
        "parent_active_globally": false,
        "image_path": "D:\\Xilinx\\Vivado\\2023.1\\bin\\unwrapped\\win64.o\\cs_server.exe",
        "creation_time_100ns": 134283504110171658
      }
    ],
    "expected_tool_daemon_classification": "EXACT_R2_VIVADO_EXIT_HELPER_FOREST",
    "expected_tool_daemon_topology_snapshots": [
      {
        "classification": "EXACT_R2_VIVADO_EXIT_HELPER_FOREST",
        "elapsed_seconds": 0.007087,
        "processes": [
          {
            "pid": 3136,
            "parent_pid": 39208,
            "parent_active_globally": true,
            "image_path": "D:\\Xilinx\\Vivado\\2023.1\\bin\\unwrapped\\win64.o\\rdi_xsdb.exe",
            "creation_time_100ns": 134283504119880785
          },
          {
            "pid": 24796,
            "parent_pid": 39208,
            "parent_active_globally": true,
            "image_path": "C:\\Windows\\System32\\conhost.exe",
            "creation_time_100ns": 134283504116810122
          },
          {
            "pid": 26736,
            "parent_pid": 33960,
            "parent_active_globally": false,
            "image_path": "C:\\Windows\\System32\\conhost.exe",
            "creation_time_100ns": 134283504103115815
          },
          {
            "pid": 39208,
            "parent_pid": 33860,
            "parent_active_globally": false,
            "image_path": "C:\\Windows\\System32\\cmd.exe",
            "creation_time_100ns": 134283504116758235
          },
          {
            "pid": 42988,
            "parent_pid": 48032,
            "parent_active_globally": true,
            "image_path": "D:\\Xilinx\\Vivado\\2023.1\\bin\\unwrapped\\win64.o\\cs_server.exe",
            "creation_time_100ns": 134283504111324307
          },
          {
            "pid": 48032,
            "parent_pid": 29028,
            "parent_active_globally": false,
            "image_path": "D:\\Xilinx\\Vivado\\2023.1\\bin\\unwrapped\\win64.o\\cs_server.exe",
            "creation_time_100ns": 134283504110171658
          }
        ]
      },
      {
        "classification": "STRICT_SHRINK_SUBSET_OF_EXACT_R2_VIVADO_EXIT_HELPER_FOREST",
        "elapsed_seconds": 19.469487,
        "processes": [
          {
            "pid": 26736,
            "parent_pid": 33960,
            "parent_active_globally": false,
            "image_path": "C:\\Windows\\System32\\conhost.exe",
            "creation_time_100ns": 134283504103115815
          },
          {
            "pid": 42988,
            "parent_pid": 48032,
            "parent_active_globally": true,
            "image_path": "D:\\Xilinx\\Vivado\\2023.1\\bin\\unwrapped\\win64.o\\cs_server.exe",
            "creation_time_100ns": 134283504111324307
          },
          {
            "pid": 48032,
            "parent_pid": 29028,
            "parent_active_globally": false,
            "image_path": "D:\\Xilinx\\Vivado\\2023.1\\bin\\unwrapped\\win64.o\\cs_server.exe",
            "creation_time_100ns": 134283504110171658
          }
        ]
      },
      {
        "classification": "EMPTY",
        "elapsed_seconds": 20.38931,
        "processes": []
      }
    ],
    "expected_tool_daemon_topology_revalidation_count": 188,
    "expected_tool_daemon_topology_monotonic": true,
    "expected_tool_daemon_topology_sample_elapsed_seconds": [
      3.5e-05,
      0.007087,
      0.116388,
      0.224865,
      0.335398,
      0.444885,
      0.553601,
      0.662118,
      0.770712,
      0.879433,
      0.987686,
      1.095988,
      1.204168,
      1.313297,
      1.421779,
      1.530526,
      1.639373,
      1.752031,
      1.861257,
      1.969803,
      2.078286,
      2.186672,
      2.295172,
      2.4046,
      2.512932,
      2.621474,
      2.729183,
      2.837309,
      2.946224,
      3.054729,
      3.164101,
      3.272489,
      3.381033,
      3.489721,
      3.598412,
      3.707055,
      3.815723,
      3.923979,
      4.032301,
      4.140684,
      4.24835,
      4.356772,
      4.465756,
      4.574625,
      4.683156,
      4.791426,
      4.900473,
      5.009265,
      5.11799,
      5.225876,
      5.334013,
      5.442173,
      5.550673,
      5.659302,
      5.768058,
      5.876653,
      5.98556,
      6.094624,
      6.20327,
      6.312141,
      6.420271,
      6.528813,
      6.637175,
      6.745279,
      6.853164,
      6.96142,
      7.06946,
      7.179294,
      7.287916,
      7.396461,
      7.508272,
      7.616655,
      7.725112,
      7.83381,
      7.94182,
      8.049856,
      8.157765,
      8.265468,
      8.373301,
      8.481293,
      8.590685,
      8.69964,
      8.808699,
      8.917464,
      9.02621,
      9.134967,
      9.243509,
      9.351907,
      9.460201,
      9.567992,
      9.676301,
      9.784689,
      9.893598,
      10.002328,
      10.110921,
      10.219597,
      10.328063,
      10.436172,
      10.544738,
      10.653051,
      10.761255,
      10.869979,
      10.978401,
      11.086861,
      11.195641,
      11.304738,
      11.413127,
      11.521885,
      11.635049,
      11.744407,
      11.852896,
      11.962048,
      12.068737,
      12.178532,
      12.287852,
      12.397033,
      12.505819,
      12.614454,
      12.723475,
      12.832059,
      12.940809,
      13.049632,
      13.1592,
      13.26992,
      13.379502,
      13.488013,
      13.597254,
      13.706341,
      13.814909,
      13.92452,
      14.033016,
      14.141828,
      14.250505,
      14.362599,
      14.471522,
      14.579802,
      14.688168,
      14.796292,
      14.906421,
      15.01494,
      15.122813,
      15.230714,
      15.338734,
      15.446809,
      15.556072,
      15.664609,
      15.773479,
      15.88398,
      15.992361,
      16.101136,
      16.209986,
      16.318354,
      16.426702,
      16.534946,
      16.64296,
      16.750699,
      16.858475,
      16.967532,
      17.075796,
      17.186154,
      17.294587,
      17.403682,
      17.512676,
      17.621773,
      17.730949,
      17.839398,
      17.947538,
      18.056657,
      18.164915,
      18.273724,
      18.382784,
      18.491746,
      18.601115,
      18.710272,
      18.818939,
      18.927688,
      19.036079,
      19.144953,
      19.252914,
      19.361373,
      19.469487,
      19.577204,
      19.685889,
      19.794363,
      19.903047,
      20.011168,
      20.119338,
      20.227646,
      20.338446,
      20.38931
    ],
    "expected_tool_daemon_topology_max_sample_gap_seconds": 0.113164,
    "expected_tool_daemon_grace_elapsed_seconds": 20.389328,
    "expected_tool_daemon_hashes_verified": true,
    "expected_tool_daemon_sha256_by_role": {
      "cs_server": "9bf0e15ffe162a96679c14b8117cf8ebe8a47b8032bee4ab8cb0317c112df536",
      "rdi_xsdb": "3193d8c4e7115e82e5b4ea6c2eb1aa8a7566bd5a9f9c78e9d901b9eab9d4ebfc",
      "cmd": "75320a519959cc6d089ea3eba33c38caccb7f138a025ea439bc9686cdb79ded4",
      "conhost": "a93cbb36b9c02364be6a72817174c46f94b66715549f279c6592ed659d237911"
    },
    "expected_tool_daemon_hash_error": "",
    "expected_tool_daemon_prelaunch_hashes_verified": true,
    "expected_tool_daemon_prelaunch_sha256_by_role": {
      "cs_server": "9bf0e15ffe162a96679c14b8117cf8ebe8a47b8032bee4ab8cb0317c112df536",
      "rdi_xsdb": "3193d8c4e7115e82e5b4ea6c2eb1aa8a7566bd5a9f9c78e9d901b9eab9d4ebfc",
      "cmd": "75320a519959cc6d089ea3eba33c38caccb7f138a025ea439bc9686cdb79ded4",
      "conhost": "a93cbb36b9c02364be6a72817174c46f94b66715549f279c6592ed659d237911"
    },
    "expected_tool_daemon_prelaunch_hash_error": "",
    "expected_tool_daemon_postexit_hashes_verified": true,
    "expected_tool_daemon_postexit_sha256_by_role": {
      "cs_server": "9bf0e15ffe162a96679c14b8117cf8ebe8a47b8032bee4ab8cb0317c112df536",
      "rdi_xsdb": "3193d8c4e7115e82e5b4ea6c2eb1aa8a7566bd5a9f9c78e9d901b9eab9d4ebfc",
      "cmd": "75320a519959cc6d089ea3eba33c38caccb7f138a025ea439bc9686cdb79ded4",
      "conhost": "a93cbb36b9c02364be6a72817174c46f94b66715549f279c6592ed659d237911"
    },
    "expected_tool_daemon_postexit_hash_error": "",
    "expected_tool_daemon_topology_error": "",
    "expected_tool_daemon_topology_terminal_empty": true,
    "process_identity_query_retry_count": 0,
    "process_exit_race_recheck_count": 0,
    "process_identity_query_transient_errors": [],
    "containment_cleanup_attempted": false,
    "containment_cleanup_terminated": false,
    "process_exit_race_rechecked": false,
    "process_identity_query_retried": false,
    "containment_query_error": "",
    "launch_error": "",
    "attempted": true,
    "programming_attempted": true,
    "result_file": "C:\\Users\\user\\Documents\\RF_COMM_MULTILANE\\evidence\\hardware\\p7\\authorized_sequence\\p7_20260712_stationary_app_r30_diag_suffix55\\001_p7_safe_idle\\p7_shutdown_before_result.txt",
    "passed": true,
    "failures": []
  },
  "shutdown_after": {
    "name": "shutdown_after",
    "returncode": 0,
    "stdout_path": "C:\\Users\\user\\Documents\\RF_COMM_MULTILANE\\evidence\\hardware\\p7\\authorized_sequence\\p7_20260712_stationary_app_r30_diag_suffix55\\001_p7_safe_idle\\p7_shutdown_after.stdout.log",
    "stderr_path": "C:\\Users\\user\\Documents\\RF_COMM_MULTILANE\\evidence\\hardware\\p7\\authorized_sequence\\p7_20260712_stationary_app_r30_diag_suffix55\\001_p7_safe_idle\\p7_shutdown_after.stderr.log",
    "elapsed_seconds": 48.523137,
    "argv": [
      "D:\\Xilinx\\Vivado\\2023.1\\bin\\vivado.bat",
      "-mode",
      "batch",
      "-source",
      "C:\\Users\\user\\Documents\\RF_COMM_MULTILANE\\scripts\\hw\\p7_jtag_axi_transactions.tcl",
      "-tclargs",
      "C:\\Users\\user\\Documents\\RF_COMM_MULTILANE",
      "SHUTDOWN",
      "C:\\Users\\user\\Documents\\RF_COMM_MULTILANE\\.hardware_authorization\\p7_20260712_stationary_app_r30_diag_suffix55_001_p7_safe_idle.txt",
      "210512180081",
      "xc7z010clg400-1",
      "localhost:3121/xilinx_tcf/Digilent/210512180081",
      "localhost:3121",
      "1000000",
      "C:\\Users\\user\\Documents\\RF_COMM_MULTILANE\\shutdown_bitstream\\tfdu_shutdown_j10_j11.bit",
      "-",
      "-",
      "C:\\Users\\user\\Documents\\RF_COMM_MULTILANE\\evidence\\hardware\\p7\\authorized_sequence\\p7_20260712_stationary_app_r30_diag_suffix55\\001_p7_safe_idle\\p7_shutdown_after_result.txt",
      "0x43c00000",
      "1100000",
      "134217728",
      "90",
      "C:\\Users\\user\\Documents\\RF_COMM_MULTILANE\\shutdown_bitstream\\tfdu_shutdown_j10_j11.bit"
    ],
    "started_at_utc": "2026-07-12T17:21:39.365179+00:00",
    "ended_at_utc": "2026-07-12T17:22:27.888324+00:00",
    "timed_out": false,
    "abort_seen": false,
    "interrupted": false,
    "process_tree_terminated": false,
    "process_tree_reaped": true,
    "containment_kind": "WINDOWS_JOB_OBJECT_KILL_ON_CLOSE",
    "containment_assigned": true,
    "containment_closed": true,
    "descendant_count_after": 0,
    "expected_tool_daemon_grace_used": true,
    "expected_tool_daemon_grace_seconds": 30.0,
    "expected_tool_daemon_paths": [
      "D:\\Xilinx\\Vivado\\2023.1\\bin\\unwrapped\\win64.o\\cs_server.exe",
      "D:\\Xilinx\\Vivado\\2023.1\\bin\\unwrapped\\win64.o\\rdi_xsdb.exe",
      "C:\\Windows\\System32\\cmd.exe",
      "C:\\Windows\\System32\\conhost.exe"
    ],
    "descendant_paths_seen": [
      "C:\\Windows\\System32\\conhost.exe",
      "D:\\Xilinx\\Vivado\\2023.1\\bin\\unwrapped\\win64.o\\cs_server.exe",
      "D:\\Xilinx\\Vivado\\2023.1\\bin\\unwrapped\\win64.o\\cs_server.exe",
      "C:\\Windows\\System32\\cmd.exe",
      "D:\\Xilinx\\Vivado\\2023.1\\bin\\unwrapped\\win64.o\\rdi_xsdb.exe",
      "C:\\Windows\\System32\\conhost.exe"
    ],
    "descendant_processes_seen": [
      {
        "pid": 3844,
        "parent_pid": 21708,
        "parent_active_globally": false,
        "image_path": "C:\\Windows\\System32\\conhost.exe",
        "creation_time_100ns": 134283505073951944
      },
      {
        "pid": 13360,
        "parent_pid": 34944,
        "parent_active_globally": false,
        "image_path": "D:\\Xilinx\\Vivado\\2023.1\\bin\\unwrapped\\win64.o\\cs_server.exe",
        "creation_time_100ns": 134283505080762309
      },
      {
        "pid": 16632,
        "parent_pid": 13360,
        "parent_active_globally": true,
        "image_path": "D:\\Xilinx\\Vivado\\2023.1\\bin\\unwrapped\\win64.o\\cs_server.exe",
        "creation_time_100ns": 134283505081667761
      },
      {
        "pid": 17696,
        "parent_pid": 756,
        "parent_active_globally": false,
        "image_path": "C:\\Windows\\System32\\cmd.exe",
        "creation_time_100ns": 134283505086032168
      },
      {
        "pid": 29020,
        "parent_pid": 17696,
        "parent_active_globally": true,
        "image_path": "D:\\Xilinx\\Vivado\\2023.1\\bin\\unwrapped\\win64.o\\rdi_xsdb.exe",
        "creation_time_100ns": 134283505089137142
      },
      {
        "pid": 33800,
        "parent_pid": 17696,
        "parent_active_globally": true,
        "image_path": "C:\\Windows\\System32\\conhost.exe",
        "creation_time_100ns": 134283505086084401
      }
    ],
    "expected_tool_daemon_classification": "EXACT_R2_VIVADO_EXIT_HELPER_FOREST",
    "expected_tool_daemon_topology_snapshots": [
      {
        "classification": "EXACT_R2_VIVADO_EXIT_HELPER_FOREST",
        "elapsed_seconds": 0.007168,
        "processes": [
          {
            "pid": 3844,
            "parent_pid": 21708,
            "parent_active_globally": false,
            "image_path": "C:\\Windows\\System32\\conhost.exe",
            "creation_time_100ns": 134283505073951944
          },
          {
            "pid": 13360,
            "parent_pid": 34944,
            "parent_active_globally": false,
            "image_path": "D:\\Xilinx\\Vivado\\2023.1\\bin\\unwrapped\\win64.o\\cs_server.exe",
            "creation_time_100ns": 134283505080762309
          },
          {
            "pid": 16632,
            "parent_pid": 13360,
            "parent_active_globally": true,
            "image_path": "D:\\Xilinx\\Vivado\\2023.1\\bin\\unwrapped\\win64.o\\cs_server.exe",
            "creation_time_100ns": 134283505081667761
          },
          {
            "pid": 17696,
            "parent_pid": 756,
            "parent_active_globally": false,
            "image_path": "C:\\Windows\\System32\\cmd.exe",
            "creation_time_100ns": 134283505086032168
          },
          {
            "pid": 29020,
            "parent_pid": 17696,
            "parent_active_globally": true,
            "image_path": "D:\\Xilinx\\Vivado\\2023.1\\bin\\unwrapped\\win64.o\\rdi_xsdb.exe",
            "creation_time_100ns": 134283505089137142
          },
          {
            "pid": 33800,
            "parent_pid": 17696,
            "parent_active_globally": true,
            "image_path": "C:\\Windows\\System32\\conhost.exe",
            "creation_time_100ns": 134283505086084401
          }
        ]
      },
      {
        "classification": "STRICT_SHRINK_SUBSET_OF_EXACT_R2_VIVADO_EXIT_HELPER_FOREST",
        "elapsed_seconds": 19.521825,
        "processes": [
          {
            "pid": 3844,
            "parent_pid": 21708,
            "parent_active_globally": false,
            "image_path": "C:\\Windows\\System32\\conhost.exe",
            "creation_time_100ns": 134283505073951944
          },
          {
            "pid": 13360,
            "parent_pid": 34944,
            "parent_active_globally": false,
            "image_path": "D:\\Xilinx\\Vivado\\2023.1\\bin\\unwrapped\\win64.o\\cs_server.exe",
            "creation_time_100ns": 134283505080762309
          },
          {
            "pid": 16632,
            "parent_pid": 13360,
            "parent_active_globally": true,
            "image_path": "D:\\Xilinx\\Vivado\\2023.1\\bin\\unwrapped\\win64.o\\cs_server.exe",
            "creation_time_100ns": 134283505081667761
          }
        ]
      },
      {
        "classification": "EMPTY",
        "elapsed_seconds": 20.596289,
        "processes": []
      }
    ],
    "expected_tool_daemon_topology_revalidation_count": 189,
    "expected_tool_daemon_topology_monotonic": true,
    "expected_tool_daemon_topology_sample_elapsed_seconds": [
      3.7e-05,
      0.007168,
      0.115691,
      0.223801,
      0.332195,
      0.441422,
      0.549858,
      0.659149,
      0.767791,
      0.876441,
      0.985142,
      1.093552,
      1.201515,
      1.309794,
      1.418096,
      1.526577,
      1.634446,
      1.742539,
      1.851726,
      1.960358,
      2.077607,
      2.186343,
      2.295243,
      2.403557,
      2.512374,
      2.620384,
      2.729218,
      2.837798,
      2.945765,
      3.053694,
      3.161456,
      3.270282,
      3.378659,
      3.488017,
      3.59713,
      3.705874,
      3.814369,
      3.922918,
      4.031101,
      4.139137,
      4.247935,
      4.356248,
      4.464141,
      4.571651,
      4.681593,
      4.789561,
      4.900565,
      5.009467,
      5.118216,
      5.227228,
      5.335781,
      5.44317,
      5.551691,
      5.660224,
      5.768246,
      5.87638,
      5.984748,
      6.094007,
      6.201984,
      6.31149,
      6.421429,
      6.530087,
      6.639081,
      6.750818,
      6.86023,
      6.968037,
      7.077021,
      7.185606,
      7.293604,
      7.401801,
      7.511052,
      7.619636,
      7.728308,
      7.837272,
      7.946218,
      8.054531,
      8.163053,
      8.271475,
      8.379548,
      8.488475,
      8.596983,
      8.705552,
      8.81339,
      8.922265,
      9.030659,
      9.139208,
      9.251282,
      9.360281,
      9.468974,
      9.577625,
      9.686195,
      9.794207,
      9.902374,
      10.011196,
      10.119391,
      10.227544,
      10.337496,
      10.446133,
      10.554939,
      10.663318,
      10.771951,
      10.881009,
      10.989624,
      11.097849,
      11.20632,
      11.314473,
      11.42393,
      11.532188,
      11.640022,
      11.748938,
      11.8572,
      11.965984,
      12.074865,
      12.183335,
      12.29197,
      12.40013,
      12.508849,
      12.617149,
      12.725178,
      12.833218,
      12.941155,
      13.049289,
      13.15813,
      13.267572,
      13.37601,
      13.487966,
      13.596427,
      13.705415,
      13.813606,
      13.921675,
      14.030151,
      14.138668,
      14.246932,
      14.355468,
      14.464035,
      14.573981,
      14.681749,
      14.790606,
      14.899114,
      15.007794,
      15.116793,
      15.225611,
      15.334592,
      15.442726,
      15.551214,
      15.659332,
      15.767475,
      15.876248,
      15.985094,
      16.093619,
      16.202537,
      16.311541,
      16.421341,
      16.530234,
      16.638666,
      16.747191,
      16.855153,
      16.963407,
      17.071889,
      17.180699,
      17.289069,
      17.39775,
      17.507028,
      17.615934,
      17.724003,
      17.832852,
      17.941202,
      18.049939,
      18.158877,
      18.267814,
      18.376552,
      18.485163,
      18.5937,
      18.702558,
      18.811147,
      18.919993,
      19.028483,
      19.137375,
      19.24674,
      19.355194,
      19.521825,
      19.629797,
      19.737908,
      19.845657,
      19.953454,
      20.061615,
      20.170172,
      20.278584,
      20.386954,
      20.495101,
      20.596289
    ],
    "expected_tool_daemon_topology_max_sample_gap_seconds": 0.166631,
    "expected_tool_daemon_grace_elapsed_seconds": 20.596306,
    "expected_tool_daemon_hashes_verified": true,
    "expected_tool_daemon_sha256_by_role": {
      "cs_server": "9bf0e15ffe162a96679c14b8117cf8ebe8a47b8032bee4ab8cb0317c112df536",
      "rdi_xsdb": "3193d8c4e7115e82e5b4ea6c2eb1aa8a7566bd5a9f9c78e9d901b9eab9d4ebfc",
      "cmd": "75320a519959cc6d089ea3eba33c38caccb7f138a025ea439bc9686cdb79ded4",
      "conhost": "a93cbb36b9c02364be6a72817174c46f94b66715549f279c6592ed659d237911"
    },
    "expected_tool_daemon_hash_error": "",
    "expected_tool_daemon_prelaunch_hashes_verified": true,
    "expected_tool_daemon_prelaunch_sha256_by_role": {
      "cs_server": "9bf0e15ffe162a96679c14b8117cf8ebe8a47b8032bee4ab8cb0317c112df536",
      "rdi_xsdb": "3193d8c4e7115e82e5b4ea6c2eb1aa8a7566bd5a9f9c78e9d901b9eab9d4ebfc",
      "cmd": "75320a519959cc6d089ea3eba33c38caccb7f138a025ea439bc9686cdb79ded4",
      "conhost": "a93cbb36b9c02364be6a72817174c46f94b66715549f279c6592ed659d237911"
    },
    "expected_tool_daemon_prelaunch_hash_error": "",
    "expected_tool_daemon_postexit_hashes_verified": true,
    "expected_tool_daemon_postexit_sha256_by_role": {
      "cs_server": "9bf0e15ffe162a96679c14b8117cf8ebe8a47b8032bee4ab8cb0317c112df536",
      "rdi_xsdb": "3193d8c4e7115e82e5b4ea6c2eb1aa8a7566bd5a9f9c78e9d901b9eab9d4ebfc",
      "cmd": "75320a519959cc6d089ea3eba33c38caccb7f138a025ea439bc9686cdb79ded4",
      "conhost": "a93cbb36b9c02364be6a72817174c46f94b66715549f279c6592ed659d237911"
    },
    "expected_tool_daemon_postexit_hash_error": "",
    "expected_tool_daemon_topology_error": "",
    "expected_tool_daemon_topology_terminal_empty": true,
    "process_identity_query_retry_count": 1,
    "process_exit_race_recheck_count": 1,
    "process_identity_query_transient_errors": [],
    "containment_cleanup_attempted": false,
    "containment_cleanup_terminated": false,
    "process_exit_race_rechecked": true,
    "process_identity_query_retried": true,
    "containment_query_error": "",
    "launch_error": "",
    "passed": true,
    "failures": [],
    "attempted": true,
    "programming_attempted": true,
    "result_file": "C:\\Users\\user\\Documents\\RF_COMM_MULTILANE\\evidence\\hardware\\p7\\authorized_sequence\\p7_20260712_stationary_app_r30_diag_suffix55\\001_p7_safe_idle\\p7_shutdown_after_result.txt"
  },
  "stage_process": {
    "name": "jtag_axi_stage",
    "returncode": 0,
    "stdout_path": "C:\\Users\\user\\Documents\\RF_COMM_MULTILANE\\evidence\\hardware\\p7\\authorized_sequence\\p7_20260712_stationary_app_r30_diag_suffix55\\001_p7_safe_idle\\p7_jtag_axi_stage.stdout.log",
    "stderr_path": "C:\\Users\\user\\Documents\\RF_COMM_MULTILANE\\evidence\\hardware\\p7\\authorized_sequence\\p7_20260712_stationary_app_r30_diag_suffix55\\001_p7_safe_idle\\p7_jtag_axi_stage.stderr.log",
    "elapsed_seconds": 48.541781,
    "argv": [
      "D:\\Xilinx\\Vivado\\2023.1\\bin\\vivado.bat",
      "-mode",
      "batch",
      "-source",
      "C:\\Users\\user\\Documents\\RF_COMM_MULTILANE\\scripts\\hw\\p7_jtag_axi_transactions.tcl",
      "-tclargs",
      "C:\\Users\\user\\Documents\\RF_COMM_MULTILANE",
      "STAGE",
      "C:\\Users\\user\\Documents\\RF_COMM_MULTILANE\\.hardware_authorization\\p7_20260712_stationary_app_r30_diag_suffix55_001_p7_safe_idle.txt",
      "210512180081",
      "xc7z010clg400-1",
      "localhost:3121/xilinx_tcf/Digilent/210512180081",
      "localhost:3121",
      "1000000",
      "C:\\Users\\user\\Documents\\RF_COMM_MULTILANE\\evidence\\hardware\\p6\\bitstreams\\p6_jtag_dynamic_transport_798b0194029638fa27a254dd58db5d6fd28b65d91c5cf2c9e32c0f9076ee3c0f.bit",
      "C:\\Users\\user\\Documents\\RF_COMM_MULTILANE\\evidence\\hardware\\p6\\bitstreams\\p6_jtag_dynamic_transport_76fe1ec47871946a7d357b0caa1f669500de827b796d6154dcc54678e0ac7083.ltx",
      "C:\\Users\\user\\Documents\\RF_COMM_MULTILANE\\build\\p7_authorized_sequence\\p7_20260712_stationary_app_r30_diag_suffix55\\transactions\\001_p7_safe_idle.transactions.txt",
      "C:\\Users\\user\\Documents\\RF_COMM_MULTILANE\\evidence\\hardware\\p7\\authorized_sequence\\p7_20260712_stationary_app_r30_diag_suffix55\\001_p7_safe_idle\\p7_jtag_axi_raw_result.txt",
      "0x43c00000",
      "1100000",
      "134217728",
      "90",
      "C:\\Users\\user\\Documents\\RF_COMM_MULTILANE\\shutdown_bitstream\\tfdu_shutdown_j10_j11.bit"
    ],
    "started_at_utc": "2026-07-12T17:20:50.806280+00:00",
    "ended_at_utc": "2026-07-12T17:21:39.348067+00:00",
    "timed_out": false,
    "abort_seen": false,
    "interrupted": false,
    "process_tree_terminated": false,
    "process_tree_reaped": true,
    "containment_kind": "WINDOWS_JOB_OBJECT_KILL_ON_CLOSE",
    "containment_assigned": true,
    "containment_closed": true,
    "descendant_count_after": 0,
    "expected_tool_daemon_grace_used": true,
    "expected_tool_daemon_grace_seconds": 30.0,
    "expected_tool_daemon_paths": [
      "D:\\Xilinx\\Vivado\\2023.1\\bin\\unwrapped\\win64.o\\cs_server.exe",
      "D:\\Xilinx\\Vivado\\2023.1\\bin\\unwrapped\\win64.o\\rdi_xsdb.exe",
      "C:\\Windows\\System32\\cmd.exe",
      "C:\\Windows\\System32\\conhost.exe"
    ],
    "descendant_paths_seen": [
      "D:\\Xilinx\\Vivado\\2023.1\\bin\\unwrapped\\win64.o\\rdi_xsdb.exe",
      "C:\\Windows\\System32\\conhost.exe",
      "C:\\Windows\\System32\\conhost.exe",
      "D:\\Xilinx\\Vivado\\2023.1\\bin\\unwrapped\\win64.o\\cs_server.exe",
      "D:\\Xilinx\\Vivado\\2023.1\\bin\\unwrapped\\win64.o\\cs_server.exe",
      "C:\\Windows\\System32\\cmd.exe"
    ],
    "descendant_processes_seen": [
      {
        "pid": 35864,
        "parent_pid": 40604,
        "parent_active_globally": true,
        "image_path": "D:\\Xilinx\\Vivado\\2023.1\\bin\\unwrapped\\win64.o\\rdi_xsdb.exe",
        "creation_time_100ns": 134283504603580854
      },
      {
        "pid": 36724,
        "parent_pid": 40604,
        "parent_active_globally": true,
        "image_path": "C:\\Windows\\System32\\conhost.exe",
        "creation_time_100ns": 134283504600520719
      },
      {
        "pid": 39256,
        "parent_pid": 25552,
        "parent_active_globally": false,
        "image_path": "C:\\Windows\\System32\\conhost.exe",
        "creation_time_100ns": 134283504588328089
      },
      {
        "pid": 39412,
        "parent_pid": 40176,
        "parent_active_globally": true,
        "image_path": "D:\\Xilinx\\Vivado\\2023.1\\bin\\unwrapped\\win64.o\\cs_server.exe",
        "creation_time_100ns": 134283504596080043
      },
      {
        "pid": 40176,
        "parent_pid": 48252,
        "parent_active_globally": false,
        "image_path": "D:\\Xilinx\\Vivado\\2023.1\\bin\\unwrapped\\win64.o\\cs_server.exe",
        "creation_time_100ns": 134283504595181792
      },
      {
        "pid": 40604,
        "parent_pid": 4720,
        "parent_active_globally": false,
        "image_path": "C:\\Windows\\System32\\cmd.exe",
        "creation_time_100ns": 134283504600445000
      }
    ],
    "expected_tool_daemon_classification": "EXACT_R2_VIVADO_EXIT_HELPER_FOREST",
    "expected_tool_daemon_topology_snapshots": [
      {
        "classification": "EXACT_R2_VIVADO_EXIT_HELPER_FOREST",
        "elapsed_seconds": 0.007121,
        "processes": [
          {
            "pid": 35864,
            "parent_pid": 40604,
            "parent_active_globally": true,
            "image_path": "D:\\Xilinx\\Vivado\\2023.1\\bin\\unwrapped\\win64.o\\rdi_xsdb.exe",
            "creation_time_100ns": 134283504603580854
          },
          {
            "pid": 36724,
            "parent_pid": 40604,
            "parent_active_globally": true,
            "image_path": "C:\\Windows\\System32\\conhost.exe",
            "creation_time_100ns": 134283504600520719
          },
          {
            "pid": 39256,
            "parent_pid": 25552,
            "parent_active_globally": false,
            "image_path": "C:\\Windows\\System32\\conhost.exe",
            "creation_time_100ns": 134283504588328089
          },
          {
            "pid": 39412,
            "parent_pid": 40176,
            "parent_active_globally": true,
            "image_path": "D:\\Xilinx\\Vivado\\2023.1\\bin\\unwrapped\\win64.o\\cs_server.exe",
            "creation_time_100ns": 134283504596080043
          },
          {
            "pid": 40176,
            "parent_pid": 48252,
            "parent_active_globally": false,
            "image_path": "D:\\Xilinx\\Vivado\\2023.1\\bin\\unwrapped\\win64.o\\cs_server.exe",
            "creation_time_100ns": 134283504595181792
          },
          {
            "pid": 40604,
            "parent_pid": 4720,
            "parent_active_globally": false,
            "image_path": "C:\\Windows\\System32\\cmd.exe",
            "creation_time_100ns": 134283504600445000
          }
        ]
      },
      {
        "classification": "STRICT_SHRINK_SUBSET_OF_EXACT_R2_VIVADO_EXIT_HELPER_FOREST",
        "elapsed_seconds": 19.945253,
        "processes": [
          {
            "pid": 39256,
            "parent_pid": 25552,
            "parent_active_globally": false,
            "image_path": "C:\\Windows\\System32\\conhost.exe",
            "creation_time_100ns": 134283504588328089
          },
          {
            "pid": 39412,
            "parent_pid": 40176,
            "parent_active_globally": true,
            "image_path": "D:\\Xilinx\\Vivado\\2023.1\\bin\\unwrapped\\win64.o\\cs_server.exe",
            "creation_time_100ns": 134283504596080043
          },
          {
            "pid": 40176,
            "parent_pid": 48252,
            "parent_active_globally": false,
            "image_path": "D:\\Xilinx\\Vivado\\2023.1\\bin\\unwrapped\\win64.o\\cs_server.exe",
            "creation_time_100ns": 134283504595181792
          }
        ]
      },
      {
        "classification": "EMPTY",
        "elapsed_seconds": 20.109947,
        "processes": []
      }
    ],
    "expected_tool_daemon_topology_revalidation_count": 185,
    "expected_tool_daemon_topology_monotonic": true,
    "expected_tool_daemon_topology_sample_elapsed_seconds": [
      3.7e-05,
      0.007121,
      0.11688,
      0.225882,
      0.334942,
      0.444037,
      0.552507,
      0.660495,
      0.769531,
      0.878016,
      0.986036,
      1.09471,
      1.202638,
      1.31149,
      1.419999,
      1.528178,
      1.636896,
      1.745572,
      1.85458,
      1.962983,
      2.071481,
      2.179381,
      2.287899,
      2.396027,
      2.503895,
      2.61166,
      2.720641,
      2.829055,
      2.93828,
      3.047422,
      3.156292,
      3.265207,
      3.373709,
      3.482055,
      3.590101,
      3.699274,
      3.807446,
      3.91559,
      4.023562,
      4.132764,
      4.241359,
      4.350991,
      4.459648,
      4.56824,
      4.677697,
      4.786205,
      4.89467,
      5.003079,
      5.111779,
      5.219902,
      5.327654,
      5.436554,
      5.544782,
      5.653839,
      5.762576,
      5.871643,
      5.98038,
      6.088813,
      6.197678,
      6.305911,
      6.413731,
      6.521591,
      6.629768,
      6.737977,
      6.847171,
      6.955464,
      7.064666,
      7.173616,
      7.282456,
      7.390679,
      7.499308,
      7.607985,
      7.716797,
      7.825116,
      7.93354,
      8.042387,
      8.150564,
      8.259125,
      8.368372,
      8.477015,
      8.585689,
      8.69492,
      8.804081,
      8.911648,
      9.020335,
      9.129079,
      9.238133,
      9.346706,
      9.454878,
      9.562992,
      9.67165,
      9.780555,
      9.888963,
      9.997488,
      10.107098,
      10.216386,
      10.324607,
      10.433714,
      10.541916,
      10.650155,
      10.759067,
      10.867215,
      10.975414,
      11.085669,
      11.194196,
      11.303793,
      11.412854,
      11.521901,
      11.630894,
      11.739512,
      11.847721,
      11.955874,
      12.064321,
      12.172644,
      12.280254,
      12.388527,
      12.501042,
      12.611013,
      12.719856,
      12.828806,
      12.937518,
      13.046462,
      13.155148,
      13.26404,
      13.372123,
      13.479986,
      13.588012,
      13.696114,
      13.803809,
      13.912058,
      14.020852,
      14.130698,
      14.240116,
      14.348958,
      14.457355,
      14.566195,
      14.674246,
      14.783161,
      14.891133,
      14.999267,
      15.107107,
      15.215009,
      15.324301,
      15.43328,
      15.541767,
      15.650647,
      15.759241,
      15.868208,
      15.976339,
      16.084779,
      16.193087,
      16.301389,
      16.409328,
      16.517096,
      16.624749,
      16.735486,
      16.845676,
      16.954623,
      17.063355,
      17.1724,
      17.281312,
      17.390265,
      17.498231,
      17.606714,
      17.715051,
      17.823872,
      17.931615,
      18.040152,
      18.148943,
      18.257641,
      18.366058,
      18.474638,
      18.583973,
      18.692709,
      18.801115,
      18.909614,
      19.018875,
      19.127161,
      19.235191,
      19.343684,
      19.451665,
      19.560525,
      19.669181,
      19.778025,
      19.945253,
      20.058994,
      20.109947
    ],
    "expected_tool_daemon_topology_max_sample_gap_seconds": 0.167228,
    "expected_tool_daemon_grace_elapsed_seconds": 20.109963,
    "expected_tool_daemon_hashes_verified": true,
    "expected_tool_daemon_sha256_by_role": {
      "cs_server": "9bf0e15ffe162a96679c14b8117cf8ebe8a47b8032bee4ab8cb0317c112df536",
      "rdi_xsdb": "3193d8c4e7115e82e5b4ea6c2eb1aa8a7566bd5a9f9c78e9d901b9eab9d4ebfc",
      "cmd": "75320a519959cc6d089ea3eba33c38caccb7f138a025ea439bc9686cdb79ded4",
      "conhost": "a93cbb36b9c02364be6a72817174c46f94b66715549f279c6592ed659d237911"
    },
    "expected_tool_daemon_hash_error": "",
    "expected_tool_daemon_prelaunch_hashes_verified": true,
    "expected_tool_daemon_prelaunch_sha256_by_role": {
      "cs_server": "9bf0e15ffe162a96679c14b8117cf8ebe8a47b8032bee4ab8cb0317c112df536",
      "rdi_xsdb": "3193d8c4e7115e82e5b4ea6c2eb1aa8a7566bd5a9f9c78e9d901b9eab9d4ebfc",
      "cmd": "75320a519959cc6d089ea3eba33c38caccb7f138a025ea439bc9686cdb79ded4",
      "conhost": "a93cbb36b9c02364be6a72817174c46f94b66715549f279c6592ed659d237911"
    },
    "expected_tool_daemon_prelaunch_hash_error": "",
    "expected_tool_daemon_postexit_hashes_verified": true,
    "expected_tool_daemon_postexit_sha256_by_role": {
      "cs_server": "9bf0e15ffe162a96679c14b8117cf8ebe8a47b8032bee4ab8cb0317c112df536",
      "rdi_xsdb": "3193d8c4e7115e82e5b4ea6c2eb1aa8a7566bd5a9f9c78e9d901b9eab9d4ebfc",
      "cmd": "75320a519959cc6d089ea3eba33c38caccb7f138a025ea439bc9686cdb79ded4",
      "conhost": "a93cbb36b9c02364be6a72817174c46f94b66715549f279c6592ed659d237911"
    },
    "expected_tool_daemon_postexit_hash_error": "",
    "expected_tool_daemon_topology_error": "",
    "expected_tool_daemon_topology_terminal_empty": true,
    "process_identity_query_retry_count": 1,
    "process_exit_race_recheck_count": 1,
    "process_identity_query_transient_errors": [],
    "containment_cleanup_attempted": false,
    "containment_cleanup_terminated": false,
    "process_exit_race_rechecked": true,
    "process_identity_query_retried": true,
    "containment_query_error": "",
    "launch_error": "",
    "passed": true,
    "failures": [],
    "result_file": "C:\\Users\\user\\Documents\\RF_COMM_MULTILANE\\evidence\\hardware\\p7\\authorized_sequence\\p7_20260712_stationary_app_r30_diag_suffix55\\001_p7_safe_idle\\p7_jtag_axi_raw_result.txt"
  },
  "stage_result_markers": {
    "P7_HW_TARGET": "localhost:3121/xilinx_tcf/Digilent/210512180081",
    "P7_HW_DEVICE": "xc7z010_1",
    "P7_HW_PART": "xc7z010clg400-1",
    "P7_HW_IDCODE": "00010011011100100010000010010011",
    "P7_HW_CANONICAL_PART": "xc7z010clg400-1",
    "P7_HW_LIVE_PART": "xc7z010",
    "P7_HW_LIVE_DEVICE": "xc7z010_1",
    "P7_HW_LIVE_IDCODE": "00010011011100100010000010010011",
    "P7_CANDIDATE_PROGRAMMED": "1",
    "P7_HW_AXI": "hw_axi_1",
    "P7_TXN_META_EVIDENCE_KIND": "safe_idle",
    "SAFE_STATUS": "00000000",
    "SAFE_TX_COUNT": "00000000",
    "SAFE_RX_GOOD_L0": "00000000",
    "SAFE_RX_GOOD_L1": "00000000",
    "SAFE_CRC_BAD": "00000000",
    "SAFE_PAYLOAD_MISMATCH": "00000000",
    "SAFE_RETRY_EXHAUSTED": "00000000",
    "SAFE_TX_FAIL": "00000000",
    "SAFE_TXD_HIGH_MAX": "00000000",
    "SAFE_DUTY_VIOLATION": "00000000",
    "SAFE_ERROR_CODE": "00000000",
    "SAFE_STICKY_ERROR": "00000000",
    "P7_TCL_PROGRAMMING_ATTEMPTED": "1",
    "P7_TRANSACTION_COUNT": "13",
    "P7_JTAG_AXI_TRANSACTIONS": "PASS",
    "P7_JTAG_STAGE_RESULT": "PASS"
  },
  "child_reaped_before_shutdown_after": true,
  "backend_parse": {
    "passed": true,
    "semantic_mode": "safe-idle",
    "summary_file": "C:\\Users\\user\\Documents\\RF_COMM_MULTILANE\\evidence\\hardware\\p7\\authorized_sequence\\p7_20260712_stationary_app_r30_diag_suffix55\\001_p7_safe_idle\\p7_safe_idle_parse_summary.json",
    "summary_sha256": "3991bcae4b2f298c8be2154c634b5180d1751df472c7cdece3aa168622e6c8d7",
    "required_values": {
      "SAFE_CRC_BAD": "0x00000000",
      "SAFE_DUTY_VIOLATION": "0x00000000",
      "SAFE_ERROR_CODE": "0x00000000",
      "SAFE_PAYLOAD_MISMATCH": "0x00000000",
      "SAFE_RETRY_EXHAUSTED": "0x00000000",
      "SAFE_RX_GOOD_L0": "0x00000000",
      "SAFE_RX_GOOD_L1": "0x00000000",
      "SAFE_STATUS": "0x00000000",
      "SAFE_STICKY_ERROR": "0x00000000",
      "SAFE_TXD_HIGH_MAX": "0x00000000",
      "SAFE_TX_COUNT": "0x00000000",
      "SAFE_TX_FAIL": "0x00000000"
    },
    "raw_log_bound_to_this_hardware_process": true
  },
  "internal_error": "",
  "stage_failures": [],
  "backend_parse_failure": "",
  "global_runtime": {
    "elapsed_seconds": 177.388264,
    "authorized_max_seconds": 600,
    "within_authorized_limit": true
  },
  "reason": "authorized non-transmitting safe-idle checks and both shutdown barriers passed"
}
