P10_XSDB_DEBUG_DISCOVERY_ATTEMPTS=1
P10_XSDB_DEBUG_DISCOVERY_ELAPSED_MS=21
P10_XSDB_FIXED_TARGETS=APU:5,CPU0:6,FPGA:8
P10_XSDB_ROTATING_TARGETS=APU:1,CPU0:2,FPGA:4
P10_XSDB_IDENTITY=PASS
P10_XSDB_FIXED_SERIAL=210249855178
P10_XSDB_ROTATING_SERIAL=210512180081
P10_XSDB_STAGE=P10-G
P10_XSDB_RUN_ID=p10_formal_20260730T175330Z_02
P10_XSDB_DEBUG_DISCOVERY_ATTEMPTS=1
P10_XSDB_DEBUG_DISCOVERY_ELAPSED_MS=3
P10_XSDB_FIXED_TARGETS=APU:5,CPU0:6,FPGA:8
P10_XSDB_ROTATING_TARGETS=APU:1,CPU0:2,FPGA:4
P10_XSDB_DEBUG_DISCOVERY_ATTEMPTS=1
P10_XSDB_DEBUG_DISCOVERY_ELAPSED_MS=2
P10_XSDB_FIXED_TARGETS=APU:5,CPU0:6,FPGA:8
P10_XSDB_ROTATING_TARGETS=APU:1,CPU0:2,FPGA:4
P10_CANDIDATE_PROGRAMMED_FIXED=1
P10_PS7_INITIALIZED_FIXED=1
P10_CANDIDATE_PROGRAMMED_ROTATING=1
P10_PS7_INITIALIZED_ROTATING=1
P10_SAFE_STATE_FIXED_PREBOOT=id:0x5031305A,build:0x50313046,profile:0x702000F0,status:0x00000002,phy:0x00000000,physical_tx:0,0,0,0
P10_SAFE_STATE_ROTATING_PREBOOT=id:0x5031305A,build:0x50313052,profile:0x702000A0,status:0x00000002,phy:0x00000000,physical_tx:0,0,0,0
P10_PS_ELF_DOWNLOADED_FIXED=1
P10_PS_ELF_DOWNLOADED_ROTATING=1
P10_SERVICE_READY_FIXED=initial_boot
P10_SERVICE_READY_ROTATING=initial_boot
P10_INITIAL_READY_DUMP_FIXED=C:/Users/user/Documents/RF_COMM_MULTILANE_P10/evidence/hardware/p10/p10_formal_20260730T175330Z_02/stages/p10_g/dumps/P10-G_ready.fixed.bin
P10_INITIAL_READY_DUMP_ROTATING=C:/Users/user/Documents/RF_COMM_MULTILANE_P10/evidence/hardware/p10/p10_formal_20260730T175330Z_02/stages/p10_g/dumps/P10-G_ready.rotating.bin
P10_SAFE_STATE_FIXED_SAFE_BOOT=id:0x5031305A,build:0x50313046,profile:0x702000F0,status:0x00000002,phy:0x00000000,physical_tx:0,0,0,0
P10_SAFE_STATE_ROTATING_SAFE_BOOT=id:0x5031305A,build:0x50313052,profile:0x702000A0,status:0x00000002,phy:0x00000000,physical_tx:0,0,0,0
P10_SAFE_BOOT=PASS
P10_PAIRED_LAUNCH=reboot_baseline:receiver=rotating,sender=fixed
P10_CASE_PASS=reboot_baseline
P10_SERVICE_READY_FIXED=fixed_ps_reboot
P10_REBOOT_PASS_FIXED=fixed_ps_reboot:C:/Users/user/Documents/RF_COMM_MULTILANE_P10/evidence/hardware/p10/p10_formal_20260730T175330Z_02/stages/p10_g/dumps/fixed_ps_reboot.fixed.bin
P10_CASE_PASS=fixed_reboot_identity
P10_PAIRED_LAUNCH=fixed_reboot_clean:receiver=fixed,sender=rotating
P10_CASE_PASS=fixed_reboot_clean
P10_SERVICE_READY_ROTATING=rotating_ps_reboot
P10_REBOOT_PASS_ROTATING=rotating_ps_reboot:C:/Users/user/Documents/RF_COMM_MULTILANE_P10/evidence/hardware/p10/p10_formal_20260730T175330Z_02/stages/p10_g/dumps/rotating_ps_reboot.rotating.bin
P10_CASE_PASS=rotating_reboot_identity
P10_PAIRED_LAUNCH=rotating_reboot_clean:receiver=rotating,sender=fixed
P10_CASE_PASS=rotating_reboot_clean
P10_SERVICE_READY_ROTATING=rotating_first_order
P10_REBOOT_PASS_ROTATING=rotating_first_order:C:/Users/user/Documents/RF_COMM_MULTILANE_P10/evidence/hardware/p10/p10_formal_20260730T175330Z_02/stages/p10_g/dumps/rotating_first_order.rotating.bin
P10_SERVICE_READY_FIXED=fixed_second_order
P10_REBOOT_PASS_FIXED=fixed_second_order:C:/Users/user/Documents/RF_COMM_MULTILANE_P10/evidence/hardware/p10/p10_formal_20260730T175330Z_02/stages/p10_g/dumps/fixed_second_order.fixed.bin
P10_PAIRED_LAUNCH=reverse_reboot_order_clean:receiver=fixed,sender=rotating
P10_CASE_PASS=reverse_reboot_order_clean
P10_CASE_PASS=recovery_pl_soft_reset
P10_PAIRED_LAUNCH=post_pl_reset_clean:receiver=rotating,sender=fixed
P10_CASE_PASS=post_pl_reset_clean
P10_CASE_PASS=recovery_dma_reset
P10_PAIRED_LAUNCH=post_dma_reset_clean:receiver=fixed,sender=rotating
P10_CASE_PASS=post_dma_reset_clean
P10_CASE_PASS=P10-G_endpoint_shutdown
P10_ENDPOINT_SHUTDOWN_FIXED=PASS
P10_ENDPOINT_SHUTDOWN_ROTATING=PASS
P10_XSDB_STAGE_RESULT=PASS
