{
  "P7_JTAG_AXI_SAFE_STAGE": "PASS",
  "generated_at_utc": "2026-07-11T08:15:55.942431+00:00",
  "stage_name": "p7_fragment_boundary_1_rep3",
  "semantic_mode": "rfap",
  "requested_execute_hardware": true,
  "hardware_actions_executed": true,
  "programmed_fpga": true,
  "programmed_candidate": true,
  "programmed_shutdown_before": true,
  "programmed_shutdown_after": true,
  "started_ps_elf": false,
  "drove_tfdu_txd": true,
  "enabled_tfdu_receiver": true,
  "uart_access": false,
  "ethernet_used": false,
  "motion_used": false,
  "hardware_acceptance": "PENDING_HW",
  "safety_validation": {
    "P7_HARDWARE_SAFETY": "PASS",
    "ready_for_hardware_preflight": true,
    "hardware_actions_executed": false,
    "programmed_fpga": false,
    "drove_tfdu_txd": false,
    "started_ps_elf": false,
    "authorization_environment_present": true,
    "authorization": {
      "exists": true,
      "path": "C:\\Users\\user\\Documents\\RF_COMM_MULTILANE\\.hardware_authorization\\p7_20260711_stationary_app_r8_012_p7_fragment_boundary_1_rep3.txt",
      "actual_sha256": "a8aaafcb4993c7459e62ca662e3072ebf62008265ca1e6cedbd502733138ee85",
      "expected_sha256": "a8aaafcb4993c7459e62ca662e3072ebf62008265ca1e6cedbd502733138ee85",
      "markers": [
        "P7_STATIONARY_APP_LAYER_APPROVED"
      ],
      "duplicate_keys": []
    },
    "authorization_fields": {
      "AUTHORIZED_STAGE": "P7_STATIONARY_LOCAL_APPLICATION_LAYER_NO_ETHERNET",
      "USER_HARDWARE_AUTHORIZATION_FOR_P7": "GRANTED",
      "BOARD_ID": "210512180081",
      "EXPECTED_PART": "xc7z010clg400-1",
      "EXPECTED_TARGET": "localhost:3121/xilinx_tcf/Digilent/210512180081",
      "SOURCE_COMMIT": "11961c92d22713032d92095d87e6c4362b3254dc",
      "MAX_RUNTIME_SEC": "960",
      "SHUTDOWN_ON_EXIT": "required",
      "NO_ETHERNET": "true",
      "NO_MOTION": "true",
      "LANE_COUNT": "2",
      "MAX_LANE_MASK": "0x3",
      "P7_PLAN_PATH": "C:\\Users\\user\\Documents\\RF_COMM_MULTILANE\\evidence\\hardware\\p7\\artifacts\\p7_plan_c6db9d8348c3bc518fa5985595adfcdada1a08f11c9246c6103ec378b43b58dd.md",
      "P7_PLAN_SHA256": "c6db9d8348c3bc518fa5985595adfcdada1a08f11c9246c6103ec378b43b58dd",
      "BITSTREAM_PATH": "C:\\Users\\user\\Documents\\RF_COMM_MULTILANE\\evidence\\hardware\\p6\\bitstreams\\p6_jtag_dynamic_transport_4830d547d6a667edda8deebae855c3a7154478e298efca70e2526e6f3570b23c.bit",
      "BITSTREAM_SHA256": "4830d547d6a667edda8deebae855c3a7154478e298efca70e2526e6f3570b23c",
      "XSA_PATH": "C:\\Users\\user\\Documents\\RF_COMM_MULTILANE\\evidence\\hardware\\p6\\bitstreams\\p6_ps_dynamic_transport_b5d1174eb46d12eb395ceabbbea3c132c5771ca6777194138e68c2eacb2e4fc9.xsa",
      "XSA_SHA256": "b5d1174eb46d12eb395ceabbbea3c132c5771ca6777194138e68c2eacb2e4fc9",
      "ELF_PATH": "C:\\Users\\user\\Documents\\RF_COMM_MULTILANE\\evidence\\hardware\\p7\\artifacts\\p7_runtime_14450369d4c6cbe27899bc69f210278e3b2076573e0122859d266fe63cc8e0ce.elf",
      "ELF_SHA256": "14450369d4c6cbe27899bc69f210278e3b2076573e0122859d266fe63cc8e0ce",
      "PROFILE_PATH": "C:\\Users\\user\\Documents\\RF_COMM_MULTILANE\\profiles\\p7\\p7_stationary_app_30min.json",
      "PROFILE_SHA256": "65a36a8318e7fd1e3b647997aceca773c69e76eee85cb8fae922148ccd8f3c94",
      "ACTIVE_XDC_PATH": "C:\\Users\\user\\Documents\\RF_COMM_MULTILANE\\constraints\\active\\PORT1.generated.xdc",
      "ACTIVE_XDC_SHA256": "cf23a0d34a2fa76521faf4c91f3858cff2117fa6020d302d1a6109f10254f990",
      "PINMAP_PATH": "C:\\Users\\user\\Documents\\RF_COMM_MULTILANE\\board_profiles\\ax7010_tfdu_j10_j11_pinmap.csv",
      "PINMAP_SHA256": "4c7d5f0836a2ab48df7672e00f99455e582fbf477b04ed2b3b44ef38506a8a6a",
      "REGISTER_MAP_PATH": "C:\\Users\\user\\Documents\\RF_COMM_MULTILANE\\config\\register_map\\ir_axi_regs.yaml",
      "REGISTER_MAP_SHA256": "d5b0bf1476d815a3ed69988c72097827356d4eade48813c8913fc1b2d448983d",
      "SHUTDOWN_BITSTREAM_PATH": "C:\\Users\\user\\Documents\\RF_COMM_MULTILANE\\shutdown_bitstream\\tfdu_shutdown_j10_j11.bit",
      "SHUTDOWN_BITSTREAM_SHA256": "bac60b58912f0acd771dc830a6761535ec8f6a92befb1ae4cb7d928745af5810",
      "LTX_PATH": "C:\\Users\\user\\Documents\\RF_COMM_MULTILANE\\evidence\\hardware\\p6\\bitstreams\\p6_jtag_dynamic_transport_76fe1ec47871946a7d357b0caa1f669500de827b796d6154dcc54678e0ac7083.ltx",
      "LTX_SHA256": "76fe1ec47871946a7d357b0caa1f669500de827b796d6154dcc54678e0ac7083",
      "P7_JTAG_STAGE_NAME": "p7_fragment_boundary_1_rep3",
      "P7_JTAG_SEMANTIC_MODE": "rfap",
      "P7_JTAG_TRANSACTION_PATH": "C:\\Users\\user\\Documents\\RF_COMM_MULTILANE\\build\\p7_authorized_sequence\\p7_20260711_stationary_app_r8\\transactions\\012_p7_fragment_boundary_1_rep3.transactions.txt",
      "P7_JTAG_TRANSACTION_SHA256": "8ecaaf8175eb94a039198b568b221ac07c8016e22d62666284967a5a48c88f9c",
      "P7_JTAG_FREQUENCY_HZ": "1000000",
      "P7_JTAG_AXI_BASE": "0x43c00000",
      "P7_JTAG_BACKEND_MANIFEST_PATH": "C:\\Users\\user\\Documents\\RF_COMM_MULTILANE\\build\\p7_authorized_sequence\\p7_20260711_stationary_app_r8\\manifests\\012_p7_fragment_boundary_1_rep3.manifest.json",
      "P7_JTAG_BACKEND_MANIFEST_SHA256": "ff862f87bb6d97fd396bfe82a82d2c544d1048f1ff9a1336b65c7e05349eb270"
    },
    "source_commit_requested": "11961c92d22713032d92095d87e6c4362b3254dc",
    "source_commit_current": "11961c92d22713032d92095d87e6c4362b3254dc",
    "dirty_files": [
      " M evidence/generated/p7_ps_runtime_build_summary.json",
      " M evidence/generated/p7_ps_runtime_build_summary.md",
      " M evidence/generated/vitis/p7_ps_runtime/p7_ps_runtime_build_summary.json",
      "?? evidence/generated/p7_2lane_scope_summary.md",
      "?? evidence/generated/p7_application_protocol_summary.md",
      "?? evidence/generated/p7_artifact_provenance_summary.json",
      "?? evidence/generated/p7_artifact_provenance_summary.md",
      "?? evidence/generated/p7_backend_conformance_summary.md",
      "?? evidence/generated/p7_fault_recovery_summary.md",
      "?? evidence/generated/p7_file_integrity_summary.md",
      "?? evidence/generated/p7_fragmentation_reassembly_summary.md",
      "?? evidence/generated/p7_lane1_promotion_summary.json",
      "?? evidence/generated/p7_lane1_promotion_summary.md",
      "?? evidence/generated/p7_lane_scheduler_summary.md",
      "?? evidence/generated/p7_no_ethernet_summary.md",
      "?? evidence/generated/p7_no_motion_summary.md",
      "?? evidence/generated/p7_offline_gate_summary.json",
      "?? evidence/generated/p7_offline_gate_summary.md",
      "?? evidence/generated/p7_offline_test_run.json",
      "?? evidence/generated/p7_protocol_vector_summary.json",
      "?? evidence/generated/p7_protocol_vector_summary.md",
      "?? evidence/generated/p7_ps_core_hardware_readiness.json",
      "?? evidence/generated/p7_ps_core_hardware_readiness.md",
      "?? evidence/generated/p7_ps_runtime_summary.md",
      "?? evidence/generated/p7_queue_backpressure_summary.md",
      "?? evidence/generated/p7_repo_intake.md",
      "?? evidence/generated/p7_repo_intake_summary.json",
      "?? evidence/generated/p7_repo_intake_summary.md",
      "?? evidence/generated/p7_segmentation_reassembly_summary.md",
      "?? evidence/hardware/p7/authorized_sequence/p7_20260711_stationary_app_r8/"
    ],
    "max_runtime_sec": 960,
    "lane_count": 2,
    "max_lane_mask": "0x3",
    "no_ethernet": true,
    "no_motion": true,
    "shutdown_on_exit": true,
    "abort_file": "C:\\Users\\user\\Documents\\RF_COMM_MULTILANE\\.hardware_authorization\\ABORT_NOW.txt",
    "abort_file_present": false,
    "hw_server_url": "localhost:3121",
    "preflight_tcl": "C:\\Users\\user\\Documents\\RF_COMM_MULTILANE\\scripts\\hw\\p7_hw_preflight.tcl",
    "preflight_tcl_sha256": "95bfbdf7e6c429e6637c1b4224a9dcecaa1fd756a1f665b21a797d54afbfc464",
    "artifacts": {
      "plan": {
        "path": "C:\\Users\\user\\Documents\\RF_COMM_MULTILANE\\evidence\\hardware\\p7\\artifacts\\p7_plan_c6db9d8348c3bc518fa5985595adfcdada1a08f11c9246c6103ec378b43b58dd.md",
        "expected_sha256": "c6db9d8348c3bc518fa5985595adfcdada1a08f11c9246c6103ec378b43b58dd",
        "exists": true,
        "actual_sha256": "c6db9d8348c3bc518fa5985595adfcdada1a08f11c9246c6103ec378b43b58dd"
      },
      "bitstream": {
        "path": "C:\\Users\\user\\Documents\\RF_COMM_MULTILANE\\evidence\\hardware\\p6\\bitstreams\\p6_jtag_dynamic_transport_4830d547d6a667edda8deebae855c3a7154478e298efca70e2526e6f3570b23c.bit",
        "expected_sha256": "4830d547d6a667edda8deebae855c3a7154478e298efca70e2526e6f3570b23c",
        "exists": true,
        "actual_sha256": "4830d547d6a667edda8deebae855c3a7154478e298efca70e2526e6f3570b23c"
      },
      "xsa": {
        "path": "C:\\Users\\user\\Documents\\RF_COMM_MULTILANE\\evidence\\hardware\\p6\\bitstreams\\p6_ps_dynamic_transport_b5d1174eb46d12eb395ceabbbea3c132c5771ca6777194138e68c2eacb2e4fc9.xsa",
        "expected_sha256": "b5d1174eb46d12eb395ceabbbea3c132c5771ca6777194138e68c2eacb2e4fc9",
        "exists": true,
        "actual_sha256": "b5d1174eb46d12eb395ceabbbea3c132c5771ca6777194138e68c2eacb2e4fc9"
      },
      "elf": {
        "path": "C:\\Users\\user\\Documents\\RF_COMM_MULTILANE\\evidence\\hardware\\p7\\artifacts\\p7_runtime_14450369d4c6cbe27899bc69f210278e3b2076573e0122859d266fe63cc8e0ce.elf",
        "expected_sha256": "14450369d4c6cbe27899bc69f210278e3b2076573e0122859d266fe63cc8e0ce",
        "exists": true,
        "actual_sha256": "14450369d4c6cbe27899bc69f210278e3b2076573e0122859d266fe63cc8e0ce"
      },
      "profile": {
        "path": "C:\\Users\\user\\Documents\\RF_COMM_MULTILANE\\profiles\\p7\\p7_stationary_app_30min.json",
        "expected_sha256": "65a36a8318e7fd1e3b647997aceca773c69e76eee85cb8fae922148ccd8f3c94",
        "exists": true,
        "actual_sha256": "65a36a8318e7fd1e3b647997aceca773c69e76eee85cb8fae922148ccd8f3c94"
      },
      "active_xdc": {
        "path": "C:\\Users\\user\\Documents\\RF_COMM_MULTILANE\\constraints\\active\\PORT1.generated.xdc",
        "expected_sha256": "cf23a0d34a2fa76521faf4c91f3858cff2117fa6020d302d1a6109f10254f990",
        "exists": true,
        "actual_sha256": "cf23a0d34a2fa76521faf4c91f3858cff2117fa6020d302d1a6109f10254f990"
      },
      "pinmap": {
        "path": "C:\\Users\\user\\Documents\\RF_COMM_MULTILANE\\board_profiles\\ax7010_tfdu_j10_j11_pinmap.csv",
        "expected_sha256": "4c7d5f0836a2ab48df7672e00f99455e582fbf477b04ed2b3b44ef38506a8a6a",
        "exists": true,
        "actual_sha256": "4c7d5f0836a2ab48df7672e00f99455e582fbf477b04ed2b3b44ef38506a8a6a"
      },
      "register_map": {
        "path": "C:\\Users\\user\\Documents\\RF_COMM_MULTILANE\\config\\register_map\\ir_axi_regs.yaml",
        "expected_sha256": "d5b0bf1476d815a3ed69988c72097827356d4eade48813c8913fc1b2d448983d",
        "exists": true,
        "actual_sha256": "d5b0bf1476d815a3ed69988c72097827356d4eade48813c8913fc1b2d448983d"
      },
      "shutdown_bitstream": {
        "path": "C:\\Users\\user\\Documents\\RF_COMM_MULTILANE\\shutdown_bitstream\\tfdu_shutdown_j10_j11.bit",
        "expected_sha256": "bac60b58912f0acd771dc830a6761535ec8f6a92befb1ae4cb7d928745af5810",
        "exists": true,
        "actual_sha256": "bac60b58912f0acd771dc830a6761535ec8f6a92befb1ae4cb7d928745af5810"
      },
      "ltx": {
        "path": "C:\\Users\\user\\Documents\\RF_COMM_MULTILANE\\evidence\\hardware\\p6\\bitstreams\\p6_jtag_dynamic_transport_76fe1ec47871946a7d357b0caa1f669500de827b796d6154dcc54678e0ac7083.ltx",
        "expected_sha256": "76fe1ec47871946a7d357b0caa1f669500de827b796d6154dcc54678e0ac7083",
        "exists": true,
        "actual_sha256": "76fe1ec47871946a7d357b0caa1f669500de827b796d6154dcc54678e0ac7083"
      }
    },
    "errors": [],
    "warnings": [
      "workspace has uncommitted changes; frozen artifact hashes remain authoritative"
    ]
  },
  "stage_validation_errors": [],
  "transaction_validation": {
    "format": "P7_JTAG_AXI_TRANSACTIONS_V1",
    "path": "C:\\Users\\user\\Documents\\RF_COMM_MULTILANE\\build\\p7_authorized_sequence\\p7_20260711_stationary_app_r8\\transactions\\012_p7_fragment_boundary_1_rep3.transactions.txt",
    "expected_sha256": "8ecaaf8175eb94a039198b568b221ac07c8016e22d62666284967a5a48c88f9c",
    "actual_sha256": "8ecaaf8175eb94a039198b568b221ac07c8016e22d62666284967a5a48c88f9c",
    "operation_count": 83,
    "poll_operation_count": 2,
    "poll_iteration_ceiling": 12000,
    "metadata": {
      "BACKEND": "p7_jtag_backend",
      "LANE_POLICY": "REPLICATE_0X3"
    },
    "errors": [],
    "size_bytes": 3091,
    "start_operation_count": 1,
    "commit_operation_count": 1,
    "payload_write_count": 9,
    "result_keys": [
      "P7F00000_ACK_SEEN",
      "P7F00000_ACK_SENT",
      "P7F00000_COMMIT",
      "P7F00000_COMMIT_POLLS",
      "P7F00000_CRC_BAD",
      "P7F00000_DONE",
      "P7F00000_DONE_POLLS",
      "P7F00000_DUTY_VIOLATION",
      "P7F00000_ERROR_CODE",
      "P7F00000_FRAME_BAD",
      "P7F00000_FRAME_GOOD",
      "P7F00000_MAILBOX",
      "P7F00000_PAYLOAD_MISMATCH",
      "P7F00000_RAW_RX_PULSES",
      "P7F00000_RAW_TX_PULSES",
      "P7F00000_RETRY_COUNT",
      "P7F00000_RETRY_EXHAUSTED",
      "P7F00000_RXW000",
      "P7F00000_RXW001",
      "P7F00000_RXW002",
      "P7F00000_RXW003",
      "P7F00000_RXW004",
      "P7F00000_RXW005",
      "P7F00000_RXW006",
      "P7F00000_RXW007",
      "P7F00000_RXW008",
      "P7F00000_RX_CRC32",
      "P7F00000_RX_DIGEST",
      "P7F00000_RX_GOOD_COUNT_L0",
      "P7F00000_RX_GOOD_COUNT_L1",
      "P7F00000_RX_LEN",
      "P7F00000_STATUS",
      "P7F00000_STICKY_ERROR",
      "P7F00000_TXD_HIGH_MAX",
      "P7F00000_TXW000",
      "P7F00000_TXW001",
      "P7F00000_TXW002",
      "P7F00000_TXW003",
      "P7F00000_TXW004",
      "P7F00000_TXW005",
      "P7F00000_TXW006",
      "P7F00000_TXW007",
      "P7F00000_TXW008",
      "P7F00000_TX_COUNT",
      "P7F00000_TX_CRC32",
      "P7F00000_TX_FAIL",
      "P7_BASE_ACK_SEEN",
      "P7_BASE_ACK_SENT",
      "P7_BASE_CRC_BAD",
      "P7_BASE_DUTY_VIOLATION",
      "P7_BASE_ERROR_CODE",
      "P7_BASE_FRAME_BAD",
      "P7_BASE_FRAME_GOOD",
      "P7_BASE_PAYLOAD_MISMATCH",
      "P7_BASE_RAW_RX_PULSES",
      "P7_BASE_RAW_TX_PULSES",
      "P7_BASE_RETRY_COUNT",
      "P7_BASE_RETRY_EXHAUSTED",
      "P7_BASE_RX_GOOD_COUNT_L0",
      "P7_BASE_RX_GOOD_COUNT_L1",
      "P7_BASE_STICKY_ERROR",
      "P7_BASE_TXD_HIGH_MAX",
      "P7_BASE_TX_COUNT",
      "P7_BASE_TX_FAIL",
      "P7_FINAL_SHUTDOWN_REASON"
    ],
    "write_operations": [
      {
        "offset": "0x100",
        "value": "0x00000002"
      },
      {
        "offset": "0x100",
        "value": "0x00000002"
      },
      {
        "offset": "0x200",
        "value": "0x50414652"
      },
      {
        "offset": "0x204",
        "value": "0x00200301"
      },
      {
        "offset": "0x208",
        "value": "0x5037000c"
      },
      {
        "offset": "0x20c",
        "value": "0x0000000c"
      },
      {
        "offset": "0x210",
        "value": "0x00000001"
      },
      {
        "offset": "0x214",
        "value": "0x00010000"
      },
      {
        "offset": "0x218",
        "value": "0x00000001"
      },
      {
        "offset": "0x21c",
        "value": "0xd202ef8d"
      },
      {
        "offset": "0x220",
        "value": "0x00000000"
      },
      {
        "offset": "0x108",
        "value": "0x00002201"
      },
      {
        "offset": "0x10c",
        "value": "0x00000003"
      },
      {
        "offset": "0x110",
        "value": "0x00000003"
      },
      {
        "offset": "0x114",
        "value": "0x00000021"
      },
      {
        "offset": "0x15c",
        "value": "0x0061a800"
      },
      {
        "offset": "0x100",
        "value": "0x00000004"
      },
      {
        "offset": "0x100",
        "value": "0x00000008"
      },
      {
        "offset": "0x100",
        "value": "0x00000030"
      },
      {
        "offset": "0x100",
        "value": "0x00000030"
      }
    ],
    "runtime_feasibility": {
      "jtag_frequency_hz": 1000000,
      "reference_jtag_frequency_hz": 1000000,
      "estimated_axi_operation_us_at_1mhz": 1250,
      "estimated_stage_fixed_overhead_seconds": 30.0,
      "estimate_model": "one_axi_read_per_poll_operation_global_deadline_authoritative",
      "estimated_stage_runtime_seconds": 30.10375,
      "minimum_stage_runtime_sec": 31,
      "authorized_runtime_sec": 960,
      "feasible_within_authorized_runtime": true,
      "containment_initial_empty_wait_seconds": 0,
      "expected_tool_daemon_grace_seconds": 30,
      "containment_total_exit_window_seconds": 30,
      "containment_topology_revalidation_interval_seconds": 0.1,
      "containment_forced_cleanup_wait_seconds": 10,
      "containment_failure_bound_seconds": 40,
      "jtag_wrapper_vivado_process_count": 4,
      "jtag_wrapper_containment_allowance_seconds": 120,
      "jtag_wrapper_max_forced_cleanup_events": 2,
      "jtag_wrapper_forced_cleanup_reserve_seconds": 20,
      "jtag_wrapper_other_guard_seconds": 65,
      "jtag_wrapper_bookkeeping_guard_seconds": 45,
      "jtag_wrapper_other_guard_after_forced_cleanup_seconds": 45,
      "global_runtime_budget": {
        "minimum_estimated_global_runtime_sec": 396,
        "configured_global_timeout_ceiling_sec": 915,
        "authorized_global_runtime_sec": 960,
        "containment_initial_empty_wait_seconds": 0,
        "expected_tool_daemon_grace_seconds": 30,
        "containment_total_exit_window_seconds": 30,
        "containment_topology_revalidation_interval_seconds": 0.1,
        "containment_success_bound_seconds_each": 30,
        "containment_failure_bound_seconds_each": 40,
        "contained_vivado_process_count": 4,
        "containment_allowance_seconds": 120,
        "max_forced_cleanup_events": 2,
        "forced_cleanup_wait_seconds": 10,
        "forced_cleanup_reserve_seconds": 20,
        "other_guard_seconds": 65,
        "bookkeeping_guard_seconds": 45,
        "other_guard_after_forced_cleanup_seconds": 45,
        "configured_unallocated_margin_seconds": 45,
        "estimated_unallocated_margin_seconds": 564,
        "minimum_stage_fits_configured_timeout": true,
        "feasible": true
      }
    },
    "valid": true,
    "backend_manifest": {
      "path": "C:\\Users\\user\\Documents\\RF_COMM_MULTILANE\\build\\p7_authorized_sequence\\p7_20260711_stationary_app_r8\\manifests\\012_p7_fragment_boundary_1_rep3.manifest.json",
      "expected_sha256": "ff862f87bb6d97fd396bfe82a82d2c544d1048f1ff9a1336b65c7e05349eb270",
      "actual_sha256": "ff862f87bb6d97fd396bfe82a82d2c544d1048f1ff9a1336b65c7e05349eb270",
      "schema": "rfap-p7-jtag-axi-dry-run-v1",
      "input_length": 1,
      "input_sha256": "6e340b9cffb37a989ca544e6bb780a2c78901d3fb33738768511a30617afa01d",
      "lane_policy": "REPLICATE_0X3",
      "transaction_operation_count": 83
    },
    "global_runtime_budget": {
      "minimum_estimated_global_runtime_sec": 396,
      "configured_global_timeout_ceiling_sec": 915,
      "authorized_global_runtime_sec": 960,
      "containment_initial_empty_wait_seconds": 0,
      "expected_tool_daemon_grace_seconds": 30,
      "containment_total_exit_window_seconds": 30,
      "containment_topology_revalidation_interval_seconds": 0.1,
      "containment_success_bound_seconds_each": 30,
      "containment_failure_bound_seconds_each": 40,
      "contained_vivado_process_count": 4,
      "containment_allowance_seconds": 120,
      "max_forced_cleanup_events": 2,
      "forced_cleanup_wait_seconds": 10,
      "forced_cleanup_reserve_seconds": 20,
      "other_guard_seconds": 65,
      "bookkeeping_guard_seconds": 45,
      "other_guard_after_forced_cleanup_seconds": 45,
      "configured_unallocated_margin_seconds": 45,
      "estimated_unallocated_margin_seconds": 564,
      "minimum_stage_fits_configured_timeout": true,
      "feasible": true
    }
  },
  "exit_code_policy": "returncode_must_be_exactly_zero_and_required_markers_must_match",
  "transaction_format_boundary": "strict_P7_JTAG_AXI_TRANSACTIONS_V1_no_source_no_eval_no_external_commands",
  "hardware_execution_lock": {
    "path": "C:\\Users\\user\\Documents\\RF_COMM_MULTILANE\\.hardware_authorization\\P7_HARDWARE_EXECUTION.lock",
    "token_sha256": "e72b7aed0e9ca381c4b4bc9798858344f656a35088918f997de5a41ef1ad26ea",
    "owner": {
      "schema": "rf-comm-p7-hardware-execution-lock-v1",
      "pid": 44960,
      "wrapper": "run_p7_jtag_axi_stage_safe.py",
      "stage_name": "p7_fragment_boundary_1_rep3",
      "acquired_at_utc": "2026-07-11T08:15:55.942717+00:00",
      "evidence_dir": "C:\\Users\\user\\Documents\\RF_COMM_MULTILANE\\evidence\\hardware\\p7\\authorized_sequence\\p7_20260711_stationary_app_r8\\012_p7_fragment_boundary_1_rep3"
    },
    "acquired": true,
    "stale_lock_auto_recovery": false
  },
  "global_runtime_deadline_source": "host_monotonic",
  "global_runtime_guard_seconds": 65,
  "global_runtime_budget_components": {
    "contained_vivado_process_count": 4,
    "initial_empty_wait_seconds_per_process": 0,
    "expected_tool_daemon_grace_seconds_per_process": 30,
    "total_containment_window_seconds_per_process": 30,
    "topology_revalidation_interval_seconds": 0.1,
    "containment_allowance_seconds": 120,
    "forced_cleanup_wait_seconds": 10,
    "failure_containment_bound_seconds_per_failed_process": 40,
    "max_forced_cleanup_events": 2,
    "forced_cleanup_reserve_seconds": 20,
    "bookkeeping_guard_seconds": 45,
    "other_guard_seconds": 65
  },
  "evidence_dir": "C:\\Users\\user\\Documents\\RF_COMM_MULTILANE\\evidence\\hardware\\p7\\authorized_sequence\\p7_20260711_stationary_app_r8\\012_p7_fragment_boundary_1_rep3",
  "event_log": "C:\\Users\\user\\Documents\\RF_COMM_MULTILANE\\evidence\\hardware\\p7\\authorized_sequence\\p7_20260711_stationary_app_r8\\012_p7_fragment_boundary_1_rep3\\p7_jtag_axi_stage_events.jsonl",
  "preflight_process": {
    "name": "preflight",
    "returncode": 0,
    "stdout_path": "C:\\Users\\user\\Documents\\RF_COMM_MULTILANE\\evidence\\hardware\\p7\\authorized_sequence\\p7_20260711_stationary_app_r8\\012_p7_fragment_boundary_1_rep3\\p7_preflight.stdout.log",
    "stderr_path": "C:\\Users\\user\\Documents\\RF_COMM_MULTILANE\\evidence\\hardware\\p7\\authorized_sequence\\p7_20260711_stationary_app_r8\\012_p7_fragment_boundary_1_rep3\\p7_preflight.stderr.log",
    "elapsed_seconds": 31.324,
    "argv": [
      "D:\\Xilinx\\Vivado\\2023.1\\bin\\vivado.bat",
      "-mode",
      "batch",
      "-source",
      "C:\\Users\\user\\Documents\\RF_COMM_MULTILANE\\scripts\\hw\\p7_hw_preflight.tcl",
      "-tclargs",
      "C:\\Users\\user\\Documents\\RF_COMM_MULTILANE",
      "C:\\Users\\user\\Documents\\RF_COMM_MULTILANE\\.hardware_authorization\\p7_20260711_stationary_app_r8_012_p7_fragment_boundary_1_rep3.txt",
      "210512180081",
      "xc7z010clg400-1",
      "localhost:3121/xilinx_tcf/Digilent/210512180081",
      "localhost:3121",
      "C:\\Users\\user\\Documents\\RF_COMM_MULTILANE\\evidence\\hardware\\p7\\authorized_sequence\\p7_20260711_stationary_app_r8\\012_p7_fragment_boundary_1_rep3\\p7_preflight_result.txt"
    ],
    "started_at_utc": "2026-07-11T08:15:55.945459+00:00",
    "ended_at_utc": "2026-07-11T08:16:27.269467+00:00",
    "timed_out": false,
    "abort_seen": false,
    "interrupted": false,
    "process_tree_terminated": false,
    "process_tree_reaped": true,
    "containment_kind": "WINDOWS_JOB_OBJECT_KILL_ON_CLOSE",
    "containment_assigned": true,
    "containment_closed": true,
    "descendant_count_after": 0,
    "expected_tool_daemon_grace_used": true,
    "expected_tool_daemon_grace_seconds": 30.0,
    "expected_tool_daemon_paths": [
      "D:\\Xilinx\\Vivado\\2023.1\\bin\\unwrapped\\win64.o\\cs_server.exe",
      "D:\\Xilinx\\Vivado\\2023.1\\bin\\unwrapped\\win64.o\\rdi_xsdb.exe",
      "C:\\Windows\\System32\\cmd.exe",
      "C:\\Windows\\System32\\conhost.exe"
    ],
    "descendant_paths_seen": [
      "D:\\Xilinx\\Vivado\\2023.1\\bin\\unwrapped\\win64.o\\cs_server.exe",
      "D:\\Xilinx\\Vivado\\2023.1\\bin\\unwrapped\\win64.o\\cs_server.exe",
      "C:\\Windows\\System32\\conhost.exe",
      "C:\\Windows\\System32\\cmd.exe",
      "C:\\Windows\\System32\\conhost.exe",
      "D:\\Xilinx\\Vivado\\2023.1\\bin\\unwrapped\\win64.o\\rdi_xsdb.exe"
    ],
    "descendant_processes_seen": [
      {
        "pid": 11776,
        "parent_pid": 8840,
        "parent_active_globally": false,
        "image_path": "D:\\Xilinx\\Vivado\\2023.1\\bin\\unwrapped\\win64.o\\cs_server.exe",
        "creation_time_100ns": 134282313646356494
      },
      {
        "pid": 20940,
        "parent_pid": 11776,
        "parent_active_globally": true,
        "image_path": "D:\\Xilinx\\Vivado\\2023.1\\bin\\unwrapped\\win64.o\\cs_server.exe",
        "creation_time_100ns": 134282313647334754
      },
      {
        "pid": 35628,
        "parent_pid": 38908,
        "parent_active_globally": true,
        "image_path": "C:\\Windows\\System32\\conhost.exe",
        "creation_time_100ns": 134282313651397702
      },
      {
        "pid": 38908,
        "parent_pid": 26128,
        "parent_active_globally": false,
        "image_path": "C:\\Windows\\System32\\cmd.exe",
        "creation_time_100ns": 134282313651329695
      },
      {
        "pid": 41648,
        "parent_pid": 23868,
        "parent_active_globally": false,
        "image_path": "C:\\Windows\\System32\\conhost.exe",
        "creation_time_100ns": 134282313639413454
      },
      {
        "pid": 47956,
        "parent_pid": 38908,
        "parent_active_globally": true,
        "image_path": "D:\\Xilinx\\Vivado\\2023.1\\bin\\unwrapped\\win64.o\\rdi_xsdb.exe",
        "creation_time_100ns": 134282313654809359
      }
    ],
    "expected_tool_daemon_classification": "EXACT_R2_VIVADO_EXIT_HELPER_FOREST",
    "expected_tool_daemon_topology_snapshots": [
      {
        "classification": "EXACT_R2_VIVADO_EXIT_HELPER_FOREST",
        "elapsed_seconds": 0.007042,
        "processes": [
          {
            "pid": 11776,
            "parent_pid": 8840,
            "parent_active_globally": false,
            "image_path": "D:\\Xilinx\\Vivado\\2023.1\\bin\\unwrapped\\win64.o\\cs_server.exe",
            "creation_time_100ns": 134282313646356494
          },
          {
            "pid": 20940,
            "parent_pid": 11776,
            "parent_active_globally": true,
            "image_path": "D:\\Xilinx\\Vivado\\2023.1\\bin\\unwrapped\\win64.o\\cs_server.exe",
            "creation_time_100ns": 134282313647334754
          },
          {
            "pid": 35628,
            "parent_pid": 38908,
            "parent_active_globally": true,
            "image_path": "C:\\Windows\\System32\\conhost.exe",
            "creation_time_100ns": 134282313651397702
          },
          {
            "pid": 38908,
            "parent_pid": 26128,
            "parent_active_globally": false,
            "image_path": "C:\\Windows\\System32\\cmd.exe",
            "creation_time_100ns": 134282313651329695
          },
          {
            "pid": 41648,
            "parent_pid": 23868,
            "parent_active_globally": false,
            "image_path": "C:\\Windows\\System32\\conhost.exe",
            "creation_time_100ns": 134282313639413454
          },
          {
            "pid": 47956,
            "parent_pid": 38908,
            "parent_active_globally": true,
            "image_path": "D:\\Xilinx\\Vivado\\2023.1\\bin\\unwrapped\\win64.o\\rdi_xsdb.exe",
            "creation_time_100ns": 134282313654809359
          }
        ]
      },
      {
        "classification": "STRICT_SHRINK_SUBSET_OF_EXACT_R2_VIVADO_EXIT_HELPER_FOREST",
        "elapsed_seconds": 19.426257,
        "processes": [
          {
            "pid": 11776,
            "parent_pid": 8840,
            "parent_active_globally": false,
            "image_path": "D:\\Xilinx\\Vivado\\2023.1\\bin\\unwrapped\\win64.o\\cs_server.exe",
            "creation_time_100ns": 134282313646356494
          },
          {
            "pid": 20940,
            "parent_pid": 11776,
            "parent_active_globally": true,
            "image_path": "D:\\Xilinx\\Vivado\\2023.1\\bin\\unwrapped\\win64.o\\cs_server.exe",
            "creation_time_100ns": 134282313647334754
          },
          {
            "pid": 41648,
            "parent_pid": 23868,
            "parent_active_globally": false,
            "image_path": "C:\\Windows\\System32\\conhost.exe",
            "creation_time_100ns": 134282313639413454
          }
        ]
      },
      {
        "classification": "EMPTY",
        "elapsed_seconds": 20.558337,
        "processes": []
      }
    ],
    "expected_tool_daemon_topology_revalidation_count": 190,
    "expected_tool_daemon_topology_monotonic": true,
    "expected_tool_daemon_topology_sample_elapsed_seconds": [
      4.4e-05,
      0.007042,
      0.116353,
      0.225018,
      0.334078,
      0.442507,
      0.551292,
      0.660598,
      0.769404,
      0.877333,
      0.986143,
      1.094378,
      1.201032,
      1.309767,
      1.418167,
      1.526963,
      1.635517,
      1.744293,
      1.852663,
      1.962042,
      2.071889,
      2.181126,
      2.289248,
      2.397621,
      2.505121,
      2.613599,
      2.723843,
      2.833892,
      2.942662,
      3.051376,
      3.160057,
      3.268979,
      3.376529,
      3.485114,
      3.593831,
      3.702419,
      3.809001,
      3.917684,
      4.025947,
      4.134332,
      4.242648,
      4.351284,
      4.460111,
      4.568303,
      4.674792,
      4.78393,
      4.89222,
      5.000839,
      5.109527,
      5.218239,
      5.326274,
      5.43599,
      5.546503,
      5.655281,
      5.763732,
      5.872402,
      5.980733,
      6.089836,
      6.198569,
      6.306697,
      6.414608,
      6.523114,
      6.631552,
      6.737443,
      6.84478,
      6.953883,
      7.062992,
      7.17106,
      7.280582,
      7.389568,
      7.49847,
      7.607691,
      7.723296,
      7.833047,
      7.942568,
      8.050989,
      8.159704,
      8.267226,
      8.375387,
      8.48459,
      8.591544,
      8.699842,
      8.808569,
      8.916995,
      9.02499,
      9.133358,
      9.241655,
      9.350328,
      9.459208,
      9.567475,
      9.67579,
      9.784266,
      9.892467,
      10.00102,
      10.109364,
      10.218447,
      10.32688,
      10.435309,
      10.543883,
      10.652034,
      10.761286,
      10.869899,
      10.977661,
      11.085908,
      11.19509,
      11.303457,
      11.412017,
      11.519382,
      11.627199,
      11.735913,
      11.844973,
      11.952574,
      12.059707,
      12.168434,
      12.276947,
      12.385676,
      12.49413,
      12.600614,
      12.708642,
      12.816858,
      12.925967,
      13.032685,
      13.142523,
      13.251349,
      13.36018,
      13.468617,
      13.576617,
      13.684435,
      13.792448,
      13.900989,
      14.008717,
      14.115404,
      14.224294,
      14.332552,
      14.441397,
      14.550543,
      14.659321,
      14.768971,
      14.877077,
      14.984958,
      15.093427,
      15.202042,
      15.310779,
      15.418061,
      15.526348,
      15.634895,
      15.742833,
      15.851592,
      15.959821,
      16.067982,
      16.176719,
      16.285124,
      16.392195,
      16.500862,
      16.608837,
      16.717623,
      16.826226,
      16.934877,
      17.043106,
      17.151846,
      17.260379,
      17.369497,
      17.478403,
      17.587275,
      17.695727,
      17.803004,
      17.91176,
      18.01994,
      18.127996,
      18.235364,
      18.34378,
      18.452148,
      18.560539,
      18.669389,
      18.777103,
      18.885879,
      18.993931,
      19.102346,
      19.210571,
      19.318754,
      19.426257,
      19.534865,
      19.642563,
      19.750956,
      19.857085,
      19.965664,
      20.073176,
      20.180936,
      20.288929,
      20.39791,
      20.507281,
      20.558337
    ],
    "expected_tool_daemon_topology_max_sample_gap_seconds": 0.115605,
    "expected_tool_daemon_grace_elapsed_seconds": 20.558359,
    "expected_tool_daemon_hashes_verified": true,
    "expected_tool_daemon_sha256_by_role": {
      "cs_server": "9bf0e15ffe162a96679c14b8117cf8ebe8a47b8032bee4ab8cb0317c112df536",
      "rdi_xsdb": "3193d8c4e7115e82e5b4ea6c2eb1aa8a7566bd5a9f9c78e9d901b9eab9d4ebfc",
      "cmd": "75320a519959cc6d089ea3eba33c38caccb7f138a025ea439bc9686cdb79ded4",
      "conhost": "a93cbb36b9c02364be6a72817174c46f94b66715549f279c6592ed659d237911"
    },
    "expected_tool_daemon_hash_error": "",
    "expected_tool_daemon_prelaunch_hashes_verified": true,
    "expected_tool_daemon_prelaunch_sha256_by_role": {
      "cs_server": "9bf0e15ffe162a96679c14b8117cf8ebe8a47b8032bee4ab8cb0317c112df536",
      "rdi_xsdb": "3193d8c4e7115e82e5b4ea6c2eb1aa8a7566bd5a9f9c78e9d901b9eab9d4ebfc",
      "cmd": "75320a519959cc6d089ea3eba33c38caccb7f138a025ea439bc9686cdb79ded4",
      "conhost": "a93cbb36b9c02364be6a72817174c46f94b66715549f279c6592ed659d237911"
    },
    "expected_tool_daemon_prelaunch_hash_error": "",
    "expected_tool_daemon_postexit_hashes_verified": true,
    "expected_tool_daemon_postexit_sha256_by_role": {
      "cs_server": "9bf0e15ffe162a96679c14b8117cf8ebe8a47b8032bee4ab8cb0317c112df536",
      "rdi_xsdb": "3193d8c4e7115e82e5b4ea6c2eb1aa8a7566bd5a9f9c78e9d901b9eab9d4ebfc",
      "cmd": "75320a519959cc6d089ea3eba33c38caccb7f138a025ea439bc9686cdb79ded4",
      "conhost": "a93cbb36b9c02364be6a72817174c46f94b66715549f279c6592ed659d237911"
    },
    "expected_tool_daemon_postexit_hash_error": "",
    "expected_tool_daemon_topology_error": "",
    "expected_tool_daemon_topology_terminal_empty": true,
    "process_identity_query_retry_count": 0,
    "process_exit_race_recheck_count": 0,
    "process_identity_query_transient_errors": [],
    "containment_cleanup_attempted": false,
    "containment_cleanup_terminated": false,
    "process_exit_race_rechecked": false,
    "process_identity_query_retried": false,
    "containment_query_error": "",
    "launch_error": ""
  },
  "preflight_result_file": "C:\\Users\\user\\Documents\\RF_COMM_MULTILANE\\evidence\\hardware\\p7\\authorized_sequence\\p7_20260711_stationary_app_r8\\012_p7_fragment_boundary_1_rep3\\p7_preflight_result.txt",
  "preflight_failures": [],
  "target_identity": {
    "P7_HW_PREFLIGHT_AUTHORIZED": "1",
    "P7_HW_PREFLIGHT_READ_ONLY": "1",
    "P7_HW_PREFLIGHT_BOARD_ID": "210512180081",
    "P7_HW_PREFLIGHT_TARGET": "localhost:3121/xilinx_tcf/Digilent/210512180081",
    "P7_HW_PREFLIGHT_DEVICE": "xc7z010_1",
    "P7_HW_PREFLIGHT_PART": "xc7z010clg400-1",
    "P7_HW_PREFLIGHT_IDCODE": "00010011011100100010000010010011",
    "P7_HW_PREFLIGHT_CANONICAL_PART": "xc7z010clg400-1",
    "P7_HW_PREFLIGHT_LIVE_PART": "xc7z010",
    "P7_HW_PREFLIGHT_LIVE_DEVICE": "xc7z010_1",
    "P7_HW_PREFLIGHT_LIVE_IDCODE": "00010011011100100010000010010011",
    "P7_HW_PREFLIGHT_RESULT": "PASS"
  },
  "shutdown_before": {
    "name": "shutdown_before",
    "returncode": 0,
    "stdout_path": "C:\\Users\\user\\Documents\\RF_COMM_MULTILANE\\evidence\\hardware\\p7\\authorized_sequence\\p7_20260711_stationary_app_r8\\012_p7_fragment_boundary_1_rep3\\p7_shutdown_before.stdout.log",
    "stderr_path": "C:\\Users\\user\\Documents\\RF_COMM_MULTILANE\\evidence\\hardware\\p7\\authorized_sequence\\p7_20260711_stationary_app_r8\\012_p7_fragment_boundary_1_rep3\\p7_shutdown_before.stderr.log",
    "elapsed_seconds": 48.617412,
    "argv": [
      "D:\\Xilinx\\Vivado\\2023.1\\bin\\vivado.bat",
      "-mode",
      "batch",
      "-source",
      "C:\\Users\\user\\Documents\\RF_COMM_MULTILANE\\scripts\\hw\\p7_jtag_axi_transactions.tcl",
      "-tclargs",
      "C:\\Users\\user\\Documents\\RF_COMM_MULTILANE",
      "SHUTDOWN",
      "C:\\Users\\user\\Documents\\RF_COMM_MULTILANE\\.hardware_authorization\\p7_20260711_stationary_app_r8_012_p7_fragment_boundary_1_rep3.txt",
      "210512180081",
      "xc7z010clg400-1",
      "localhost:3121/xilinx_tcf/Digilent/210512180081",
      "localhost:3121",
      "1000000",
      "C:\\Users\\user\\Documents\\RF_COMM_MULTILANE\\shutdown_bitstream\\tfdu_shutdown_j10_j11.bit",
      "-",
      "-",
      "C:\\Users\\user\\Documents\\RF_COMM_MULTILANE\\evidence\\hardware\\p7\\authorized_sequence\\p7_20260711_stationary_app_r8\\012_p7_fragment_boundary_1_rep3\\p7_shutdown_before_result.txt",
      "0x43c00000",
      "1100000",
      "134217728",
      "550",
      "C:\\Users\\user\\Documents\\RF_COMM_MULTILANE\\shutdown_bitstream\\tfdu_shutdown_j10_j11.bit"
    ],
    "started_at_utc": "2026-07-11T08:16:27.279725+00:00",
    "ended_at_utc": "2026-07-11T08:17:15.897142+00:00",
    "timed_out": false,
    "abort_seen": false,
    "interrupted": false,
    "process_tree_terminated": false,
    "process_tree_reaped": true,
    "containment_kind": "WINDOWS_JOB_OBJECT_KILL_ON_CLOSE",
    "containment_assigned": true,
    "containment_closed": true,
    "descendant_count_after": 0,
    "expected_tool_daemon_grace_used": true,
    "expected_tool_daemon_grace_seconds": 30.0,
    "expected_tool_daemon_paths": [
      "D:\\Xilinx\\Vivado\\2023.1\\bin\\unwrapped\\win64.o\\cs_server.exe",
      "D:\\Xilinx\\Vivado\\2023.1\\bin\\unwrapped\\win64.o\\rdi_xsdb.exe",
      "C:\\Windows\\System32\\cmd.exe",
      "C:\\Windows\\System32\\conhost.exe"
    ],
    "descendant_paths_seen": [
      "D:\\Xilinx\\Vivado\\2023.1\\bin\\unwrapped\\win64.o\\rdi_xsdb.exe",
      "C:\\Windows\\System32\\conhost.exe",
      "C:\\Windows\\System32\\conhost.exe",
      "D:\\Xilinx\\Vivado\\2023.1\\bin\\unwrapped\\win64.o\\cs_server.exe",
      "D:\\Xilinx\\Vivado\\2023.1\\bin\\unwrapped\\win64.o\\cs_server.exe",
      "C:\\Windows\\System32\\cmd.exe"
    ],
    "descendant_processes_seen": [
      {
        "pid": 8164,
        "parent_pid": 45096,
        "parent_active_globally": true,
        "image_path": "D:\\Xilinx\\Vivado\\2023.1\\bin\\unwrapped\\win64.o\\rdi_xsdb.exe",
        "creation_time_100ns": 134282313968776963
      },
      {
        "pid": 16484,
        "parent_pid": 2340,
        "parent_active_globally": false,
        "image_path": "C:\\Windows\\System32\\conhost.exe",
        "creation_time_100ns": 134282313953610138
      },
      {
        "pid": 26056,
        "parent_pid": 45096,
        "parent_active_globally": true,
        "image_path": "C:\\Windows\\System32\\conhost.exe",
        "creation_time_100ns": 134282313965763405
      },
      {
        "pid": 30652,
        "parent_pid": 33104,
        "parent_active_globally": true,
        "image_path": "D:\\Xilinx\\Vivado\\2023.1\\bin\\unwrapped\\win64.o\\cs_server.exe",
        "creation_time_100ns": 134282313961665173
      },
      {
        "pid": 33104,
        "parent_pid": 2912,
        "parent_active_globally": false,
        "image_path": "D:\\Xilinx\\Vivado\\2023.1\\bin\\unwrapped\\win64.o\\cs_server.exe",
        "creation_time_100ns": 134282313960584603
      },
      {
        "pid": 45096,
        "parent_pid": 36296,
        "parent_active_globally": false,
        "image_path": "C:\\Windows\\System32\\cmd.exe",
        "creation_time_100ns": 134282313965706702
      }
    ],
    "expected_tool_daemon_classification": "EXACT_R2_VIVADO_EXIT_HELPER_FOREST",
    "expected_tool_daemon_topology_snapshots": [
      {
        "classification": "EXACT_R2_VIVADO_EXIT_HELPER_FOREST",
        "elapsed_seconds": 0.007375,
        "processes": [
          {
            "pid": 8164,
            "parent_pid": 45096,
            "parent_active_globally": true,
            "image_path": "D:\\Xilinx\\Vivado\\2023.1\\bin\\unwrapped\\win64.o\\rdi_xsdb.exe",
            "creation_time_100ns": 134282313968776963
          },
          {
            "pid": 16484,
            "parent_pid": 2340,
            "parent_active_globally": false,
            "image_path": "C:\\Windows\\System32\\conhost.exe",
            "creation_time_100ns": 134282313953610138
          },
          {
            "pid": 26056,
            "parent_pid": 45096,
            "parent_active_globally": true,
            "image_path": "C:\\Windows\\System32\\conhost.exe",
            "creation_time_100ns": 134282313965763405
          },
          {
            "pid": 30652,
            "parent_pid": 33104,
            "parent_active_globally": true,
            "image_path": "D:\\Xilinx\\Vivado\\2023.1\\bin\\unwrapped\\win64.o\\cs_server.exe",
            "creation_time_100ns": 134282313961665173
          },
          {
            "pid": 33104,
            "parent_pid": 2912,
            "parent_active_globally": false,
            "image_path": "D:\\Xilinx\\Vivado\\2023.1\\bin\\unwrapped\\win64.o\\cs_server.exe",
            "creation_time_100ns": 134282313960584603
          },
          {
            "pid": 45096,
            "parent_pid": 36296,
            "parent_active_globally": false,
            "image_path": "C:\\Windows\\System32\\cmd.exe",
            "creation_time_100ns": 134282313965706702
          }
        ]
      },
      {
        "classification": "STRICT_SHRINK_SUBSET_OF_EXACT_R2_VIVADO_EXIT_HELPER_FOREST",
        "elapsed_seconds": 19.106037,
        "processes": [
          {
            "pid": 16484,
            "parent_pid": 2340,
            "parent_active_globally": false,
            "image_path": "C:\\Windows\\System32\\conhost.exe",
            "creation_time_100ns": 134282313953610138
          },
          {
            "pid": 30652,
            "parent_pid": 33104,
            "parent_active_globally": true,
            "image_path": "D:\\Xilinx\\Vivado\\2023.1\\bin\\unwrapped\\win64.o\\cs_server.exe",
            "creation_time_100ns": 134282313961665173
          },
          {
            "pid": 33104,
            "parent_pid": 2912,
            "parent_active_globally": false,
            "image_path": "D:\\Xilinx\\Vivado\\2023.1\\bin\\unwrapped\\win64.o\\cs_server.exe",
            "creation_time_100ns": 134282313960584603
          }
        ]
      },
      {
        "classification": "EMPTY",
        "elapsed_seconds": 20.399185,
        "processes": []
      }
    ],
    "expected_tool_daemon_topology_revalidation_count": 188,
    "expected_tool_daemon_topology_monotonic": true,
    "expected_tool_daemon_topology_sample_elapsed_seconds": [
      4.3e-05,
      0.007375,
      0.116807,
      0.225947,
      0.334328,
      0.442625,
      0.549127,
      0.656648,
      0.764391,
      0.872702,
      0.981278,
      1.090527,
      1.199087,
      1.307713,
      1.416178,
      1.52489,
      1.633508,
      1.742128,
      1.85074,
      1.958934,
      2.06709,
      2.175673,
      2.28364,
      2.391342,
      2.500149,
      2.608729,
      2.717355,
      2.826114,
      2.935173,
      3.044385,
      3.152585,
      3.261639,
      3.370537,
      3.478979,
      3.588034,
      3.695877,
      3.803476,
      3.911803,
      4.019798,
      4.128082,
      4.235997,
      4.345076,
      4.456249,
      4.564709,
      4.672853,
      4.780802,
      4.888635,
      4.996729,
      5.104674,
      5.211794,
      5.320203,
      5.429203,
      5.538468,
      5.645527,
      5.757119,
      5.865496,
      5.974216,
      6.082569,
      6.190378,
      6.298276,
      6.406743,
      6.516292,
      6.624251,
      6.733038,
      6.841791,
      6.94961,
      7.058467,
      7.166723,
      7.275554,
      7.385927,
      7.495469,
      7.603787,
      7.710493,
      7.819225,
      7.928132,
      8.035944,
      8.142473,
      8.252926,
      8.361192,
      8.469716,
      8.576435,
      8.684897,
      8.79321,
      8.901909,
      9.009824,
      9.118033,
      9.2264,
      9.335341,
      9.443727,
      9.5502,
      9.65903,
      9.767189,
      9.875667,
      9.985008,
      10.093205,
      10.199739,
      10.31241,
      10.421166,
      10.528506,
      10.637517,
      10.74663,
      10.853858,
      10.969054,
      11.080054,
      11.188996,
      11.295822,
      11.404558,
      11.513066,
      11.619981,
      11.727497,
      11.836463,
      11.944553,
      12.052208,
      12.162288,
      12.271048,
      12.379624,
      12.487472,
      12.596165,
      12.704478,
      12.813061,
      12.921464,
      13.030635,
      13.140851,
      13.2485,
      13.357358,
      13.467277,
      13.575639,
      13.684874,
      13.79271,
      13.901927,
      14.01036,
      14.118899,
      14.227772,
      14.337204,
      14.445563,
      14.554314,
      14.660798,
      14.769347,
      14.877981,
      14.986704,
      15.093647,
      15.206046,
      15.314973,
      15.422951,
      15.531673,
      15.64681,
      15.753156,
      15.861355,
      15.969445,
      16.078071,
      16.185672,
      16.294154,
      16.402453,
      16.511496,
      16.618724,
      16.725902,
      16.834311,
      16.942546,
      17.050929,
      17.156963,
      17.265781,
      17.37422,
      17.481837,
      17.58985,
      17.697864,
      17.805188,
      17.913869,
      18.02241,
      18.131096,
      18.239759,
      18.348494,
      18.457458,
      18.565658,
      18.672631,
      18.781071,
      18.888595,
      18.997791,
      19.106037,
      19.214351,
      19.322001,
      19.43048,
      19.538001,
      19.646793,
      19.755347,
      19.863801,
      19.971635,
      20.082295,
      20.189905,
      20.298145,
      20.399185
    ],
    "expected_tool_daemon_topology_max_sample_gap_seconds": 0.115196,
    "expected_tool_daemon_grace_elapsed_seconds": 20.399216,
    "expected_tool_daemon_hashes_verified": true,
    "expected_tool_daemon_sha256_by_role": {
      "cs_server": "9bf0e15ffe162a96679c14b8117cf8ebe8a47b8032bee4ab8cb0317c112df536",
      "rdi_xsdb": "3193d8c4e7115e82e5b4ea6c2eb1aa8a7566bd5a9f9c78e9d901b9eab9d4ebfc",
      "cmd": "75320a519959cc6d089ea3eba33c38caccb7f138a025ea439bc9686cdb79ded4",
      "conhost": "a93cbb36b9c02364be6a72817174c46f94b66715549f279c6592ed659d237911"
    },
    "expected_tool_daemon_hash_error": "",
    "expected_tool_daemon_prelaunch_hashes_verified": true,
    "expected_tool_daemon_prelaunch_sha256_by_role": {
      "cs_server": "9bf0e15ffe162a96679c14b8117cf8ebe8a47b8032bee4ab8cb0317c112df536",
      "rdi_xsdb": "3193d8c4e7115e82e5b4ea6c2eb1aa8a7566bd5a9f9c78e9d901b9eab9d4ebfc",
      "cmd": "75320a519959cc6d089ea3eba33c38caccb7f138a025ea439bc9686cdb79ded4",
      "conhost": "a93cbb36b9c02364be6a72817174c46f94b66715549f279c6592ed659d237911"
    },
    "expected_tool_daemon_prelaunch_hash_error": "",
    "expected_tool_daemon_postexit_hashes_verified": true,
    "expected_tool_daemon_postexit_sha256_by_role": {
      "cs_server": "9bf0e15ffe162a96679c14b8117cf8ebe8a47b8032bee4ab8cb0317c112df536",
      "rdi_xsdb": "3193d8c4e7115e82e5b4ea6c2eb1aa8a7566bd5a9f9c78e9d901b9eab9d4ebfc",
      "cmd": "75320a519959cc6d089ea3eba33c38caccb7f138a025ea439bc9686cdb79ded4",
      "conhost": "a93cbb36b9c02364be6a72817174c46f94b66715549f279c6592ed659d237911"
    },
    "expected_tool_daemon_postexit_hash_error": "",
    "expected_tool_daemon_topology_error": "",
    "expected_tool_daemon_topology_terminal_empty": true,
    "process_identity_query_retry_count": 0,
    "process_exit_race_recheck_count": 0,
    "process_identity_query_transient_errors": [],
    "containment_cleanup_attempted": false,
    "containment_cleanup_terminated": false,
    "process_exit_race_rechecked": false,
    "process_identity_query_retried": false,
    "containment_query_error": "",
    "launch_error": "",
    "attempted": true,
    "programming_attempted": true,
    "result_file": "C:\\Users\\user\\Documents\\RF_COMM_MULTILANE\\evidence\\hardware\\p7\\authorized_sequence\\p7_20260711_stationary_app_r8\\012_p7_fragment_boundary_1_rep3\\p7_shutdown_before_result.txt",
    "passed": true,
    "failures": []
  },
  "shutdown_after": {
    "name": "shutdown_after",
    "returncode": 0,
    "stdout_path": "C:\\Users\\user\\Documents\\RF_COMM_MULTILANE\\evidence\\hardware\\p7\\authorized_sequence\\p7_20260711_stationary_app_r8\\012_p7_fragment_boundary_1_rep3\\p7_shutdown_after.stdout.log",
    "stderr_path": "C:\\Users\\user\\Documents\\RF_COMM_MULTILANE\\evidence\\hardware\\p7\\authorized_sequence\\p7_20260711_stationary_app_r8\\012_p7_fragment_boundary_1_rep3\\p7_shutdown_after.stderr.log",
    "elapsed_seconds": 48.563257,
    "argv": [
      "D:\\Xilinx\\Vivado\\2023.1\\bin\\vivado.bat",
      "-mode",
      "batch",
      "-source",
      "C:\\Users\\user\\Documents\\RF_COMM_MULTILANE\\scripts\\hw\\p7_jtag_axi_transactions.tcl",
      "-tclargs",
      "C:\\Users\\user\\Documents\\RF_COMM_MULTILANE",
      "SHUTDOWN",
      "C:\\Users\\user\\Documents\\RF_COMM_MULTILANE\\.hardware_authorization\\p7_20260711_stationary_app_r8_012_p7_fragment_boundary_1_rep3.txt",
      "210512180081",
      "xc7z010clg400-1",
      "localhost:3121/xilinx_tcf/Digilent/210512180081",
      "localhost:3121",
      "1000000",
      "C:\\Users\\user\\Documents\\RF_COMM_MULTILANE\\shutdown_bitstream\\tfdu_shutdown_j10_j11.bit",
      "-",
      "-",
      "C:\\Users\\user\\Documents\\RF_COMM_MULTILANE\\evidence\\hardware\\p7\\authorized_sequence\\p7_20260711_stationary_app_r8\\012_p7_fragment_boundary_1_rep3\\p7_shutdown_after_result.txt",
      "0x43c00000",
      "1100000",
      "134217728",
      "550",
      "C:\\Users\\user\\Documents\\RF_COMM_MULTILANE\\shutdown_bitstream\\tfdu_shutdown_j10_j11.bit"
    ],
    "started_at_utc": "2026-07-11T08:18:05.257331+00:00",
    "ended_at_utc": "2026-07-11T08:18:53.820595+00:00",
    "timed_out": false,
    "abort_seen": false,
    "interrupted": false,
    "process_tree_terminated": false,
    "process_tree_reaped": true,
    "containment_kind": "WINDOWS_JOB_OBJECT_KILL_ON_CLOSE",
    "containment_assigned": true,
    "containment_closed": true,
    "descendant_count_after": 0,
    "expected_tool_daemon_grace_used": true,
    "expected_tool_daemon_grace_seconds": 30.0,
    "expected_tool_daemon_paths": [
      "D:\\Xilinx\\Vivado\\2023.1\\bin\\unwrapped\\win64.o\\cs_server.exe",
      "D:\\Xilinx\\Vivado\\2023.1\\bin\\unwrapped\\win64.o\\rdi_xsdb.exe",
      "C:\\Windows\\System32\\cmd.exe",
      "C:\\Windows\\System32\\conhost.exe"
    ],
    "descendant_paths_seen": [
      "D:\\Xilinx\\Vivado\\2023.1\\bin\\unwrapped\\win64.o\\rdi_xsdb.exe",
      "C:\\Windows\\System32\\conhost.exe",
      "D:\\Xilinx\\Vivado\\2023.1\\bin\\unwrapped\\win64.o\\cs_server.exe",
      "C:\\Windows\\System32\\conhost.exe",
      "D:\\Xilinx\\Vivado\\2023.1\\bin\\unwrapped\\win64.o\\cs_server.exe",
      "C:\\Windows\\System32\\cmd.exe"
    ],
    "descendant_processes_seen": [
      {
        "pid": 4480,
        "parent_pid": 44816,
        "parent_active_globally": true,
        "image_path": "D:\\Xilinx\\Vivado\\2023.1\\bin\\unwrapped\\win64.o\\rdi_xsdb.exe",
        "creation_time_100ns": 134282314948588475
      },
      {
        "pid": 7788,
        "parent_pid": 44816,
        "parent_active_globally": true,
        "image_path": "C:\\Windows\\System32\\conhost.exe",
        "creation_time_100ns": 134282314945483011
      },
      {
        "pid": 28276,
        "parent_pid": 30656,
        "parent_active_globally": false,
        "image_path": "D:\\Xilinx\\Vivado\\2023.1\\bin\\unwrapped\\win64.o\\cs_server.exe",
        "creation_time_100ns": 134282314940277541
      },
      {
        "pid": 40848,
        "parent_pid": 8588,
        "parent_active_globally": false,
        "image_path": "C:\\Windows\\System32\\conhost.exe",
        "creation_time_100ns": 134282314933323692
      },
      {
        "pid": 43924,
        "parent_pid": 28276,
        "parent_active_globally": true,
        "image_path": "D:\\Xilinx\\Vivado\\2023.1\\bin\\unwrapped\\win64.o\\cs_server.exe",
        "creation_time_100ns": 134282314941196453
      },
      {
        "pid": 44816,
        "parent_pid": 9960,
        "parent_active_globally": false,
        "image_path": "C:\\Windows\\System32\\cmd.exe",
        "creation_time_100ns": 134282314945423886
      }
    ],
    "expected_tool_daemon_classification": "EXACT_R2_VIVADO_EXIT_HELPER_FOREST",
    "expected_tool_daemon_topology_snapshots": [
      {
        "classification": "EXACT_R2_VIVADO_EXIT_HELPER_FOREST",
        "elapsed_seconds": 0.009581,
        "processes": [
          {
            "pid": 4480,
            "parent_pid": 44816,
            "parent_active_globally": true,
            "image_path": "D:\\Xilinx\\Vivado\\2023.1\\bin\\unwrapped\\win64.o\\rdi_xsdb.exe",
            "creation_time_100ns": 134282314948588475
          },
          {
            "pid": 7788,
            "parent_pid": 44816,
            "parent_active_globally": true,
            "image_path": "C:\\Windows\\System32\\conhost.exe",
            "creation_time_100ns": 134282314945483011
          },
          {
            "pid": 28276,
            "parent_pid": 30656,
            "parent_active_globally": false,
            "image_path": "D:\\Xilinx\\Vivado\\2023.1\\bin\\unwrapped\\win64.o\\cs_server.exe",
            "creation_time_100ns": 134282314940277541
          },
          {
            "pid": 40848,
            "parent_pid": 8588,
            "parent_active_globally": false,
            "image_path": "C:\\Windows\\System32\\conhost.exe",
            "creation_time_100ns": 134282314933323692
          },
          {
            "pid": 43924,
            "parent_pid": 28276,
            "parent_active_globally": true,
            "image_path": "D:\\Xilinx\\Vivado\\2023.1\\bin\\unwrapped\\win64.o\\cs_server.exe",
            "creation_time_100ns": 134282314941196453
          },
          {
            "pid": 44816,
            "parent_pid": 9960,
            "parent_active_globally": false,
            "image_path": "C:\\Windows\\System32\\cmd.exe",
            "creation_time_100ns": 134282314945423886
          }
        ]
      },
      {
        "classification": "STRICT_SHRINK_SUBSET_OF_EXACT_R2_VIVADO_EXIT_HELPER_FOREST",
        "elapsed_seconds": 20.028425,
        "processes": [
          {
            "pid": 28276,
            "parent_pid": 30656,
            "parent_active_globally": false,
            "image_path": "D:\\Xilinx\\Vivado\\2023.1\\bin\\unwrapped\\win64.o\\cs_server.exe",
            "creation_time_100ns": 134282314940277541
          },
          {
            "pid": 40848,
            "parent_pid": 8588,
            "parent_active_globally": false,
            "image_path": "C:\\Windows\\System32\\conhost.exe",
            "creation_time_100ns": 134282314933323692
          },
          {
            "pid": 43924,
            "parent_pid": 28276,
            "parent_active_globally": true,
            "image_path": "D:\\Xilinx\\Vivado\\2023.1\\bin\\unwrapped\\win64.o\\cs_server.exe",
            "creation_time_100ns": 134282314941196453
          }
        ]
      },
      {
        "classification": "EMPTY",
        "elapsed_seconds": 20.246474,
        "processes": []
      }
    ],
    "expected_tool_daemon_topology_revalidation_count": 186,
    "expected_tool_daemon_topology_monotonic": true,
    "expected_tool_daemon_topology_sample_elapsed_seconds": [
      3.8e-05,
      0.009581,
      0.118885,
      0.22728,
      0.33402,
      0.441986,
      0.551242,
      0.660049,
      0.767627,
      0.876873,
      0.985934,
      1.095285,
      1.203382,
      1.311754,
      1.424859,
      1.533204,
      1.64034,
      1.748578,
      1.857497,
      1.965832,
      2.074548,
      2.182212,
      2.289511,
      2.397478,
      2.511519,
      2.624276,
      2.73287,
      2.840837,
      2.948678,
      3.057839,
      3.166819,
      3.274952,
      3.383206,
      3.490765,
      3.599843,
      3.708588,
      3.817804,
      3.924661,
      4.033523,
      4.141881,
      4.250643,
      4.359669,
      4.46903,
      4.577642,
      4.685011,
      4.794164,
      4.902664,
      5.010583,
      5.117248,
      5.226325,
      5.335047,
      5.442834,
      5.550856,
      5.659769,
      5.768441,
      5.877129,
      5.984186,
      6.09255,
      6.201191,
      6.308695,
      6.415502,
      6.523951,
      6.632552,
      6.741129,
      6.849574,
      6.958717,
      7.067186,
      7.1763,
      7.28283,
      7.391402,
      7.499632,
      7.607872,
      7.716689,
      7.8245,
      7.933168,
      8.039699,
      8.148461,
      8.256851,
      8.364153,
      8.471895,
      8.580563,
      8.688082,
      8.796906,
      8.905424,
      9.013991,
      9.122205,
      9.230919,
      9.338852,
      9.447731,
      9.554205,
      9.660799,
      9.768879,
      9.877057,
      9.985855,
      10.092501,
      10.200906,
      10.309304,
      10.416214,
      10.524241,
      10.63405,
      10.750524,
      10.85801,
      10.966206,
      11.075042,
      11.183318,
      11.292578,
      11.400966,
      11.508944,
      11.617144,
      11.725518,
      11.833664,
      11.941563,
      12.049926,
      12.158482,
      12.266879,
      12.375074,
      12.483166,
      12.591693,
      12.699701,
      12.808352,
      12.917179,
      13.025714,
      13.134041,
      13.241654,
      13.350843,
      13.45887,
      13.567859,
      13.674931,
      13.783247,
      13.89285,
      14.001141,
      14.109884,
      14.218072,
      14.32578,
      14.434995,
      14.543703,
      14.650257,
      14.758956,
      14.867178,
      14.974993,
      15.083823,
      15.19175,
      15.300818,
      15.409218,
      15.517975,
      15.626412,
      15.733777,
      15.842207,
      15.950675,
      16.058787,
      16.167486,
      16.275677,
      16.38275,
      16.491428,
      16.599196,
      16.707794,
      16.816568,
      16.925031,
      17.033064,
      17.141255,
      17.248697,
      17.356979,
      17.465237,
      17.573698,
      17.681129,
      17.789592,
      17.897565,
      18.006376,
      18.115082,
      18.22418,
      18.336503,
      18.452284,
      18.561113,
      18.670055,
      18.77772,
      18.886537,
      18.994905,
      19.102939,
      19.210389,
      19.317718,
      19.430252,
      19.53894,
      19.647498,
      19.755254,
      19.863694,
      20.028425,
      20.137851,
      20.246474
    ],
    "expected_tool_daemon_topology_max_sample_gap_seconds": 0.164731,
    "expected_tool_daemon_grace_elapsed_seconds": 20.246486,
    "expected_tool_daemon_hashes_verified": true,
    "expected_tool_daemon_sha256_by_role": {
      "cs_server": "9bf0e15ffe162a96679c14b8117cf8ebe8a47b8032bee4ab8cb0317c112df536",
      "rdi_xsdb": "3193d8c4e7115e82e5b4ea6c2eb1aa8a7566bd5a9f9c78e9d901b9eab9d4ebfc",
      "cmd": "75320a519959cc6d089ea3eba33c38caccb7f138a025ea439bc9686cdb79ded4",
      "conhost": "a93cbb36b9c02364be6a72817174c46f94b66715549f279c6592ed659d237911"
    },
    "expected_tool_daemon_hash_error": "",
    "expected_tool_daemon_prelaunch_hashes_verified": true,
    "expected_tool_daemon_prelaunch_sha256_by_role": {
      "cs_server": "9bf0e15ffe162a96679c14b8117cf8ebe8a47b8032bee4ab8cb0317c112df536",
      "rdi_xsdb": "3193d8c4e7115e82e5b4ea6c2eb1aa8a7566bd5a9f9c78e9d901b9eab9d4ebfc",
      "cmd": "75320a519959cc6d089ea3eba33c38caccb7f138a025ea439bc9686cdb79ded4",
      "conhost": "a93cbb36b9c02364be6a72817174c46f94b66715549f279c6592ed659d237911"
    },
    "expected_tool_daemon_prelaunch_hash_error": "",
    "expected_tool_daemon_postexit_hashes_verified": true,
    "expected_tool_daemon_postexit_sha256_by_role": {
      "cs_server": "9bf0e15ffe162a96679c14b8117cf8ebe8a47b8032bee4ab8cb0317c112df536",
      "rdi_xsdb": "3193d8c4e7115e82e5b4ea6c2eb1aa8a7566bd5a9f9c78e9d901b9eab9d4ebfc",
      "cmd": "75320a519959cc6d089ea3eba33c38caccb7f138a025ea439bc9686cdb79ded4",
      "conhost": "a93cbb36b9c02364be6a72817174c46f94b66715549f279c6592ed659d237911"
    },
    "expected_tool_daemon_postexit_hash_error": "",
    "expected_tool_daemon_topology_error": "",
    "expected_tool_daemon_topology_terminal_empty": true,
    "process_identity_query_retry_count": 1,
    "process_exit_race_recheck_count": 2,
    "process_identity_query_transient_errors": [],
    "containment_cleanup_attempted": false,
    "containment_cleanup_terminated": false,
    "process_exit_race_rechecked": true,
    "process_identity_query_retried": true,
    "containment_query_error": "",
    "launch_error": "",
    "passed": true,
    "failures": [],
    "attempted": true,
    "programming_attempted": true,
    "result_file": "C:\\Users\\user\\Documents\\RF_COMM_MULTILANE\\evidence\\hardware\\p7\\authorized_sequence\\p7_20260711_stationary_app_r8\\012_p7_fragment_boundary_1_rep3\\p7_shutdown_after_result.txt"
  },
  "tfdu_activity_semantics": "conservative_true_once_transmitting_candidate_command_is_launched",
  "stage_process": {
    "name": "jtag_axi_stage",
    "returncode": 0,
    "stdout_path": "C:\\Users\\user\\Documents\\RF_COMM_MULTILANE\\evidence\\hardware\\p7\\authorized_sequence\\p7_20260711_stationary_app_r8\\012_p7_fragment_boundary_1_rep3\\p7_jtag_axi_stage.stdout.log",
    "stderr_path": "C:\\Users\\user\\Documents\\RF_COMM_MULTILANE\\evidence\\hardware\\p7\\authorized_sequence\\p7_20260711_stationary_app_r8\\012_p7_fragment_boundary_1_rep3\\p7_jtag_axi_stage.stderr.log",
    "elapsed_seconds": 49.333501,
    "argv": [
      "D:\\Xilinx\\Vivado\\2023.1\\bin\\vivado.bat",
      "-mode",
      "batch",
      "-source",
      "C:\\Users\\user\\Documents\\RF_COMM_MULTILANE\\scripts\\hw\\p7_jtag_axi_transactions.tcl",
      "-tclargs",
      "C:\\Users\\user\\Documents\\RF_COMM_MULTILANE",
      "STAGE",
      "C:\\Users\\user\\Documents\\RF_COMM_MULTILANE\\.hardware_authorization\\p7_20260711_stationary_app_r8_012_p7_fragment_boundary_1_rep3.txt",
      "210512180081",
      "xc7z010clg400-1",
      "localhost:3121/xilinx_tcf/Digilent/210512180081",
      "localhost:3121",
      "1000000",
      "C:\\Users\\user\\Documents\\RF_COMM_MULTILANE\\evidence\\hardware\\p6\\bitstreams\\p6_jtag_dynamic_transport_4830d547d6a667edda8deebae855c3a7154478e298efca70e2526e6f3570b23c.bit",
      "C:\\Users\\user\\Documents\\RF_COMM_MULTILANE\\evidence\\hardware\\p6\\bitstreams\\p6_jtag_dynamic_transport_76fe1ec47871946a7d357b0caa1f669500de827b796d6154dcc54678e0ac7083.ltx",
      "C:\\Users\\user\\Documents\\RF_COMM_MULTILANE\\build\\p7_authorized_sequence\\p7_20260711_stationary_app_r8\\transactions\\012_p7_fragment_boundary_1_rep3.transactions.txt",
      "C:\\Users\\user\\Documents\\RF_COMM_MULTILANE\\evidence\\hardware\\p7\\authorized_sequence\\p7_20260711_stationary_app_r8\\012_p7_fragment_boundary_1_rep3\\p7_jtag_axi_raw_result.txt",
      "0x43c00000",
      "1100000",
      "134217728",
      "550",
      "C:\\Users\\user\\Documents\\RF_COMM_MULTILANE\\shutdown_bitstream\\tfdu_shutdown_j10_j11.bit"
    ],
    "started_at_utc": "2026-07-11T08:17:15.906312+00:00",
    "ended_at_utc": "2026-07-11T08:18:05.239824+00:00",
    "timed_out": false,
    "abort_seen": false,
    "interrupted": false,
    "process_tree_terminated": false,
    "process_tree_reaped": true,
    "containment_kind": "WINDOWS_JOB_OBJECT_KILL_ON_CLOSE",
    "containment_assigned": true,
    "containment_closed": true,
    "descendant_count_after": 0,
    "expected_tool_daemon_grace_used": true,
    "expected_tool_daemon_grace_seconds": 30.0,
    "expected_tool_daemon_paths": [
      "D:\\Xilinx\\Vivado\\2023.1\\bin\\unwrapped\\win64.o\\cs_server.exe",
      "D:\\Xilinx\\Vivado\\2023.1\\bin\\unwrapped\\win64.o\\rdi_xsdb.exe",
      "C:\\Windows\\System32\\cmd.exe",
      "C:\\Windows\\System32\\conhost.exe"
    ],
    "descendant_paths_seen": [
      "C:\\Windows\\System32\\conhost.exe",
      "D:\\Xilinx\\Vivado\\2023.1\\bin\\unwrapped\\win64.o\\cs_server.exe",
      "C:\\Windows\\System32\\cmd.exe",
      "D:\\Xilinx\\Vivado\\2023.1\\bin\\unwrapped\\win64.o\\rdi_xsdb.exe",
      "D:\\Xilinx\\Vivado\\2023.1\\bin\\unwrapped\\win64.o\\cs_server.exe",
      "C:\\Windows\\System32\\conhost.exe"
    ],
    "descendant_processes_seen": [
      {
        "pid": 25984,
        "parent_pid": 45740,
        "parent_active_globally": true,
        "image_path": "C:\\Windows\\System32\\conhost.exe",
        "creation_time_100ns": 134282314450773980
      },
      {
        "pid": 41468,
        "parent_pid": 46016,
        "parent_active_globally": true,
        "image_path": "D:\\Xilinx\\Vivado\\2023.1\\bin\\unwrapped\\win64.o\\cs_server.exe",
        "creation_time_100ns": 134282314445660904
      },
      {
        "pid": 45740,
        "parent_pid": 48804,
        "parent_active_globally": false,
        "image_path": "C:\\Windows\\System32\\cmd.exe",
        "creation_time_100ns": 134282314450705387
      },
      {
        "pid": 45772,
        "parent_pid": 45740,
        "parent_active_globally": true,
        "image_path": "D:\\Xilinx\\Vivado\\2023.1\\bin\\unwrapped\\win64.o\\rdi_xsdb.exe",
        "creation_time_100ns": 134282314454021860
      },
      {
        "pid": 46016,
        "parent_pid": 9248,
        "parent_active_globally": false,
        "image_path": "D:\\Xilinx\\Vivado\\2023.1\\bin\\unwrapped\\win64.o\\cs_server.exe",
        "creation_time_100ns": 134282314444734104
      },
      {
        "pid": 48844,
        "parent_pid": 10164,
        "parent_active_globally": false,
        "image_path": "C:\\Windows\\System32\\conhost.exe",
        "creation_time_100ns": 134282314437867182
      }
    ],
    "expected_tool_daemon_classification": "EXACT_R2_VIVADO_EXIT_HELPER_FOREST",
    "expected_tool_daemon_topology_snapshots": [
      {
        "classification": "EXACT_R2_VIVADO_EXIT_HELPER_FOREST",
        "elapsed_seconds": 0.007055,
        "processes": [
          {
            "pid": 25984,
            "parent_pid": 45740,
            "parent_active_globally": true,
            "image_path": "C:\\Windows\\System32\\conhost.exe",
            "creation_time_100ns": 134282314450773980
          },
          {
            "pid": 41468,
            "parent_pid": 46016,
            "parent_active_globally": true,
            "image_path": "D:\\Xilinx\\Vivado\\2023.1\\bin\\unwrapped\\win64.o\\cs_server.exe",
            "creation_time_100ns": 134282314445660904
          },
          {
            "pid": 45740,
            "parent_pid": 48804,
            "parent_active_globally": false,
            "image_path": "C:\\Windows\\System32\\cmd.exe",
            "creation_time_100ns": 134282314450705387
          },
          {
            "pid": 45772,
            "parent_pid": 45740,
            "parent_active_globally": true,
            "image_path": "D:\\Xilinx\\Vivado\\2023.1\\bin\\unwrapped\\win64.o\\rdi_xsdb.exe",
            "creation_time_100ns": 134282314454021860
          },
          {
            "pid": 46016,
            "parent_pid": 9248,
            "parent_active_globally": false,
            "image_path": "D:\\Xilinx\\Vivado\\2023.1\\bin\\unwrapped\\win64.o\\cs_server.exe",
            "creation_time_100ns": 134282314444734104
          },
          {
            "pid": 48844,
            "parent_pid": 10164,
            "parent_active_globally": false,
            "image_path": "C:\\Windows\\System32\\conhost.exe",
            "creation_time_100ns": 134282314437867182
          }
        ]
      },
      {
        "classification": "STRICT_SHRINK_SUBSET_OF_EXACT_R2_VIVADO_EXIT_HELPER_FOREST",
        "elapsed_seconds": 19.068064,
        "processes": [
          {
            "pid": 41468,
            "parent_pid": 46016,
            "parent_active_globally": true,
            "image_path": "D:\\Xilinx\\Vivado\\2023.1\\bin\\unwrapped\\win64.o\\cs_server.exe",
            "creation_time_100ns": 134282314445660904
          },
          {
            "pid": 46016,
            "parent_pid": 9248,
            "parent_active_globally": false,
            "image_path": "D:\\Xilinx\\Vivado\\2023.1\\bin\\unwrapped\\win64.o\\cs_server.exe",
            "creation_time_100ns": 134282314444734104
          },
          {
            "pid": 48844,
            "parent_pid": 10164,
            "parent_active_globally": false,
            "image_path": "C:\\Windows\\System32\\conhost.exe",
            "creation_time_100ns": 134282314437867182
          }
        ]
      },
      {
        "classification": "EMPTY",
        "elapsed_seconds": 20.201781,
        "processes": []
      }
    ],
    "expected_tool_daemon_topology_revalidation_count": 186,
    "expected_tool_daemon_topology_monotonic": true,
    "expected_tool_daemon_topology_sample_elapsed_seconds": [
      3.9e-05,
      0.007055,
      0.115801,
      0.224893,
      0.333657,
      0.44115,
      0.550436,
      0.659087,
      0.766167,
      0.874426,
      0.983986,
      1.09228,
      1.200443,
      1.309225,
      1.418461,
      1.52542,
      1.633579,
      1.742362,
      1.853354,
      1.961632,
      2.069974,
      2.178676,
      2.285475,
      2.392796,
      2.501296,
      2.610716,
      2.719802,
      2.828577,
      2.937005,
      3.046095,
      3.154801,
      3.262984,
      3.371938,
      3.479805,
      3.586434,
      3.695851,
      3.804467,
      3.912446,
      4.020517,
      4.12897,
      4.237295,
      4.346205,
      4.455176,
      4.561361,
      4.674226,
      4.782564,
      4.890575,
      4.998265,
      5.107582,
      5.217211,
      5.325684,
      5.433365,
      5.540059,
      5.648357,
      5.756497,
      5.864707,
      5.972861,
      6.082005,
      6.189956,
      6.29927,
      6.407744,
      6.515099,
      6.623429,
      6.732691,
      6.849715,
      6.960028,
      7.068619,
      7.177153,
      7.283849,
      7.392497,
      7.501322,
      7.609219,
      7.717668,
      7.826488,
      7.933274,
      8.04178,
      8.150421,
      8.258092,
      8.366542,
      8.475304,
      8.584082,
      8.701133,
      8.809014,
      8.916914,
      9.024603,
      9.14526,
      9.254577,
      9.363304,
      9.471508,
      9.580321,
      9.688744,
      9.797169,
      9.905774,
      10.013921,
      10.12289,
      10.231337,
      10.338198,
      10.447647,
      10.556707,
      10.665727,
      10.774452,
      10.88333,
      10.990195,
      11.09963,
      11.208184,
      11.31716,
      11.425726,
      11.534116,
      11.641307,
      11.749746,
      11.858064,
      11.9667,
      12.075641,
      12.184421,
      12.292048,
      12.399475,
      12.507833,
      12.615947,
      12.724676,
      12.833406,
      12.942088,
      13.050248,
      13.158444,
      13.266633,
      13.37474,
      13.481395,
      13.589984,
      13.698527,
      13.8071,
      13.915726,
      14.024226,
      14.133106,
      14.241289,
      14.348192,
      14.457429,
      14.566436,
      14.675268,
      14.78381,
      14.892465,
      14.999792,
      15.108953,
      15.21815,
      15.326396,
      15.434873,
      15.543721,
      15.651742,
      15.760437,
      15.867223,
      15.975211,
      16.083649,
      16.191312,
      16.29915,
      16.407673,
      16.516283,
      16.624581,
      16.733802,
      16.842411,
      16.950123,
      17.058735,
      17.167225,
      17.275749,
      17.38402,
      17.491409,
      17.601054,
      17.709057,
      17.81809,
      17.925616,
      18.034178,
      18.143965,
      18.252207,
      18.360942,
      18.46948,
      18.577095,
      18.685516,
      18.793626,
      18.902194,
      19.068064,
      19.176678,
      19.285025,
      19.393136,
      19.501373,
      19.609683,
      19.718211,
      19.825395,
      19.933695,
      20.042912,
      20.151097,
      20.201781
    ],
    "expected_tool_daemon_topology_max_sample_gap_seconds": 0.16587,
    "expected_tool_daemon_grace_elapsed_seconds": 20.201801,
    "expected_tool_daemon_hashes_verified": true,
    "expected_tool_daemon_sha256_by_role": {
      "cs_server": "9bf0e15ffe162a96679c14b8117cf8ebe8a47b8032bee4ab8cb0317c112df536",
      "rdi_xsdb": "3193d8c4e7115e82e5b4ea6c2eb1aa8a7566bd5a9f9c78e9d901b9eab9d4ebfc",
      "cmd": "75320a519959cc6d089ea3eba33c38caccb7f138a025ea439bc9686cdb79ded4",
      "conhost": "a93cbb36b9c02364be6a72817174c46f94b66715549f279c6592ed659d237911"
    },
    "expected_tool_daemon_hash_error": "",
    "expected_tool_daemon_prelaunch_hashes_verified": true,
    "expected_tool_daemon_prelaunch_sha256_by_role": {
      "cs_server": "9bf0e15ffe162a96679c14b8117cf8ebe8a47b8032bee4ab8cb0317c112df536",
      "rdi_xsdb": "3193d8c4e7115e82e5b4ea6c2eb1aa8a7566bd5a9f9c78e9d901b9eab9d4ebfc",
      "cmd": "75320a519959cc6d089ea3eba33c38caccb7f138a025ea439bc9686cdb79ded4",
      "conhost": "a93cbb36b9c02364be6a72817174c46f94b66715549f279c6592ed659d237911"
    },
    "expected_tool_daemon_prelaunch_hash_error": "",
    "expected_tool_daemon_postexit_hashes_verified": true,
    "expected_tool_daemon_postexit_sha256_by_role": {
      "cs_server": "9bf0e15ffe162a96679c14b8117cf8ebe8a47b8032bee4ab8cb0317c112df536",
      "rdi_xsdb": "3193d8c4e7115e82e5b4ea6c2eb1aa8a7566bd5a9f9c78e9d901b9eab9d4ebfc",
      "cmd": "75320a519959cc6d089ea3eba33c38caccb7f138a025ea439bc9686cdb79ded4",
      "conhost": "a93cbb36b9c02364be6a72817174c46f94b66715549f279c6592ed659d237911"
    },
    "expected_tool_daemon_postexit_hash_error": "",
    "expected_tool_daemon_topology_error": "",
    "expected_tool_daemon_topology_terminal_empty": true,
    "process_identity_query_retry_count": 1,
    "process_exit_race_recheck_count": 1,
    "process_identity_query_transient_errors": [],
    "containment_cleanup_attempted": false,
    "containment_cleanup_terminated": false,
    "process_exit_race_rechecked": true,
    "process_identity_query_retried": true,
    "containment_query_error": "",
    "launch_error": "",
    "passed": true,
    "failures": [],
    "result_file": "C:\\Users\\user\\Documents\\RF_COMM_MULTILANE\\evidence\\hardware\\p7\\authorized_sequence\\p7_20260711_stationary_app_r8\\012_p7_fragment_boundary_1_rep3\\p7_jtag_axi_raw_result.txt"
  },
  "stage_result_markers": {
    "P7_HW_TARGET": "localhost:3121/xilinx_tcf/Digilent/210512180081",
    "P7_HW_DEVICE": "xc7z010_1",
    "P7_HW_PART": "xc7z010clg400-1",
    "P7_HW_IDCODE": "00010011011100100010000010010011",
    "P7_HW_CANONICAL_PART": "xc7z010clg400-1",
    "P7_HW_LIVE_PART": "xc7z010",
    "P7_HW_LIVE_DEVICE": "xc7z010_1",
    "P7_HW_LIVE_IDCODE": "00010011011100100010000010010011",
    "P7_CANDIDATE_PROGRAMMED": "1",
    "P7_HW_AXI": "hw_axi_1",
    "P7_TXN_META_BACKEND": "p7_jtag_backend",
    "P7_TXN_META_LANE_POLICY": "REPLICATE_0X3",
    "P7_BASE_TX_COUNT": "00000000",
    "P7_BASE_RX_GOOD_COUNT_L0": "00000000",
    "P7_BASE_RX_GOOD_COUNT_L1": "00000000",
    "P7_BASE_CRC_BAD": "00000000",
    "P7_BASE_PAYLOAD_MISMATCH": "00000000",
    "P7_BASE_RETRY_COUNT": "00000000",
    "P7_BASE_RETRY_EXHAUSTED": "00000000",
    "P7_BASE_TX_FAIL": "00000000",
    "P7_BASE_DUTY_VIOLATION": "00000000",
    "P7_BASE_RAW_TX_PULSES": "00000000",
    "P7_BASE_RAW_RX_PULSES": "00000000",
    "P7_BASE_FRAME_GOOD": "00000000",
    "P7_BASE_FRAME_BAD": "00000000",
    "P7_BASE_ACK_SENT": "00000000",
    "P7_BASE_ACK_SEEN": "00000000",
    "P7_BASE_TXD_HIGH_MAX": "00000000",
    "P7_BASE_ERROR_CODE": "00000000",
    "P7_BASE_STICKY_ERROR": "00000000",
    "P7F00000_TXW000": "50414652",
    "P7F00000_TXW001": "00200301",
    "P7F00000_TXW002": "5037000C",
    "P7F00000_TXW003": "0000000C",
    "P7F00000_TXW004": "00000001",
    "P7F00000_TXW005": "00010000",
    "P7F00000_TXW006": "00000001",
    "P7F00000_TXW007": "D202EF8D",
    "P7F00000_TXW008": "00000000",
    "P7F00000_COMMIT": "00000007",
    "P7F00000_COMMIT_POLLS": "1",
    "P7F00000_TX_CRC32": "47CDDDFA",
    "P7F00000_DONE": "00000017",
    "P7F00000_DONE_POLLS": "1",
    "P7F00000_STATUS": "00000017",
    "P7F00000_MAILBOX": "50364F4B",
    "P7F00000_RX_LEN": "00000021",
    "P7F00000_RX_CRC32": "47CDDDFA",
    "P7F00000_RX_DIGEST": "47CDDDFA",
    "P7F00000_TX_COUNT": "00000001",
    "P7F00000_RX_GOOD_COUNT_L0": "00000001",
    "P7F00000_RX_GOOD_COUNT_L1": "00000001",
    "P7F00000_CRC_BAD": "00000000",
    "P7F00000_PAYLOAD_MISMATCH": "00000000",
    "P7F00000_RETRY_COUNT": "00000000",
    "P7F00000_RETRY_EXHAUSTED": "00000000",
    "P7F00000_TX_FAIL": "00000000",
    "P7F00000_DUTY_VIOLATION": "00000000",
    "P7F00000_RAW_TX_PULSES": "00000210",
    "P7F00000_RAW_RX_PULSES": "00000420",
    "P7F00000_FRAME_GOOD": "00000001",
    "P7F00000_FRAME_BAD": "00000000",
    "P7F00000_ACK_SENT": "00000001",
    "P7F00000_ACK_SEEN": "00000001",
    "P7F00000_TXD_HIGH_MAX": "00000008",
    "P7F00000_ERROR_CODE": "00000000",
    "P7F00000_STICKY_ERROR": "00000000",
    "P7F00000_RXW000": "50414652",
    "P7F00000_RXW001": "00200301",
    "P7F00000_RXW002": "5037000C",
    "P7F00000_RXW003": "0000000C",
    "P7F00000_RXW004": "00000001",
    "P7F00000_RXW005": "00010000",
    "P7F00000_RXW006": "00000001",
    "P7F00000_RXW007": "D202EF8D",
    "P7F00000_RXW008": "00000000",
    "P7_FINAL_SHUTDOWN_REASON": "54464455",
    "P7_TCL_PROGRAMMING_ATTEMPTED": "1",
    "P7_TRANSACTION_COUNT": "83",
    "P7_JTAG_AXI_TRANSACTIONS": "PASS",
    "P7_JTAG_STAGE_RESULT": "PASS"
  },
  "child_reaped_before_shutdown_after": true,
  "backend_parse": {
    "passed": true,
    "semantic_mode": "rfap",
    "summary_file": "C:\\Users\\user\\Documents\\RF_COMM_MULTILANE\\evidence\\hardware\\p7\\authorized_sequence\\p7_20260711_stationary_app_r8\\012_p7_fragment_boundary_1_rep3\\p7_jtag_backend_parse_summary.json",
    "summary_sha256": "e737b5207d046ccc1a71d18cab26b8937474cb13da2ed26d801bffb643c378d7",
    "output_file": "C:\\Users\\user\\Documents\\RF_COMM_MULTILANE\\evidence\\hardware\\p7\\authorized_sequence\\p7_20260711_stationary_app_r8\\012_p7_fragment_boundary_1_rep3\\p7_jtag_reassembled_output.bin",
    "output_sha256": "6e340b9cffb37a989ca544e6bb780a2c78901d3fb33738768511a30617afa01d",
    "object_length": 1,
    "object_crc32": 3523407757,
    "object_sha256": "6e340b9cffb37a989ca544e6bb780a2c78901d3fb33738768511a30617afa01d",
    "lane_policy": "REPLICATE_0X3",
    "fragment_count": 1,
    "missing_fragments": 0,
    "duplicate_fragments": 0,
    "error_counter_increments": 0,
    "fragment_latency_upper_bound_us": {
      "sample_count": 1,
      "min": 2000,
      "mean": 2000.0,
      "p50": 2000,
      "p95": 2000,
      "p99": 2000,
      "max": 2000,
      "percentile_method": "nearest_rank",
      "semantics": "upper_bound",
      "source": "bounded_commit_plus_transfer_poll_counts_x_manifest_poll_period"
    },
    "object_transport_latency_upper_bound_us": 2000,
    "object_transport_latency_semantics": "sum_of_sequential_fragment_poll_upper_bounds",
    "poll_bound_application_goodput_lower_bound_bps": 4000,
    "poll_bound_goodput_semantics": "lower_bound_from_object_bytes_over_transport_latency_upper_bound",
    "host_end_to_end_elapsed_seconds": 49.333501,
    "host_end_to_end_goodput_bps": 0.162162,
    "host_end_to_end_time_source": "host_monotonic_child_process_elapsed",
    "host_end_to_end_semantics": "includes Vivado startup, FPGA programming, JTAG/AXI operations, polling, and host overhead; not optical-only fragment latency",
    "raw_log_bound_to_this_hardware_process": true
  },
  "internal_error": "",
  "stage_failures": [],
  "backend_parse_failure": "",
  "global_runtime": {
    "elapsed_seconds": 177.88951,
    "authorized_max_seconds": 960,
    "within_authorized_limit": true
  },
  "reason": "authorized direct JTAG/AXI stage, strict byte/counter parser, and both shutdown barriers passed"
}
