P10_XSDB_DEBUG_DISCOVERY_ATTEMPTS=1
P10_XSDB_DEBUG_DISCOVERY_ELAPSED_MS=21
P10_XSDB_FIXED_TARGETS=APU:5,CPU0:6,FPGA:8
P10_XSDB_ROTATING_TARGETS=APU:1,CPU0:2,FPGA:4
P10_XSDB_IDENTITY=PASS
P10_XSDB_FIXED_SERIAL=210249855178
P10_XSDB_ROTATING_SERIAL=210512180081
P10_XSDB_STAGE=P10_4-HALF_DUPLEX
P10_XSDB_RUN_ID=p10_4_20260805T125932Z_a32afe5b_6f915067_ace48b07
P10_XSDB_EXPECTED_BUILD_FIXED=0x50343446
P10_XSDB_EXPECTED_BUILD_ROTATING=0x50343452
P10_XSDB_DEBUG_DISCOVERY_ATTEMPTS=1
P10_XSDB_DEBUG_DISCOVERY_ELAPSED_MS=12
P10_XSDB_FIXED_TARGETS=APU:5,CPU0:6,FPGA:8
P10_XSDB_ROTATING_TARGETS=APU:1,CPU0:2,FPGA:4
P10_XSDB_DEBUG_DISCOVERY_ATTEMPTS=1
P10_XSDB_DEBUG_DISCOVERY_ELAPSED_MS=10
P10_XSDB_FIXED_TARGETS=APU:5,CPU0:6,FPGA:8
P10_XSDB_ROTATING_TARGETS=APU:1,CPU0:2,FPGA:4
P10_CANDIDATE_PROGRAMMED_FIXED=1
P10_PS7_INITIALIZED_FIXED=1
P10_CANDIDATE_PROGRAMMED_ROTATING=1
P10_PS7_INITIALIZED_ROTATING=1
P10_SAFE_STATE_FIXED_PREBOOT=id:0x5031305A,build:0x50343446,profile:0x702004F0,status:0x00000002,phy:0x00000000,physical_tx:0,0,0,0
P10_SAFE_STATE_ROTATING_PREBOOT=id:0x5031305A,build:0x50343452,profile:0x702004A0,status:0x00000002,phy:0x00000000,physical_tx:0,0,0,0
P10_PS_ELF_DOWNLOADED_FIXED=1
P10_PS_ELF_DOWNLOADED_ROTATING=1
P10_SERVICE_READY_FIXED=initial_boot
P10_SERVICE_READY_ROTATING=initial_boot
P10_INITIAL_READY_DUMP_FIXED=C:/Users/user/Documents/RF_COMM_MULTILANE_P10_4/evidence/hardware/p10_4/p10_4_20260805T125932Z_a32afe5b_6f915067_ace48b07/stages/half_duplex/dumps/P10_4-HALF_DUPLEX_ready.fixed.bin
P10_INITIAL_READY_DUMP_ROTATING=C:/Users/user/Documents/RF_COMM_MULTILANE_P10_4/evidence/hardware/p10_4/p10_4_20260805T125932Z_a32afe5b_6f915067_ace48b07/stages/half_duplex/dumps/P10_4-HALF_DUPLEX_ready.rotating.bin
P10_SAFE_STATE_FIXED_SAFE_BOOT=id:0x5031305A,build:0x50343446,profile:0x702004F0,status:0x00000002,phy:0x00000000,physical_tx:0,0,0,0
P10_SAFE_STATE_ROTATING_SAFE_BOOT=id:0x5031305A,build:0x50343452,profile:0x702004A0,status:0x00000002,phy:0x00000000,physical_tx:0,0,0,0
P10_SAFE_BOOT=PASS
P10_4_SELECTED_CONFIG=buffers4_batch16:ring=32,cache=1,buffers=4,batch=16,ack=32,outstanding=32,object_bytes=262144,descriptor_bytes=65536
P10_3F_WINDOW_START_SUSTAINED_300S_F2R=1785935676641
P10_PAIRED_LAUNCH=sustained_300s_f2r_00000_4194304:receiver=rotating,sender=fixed
P10_CASE_PASS=sustained_300s_f2r_00000_4194304
P10_3F_SAFETY_GATE_PASS=sustained_300s_f2r_00000_4194304
P10_PAIRED_LAUNCH=sustained_300s_f2r_00001_16777216:receiver=rotating,sender=fixed
P10_CASE_PASS=sustained_300s_f2r_00001_16777216
P10_3F_SAFETY_GATE_PASS=sustained_300s_f2r_00001_16777216
P10_PAIRED_LAUNCH=sustained_300s_f2r_00002_67108864:receiver=rotating,sender=fixed
P10_CASE_PASS=sustained_300s_f2r_00002_67108864
P10_3F_SAFETY_GATE_PASS=sustained_300s_f2r_00002_67108864
P10_PAIRED_LAUNCH=sustained_300s_f2r_00003_4194304:receiver=rotating,sender=fixed
P10_CASE_PASS=sustained_300s_f2r_00003_4194304
P10_3F_SAFETY_GATE_PASS=sustained_300s_f2r_00003_4194304
P10_PAIRED_LAUNCH=sustained_300s_f2r_00004_16777216:receiver=rotating,sender=fixed
P10_CASE_PASS=sustained_300s_f2r_00004_16777216
P10_3F_SAFETY_GATE_PASS=sustained_300s_f2r_00004_16777216
P10_PAIRED_LAUNCH=sustained_300s_f2r_00005_67108864:receiver=rotating,sender=fixed
P10_CASE_PASS=sustained_300s_f2r_00005_67108864
P10_3F_SAFETY_GATE_PASS=sustained_300s_f2r_00005_67108864
P10_PAIRED_LAUNCH=sustained_300s_f2r_00006_4194304:receiver=rotating,sender=fixed
P10_CASE_PASS=sustained_300s_f2r_00006_4194304
P10_3F_SAFETY_GATE_PASS=sustained_300s_f2r_00006_4194304
P10_PAIRED_LAUNCH=sustained_300s_f2r_00007_16777216:receiver=rotating,sender=fixed
P10_CASE_PASS=sustained_300s_f2r_00007_16777216
P10_3F_SAFETY_GATE_PASS=sustained_300s_f2r_00007_16777216
P10_PAIRED_LAUNCH=sustained_300s_f2r_00008_16777216:receiver=rotating,sender=fixed
P10_CASE_PASS=sustained_300s_f2r_00008_16777216
P10_3F_SAFETY_GATE_PASS=sustained_300s_f2r_00008_16777216
P10_PAIRED_LAUNCH=sustained_300s_f2r_00009_4194304:receiver=rotating,sender=fixed
P10_CASE_PASS=sustained_300s_f2r_00009_4194304
P10_3F_SAFETY_GATE_PASS=sustained_300s_f2r_00009_4194304
P10_PAIRED_LAUNCH=sustained_300s_f2r_00010_16777216:receiver=rotating,sender=fixed
P10_CASE_PASS=sustained_300s_f2r_00010_16777216
P10_3F_SAFETY_GATE_PASS=sustained_300s_f2r_00010_16777216
P10_PAIRED_LAUNCH=sustained_300s_f2r_00011_16777216:receiver=rotating,sender=fixed
P10_CASE_PASS=sustained_300s_f2r_00011_16777216
P10_3F_SAFETY_GATE_PASS=sustained_300s_f2r_00011_16777216
P10_PAIRED_LAUNCH=sustained_300s_f2r_00012_4194304:receiver=rotating,sender=fixed
P10_CASE_PASS=sustained_300s_f2r_00012_4194304
P10_3F_SAFETY_GATE_PASS=sustained_300s_f2r_00012_4194304
P10_PAIRED_LAUNCH=sustained_300s_f2r_00013_16777216:receiver=rotating,sender=fixed
P10_CASE_PASS=sustained_300s_f2r_00013_16777216
P10_3F_SAFETY_GATE_PASS=sustained_300s_f2r_00013_16777216
P10_PAIRED_LAUNCH=sustained_300s_f2r_00014_16777216:receiver=rotating,sender=fixed
P10_CASE_PASS=sustained_300s_f2r_00014_16777216
P10_3F_SAFETY_GATE_PASS=sustained_300s_f2r_00014_16777216
P10_PAIRED_LAUNCH=sustained_300s_f2r_00015_4194304:receiver=rotating,sender=fixed
P10_CASE_PASS=sustained_300s_f2r_00015_4194304
P10_3F_SAFETY_GATE_PASS=sustained_300s_f2r_00015_4194304
P10_PAIRED_LAUNCH=sustained_300s_f2r_00016_4194304:receiver=rotating,sender=fixed
P10_CASE_PASS=sustained_300s_f2r_00016_4194304
P10_3F_SAFETY_GATE_PASS=sustained_300s_f2r_00016_4194304
P10_PAIRED_LAUNCH=sustained_300s_f2r_00017_4194304:receiver=rotating,sender=fixed
P10_CASE_PASS=sustained_300s_f2r_00017_4194304
P10_3F_SAFETY_GATE_PASS=sustained_300s_f2r_00017_4194304
P10_PAIRED_LAUNCH=sustained_300s_f2r_00018_4194304:receiver=rotating,sender=fixed
P10_CASE_PASS=sustained_300s_f2r_00018_4194304
P10_3F_SAFETY_GATE_PASS=sustained_300s_f2r_00018_4194304
P10_PAIRED_LAUNCH=sustained_300s_f2r_00019_4194304:receiver=rotating,sender=fixed
P10_CASE_PASS=sustained_300s_f2r_00019_4194304
P10_3F_SAFETY_GATE_PASS=sustained_300s_f2r_00019_4194304
P10_PAIRED_LAUNCH=sustained_300s_f2r_00020_1048576:receiver=rotating,sender=fixed
P10_CASE_PASS=sustained_300s_f2r_00020_1048576
P10_3F_SAFETY_GATE_PASS=sustained_300s_f2r_00020_1048576
P10_PAIRED_LAUNCH=sustained_300s_f2r_00021_1048576:receiver=rotating,sender=fixed
P10_CASE_PASS=sustained_300s_f2r_00021_1048576
P10_3F_SAFETY_GATE_PASS=sustained_300s_f2r_00021_1048576
P10_PAIRED_LAUNCH=sustained_300s_f2r_00022_1048576:receiver=rotating,sender=fixed
P10_CASE_PASS=sustained_300s_f2r_00022_1048576
P10_3F_SAFETY_GATE_PASS=sustained_300s_f2r_00022_1048576
P10_PAIRED_LAUNCH=sustained_300s_f2r_00023_1048576:receiver=rotating,sender=fixed
P10_CASE_PASS=sustained_300s_f2r_00023_1048576
P10_3F_SAFETY_GATE_PASS=sustained_300s_f2r_00023_1048576
P10_PAIRED_LAUNCH=sustained_300s_f2r_00024_1048576:receiver=rotating,sender=fixed
P10_CASE_PASS=sustained_300s_f2r_00024_1048576
P10_3F_SAFETY_GATE_PASS=sustained_300s_f2r_00024_1048576
P10_PAIRED_LAUNCH=sustained_300s_f2r_00025_1048576:receiver=rotating,sender=fixed
P10_CASE_PASS=sustained_300s_f2r_00025_1048576
P10_3F_SAFETY_GATE_PASS=sustained_300s_f2r_00025_1048576
P10_PAIRED_LAUNCH=sustained_300s_f2r_00026_1048576:receiver=rotating,sender=fixed
P10_CASE_PASS=sustained_300s_f2r_00026_1048576
P10_3F_SAFETY_GATE_PASS=sustained_300s_f2r_00026_1048576
P10_3F_WINDOW_PASS_SUSTAINED_300S_F2R=cases:27,elapsed_ms:300002,active_ms:291810,max_aggregate_command_bytes:67108864,internal_object_bytes:262144
P10_3F_WINDOW_START_SUSTAINED_300S_R2F=1785935976643
P10_PAIRED_LAUNCH=sustained_300s_r2f_00000_4194304:receiver=fixed,sender=rotating
P10_CASE_PASS=sustained_300s_r2f_00000_4194304
P10_3F_SAFETY_GATE_PASS=sustained_300s_r2f_00000_4194304
P10_PAIRED_LAUNCH=sustained_300s_r2f_00001_16777216:receiver=fixed,sender=rotating
P10_CASE_PASS=sustained_300s_r2f_00001_16777216
P10_3F_SAFETY_GATE_PASS=sustained_300s_r2f_00001_16777216
P10_PAIRED_LAUNCH=sustained_300s_r2f_00002_67108864:receiver=fixed,sender=rotating
P10_CASE_PASS=sustained_300s_r2f_00002_67108864
P10_3F_SAFETY_GATE_PASS=sustained_300s_r2f_00002_67108864
P10_PAIRED_LAUNCH=sustained_300s_r2f_00003_4194304:receiver=fixed,sender=rotating
P10_CASE_PASS=sustained_300s_r2f_00003_4194304
P10_3F_SAFETY_GATE_PASS=sustained_300s_r2f_00003_4194304
P10_PAIRED_LAUNCH=sustained_300s_r2f_00004_16777216:receiver=fixed,sender=rotating
P10_CASE_PASS=sustained_300s_r2f_00004_16777216
P10_3F_SAFETY_GATE_PASS=sustained_300s_r2f_00004_16777216
P10_PAIRED_LAUNCH=sustained_300s_r2f_00005_67108864:receiver=fixed,sender=rotating
P10_CASE_PASS=sustained_300s_r2f_00005_67108864
P10_3F_SAFETY_GATE_PASS=sustained_300s_r2f_00005_67108864
P10_PAIRED_LAUNCH=sustained_300s_r2f_00006_4194304:receiver=fixed,sender=rotating
P10_CASE_PASS=sustained_300s_r2f_00006_4194304
P10_3F_SAFETY_GATE_PASS=sustained_300s_r2f_00006_4194304
P10_PAIRED_LAUNCH=sustained_300s_r2f_00007_16777216:receiver=fixed,sender=rotating
P10_CASE_PASS=sustained_300s_r2f_00007_16777216
P10_3F_SAFETY_GATE_PASS=sustained_300s_r2f_00007_16777216
P10_PAIRED_LAUNCH=sustained_300s_r2f_00008_16777216:receiver=fixed,sender=rotating
P10_CASE_PASS=sustained_300s_r2f_00008_16777216
P10_3F_SAFETY_GATE_PASS=sustained_300s_r2f_00008_16777216
P10_PAIRED_LAUNCH=sustained_300s_r2f_00009_4194304:receiver=fixed,sender=rotating
P10_CASE_PASS=sustained_300s_r2f_00009_4194304
P10_3F_SAFETY_GATE_PASS=sustained_300s_r2f_00009_4194304
P10_PAIRED_LAUNCH=sustained_300s_r2f_00010_16777216:receiver=fixed,sender=rotating
P10_CASE_PASS=sustained_300s_r2f_00010_16777216
P10_3F_SAFETY_GATE_PASS=sustained_300s_r2f_00010_16777216
P10_PAIRED_LAUNCH=sustained_300s_r2f_00011_16777216:receiver=fixed,sender=rotating
P10_CASE_PASS=sustained_300s_r2f_00011_16777216
P10_3F_SAFETY_GATE_PASS=sustained_300s_r2f_00011_16777216
P10_PAIRED_LAUNCH=sustained_300s_r2f_00012_4194304:receiver=fixed,sender=rotating
P10_CASE_PASS=sustained_300s_r2f_00012_4194304
P10_3F_SAFETY_GATE_PASS=sustained_300s_r2f_00012_4194304
P10_PAIRED_LAUNCH=sustained_300s_r2f_00013_16777216:receiver=fixed,sender=rotating
P10_CASE_PASS=sustained_300s_r2f_00013_16777216
P10_3F_SAFETY_GATE_PASS=sustained_300s_r2f_00013_16777216
P10_PAIRED_LAUNCH=sustained_300s_r2f_00014_16777216:receiver=fixed,sender=rotating
P10_CASE_PASS=sustained_300s_r2f_00014_16777216
P10_3F_SAFETY_GATE_PASS=sustained_300s_r2f_00014_16777216
P10_PAIRED_LAUNCH=sustained_300s_r2f_00015_4194304:receiver=fixed,sender=rotating
P10_CASE_PASS=sustained_300s_r2f_00015_4194304
P10_3F_SAFETY_GATE_PASS=sustained_300s_r2f_00015_4194304
P10_PAIRED_LAUNCH=sustained_300s_r2f_00016_4194304:receiver=fixed,sender=rotating
P10_CASE_PASS=sustained_300s_r2f_00016_4194304
P10_3F_SAFETY_GATE_PASS=sustained_300s_r2f_00016_4194304
P10_PAIRED_LAUNCH=sustained_300s_r2f_00017_4194304:receiver=fixed,sender=rotating
P10_CASE_PASS=sustained_300s_r2f_00017_4194304
P10_3F_SAFETY_GATE_PASS=sustained_300s_r2f_00017_4194304
P10_PAIRED_LAUNCH=sustained_300s_r2f_00018_4194304:receiver=fixed,sender=rotating
P10_CASE_PASS=sustained_300s_r2f_00018_4194304
P10_3F_SAFETY_GATE_PASS=sustained_300s_r2f_00018_4194304
P10_PAIRED_LAUNCH=sustained_300s_r2f_00019_4194304:receiver=fixed,sender=rotating
P10_CASE_PASS=sustained_300s_r2f_00019_4194304
P10_3F_SAFETY_GATE_PASS=sustained_300s_r2f_00019_4194304
P10_PAIRED_LAUNCH=sustained_300s_r2f_00020_1048576:receiver=fixed,sender=rotating
P10_CASE_PASS=sustained_300s_r2f_00020_1048576
P10_3F_SAFETY_GATE_PASS=sustained_300s_r2f_00020_1048576
P10_PAIRED_LAUNCH=sustained_300s_r2f_00021_1048576:receiver=fixed,sender=rotating
P10_CASE_PASS=sustained_300s_r2f_00021_1048576
P10_3F_SAFETY_GATE_PASS=sustained_300s_r2f_00021_1048576
P10_PAIRED_LAUNCH=sustained_300s_r2f_00022_1048576:receiver=fixed,sender=rotating
P10_CASE_PASS=sustained_300s_r2f_00022_1048576
P10_3F_SAFETY_GATE_PASS=sustained_300s_r2f_00022_1048576
P10_PAIRED_LAUNCH=sustained_300s_r2f_00023_1048576:receiver=fixed,sender=rotating
P10_CASE_PASS=sustained_300s_r2f_00023_1048576
P10_3F_SAFETY_GATE_PASS=sustained_300s_r2f_00023_1048576
P10_PAIRED_LAUNCH=sustained_300s_r2f_00024_1048576:receiver=fixed,sender=rotating
P10_CASE_PASS=sustained_300s_r2f_00024_1048576
P10_3F_SAFETY_GATE_PASS=sustained_300s_r2f_00024_1048576
P10_PAIRED_LAUNCH=sustained_300s_r2f_00025_1048576:receiver=fixed,sender=rotating
P10_CASE_PASS=sustained_300s_r2f_00025_1048576
P10_3F_SAFETY_GATE_PASS=sustained_300s_r2f_00025_1048576
P10_3F_WINDOW_PASS_SUSTAINED_300S_R2F=cases:26,elapsed_ms:300008,active_ms:290197,max_aggregate_command_bytes:67108864,internal_object_bytes:262144
P10_CASE_PASS=P10_4-HALF_DUPLEX_endpoint_shutdown
P10_ENDPOINT_SHUTDOWN_FIXED=PASS
P10_ENDPOINT_SHUTDOWN_ROTATING=PASS
P10_XSDB_STAGE_RESULT=PASS
