STARTED_UTC=2026-07-26T09:11:34.488709+00:00
FINISHED_UTC=2026-07-26T09:11:40.893559+00:00
RETURN_CODE=0
COMMANDS=D:\Xilinx\Vivado\2023.1\bin\xvlog.bat -sv -i C:\Users\user\Documents\RF_COMM_MULTILANE_P9\rtl C:\Users\user\Documents\RF_COMM_MULTILANE_P9\rtl\generated\tfdu_safety_pkg.sv C:\Users\user\Documents\RF_COMM_MULTILANE_P9\rtl\generated\ir_p8e_profile_pkg.sv C:\Users\user\Documents\RF_COMM_MULTILANE_P9\rtl\common\reset_sync.sv C:\Users\user\Documents\RF_COMM_MULTILANE_P9\rtl\common\level_sync.sv C:\Users\user\Documents\RF_COMM_MULTILANE_P9\rtl\common\pulse_sync.sv C:\Users\user\Documents\RF_COMM_MULTILANE_P9\rtl\common\toggle_handshake.sv C:\Users\user\Documents\RF_COMM_MULTILANE_P9\rtl\common\async_fifo.sv C:\Users\user\Documents\RF_COMM_MULTILANE_P9\rtl\ir_tfdu_exact_duty_accountant.sv C:\Users\user\Documents\RF_COMM_MULTILANE_P9\rtl\ir_tfdu_physical_module_safety.sv C:\Users\user\Documents\RF_COMM_MULTILANE_P9\rtl\ir_tfdu_safety_endpoint.sv C:\Users\user\Documents\RF_COMM_MULTILANE_P9\rtl\ir_p8c_resource_tops.sv C:\Users\user\Documents\RF_COMM_MULTILANE_P9\rtl\ir_seq_math_pkg.sv C:\Users\user\Documents\RF_COMM_MULTILANE_P9\rtl\ir_ack_aggregator.sv C:\Users\user\Documents\RF_COMM_MULTILANE_P9\rtl\ir_health_weighted_scheduler.sv C:\Users\user\Documents\RF_COMM_MULTILANE_P9\rtl\ir_selective_repeat_tx.sv C:\Users\user\Documents\RF_COMM_MULTILANE_P9\rtl\ir_selective_repeat_rx.sv C:\Users\user\Documents\RF_COMM_MULTILANE_P9\rtl\ir_axis_tx_frontend.sv C:\Users\user\Documents\RF_COMM_MULTILANE_P9\rtl\ir_dma_descriptor_model.sv C:\Users\user\Documents\RF_COMM_MULTILANE_P9\rtl\ir_shared_payload_store.sv C:\Users\user\Documents\RF_COMM_MULTILANE_P9\rtl\ir_data_plane_top.sv C:\Users\user\Documents\RF_COMM_MULTILANE_P9\rtl\ir_p8d_resource_tops.sv C:\Users\user\Documents\RF_COMM_MULTILANE_P9\rtl\platform\axi_dma_adapter.sv C:\Users\user\Documents\RF_COMM_MULTILANE_P9\rtl\top\ir_endpoint_core.sv C:\Users\user\Documents\RF_COMM_MULTILANE_P9\rtl\top\ir_fixed_endpoint_core.sv C:\Users\user\Documents\RF_COMM_MULTILANE_P9\rtl\top\z7020_fixed_core_timing_top.sv C:\Users\user\Documents\RF_COMM_MULTILANE_P9\rtl\top\ir_rotating_endpoint_core.sv C:\Users\user\Documents\RF_COMM_MULTILANE_P9\rtl\top\ir_dual_endpoint_sim_top.sv C:\Users\user\Documents\RF_COMM_MULTILANE_P9\sim\tb\tb_p8e_dual_endpoint.sv && D:\Xilinx\Vivado\2023.1\bin\xelab.bat tb_p8e_dual_endpoint -s tb_p8e_dual_endpoint_snapshot && D:\Xilinx\Vivado\2023.1\bin\xsim.bat tb_p8e_dual_endpoint_snapshot -runall
STDOUT_BEGIN
INFO: [VRFC 10-2263] Analyzing SystemVerilog file "C:/Users/user/Documents/RF_COMM_MULTILANE_P9/rtl/generated/tfdu_safety_pkg.sv" into library work
INFO: [VRFC 10-2263] Analyzing SystemVerilog file "C:/Users/user/Documents/RF_COMM_MULTILANE_P9/rtl/generated/ir_p8e_profile_pkg.sv" into library work
INFO: [VRFC 10-2263] Analyzing SystemVerilog file "C:/Users/user/Documents/RF_COMM_MULTILANE_P9/rtl/common/reset_sync.sv" into library work
INFO: [VRFC 10-311] analyzing module reset_sync
INFO: [VRFC 10-2263] Analyzing SystemVerilog file "C:/Users/user/Documents/RF_COMM_MULTILANE_P9/rtl/common/level_sync.sv" into library work
INFO: [VRFC 10-311] analyzing module level_sync
INFO: [VRFC 10-2263] Analyzing SystemVerilog file "C:/Users/user/Documents/RF_COMM_MULTILANE_P9/rtl/common/pulse_sync.sv" into library work
INFO: [VRFC 10-311] analyzing module pulse_sync
INFO: [VRFC 10-2263] Analyzing SystemVerilog file "C:/Users/user/Documents/RF_COMM_MULTILANE_P9/rtl/common/toggle_handshake.sv" into library work
INFO: [VRFC 10-311] analyzing module toggle_handshake
INFO: [VRFC 10-2263] Analyzing SystemVerilog file "C:/Users/user/Documents/RF_COMM_MULTILANE_P9/rtl/common/async_fifo.sv" into library work
INFO: [VRFC 10-311] analyzing module async_fifo
INFO: [VRFC 10-2263] Analyzing SystemVerilog file "C:/Users/user/Documents/RF_COMM_MULTILANE_P9/rtl/ir_tfdu_exact_duty_accountant.sv" into library work
INFO: [VRFC 10-311] analyzing module ir_tfdu_exact_duty_accountant
INFO: [VRFC 10-2263] Analyzing SystemVerilog file "C:/Users/user/Documents/RF_COMM_MULTILANE_P9/rtl/ir_tfdu_physical_module_safety.sv" into library work
INFO: [VRFC 10-311] analyzing module ir_tfdu_physical_module_safety
INFO: [VRFC 10-2263] Analyzing SystemVerilog file "C:/Users/user/Documents/RF_COMM_MULTILANE_P9/rtl/ir_tfdu_safety_endpoint.sv" into library work
INFO: [VRFC 10-311] analyzing module ir_tfdu_safety_endpoint
INFO: [VRFC 10-2263] Analyzing SystemVerilog file "C:/Users/user/Documents/RF_COMM_MULTILANE_P9/rtl/ir_p8c_resource_tops.sv" into library work
INFO: [VRFC 10-311] analyzing module ir_p8c_resource_top
INFO: [VRFC 10-311] analyzing module ir_p8c_resource_top_2
INFO: [VRFC 10-311] analyzing module ir_p8c_resource_top_8
INFO: [VRFC 10-311] analyzing module ir_p8c_resource_top_32
INFO: [VRFC 10-2263] Analyzing SystemVerilog file "C:/Users/user/Documents/RF_COMM_MULTILANE_P9/rtl/ir_seq_math_pkg.sv" into library work
INFO: [VRFC 10-2263] Analyzing SystemVerilog file "C:/Users/user/Documents/RF_COMM_MULTILANE_P9/rtl/ir_ack_aggregator.sv" into library work
INFO: [VRFC 10-311] analyzing module ir_ack_aggregator
INFO: [VRFC 10-2263] Analyzing SystemVerilog file "C:/Users/user/Documents/RF_COMM_MULTILANE_P9/rtl/ir_health_weighted_scheduler.sv" into library work
INFO: [VRFC 10-311] analyzing module ir_health_weighted_scheduler
INFO: [VRFC 10-2263] Analyzing SystemVerilog file "C:/Users/user/Documents/RF_COMM_MULTILANE_P9/rtl/ir_selective_repeat_tx.sv" into library work
INFO: [VRFC 10-311] analyzing module ir_selective_repeat_tx
INFO: [VRFC 10-2263] Analyzing SystemVerilog file "C:/Users/user/Documents/RF_COMM_MULTILANE_P9/rtl/ir_selective_repeat_rx.sv" into library work
INFO: [VRFC 10-311] analyzing module ir_selective_repeat_rx
INFO: [VRFC 10-2263] Analyzing SystemVerilog file "C:/Users/user/Documents/RF_COMM_MULTILANE_P9/rtl/ir_axis_tx_frontend.sv" into library work
INFO: [VRFC 10-311] analyzing module ir_axis_tx_frontend
INFO: [VRFC 10-2263] Analyzing SystemVerilog file "C:/Users/user/Documents/RF_COMM_MULTILANE_P9/rtl/ir_dma_descriptor_model.sv" into library work
INFO: [VRFC 10-311] analyzing module ir_dma_descriptor_model
INFO: [VRFC 10-2263] Analyzing SystemVerilog file "C:/Users/user/Documents/RF_COMM_MULTILANE_P9/rtl/ir_shared_payload_store.sv" into library work
INFO: [VRFC 10-311] analyzing module ir_shared_payload_store
INFO: [VRFC 10-2263] Analyzing SystemVerilog file "C:/Users/user/Documents/RF_COMM_MULTILANE_P9/rtl/ir_data_plane_top.sv" into library work
INFO: [VRFC 10-311] analyzing module ir_data_plane_top
INFO: [VRFC 10-2263] Analyzing SystemVerilog file "C:/Users/user/Documents/RF_COMM_MULTILANE_P9/rtl/ir_p8d_resource_tops.sv" into library work
INFO: [VRFC 10-311] analyzing module ir_p8d_resource_top
INFO: [VRFC 10-2263] Analyzing SystemVerilog file "C:/Users/user/Documents/RF_COMM_MULTILANE_P9/rtl/platform/axi_dma_adapter.sv" into library work
INFO: [VRFC 10-311] analyzing module axi_dma_adapter
INFO: [VRFC 10-2263] Analyzing SystemVerilog file "C:/Users/user/Documents/RF_COMM_MULTILANE_P9/rtl/top/ir_endpoint_core.sv" into library work
INFO: [VRFC 10-311] analyzing module ir_endpoint_core
INFO: [VRFC 10-2263] Analyzing SystemVerilog file "C:/Users/user/Documents/RF_COMM_MULTILANE_P9/rtl/top/ir_fixed_endpoint_core.sv" into library work
INFO: [VRFC 10-311] analyzing module ir_fixed_endpoint_core
INFO: [VRFC 10-2263] Analyzing SystemVerilog file "C:/Users/user/Documents/RF_COMM_MULTILANE_P9/rtl/top/z7020_fixed_core_timing_top.sv" into library work
INFO: [VRFC 10-311] analyzing module z7020_fixed_core_timing_top
INFO: [VRFC 10-2263] Analyzing SystemVerilog file "C:/Users/user/Documents/RF_COMM_MULTILANE_P9/rtl/top/ir_rotating_endpoint_core.sv" into library work
INFO: [VRFC 10-311] analyzing module ir_rotating_endpoint_core
INFO: [VRFC 10-2263] Analyzing SystemVerilog file "C:/Users/user/Documents/RF_COMM_MULTILANE_P9/rtl/top/ir_dual_endpoint_sim_top.sv" into library work
INFO: [VRFC 10-311] analyzing module ir_dual_endpoint_sim_top
INFO: [VRFC 10-2263] Analyzing SystemVerilog file "C:/Users/user/Documents/RF_COMM_MULTILANE_P9/sim/tb/tb_p8e_dual_endpoint.sv" into library work
INFO: [VRFC 10-311] analyzing module tb_p8e_dual_endpoint
Vivado Simulator v2023.1
Copyright 1986-2022 Xilinx, Inc. All Rights Reserved.
Copyright 2022-2023 Advanced Micro Devices, Inc. All Rights Reserved.
Running: D:/Xilinx/Vivado/2023.1/bin/unwrapped/win64.o/xelab.exe tb_p8e_dual_endpoint -s tb_p8e_dual_endpoint_snapshot 
Multi-threading is on. Using 26 slave threads.
Starting static elaboration
Pass Through NonSizing Optimizer
Completed static elaboration
Starting simulation data flow analysis
Completed simulation data flow analysis
Time Resolution for simulation is 1ps
Compiling package work.ir_p8e_profile_pkg
Compiling package work.ir_seq_math_pkg
Compiling package work.tfdu_safety_pkg
Compiling module work.reset_sync
Compiling module work.pulse_sync
Compiling module work.level_sync
Compiling module work.axi_dma_adapter
Compiling module work.ir_selective_repeat_tx(WINDOW_SI...
Compiling module work.ir_health_weighted_scheduler_def...
Compiling module work.ir_selective_repeat_rx_default
Compiling module work.ir_ack_aggregator_default
Compiling module work.ir_data_plane_top_default
Compiling module work.ir_axis_tx_frontend_default
Compiling module work.ir_dma_descriptor_model_default
Compiling module work.ir_shared_payload_store_default
Compiling module work.ir_tfdu_exact_duty_accountant_de...
Compiling module work.ir_tfdu_physical_module_safety_d...
Compiling module work.ir_tfdu_safety_endpoint(PHYSICAL...
Compiling module work.ir_p8c_resource_top(PHYSICAL_MOD...
Compiling module work.ir_p8d_resource_top(PHYSICAL_MOD...
Compiling module work.ir_endpoint_core(PHYSICAL_MODULE...
Compiling module work.ir_fixed_endpoint_core
Compiling module work.ir_tfdu_safety_endpoint_default
Compiling module work.ir_p8c_resource_top
Compiling module work.ir_p8d_resource_top_default
Compiling module work.ir_endpoint_core
Compiling module work.ir_rotating_endpoint_core
Compiling module work.ir_dual_endpoint_sim_top
Compiling module work.tb_p8e_dual_endpoint
Built simulation snapshot tb_p8e_dual_endpoint_snapshot

****** xsim v2023.1 (64-bit)
  **** SW Build 3865809 on Sun May  7 15:05:29 MDT 2023
  **** IP Build 3864474 on Sun May  7 20:36:21 MDT 2023
  **** SharedData Build 3865790 on Sun May 07 13:33:03 MDT 2023
    ** Copyright 1986-2022 Xilinx, Inc. All Rights Reserved.
    ** Copyright 2022-2023 Advanced Micro Devices, Inc. All Rights Reserved.

source xsim.dir/tb_p8e_dual_endpoint_snapshot/xsim_script.tcl
# xsim {tb_p8e_dual_endpoint_snapshot} -autoloadwcfg -runall
Time resolution is 1 ps
run -all
P8E_DUAL_INDEPENDENT_CLOCK_RESET_PASS=1
P8E_DUAL_SINGLE_ENDPOINT_RESET_RECOVERY_PASS=1
P8E_DUAL_PERMIT_LOW_RECEIVE_ONLY_PASS=1
P8E_DUAL_DEADLOCK_ZERO_PASS=1
P8E_DUAL_TX_SAFETY_VIOLATION_ZERO_PASS=1
TB_P8E_DUAL_ENDPOINT_PASS=1
$finish called at time : 7164521 ps : File "C:/Users/user/Documents/RF_COMM_MULTILANE_P9/sim/tb/tb_p8e_dual_endpoint.sv" Line 88
exit
INFO: [Common 17-206] Exiting xsim at Sun Jul 26 17:11:40 2026...

STDOUT_END
STDERR_BEGIN

STDERR_END
