{
  "P7_JTAG_AXI_SAFE_STAGE": "PASS",
  "generated_at_utc": "2026-07-11T11:47:27.916373+00:00",
  "stage_name": "p7_safe_idle",
  "semantic_mode": "safe-idle",
  "requested_execute_hardware": true,
  "hardware_actions_executed": true,
  "programmed_fpga": true,
  "programmed_candidate": true,
  "programmed_shutdown_before": true,
  "programmed_shutdown_after": true,
  "started_ps_elf": false,
  "drove_tfdu_txd": false,
  "enabled_tfdu_receiver": false,
  "uart_access": false,
  "ethernet_used": false,
  "motion_used": false,
  "hardware_acceptance": "PENDING_HW",
  "safety_validation": {
    "P7_HARDWARE_SAFETY": "PASS",
    "ready_for_hardware_preflight": true,
    "hardware_actions_executed": false,
    "programmed_fpga": false,
    "drove_tfdu_txd": false,
    "started_ps_elf": false,
    "authorization_environment_present": true,
    "authorization": {
      "exists": true,
      "path": "C:\\Users\\user\\Documents\\RF_COMM_MULTILANE\\.hardware_authorization\\p7_20260711_stationary_app_r10_diag_suffix55_001_p7_safe_idle.txt",
      "actual_sha256": "02242cb43b69e4151bb0cfa10fe91f16ed9efca76cdd9757217d10ef255ef8c0",
      "expected_sha256": "02242cb43b69e4151bb0cfa10fe91f16ed9efca76cdd9757217d10ef255ef8c0",
      "markers": [
        "P7_STATIONARY_APP_LAYER_APPROVED"
      ],
      "duplicate_keys": []
    },
    "authorization_fields": {
      "AUTHORIZED_STAGE": "P7_STATIONARY_LOCAL_APPLICATION_LAYER_NO_ETHERNET",
      "USER_HARDWARE_AUTHORIZATION_FOR_P7": "GRANTED",
      "BOARD_ID": "210512180081",
      "EXPECTED_PART": "xc7z010clg400-1",
      "EXPECTED_TARGET": "localhost:3121/xilinx_tcf/Digilent/210512180081",
      "SOURCE_COMMIT": "6bd9980eb7cc82093e47099dcd7fe38ebbc5f3d7",
      "MAX_RUNTIME_SEC": "600",
      "SHUTDOWN_ON_EXIT": "required",
      "NO_ETHERNET": "true",
      "NO_MOTION": "true",
      "LANE_COUNT": "2",
      "MAX_LANE_MASK": "0x3",
      "P7_EXECUTION_MODE": "DIAGNOSTIC_ONLY",
      "P7_COVERAGE_CLAIMED": "false",
      "HARDWARE_ACCEPTANCE": "PENDING_HW",
      "P7_FULL_STAGE_ORDINAL": "1",
      "P7_PLAN_PATH": "C:\\Users\\user\\Documents\\RF_COMM_MULTILANE\\evidence\\hardware\\p7\\artifacts\\p7_plan_c6db9d8348c3bc518fa5985595adfcdada1a08f11c9246c6103ec378b43b58dd.md",
      "P7_PLAN_SHA256": "c6db9d8348c3bc518fa5985595adfcdada1a08f11c9246c6103ec378b43b58dd",
      "BITSTREAM_PATH": "C:\\Users\\user\\Documents\\RF_COMM_MULTILANE\\evidence\\hardware\\p6\\bitstreams\\p6_jtag_dynamic_transport_4830d547d6a667edda8deebae855c3a7154478e298efca70e2526e6f3570b23c.bit",
      "BITSTREAM_SHA256": "4830d547d6a667edda8deebae855c3a7154478e298efca70e2526e6f3570b23c",
      "XSA_PATH": "C:\\Users\\user\\Documents\\RF_COMM_MULTILANE\\evidence\\hardware\\p6\\bitstreams\\p6_ps_dynamic_transport_b5d1174eb46d12eb395ceabbbea3c132c5771ca6777194138e68c2eacb2e4fc9.xsa",
      "XSA_SHA256": "b5d1174eb46d12eb395ceabbbea3c132c5771ca6777194138e68c2eacb2e4fc9",
      "ELF_PATH": "C:\\Users\\user\\Documents\\RF_COMM_MULTILANE\\evidence\\hardware\\p7\\artifacts\\p7_runtime_14450369d4c6cbe27899bc69f210278e3b2076573e0122859d266fe63cc8e0ce.elf",
      "ELF_SHA256": "14450369d4c6cbe27899bc69f210278e3b2076573e0122859d266fe63cc8e0ce",
      "PROFILE_PATH": "C:\\Users\\user\\Documents\\RF_COMM_MULTILANE\\profiles\\p7\\p7_stationary_app_30min.json",
      "PROFILE_SHA256": "65a36a8318e7fd1e3b647997aceca773c69e76eee85cb8fae922148ccd8f3c94",
      "ACTIVE_XDC_PATH": "C:\\Users\\user\\Documents\\RF_COMM_MULTILANE\\constraints\\active\\PORT1.generated.xdc",
      "ACTIVE_XDC_SHA256": "cf23a0d34a2fa76521faf4c91f3858cff2117fa6020d302d1a6109f10254f990",
      "PINMAP_PATH": "C:\\Users\\user\\Documents\\RF_COMM_MULTILANE\\board_profiles\\ax7010_tfdu_j10_j11_pinmap.csv",
      "PINMAP_SHA256": "4c7d5f0836a2ab48df7672e00f99455e582fbf477b04ed2b3b44ef38506a8a6a",
      "REGISTER_MAP_PATH": "C:\\Users\\user\\Documents\\RF_COMM_MULTILANE\\config\\register_map\\ir_axi_regs.yaml",
      "REGISTER_MAP_SHA256": "d5b0bf1476d815a3ed69988c72097827356d4eade48813c8913fc1b2d448983d",
      "SHUTDOWN_BITSTREAM_PATH": "C:\\Users\\user\\Documents\\RF_COMM_MULTILANE\\shutdown_bitstream\\tfdu_shutdown_j10_j11.bit",
      "SHUTDOWN_BITSTREAM_SHA256": "bac60b58912f0acd771dc830a6761535ec8f6a92befb1ae4cb7d928745af5810",
      "LTX_PATH": "C:\\Users\\user\\Documents\\RF_COMM_MULTILANE\\evidence\\hardware\\p6\\bitstreams\\p6_jtag_dynamic_transport_76fe1ec47871946a7d357b0caa1f669500de827b796d6154dcc54678e0ac7083.ltx",
      "LTX_SHA256": "76fe1ec47871946a7d357b0caa1f669500de827b796d6154dcc54678e0ac7083",
      "P7_JTAG_STAGE_NAME": "p7_safe_idle",
      "P7_JTAG_SEMANTIC_MODE": "safe-idle",
      "P7_JTAG_TRANSACTION_PATH": "C:\\Users\\user\\Documents\\RF_COMM_MULTILANE\\build\\p7_authorized_sequence\\p7_20260711_stationary_app_r10_diag_suffix55\\transactions\\001_p7_safe_idle.transactions.txt",
      "P7_JTAG_TRANSACTION_SHA256": "c164be9bf94510474c01711914bb37bdc800f28b9f5a3134e59f344e912c391d",
      "P7_JTAG_FREQUENCY_HZ": "1000000",
      "P7_JTAG_AXI_BASE": "0x43c00000"
    },
    "source_commit_requested": "6bd9980eb7cc82093e47099dcd7fe38ebbc5f3d7",
    "source_commit_current": "6bd9980eb7cc82093e47099dcd7fe38ebbc5f3d7",
    "dirty_files": [
      " M evidence/generated/p7_ps_runtime_build_summary.json",
      " M evidence/generated/p7_ps_runtime_build_summary.md",
      " M evidence/generated/vitis/p7_ps_runtime/p7_ps_runtime_build_summary.json",
      "?? evidence/generated/p7_2lane_scope_summary.md",
      "?? evidence/generated/p7_application_protocol_summary.md",
      "?? evidence/generated/p7_artifact_provenance_summary.json",
      "?? evidence/generated/p7_artifact_provenance_summary.md",
      "?? evidence/generated/p7_backend_conformance_summary.md",
      "?? evidence/generated/p7_fault_recovery_summary.md",
      "?? evidence/generated/p7_file_integrity_summary.md",
      "?? evidence/generated/p7_fragmentation_reassembly_summary.md",
      "?? evidence/generated/p7_lane1_promotion_summary.json",
      "?? evidence/generated/p7_lane1_promotion_summary.md",
      "?? evidence/generated/p7_lane_scheduler_summary.md",
      "?? evidence/generated/p7_no_ethernet_summary.md",
      "?? evidence/generated/p7_no_motion_summary.md",
      "?? evidence/generated/p7_offline_gate_summary.json",
      "?? evidence/generated/p7_offline_gate_summary.md",
      "?? evidence/generated/p7_offline_test_run.json",
      "?? evidence/generated/p7_protocol_vector_summary.json",
      "?? evidence/generated/p7_protocol_vector_summary.md",
      "?? evidence/generated/p7_ps_core_hardware_readiness.json",
      "?? evidence/generated/p7_ps_core_hardware_readiness.md",
      "?? evidence/generated/p7_ps_runtime_summary.md",
      "?? evidence/generated/p7_queue_backpressure_summary.md",
      "?? evidence/generated/p7_repo_intake.md",
      "?? evidence/generated/p7_repo_intake_summary.json",
      "?? evidence/generated/p7_repo_intake_summary.md",
      "?? evidence/generated/p7_segmentation_reassembly_summary.md",
      "?? evidence/hardware/p7/authorized_sequence/p7_20260711_stationary_app_r10_diag_suffix55/"
    ],
    "max_runtime_sec": 600,
    "lane_count": 2,
    "max_lane_mask": "0x3",
    "no_ethernet": true,
    "no_motion": true,
    "shutdown_on_exit": true,
    "abort_file": "C:\\Users\\user\\Documents\\RF_COMM_MULTILANE\\.hardware_authorization\\ABORT_NOW.txt",
    "abort_file_present": false,
    "hw_server_url": "localhost:3121",
    "preflight_tcl": "C:\\Users\\user\\Documents\\RF_COMM_MULTILANE\\scripts\\hw\\p7_hw_preflight.tcl",
    "preflight_tcl_sha256": "95bfbdf7e6c429e6637c1b4224a9dcecaa1fd756a1f665b21a797d54afbfc464",
    "artifacts": {
      "plan": {
        "path": "C:\\Users\\user\\Documents\\RF_COMM_MULTILANE\\evidence\\hardware\\p7\\artifacts\\p7_plan_c6db9d8348c3bc518fa5985595adfcdada1a08f11c9246c6103ec378b43b58dd.md",
        "expected_sha256": "c6db9d8348c3bc518fa5985595adfcdada1a08f11c9246c6103ec378b43b58dd",
        "exists": true,
        "actual_sha256": "c6db9d8348c3bc518fa5985595adfcdada1a08f11c9246c6103ec378b43b58dd"
      },
      "bitstream": {
        "path": "C:\\Users\\user\\Documents\\RF_COMM_MULTILANE\\evidence\\hardware\\p6\\bitstreams\\p6_jtag_dynamic_transport_4830d547d6a667edda8deebae855c3a7154478e298efca70e2526e6f3570b23c.bit",
        "expected_sha256": "4830d547d6a667edda8deebae855c3a7154478e298efca70e2526e6f3570b23c",
        "exists": true,
        "actual_sha256": "4830d547d6a667edda8deebae855c3a7154478e298efca70e2526e6f3570b23c"
      },
      "xsa": {
        "path": "C:\\Users\\user\\Documents\\RF_COMM_MULTILANE\\evidence\\hardware\\p6\\bitstreams\\p6_ps_dynamic_transport_b5d1174eb46d12eb395ceabbbea3c132c5771ca6777194138e68c2eacb2e4fc9.xsa",
        "expected_sha256": "b5d1174eb46d12eb395ceabbbea3c132c5771ca6777194138e68c2eacb2e4fc9",
        "exists": true,
        "actual_sha256": "b5d1174eb46d12eb395ceabbbea3c132c5771ca6777194138e68c2eacb2e4fc9"
      },
      "elf": {
        "path": "C:\\Users\\user\\Documents\\RF_COMM_MULTILANE\\evidence\\hardware\\p7\\artifacts\\p7_runtime_14450369d4c6cbe27899bc69f210278e3b2076573e0122859d266fe63cc8e0ce.elf",
        "expected_sha256": "14450369d4c6cbe27899bc69f210278e3b2076573e0122859d266fe63cc8e0ce",
        "exists": true,
        "actual_sha256": "14450369d4c6cbe27899bc69f210278e3b2076573e0122859d266fe63cc8e0ce"
      },
      "profile": {
        "path": "C:\\Users\\user\\Documents\\RF_COMM_MULTILANE\\profiles\\p7\\p7_stationary_app_30min.json",
        "expected_sha256": "65a36a8318e7fd1e3b647997aceca773c69e76eee85cb8fae922148ccd8f3c94",
        "exists": true,
        "actual_sha256": "65a36a8318e7fd1e3b647997aceca773c69e76eee85cb8fae922148ccd8f3c94"
      },
      "active_xdc": {
        "path": "C:\\Users\\user\\Documents\\RF_COMM_MULTILANE\\constraints\\active\\PORT1.generated.xdc",
        "expected_sha256": "cf23a0d34a2fa76521faf4c91f3858cff2117fa6020d302d1a6109f10254f990",
        "exists": true,
        "actual_sha256": "cf23a0d34a2fa76521faf4c91f3858cff2117fa6020d302d1a6109f10254f990"
      },
      "pinmap": {
        "path": "C:\\Users\\user\\Documents\\RF_COMM_MULTILANE\\board_profiles\\ax7010_tfdu_j10_j11_pinmap.csv",
        "expected_sha256": "4c7d5f0836a2ab48df7672e00f99455e582fbf477b04ed2b3b44ef38506a8a6a",
        "exists": true,
        "actual_sha256": "4c7d5f0836a2ab48df7672e00f99455e582fbf477b04ed2b3b44ef38506a8a6a"
      },
      "register_map": {
        "path": "C:\\Users\\user\\Documents\\RF_COMM_MULTILANE\\config\\register_map\\ir_axi_regs.yaml",
        "expected_sha256": "d5b0bf1476d815a3ed69988c72097827356d4eade48813c8913fc1b2d448983d",
        "exists": true,
        "actual_sha256": "d5b0bf1476d815a3ed69988c72097827356d4eade48813c8913fc1b2d448983d"
      },
      "shutdown_bitstream": {
        "path": "C:\\Users\\user\\Documents\\RF_COMM_MULTILANE\\shutdown_bitstream\\tfdu_shutdown_j10_j11.bit",
        "expected_sha256": "bac60b58912f0acd771dc830a6761535ec8f6a92befb1ae4cb7d928745af5810",
        "exists": true,
        "actual_sha256": "bac60b58912f0acd771dc830a6761535ec8f6a92befb1ae4cb7d928745af5810"
      },
      "ltx": {
        "path": "C:\\Users\\user\\Documents\\RF_COMM_MULTILANE\\evidence\\hardware\\p6\\bitstreams\\p6_jtag_dynamic_transport_76fe1ec47871946a7d357b0caa1f669500de827b796d6154dcc54678e0ac7083.ltx",
        "expected_sha256": "76fe1ec47871946a7d357b0caa1f669500de827b796d6154dcc54678e0ac7083",
        "exists": true,
        "actual_sha256": "76fe1ec47871946a7d357b0caa1f669500de827b796d6154dcc54678e0ac7083"
      }
    },
    "errors": [],
    "warnings": [
      "workspace has uncommitted changes; frozen artifact hashes remain authoritative"
    ]
  },
  "stage_validation_errors": [],
  "transaction_validation": {
    "format": "P7_JTAG_AXI_TRANSACTIONS_V1",
    "path": "C:\\Users\\user\\Documents\\RF_COMM_MULTILANE\\build\\p7_authorized_sequence\\p7_20260711_stationary_app_r10_diag_suffix55\\transactions\\001_p7_safe_idle.transactions.txt",
    "expected_sha256": "c164be9bf94510474c01711914bb37bdc800f28b9f5a3134e59f344e912c391d",
    "actual_sha256": "c164be9bf94510474c01711914bb37bdc800f28b9f5a3134e59f344e912c391d",
    "operation_count": 13,
    "poll_operation_count": 0,
    "poll_iteration_ceiling": 0,
    "metadata": {
      "EVIDENCE_KIND": "safe_idle"
    },
    "errors": [],
    "size_bytes": 790,
    "start_operation_count": 0,
    "commit_operation_count": 0,
    "payload_write_count": 0,
    "result_keys": [
      "SAFE_CRC_BAD",
      "SAFE_DUTY_VIOLATION",
      "SAFE_ERROR_CODE",
      "SAFE_PAYLOAD_MISMATCH",
      "SAFE_RETRY_EXHAUSTED",
      "SAFE_RX_GOOD_L0",
      "SAFE_RX_GOOD_L1",
      "SAFE_STATUS",
      "SAFE_STICKY_ERROR",
      "SAFE_TXD_HIGH_MAX",
      "SAFE_TX_COUNT",
      "SAFE_TX_FAIL"
    ],
    "write_operations": [
      {
        "offset": "0x100",
        "value": "0x00000030"
      }
    ],
    "runtime_feasibility": {
      "jtag_frequency_hz": 1000000,
      "reference_jtag_frequency_hz": 1000000,
      "estimated_axi_operation_us_at_1mhz": 1250,
      "estimated_stage_fixed_overhead_seconds": 30.0,
      "estimate_model": "one_axi_read_per_poll_operation_global_deadline_authoritative",
      "estimated_stage_runtime_seconds": 30.01625,
      "minimum_stage_runtime_sec": 31,
      "authorized_runtime_sec": 600,
      "feasible_within_authorized_runtime": true,
      "containment_initial_empty_wait_seconds": 0,
      "expected_tool_daemon_grace_seconds": 30,
      "containment_total_exit_window_seconds": 30,
      "containment_topology_revalidation_interval_seconds": 0.1,
      "containment_forced_cleanup_wait_seconds": 10,
      "containment_failure_bound_seconds": 40,
      "jtag_wrapper_vivado_process_count": 4,
      "jtag_wrapper_containment_allowance_seconds": 120,
      "jtag_wrapper_max_forced_cleanup_events": 2,
      "jtag_wrapper_forced_cleanup_reserve_seconds": 20,
      "jtag_wrapper_other_guard_seconds": 65,
      "jtag_wrapper_bookkeeping_guard_seconds": 45,
      "jtag_wrapper_other_guard_after_forced_cleanup_seconds": 45,
      "global_runtime_budget": {
        "minimum_estimated_global_runtime_sec": 366,
        "configured_global_timeout_ceiling_sec": 425,
        "authorized_global_runtime_sec": 600,
        "containment_initial_empty_wait_seconds": 0,
        "expected_tool_daemon_grace_seconds": 30,
        "containment_total_exit_window_seconds": 30,
        "containment_topology_revalidation_interval_seconds": 0.1,
        "containment_success_bound_seconds_each": 30,
        "containment_failure_bound_seconds_each": 40,
        "contained_vivado_process_count": 4,
        "containment_allowance_seconds": 120,
        "max_forced_cleanup_events": 2,
        "forced_cleanup_wait_seconds": 10,
        "forced_cleanup_reserve_seconds": 20,
        "other_guard_seconds": 65,
        "bookkeeping_guard_seconds": 45,
        "other_guard_after_forced_cleanup_seconds": 45,
        "configured_unallocated_margin_seconds": 175,
        "estimated_unallocated_margin_seconds": 234,
        "minimum_stage_fits_configured_timeout": true,
        "feasible": true
      }
    },
    "valid": true,
    "backend_manifest": {
      "semantic_mode": "safe-idle",
      "required": false
    },
    "global_runtime_budget": {
      "minimum_estimated_global_runtime_sec": 366,
      "configured_global_timeout_ceiling_sec": 425,
      "authorized_global_runtime_sec": 600,
      "containment_initial_empty_wait_seconds": 0,
      "expected_tool_daemon_grace_seconds": 30,
      "containment_total_exit_window_seconds": 30,
      "containment_topology_revalidation_interval_seconds": 0.1,
      "containment_success_bound_seconds_each": 30,
      "containment_failure_bound_seconds_each": 40,
      "contained_vivado_process_count": 4,
      "containment_allowance_seconds": 120,
      "max_forced_cleanup_events": 2,
      "forced_cleanup_wait_seconds": 10,
      "forced_cleanup_reserve_seconds": 20,
      "other_guard_seconds": 65,
      "bookkeeping_guard_seconds": 45,
      "other_guard_after_forced_cleanup_seconds": 45,
      "configured_unallocated_margin_seconds": 175,
      "estimated_unallocated_margin_seconds": 234,
      "minimum_stage_fits_configured_timeout": true,
      "feasible": true
    }
  },
  "exit_code_policy": "returncode_must_be_exactly_zero_and_required_markers_must_match",
  "transaction_format_boundary": "strict_P7_JTAG_AXI_TRANSACTIONS_V1_no_source_no_eval_no_external_commands",
  "hardware_execution_lock": {
    "path": "C:\\Users\\user\\Documents\\RF_COMM_MULTILANE\\.hardware_authorization\\P7_HARDWARE_EXECUTION.lock",
    "token_sha256": "a673a1012c4157c8bddb391da7c83923e0e7c9b5f62ee483c50ab0094f7339aa",
    "owner": {
      "schema": "rf-comm-p7-hardware-execution-lock-v1",
      "pid": 41348,
      "wrapper": "run_p7_jtag_axi_stage_safe.py",
      "stage_name": "p7_safe_idle",
      "acquired_at_utc": "2026-07-11T11:47:27.916644+00:00",
      "evidence_dir": "C:\\Users\\user\\Documents\\RF_COMM_MULTILANE\\evidence\\hardware\\p7\\authorized_sequence\\p7_20260711_stationary_app_r10_diag_suffix55\\001_p7_safe_idle"
    },
    "acquired": true,
    "stale_lock_auto_recovery": false
  },
  "global_runtime_deadline_source": "host_monotonic",
  "global_runtime_guard_seconds": 65,
  "global_runtime_budget_components": {
    "contained_vivado_process_count": 4,
    "initial_empty_wait_seconds_per_process": 0,
    "expected_tool_daemon_grace_seconds_per_process": 30,
    "total_containment_window_seconds_per_process": 30,
    "topology_revalidation_interval_seconds": 0.1,
    "containment_allowance_seconds": 120,
    "forced_cleanup_wait_seconds": 10,
    "failure_containment_bound_seconds_per_failed_process": 40,
    "max_forced_cleanup_events": 2,
    "forced_cleanup_reserve_seconds": 20,
    "bookkeeping_guard_seconds": 45,
    "other_guard_seconds": 65
  },
  "evidence_dir": "C:\\Users\\user\\Documents\\RF_COMM_MULTILANE\\evidence\\hardware\\p7\\authorized_sequence\\p7_20260711_stationary_app_r10_diag_suffix55\\001_p7_safe_idle",
  "event_log": "C:\\Users\\user\\Documents\\RF_COMM_MULTILANE\\evidence\\hardware\\p7\\authorized_sequence\\p7_20260711_stationary_app_r10_diag_suffix55\\001_p7_safe_idle\\p7_jtag_axi_stage_events.jsonl",
  "preflight_process": {
    "name": "preflight",
    "returncode": 0,
    "stdout_path": "C:\\Users\\user\\Documents\\RF_COMM_MULTILANE\\evidence\\hardware\\p7\\authorized_sequence\\p7_20260711_stationary_app_r10_diag_suffix55\\001_p7_safe_idle\\p7_preflight.stdout.log",
    "stderr_path": "C:\\Users\\user\\Documents\\RF_COMM_MULTILANE\\evidence\\hardware\\p7\\authorized_sequence\\p7_20260711_stationary_app_r10_diag_suffix55\\001_p7_safe_idle\\p7_preflight.stderr.log",
    "elapsed_seconds": 31.442774,
    "argv": [
      "D:\\Xilinx\\Vivado\\2023.1\\bin\\vivado.bat",
      "-mode",
      "batch",
      "-source",
      "C:\\Users\\user\\Documents\\RF_COMM_MULTILANE\\scripts\\hw\\p7_hw_preflight.tcl",
      "-tclargs",
      "C:\\Users\\user\\Documents\\RF_COMM_MULTILANE",
      "C:\\Users\\user\\Documents\\RF_COMM_MULTILANE\\.hardware_authorization\\p7_20260711_stationary_app_r10_diag_suffix55_001_p7_safe_idle.txt",
      "210512180081",
      "xc7z010clg400-1",
      "localhost:3121/xilinx_tcf/Digilent/210512180081",
      "localhost:3121",
      "C:\\Users\\user\\Documents\\RF_COMM_MULTILANE\\evidence\\hardware\\p7\\authorized_sequence\\p7_20260711_stationary_app_r10_diag_suffix55\\001_p7_safe_idle\\p7_preflight_result.txt"
    ],
    "started_at_utc": "2026-07-11T11:47:27.919253+00:00",
    "ended_at_utc": "2026-07-11T11:47:59.362041+00:00",
    "timed_out": false,
    "abort_seen": false,
    "interrupted": false,
    "process_tree_terminated": false,
    "process_tree_reaped": true,
    "containment_kind": "WINDOWS_JOB_OBJECT_KILL_ON_CLOSE",
    "containment_assigned": true,
    "containment_closed": true,
    "descendant_count_after": 0,
    "expected_tool_daemon_grace_used": true,
    "expected_tool_daemon_grace_seconds": 30.0,
    "expected_tool_daemon_paths": [
      "D:\\Xilinx\\Vivado\\2023.1\\bin\\unwrapped\\win64.o\\cs_server.exe",
      "D:\\Xilinx\\Vivado\\2023.1\\bin\\unwrapped\\win64.o\\rdi_xsdb.exe",
      "C:\\Windows\\System32\\cmd.exe",
      "C:\\Windows\\System32\\conhost.exe"
    ],
    "descendant_paths_seen": [
      "D:\\Xilinx\\Vivado\\2023.1\\bin\\unwrapped\\win64.o\\rdi_xsdb.exe",
      "C:\\Windows\\System32\\cmd.exe",
      "D:\\Xilinx\\Vivado\\2023.1\\bin\\unwrapped\\win64.o\\cs_server.exe",
      "C:\\Windows\\System32\\conhost.exe",
      "D:\\Xilinx\\Vivado\\2023.1\\bin\\unwrapped\\win64.o\\cs_server.exe",
      "C:\\Windows\\System32\\conhost.exe"
    ],
    "descendant_processes_seen": [
      {
        "pid": 12260,
        "parent_pid": 17940,
        "parent_active_globally": true,
        "image_path": "D:\\Xilinx\\Vivado\\2023.1\\bin\\unwrapped\\win64.o\\rdi_xsdb.exe",
        "creation_time_100ns": 134282440574894696
      },
      {
        "pid": 17940,
        "parent_pid": 42792,
        "parent_active_globally": false,
        "image_path": "C:\\Windows\\System32\\cmd.exe",
        "creation_time_100ns": 134282440571662115
      },
      {
        "pid": 30536,
        "parent_pid": 46672,
        "parent_active_globally": false,
        "image_path": "D:\\Xilinx\\Vivado\\2023.1\\bin\\unwrapped\\win64.o\\cs_server.exe",
        "creation_time_100ns": 134282440566081982
      },
      {
        "pid": 30796,
        "parent_pid": 17940,
        "parent_active_globally": true,
        "image_path": "C:\\Windows\\System32\\conhost.exe",
        "creation_time_100ns": 134282440571731102
      },
      {
        "pid": 32148,
        "parent_pid": 30536,
        "parent_active_globally": true,
        "image_path": "D:\\Xilinx\\Vivado\\2023.1\\bin\\unwrapped\\win64.o\\cs_server.exe",
        "creation_time_100ns": 134282440567197840
      },
      {
        "pid": 40504,
        "parent_pid": 4052,
        "parent_active_globally": false,
        "image_path": "C:\\Windows\\System32\\conhost.exe",
        "creation_time_100ns": 134282440558952828
      }
    ],
    "expected_tool_daemon_classification": "EXACT_R2_VIVADO_EXIT_HELPER_FOREST",
    "expected_tool_daemon_topology_snapshots": [
      {
        "classification": "EXACT_R2_VIVADO_EXIT_HELPER_FOREST",
        "elapsed_seconds": 0.007456,
        "processes": [
          {
            "pid": 12260,
            "parent_pid": 17940,
            "parent_active_globally": true,
            "image_path": "D:\\Xilinx\\Vivado\\2023.1\\bin\\unwrapped\\win64.o\\rdi_xsdb.exe",
            "creation_time_100ns": 134282440574894696
          },
          {
            "pid": 17940,
            "parent_pid": 42792,
            "parent_active_globally": false,
            "image_path": "C:\\Windows\\System32\\cmd.exe",
            "creation_time_100ns": 134282440571662115
          },
          {
            "pid": 30536,
            "parent_pid": 46672,
            "parent_active_globally": false,
            "image_path": "D:\\Xilinx\\Vivado\\2023.1\\bin\\unwrapped\\win64.o\\cs_server.exe",
            "creation_time_100ns": 134282440566081982
          },
          {
            "pid": 30796,
            "parent_pid": 17940,
            "parent_active_globally": true,
            "image_path": "C:\\Windows\\System32\\conhost.exe",
            "creation_time_100ns": 134282440571731102
          },
          {
            "pid": 32148,
            "parent_pid": 30536,
            "parent_active_globally": true,
            "image_path": "D:\\Xilinx\\Vivado\\2023.1\\bin\\unwrapped\\win64.o\\cs_server.exe",
            "creation_time_100ns": 134282440567197840
          },
          {
            "pid": 40504,
            "parent_pid": 4052,
            "parent_active_globally": false,
            "image_path": "C:\\Windows\\System32\\conhost.exe",
            "creation_time_100ns": 134282440558952828
          }
        ]
      },
      {
        "classification": "STRICT_SHRINK_SUBSET_OF_EXACT_R2_VIVADO_EXIT_HELPER_FOREST",
        "elapsed_seconds": 19.657895,
        "processes": [
          {
            "pid": 30536,
            "parent_pid": 46672,
            "parent_active_globally": false,
            "image_path": "D:\\Xilinx\\Vivado\\2023.1\\bin\\unwrapped\\win64.o\\cs_server.exe",
            "creation_time_100ns": 134282440566081982
          },
          {
            "pid": 32148,
            "parent_pid": 30536,
            "parent_active_globally": true,
            "image_path": "D:\\Xilinx\\Vivado\\2023.1\\bin\\unwrapped\\win64.o\\cs_server.exe",
            "creation_time_100ns": 134282440567197840
          },
          {
            "pid": 40504,
            "parent_pid": 4052,
            "parent_active_globally": false,
            "image_path": "C:\\Windows\\System32\\conhost.exe",
            "creation_time_100ns": 134282440558952828
          }
        ]
      },
      {
        "classification": "EMPTY",
        "elapsed_seconds": 20.769975,
        "processes": []
      }
    ],
    "expected_tool_daemon_topology_revalidation_count": 190,
    "expected_tool_daemon_topology_monotonic": true,
    "expected_tool_daemon_topology_sample_elapsed_seconds": [
      4.2e-05,
      0.007456,
      0.117331,
      0.226417,
      0.339237,
      0.447001,
      0.557281,
      0.666503,
      0.775515,
      0.885912,
      0.995326,
      1.105037,
      1.214561,
      1.324384,
      1.432497,
      1.541706,
      1.651227,
      1.760265,
      1.870873,
      1.979488,
      2.087114,
      2.195747,
      2.303987,
      2.412868,
      2.520866,
      2.629185,
      2.738426,
      2.845155,
      2.954384,
      3.062659,
      3.172567,
      3.281775,
      3.390974,
      3.499525,
      3.60843,
      3.717856,
      3.827275,
      3.93667,
      4.044962,
      4.154145,
      4.26308,
      4.37265,
      4.482539,
      4.590069,
      4.707306,
      4.817453,
      4.924762,
      5.033189,
      5.141312,
      5.252717,
      5.360572,
      5.469953,
      5.578203,
      5.686322,
      5.7948,
      5.904351,
      6.012585,
      6.12117,
      6.23041,
      6.339872,
      6.448402,
      6.555583,
      6.663214,
      6.771547,
      6.880727,
      6.989802,
      7.098,
      7.207101,
      7.315959,
      7.424759,
      7.534319,
      7.642892,
      7.751445,
      7.858051,
      7.967034,
      8.07548,
      8.185215,
      8.292906,
      8.401425,
      8.514117,
      8.622875,
      8.739307,
      8.847327,
      8.953888,
      9.063621,
      9.171666,
      9.279636,
      9.388385,
      9.49737,
      9.60537,
      9.714293,
      9.823602,
      9.933052,
      10.04156,
      10.1504,
      10.258895,
      10.365596,
      10.474333,
      10.582729,
      10.689802,
      10.798027,
      10.906594,
      11.016778,
      11.125974,
      11.234388,
      11.343083,
      11.451134,
      11.558868,
      11.66609,
      11.775039,
      11.883952,
      11.990878,
      12.099814,
      12.20834,
      12.317043,
      12.424677,
      12.533095,
      12.641961,
      12.750107,
      12.857493,
      12.96536,
      13.073576,
      13.182282,
      13.289226,
      13.397874,
      13.506601,
      13.614418,
      13.723018,
      13.831242,
      13.939684,
      14.048026,
      14.156272,
      14.26413,
      14.372615,
      14.481497,
      14.590069,
      14.698585,
      14.807471,
      14.916238,
      15.02533,
      15.134288,
      15.243079,
      15.351245,
      15.458897,
      15.568164,
      15.67507,
      15.782944,
      15.892489,
      16.002469,
      16.109287,
      16.217729,
      16.329193,
      16.440086,
      16.549595,
      16.658155,
      16.7672,
      16.875331,
      16.984324,
      17.092622,
      17.201548,
      17.310183,
      17.416964,
      17.526946,
      17.63441,
      17.743096,
      17.851589,
      17.960754,
      18.06954,
      18.180208,
      18.289413,
      18.398877,
      18.507911,
      18.617117,
      18.726182,
      18.835621,
      18.945254,
      19.053084,
      19.162569,
      19.271183,
      19.380045,
      19.487749,
      19.657895,
      19.772051,
      19.884019,
      19.99454,
      20.110272,
      20.221029,
      20.33534,
      20.446378,
      20.554657,
      20.668192,
      20.769975
    ],
    "expected_tool_daemon_topology_max_sample_gap_seconds": 0.170146,
    "expected_tool_daemon_grace_elapsed_seconds": 20.770002,
    "expected_tool_daemon_hashes_verified": true,
    "expected_tool_daemon_sha256_by_role": {
      "cs_server": "9bf0e15ffe162a96679c14b8117cf8ebe8a47b8032bee4ab8cb0317c112df536",
      "rdi_xsdb": "3193d8c4e7115e82e5b4ea6c2eb1aa8a7566bd5a9f9c78e9d901b9eab9d4ebfc",
      "cmd": "75320a519959cc6d089ea3eba33c38caccb7f138a025ea439bc9686cdb79ded4",
      "conhost": "a93cbb36b9c02364be6a72817174c46f94b66715549f279c6592ed659d237911"
    },
    "expected_tool_daemon_hash_error": "",
    "expected_tool_daemon_prelaunch_hashes_verified": true,
    "expected_tool_daemon_prelaunch_sha256_by_role": {
      "cs_server": "9bf0e15ffe162a96679c14b8117cf8ebe8a47b8032bee4ab8cb0317c112df536",
      "rdi_xsdb": "3193d8c4e7115e82e5b4ea6c2eb1aa8a7566bd5a9f9c78e9d901b9eab9d4ebfc",
      "cmd": "75320a519959cc6d089ea3eba33c38caccb7f138a025ea439bc9686cdb79ded4",
      "conhost": "a93cbb36b9c02364be6a72817174c46f94b66715549f279c6592ed659d237911"
    },
    "expected_tool_daemon_prelaunch_hash_error": "",
    "expected_tool_daemon_postexit_hashes_verified": true,
    "expected_tool_daemon_postexit_sha256_by_role": {
      "cs_server": "9bf0e15ffe162a96679c14b8117cf8ebe8a47b8032bee4ab8cb0317c112df536",
      "rdi_xsdb": "3193d8c4e7115e82e5b4ea6c2eb1aa8a7566bd5a9f9c78e9d901b9eab9d4ebfc",
      "cmd": "75320a519959cc6d089ea3eba33c38caccb7f138a025ea439bc9686cdb79ded4",
      "conhost": "a93cbb36b9c02364be6a72817174c46f94b66715549f279c6592ed659d237911"
    },
    "expected_tool_daemon_postexit_hash_error": "",
    "expected_tool_daemon_topology_error": "",
    "expected_tool_daemon_topology_terminal_empty": true,
    "process_identity_query_retry_count": 1,
    "process_exit_race_recheck_count": 1,
    "process_identity_query_transient_errors": [],
    "containment_cleanup_attempted": false,
    "containment_cleanup_terminated": false,
    "process_exit_race_rechecked": true,
    "process_identity_query_retried": true,
    "containment_query_error": "",
    "launch_error": ""
  },
  "preflight_result_file": "C:\\Users\\user\\Documents\\RF_COMM_MULTILANE\\evidence\\hardware\\p7\\authorized_sequence\\p7_20260711_stationary_app_r10_diag_suffix55\\001_p7_safe_idle\\p7_preflight_result.txt",
  "preflight_failures": [],
  "target_identity": {
    "P7_HW_PREFLIGHT_AUTHORIZED": "1",
    "P7_HW_PREFLIGHT_READ_ONLY": "1",
    "P7_HW_PREFLIGHT_BOARD_ID": "210512180081",
    "P7_HW_PREFLIGHT_TARGET": "localhost:3121/xilinx_tcf/Digilent/210512180081",
    "P7_HW_PREFLIGHT_DEVICE": "xc7z010_1",
    "P7_HW_PREFLIGHT_PART": "xc7z010clg400-1",
    "P7_HW_PREFLIGHT_IDCODE": "00010011011100100010000010010011",
    "P7_HW_PREFLIGHT_CANONICAL_PART": "xc7z010clg400-1",
    "P7_HW_PREFLIGHT_LIVE_PART": "xc7z010",
    "P7_HW_PREFLIGHT_LIVE_DEVICE": "xc7z010_1",
    "P7_HW_PREFLIGHT_LIVE_IDCODE": "00010011011100100010000010010011",
    "P7_HW_PREFLIGHT_RESULT": "PASS"
  },
  "shutdown_before": {
    "name": "shutdown_before",
    "returncode": 0,
    "stdout_path": "C:\\Users\\user\\Documents\\RF_COMM_MULTILANE\\evidence\\hardware\\p7\\authorized_sequence\\p7_20260711_stationary_app_r10_diag_suffix55\\001_p7_safe_idle\\p7_shutdown_before.stdout.log",
    "stderr_path": "C:\\Users\\user\\Documents\\RF_COMM_MULTILANE\\evidence\\hardware\\p7\\authorized_sequence\\p7_20260711_stationary_app_r10_diag_suffix55\\001_p7_safe_idle\\p7_shutdown_before.stderr.log",
    "elapsed_seconds": 48.700799,
    "argv": [
      "D:\\Xilinx\\Vivado\\2023.1\\bin\\vivado.bat",
      "-mode",
      "batch",
      "-source",
      "C:\\Users\\user\\Documents\\RF_COMM_MULTILANE\\scripts\\hw\\p7_jtag_axi_transactions.tcl",
      "-tclargs",
      "C:\\Users\\user\\Documents\\RF_COMM_MULTILANE",
      "SHUTDOWN",
      "C:\\Users\\user\\Documents\\RF_COMM_MULTILANE\\.hardware_authorization\\p7_20260711_stationary_app_r10_diag_suffix55_001_p7_safe_idle.txt",
      "210512180081",
      "xc7z010clg400-1",
      "localhost:3121/xilinx_tcf/Digilent/210512180081",
      "localhost:3121",
      "1000000",
      "C:\\Users\\user\\Documents\\RF_COMM_MULTILANE\\shutdown_bitstream\\tfdu_shutdown_j10_j11.bit",
      "-",
      "-",
      "C:\\Users\\user\\Documents\\RF_COMM_MULTILANE\\evidence\\hardware\\p7\\authorized_sequence\\p7_20260711_stationary_app_r10_diag_suffix55\\001_p7_safe_idle\\p7_shutdown_before_result.txt",
      "0x43c00000",
      "1100000",
      "134217728",
      "90",
      "C:\\Users\\user\\Documents\\RF_COMM_MULTILANE\\shutdown_bitstream\\tfdu_shutdown_j10_j11.bit"
    ],
    "started_at_utc": "2026-07-11T11:47:59.376729+00:00",
    "ended_at_utc": "2026-07-11T11:48:48.077534+00:00",
    "timed_out": false,
    "abort_seen": false,
    "interrupted": false,
    "process_tree_terminated": false,
    "process_tree_reaped": true,
    "containment_kind": "WINDOWS_JOB_OBJECT_KILL_ON_CLOSE",
    "containment_assigned": true,
    "containment_closed": true,
    "descendant_count_after": 0,
    "expected_tool_daemon_grace_used": true,
    "expected_tool_daemon_grace_seconds": 30.0,
    "expected_tool_daemon_paths": [
      "D:\\Xilinx\\Vivado\\2023.1\\bin\\unwrapped\\win64.o\\cs_server.exe",
      "D:\\Xilinx\\Vivado\\2023.1\\bin\\unwrapped\\win64.o\\rdi_xsdb.exe",
      "C:\\Windows\\System32\\cmd.exe",
      "C:\\Windows\\System32\\conhost.exe"
    ],
    "descendant_paths_seen": [
      "C:\\Windows\\System32\\conhost.exe",
      "D:\\Xilinx\\Vivado\\2023.1\\bin\\unwrapped\\win64.o\\rdi_xsdb.exe",
      "D:\\Xilinx\\Vivado\\2023.1\\bin\\unwrapped\\win64.o\\cs_server.exe",
      "D:\\Xilinx\\Vivado\\2023.1\\bin\\unwrapped\\win64.o\\cs_server.exe",
      "C:\\Windows\\System32\\conhost.exe",
      "C:\\Windows\\System32\\cmd.exe"
    ],
    "descendant_processes_seen": [
      {
        "pid": 12192,
        "parent_pid": 46068,
        "parent_active_globally": true,
        "image_path": "C:\\Windows\\System32\\conhost.exe",
        "creation_time_100ns": 134282440887430498
      },
      {
        "pid": 35388,
        "parent_pid": 46068,
        "parent_active_globally": true,
        "image_path": "D:\\Xilinx\\Vivado\\2023.1\\bin\\unwrapped\\win64.o\\rdi_xsdb.exe",
        "creation_time_100ns": 134282440890622659
      },
      {
        "pid": 39524,
        "parent_pid": 16564,
        "parent_active_globally": false,
        "image_path": "D:\\Xilinx\\Vivado\\2023.1\\bin\\unwrapped\\win64.o\\cs_server.exe",
        "creation_time_100ns": 134282440882425320
      },
      {
        "pid": 39880,
        "parent_pid": 39524,
        "parent_active_globally": true,
        "image_path": "D:\\Xilinx\\Vivado\\2023.1\\bin\\unwrapped\\win64.o\\cs_server.exe",
        "creation_time_100ns": 134282440883347107
      },
      {
        "pid": 41496,
        "parent_pid": 17436,
        "parent_active_globally": false,
        "image_path": "C:\\Windows\\System32\\conhost.exe",
        "creation_time_100ns": 134282440875650738
      },
      {
        "pid": 46068,
        "parent_pid": 43412,
        "parent_active_globally": false,
        "image_path": "C:\\Windows\\System32\\cmd.exe",
        "creation_time_100ns": 134282440887373103
      }
    ],
    "expected_tool_daemon_classification": "EXACT_R2_VIVADO_EXIT_HELPER_FOREST",
    "expected_tool_daemon_topology_snapshots": [
      {
        "classification": "EXACT_R2_VIVADO_EXIT_HELPER_FOREST",
        "elapsed_seconds": 0.007138,
        "processes": [
          {
            "pid": 12192,
            "parent_pid": 46068,
            "parent_active_globally": true,
            "image_path": "C:\\Windows\\System32\\conhost.exe",
            "creation_time_100ns": 134282440887430498
          },
          {
            "pid": 35388,
            "parent_pid": 46068,
            "parent_active_globally": true,
            "image_path": "D:\\Xilinx\\Vivado\\2023.1\\bin\\unwrapped\\win64.o\\rdi_xsdb.exe",
            "creation_time_100ns": 134282440890622659
          },
          {
            "pid": 39524,
            "parent_pid": 16564,
            "parent_active_globally": false,
            "image_path": "D:\\Xilinx\\Vivado\\2023.1\\bin\\unwrapped\\win64.o\\cs_server.exe",
            "creation_time_100ns": 134282440882425320
          },
          {
            "pid": 39880,
            "parent_pid": 39524,
            "parent_active_globally": true,
            "image_path": "D:\\Xilinx\\Vivado\\2023.1\\bin\\unwrapped\\win64.o\\cs_server.exe",
            "creation_time_100ns": 134282440883347107
          },
          {
            "pid": 41496,
            "parent_pid": 17436,
            "parent_active_globally": false,
            "image_path": "C:\\Windows\\System32\\conhost.exe",
            "creation_time_100ns": 134282440875650738
          },
          {
            "pid": 46068,
            "parent_pid": 43412,
            "parent_active_globally": false,
            "image_path": "C:\\Windows\\System32\\cmd.exe",
            "creation_time_100ns": 134282440887373103
          }
        ]
      },
      {
        "classification": "STRICT_SHRINK_SUBSET_OF_EXACT_R2_VIVADO_EXIT_HELPER_FOREST",
        "elapsed_seconds": 19.446095,
        "processes": [
          {
            "pid": 39524,
            "parent_pid": 16564,
            "parent_active_globally": false,
            "image_path": "D:\\Xilinx\\Vivado\\2023.1\\bin\\unwrapped\\win64.o\\cs_server.exe",
            "creation_time_100ns": 134282440882425320
          },
          {
            "pid": 39880,
            "parent_pid": 39524,
            "parent_active_globally": true,
            "image_path": "D:\\Xilinx\\Vivado\\2023.1\\bin\\unwrapped\\win64.o\\cs_server.exe",
            "creation_time_100ns": 134282440883347107
          },
          {
            "pid": 41496,
            "parent_pid": 17436,
            "parent_active_globally": false,
            "image_path": "C:\\Windows\\System32\\conhost.exe",
            "creation_time_100ns": 134282440875650738
          }
        ]
      },
      {
        "classification": "EMPTY",
        "elapsed_seconds": 20.579112,
        "processes": []
      }
    ],
    "expected_tool_daemon_topology_revalidation_count": 190,
    "expected_tool_daemon_topology_monotonic": true,
    "expected_tool_daemon_topology_sample_elapsed_seconds": [
      5.7e-05,
      0.007138,
      0.115889,
      0.224876,
      0.333179,
      0.441808,
      0.550347,
      0.659531,
      0.768702,
      0.876886,
      0.985802,
      1.094417,
      1.203182,
      1.311171,
      1.419931,
      1.528634,
      1.637267,
      1.74409,
      1.852489,
      1.961908,
      2.070072,
      2.179006,
      2.288207,
      2.400929,
      2.509686,
      2.618454,
      2.727889,
      2.83651,
      2.945599,
      3.053516,
      3.161782,
      3.274299,
      3.38232,
      3.490342,
      3.598099,
      3.705483,
      3.815249,
      3.923823,
      4.032896,
      4.141631,
      4.250573,
      4.359558,
      4.468455,
      4.577047,
      4.685599,
      4.794111,
      4.901374,
      5.009699,
      5.117931,
      5.226459,
      5.333851,
      5.442733,
      5.551515,
      5.659332,
      5.768122,
      5.876707,
      5.984693,
      6.093507,
      6.202544,
      6.311153,
      6.41961,
      6.527542,
      6.635217,
      6.743748,
      6.852243,
      6.961643,
      7.070112,
      7.178226,
      7.286911,
      7.395789,
      7.504482,
      7.612986,
      7.72092,
      7.82934,
      7.938137,
      8.047135,
      8.154977,
      8.263635,
      8.371962,
      8.480181,
      8.587923,
      8.695467,
      8.804237,
      8.912333,
      9.020403,
      9.129035,
      9.237502,
      9.34594,
      9.454487,
      9.562934,
      9.672499,
      9.780798,
      9.888451,
      9.99697,
      10.105869,
      10.214455,
      10.323197,
      10.432194,
      10.539191,
      10.646998,
      10.755651,
      10.864498,
      10.973898,
      11.083471,
      11.191136,
      11.298403,
      11.407155,
      11.515802,
      11.625733,
      11.734592,
      11.84275,
      11.950979,
      12.060455,
      12.16863,
      12.276714,
      12.386166,
      12.494218,
      12.603066,
      12.712113,
      12.820917,
      12.929261,
      13.03653,
      13.145817,
      13.254505,
      13.36146,
      13.469672,
      13.577613,
      13.687099,
      13.796069,
      13.904976,
      14.012846,
      14.121828,
      14.230302,
      14.337593,
      14.447413,
      14.556317,
      14.664376,
      14.773464,
      14.880842,
      14.988581,
      15.097792,
      15.2059,
      15.314661,
      15.423039,
      15.531407,
      15.63948,
      15.747833,
      15.855188,
      15.963304,
      16.072174,
      16.180877,
      16.289869,
      16.398521,
      16.508666,
      16.617951,
      16.726109,
      16.833252,
      16.941352,
      17.049934,
      17.159268,
      17.266432,
      17.375401,
      17.484269,
      17.591101,
      17.699499,
      17.808929,
      17.916877,
      18.025862,
      18.135375,
      18.242572,
      18.351081,
      18.459751,
      18.568433,
      18.67504,
      18.784467,
      18.900826,
      19.010319,
      19.120117,
      19.229439,
      19.337954,
      19.446095,
      19.553456,
      19.661943,
      19.770017,
      19.878119,
      19.986257,
      20.093979,
      20.202145,
      20.310105,
      20.418457,
      20.528152,
      20.579112
    ],
    "expected_tool_daemon_topology_max_sample_gap_seconds": 0.116359,
    "expected_tool_daemon_grace_elapsed_seconds": 20.579131,
    "expected_tool_daemon_hashes_verified": true,
    "expected_tool_daemon_sha256_by_role": {
      "cs_server": "9bf0e15ffe162a96679c14b8117cf8ebe8a47b8032bee4ab8cb0317c112df536",
      "rdi_xsdb": "3193d8c4e7115e82e5b4ea6c2eb1aa8a7566bd5a9f9c78e9d901b9eab9d4ebfc",
      "cmd": "75320a519959cc6d089ea3eba33c38caccb7f138a025ea439bc9686cdb79ded4",
      "conhost": "a93cbb36b9c02364be6a72817174c46f94b66715549f279c6592ed659d237911"
    },
    "expected_tool_daemon_hash_error": "",
    "expected_tool_daemon_prelaunch_hashes_verified": true,
    "expected_tool_daemon_prelaunch_sha256_by_role": {
      "cs_server": "9bf0e15ffe162a96679c14b8117cf8ebe8a47b8032bee4ab8cb0317c112df536",
      "rdi_xsdb": "3193d8c4e7115e82e5b4ea6c2eb1aa8a7566bd5a9f9c78e9d901b9eab9d4ebfc",
      "cmd": "75320a519959cc6d089ea3eba33c38caccb7f138a025ea439bc9686cdb79ded4",
      "conhost": "a93cbb36b9c02364be6a72817174c46f94b66715549f279c6592ed659d237911"
    },
    "expected_tool_daemon_prelaunch_hash_error": "",
    "expected_tool_daemon_postexit_hashes_verified": true,
    "expected_tool_daemon_postexit_sha256_by_role": {
      "cs_server": "9bf0e15ffe162a96679c14b8117cf8ebe8a47b8032bee4ab8cb0317c112df536",
      "rdi_xsdb": "3193d8c4e7115e82e5b4ea6c2eb1aa8a7566bd5a9f9c78e9d901b9eab9d4ebfc",
      "cmd": "75320a519959cc6d089ea3eba33c38caccb7f138a025ea439bc9686cdb79ded4",
      "conhost": "a93cbb36b9c02364be6a72817174c46f94b66715549f279c6592ed659d237911"
    },
    "expected_tool_daemon_postexit_hash_error": "",
    "expected_tool_daemon_topology_error": "",
    "expected_tool_daemon_topology_terminal_empty": true,
    "process_identity_query_retry_count": 0,
    "process_exit_race_recheck_count": 0,
    "process_identity_query_transient_errors": [],
    "containment_cleanup_attempted": false,
    "containment_cleanup_terminated": false,
    "process_exit_race_rechecked": false,
    "process_identity_query_retried": false,
    "containment_query_error": "",
    "launch_error": "",
    "attempted": true,
    "programming_attempted": true,
    "result_file": "C:\\Users\\user\\Documents\\RF_COMM_MULTILANE\\evidence\\hardware\\p7\\authorized_sequence\\p7_20260711_stationary_app_r10_diag_suffix55\\001_p7_safe_idle\\p7_shutdown_before_result.txt",
    "passed": true,
    "failures": []
  },
  "shutdown_after": {
    "name": "shutdown_after",
    "returncode": 0,
    "stdout_path": "C:\\Users\\user\\Documents\\RF_COMM_MULTILANE\\evidence\\hardware\\p7\\authorized_sequence\\p7_20260711_stationary_app_r10_diag_suffix55\\001_p7_safe_idle\\p7_shutdown_after.stdout.log",
    "stderr_path": "C:\\Users\\user\\Documents\\RF_COMM_MULTILANE\\evidence\\hardware\\p7\\authorized_sequence\\p7_20260711_stationary_app_r10_diag_suffix55\\001_p7_safe_idle\\p7_shutdown_after.stderr.log",
    "elapsed_seconds": 48.541946,
    "argv": [
      "D:\\Xilinx\\Vivado\\2023.1\\bin\\vivado.bat",
      "-mode",
      "batch",
      "-source",
      "C:\\Users\\user\\Documents\\RF_COMM_MULTILANE\\scripts\\hw\\p7_jtag_axi_transactions.tcl",
      "-tclargs",
      "C:\\Users\\user\\Documents\\RF_COMM_MULTILANE",
      "SHUTDOWN",
      "C:\\Users\\user\\Documents\\RF_COMM_MULTILANE\\.hardware_authorization\\p7_20260711_stationary_app_r10_diag_suffix55_001_p7_safe_idle.txt",
      "210512180081",
      "xc7z010clg400-1",
      "localhost:3121/xilinx_tcf/Digilent/210512180081",
      "localhost:3121",
      "1000000",
      "C:\\Users\\user\\Documents\\RF_COMM_MULTILANE\\shutdown_bitstream\\tfdu_shutdown_j10_j11.bit",
      "-",
      "-",
      "C:\\Users\\user\\Documents\\RF_COMM_MULTILANE\\evidence\\hardware\\p7\\authorized_sequence\\p7_20260711_stationary_app_r10_diag_suffix55\\001_p7_safe_idle\\p7_shutdown_after_result.txt",
      "0x43c00000",
      "1100000",
      "134217728",
      "90",
      "C:\\Users\\user\\Documents\\RF_COMM_MULTILANE\\shutdown_bitstream\\tfdu_shutdown_j10_j11.bit"
    ],
    "started_at_utc": "2026-07-11T11:49:36.561837+00:00",
    "ended_at_utc": "2026-07-11T11:50:25.103789+00:00",
    "timed_out": false,
    "abort_seen": false,
    "interrupted": false,
    "process_tree_terminated": false,
    "process_tree_reaped": true,
    "containment_kind": "WINDOWS_JOB_OBJECT_KILL_ON_CLOSE",
    "containment_assigned": true,
    "containment_closed": true,
    "descendant_count_after": 0,
    "expected_tool_daemon_grace_used": true,
    "expected_tool_daemon_grace_seconds": 30.0,
    "expected_tool_daemon_paths": [
      "D:\\Xilinx\\Vivado\\2023.1\\bin\\unwrapped\\win64.o\\cs_server.exe",
      "D:\\Xilinx\\Vivado\\2023.1\\bin\\unwrapped\\win64.o\\rdi_xsdb.exe",
      "C:\\Windows\\System32\\cmd.exe",
      "C:\\Windows\\System32\\conhost.exe"
    ],
    "descendant_paths_seen": [
      "D:\\Xilinx\\Vivado\\2023.1\\bin\\unwrapped\\win64.o\\cs_server.exe",
      "C:\\Windows\\System32\\cmd.exe",
      "D:\\Xilinx\\Vivado\\2023.1\\bin\\unwrapped\\win64.o\\rdi_xsdb.exe",
      "C:\\Windows\\System32\\conhost.exe",
      "C:\\Windows\\System32\\conhost.exe",
      "D:\\Xilinx\\Vivado\\2023.1\\bin\\unwrapped\\win64.o\\cs_server.exe"
    ],
    "descendant_processes_seen": [
      {
        "pid": 11236,
        "parent_pid": 21488,
        "parent_active_globally": false,
        "image_path": "D:\\Xilinx\\Vivado\\2023.1\\bin\\unwrapped\\win64.o\\cs_server.exe",
        "creation_time_100ns": 134282441852238347
      },
      {
        "pid": 31684,
        "parent_pid": 46856,
        "parent_active_globally": false,
        "image_path": "C:\\Windows\\System32\\cmd.exe",
        "creation_time_100ns": 134282441857001911
      },
      {
        "pid": 31860,
        "parent_pid": 31684,
        "parent_active_globally": true,
        "image_path": "D:\\Xilinx\\Vivado\\2023.1\\bin\\unwrapped\\win64.o\\rdi_xsdb.exe",
        "creation_time_100ns": 134282441860131721
      },
      {
        "pid": 32224,
        "parent_pid": 31684,
        "parent_active_globally": true,
        "image_path": "C:\\Windows\\System32\\conhost.exe",
        "creation_time_100ns": 134282441857060049
      },
      {
        "pid": 32816,
        "parent_pid": 9664,
        "parent_active_globally": false,
        "image_path": "C:\\Windows\\System32\\conhost.exe",
        "creation_time_100ns": 134282441845345983
      },
      {
        "pid": 34384,
        "parent_pid": 11236,
        "parent_active_globally": true,
        "image_path": "D:\\Xilinx\\Vivado\\2023.1\\bin\\unwrapped\\win64.o\\cs_server.exe",
        "creation_time_100ns": 134282441853183841
      }
    ],
    "expected_tool_daemon_classification": "EXACT_R2_VIVADO_EXIT_HELPER_FOREST",
    "expected_tool_daemon_topology_snapshots": [
      {
        "classification": "EXACT_R2_VIVADO_EXIT_HELPER_FOREST",
        "elapsed_seconds": 0.007362,
        "processes": [
          {
            "pid": 11236,
            "parent_pid": 21488,
            "parent_active_globally": false,
            "image_path": "D:\\Xilinx\\Vivado\\2023.1\\bin\\unwrapped\\win64.o\\cs_server.exe",
            "creation_time_100ns": 134282441852238347
          },
          {
            "pid": 31684,
            "parent_pid": 46856,
            "parent_active_globally": false,
            "image_path": "C:\\Windows\\System32\\cmd.exe",
            "creation_time_100ns": 134282441857001911
          },
          {
            "pid": 31860,
            "parent_pid": 31684,
            "parent_active_globally": true,
            "image_path": "D:\\Xilinx\\Vivado\\2023.1\\bin\\unwrapped\\win64.o\\rdi_xsdb.exe",
            "creation_time_100ns": 134282441860131721
          },
          {
            "pid": 32224,
            "parent_pid": 31684,
            "parent_active_globally": true,
            "image_path": "C:\\Windows\\System32\\conhost.exe",
            "creation_time_100ns": 134282441857060049
          },
          {
            "pid": 32816,
            "parent_pid": 9664,
            "parent_active_globally": false,
            "image_path": "C:\\Windows\\System32\\conhost.exe",
            "creation_time_100ns": 134282441845345983
          },
          {
            "pid": 34384,
            "parent_pid": 11236,
            "parent_active_globally": true,
            "image_path": "D:\\Xilinx\\Vivado\\2023.1\\bin\\unwrapped\\win64.o\\cs_server.exe",
            "creation_time_100ns": 134282441853183841
          }
        ]
      },
      {
        "classification": "STRICT_SHRINK_SUBSET_OF_EXACT_R2_VIVADO_EXIT_HELPER_FOREST",
        "elapsed_seconds": 19.437515,
        "processes": [
          {
            "pid": 11236,
            "parent_pid": 21488,
            "parent_active_globally": false,
            "image_path": "D:\\Xilinx\\Vivado\\2023.1\\bin\\unwrapped\\win64.o\\cs_server.exe",
            "creation_time_100ns": 134282441852238347
          },
          {
            "pid": 32816,
            "parent_pid": 9664,
            "parent_active_globally": false,
            "image_path": "C:\\Windows\\System32\\conhost.exe",
            "creation_time_100ns": 134282441845345983
          },
          {
            "pid": 34384,
            "parent_pid": 11236,
            "parent_active_globally": true,
            "image_path": "D:\\Xilinx\\Vivado\\2023.1\\bin\\unwrapped\\win64.o\\cs_server.exe",
            "creation_time_100ns": 134282441853183841
          }
        ]
      },
      {
        "classification": "EMPTY",
        "elapsed_seconds": 20.620198,
        "processes": []
      }
    ],
    "expected_tool_daemon_topology_revalidation_count": 190,
    "expected_tool_daemon_topology_monotonic": true,
    "expected_tool_daemon_topology_sample_elapsed_seconds": [
      4.2e-05,
      0.007362,
      0.116301,
      0.224253,
      0.333349,
      0.442707,
      0.551162,
      0.659427,
      0.767007,
      0.874619,
      0.982074,
      1.090786,
      1.199735,
      1.308844,
      1.417728,
      1.526308,
      1.633871,
      1.74223,
      1.850672,
      1.960444,
      2.067833,
      2.176642,
      2.285674,
      2.394035,
      2.502585,
      2.610978,
      2.718043,
      2.826538,
      2.934193,
      3.041953,
      3.150633,
      3.26022,
      3.368712,
      3.474988,
      3.583574,
      3.692245,
      3.800168,
      3.908434,
      4.017298,
      4.126632,
      4.235421,
      4.344089,
      4.453475,
      4.562889,
      4.670037,
      4.778553,
      4.886995,
      4.995257,
      5.103279,
      5.211652,
      5.319895,
      5.427802,
      5.536339,
      5.644801,
      5.752432,
      5.860991,
      5.969141,
      6.076414,
      6.185048,
      6.293725,
      6.402308,
      6.510639,
      6.618902,
      6.727693,
      6.836958,
      6.94581,
      7.05458,
      7.161128,
      7.269603,
      7.378589,
      7.488064,
      7.596833,
      7.70523,
      7.813937,
      7.920631,
      8.028169,
      8.13716,
      8.245402,
      8.3545,
      8.463381,
      8.572451,
      8.681608,
      8.788603,
      8.897145,
      9.005543,
      9.114286,
      9.222467,
      9.331457,
      9.439612,
      9.547339,
      9.655963,
      9.764267,
      9.8738,
      9.983513,
      10.091449,
      10.199436,
      10.307625,
      10.416368,
      10.524985,
      10.641919,
      10.750364,
      10.859964,
      10.968763,
      11.076674,
      11.185126,
      11.294089,
      11.403088,
      11.511873,
      11.619906,
      11.729993,
      11.838704,
      11.947883,
      12.055285,
      12.164787,
      12.273764,
      12.380267,
      12.491281,
      12.600563,
      12.709585,
      12.818396,
      12.926087,
      13.035375,
      13.144482,
      13.253397,
      13.362102,
      13.470755,
      13.578955,
      13.688161,
      13.796396,
      13.904816,
      14.014649,
      14.123088,
      14.230033,
      14.338736,
      14.447359,
      14.556006,
      14.664315,
      14.771525,
      14.878322,
      14.987033,
      15.096171,
      15.204798,
      15.313308,
      15.422097,
      15.531135,
      15.64044,
      15.749099,
      15.85817,
      15.967381,
      16.076626,
      16.185181,
      16.294755,
      16.403497,
      16.510366,
      16.619476,
      16.728169,
      16.835746,
      16.944223,
      17.052677,
      17.161922,
      17.268613,
      17.377106,
      17.485951,
      17.592746,
      17.701192,
      17.809749,
      17.916769,
      18.024099,
      18.131453,
      18.241892,
      18.349168,
      18.45747,
      18.566599,
      18.674849,
      18.783687,
      18.892845,
      19.001523,
      19.111304,
      19.220672,
      19.328456,
      19.437515,
      19.545763,
      19.654172,
      19.762836,
      19.871366,
      19.978003,
      20.086654,
      20.195269,
      20.302275,
      20.410646,
      20.518779,
      20.620198
    ],
    "expected_tool_daemon_topology_max_sample_gap_seconds": 0.116934,
    "expected_tool_daemon_grace_elapsed_seconds": 20.620215,
    "expected_tool_daemon_hashes_verified": true,
    "expected_tool_daemon_sha256_by_role": {
      "cs_server": "9bf0e15ffe162a96679c14b8117cf8ebe8a47b8032bee4ab8cb0317c112df536",
      "rdi_xsdb": "3193d8c4e7115e82e5b4ea6c2eb1aa8a7566bd5a9f9c78e9d901b9eab9d4ebfc",
      "cmd": "75320a519959cc6d089ea3eba33c38caccb7f138a025ea439bc9686cdb79ded4",
      "conhost": "a93cbb36b9c02364be6a72817174c46f94b66715549f279c6592ed659d237911"
    },
    "expected_tool_daemon_hash_error": "",
    "expected_tool_daemon_prelaunch_hashes_verified": true,
    "expected_tool_daemon_prelaunch_sha256_by_role": {
      "cs_server": "9bf0e15ffe162a96679c14b8117cf8ebe8a47b8032bee4ab8cb0317c112df536",
      "rdi_xsdb": "3193d8c4e7115e82e5b4ea6c2eb1aa8a7566bd5a9f9c78e9d901b9eab9d4ebfc",
      "cmd": "75320a519959cc6d089ea3eba33c38caccb7f138a025ea439bc9686cdb79ded4",
      "conhost": "a93cbb36b9c02364be6a72817174c46f94b66715549f279c6592ed659d237911"
    },
    "expected_tool_daemon_prelaunch_hash_error": "",
    "expected_tool_daemon_postexit_hashes_verified": true,
    "expected_tool_daemon_postexit_sha256_by_role": {
      "cs_server": "9bf0e15ffe162a96679c14b8117cf8ebe8a47b8032bee4ab8cb0317c112df536",
      "rdi_xsdb": "3193d8c4e7115e82e5b4ea6c2eb1aa8a7566bd5a9f9c78e9d901b9eab9d4ebfc",
      "cmd": "75320a519959cc6d089ea3eba33c38caccb7f138a025ea439bc9686cdb79ded4",
      "conhost": "a93cbb36b9c02364be6a72817174c46f94b66715549f279c6592ed659d237911"
    },
    "expected_tool_daemon_postexit_hash_error": "",
    "expected_tool_daemon_topology_error": "",
    "expected_tool_daemon_topology_terminal_empty": true,
    "process_identity_query_retry_count": 0,
    "process_exit_race_recheck_count": 0,
    "process_identity_query_transient_errors": [],
    "containment_cleanup_attempted": false,
    "containment_cleanup_terminated": false,
    "process_exit_race_rechecked": false,
    "process_identity_query_retried": false,
    "containment_query_error": "",
    "launch_error": "",
    "passed": true,
    "failures": [],
    "attempted": true,
    "programming_attempted": true,
    "result_file": "C:\\Users\\user\\Documents\\RF_COMM_MULTILANE\\evidence\\hardware\\p7\\authorized_sequence\\p7_20260711_stationary_app_r10_diag_suffix55\\001_p7_safe_idle\\p7_shutdown_after_result.txt"
  },
  "stage_process": {
    "name": "jtag_axi_stage",
    "returncode": 0,
    "stdout_path": "C:\\Users\\user\\Documents\\RF_COMM_MULTILANE\\evidence\\hardware\\p7\\authorized_sequence\\p7_20260711_stationary_app_r10_diag_suffix55\\001_p7_safe_idle\\p7_jtag_axi_stage.stdout.log",
    "stderr_path": "C:\\Users\\user\\Documents\\RF_COMM_MULTILANE\\evidence\\hardware\\p7\\authorized_sequence\\p7_20260711_stationary_app_r10_diag_suffix55\\001_p7_safe_idle\\p7_jtag_axi_stage.stderr.log",
    "elapsed_seconds": 48.460356,
    "argv": [
      "D:\\Xilinx\\Vivado\\2023.1\\bin\\vivado.bat",
      "-mode",
      "batch",
      "-source",
      "C:\\Users\\user\\Documents\\RF_COMM_MULTILANE\\scripts\\hw\\p7_jtag_axi_transactions.tcl",
      "-tclargs",
      "C:\\Users\\user\\Documents\\RF_COMM_MULTILANE",
      "STAGE",
      "C:\\Users\\user\\Documents\\RF_COMM_MULTILANE\\.hardware_authorization\\p7_20260711_stationary_app_r10_diag_suffix55_001_p7_safe_idle.txt",
      "210512180081",
      "xc7z010clg400-1",
      "localhost:3121/xilinx_tcf/Digilent/210512180081",
      "localhost:3121",
      "1000000",
      "C:\\Users\\user\\Documents\\RF_COMM_MULTILANE\\evidence\\hardware\\p6\\bitstreams\\p6_jtag_dynamic_transport_4830d547d6a667edda8deebae855c3a7154478e298efca70e2526e6f3570b23c.bit",
      "C:\\Users\\user\\Documents\\RF_COMM_MULTILANE\\evidence\\hardware\\p6\\bitstreams\\p6_jtag_dynamic_transport_76fe1ec47871946a7d357b0caa1f669500de827b796d6154dcc54678e0ac7083.ltx",
      "C:\\Users\\user\\Documents\\RF_COMM_MULTILANE\\build\\p7_authorized_sequence\\p7_20260711_stationary_app_r10_diag_suffix55\\transactions\\001_p7_safe_idle.transactions.txt",
      "C:\\Users\\user\\Documents\\RF_COMM_MULTILANE\\evidence\\hardware\\p7\\authorized_sequence\\p7_20260711_stationary_app_r10_diag_suffix55\\001_p7_safe_idle\\p7_jtag_axi_raw_result.txt",
      "0x43c00000",
      "1100000",
      "134217728",
      "90",
      "C:\\Users\\user\\Documents\\RF_COMM_MULTILANE\\shutdown_bitstream\\tfdu_shutdown_j10_j11.bit"
    ],
    "started_at_utc": "2026-07-11T11:48:48.085293+00:00",
    "ended_at_utc": "2026-07-11T11:49:36.545658+00:00",
    "timed_out": false,
    "abort_seen": false,
    "interrupted": false,
    "process_tree_terminated": false,
    "process_tree_reaped": true,
    "containment_kind": "WINDOWS_JOB_OBJECT_KILL_ON_CLOSE",
    "containment_assigned": true,
    "containment_closed": true,
    "descendant_count_after": 0,
    "expected_tool_daemon_grace_used": true,
    "expected_tool_daemon_grace_seconds": 30.0,
    "expected_tool_daemon_paths": [
      "D:\\Xilinx\\Vivado\\2023.1\\bin\\unwrapped\\win64.o\\cs_server.exe",
      "D:\\Xilinx\\Vivado\\2023.1\\bin\\unwrapped\\win64.o\\rdi_xsdb.exe",
      "C:\\Windows\\System32\\cmd.exe",
      "C:\\Windows\\System32\\conhost.exe"
    ],
    "descendant_paths_seen": [
      "D:\\Xilinx\\Vivado\\2023.1\\bin\\unwrapped\\win64.o\\cs_server.exe",
      "C:\\Windows\\System32\\cmd.exe",
      "C:\\Windows\\System32\\conhost.exe",
      "D:\\Xilinx\\Vivado\\2023.1\\bin\\unwrapped\\win64.o\\rdi_xsdb.exe",
      "C:\\Windows\\System32\\conhost.exe",
      "D:\\Xilinx\\Vivado\\2023.1\\bin\\unwrapped\\win64.o\\cs_server.exe"
    ],
    "descendant_processes_seen": [
      {
        "pid": 2932,
        "parent_pid": 44548,
        "parent_active_globally": true,
        "image_path": "D:\\Xilinx\\Vivado\\2023.1\\bin\\unwrapped\\win64.o\\cs_server.exe",
        "creation_time_100ns": 134282441368100230
      },
      {
        "pid": 13464,
        "parent_pid": 23960,
        "parent_active_globally": false,
        "image_path": "C:\\Windows\\System32\\cmd.exe",
        "creation_time_100ns": 134282441372466590
      },
      {
        "pid": 18212,
        "parent_pid": 13464,
        "parent_active_globally": true,
        "image_path": "C:\\Windows\\System32\\conhost.exe",
        "creation_time_100ns": 134282441372521781
      },
      {
        "pid": 23148,
        "parent_pid": 13464,
        "parent_active_globally": true,
        "image_path": "D:\\Xilinx\\Vivado\\2023.1\\bin\\unwrapped\\win64.o\\rdi_xsdb.exe",
        "creation_time_100ns": 134282441375436852
      },
      {
        "pid": 27180,
        "parent_pid": 48652,
        "parent_active_globally": false,
        "image_path": "C:\\Windows\\System32\\conhost.exe",
        "creation_time_100ns": 134282441360283575
      },
      {
        "pid": 44548,
        "parent_pid": 47456,
        "parent_active_globally": false,
        "image_path": "D:\\Xilinx\\Vivado\\2023.1\\bin\\unwrapped\\win64.o\\cs_server.exe",
        "creation_time_100ns": 134282441367133988
      }
    ],
    "expected_tool_daemon_classification": "EXACT_R2_VIVADO_EXIT_HELPER_FOREST",
    "expected_tool_daemon_topology_snapshots": [
      {
        "classification": "EXACT_R2_VIVADO_EXIT_HELPER_FOREST",
        "elapsed_seconds": 0.007068,
        "processes": [
          {
            "pid": 2932,
            "parent_pid": 44548,
            "parent_active_globally": true,
            "image_path": "D:\\Xilinx\\Vivado\\2023.1\\bin\\unwrapped\\win64.o\\cs_server.exe",
            "creation_time_100ns": 134282441368100230
          },
          {
            "pid": 13464,
            "parent_pid": 23960,
            "parent_active_globally": false,
            "image_path": "C:\\Windows\\System32\\cmd.exe",
            "creation_time_100ns": 134282441372466590
          },
          {
            "pid": 18212,
            "parent_pid": 13464,
            "parent_active_globally": true,
            "image_path": "C:\\Windows\\System32\\conhost.exe",
            "creation_time_100ns": 134282441372521781
          },
          {
            "pid": 23148,
            "parent_pid": 13464,
            "parent_active_globally": true,
            "image_path": "D:\\Xilinx\\Vivado\\2023.1\\bin\\unwrapped\\win64.o\\rdi_xsdb.exe",
            "creation_time_100ns": 134282441375436852
          },
          {
            "pid": 27180,
            "parent_pid": 48652,
            "parent_active_globally": false,
            "image_path": "C:\\Windows\\System32\\conhost.exe",
            "creation_time_100ns": 134282441360283575
          },
          {
            "pid": 44548,
            "parent_pid": 47456,
            "parent_active_globally": false,
            "image_path": "D:\\Xilinx\\Vivado\\2023.1\\bin\\unwrapped\\win64.o\\cs_server.exe",
            "creation_time_100ns": 134282441367133988
          }
        ]
      },
      {
        "classification": "STRICT_SHRINK_SUBSET_OF_EXACT_R2_VIVADO_EXIT_HELPER_FOREST",
        "elapsed_seconds": 19.864769,
        "processes": [
          {
            "pid": 2932,
            "parent_pid": 44548,
            "parent_active_globally": true,
            "image_path": "D:\\Xilinx\\Vivado\\2023.1\\bin\\unwrapped\\win64.o\\cs_server.exe",
            "creation_time_100ns": 134282441368100230
          },
          {
            "pid": 27180,
            "parent_pid": 48652,
            "parent_active_globally": false,
            "image_path": "C:\\Windows\\System32\\conhost.exe",
            "creation_time_100ns": 134282441360283575
          },
          {
            "pid": 44548,
            "parent_pid": 47456,
            "parent_active_globally": false,
            "image_path": "D:\\Xilinx\\Vivado\\2023.1\\bin\\unwrapped\\win64.o\\cs_server.exe",
            "creation_time_100ns": 134282441367133988
          }
        ]
      },
      {
        "classification": "EMPTY",
        "elapsed_seconds": 20.026471,
        "processes": []
      }
    ],
    "expected_tool_daemon_topology_revalidation_count": 184,
    "expected_tool_daemon_topology_monotonic": true,
    "expected_tool_daemon_topology_sample_elapsed_seconds": [
      4.2e-05,
      0.007068,
      0.116102,
      0.223654,
      0.332975,
      0.441041,
      0.550087,
      0.658925,
      0.768007,
      0.877481,
      0.98597,
      1.094263,
      1.203095,
      1.311593,
      1.420513,
      1.529264,
      1.637781,
      1.746734,
      1.861328,
      1.974151,
      2.08685,
      2.199716,
      2.308716,
      2.41744,
      2.524916,
      2.632285,
      2.741131,
      2.849565,
      2.95707,
      3.066514,
      3.174832,
      3.283903,
      3.399507,
      3.507727,
      3.615408,
      3.726429,
      3.837854,
      3.945626,
      4.053259,
      4.162817,
      4.272642,
      4.379625,
      4.488695,
      4.597789,
      4.706562,
      4.814698,
      4.924541,
      5.034474,
      5.142916,
      5.253503,
      5.36632,
      5.478232,
      5.588222,
      5.701621,
      5.808437,
      5.91798,
      6.027328,
      6.135253,
      6.247413,
      6.359987,
      6.472072,
      6.581316,
      6.690864,
      6.799931,
      6.908207,
      7.016658,
      7.126441,
      7.234463,
      7.342856,
      7.451881,
      7.561064,
      7.669422,
      7.778865,
      7.885702,
      7.995036,
      8.10411,
      8.21144,
      8.319837,
      8.428867,
      8.537818,
      8.646697,
      8.754706,
      8.861788,
      8.969986,
      9.078592,
      9.185464,
      9.294188,
      9.402649,
      9.511232,
      9.619322,
      9.729621,
      9.83838,
      9.946086,
      10.054291,
      10.163031,
      10.271595,
      10.3795,
      10.487938,
      10.596722,
      10.705335,
      10.813322,
      10.921537,
      11.030474,
      11.138637,
      11.247459,
      11.355836,
      11.463423,
      11.571745,
      11.680138,
      11.788309,
      11.895805,
      12.004691,
      12.113429,
      12.22231,
      12.330398,
      12.4386,
      12.546893,
      12.655769,
      12.762867,
      12.871888,
      12.981082,
      13.089897,
      13.1986,
      13.306923,
      13.414055,
      13.52304,
      13.631426,
      13.739723,
      13.848749,
      13.956892,
      14.06573,
      14.17258,
      14.281146,
      14.389856,
      14.497113,
      14.606312,
      14.715008,
      14.823259,
      14.930914,
      15.038197,
      15.144904,
      15.255373,
      15.364038,
      15.472849,
      15.580123,
      15.689022,
      15.797855,
      15.905536,
      16.013883,
      16.123081,
      16.231446,
      16.340432,
      16.448978,
      16.55721,
      16.665383,
      16.77484,
      16.883792,
      16.992662,
      17.099696,
      17.206599,
      17.315362,
      17.424192,
      17.531437,
      17.639919,
      17.747647,
      17.855595,
      17.963419,
      18.071473,
      18.180078,
      18.28832,
      18.39528,
      18.503823,
      18.612343,
      18.720795,
      18.829291,
      18.943653,
      19.049988,
      19.158498,
      19.26704,
      19.375277,
      19.483992,
      19.590772,
      19.697989,
      19.864769,
      19.975754,
      20.026471
    ],
    "expected_tool_daemon_topology_max_sample_gap_seconds": 0.16678,
    "expected_tool_daemon_grace_elapsed_seconds": 20.026489,
    "expected_tool_daemon_hashes_verified": true,
    "expected_tool_daemon_sha256_by_role": {
      "cs_server": "9bf0e15ffe162a96679c14b8117cf8ebe8a47b8032bee4ab8cb0317c112df536",
      "rdi_xsdb": "3193d8c4e7115e82e5b4ea6c2eb1aa8a7566bd5a9f9c78e9d901b9eab9d4ebfc",
      "cmd": "75320a519959cc6d089ea3eba33c38caccb7f138a025ea439bc9686cdb79ded4",
      "conhost": "a93cbb36b9c02364be6a72817174c46f94b66715549f279c6592ed659d237911"
    },
    "expected_tool_daemon_hash_error": "",
    "expected_tool_daemon_prelaunch_hashes_verified": true,
    "expected_tool_daemon_prelaunch_sha256_by_role": {
      "cs_server": "9bf0e15ffe162a96679c14b8117cf8ebe8a47b8032bee4ab8cb0317c112df536",
      "rdi_xsdb": "3193d8c4e7115e82e5b4ea6c2eb1aa8a7566bd5a9f9c78e9d901b9eab9d4ebfc",
      "cmd": "75320a519959cc6d089ea3eba33c38caccb7f138a025ea439bc9686cdb79ded4",
      "conhost": "a93cbb36b9c02364be6a72817174c46f94b66715549f279c6592ed659d237911"
    },
    "expected_tool_daemon_prelaunch_hash_error": "",
    "expected_tool_daemon_postexit_hashes_verified": true,
    "expected_tool_daemon_postexit_sha256_by_role": {
      "cs_server": "9bf0e15ffe162a96679c14b8117cf8ebe8a47b8032bee4ab8cb0317c112df536",
      "rdi_xsdb": "3193d8c4e7115e82e5b4ea6c2eb1aa8a7566bd5a9f9c78e9d901b9eab9d4ebfc",
      "cmd": "75320a519959cc6d089ea3eba33c38caccb7f138a025ea439bc9686cdb79ded4",
      "conhost": "a93cbb36b9c02364be6a72817174c46f94b66715549f279c6592ed659d237911"
    },
    "expected_tool_daemon_postexit_hash_error": "",
    "expected_tool_daemon_topology_error": "",
    "expected_tool_daemon_topology_terminal_empty": true,
    "process_identity_query_retry_count": 1,
    "process_exit_race_recheck_count": 1,
    "process_identity_query_transient_errors": [],
    "containment_cleanup_attempted": false,
    "containment_cleanup_terminated": false,
    "process_exit_race_rechecked": true,
    "process_identity_query_retried": true,
    "containment_query_error": "",
    "launch_error": "",
    "passed": true,
    "failures": [],
    "result_file": "C:\\Users\\user\\Documents\\RF_COMM_MULTILANE\\evidence\\hardware\\p7\\authorized_sequence\\p7_20260711_stationary_app_r10_diag_suffix55\\001_p7_safe_idle\\p7_jtag_axi_raw_result.txt"
  },
  "stage_result_markers": {
    "P7_HW_TARGET": "localhost:3121/xilinx_tcf/Digilent/210512180081",
    "P7_HW_DEVICE": "xc7z010_1",
    "P7_HW_PART": "xc7z010clg400-1",
    "P7_HW_IDCODE": "00010011011100100010000010010011",
    "P7_HW_CANONICAL_PART": "xc7z010clg400-1",
    "P7_HW_LIVE_PART": "xc7z010",
    "P7_HW_LIVE_DEVICE": "xc7z010_1",
    "P7_HW_LIVE_IDCODE": "00010011011100100010000010010011",
    "P7_CANDIDATE_PROGRAMMED": "1",
    "P7_HW_AXI": "hw_axi_1",
    "P7_TXN_META_EVIDENCE_KIND": "safe_idle",
    "SAFE_STATUS": "00000000",
    "SAFE_TX_COUNT": "00000000",
    "SAFE_RX_GOOD_L0": "00000000",
    "SAFE_RX_GOOD_L1": "00000000",
    "SAFE_CRC_BAD": "00000000",
    "SAFE_PAYLOAD_MISMATCH": "00000000",
    "SAFE_RETRY_EXHAUSTED": "00000000",
    "SAFE_TX_FAIL": "00000000",
    "SAFE_TXD_HIGH_MAX": "00000000",
    "SAFE_DUTY_VIOLATION": "00000000",
    "SAFE_ERROR_CODE": "00000000",
    "SAFE_STICKY_ERROR": "00000000",
    "P7_TCL_PROGRAMMING_ATTEMPTED": "1",
    "P7_TRANSACTION_COUNT": "13",
    "P7_JTAG_AXI_TRANSACTIONS": "PASS",
    "P7_JTAG_STAGE_RESULT": "PASS"
  },
  "child_reaped_before_shutdown_after": true,
  "backend_parse": {
    "passed": true,
    "semantic_mode": "safe-idle",
    "summary_file": "C:\\Users\\user\\Documents\\RF_COMM_MULTILANE\\evidence\\hardware\\p7\\authorized_sequence\\p7_20260711_stationary_app_r10_diag_suffix55\\001_p7_safe_idle\\p7_safe_idle_parse_summary.json",
    "summary_sha256": "3991bcae4b2f298c8be2154c634b5180d1751df472c7cdece3aa168622e6c8d7",
    "required_values": {
      "SAFE_CRC_BAD": "0x00000000",
      "SAFE_DUTY_VIOLATION": "0x00000000",
      "SAFE_ERROR_CODE": "0x00000000",
      "SAFE_PAYLOAD_MISMATCH": "0x00000000",
      "SAFE_RETRY_EXHAUSTED": "0x00000000",
      "SAFE_RX_GOOD_L0": "0x00000000",
      "SAFE_RX_GOOD_L1": "0x00000000",
      "SAFE_STATUS": "0x00000000",
      "SAFE_STICKY_ERROR": "0x00000000",
      "SAFE_TXD_HIGH_MAX": "0x00000000",
      "SAFE_TX_COUNT": "0x00000000",
      "SAFE_TX_FAIL": "0x00000000"
    },
    "raw_log_bound_to_this_hardware_process": true
  },
  "internal_error": "",
  "stage_failures": [],
  "backend_parse_failure": "",
  "global_runtime": {
    "elapsed_seconds": 177.194805,
    "authorized_max_seconds": 600,
    "within_authorized_limit": true
  },
  "reason": "authorized non-transmitting safe-idle checks and both shutdown barriers passed"
}
