P6_PS_RESET_TARGET_FALLBACK=APU
P6_PS_CANDIDATE_PROGRAMMED=1
P6_PS_ELF_DOWNLOADED=1
P6_PS_MAILBOX_POLLS=1
P6_PS_MAGIC=50365254
P6_PS_STATUS=00000000
P6_PS_P6_STATUS=00000017
P6_PS_MAILBOX_STATUS=50364F4B
P6_PS_PAYLOAD_CRC32=6A3CDF0C
P6_PS_RX_PAYLOAD_CRC32=6A3CDF0C
P6_PS_RX_PAYLOAD_LEN=000000F7
P6_PS_TX_COUNT=00000001
P6_PS_RX_GOOD_L0=00000001
P6_PS_RX_GOOD_L1=00000001
P6_PS_CRC_BAD=00000000
P6_PS_PAYLOAD_MISMATCH=00000000
P6_PS_RETRY_EXHAUSTED=00000000
P6_PS_TX_FAIL=00000000
P6_PS_ERROR_CODE=00000000
P6_PS_STICKY_ERROR=00000000
P6_PS_RUNTIME_MAILBOX=PASS
