#-----------------------------------------------------------
# xsim v2023.1 (64-bit)
# SW Build 3865809 on Sun May  7 15:05:29 MDT 2023
# IP Build 3864474 on Sun May  7 20:36:21 MDT 2023
# SharedData Build 3865790 on Sun May 07 13:33:03 MDT 2023
# Start of session at: Sun Jul 26 14:52:21 2026
# Process ID: 3712
# Current directory: C:/Users/user/Documents/RF_COMM_MULTILANE_P9/evidence/generated/p8e_raw/r8d/p8d_raw/formal_d2c3db43c5f6/xsim/tb_ir_selective_repeat_rx/work
# Command line: xsim.exe -mode tcl -source {xsim.dir/tb_ir_selective_repeat_rx_snapshot/xsim_script.tcl}
# Log file: C:/Users/user/Documents/RF_COMM_MULTILANE_P9/evidence/generated/p8e_raw/r8d/p8d_raw/formal_d2c3db43c5f6/xsim/tb_ir_selective_repeat_rx/work/xsim.log
# Journal file: C:/Users/user/Documents/RF_COMM_MULTILANE_P9/evidence/generated/p8e_raw/r8d/p8d_raw/formal_d2c3db43c5f6/xsim/tb_ir_selective_repeat_rx/work\xsim.jou
# Running On: DESKTOP-PU0AECA, OS: Windows, CPU Frequency: 3418 MHz, CPU Physical cores: 20, Host memory: 34187 MB
#-----------------------------------------------------------
source xsim.dir/tb_ir_selective_repeat_rx_snapshot/xsim_script.tcl
# xsim {tb_ir_selective_repeat_rx_snapshot} -autoloadwcfg -runall
Time resolution is 1 ps
run -all
P8D_RX_REORDER_DUPLICATE_SUPPRESSION_PASS=1
P8D_STALE_SESSION_PATH_REJECTION_PASS=1
TB_IR_SELECTIVE_REPEAT_RX_PASS=1
$finish called at time : 186 ns : File "C:/Users/user/Documents/RF_COMM_MULTILANE_P9/sim/tb/tb_ir_selective_repeat_rx.sv" Line 102
exit
INFO: [Common 17-206] Exiting xsim at Sun Jul 26 14:52:23 2026...
