P9_XSDB_JTAG_DISCOVERY_ATTEMPTS=1
P9_XSDB_JTAG_DISCOVERY_ELAPSED_MS=5
P9_XSDB_CABLE_ROOT_COUNT=1
P9_XSDB_JTAG_DEVICE_COUNT=2
P9_XSDB_EXACT_FPGA_MATCH_COUNT=1
P9_XSDB_ENUM_DEVICE_0=arm_dap|NODE_ID=2|IDCODE=4ba00477|NORMALIZED=4BA00477
P9_XSDB_ENUM_DEVICE_1=xc7z010|NODE_ID=3|IDCODE=13722093|NORMALIZED=13722093
P9_XSDB_DEBUG_DISCOVERY_ATTEMPTS=1
P9_XSDB_DEBUG_DISCOVERY_ELAPSED_MS=7
P9_XSDB_IDENTITY=PASS
P9_XSDB_BOARD_ID=210512180081
P9_XSDB_IDCODE=13722093
P9_XSDB_STAGE=P9-18
P9_XSDB_RUN_ID=p9_20260728T134254Z_8157716a47a9_9ef40d3ccef2
P9_CANDIDATE_PROGRAMMED=1
P9_PS_ELF_DOWNLOADED=1
P9_SERVICE_READY_LABEL=initial_boot
P9_INITIAL_READY_DUMP=C:/Users/user/Documents/RF_COMM_MULTILANE_P9/evidence/hardware/p9_diagnostics/p9_20260728T134254Z_8157716a47a9_9ef40d3ccef2/20260728T134604Z_p9_18/fault_injection/p9_18/mailbox/P9-18_ready.bin
P9_DMA_DIAGNOSTIC_SNAPSHOT=C:/Users/user/Documents/RF_COMM_MULTILANE_P9/evidence/hardware/p9_diagnostics/p9_20260728T134254Z_8157716a47a9_9ef40d3ccef2/20260728T134604Z_p9_18/fault_injection/p9_18/mailbox/fault_drop_one_data.dma_snapshot_00.psv
P9_CASE_PASS=fault_drop_one_data
P9_DMA_DIAGNOSTIC_SNAPSHOT=C:/Users/user/Documents/RF_COMM_MULTILANE_P9/evidence/hardware/p9_diagnostics/p9_20260728T134254Z_8157716a47a9_9ef40d3ccef2/20260728T134604Z_p9_18/fault_injection/p9_18/mailbox/fault_drop_burst_data.dma_snapshot_00.psv
P9_CASE_PASS=fault_drop_burst_data
P9_DMA_DIAGNOSTIC_SNAPSHOT=C:/Users/user/Documents/RF_COMM_MULTILANE_P9/evidence/hardware/p9_diagnostics/p9_20260728T134254Z_8157716a47a9_9ef40d3ccef2/20260728T134604Z_p9_18/fault_injection/p9_18/mailbox/fault_drop_ack.dma_snapshot_00.psv
P9_CASE_PASS=fault_drop_ack
P9_DMA_DIAGNOSTIC_SNAPSHOT=C:/Users/user/Documents/RF_COMM_MULTILANE_P9/evidence/hardware/p9_diagnostics/p9_20260728T134254Z_8157716a47a9_9ef40d3ccef2/20260728T134604Z_p9_18/fault_injection/p9_18/mailbox/fault_duplicate_data_by_ack_loss.dma_snapshot_00.psv
P9_CASE_PASS=fault_duplicate_data_by_ack_loss
P9_DMA_DIAGNOSTIC_SNAPSHOT=C:/Users/user/Documents/RF_COMM_MULTILANE_P9/evidence/hardware/p9_diagnostics/p9_20260728T134254Z_8157716a47a9_9ef40d3ccef2/20260728T134604Z_p9_18/fault_injection/p9_18/mailbox/fault_stale_session.dma_snapshot_00.psv
P9_CASE_PASS=fault_stale_session
P9_DMA_DIAGNOSTIC_SNAPSHOT=C:/Users/user/Documents/RF_COMM_MULTILANE_P9/evidence/hardware/p9_diagnostics/p9_20260728T134254Z_8157716a47a9_9ef40d3ccef2/20260728T134604Z_p9_18/fault_injection/p9_18/mailbox/fault_stale_path.dma_snapshot_00.psv
P9_CASE_PASS=fault_stale_path
P9_DMA_DIAGNOSTIC_SNAPSHOT=C:/Users/user/Documents/RF_COMM_MULTILANE_P9/evidence/hardware/p9_diagnostics/p9_20260728T134254Z_8157716a47a9_9ef40d3ccef2/20260728T134604Z_p9_18/fault_injection/p9_18/mailbox/fault_future_sequence.dma_snapshot_00.psv
P9_CASE_PASS=fault_future_sequence
P9_DMA_DIAGNOSTIC_SNAPSHOT=C:/Users/user/Documents/RF_COMM_MULTILANE_P9/evidence/hardware/p9_diagnostics/p9_20260728T134254Z_8157716a47a9_9ef40d3ccef2/20260728T134604Z_p9_18/fault_injection/p9_18/mailbox/fault_old_sequence.dma_snapshot_00.psv
P9_CASE_PASS=fault_old_sequence
P9_DMA_DIAGNOSTIC_SNAPSHOT=C:/Users/user/Documents/RF_COMM_MULTILANE_P9/evidence/hardware/p9_diagnostics/p9_20260728T134254Z_8157716a47a9_9ef40d3ccef2/20260728T134604Z_p9_18/fault_injection/p9_18/mailbox/fault_duplicate_ack.dma_snapshot_00.psv
P9_CASE_PASS=fault_duplicate_ack
P9_DMA_DIAGNOSTIC_SNAPSHOT=C:/Users/user/Documents/RF_COMM_MULTILANE_P9/evidence/hardware/p9_diagnostics/p9_20260728T134254Z_8157716a47a9_9ef40d3ccef2/20260728T134604Z_p9_18/fault_injection/p9_18/mailbox/fault_reorder.dma_snapshot_00.psv
P9_CASE_PASS=fault_reorder
P9_DMA_DIAGNOSTIC_SNAPSHOT=C:/Users/user/Documents/RF_COMM_MULTILANE_P9/evidence/hardware/p9_diagnostics/p9_20260728T134254Z_8157716a47a9_9ef40d3ccef2/20260728T134604Z_p9_18/fault_injection/p9_18/mailbox/fault_crc_corruption.dma_snapshot_00.psv
P9_CASE_PASS=fault_crc_corruption
P9_DMA_DIAGNOSTIC_SNAPSHOT=C:/Users/user/Documents/RF_COMM_MULTILANE_P9/evidence/hardware/p9_diagnostics/p9_20260728T134254Z_8157716a47a9_9ef40d3ccef2/20260728T134604Z_p9_18/fault_injection/p9_18/mailbox/fault_retry_exhausted.dma_snapshot_00.psv
P9_CASE_PASS=fault_retry_exhausted
P9_CASE_PASS=fault_recovery_soft_reset
P9_DMA_DIAGNOSTIC_SNAPSHOT=C:/Users/user/Documents/RF_COMM_MULTILANE_P9/evidence/hardware/p9_diagnostics/p9_20260728T134254Z_8157716a47a9_9ef40d3ccef2/20260728T134604Z_p9_18/fault_injection/p9_18/mailbox/fault_post_recovery_clean.dma_snapshot_00.psv
P9_CASE_PASS=fault_post_recovery_clean
P9_CASE_PASS=P9-18_endpoint_shutdown
P9_ENDPOINT_SHUTDOWN=PASS
P9_XSDB_STAGE_RESULT=PASS
