COMMAND=D:\Xilinx\Vivado\2023.1\bin\xsim.bat tb_ir_scheduler_migration_snapshot -runall
RETURN_CODE=0
STARTED_UTC=2026-07-26T09:34:08.187544Z
FINISHED_UTC=2026-07-26T09:34:10.735793Z
STDOUT_BEGIN

****** xsim v2023.1 (64-bit)
  **** SW Build 3865809 on Sun May  7 15:05:29 MDT 2023
  **** IP Build 3864474 on Sun May  7 20:36:21 MDT 2023
  **** SharedData Build 3865790 on Sun May 07 13:33:03 MDT 2023
    ** Copyright 1986-2022 Xilinx, Inc. All Rights Reserved.
    ** Copyright 2022-2023 Advanced Micro Devices, Inc. All Rights Reserved.

source xsim.dir/tb_ir_scheduler_migration_snapshot/xsim_script.tcl
# xsim {tb_ir_scheduler_migration_snapshot} -autoloadwcfg -runall
Time resolution is 1 ps
run -all
P8D_HEALTH_AWARE_WEIGHTED_SCHEDULER_PASS=1
P8D_SCHEDULER_FAIRNESS_PASS=1
P8D_RETRY_MIGRATION_ACKED_BLOCK_PASS=1
TB_IR_SCHEDULER_MIGRATION_PASS=1
$finish called at time : 17139 ns : File "C:/Users/user/Documents/RF_COMM_MULTILANE_P9/sim/tb/tb_ir_scheduler_migration.sv" Line 132
exit
INFO: [Common 17-206] Exiting xsim at Sun Jul 26 17:34:10 2026...
STDOUT_END
STDERR_BEGIN

STDERR_END
