Copyright 1986-2022 Xilinx, Inc. All Rights Reserved. Copyright 2022-2023 Advanced Micro Devices, Inc. All Rights Reserved.
--------------------------------------------------------------------------------------------------------------------------------------------------------------------------------------------------------------------
| Tool Version : Vivado v.2023.1 (win64) Build 3865809 Sun May  7 15:05:29 MDT 2023
| Date         : Sun Jul 26 21:20:56 2026
| Host         : DESKTOP-PU0AECA running 64-bit major release  (build 9200)
| Command      : report_utilization -hierarchical -hierarchical_depth 6 -file C:/Users/user/Documents/RF_COMM_MULTILANE_P9/evidence/generated/vivado/p9_z7010_candidate/failed_339567_post_opt_hier_utilization.rpt
| Design       : p9_ps_system_wrapper
| Device       : xc7z010clg400-1
| Speed File   : -1
| Design State : Optimized
--------------------------------------------------------------------------------------------------------------------------------------------------------------------------------------------------------------------

Utilization Design Information

Table of Contents
-----------------
1. Utilization by Hierarchy

1. Utilization by Hierarchy
---------------------------

+-------------------------------------------------------------------------+---------------------------------------------------------------------------------------------------+------------+------------+---------+------+-------+--------+--------+------------+
|                                 Instance                                |                                               Module                                              | Total LUTs | Logic LUTs | LUTRAMs | SRLs |  FFs  | RAMB36 | RAMB18 | DSP Blocks |
+-------------------------------------------------------------------------+---------------------------------------------------------------------------------------------------+------------+------------+---------+------+-------+--------+--------+------------+
| p9_ps_system_wrapper                                                    |                                                                                             (top) |      15387 |      14575 |     420 |  392 | 15516 |     16 |      2 |          0 |
|   (p9_ps_system_wrapper)                                                |                                                                                             (top) |          0 |          0 |       0 |    0 |     0 |      0 |      0 |          0 |
|   p9_ps_system_i                                                        |                                                                                      p9_ps_system |      15387 |      14575 |     420 |  392 | 15516 |     16 |      2 |          0 |
|     (p9_ps_system_i)                                                    |                                                                                      p9_ps_system |          0 |          0 |       0 |    0 |     0 |      0 |      0 |          0 |
|     axi_dma_0                                                           |                                                                          p9_ps_system_axi_dma_0_0 |       2368 |       2117 |       8 |  243 |  3886 |      2 |      0 |          0 |
|       (axi_dma_0)                                                       |                                                                          p9_ps_system_axi_dma_0_0 |          0 |          0 |       0 |    0 |     0 |      0 |      0 |          0 |
|       U0                                                                |                                                                  p9_ps_system_axi_dma_0_0_axi_dma |       2368 |       2117 |       8 |  243 |  3886 |      2 |      0 |          0 |
|         GEN_SG_ENGINE.I_SG_ENGINE                                       |                                                                   p9_ps_system_axi_dma_0_0_axi_sg |        482 |        443 |       0 |   39 |  1256 |      0 |      0 |          0 |
|           (GEN_SG_ENGINE.I_SG_ENGINE)                                   |                                                                   p9_ps_system_axi_dma_0_0_axi_sg |          0 |          0 |       0 |    0 |    26 |      0 |      0 |          0 |
|           GEN_DESC_UPDATE.I_SG_UPDATE_MNGR                              |                                                         p9_ps_system_axi_dma_0_0_axi_sg_updt_mngr |         37 |         37 |       0 |    0 |    80 |      0 |      0 |          0 |
|             I_UPDT_CMDSTS_IF                                            |                                                    p9_ps_system_axi_dma_0_0_axi_sg_updt_cmdsts_if |          4 |          4 |       0 |    0 |     6 |      0 |      0 |          0 |
|             I_UPDT_SG                                                   |                                                           p9_ps_system_axi_dma_0_0_axi_sg_updt_sm |         33 |         33 |       0 |    0 |    74 |      0 |      0 |          0 |
|           GEN_DESC_UPDATE.I_SG_UPDATE_QUEUE                             |                                                       p9_ps_system_axi_dma_0_0_axi_sg_updt_q_mngr |        104 |         70 |       0 |   34 |   204 |      0 |      0 |          0 |
|             GEN_QUEUE.I_UPDT_DESC_QUEUE                                 |                                                        p9_ps_system_axi_dma_0_0_axi_sg_updt_queue |        104 |         70 |       0 |   34 |   204 |      0 |      0 |          0 |
|           GEN_INTERRUPT_LOGIC.I_AXI_SG_INTRPT                           |                                                            p9_ps_system_axi_dma_0_0_axi_sg_intrpt |         66 |         66 |       0 |    0 |    54 |      0 |      0 |          0 |
|           I_SG_AXI_DATAMOVER                                            |                                                         p9_ps_system_axi_dma_0_0_axi_sg_datamover |         90 |         85 |       0 |    5 |   268 |      0 |      0 |          0 |
|             GEN_MM2S_BASIC.I_MM2S_BASIC_WRAPPER                         |                                                   p9_ps_system_axi_dma_0_0_axi_sg_mm2s_basic_wrap |         26 |         26 |       0 |    0 |   115 |      0 |      0 |          0 |
|             GEN_S2MM_BASIC.I_S2MM_BASIC_WRAPPER                         |                                                   p9_ps_system_axi_dma_0_0_axi_sg_s2mm_basic_wrap |         64 |         59 |       0 |    5 |   153 |      0 |      0 |          0 |
|           I_SG_FETCH_MNGR                                               |                                                         p9_ps_system_axi_dma_0_0_axi_sg_ftch_mngr |         68 |         68 |       0 |    0 |   107 |      0 |      0 |          0 |
|             I_FTCH_CMDSTS_IF                                            |                                                    p9_ps_system_axi_dma_0_0_axi_sg_ftch_cmdsts_if |         11 |         11 |       0 |    0 |     9 |      0 |      0 |          0 |
|             I_FTCH_PNTR_MNGR                                            |                                                         p9_ps_system_axi_dma_0_0_axi_sg_ftch_pntr |         17 |         17 |       0 |    0 |    58 |      0 |      0 |          0 |
|             I_FTCH_SG                                                   |                                                           p9_ps_system_axi_dma_0_0_axi_sg_ftch_sm |         40 |         40 |       0 |    0 |    40 |      0 |      0 |          0 |
|           I_SG_FETCH_QUEUE                                              |                                                       p9_ps_system_axi_dma_0_0_axi_sg_ftch_q_mngr |        117 |        117 |       0 |    0 |   517 |      0 |      0 |          0 |
|             (I_SG_FETCH_QUEUE)                                          |                                                       p9_ps_system_axi_dma_0_0_axi_sg_ftch_q_mngr |         56 |         56 |       0 |    0 |   100 |      0 |      0 |          0 |
|             GEN_QUEUE.FTCH_QUEUE_I                                      |                                                        p9_ps_system_axi_dma_0_0_axi_sg_ftch_queue |         61 |         61 |       0 |    0 |   417 |      0 |      0 |          0 |
|         INCLUDE_MM2S_SOF_EOF_GENERATOR.I_MM2S_DMA_MNGR                  |                                                        p9_ps_system_axi_dma_0_0_axi_dma_mm2s_mngr |         54 |         28 |       0 |   26 |    88 |      0 |      0 |          0 |
|           (INCLUDE_MM2S_SOF_EOF_GENERATOR.I_MM2S_DMA_MNGR)              |                                                        p9_ps_system_axi_dma_0_0_axi_dma_mm2s_mngr |          1 |          1 |       0 |    0 |     3 |      0 |      0 |          0 |
|           GEN_MM2S_DMA_CONTROL.GEN_SCATTER_GATHER_MODE.I_MM2S_SG_IF     |                                                       p9_ps_system_axi_dma_0_0_axi_dma_mm2s_sg_if |         44 |         18 |       0 |   26 |    68 |      0 |      0 |          0 |
|             (GEN_MM2S_DMA_CONTROL.GEN_SCATTER_GATHER_MODE.I_MM2S_SG_IF) |                                                       p9_ps_system_axi_dma_0_0_axi_dma_mm2s_sg_if |          6 |          6 |       0 |    0 |    62 |      0 |      0 |          0 |
|             GEN_UPDT_FOR_QUEUE.GEN_NO_MICRO_DMA.XFERRED_BYTE_FIFO       |                                               p9_ps_system_axi_dma_0_0_srl_fifo_f__parameterized2 |         38 |         12 |       0 |   26 |     6 |      0 |      0 |          0 |
|           GEN_MM2S_DMA_CONTROL.GEN_SCATTER_GATHER_MODE.I_MM2S_SM        |                                                          p9_ps_system_axi_dma_0_0_axi_dma_mm2s_sm |          5 |          5 |       0 |    0 |     6 |      0 |      0 |          0 |
|           GEN_MM2S_DMA_CONTROL.I_MM2S_CMDSTS                            |                                                   p9_ps_system_axi_dma_0_0_axi_dma_mm2s_cmdsts_if |          3 |          3 |       0 |    0 |     8 |      0 |      0 |          0 |
|           GEN_MM2S_DMA_CONTROL.I_MM2S_STS_MNGR                          |                                                    p9_ps_system_axi_dma_0_0_axi_dma_mm2s_sts_mngr |          1 |          1 |       0 |    0 |     3 |      0 |      0 |          0 |
|         INCLUDE_MM2S_SOF_EOF_GENERATOR.I_MM2S_SOFEOF_GEN                |                                                       p9_ps_system_axi_dma_0_0_axi_dma_sofeof_gen |          5 |          5 |       0 |    0 |     7 |      0 |      0 |          0 |
|         INCLUDE_S2MM_SOF_EOF_GENERATOR.I_S2MM_DMA_MNGR                  |                                                        p9_ps_system_axi_dma_0_0_axi_dma_s2mm_mngr |         73 |         73 |       0 |    0 |   128 |      0 |      0 |          0 |
|           (INCLUDE_S2MM_SOF_EOF_GENERATOR.I_S2MM_DMA_MNGR)              |                                                        p9_ps_system_axi_dma_0_0_axi_dma_s2mm_mngr |          0 |          0 |       0 |    0 |     2 |      0 |      0 |          0 |
|           GEN_S2MM_DMA_CONTROL.GEN_SCATTER_GATHER_MODE.I_S2MM_SG_IF     |                                                       p9_ps_system_axi_dma_0_0_axi_dma_s2mm_sg_if |         19 |         19 |       0 |    0 |    78 |      0 |      0 |          0 |
|           GEN_S2MM_DMA_CONTROL.GEN_SCATTER_GATHER_MODE.I_S2MM_SM        |                                                          p9_ps_system_axi_dma_0_0_axi_dma_s2mm_sm |          7 |          7 |       0 |    0 |     5 |      0 |      0 |          0 |
|           GEN_S2MM_DMA_CONTROL.GEN_STS_STREAM.I_S2MM_STS_STREAM         |                                                    p9_ps_system_axi_dma_0_0_axi_dma_s2mm_sts_strm |          6 |          6 |       0 |    0 |     6 |      0 |      0 |          0 |
|             (GEN_S2MM_DMA_CONTROL.GEN_STS_STREAM.I_S2MM_STS_STREAM)     |                                                    p9_ps_system_axi_dma_0_0_axi_dma_s2mm_sts_strm |          0 |          0 |       0 |    0 |     1 |      0 |      0 |          0 |
|             GEN_SYNC_FIFO.I_UPDT_STS_FIFO                               |                                               p9_ps_system_axi_dma_0_0_srl_fifo_f__parameterized3 |          6 |          6 |       0 |    0 |     5 |      0 |      0 |          0 |
|           GEN_S2MM_DMA_CONTROL.I_S2MM_CMDSTS                            |                                                   p9_ps_system_axi_dma_0_0_axi_dma_s2mm_cmdsts_if |         40 |         40 |       0 |    0 |    34 |      0 |      0 |          0 |
|           GEN_S2MM_DMA_CONTROL.I_S2MM_STS_MNGR                          |                                                    p9_ps_system_axi_dma_0_0_axi_dma_s2mm_sts_mngr |          1 |          1 |       0 |    0 |     3 |      0 |      0 |          0 |
|         INCLUDE_S2MM_SOF_EOF_GENERATOR.I_S2MM_SOFEOF_GEN                |                                                     p9_ps_system_axi_dma_0_0_axi_dma_sofeof_gen_0 |          5 |          5 |       0 |    0 |     7 |      0 |      0 |          0 |
|         I_AXI_DMA_REG_MODULE                                            |                                                       p9_ps_system_axi_dma_0_0_axi_dma_reg_module |        274 |        274 |       0 |    0 |   538 |      0 |      0 |          0 |
|           GEN_AXI_LITE_IF.AXI_LITE_IF_I                                 |                                                          p9_ps_system_axi_dma_0_0_axi_dma_lite_if |        141 |        141 |       0 |    0 |   340 |      0 |      0 |          0 |
|             (GEN_AXI_LITE_IF.AXI_LITE_IF_I)                             |                                                          p9_ps_system_axi_dma_0_0_axi_dma_lite_if |        117 |        117 |       0 |    0 |   117 |      0 |      0 |          0 |
|             GEN_ASYNC_READ.REG_ARVALID_TO_IPCLK                         |                                                 p9_ps_system_axi_dma_0_0_cdc_sync__parameterized3 |          1 |          1 |       0 |    0 |     4 |      0 |      0 |          0 |
|             GEN_ASYNC_READ.REG_DATA2LITE_CLOCK                          |                                                 p9_ps_system_axi_dma_0_0_cdc_sync__parameterized4 |          0 |          0 |       0 |    0 |   128 |      0 |      0 |          0 |
|             GEN_ASYNC_READ.REG_RADDR_TO_IPCLK                           |                                                 p9_ps_system_axi_dma_0_0_cdc_sync__parameterized2 |          0 |          0 |       0 |    0 |    40 |      0 |      0 |          0 |
|             GEN_ASYNC_WRITE.AWVLD_CDC_TO                                |                                                              p9_ps_system_axi_dma_0_0_cdc_sync_37 |          1 |          1 |       0 |    0 |     4 |      0 |      0 |          0 |
|             GEN_ASYNC_WRITE.REG2_WREADY                                 |                                                              p9_ps_system_axi_dma_0_0_cdc_sync_38 |          1 |          1 |       0 |    0 |     4 |      0 |      0 |          0 |
|             GEN_ASYNC_WRITE.REG3_WREADY                                 |                                                              p9_ps_system_axi_dma_0_0_cdc_sync_39 |          1 |          1 |       0 |    0 |     4 |      0 |      0 |          0 |
|             GEN_ASYNC_WRITE.REG_WADDR_TO_IPCLK                          |                                                 p9_ps_system_axi_dma_0_0_cdc_sync__parameterized0 |          8 |          8 |       0 |    0 |     5 |      0 |      0 |          0 |
|             GEN_ASYNC_WRITE.REG_WADDR_TO_IPCLK1                         |                                                 p9_ps_system_axi_dma_0_0_cdc_sync__parameterized1 |         11 |         11 |       0 |    0 |    30 |      0 |      0 |          0 |
|             GEN_ASYNC_WRITE.WVLD_CDC_TO                                 |                                                              p9_ps_system_axi_dma_0_0_cdc_sync_40 |          1 |          1 |       0 |    0 |     4 |      0 |      0 |          0 |
|           GEN_MM2S_REGISTERS.GEN_INTROUT_ASYNC.PROC_REG_INTR2LITE       |                                                              p9_ps_system_axi_dma_0_0_cdc_sync_35 |          0 |          0 |       0 |    0 |     4 |      0 |      0 |          0 |
|           GEN_MM2S_REGISTERS.I_MM2S_DMA_REGISTER                        |                                                         p9_ps_system_axi_dma_0_0_axi_dma_register |         68 |         68 |       0 |    0 |    95 |      0 |      0 |          0 |
|           GEN_S2MM_REGISTERS.GEN_INTROUT_ASYNC.PROC_REG_INTR2LITE       |                                                              p9_ps_system_axi_dma_0_0_cdc_sync_36 |          0 |          0 |       0 |    0 |     4 |      0 |      0 |          0 |
|           GEN_S2MM_REGISTERS.I_S2MM_DMA_REGISTER                        |                                                    p9_ps_system_axi_dma_0_0_axi_dma_register_s2mm |         65 |         65 |       0 |    0 |    95 |      0 |      0 |          0 |
|         I_PRMRY_DATAMOVER                                               |                                                            p9_ps_system_axi_dma_0_0_axi_datamover |       1443 |       1257 |       8 |  178 |  1776 |      2 |      0 |          0 |
|           GEN_MM2S_FULL.I_MM2S_FULL_WRAPPER                             |                                             p9_ps_system_axi_dma_0_0_axi_datamover_mm2s_full_wrap |        492 |        433 |       0 |   59 |   602 |      1 |      0 |          0 |
|             ENABLE_AXIS_SKID.I_MM2S_SKID_BUF                            |                                                p9_ps_system_axi_dma_0_0_axi_datamover_skid_buf_18 |         45 |         45 |       0 |    0 |    80 |      0 |      0 |          0 |
|             GEN_INCLUDE_MM2S_DRE.I_DRE_16_to_64                         |                                                   p9_ps_system_axi_dma_0_0_axi_datamover_mm2s_dre |         83 |         83 |       0 |    0 |   113 |      0 |      0 |          0 |
|             GEN_INCLUDE_MM2S_SF.I_RD_SF                                 |                                                      p9_ps_system_axi_dma_0_0_axi_datamover_rd_sf |         88 |         85 |       0 |    3 |    63 |      1 |      0 |          0 |
|             I_ADDR_CNTL                                                 |                                                  p9_ps_system_axi_dma_0_0_axi_datamover_addr_cntl |         49 |         10 |       0 |   39 |    50 |      0 |      0 |          0 |
|             I_CMD_STATUS                                                |                                                 p9_ps_system_axi_dma_0_0_axi_datamover_cmd_status |         10 |         10 |       0 |    0 |    73 |      0 |      0 |          0 |
|             I_MSTR_PCC                                                  |                                                        p9_ps_system_axi_dma_0_0_axi_datamover_pcc |        149 |        149 |       0 |    0 |   169 |      0 |      0 |          0 |
|             I_RD_DATA_CNTL                                              |                                                p9_ps_system_axi_dma_0_0_axi_datamover_rddata_cntl |         63 |         46 |       0 |   17 |    45 |      0 |      0 |          0 |
|             I_RD_STATUS_CNTLR                                           |                                             p9_ps_system_axi_dma_0_0_axi_datamover_rd_status_cntl |          3 |          3 |       0 |    0 |     6 |      0 |      0 |          0 |
|             I_RESET                                                     |                                                   p9_ps_system_axi_dma_0_0_axi_datamover_reset_19 |          2 |          2 |       0 |    0 |     3 |      0 |      0 |          0 |
|           GEN_S2MM_FULL.I_S2MM_FULL_WRAPPER                             |                                             p9_ps_system_axi_dma_0_0_axi_datamover_s2mm_full_wrap |        951 |        824 |       8 |  119 |  1174 |      1 |      0 |          0 |
|             ENABLE_AXIS_SKID.I_S2MM_STRM_SKID_BUF                       |                                                   p9_ps_system_axi_dma_0_0_axi_datamover_skid_buf |         48 |         48 |       0 |    0 |    80 |      0 |      0 |          0 |
|             GEN_ENABLE_INDET_BTT_SF.I_INDET_BTT                         |                                                  p9_ps_system_axi_dma_0_0_axi_datamover_indet_btt |        171 |        163 |       8 |    0 |   193 |      1 |      0 |          0 |
|             GEN_INCLUDE_IBTTCC.I_S2MM_MSTR_IBTTCC                       |                                                     p9_ps_system_axi_dma_0_0_axi_datamover_ibttcc |        160 |        160 |       0 |    0 |   252 |      0 |      0 |          0 |
|             GEN_INCLUDE_REALIGNER.I_S2MM_REALIGNER                      |                                               p9_ps_system_axi_dma_0_0_axi_datamover_s2mm_realign |        316 |        278 |       0 |   38 |   301 |      0 |      0 |          0 |
|             I_ADDR_CNTL                                                 |                                  p9_ps_system_axi_dma_0_0_axi_datamover_addr_cntl__parameterized0 |         49 |          9 |       0 |   40 |    50 |      0 |      0 |          0 |
|             I_CMD_STATUS                                                |                                 p9_ps_system_axi_dma_0_0_axi_datamover_cmd_status__parameterized0 |         21 |         21 |       0 |    0 |    95 |      0 |      0 |          0 |
|             I_RESET                                                     |                                                      p9_ps_system_axi_dma_0_0_axi_datamover_reset |          3 |          3 |       0 |    0 |     3 |      0 |      0 |          0 |
|             I_S2MM_MMAP_SKID_BUF                                        |                                                p9_ps_system_axi_dma_0_0_axi_datamover_skid2mm_buf |         37 |         37 |       0 |    0 |    78 |      0 |      0 |          0 |
|             I_WR_DATA_CNTL                                              |                                                p9_ps_system_axi_dma_0_0_axi_datamover_wrdata_cntl |         83 |         73 |       0 |   10 |    65 |      0 |      0 |          0 |
|             I_WR_STATUS_CNTLR                                           |                                             p9_ps_system_axi_dma_0_0_axi_datamover_wr_status_cntl |         70 |         39 |       0 |   31 |    57 |      0 |      0 |          0 |
|         I_RST_MODULE                                                    |                                                       p9_ps_system_axi_dma_0_0_axi_dma_rst_module |         32 |         32 |       0 |    0 |    86 |      0 |      0 |          0 |
|           (I_RST_MODULE)                                                |                                                       p9_ps_system_axi_dma_0_0_axi_dma_rst_module |          4 |          4 |       0 |    0 |     2 |      0 |      0 |          0 |
|           GEN_RESET_FOR_MM2S.RESET_I                                    |                                                            p9_ps_system_axi_dma_0_0_axi_dma_reset |         13 |         13 |       0 |    0 |    39 |      0 |      0 |          0 |
|             (GEN_RESET_FOR_MM2S.RESET_I)                                |                                                            p9_ps_system_axi_dma_0_0_axi_dma_reset |         11 |         11 |       0 |    0 |    27 |      0 |      0 |          0 |
|             GEN_ASYNC_RESET.GEN_PRMRY_GRTR_EQL_SCNDRY.HALT_PROCESS      |                                                               p9_ps_system_axi_dma_0_0_cdc_sync_6 |          0 |          0 |       0 |    0 |     4 |      0 |      0 |          0 |
|             GEN_ASYNC_RESET.REG_HALT_CMPLT_IN                           |                                                               p9_ps_system_axi_dma_0_0_cdc_sync_7 |          1 |          1 |       0 |    0 |     4 |      0 |      0 |          0 |
|             GEN_ASYNC_RESET.REG_RESET_OUT                               |                                                               p9_ps_system_axi_dma_0_0_cdc_sync_8 |          1 |          1 |       0 |    0 |     4 |      0 |      0 |          0 |
|           GEN_RESET_FOR_S2MM.RESET_I                                    |                                                          p9_ps_system_axi_dma_0_0_axi_dma_reset_1 |         15 |         15 |       0 |    0 |    37 |      0 |      0 |          0 |
|             (GEN_RESET_FOR_S2MM.RESET_I)                                |                                                          p9_ps_system_axi_dma_0_0_axi_dma_reset_1 |         13 |         13 |       0 |    0 |    25 |      0 |      0 |          0 |
|             GEN_ASYNC_RESET.GEN_PRMRY_GRTR_EQL_SCNDRY.HALT_PROCESS      |                                                               p9_ps_system_axi_dma_0_0_cdc_sync_3 |          0 |          0 |       0 |    0 |     4 |      0 |      0 |          0 |
|             GEN_ASYNC_RESET.REG_HALT_CMPLT_IN                           |                                                               p9_ps_system_axi_dma_0_0_cdc_sync_4 |          1 |          1 |       0 |    0 |     4 |      0 |      0 |          0 |
|             GEN_ASYNC_RESET.REG_RESET_OUT                               |                                                               p9_ps_system_axi_dma_0_0_cdc_sync_5 |          1 |          1 |       0 |    0 |     4 |      0 |      0 |          0 |
|           REG_HRD_RST                                                   |                                                                 p9_ps_system_axi_dma_0_0_cdc_sync |          0 |          0 |       0 |    0 |     4 |      0 |      0 |          0 |
|           REG_HRD_RST_OUT                                               |                                                               p9_ps_system_axi_dma_0_0_cdc_sync_2 |          0 |          0 |       0 |    0 |     4 |      0 |      0 |          0 |
|     dma_irq_concat                                                      |                                                                     p9_ps_system_dma_irq_concat_0 |          0 |          0 |       0 |    0 |     0 |      0 |      0 |          0 |
|     gp0_interconnect                                                    |                                                                   p9_ps_system_gp0_interconnect_0 |        538 |        473 |       0 |   65 |   677 |      0 |      0 |          0 |
|       s00_couplers                                                      |                                                                           s00_couplers_imp_E12HQB |        419 |        354 |       0 |   65 |   550 |      0 |      0 |          0 |
|         auto_pc                                                         |                                                                            p9_ps_system_auto_pc_0 |        419 |        354 |       0 |   65 |   550 |      0 |      0 |          0 |
|           inst                                                          |                      p9_ps_system_auto_pc_0_axi_protocol_converter_v2_1_28_axi_protocol_converter |        419 |        354 |       0 |   65 |   550 |      0 |      0 |          0 |
|             gen_axilite.gen_b2s_conv.axilite_b2s                        |                                         p9_ps_system_auto_pc_0_axi_protocol_converter_v2_1_28_b2s |        419 |        354 |       0 |   65 |   550 |      0 |      0 |          0 |
|       xbar                                                              |                                                                               p9_ps_system_xbar_0 |        119 |        119 |       0 |    0 |   127 |      0 |      0 |          0 |
|         inst                                                            |                                             p9_ps_system_xbar_0_axi_crossbar_v2_1_29_axi_crossbar |        119 |        119 |       0 |    0 |   127 |      0 |      0 |          0 |
|           gen_sasd.crossbar_sasd_0                                      |                                            p9_ps_system_xbar_0_axi_crossbar_v2_1_29_crossbar_sasd |        119 |        119 |       0 |    0 |   127 |      0 |      0 |          0 |
|             (gen_sasd.crossbar_sasd_0)                                  |                                            p9_ps_system_xbar_0_axi_crossbar_v2_1_29_crossbar_sasd |          2 |          2 |       0 |    0 |     6 |      0 |      0 |          0 |
|             addr_arbiter_inst                                           |                                        p9_ps_system_xbar_0_axi_crossbar_v2_1_29_addr_arbiter_sasd |         67 |         67 |       0 |    0 |    38 |      0 |      0 |          0 |
|             gen_decerr.decerr_slave_inst                                |                                             p9_ps_system_xbar_0_axi_crossbar_v2_1_29_decerr_slave |          8 |          8 |       0 |    0 |     4 |      0 |      0 |          0 |
|             reg_slice_r                                                 |                                p9_ps_system_xbar_0_axi_register_slice_v2_1_28_axic_register_slice |         38 |         38 |       0 |    0 |    74 |      0 |      0 |          0 |
|             splitter_ar                                                 |                                 p9_ps_system_xbar_0_axi_crossbar_v2_1_29_splitter__parameterized0 |          1 |          1 |       0 |    0 |     2 |      0 |      0 |          0 |
|             splitter_aw                                                 |                                                 p9_ps_system_xbar_0_axi_crossbar_v2_1_29_splitter |          3 |          3 |       0 |    0 |     3 |      0 |      0 |          0 |
|     hp0_interconnect                                                    |                                                                   p9_ps_system_hp0_interconnect_0 |       1560 |       1469 |      10 |   81 |  1517 |      0 |      0 |          0 |
|       m00_couplers                                                      |                                                                          m00_couplers_imp_1WLY9TK |        364 |        354 |      10 |    0 |   390 |      0 |      0 |          0 |
|         auto_pc                                                         |                                                                            p9_ps_system_auto_pc_1 |        364 |        354 |      10 |    0 |   390 |      0 |      0 |          0 |
|           (auto_pc)                                                     |                                                                            p9_ps_system_auto_pc_1 |          0 |          0 |       0 |    0 |     0 |      0 |      0 |          0 |
|           inst                                                          |                      p9_ps_system_auto_pc_1_axi_protocol_converter_v2_1_28_axi_protocol_converter |        364 |        354 |      10 |    0 |   390 |      0 |      0 |          0 |
|             gen_axi4_axi3.axi3_conv_inst                                |                                   p9_ps_system_auto_pc_1_axi_protocol_converter_v2_1_28_axi3_conv |        364 |        354 |      10 |    0 |   390 |      0 |      0 |          0 |
|       s00_couplers                                                      |                                                                          s00_couplers_imp_1SYI1NV |        174 |        153 |       0 |   21 |   228 |      0 |      0 |          0 |
|         auto_us                                                         |                                                                            p9_ps_system_auto_us_0 |        174 |        153 |       0 |   21 |   228 |      0 |      0 |          0 |
|           inst                                                          |                                           p9_ps_system_auto_us_0_axi_dwidth_converter_v2_1_28_top |        174 |        153 |       0 |   21 |   228 |      0 |      0 |          0 |
|             gen_upsizer.gen_full_upsizer.axi_upsizer_inst               |                                   p9_ps_system_auto_us_0_axi_dwidth_converter_v2_1_28_axi_upsizer |        174 |        153 |       0 |   21 |   228 |      0 |      0 |          0 |
|       s01_couplers                                                      |                                                                          s01_couplers_imp_1Y988IZ |        198 |        176 |       0 |   22 |   166 |      0 |      0 |          0 |
|         auto_us                                                         |                                                                            p9_ps_system_auto_us_1 |        198 |        176 |       0 |   22 |   166 |      0 |      0 |          0 |
|           inst                                                          |                                           p9_ps_system_auto_us_1_axi_dwidth_converter_v2_1_28_top |        198 |        176 |       0 |   22 |   166 |      0 |      0 |          0 |
|             gen_upsizer.gen_full_upsizer.axi_upsizer_inst               |                                   p9_ps_system_auto_us_1_axi_dwidth_converter_v2_1_28_axi_upsizer |        198 |        176 |       0 |   22 |   166 |      0 |      0 |          0 |
|       s02_couplers                                                      |                                                                          s02_couplers_imp_1IGTWTN |        341 |        309 |       0 |   32 |   369 |      0 |      0 |          0 |
|         auto_us                                                         |                                                                            p9_ps_system_auto_us_2 |        341 |        309 |       0 |   32 |   369 |      0 |      0 |          0 |
|           inst                                                          |                                           p9_ps_system_auto_us_2_axi_dwidth_converter_v2_1_28_top |        341 |        309 |       0 |   32 |   369 |      0 |      0 |          0 |
|             gen_upsizer.gen_full_upsizer.axi_upsizer_inst               |                                   p9_ps_system_auto_us_2_axi_dwidth_converter_v2_1_28_axi_upsizer |        341 |        309 |       0 |   32 |   369 |      0 |      0 |          0 |
|       xbar                                                              |                                                                               p9_ps_system_xbar_1 |        483 |        477 |       0 |    6 |   364 |      0 |      0 |          0 |
|         inst                                                            |                                             p9_ps_system_xbar_1_axi_crossbar_v2_1_29_axi_crossbar |        483 |        477 |       0 |    6 |   364 |      0 |      0 |          0 |
|           gen_samd.crossbar_samd                                        |                                                 p9_ps_system_xbar_1_axi_crossbar_v2_1_29_crossbar |        483 |        477 |       0 |    6 |   364 |      0 |      0 |          0 |
|             (gen_samd.crossbar_samd)                                    |                                                 p9_ps_system_xbar_1_axi_crossbar_v2_1_29_crossbar |          2 |          2 |       0 |    0 |    11 |      0 |      0 |          0 |
|             addr_arbiter_ar                                             |                                             p9_ps_system_xbar_1_axi_crossbar_v2_1_29_addr_arbiter |         45 |         45 |       0 |    0 |    56 |      0 |      0 |          0 |
|             addr_arbiter_aw                                             |                                           p9_ps_system_xbar_1_axi_crossbar_v2_1_29_addr_arbiter_0 |         67 |         67 |       0 |    0 |    58 |      0 |      0 |          0 |
|             gen_decerr_slave.decerr_slave_inst                          |                                             p9_ps_system_xbar_1_axi_crossbar_v2_1_29_decerr_slave |         23 |         23 |       0 |    0 |    20 |      0 |      0 |          0 |
|             gen_master_slots[0].gen_mi_write.wdata_mux_w                |                                                p9_ps_system_xbar_1_axi_crossbar_v2_1_29_wdata_mux |         98 |         96 |       0 |    2 |     9 |      0 |      0 |          0 |
|             gen_master_slots[0].reg_slice_mi                            |                                 p9_ps_system_xbar_1_axi_register_slice_v2_1_28_axi_register_slice |        100 |        100 |       0 |    0 |   147 |      0 |      0 |          0 |
|             gen_master_slots[1].gen_mi_write.wdata_mux_w                |                                p9_ps_system_xbar_1_axi_crossbar_v2_1_29_wdata_mux__parameterized0 |         20 |         18 |       0 |    2 |     8 |      0 |      0 |          0 |
|             gen_master_slots[1].reg_slice_mi                            |                               p9_ps_system_xbar_1_axi_register_slice_v2_1_28_axi_register_slice_1 |         18 |         18 |       0 |    0 |    11 |      0 |      0 |          0 |
|             gen_slave_slots[0].gen_si_read.si_transactor_ar             |                                            p9_ps_system_xbar_1_axi_crossbar_v2_1_29_si_transactor |         24 |         24 |       0 |    0 |     6 |      0 |      0 |          0 |
|             gen_slave_slots[1].gen_si_write.si_transactor_aw            |                            p9_ps_system_xbar_1_axi_crossbar_v2_1_29_si_transactor__parameterized0 |          6 |          6 |       0 |    0 |     6 |      0 |      0 |          0 |
|             gen_slave_slots[1].gen_si_write.splitter_aw_si              |                                                 p9_ps_system_xbar_1_axi_crossbar_v2_1_29_splitter |          6 |          6 |       0 |    0 |     2 |      0 |      0 |          0 |
|             gen_slave_slots[1].gen_si_write.wdata_router_w              |                                             p9_ps_system_xbar_1_axi_crossbar_v2_1_29_wdata_router |         19 |         18 |       0 |    1 |     9 |      0 |      0 |          0 |
|             gen_slave_slots[2].gen_si_read.si_transactor_ar             |                            p9_ps_system_xbar_1_axi_crossbar_v2_1_29_si_transactor__parameterized1 |         23 |         23 |       0 |    0 |     4 |      0 |      0 |          0 |
|             gen_slave_slots[2].gen_si_write.si_transactor_aw            |                            p9_ps_system_xbar_1_axi_crossbar_v2_1_29_si_transactor__parameterized2 |          5 |          5 |       0 |    0 |     4 |      0 |      0 |          0 |
|             gen_slave_slots[2].gen_si_write.splitter_aw_si              |                                               p9_ps_system_xbar_1_axi_crossbar_v2_1_29_splitter_2 |          6 |          6 |       0 |    0 |     2 |      0 |      0 |          0 |
|             gen_slave_slots[2].gen_si_write.wdata_router_w              |                             p9_ps_system_xbar_1_axi_crossbar_v2_1_29_wdata_router__parameterized0 |         18 |         17 |       0 |    1 |     9 |      0 |      0 |          0 |
|             splitter_aw_mi                                              |                                               p9_ps_system_xbar_1_axi_crossbar_v2_1_29_splitter_3 |          3 |          3 |       0 |    0 |     2 |      0 |      0 |          0 |
|     mm2s_axis_clock_converter                                           |                                                          p9_ps_system_mm2s_axis_clock_converter_0 |         90 |         64 |      26 |    0 |   166 |      0 |      0 |          0 |
|       inst                                                              |        p9_ps_system_mm2s_axis_clock_converter_0_axis_clock_converter_v1_1_29_axis_clock_converter |         90 |         64 |      26 |    0 |   166 |      0 |      0 |          0 |
|         gen_async_conv.axisc_async_clock_converter_0                    | p9_ps_system_mm2s_axis_clock_converter_0_axis_clock_converter_v1_1_29_axisc_async_clock_converter |         90 |         64 |      26 |    0 |   166 |      0 |      0 |          0 |
|           (gen_async_conv.axisc_async_clock_converter_0)                | p9_ps_system_mm2s_axis_clock_converter_0_axis_clock_converter_v1_1_29_axisc_async_clock_converter |          3 |          3 |       0 |    0 |     1 |      0 |      0 |          0 |
|           inst_xpm_cdc_sync_rst                                         |                                         p9_ps_system_mm2s_axis_clock_converter_0_xpm_cdc_sync_rst |          0 |          0 |       0 |    0 |     2 |      0 |      0 |          0 |
|           xpm_fifo_async_inst                                           |                                           p9_ps_system_mm2s_axis_clock_converter_0_xpm_fifo_async |         87 |         61 |      26 |    0 |   163 |      0 |      0 |          0 |
|             gnuram_async_fifo.xpm_fifo_base_inst                        |                                            p9_ps_system_mm2s_axis_clock_converter_0_xpm_fifo_base |         87 |         61 |      26 |    0 |   163 |      0 |      0 |          0 |
|     p9_axil_clock_converter                                             |                                                            p9_ps_system_p9_axil_clock_converter_0 |         39 |         39 |       0 |    0 |   280 |      0 |      0 |          0 |
|       inst                                                              |            p9_ps_system_p9_axil_clock_converter_0_axi_clock_converter_v2_1_27_axi_clock_converter |         39 |         39 |       0 |    0 |   280 |      0 |      0 |          0 |
|         gen_clock_conv.gen_async_lite_conv.clock_conv_lite_fwd_ar       |                     p9_ps_system_p9_axil_clock_converter_0_axi_clock_converter_v2_1_27_lite_async |          7 |          7 |       0 |    0 |    40 |      0 |      0 |          0 |
|           (gen_clock_conv.gen_async_lite_conv.clock_conv_lite_fwd_ar)   |                     p9_ps_system_p9_axil_clock_converter_0_axi_clock_converter_v2_1_27_lite_async |          5 |          5 |       0 |    0 |     8 |      0 |      0 |          0 |
|           handshake                                                     |                                          p9_ps_system_p9_axil_clock_converter_0_xpm_cdc_handshake |          2 |          2 |       0 |    0 |    32 |      0 |      0 |          0 |
|             (handshake)                                                 |                                          p9_ps_system_p9_axil_clock_converter_0_xpm_cdc_handshake |          2 |          2 |       0 |    0 |    26 |      0 |      0 |          0 |
|             xpm_cdc_single_dest2src_inst                                |                                         p9_ps_system_p9_axil_clock_converter_0_xpm_cdc_single__13 |          0 |          0 |       0 |    0 |     3 |      0 |      0 |          0 |
|             xpm_cdc_single_src2dest_inst                                |                                         p9_ps_system_p9_axil_clock_converter_0_xpm_cdc_single__12 |          0 |          0 |       0 |    0 |     3 |      0 |      0 |          0 |
|         gen_clock_conv.gen_async_lite_conv.clock_conv_lite_fwd_aw       |          p9_ps_system_p9_axil_clock_converter_0_axi_clock_converter_v2_1_27_lite_async__xdcDup__1 |         11 |         11 |       0 |    0 |    48 |      0 |      0 |          0 |
|           (gen_clock_conv.gen_async_lite_conv.clock_conv_lite_fwd_aw)   |          p9_ps_system_p9_axil_clock_converter_0_axi_clock_converter_v2_1_27_lite_async__xdcDup__1 |          9 |          9 |       0 |    0 |    16 |      0 |      0 |          0 |
|           handshake                                                     |                               p9_ps_system_p9_axil_clock_converter_0_xpm_cdc_handshake__xdcDup__1 |          2 |          2 |       0 |    0 |    32 |      0 |      0 |          0 |
|             (handshake)                                                 |                               p9_ps_system_p9_axil_clock_converter_0_xpm_cdc_handshake__xdcDup__1 |          2 |          2 |       0 |    0 |    26 |      0 |      0 |          0 |
|             xpm_cdc_single_dest2src_inst                                |                                         p9_ps_system_p9_axil_clock_converter_0_xpm_cdc_single__11 |          0 |          0 |       0 |    0 |     3 |      0 |      0 |          0 |
|             xpm_cdc_single_src2dest_inst                                |                                         p9_ps_system_p9_axil_clock_converter_0_xpm_cdc_single__10 |          0 |          0 |       0 |    0 |     3 |      0 |      0 |          0 |
|         gen_clock_conv.gen_async_lite_conv.clock_conv_lite_fwd_w        |     p9_ps_system_p9_axil_clock_converter_0_axi_clock_converter_v2_1_27_lite_async__parameterized0 |          7 |          7 |       0 |    0 |    88 |      0 |      0 |          0 |
|           (gen_clock_conv.gen_async_lite_conv.clock_conv_lite_fwd_w)    |     p9_ps_system_p9_axil_clock_converter_0_axi_clock_converter_v2_1_27_lite_async__parameterized0 |          5 |          5 |       0 |    0 |     8 |      0 |      0 |          0 |
|           handshake                                                     |                          p9_ps_system_p9_axil_clock_converter_0_xpm_cdc_handshake__parameterized0 |          2 |          2 |       0 |    0 |    80 |      0 |      0 |          0 |
|             (handshake)                                                 |                          p9_ps_system_p9_axil_clock_converter_0_xpm_cdc_handshake__parameterized0 |          2 |          2 |       0 |    0 |    74 |      0 |      0 |          0 |
|             xpm_cdc_single_dest2src_inst                                |                                         p9_ps_system_p9_axil_clock_converter_0_xpm_cdc_single__15 |          0 |          0 |       0 |    0 |     3 |      0 |      0 |          0 |
|             xpm_cdc_single_src2dest_inst                                |                                         p9_ps_system_p9_axil_clock_converter_0_xpm_cdc_single__14 |          0 |          0 |       0 |    0 |     3 |      0 |      0 |          0 |
|         gen_clock_conv.gen_async_lite_conv.clock_conv_lite_resp_b       |     p9_ps_system_p9_axil_clock_converter_0_axi_clock_converter_v2_1_27_lite_async__parameterized1 |          7 |          7 |       0 |    0 |    20 |      0 |      0 |          0 |
|           (gen_clock_conv.gen_async_lite_conv.clock_conv_lite_resp_b)   |     p9_ps_system_p9_axil_clock_converter_0_axi_clock_converter_v2_1_27_lite_async__parameterized1 |          5 |          5 |       0 |    0 |     8 |      0 |      0 |          0 |
|           handshake                                                     |                          p9_ps_system_p9_axil_clock_converter_0_xpm_cdc_handshake__parameterized1 |          2 |          2 |       0 |    0 |    12 |      0 |      0 |          0 |
|             (handshake)                                                 |                          p9_ps_system_p9_axil_clock_converter_0_xpm_cdc_handshake__parameterized1 |          2 |          2 |       0 |    0 |     6 |      0 |      0 |          0 |
|             xpm_cdc_single_dest2src_inst                                |                                         p9_ps_system_p9_axil_clock_converter_0_xpm_cdc_single__17 |          0 |          0 |       0 |    0 |     3 |      0 |      0 |          0 |
|             xpm_cdc_single_src2dest_inst                                |                                         p9_ps_system_p9_axil_clock_converter_0_xpm_cdc_single__16 |          0 |          0 |       0 |    0 |     3 |      0 |      0 |          0 |
|         gen_clock_conv.gen_async_lite_conv.clock_conv_lite_resp_r       |     p9_ps_system_p9_axil_clock_converter_0_axi_clock_converter_v2_1_27_lite_async__parameterized2 |          7 |          7 |       0 |    0 |    84 |      0 |      0 |          0 |
|           (gen_clock_conv.gen_async_lite_conv.clock_conv_lite_resp_r)   |     p9_ps_system_p9_axil_clock_converter_0_axi_clock_converter_v2_1_27_lite_async__parameterized2 |          5 |          5 |       0 |    0 |     8 |      0 |      0 |          0 |
|           handshake                                                     |                          p9_ps_system_p9_axil_clock_converter_0_xpm_cdc_handshake__parameterized2 |          2 |          2 |       0 |    0 |    76 |      0 |      0 |          0 |
|             (handshake)                                                 |                          p9_ps_system_p9_axil_clock_converter_0_xpm_cdc_handshake__parameterized2 |          2 |          2 |       0 |    0 |    70 |      0 |      0 |          0 |
|             xpm_cdc_single_dest2src_inst                                |                                             p9_ps_system_p9_axil_clock_converter_0_xpm_cdc_single |          0 |          0 |       0 |    0 |     3 |      0 |      0 |          0 |
|             xpm_cdc_single_src2dest_inst                                |                                         p9_ps_system_p9_axil_clock_converter_0_xpm_cdc_single__18 |          0 |          0 |       0 |    0 |     3 |      0 |      0 |          0 |
|     p9_peripheral_0                                                     |                                                                    p9_ps_system_p9_peripheral_0_0 |      10650 |      10300 |     350 |    0 |  8717 |     14 |      2 |          0 |
|       (p9_peripheral_0)                                                 |                                                                    p9_ps_system_p9_peripheral_0_0 |          0 |          0 |       0 |    0 |     0 |      0 |      0 |          0 |
|       inst                                                              |                                           p9_ps_system_p9_peripheral_0_0_p9_axi_dma_peripheral_bd |      10650 |      10300 |     350 |    0 |  8717 |     14 |      2 |          0 |
|         impl                                                            |                                              p9_ps_system_p9_peripheral_0_0_p9_axi_dma_peripheral |      10650 |      10300 |     350 |    0 |  8717 |     14 |      2 |          0 |
|           (impl)                                                        |                                              p9_ps_system_p9_peripheral_0_0_p9_axi_dma_peripheral |          0 |          0 |       0 |    0 |   250 |      0 |      0 |          0 |
|           u_axi_lite                                                    |                                                 p9_ps_system_p9_peripheral_0_0_p6_axi_lite_bridge |        326 |        326 |       0 |    0 |   157 |      0 |      0 |          0 |
|           u_transport                                                   |                                          p9_ps_system_p9_peripheral_0_0_p9_optical_transport_core |      10324 |       9974 |     350 |    0 |  8310 |     14 |      2 |          0 |
|             (u_transport)                                               |                                          p9_ps_system_p9_peripheral_0_0_p9_optical_transport_core |        954 |        712 |     242 |    0 |  1632 |      6 |      2 |          0 |
|             g_physical[0].u_a_phy                                       |                                                      p9_ps_system_p9_peripheral_0_0_tfdu_lane_phy |        311 |        311 |       0 |    0 |   347 |      2 |      0 |          0 |
|             g_physical[0].u_b_phy                                       |                                                    p9_ps_system_p9_peripheral_0_0_tfdu_lane_phy_0 |        555 |        555 |       0 |    0 |   347 |      2 |      0 |          0 |
|             g_physical[1].u_a_phy                                       |                                                    p9_ps_system_p9_peripheral_0_0_tfdu_lane_phy_1 |        410 |        410 |       0 |    0 |   347 |      2 |      0 |          0 |
|             g_physical[1].u_b_phy                                       |                                                    p9_ps_system_p9_peripheral_0_0_tfdu_lane_phy_2 |        314 |        314 |       0 |    0 |   347 |      2 |      0 |          0 |
|             g_receive[0].u_codec                                        |                                                    p9_ps_system_p9_peripheral_0_0_p9_rate_4ppm_rx |         76 |         76 |       0 |    0 |    60 |      0 |      0 |          0 |
|             g_receive[0].u_parser                                       |                                                   p9_ps_system_p9_peripheral_0_0_p9_4ppm_frame_rx |        517 |        517 |       0 |    0 |   598 |      0 |      0 |          0 |
|             g_receive[1].u_codec                                        |                                                  p9_ps_system_p9_peripheral_0_0_p9_rate_4ppm_rx_3 |         77 |         77 |       0 |    0 |    60 |      0 |      0 |          0 |
|             g_receive[1].u_parser                                       |                                                 p9_ps_system_p9_peripheral_0_0_p9_4ppm_frame_rx_4 |        396 |        396 |       0 |    0 |   598 |      0 |      0 |          0 |
|             g_serializer[0].u_serializer                                |                                                   p9_ps_system_p9_peripheral_0_0_p9_4ppm_frame_tx |        577 |        577 |       0 |    0 |   340 |      0 |      0 |          0 |
|             g_serializer[1].u_serializer                                |                                                 p9_ps_system_p9_peripheral_0_0_p9_4ppm_frame_tx_5 |        715 |        715 |       0 |    0 |   341 |      0 |      0 |          0 |
|             u_data_plane                                                |                                                  p9_ps_system_p9_peripheral_0_0_ir_data_plane_top |       5422 |       5314 |     108 |    0 |  3293 |      0 |      0 |          0 |
|     processing_system7_0                                                |                                                               p9_ps_system_processing_system7_0_0 |          0 |          0 |       0 |    0 |     0 |      0 |      0 |          0 |
|       inst                                                              |                    p9_ps_system_processing_system7_0_0_processing_system7_v5_5_processing_system7 |          0 |          0 |       0 |    0 |     0 |      0 |      0 |          0 |
|     rst_axil_50                                                         |                                                                        p9_ps_system_rst_axil_50_0 |         18 |         17 |       0 |    1 |    37 |      0 |      0 |          0 |
|       U0                                                                |                                                         p9_ps_system_rst_axil_50_0_proc_sys_reset |         18 |         17 |       0 |    1 |    37 |      0 |      0 |          0 |
|         (U0)                                                            |                                                         p9_ps_system_rst_axil_50_0_proc_sys_reset |          0 |          0 |       0 |    0 |     2 |      0 |      0 |          0 |
|         EXT_LPF                                                         |                                                                    p9_ps_system_rst_axil_50_0_lpf |          5 |          4 |       0 |    1 |    17 |      0 |      0 |          0 |
|           (EXT_LPF)                                                     |                                                                    p9_ps_system_rst_axil_50_0_lpf |          2 |          1 |       0 |    1 |     9 |      0 |      0 |          0 |
|           ACTIVE_LOW_AUX.ACT_LO_AUX                                     |                                                               p9_ps_system_rst_axil_50_0_cdc_sync |          1 |          1 |       0 |    0 |     4 |      0 |      0 |          0 |
|           ACTIVE_LOW_EXT.ACT_LO_EXT                                     |                                                             p9_ps_system_rst_axil_50_0_cdc_sync_0 |          2 |          2 |       0 |    0 |     4 |      0 |      0 |          0 |
|         SEQ                                                             |                                                           p9_ps_system_rst_axil_50_0_sequence_psr |         13 |         13 |       0 |    0 |    18 |      0 |      0 |          0 |
|           (SEQ)                                                         |                                                           p9_ps_system_rst_axil_50_0_sequence_psr |          8 |          8 |       0 |    0 |    12 |      0 |      0 |          0 |
|           SEQ_COUNTER                                                   |                                                                p9_ps_system_rst_axil_50_0_upcnt_n |          5 |          5 |       0 |    0 |     6 |      0 |      0 |          0 |
|     rst_dma_100                                                         |                                                                        p9_ps_system_rst_dma_100_0 |         18 |         17 |       0 |    1 |    37 |      0 |      0 |          0 |
|       U0                                                                |                                                         p9_ps_system_rst_dma_100_0_proc_sys_reset |         18 |         17 |       0 |    1 |    37 |      0 |      0 |          0 |
|         (U0)                                                            |                                                         p9_ps_system_rst_dma_100_0_proc_sys_reset |          0 |          0 |       0 |    0 |     2 |      0 |      0 |          0 |
|         EXT_LPF                                                         |                                                                    p9_ps_system_rst_dma_100_0_lpf |          5 |          4 |       0 |    1 |    17 |      0 |      0 |          0 |
|           (EXT_LPF)                                                     |                                                                    p9_ps_system_rst_dma_100_0_lpf |          2 |          1 |       0 |    1 |     9 |      0 |      0 |          0 |
|           ACTIVE_LOW_AUX.ACT_LO_AUX                                     |                                                               p9_ps_system_rst_dma_100_0_cdc_sync |          1 |          1 |       0 |    0 |     4 |      0 |      0 |          0 |
|           ACTIVE_LOW_EXT.ACT_LO_EXT                                     |                                                             p9_ps_system_rst_dma_100_0_cdc_sync_0 |          2 |          2 |       0 |    0 |     4 |      0 |      0 |          0 |
|         SEQ                                                             |                                                           p9_ps_system_rst_dma_100_0_sequence_psr |         13 |         13 |       0 |    0 |    18 |      0 |      0 |          0 |
|           (SEQ)                                                         |                                                           p9_ps_system_rst_dma_100_0_sequence_psr |          8 |          8 |       0 |    0 |    12 |      0 |      0 |          0 |
|           SEQ_COUNTER                                                   |                                                                p9_ps_system_rst_dma_100_0_upcnt_n |          5 |          5 |       0 |    0 |     6 |      0 |      0 |          0 |
|     rst_protocol_64                                                     |                                                                    p9_ps_system_rst_protocol_64_0 |         17 |         16 |       0 |    1 |    33 |      0 |      0 |          0 |
|       U0                                                                |                                                     p9_ps_system_rst_protocol_64_0_proc_sys_reset |         17 |         16 |       0 |    1 |    33 |      0 |      0 |          0 |
|         (U0)                                                            |                                                     p9_ps_system_rst_protocol_64_0_proc_sys_reset |          0 |          0 |       0 |    0 |     1 |      0 |      0 |          0 |
|         EXT_LPF                                                         |                                                                p9_ps_system_rst_protocol_64_0_lpf |          5 |          4 |       0 |    1 |    17 |      0 |      0 |          0 |
|           (EXT_LPF)                                                     |                                                                p9_ps_system_rst_protocol_64_0_lpf |          2 |          1 |       0 |    1 |     9 |      0 |      0 |          0 |
|           ACTIVE_LOW_AUX.ACT_LO_AUX                                     |                                                           p9_ps_system_rst_protocol_64_0_cdc_sync |          1 |          1 |       0 |    0 |     4 |      0 |      0 |          0 |
|           ACTIVE_LOW_EXT.ACT_LO_EXT                                     |                                                         p9_ps_system_rst_protocol_64_0_cdc_sync_0 |          2 |          2 |       0 |    0 |     4 |      0 |      0 |          0 |
|         SEQ                                                             |                                                       p9_ps_system_rst_protocol_64_0_sequence_psr |         12 |         12 |       0 |    0 |    15 |      0 |      0 |          0 |
|           (SEQ)                                                         |                                                       p9_ps_system_rst_protocol_64_0_sequence_psr |          7 |          7 |       0 |    0 |     9 |      0 |      0 |          0 |
|           SEQ_COUNTER                                                   |                                                            p9_ps_system_rst_protocol_64_0_upcnt_n |          5 |          5 |       0 |    0 |     6 |      0 |      0 |          0 |
|     s2mm_axis_clock_converter                                           |                                                          p9_ps_system_s2mm_axis_clock_converter_0 |         89 |         63 |      26 |    0 |   166 |      0 |      0 |          0 |
|       inst                                                              |        p9_ps_system_s2mm_axis_clock_converter_0_axis_clock_converter_v1_1_29_axis_clock_converter |         89 |         63 |      26 |    0 |   166 |      0 |      0 |          0 |
|         gen_async_conv.axisc_async_clock_converter_0                    | p9_ps_system_s2mm_axis_clock_converter_0_axis_clock_converter_v1_1_29_axisc_async_clock_converter |         89 |         63 |      26 |    0 |   166 |      0 |      0 |          0 |
|           (gen_async_conv.axisc_async_clock_converter_0)                | p9_ps_system_s2mm_axis_clock_converter_0_axis_clock_converter_v1_1_29_axisc_async_clock_converter |          2 |          2 |       0 |    0 |     1 |      0 |      0 |          0 |
|           inst_xpm_cdc_sync_rst                                         |                                         p9_ps_system_s2mm_axis_clock_converter_0_xpm_cdc_sync_rst |          0 |          0 |       0 |    0 |     2 |      0 |      0 |          0 |
|           xpm_fifo_async_inst                                           |                                           p9_ps_system_s2mm_axis_clock_converter_0_xpm_fifo_async |         87 |         61 |      26 |    0 |   163 |      0 |      0 |          0 |
|             gnuram_async_fifo.xpm_fifo_base_inst                        |                                            p9_ps_system_s2mm_axis_clock_converter_0_xpm_fifo_base |         87 |         61 |      26 |    0 |   163 |      0 |      0 |          0 |
+-------------------------------------------------------------------------+---------------------------------------------------------------------------------------------------+------------+------------+---------+------+-------+--------+--------+------------+


