P7_PS_MODE=stationary
P7_EXECUTION_SCOPE=P7_STAGE66_DIAGNOSTIC_STAGE
P7_RUN_ID=p7_20260716_stationary_app_r62_diag_stage66_c03
P7_STATIONARY_FAULT_MODEL=SOFTWARE_INJECTED_BIDIRECTIONAL_CONTROLLED_FALLBACK
P7_XSDB_DAP_DISTINCT_TARGET_COUNT=0
P7_XSDB_APU_DISTINCT_TARGET_COUNT=1
P7_XSDB_FPGA_DISTINCT_TARGET_COUNT=1
P7_XSDB_CPU0_DISTINCT_TARGET_COUNT=1
P7_XSDB_CABLE_ROOT_COUNT=1
P7_XSDB_JTAG_DEVICE_COUNT=2
P7_PS_RESET_TARGET=APU
P7_HW_TARGET=localhost:3121/xilinx_tcf/Digilent/210512180081
P7_HW_PART=xc7z010clg400-1
P7_HW_CANONICAL_PART=xc7z010clg400-1
P7_HW_LIVE_PART=xc7z010
P7_HW_LIVE_DEVICE=xc7z010_1
P7_HW_LIVE_IDCODE=00010011011100100010000010010011
P7_HW_BOARD_ID=210512180081
P7_XSDB_LIVE_DEVICE=xc7z010
P7_XSDB_LIVE_DEVICE_MATCH=1
P7_XSDB_LIVE_BOARD_ID=210512180081
P7_XSDB_LIVE_IDCODE=0x13722093
P7_XSDB_PREFLIGHT_IDCODE=00010011011100100010000010010011
P7_XSDB_TARGET_SELECTION=EXACT_CABLE_DEVICE_IDCODE_AND_UNIQUE_NODE_IDS
P7_PS_CANDIDATE_PROGRAMMED=1
P7_HOST_TO_PS_INPUT_BYTES=2428928
P7_HOST_TO_PS_INPUT_DURATION_MS=39826
P7_HOST_TO_PS_INPUT_BYTES_PER_SEC=60988
P7_HOST_TO_PS_INPUT_BPS=487907
P7_PS_ELF_DOWNLOADED=1
P7_PS_SERVICE_READY_POLLS=3
P7_PS_SERVICE_HEARTBEAT_AND_START_TICKS=1
P7_STATIONARY_SERVICE_READY_ACTIVE=1
P7_STATIONARY_PRIMARY_TIME_SOURCE=PS_RUNTIME_ELAPSED_TICKS
P7_STATIONARY_HOST_TIME_ROLE=INDEPENDENT_WATCHDOG_AND_INPUT_PRELOAD
P7_STATIONARY_RUNTIME_START_TICKS=80947
P7_STATIONARY_READY_PUBLISH_GUARD_TICKS=333333343
P7_STATIONARY_SAMPLE_SEMANTICS=FIXED_PS_THRESHOLDS_FROM_IMMUTABLE_TERMINAL_END_TICKS
P7_SAMPLE_00001=ELAPSED_30.000,ELAPSED_TICKS_10000000290,WINDOW_CALIBRATION,OBJECTS_0,FAILED_0,BYTES_HI_00000000,BYTES_LO_00000000,FRAGMENTS_0,LANE0_0,LANE1_0,REPLICATED_0,FALLBACKS_0,P6_RETRIES_0,P6_RETRY_EXHAUSTED_0,P6_TX_FAIL_0,P6_CRC_BAD_0,P6_PAYLOAD_MISMATCH_0,MAX_TXD_HIGH_0,DUTY_VIOLATIONS_0,QUEUE_OCCUPANCY_1,QUEUE_HIGH_1,BACKPRESSURE_0,QUEUE_OBS_NOT_BEFORE_TICKS_10059787374,CURRENT_BPS_0,ROLLING_BPS_0,LATENCY_COUNT_0,LATENCY_MIN_TICKS_0,LATENCY_MEAN_TICKS_0,LATENCY_P50_TICKS_0,LATENCY_P95_TICKS_0,LATENCY_P99_TICKS_0,LATENCY_MAX_TICKS_0,LAST_OBJECT_0
P7_STATIONARY_OBJECT_00000001=SLOT_0,GEN_0,SESSION_50370001,OBJECT_1,STATUS_3,ERROR_0,BYTES_1048576,FRAGMENTS_4878/4878,ATTEMPTS_4878,FALLBACKS_0,OUTSHA_FCD7923CBB8E709738F05BA8C318A4DF5C27C0451A987689FAC429A17B292737,P6_RETRY_COUNT_0,P6_RETRY_EXHAUSTED_0,P6_TX_FAIL_0,P6_CRC_BAD_0,P6_PAYLOAD_MISMATCH_0,MAX_TXD_HIGH_CYCLES_8,DUTY_VIOLATIONS_0,LANE0_4878,LANE1_0,REPLICATED_0,START_TICKS_96779365,END_TICKS_18231143491,COMPLETION_SEQUENCE_1
P7_STATIONARY_TERMINAL_BUNDLE_00000001_CAPTURED=1
P7_STATIONARY_OBJECT_00000002=SLOT_1,GEN_0,SESSION_50370001,OBJECT_2,STATUS_3,ERROR_0,BYTES_65536,FRAGMENTS_305/305,ATTEMPTS_305,FALLBACKS_1,OUTSHA_DD5CDD301ADFF15138B402AB190A143E8FF5FFED2D5E2FD24C3140FB652F11FF,P6_RETRY_COUNT_0,P6_RETRY_EXHAUSTED_0,P6_TX_FAIL_0,P6_CRC_BAD_0,P6_PAYLOAD_MISMATCH_0,MAX_TXD_HIGH_CYCLES_8,DUTY_VIOLATIONS_0,LANE0_1,LANE1_304,REPLICATED_0,START_TICKS_18231227848,END_TICKS_46724838421,COMPLETION_SEQUENCE_2
P7_STATIONARY_TERMINAL_BUNDLE_00000002_CAPTURED=1
P7_STATIONARY_OBJECT_00000003=SLOT_2,GEN_0,SESSION_50370001,OBJECT_3,STATUS_3,ERROR_0,BYTES_65536,FRAGMENTS_305/305,ATTEMPTS_305,FALLBACKS_1,OUTSHA_0765B0D1A9F493355595772F5A2EBAAF700D4D2CC7D8A781729A9771A380754F,P6_RETRY_COUNT_0,P6_RETRY_EXHAUSTED_0,P6_TX_FAIL_0,P6_CRC_BAD_0,P6_PAYLOAD_MISMATCH_0,MAX_TXD_HIGH_CYCLES_8,DUTY_VIOLATIONS_0,LANE0_304,LANE1_1,REPLICATED_0,START_TICKS_46724922816,END_TICKS_95664537979,COMPLETION_SEQUENCE_3
P7_STATIONARY_TERMINAL_BUNDLE_00000003_CAPTURED=1
P7_STATIONARY_OBJECT_00000004=SLOT_3,GEN_0,SESSION_50370001,OBJECT_4,STATUS_3,ERROR_0,BYTES_65536,FRAGMENTS_305/305,ATTEMPTS_305,FALLBACKS_0,OUTSHA_7DACA2095D0438260FA849183DFC67FAA459FDF4936E1BC91EEC6B281B27E4C2,P6_RETRY_COUNT_0,P6_RETRY_EXHAUSTED_0,P6_TX_FAIL_0,P6_CRC_BAD_0,P6_PAYLOAD_MISMATCH_0,MAX_TXD_HIGH_CYCLES_8,DUTY_VIOLATIONS_0,LANE0_0,LANE1_305,REPLICATED_0,START_TICKS_95664622366,END_TICKS_143218154502,COMPLETION_SEQUENCE_4
P7_STATIONARY_TERMINAL_BUNDLE_00000004_CAPTURED=1
P7_SAMPLE_00002=ELAPSED_60.000,ELAPSED_TICKS_20000000580,WINDOW_CALIBRATION,OBJECTS_1,FAILED_0,BYTES_HI_00000000,BYTES_LO_00100000,FRAGMENTS_4878,LANE0_4878,LANE1_0,REPLICATED_0,FALLBACKS_0,P6_RETRIES_0,P6_RETRY_EXHAUSTED_0,P6_TX_FAIL_0,P6_CRC_BAD_0,P6_PAYLOAD_MISMATCH_0,MAX_TXD_HIGH_8,DUTY_VIOLATIONS_0,QUEUE_OCCUPANCY_8,QUEUE_HIGH_8,BACKPRESSURE_1,QUEUE_OBS_NOT_BEFORE_TICKS_296178702468,CURRENT_BPS_139810,ROLLING_BPS_279620,LATENCY_COUNT_1,LATENCY_MIN_TICKS_18134364126,LATENCY_MEAN_TICKS_18134364126,LATENCY_P50_TICKS_18134364126,LATENCY_P95_TICKS_18134364126,LATENCY_P99_TICKS_18134364126,LATENCY_MAX_TICKS_18134364126,LAST_OBJECT_1
P7_SAMPLE_00003=ELAPSED_90.000,ELAPSED_TICKS_30000000870,WINDOW_CALIBRATION,OBJECTS_1,FAILED_0,BYTES_HI_00000000,BYTES_LO_00100000,FRAGMENTS_4878,LANE0_4878,LANE1_0,REPLICATED_0,FALLBACKS_0,P6_RETRIES_0,P6_RETRY_EXHAUSTED_0,P6_TX_FAIL_0,P6_CRC_BAD_0,P6_PAYLOAD_MISMATCH_0,MAX_TXD_HIGH_8,DUTY_VIOLATIONS_0,QUEUE_OCCUPANCY_8,QUEUE_HIGH_8,BACKPRESSURE_1,QUEUE_OBS_NOT_BEFORE_TICKS_296178702468,CURRENT_BPS_93206,ROLLING_BPS_0,LATENCY_COUNT_0,LATENCY_MIN_TICKS_0,LATENCY_MEAN_TICKS_0,LATENCY_P50_TICKS_0,LATENCY_P95_TICKS_0,LATENCY_P99_TICKS_0,LATENCY_MAX_TICKS_0,LAST_OBJECT_1
P7_SAMPLE_00004=ELAPSED_120.000,ELAPSED_TICKS_40000001160,WINDOW_CALIBRATION,OBJECTS_1,FAILED_0,BYTES_HI_00000000,BYTES_LO_00100000,FRAGMENTS_4878,LANE0_4878,LANE1_0,REPLICATED_0,FALLBACKS_0,P6_RETRIES_0,P6_RETRY_EXHAUSTED_0,P6_TX_FAIL_0,P6_CRC_BAD_0,P6_PAYLOAD_MISMATCH_0,MAX_TXD_HIGH_8,DUTY_VIOLATIONS_0,QUEUE_OCCUPANCY_8,QUEUE_HIGH_8,BACKPRESSURE_1,QUEUE_OBS_NOT_BEFORE_TICKS_296178702468,CURRENT_BPS_69905,ROLLING_BPS_0,LATENCY_COUNT_0,LATENCY_MIN_TICKS_0,LATENCY_MEAN_TICKS_0,LATENCY_P50_TICKS_0,LATENCY_P95_TICKS_0,LATENCY_P99_TICKS_0,LATENCY_MAX_TICKS_0,LAST_OBJECT_1
P7_SAMPLE_00005=ELAPSED_150.000,ELAPSED_TICKS_50000001450,WINDOW_CALIBRATION,OBJECTS_2,FAILED_0,BYTES_HI_00000000,BYTES_LO_00110000,FRAGMENTS_5183,LANE0_4879,LANE1_304,REPLICATED_0,FALLBACKS_1,P6_RETRIES_0,P6_RETRY_EXHAUSTED_0,P6_TX_FAIL_0,P6_CRC_BAD_0,P6_PAYLOAD_MISMATCH_0,MAX_TXD_HIGH_8,DUTY_VIOLATIONS_0,QUEUE_OCCUPANCY_8,QUEUE_HIGH_8,BACKPRESSURE_1,QUEUE_OBS_NOT_BEFORE_TICKS_296178702468,CURRENT_BPS_59419,ROLLING_BPS_17476,LATENCY_COUNT_1,LATENCY_MIN_TICKS_28493610573,LATENCY_MEAN_TICKS_28493610573,LATENCY_P50_TICKS_28493610573,LATENCY_P95_TICKS_28493610573,LATENCY_P99_TICKS_28493610573,LATENCY_MAX_TICKS_28493610573,LAST_OBJECT_2
P7_SAMPLE_00006=ELAPSED_180.000,ELAPSED_TICKS_60000001740,WINDOW_CALIBRATION,OBJECTS_2,FAILED_0,BYTES_HI_00000000,BYTES_LO_00110000,FRAGMENTS_5183,LANE0_4879,LANE1_304,REPLICATED_0,FALLBACKS_1,P6_RETRIES_0,P6_RETRY_EXHAUSTED_0,P6_TX_FAIL_0,P6_CRC_BAD_0,P6_PAYLOAD_MISMATCH_0,MAX_TXD_HIGH_8,DUTY_VIOLATIONS_0,QUEUE_OCCUPANCY_8,QUEUE_HIGH_8,BACKPRESSURE_1,QUEUE_OBS_NOT_BEFORE_TICKS_296178702468,CURRENT_BPS_49516,ROLLING_BPS_0,LATENCY_COUNT_0,LATENCY_MIN_TICKS_0,LATENCY_MEAN_TICKS_0,LATENCY_P50_TICKS_0,LATENCY_P95_TICKS_0,LATENCY_P99_TICKS_0,LATENCY_MAX_TICKS_0,LAST_OBJECT_2
P7_SAMPLE_00007=ELAPSED_210.000,ELAPSED_TICKS_70000002030,WINDOW_CALIBRATION,OBJECTS_2,FAILED_0,BYTES_HI_00000000,BYTES_LO_00110000,FRAGMENTS_5183,LANE0_4879,LANE1_304,REPLICATED_0,FALLBACKS_1,P6_RETRIES_0,P6_RETRY_EXHAUSTED_0,P6_TX_FAIL_0,P6_CRC_BAD_0,P6_PAYLOAD_MISMATCH_0,MAX_TXD_HIGH_8,DUTY_VIOLATIONS_0,QUEUE_OCCUPANCY_8,QUEUE_HIGH_8,BACKPRESSURE_1,QUEUE_OBS_NOT_BEFORE_TICKS_296178702468,CURRENT_BPS_42442,ROLLING_BPS_0,LATENCY_COUNT_0,LATENCY_MIN_TICKS_0,LATENCY_MEAN_TICKS_0,LATENCY_P50_TICKS_0,LATENCY_P95_TICKS_0,LATENCY_P99_TICKS_0,LATENCY_MAX_TICKS_0,LAST_OBJECT_2
P7_SAMPLE_00008=ELAPSED_240.000,ELAPSED_TICKS_80000002320,WINDOW_CALIBRATION,OBJECTS_2,FAILED_0,BYTES_HI_00000000,BYTES_LO_00110000,FRAGMENTS_5183,LANE0_4879,LANE1_304,REPLICATED_0,FALLBACKS_1,P6_RETRIES_0,P6_RETRY_EXHAUSTED_0,P6_TX_FAIL_0,P6_CRC_BAD_0,P6_PAYLOAD_MISMATCH_0,MAX_TXD_HIGH_8,DUTY_VIOLATIONS_0,QUEUE_OCCUPANCY_8,QUEUE_HIGH_8,BACKPRESSURE_1,QUEUE_OBS_NOT_BEFORE_TICKS_296178702468,CURRENT_BPS_37137,ROLLING_BPS_0,LATENCY_COUNT_0,LATENCY_MIN_TICKS_0,LATENCY_MEAN_TICKS_0,LATENCY_P50_TICKS_0,LATENCY_P95_TICKS_0,LATENCY_P99_TICKS_0,LATENCY_MAX_TICKS_0,LAST_OBJECT_2
P7_SAMPLE_00009=ELAPSED_270.000,ELAPSED_TICKS_90000002610,WINDOW_CALIBRATION,OBJECTS_2,FAILED_0,BYTES_HI_00000000,BYTES_LO_00110000,FRAGMENTS_5183,LANE0_4879,LANE1_304,REPLICATED_0,FALLBACKS_1,P6_RETRIES_0,P6_RETRY_EXHAUSTED_0,P6_TX_FAIL_0,P6_CRC_BAD_0,P6_PAYLOAD_MISMATCH_0,MAX_TXD_HIGH_8,DUTY_VIOLATIONS_0,QUEUE_OCCUPANCY_8,QUEUE_HIGH_8,BACKPRESSURE_1,QUEUE_OBS_NOT_BEFORE_TICKS_296178702468,CURRENT_BPS_33010,ROLLING_BPS_0,LATENCY_COUNT_0,LATENCY_MIN_TICKS_0,LATENCY_MEAN_TICKS_0,LATENCY_P50_TICKS_0,LATENCY_P95_TICKS_0,LATENCY_P99_TICKS_0,LATENCY_MAX_TICKS_0,LAST_OBJECT_2
P7_SAMPLE_00010=ELAPSED_300.000,ELAPSED_TICKS_100000002900,WINDOW_CALIBRATION,OBJECTS_3,FAILED_0,BYTES_HI_00000000,BYTES_LO_00120000,FRAGMENTS_5488,LANE0_5183,LANE1_305,REPLICATED_0,FALLBACKS_2,P6_RETRIES_0,P6_RETRY_EXHAUSTED_0,P6_TX_FAIL_0,P6_CRC_BAD_0,P6_PAYLOAD_MISMATCH_0,MAX_TXD_HIGH_8,DUTY_VIOLATIONS_0,QUEUE_OCCUPANCY_8,QUEUE_HIGH_8,BACKPRESSURE_1,QUEUE_OBS_NOT_BEFORE_TICKS_296178702468,CURRENT_BPS_31457,ROLLING_BPS_17476,LATENCY_COUNT_1,LATENCY_MIN_TICKS_48939615163,LATENCY_MEAN_TICKS_48939615163,LATENCY_P50_TICKS_48939615163,LATENCY_P95_TICKS_48939615163,LATENCY_P99_TICKS_48939615163,LATENCY_MAX_TICKS_48939615163,LAST_OBJECT_3
P7_SAMPLE_00011=ELAPSED_330.000,ELAPSED_TICKS_110000003190,WINDOW_ACCEPTANCE,OBJECTS_3,FAILED_0,BYTES_HI_00000000,BYTES_LO_00120000,FRAGMENTS_5488,LANE0_5183,LANE1_305,REPLICATED_0,FALLBACKS_2,P6_RETRIES_0,P6_RETRY_EXHAUSTED_0,P6_TX_FAIL_0,P6_CRC_BAD_0,P6_PAYLOAD_MISMATCH_0,MAX_TXD_HIGH_8,DUTY_VIOLATIONS_0,QUEUE_OCCUPANCY_8,QUEUE_HIGH_8,BACKPRESSURE_1,QUEUE_OBS_NOT_BEFORE_TICKS_296178702468,CURRENT_BPS_28597,ROLLING_BPS_0,LATENCY_COUNT_0,LATENCY_MIN_TICKS_0,LATENCY_MEAN_TICKS_0,LATENCY_P50_TICKS_0,LATENCY_P95_TICKS_0,LATENCY_P99_TICKS_0,LATENCY_MAX_TICKS_0,LAST_OBJECT_3
P7_SAMPLE_00012=ELAPSED_360.000,ELAPSED_TICKS_120000003480,WINDOW_ACCEPTANCE,OBJECTS_3,FAILED_0,BYTES_HI_00000000,BYTES_LO_00120000,FRAGMENTS_5488,LANE0_5183,LANE1_305,REPLICATED_0,FALLBACKS_2,P6_RETRIES_0,P6_RETRY_EXHAUSTED_0,P6_TX_FAIL_0,P6_CRC_BAD_0,P6_PAYLOAD_MISMATCH_0,MAX_TXD_HIGH_8,DUTY_VIOLATIONS_0,QUEUE_OCCUPANCY_8,QUEUE_HIGH_8,BACKPRESSURE_1,QUEUE_OBS_NOT_BEFORE_TICKS_296178702468,CURRENT_BPS_26214,ROLLING_BPS_0,LATENCY_COUNT_0,LATENCY_MIN_TICKS_0,LATENCY_MEAN_TICKS_0,LATENCY_P50_TICKS_0,LATENCY_P95_TICKS_0,LATENCY_P99_TICKS_0,LATENCY_MAX_TICKS_0,LAST_OBJECT_3
P7_SAMPLE_00013=ELAPSED_390.000,ELAPSED_TICKS_130000003770,WINDOW_ACCEPTANCE,OBJECTS_3,FAILED_0,BYTES_HI_00000000,BYTES_LO_00120000,FRAGMENTS_5488,LANE0_5183,LANE1_305,REPLICATED_0,FALLBACKS_2,P6_RETRIES_0,P6_RETRY_EXHAUSTED_0,P6_TX_FAIL_0,P6_CRC_BAD_0,P6_PAYLOAD_MISMATCH_0,MAX_TXD_HIGH_8,DUTY_VIOLATIONS_0,QUEUE_OCCUPANCY_8,QUEUE_HIGH_8,BACKPRESSURE_1,QUEUE_OBS_NOT_BEFORE_TICKS_296178702468,CURRENT_BPS_24197,ROLLING_BPS_0,LATENCY_COUNT_0,LATENCY_MIN_TICKS_0,LATENCY_MEAN_TICKS_0,LATENCY_P50_TICKS_0,LATENCY_P95_TICKS_0,LATENCY_P99_TICKS_0,LATENCY_MAX_TICKS_0,LAST_OBJECT_3
P7_SAMPLE_00014=ELAPSED_420.000,ELAPSED_TICKS_140000004060,WINDOW_ACCEPTANCE,OBJECTS_3,FAILED_0,BYTES_HI_00000000,BYTES_LO_00120000,FRAGMENTS_5488,LANE0_5183,LANE1_305,REPLICATED_0,FALLBACKS_2,P6_RETRIES_0,P6_RETRY_EXHAUSTED_0,P6_TX_FAIL_0,P6_CRC_BAD_0,P6_PAYLOAD_MISMATCH_0,MAX_TXD_HIGH_8,DUTY_VIOLATIONS_0,QUEUE_OCCUPANCY_8,QUEUE_HIGH_8,BACKPRESSURE_1,QUEUE_OBS_NOT_BEFORE_TICKS_296178702468,CURRENT_BPS_22469,ROLLING_BPS_0,LATENCY_COUNT_0,LATENCY_MIN_TICKS_0,LATENCY_MEAN_TICKS_0,LATENCY_P50_TICKS_0,LATENCY_P95_TICKS_0,LATENCY_P99_TICKS_0,LATENCY_MAX_TICKS_0,LAST_OBJECT_3
P7_SAMPLE_00015=ELAPSED_450.000,ELAPSED_TICKS_150000004350,WINDOW_ACCEPTANCE,OBJECTS_4,FAILED_0,BYTES_HI_00000000,BYTES_LO_00130000,FRAGMENTS_5793,LANE0_5183,LANE1_610,REPLICATED_0,FALLBACKS_2,P6_RETRIES_0,P6_RETRY_EXHAUSTED_0,P6_TX_FAIL_0,P6_CRC_BAD_0,P6_PAYLOAD_MISMATCH_0,MAX_TXD_HIGH_8,DUTY_VIOLATIONS_0,QUEUE_OCCUPANCY_8,QUEUE_HIGH_8,BACKPRESSURE_1,QUEUE_OBS_NOT_BEFORE_TICKS_296178702468,CURRENT_BPS_22136,ROLLING_BPS_17476,LATENCY_COUNT_1,LATENCY_MIN_TICKS_47553532136,LATENCY_MEAN_TICKS_47553532136,LATENCY_P50_TICKS_47553532136,LATENCY_P95_TICKS_47553532136,LATENCY_P99_TICKS_47553532136,LATENCY_MAX_TICKS_47553532136,LAST_OBJECT_4
P7_SAMPLE_00016=ELAPSED_480.000,ELAPSED_TICKS_160000004640,WINDOW_ACCEPTANCE,OBJECTS_4,FAILED_0,BYTES_HI_00000000,BYTES_LO_00130000,FRAGMENTS_5793,LANE0_5183,LANE1_610,REPLICATED_0,FALLBACKS_2,P6_RETRIES_0,P6_RETRY_EXHAUSTED_0,P6_TX_FAIL_0,P6_CRC_BAD_0,P6_PAYLOAD_MISMATCH_0,MAX_TXD_HIGH_8,DUTY_VIOLATIONS_0,QUEUE_OCCUPANCY_8,QUEUE_HIGH_8,BACKPRESSURE_1,QUEUE_OBS_NOT_BEFORE_TICKS_296178702468,CURRENT_BPS_20753,ROLLING_BPS_0,LATENCY_COUNT_0,LATENCY_MIN_TICKS_0,LATENCY_MEAN_TICKS_0,LATENCY_P50_TICKS_0,LATENCY_P95_TICKS_0,LATENCY_P99_TICKS_0,LATENCY_MAX_TICKS_0,LAST_OBJECT_4
P7_SAMPLE_00017=ELAPSED_510.000,ELAPSED_TICKS_170000004930,WINDOW_ACCEPTANCE,OBJECTS_4,FAILED_0,BYTES_HI_00000000,BYTES_LO_00130000,FRAGMENTS_5793,LANE0_5183,LANE1_610,REPLICATED_0,FALLBACKS_2,P6_RETRIES_0,P6_RETRY_EXHAUSTED_0,P6_TX_FAIL_0,P6_CRC_BAD_0,P6_PAYLOAD_MISMATCH_0,MAX_TXD_HIGH_8,DUTY_VIOLATIONS_0,QUEUE_OCCUPANCY_8,QUEUE_HIGH_8,BACKPRESSURE_1,QUEUE_OBS_NOT_BEFORE_TICKS_296178702468,CURRENT_BPS_19532,ROLLING_BPS_0,LATENCY_COUNT_0,LATENCY_MIN_TICKS_0,LATENCY_MEAN_TICKS_0,LATENCY_P50_TICKS_0,LATENCY_P95_TICKS_0,LATENCY_P99_TICKS_0,LATENCY_MAX_TICKS_0,LAST_OBJECT_4
P7_SAMPLE_00018=ELAPSED_540.000,ELAPSED_TICKS_180000005220,WINDOW_ACCEPTANCE,OBJECTS_4,FAILED_0,BYTES_HI_00000000,BYTES_LO_00130000,FRAGMENTS_5793,LANE0_5183,LANE1_610,REPLICATED_0,FALLBACKS_2,P6_RETRIES_0,P6_RETRY_EXHAUSTED_0,P6_TX_FAIL_0,P6_CRC_BAD_0,P6_PAYLOAD_MISMATCH_0,MAX_TXD_HIGH_8,DUTY_VIOLATIONS_0,QUEUE_OCCUPANCY_8,QUEUE_HIGH_8,BACKPRESSURE_1,QUEUE_OBS_NOT_BEFORE_TICKS_296178702468,CURRENT_BPS_18447,ROLLING_BPS_0,LATENCY_COUNT_0,LATENCY_MIN_TICKS_0,LATENCY_MEAN_TICKS_0,LATENCY_P50_TICKS_0,LATENCY_P95_TICKS_0,LATENCY_P99_TICKS_0,LATENCY_MAX_TICKS_0,LAST_OBJECT_4
P7_SAMPLE_00019=ELAPSED_570.000,ELAPSED_TICKS_190000005510,WINDOW_ACCEPTANCE,OBJECTS_4,FAILED_0,BYTES_HI_00000000,BYTES_LO_00130000,FRAGMENTS_5793,LANE0_5183,LANE1_610,REPLICATED_0,FALLBACKS_2,P6_RETRIES_0,P6_RETRY_EXHAUSTED_0,P6_TX_FAIL_0,P6_CRC_BAD_0,P6_PAYLOAD_MISMATCH_0,MAX_TXD_HIGH_8,DUTY_VIOLATIONS_0,QUEUE_OCCUPANCY_8,QUEUE_HIGH_8,BACKPRESSURE_1,QUEUE_OBS_NOT_BEFORE_TICKS_296178702468,CURRENT_BPS_17476,ROLLING_BPS_0,LATENCY_COUNT_0,LATENCY_MIN_TICKS_0,LATENCY_MEAN_TICKS_0,LATENCY_P50_TICKS_0,LATENCY_P95_TICKS_0,LATENCY_P99_TICKS_0,LATENCY_MAX_TICKS_0,LAST_OBJECT_4
P7_SAMPLE_00020=ELAPSED_600.000,ELAPSED_TICKS_200000005800,WINDOW_ACCEPTANCE,OBJECTS_4,FAILED_0,BYTES_HI_00000000,BYTES_LO_00130000,FRAGMENTS_5793,LANE0_5183,LANE1_610,REPLICATED_0,FALLBACKS_2,P6_RETRIES_0,P6_RETRY_EXHAUSTED_0,P6_TX_FAIL_0,P6_CRC_BAD_0,P6_PAYLOAD_MISMATCH_0,MAX_TXD_HIGH_8,DUTY_VIOLATIONS_0,QUEUE_OCCUPANCY_8,QUEUE_HIGH_8,BACKPRESSURE_1,QUEUE_OBS_NOT_BEFORE_TICKS_296178702468,CURRENT_BPS_16602,ROLLING_BPS_0,LATENCY_COUNT_0,LATENCY_MIN_TICKS_0,LATENCY_MEAN_TICKS_0,LATENCY_P50_TICKS_0,LATENCY_P95_TICKS_0,LATENCY_P99_TICKS_0,LATENCY_MAX_TICKS_0,LAST_OBJECT_4
P7_SAMPLE_00021=ELAPSED_630.000,ELAPSED_TICKS_210000006090,WINDOW_ACCEPTANCE,OBJECTS_4,FAILED_0,BYTES_HI_00000000,BYTES_LO_00130000,FRAGMENTS_5793,LANE0_5183,LANE1_610,REPLICATED_0,FALLBACKS_2,P6_RETRIES_0,P6_RETRY_EXHAUSTED_0,P6_TX_FAIL_0,P6_CRC_BAD_0,P6_PAYLOAD_MISMATCH_0,MAX_TXD_HIGH_8,DUTY_VIOLATIONS_0,QUEUE_OCCUPANCY_8,QUEUE_HIGH_8,BACKPRESSURE_1,QUEUE_OBS_NOT_BEFORE_TICKS_296178702468,CURRENT_BPS_15811,ROLLING_BPS_0,LATENCY_COUNT_0,LATENCY_MIN_TICKS_0,LATENCY_MEAN_TICKS_0,LATENCY_P50_TICKS_0,LATENCY_P95_TICKS_0,LATENCY_P99_TICKS_0,LATENCY_MAX_TICKS_0,LAST_OBJECT_4
P7_SAMPLE_00022=ELAPSED_660.000,ELAPSED_TICKS_220000006380,WINDOW_ACCEPTANCE,OBJECTS_4,FAILED_0,BYTES_HI_00000000,BYTES_LO_00130000,FRAGMENTS_5793,LANE0_5183,LANE1_610,REPLICATED_0,FALLBACKS_2,P6_RETRIES_0,P6_RETRY_EXHAUSTED_0,P6_TX_FAIL_0,P6_CRC_BAD_0,P6_PAYLOAD_MISMATCH_0,MAX_TXD_HIGH_8,DUTY_VIOLATIONS_0,QUEUE_OCCUPANCY_8,QUEUE_HIGH_8,BACKPRESSURE_1,QUEUE_OBS_NOT_BEFORE_TICKS_296178702468,CURRENT_BPS_15093,ROLLING_BPS_0,LATENCY_COUNT_0,LATENCY_MIN_TICKS_0,LATENCY_MEAN_TICKS_0,LATENCY_P50_TICKS_0,LATENCY_P95_TICKS_0,LATENCY_P99_TICKS_0,LATENCY_MAX_TICKS_0,LAST_OBJECT_4
P7_SAMPLE_00023=ELAPSED_690.000,ELAPSED_TICKS_230000006670,WINDOW_ACCEPTANCE,OBJECTS_4,FAILED_0,BYTES_HI_00000000,BYTES_LO_00130000,FRAGMENTS_5793,LANE0_5183,LANE1_610,REPLICATED_0,FALLBACKS_2,P6_RETRIES_0,P6_RETRY_EXHAUSTED_0,P6_TX_FAIL_0,P6_CRC_BAD_0,P6_PAYLOAD_MISMATCH_0,MAX_TXD_HIGH_8,DUTY_VIOLATIONS_0,QUEUE_OCCUPANCY_8,QUEUE_HIGH_8,BACKPRESSURE_1,QUEUE_OBS_NOT_BEFORE_TICKS_296178702468,CURRENT_BPS_14436,ROLLING_BPS_0,LATENCY_COUNT_0,LATENCY_MIN_TICKS_0,LATENCY_MEAN_TICKS_0,LATENCY_P50_TICKS_0,LATENCY_P95_TICKS_0,LATENCY_P99_TICKS_0,LATENCY_MAX_TICKS_0,LAST_OBJECT_4
P7_SAMPLE_00024=ELAPSED_720.000,ELAPSED_TICKS_240000006960,WINDOW_ACCEPTANCE,OBJECTS_4,FAILED_0,BYTES_HI_00000000,BYTES_LO_00130000,FRAGMENTS_5793,LANE0_5183,LANE1_610,REPLICATED_0,FALLBACKS_2,P6_RETRIES_0,P6_RETRY_EXHAUSTED_0,P6_TX_FAIL_0,P6_CRC_BAD_0,P6_PAYLOAD_MISMATCH_0,MAX_TXD_HIGH_8,DUTY_VIOLATIONS_0,QUEUE_OCCUPANCY_8,QUEUE_HIGH_8,BACKPRESSURE_1,QUEUE_OBS_NOT_BEFORE_TICKS_296178702468,CURRENT_BPS_13835,ROLLING_BPS_0,LATENCY_COUNT_0,LATENCY_MIN_TICKS_0,LATENCY_MEAN_TICKS_0,LATENCY_P50_TICKS_0,LATENCY_P95_TICKS_0,LATENCY_P99_TICKS_0,LATENCY_MAX_TICKS_0,LAST_OBJECT_4
P7_SAMPLE_00025=ELAPSED_750.000,ELAPSED_TICKS_250000007250,WINDOW_ACCEPTANCE,OBJECTS_4,FAILED_0,BYTES_HI_00000000,BYTES_LO_00130000,FRAGMENTS_5793,LANE0_5183,LANE1_610,REPLICATED_0,FALLBACKS_2,P6_RETRIES_0,P6_RETRY_EXHAUSTED_0,P6_TX_FAIL_0,P6_CRC_BAD_0,P6_PAYLOAD_MISMATCH_0,MAX_TXD_HIGH_8,DUTY_VIOLATIONS_0,QUEUE_OCCUPANCY_8,QUEUE_HIGH_8,BACKPRESSURE_1,QUEUE_OBS_NOT_BEFORE_TICKS_296178702468,CURRENT_BPS_13281,ROLLING_BPS_0,LATENCY_COUNT_0,LATENCY_MIN_TICKS_0,LATENCY_MEAN_TICKS_0,LATENCY_P50_TICKS_0,LATENCY_P95_TICKS_0,LATENCY_P99_TICKS_0,LATENCY_MAX_TICKS_0,LAST_OBJECT_4
P7_SAMPLE_00026=ELAPSED_780.000,ELAPSED_TICKS_260000007540,WINDOW_ACCEPTANCE,OBJECTS_4,FAILED_0,BYTES_HI_00000000,BYTES_LO_00130000,FRAGMENTS_5793,LANE0_5183,LANE1_610,REPLICATED_0,FALLBACKS_2,P6_RETRIES_0,P6_RETRY_EXHAUSTED_0,P6_TX_FAIL_0,P6_CRC_BAD_0,P6_PAYLOAD_MISMATCH_0,MAX_TXD_HIGH_8,DUTY_VIOLATIONS_0,QUEUE_OCCUPANCY_8,QUEUE_HIGH_8,BACKPRESSURE_1,QUEUE_OBS_NOT_BEFORE_TICKS_296178702468,CURRENT_BPS_12771,ROLLING_BPS_0,LATENCY_COUNT_0,LATENCY_MIN_TICKS_0,LATENCY_MEAN_TICKS_0,LATENCY_P50_TICKS_0,LATENCY_P95_TICKS_0,LATENCY_P99_TICKS_0,LATENCY_MAX_TICKS_0,LAST_OBJECT_4
P7_SAMPLE_00027=ELAPSED_810.000,ELAPSED_TICKS_270000007830,WINDOW_ACCEPTANCE,OBJECTS_4,FAILED_0,BYTES_HI_00000000,BYTES_LO_00130000,FRAGMENTS_5793,LANE0_5183,LANE1_610,REPLICATED_0,FALLBACKS_2,P6_RETRIES_0,P6_RETRY_EXHAUSTED_0,P6_TX_FAIL_0,P6_CRC_BAD_0,P6_PAYLOAD_MISMATCH_0,MAX_TXD_HIGH_8,DUTY_VIOLATIONS_0,QUEUE_OCCUPANCY_8,QUEUE_HIGH_8,BACKPRESSURE_1,QUEUE_OBS_NOT_BEFORE_TICKS_296178702468,CURRENT_BPS_12298,ROLLING_BPS_0,LATENCY_COUNT_0,LATENCY_MIN_TICKS_0,LATENCY_MEAN_TICKS_0,LATENCY_P50_TICKS_0,LATENCY_P95_TICKS_0,LATENCY_P99_TICKS_0,LATENCY_MAX_TICKS_0,LAST_OBJECT_4
P7_SAMPLE_00028=ELAPSED_840.000,ELAPSED_TICKS_280000008120,WINDOW_ACCEPTANCE,OBJECTS_4,FAILED_0,BYTES_HI_00000000,BYTES_LO_00130000,FRAGMENTS_5793,LANE0_5183,LANE1_610,REPLICATED_0,FALLBACKS_2,P6_RETRIES_0,P6_RETRY_EXHAUSTED_0,P6_TX_FAIL_0,P6_CRC_BAD_0,P6_PAYLOAD_MISMATCH_0,MAX_TXD_HIGH_8,DUTY_VIOLATIONS_0,QUEUE_OCCUPANCY_8,QUEUE_HIGH_8,BACKPRESSURE_1,QUEUE_OBS_NOT_BEFORE_TICKS_296178702468,CURRENT_BPS_11858,ROLLING_BPS_0,LATENCY_COUNT_0,LATENCY_MIN_TICKS_0,LATENCY_MEAN_TICKS_0,LATENCY_P50_TICKS_0,LATENCY_P95_TICKS_0,LATENCY_P99_TICKS_0,LATENCY_MAX_TICKS_0,LAST_OBJECT_4
P7_SAMPLE_00029=ELAPSED_870.000,ELAPSED_TICKS_290000008410,WINDOW_ACCEPTANCE,OBJECTS_4,FAILED_0,BYTES_HI_00000000,BYTES_LO_00130000,FRAGMENTS_5793,LANE0_5183,LANE1_610,REPLICATED_0,FALLBACKS_2,P6_RETRIES_0,P6_RETRY_EXHAUSTED_0,P6_TX_FAIL_0,P6_CRC_BAD_0,P6_PAYLOAD_MISMATCH_0,MAX_TXD_HIGH_8,DUTY_VIOLATIONS_0,QUEUE_OCCUPANCY_8,QUEUE_HIGH_8,BACKPRESSURE_1,QUEUE_OBS_NOT_BEFORE_TICKS_296178702468,CURRENT_BPS_11449,ROLLING_BPS_0,LATENCY_COUNT_0,LATENCY_MIN_TICKS_0,LATENCY_MEAN_TICKS_0,LATENCY_P50_TICKS_0,LATENCY_P95_TICKS_0,LATENCY_P99_TICKS_0,LATENCY_MAX_TICKS_0,LAST_OBJECT_4
P7_CALIBRATION_WINDOW_COMPLETE=1
P7_SAMPLE_00030=ELAPSED_900.000,ELAPSED_TICKS_300000008700,WINDOW_ACCEPTANCE,OBJECTS_4,FAILED_0,BYTES_HI_00000000,BYTES_LO_00130000,FRAGMENTS_5793,LANE0_5183,LANE1_610,REPLICATED_0,FALLBACKS_2,P6_RETRIES_0,P6_RETRY_EXHAUSTED_0,P6_TX_FAIL_0,P6_CRC_BAD_0,P6_PAYLOAD_MISMATCH_0,MAX_TXD_HIGH_8,DUTY_VIOLATIONS_0,QUEUE_OCCUPANCY_8,QUEUE_HIGH_8,BACKPRESSURE_1,QUEUE_OBS_NOT_BEFORE_TICKS_300158343698,CURRENT_BPS_11068,ROLLING_BPS_0,LATENCY_COUNT_0,LATENCY_MIN_TICKS_0,LATENCY_MEAN_TICKS_0,LATENCY_P50_TICKS_0,LATENCY_P95_TICKS_0,LATENCY_P99_TICKS_0,LATENCY_MAX_TICKS_0,LAST_OBJECT_4
P7_STATIONARY_OBJECT_00000005=SLOT_4,GEN_0,SESSION_50370001,OBJECT_5,STATUS_3,ERROR_0,BYTES_1048576,FRAGMENTS_4878/4878,ATTEMPTS_4878,FALLBACKS_0,OUTSHA_95647E4A543FC103FFBD0D4B0CFFCBDCCB1B304581D7E609CC4D7C909491E259,P6_RETRY_COUNT_0,P6_RETRY_EXHAUSTED_0,P6_TX_FAIL_0,P6_CRC_BAD_0,P6_PAYLOAD_MISMATCH_0,MAX_TXD_HIGH_CYCLES_8,DUTY_VIOLATIONS_0,LANE0_4878,LANE1_4878,REPLICATED_4878,START_TICKS_143218238842,END_TICKS_309421144701,COMPLETION_SEQUENCE_5
P7_STATIONARY_TERMINAL_BUNDLE_00000005_CAPTURED=1
P7_STATIONARY_OBJECT_00000006=SLOT_5,GEN_0,SESSION_50370001,OBJECT_6,STATUS_3,ERROR_0,BYTES_4096,FRAGMENTS_20/20,ATTEMPTS_20,FALLBACKS_0,OUTSHA_FEB07BD82EE49AD03FA5AD02148220E679C7457A8961CB23D1CEB146CE8D6C77,P6_RETRY_COUNT_0,P6_RETRY_EXHAUSTED_0,P6_TX_FAIL_0,P6_CRC_BAD_0,P6_PAYLOAD_MISMATCH_0,MAX_TXD_HIGH_CYCLES_8,DUTY_VIOLATIONS_0,LANE0_10,LANE1_10,REPLICATED_0,START_TICKS_309421229097,END_TICKS_309486945925,COMPLETION_SEQUENCE_6
P7_STATIONARY_TERMINAL_BUNDLE_00000006_CAPTURED=1
P7_STATIONARY_OBJECT_00000007=SLOT_6,GEN_0,SESSION_50370001,OBJECT_7,STATUS_3,ERROR_0,BYTES_65536,FRAGMENTS_305/305,ATTEMPTS_305,FALLBACKS_0,OUTSHA_9DA06F7DA81A794CD2F75205391C6EDE1C44A6E14752AB6AFA5661982268B7DD,P6_RETRY_COUNT_0,P6_RETRY_EXHAUSTED_0,P6_TX_FAIL_0,P6_CRC_BAD_0,P6_PAYLOAD_MISMATCH_0,MAX_TXD_HIGH_CYCLES_8,DUTY_VIOLATIONS_0,LANE0_305,LANE1_0,REPLICATED_0,START_TICKS_309487030287,END_TICKS_340070666176,COMPLETION_SEQUENCE_7
P7_STATIONARY_TERMINAL_BUNDLE_00000007_CAPTURED=1
P7_STATIONARY_OBJECT_00000008=SLOT_7,GEN_0,SESSION_50370001,OBJECT_8,STATUS_3,ERROR_0,BYTES_65536,FRAGMENTS_305/305,ATTEMPTS_305,FALLBACKS_0,OUTSHA_7DACA2095D0438260FA849183DFC67FAA459FDF4936E1BC91EEC6B281B27E4C2,P6_RETRY_COUNT_0,P6_RETRY_EXHAUSTED_0,P6_TX_FAIL_0,P6_CRC_BAD_0,P6_PAYLOAD_MISMATCH_0,MAX_TXD_HIGH_CYCLES_8,DUTY_VIOLATIONS_0,LANE0_0,LANE1_305,REPLICATED_0,START_TICKS_340070750515,END_TICKS_389094379902,COMPLETION_SEQUENCE_8
P7_STATIONARY_TERMINAL_BUNDLE_00000008_CAPTURED=1
P7_PS_STAGE_RESULT=FAIL
P7_PS_STAGE_ERROR=P7 stationary descriptor failed slot=0 status=4 error=32
