#-----------------------------------------------------------
# xsim v2023.1 (64-bit)
# SW Build 3865809 on Sun May  7 15:05:29 MDT 2023
# IP Build 3864474 on Sun May  7 20:36:21 MDT 2023
# SharedData Build 3865790 on Sun May 07 13:33:03 MDT 2023
# Start of session at: Sun Aug  2 01:43:17 2026
# Process ID: 32772
# Current directory: C:/Users/user/Documents/RF_COMM_MULTILANE_P10_1R_GATE_TMP/build/p10_1r_p8d_exact_branch/p8d_raw/formal_493955d57889/xsim/tb_ir_p8b_p8c_p8d_integration/work
# Command line: xsim.exe -mode tcl -source {xsim.dir/tb_ir_p8b_p8c_p8d_integration_snapshot/xsim_script.tcl}
# Log file: C:/Users/user/Documents/RF_COMM_MULTILANE_P10_1R_GATE_TMP/build/p10_1r_p8d_exact_branch/p8d_raw/formal_493955d57889/xsim/tb_ir_p8b_p8c_p8d_integration/work/xsim.log
# Journal file: C:/Users/user/Documents/RF_COMM_MULTILANE_P10_1R_GATE_TMP/build/p10_1r_p8d_exact_branch/p8d_raw/formal_493955d57889/xsim/tb_ir_p8b_p8c_p8d_integration/work\xsim.jou
# Running On: DESKTOP-PU0AECA, OS: Windows, CPU Frequency: 3418 MHz, CPU Physical cores: 20, Host memory: 34187 MB
#-----------------------------------------------------------
source xsim.dir/tb_ir_p8b_p8c_p8d_integration_snapshot/xsim_script.tcl
# xsim {tb_ir_p8b_p8c_p8d_integration_snapshot} -autoloadwcfg -runall
Time resolution is 1 ps
run -all
P8D_P8B_MAPPING_GATE_INTEGRATION_PASS=1
P8D_P8C_SINGLE_PERMIT_FINAL_KILL_INTEGRATION_PASS=1
P8D_PARTIAL_FRAME_NOT_RESUMED_PASS=1
TB_IR_P8B_P8C_P8D_INTEGRATION_PASS=1
$finish called at time : 5046 ns : File "C:/Users/user/Documents/RF_COMM_MULTILANE_P10_1R_GATE_TMP/sim/tb/tb_ir_p8b_p8c_p8d_integration.sv" Line 176
exit
INFO: [Common 17-206] Exiting xsim at Sun Aug  2 01:43:19 2026...
