P7_PS_MODE=stationary
P7_EXECUTION_SCOPE=P7_STAGE66_DIAGNOSTIC_STAGE
P7_RUN_ID=p7_20260716_stationary_app_r69_diag_stage66_c05
P7_STATIONARY_FAULT_MODEL=SOFTWARE_INJECTED_BIDIRECTIONAL_CONTROLLED_FALLBACK
P7_XSDB_DAP_DISTINCT_TARGET_COUNT=0
P7_XSDB_APU_DISTINCT_TARGET_COUNT=1
P7_XSDB_FPGA_DISTINCT_TARGET_COUNT=1
P7_XSDB_CPU0_DISTINCT_TARGET_COUNT=1
P7_XSDB_CABLE_ROOT_COUNT=1
P7_XSDB_JTAG_DEVICE_COUNT=2
P7_PS_RESET_TARGET=APU
P7_HW_TARGET=localhost:3121/xilinx_tcf/Digilent/210512180081
P7_HW_PART=xc7z010clg400-1
P7_HW_CANONICAL_PART=xc7z010clg400-1
P7_HW_LIVE_PART=xc7z010
P7_HW_LIVE_DEVICE=xc7z010_1
P7_HW_LIVE_IDCODE=00010011011100100010000010010011
P7_HW_BOARD_ID=210512180081
P7_XSDB_LIVE_DEVICE=xc7z010
P7_XSDB_LIVE_DEVICE_MATCH=1
P7_XSDB_LIVE_BOARD_ID=210512180081
P7_XSDB_LIVE_IDCODE=0x13722093
P7_XSDB_PREFLIGHT_IDCODE=00010011011100100010000010010011
P7_XSDB_TARGET_SELECTION=EXACT_CABLE_DEVICE_IDCODE_AND_UNIQUE_NODE_IDS
P7_PS_CANDIDATE_PROGRAMMED=1
P7_HOST_TO_PS_INPUT_BYTES=2428928
P7_HOST_TO_PS_INPUT_DURATION_MS=40242
P7_HOST_TO_PS_INPUT_BYTES_PER_SEC=60358
P7_HOST_TO_PS_INPUT_BPS=482864
P7_PS_ELF_DOWNLOADED=1
P7_PS_SERVICE_READY_POLLS=3
P7_PS_SERVICE_HEARTBEAT_AND_START_TICKS=1
P7_STATIONARY_SERVICE_READY_ACTIVE=1
P7_STATIONARY_PRIMARY_TIME_SOURCE=PS_RUNTIME_ELAPSED_TICKS
P7_STATIONARY_HOST_TIME_ROLE=INDEPENDENT_WATCHDOG_AND_INPUT_PRELOAD
P7_STATIONARY_RUNTIME_START_TICKS=80943
P7_STATIONARY_READY_PUBLISH_GUARD_TICKS=333333343
P7_STATIONARY_SAMPLE_SEMANTICS=FIXED_PS_THRESHOLDS_FROM_IMMUTABLE_TERMINAL_END_TICKS
P7_SAMPLE_00001=ELAPSED_30.000,ELAPSED_TICKS_10000000290,WINDOW_CALIBRATION,OBJECTS_0,FAILED_0,BYTES_HI_00000000,BYTES_LO_00000000,FRAGMENTS_0,LANE0_0,LANE1_0,REPLICATED_0,FALLBACKS_0,P6_RETRIES_0,P6_RETRY_EXHAUSTED_0,P6_TX_FAIL_0,P6_CRC_BAD_0,P6_PAYLOAD_MISMATCH_0,MAX_TXD_HIGH_0,DUTY_VIOLATIONS_0,QUEUE_OCCUPANCY_1,QUEUE_HIGH_1,BACKPRESSURE_0,QUEUE_OBS_NOT_BEFORE_TICKS_10000908708,CURRENT_BPS_0,ROLLING_BPS_0,LATENCY_COUNT_0,LATENCY_MIN_TICKS_0,LATENCY_MEAN_TICKS_0,LATENCY_P50_TICKS_0,LATENCY_P95_TICKS_0,LATENCY_P99_TICKS_0,LATENCY_MAX_TICKS_0,LAST_OBJECT_0
P7_STATIONARY_OBJECT_00000001=SLOT_0,GEN_0,SESSION_50370001,OBJECT_1,STATUS_3,ERROR_0,BYTES_1048576,FRAGMENTS_4878/4878,ATTEMPTS_4878,FALLBACKS_0,OUTSHA_FCD7923CBB8E709738F05BA8C318A4DF5C27C0451A987689FAC429A17B292737,P6_RETRY_COUNT_0,P6_RETRY_EXHAUSTED_0,P6_TX_FAIL_0,P6_CRC_BAD_0,P6_PAYLOAD_MISMATCH_0,MAX_TXD_HIGH_CYCLES_8,DUTY_VIOLATIONS_0,LANE0_4878,LANE1_0,REPLICATED_0,START_TICKS_92231439,END_TICKS_18246345252,COMPLETION_SEQUENCE_1
P7_STATIONARY_TERMINAL_BUNDLE_00000001_CAPTURED=1
P7_STATIONARY_OBJECT_00000002=SLOT_1,GEN_0,SESSION_50370001,OBJECT_2,STATUS_3,ERROR_0,BYTES_65536,FRAGMENTS_305/305,ATTEMPTS_305,FALLBACKS_1,OUTSHA_DD5CDD301ADFF15138B402AB190A143E8FF5FFED2D5E2FD24C3140FB652F11FF,P6_RETRY_COUNT_0,P6_RETRY_EXHAUSTED_0,P6_TX_FAIL_0,P6_CRC_BAD_0,P6_PAYLOAD_MISMATCH_0,MAX_TXD_HIGH_CYCLES_8,DUTY_VIOLATIONS_0,LANE0_1,LANE1_304,REPLICATED_0,START_TICKS_18246429600,END_TICKS_19935267453,COMPLETION_SEQUENCE_2
P7_STATIONARY_TERMINAL_BUNDLE_00000002_CAPTURED=1
P7_STATIONARY_OBJECT_00000003=SLOT_2,GEN_0,SESSION_50370001,OBJECT_3,STATUS_3,ERROR_0,BYTES_65536,FRAGMENTS_305/305,ATTEMPTS_305,FALLBACKS_1,OUTSHA_0765B0D1A9F493355595772F5A2EBAAF700D4D2CC7D8A781729A9771A380754F,P6_RETRY_COUNT_0,P6_RETRY_EXHAUSTED_0,P6_TX_FAIL_0,P6_CRC_BAD_0,P6_PAYLOAD_MISMATCH_0,MAX_TXD_HIGH_CYCLES_8,DUTY_VIOLATIONS_0,LANE0_304,LANE1_1,REPLICATED_0,START_TICKS_19935351843,END_TICKS_21998989663,COMPLETION_SEQUENCE_3
P7_STATIONARY_TERMINAL_BUNDLE_00000003_CAPTURED=1
P7_STATIONARY_OBJECT_00000004=SLOT_3,GEN_0,SESSION_50370001,OBJECT_4,STATUS_3,ERROR_0,BYTES_65536,FRAGMENTS_305/305,ATTEMPTS_305,FALLBACKS_0,OUTSHA_7DACA2095D0438260FA849183DFC67FAA459FDF4936E1BC91EEC6B281B27E4C2,P6_RETRY_COUNT_0,P6_RETRY_EXHAUSTED_0,P6_TX_FAIL_0,P6_CRC_BAD_0,P6_PAYLOAD_MISMATCH_0,MAX_TXD_HIGH_CYCLES_8,DUTY_VIOLATIONS_0,LANE0_0,LANE1_305,REPLICATED_0,START_TICKS_21999073981,END_TICKS_23991254130,COMPLETION_SEQUENCE_4
P7_STATIONARY_TERMINAL_BUNDLE_00000004_CAPTURED=1
P7_SAMPLE_00002=ELAPSED_60.000,ELAPSED_TICKS_20000000580,WINDOW_CALIBRATION,OBJECTS_2,FAILED_0,BYTES_HI_00000000,BYTES_LO_00110000,FRAGMENTS_5183,LANE0_4879,LANE1_304,REPLICATED_0,FALLBACKS_1,P6_RETRIES_0,P6_RETRY_EXHAUSTED_0,P6_TX_FAIL_0,P6_CRC_BAD_0,P6_PAYLOAD_MISMATCH_0,MAX_TXD_HIGH_8,DUTY_VIOLATIONS_0,QUEUE_OCCUPANCY_8,QUEUE_HIGH_8,BACKPRESSURE_1,QUEUE_OBS_NOT_BEFORE_TICKS_43043833764,CURRENT_BPS_148548,ROLLING_BPS_297096,LATENCY_COUNT_2,LATENCY_MIN_TICKS_1688837853,LATENCY_MEAN_TICKS_9921475833,LATENCY_P50_TICKS_1688837853,LATENCY_P95_TICKS_18154113813,LATENCY_P99_TICKS_18154113813,LATENCY_MAX_TICKS_18154113813,LAST_OBJECT_2
P7_SAMPLE_00003=ELAPSED_90.000,ELAPSED_TICKS_30000000870,WINDOW_CALIBRATION,OBJECTS_4,FAILED_0,BYTES_HI_00000000,BYTES_LO_00130000,FRAGMENTS_5793,LANE0_5183,LANE1_610,REPLICATED_0,FALLBACKS_2,P6_RETRIES_0,P6_RETRY_EXHAUSTED_0,P6_TX_FAIL_0,P6_CRC_BAD_0,P6_PAYLOAD_MISMATCH_0,MAX_TXD_HIGH_8,DUTY_VIOLATIONS_0,QUEUE_OCCUPANCY_8,QUEUE_HIGH_8,BACKPRESSURE_1,QUEUE_OBS_NOT_BEFORE_TICKS_43043833764,CURRENT_BPS_110683,ROLLING_BPS_34952,LATENCY_COUNT_2,LATENCY_MIN_TICKS_1992180149,LATENCY_MEAN_TICKS_2027908984,LATENCY_P50_TICKS_1992180149,LATENCY_P95_TICKS_2063637820,LATENCY_P99_TICKS_2063637820,LATENCY_MAX_TICKS_2063637820,LAST_OBJECT_4
P7_SAMPLE_00004=ELAPSED_120.000,ELAPSED_TICKS_40000001160,WINDOW_CALIBRATION,OBJECTS_4,FAILED_0,BYTES_HI_00000000,BYTES_LO_00130000,FRAGMENTS_5793,LANE0_5183,LANE1_610,REPLICATED_0,FALLBACKS_2,P6_RETRIES_0,P6_RETRY_EXHAUSTED_0,P6_TX_FAIL_0,P6_CRC_BAD_0,P6_PAYLOAD_MISMATCH_0,MAX_TXD_HIGH_8,DUTY_VIOLATIONS_0,QUEUE_OCCUPANCY_8,QUEUE_HIGH_8,BACKPRESSURE_1,QUEUE_OBS_NOT_BEFORE_TICKS_43043833764,CURRENT_BPS_83012,ROLLING_BPS_0,LATENCY_COUNT_0,LATENCY_MIN_TICKS_0,LATENCY_MEAN_TICKS_0,LATENCY_P50_TICKS_0,LATENCY_P95_TICKS_0,LATENCY_P99_TICKS_0,LATENCY_MAX_TICKS_0,LAST_OBJECT_4
P7_SAMPLE_00005=ELAPSED_150.000,ELAPSED_TICKS_50000001450,WINDOW_CALIBRATION,OBJECTS_4,FAILED_0,BYTES_HI_00000000,BYTES_LO_00130000,FRAGMENTS_5793,LANE0_5183,LANE1_610,REPLICATED_0,FALLBACKS_2,P6_RETRIES_0,P6_RETRY_EXHAUSTED_0,P6_TX_FAIL_0,P6_CRC_BAD_0,P6_PAYLOAD_MISMATCH_0,MAX_TXD_HIGH_8,DUTY_VIOLATIONS_0,QUEUE_OCCUPANCY_8,QUEUE_HIGH_8,BACKPRESSURE_1,QUEUE_OBS_NOT_BEFORE_TICKS_50085289177,CURRENT_BPS_66409,ROLLING_BPS_0,LATENCY_COUNT_0,LATENCY_MIN_TICKS_0,LATENCY_MEAN_TICKS_0,LATENCY_P50_TICKS_0,LATENCY_P95_TICKS_0,LATENCY_P99_TICKS_0,LATENCY_MAX_TICKS_0,LAST_OBJECT_4
P7_STATIONARY_OBJECT_00000005=SLOT_4,GEN_0,SESSION_50370001,OBJECT_5,STATUS_3,ERROR_0,BYTES_1048576,FRAGMENTS_4878/4878,ATTEMPTS_4878,FALLBACKS_0,OUTSHA_95647E4A543FC103FFBD0D4B0CFFCBDCCB1B304581D7E609CC4D7C909491E259,P6_RETRY_COUNT_0,P6_RETRY_EXHAUSTED_0,P6_TX_FAIL_0,P6_CRC_BAD_0,P6_PAYLOAD_MISMATCH_0,MAX_TXD_HIGH_CYCLES_8,DUTY_VIOLATIONS_0,LANE0_4878,LANE1_4878,REPLICATED_4878,START_TICKS_23991338472,END_TICKS_55036774941,COMPLETION_SEQUENCE_5
P7_STATIONARY_TERMINAL_BUNDLE_00000005_CAPTURED=1
P7_STATIONARY_OBJECT_00000006=SLOT_5,GEN_0,SESSION_50370001,OBJECT_6,STATUS_3,ERROR_0,BYTES_4096,FRAGMENTS_20/20,ATTEMPTS_20,FALLBACKS_0,OUTSHA_FEB07BD82EE49AD03FA5AD02148220E679C7457A8961CB23D1CEB146CE8D6C77,P6_RETRY_COUNT_0,P6_RETRY_EXHAUSTED_0,P6_TX_FAIL_0,P6_CRC_BAD_0,P6_PAYLOAD_MISMATCH_0,MAX_TXD_HIGH_CYCLES_8,DUTY_VIOLATIONS_0,LANE0_10,LANE1_10,REPLICATED_0,START_TICKS_55036859266,END_TICKS_55104538314,COMPLETION_SEQUENCE_6
P7_STATIONARY_TERMINAL_BUNDLE_00000006_CAPTURED=1
P7_STATIONARY_OBJECT_00000007=SLOT_6,GEN_0,SESSION_50370001,OBJECT_7,STATUS_3,ERROR_0,BYTES_65536,FRAGMENTS_305/305,ATTEMPTS_305,FALLBACKS_0,OUTSHA_9DA06F7DA81A794CD2F75205391C6EDE1C44A6E14752AB6AFA5661982268B7DD,P6_RETRY_COUNT_0,P6_RETRY_EXHAUSTED_0,P6_TX_FAIL_0,P6_CRC_BAD_0,P6_PAYLOAD_MISMATCH_0,MAX_TXD_HIGH_CYCLES_8,DUTY_VIOLATIONS_0,LANE0_305,LANE1_0,REPLICATED_0,START_TICKS_55104622611,END_TICKS_56799897691,COMPLETION_SEQUENCE_7
P7_STATIONARY_TERMINAL_BUNDLE_00000007_CAPTURED=1
P7_STATIONARY_OBJECT_00000008=SLOT_7,GEN_0,SESSION_50370001,OBJECT_8,STATUS_3,ERROR_0,BYTES_65536,FRAGMENTS_305/305,ATTEMPTS_305,FALLBACKS_0,OUTSHA_7DACA2095D0438260FA849183DFC67FAA459FDF4936E1BC91EEC6B281B27E4C2,P6_RETRY_COUNT_0,P6_RETRY_EXHAUSTED_0,P6_TX_FAIL_0,P6_CRC_BAD_0,P6_PAYLOAD_MISMATCH_0,MAX_TXD_HIGH_CYCLES_8,DUTY_VIOLATIONS_0,LANE0_0,LANE1_305,REPLICATED_0,START_TICKS_56799982030,END_TICKS_58777744822,COMPLETION_SEQUENCE_8
P7_STATIONARY_TERMINAL_BUNDLE_00000008_CAPTURED=1
P7_SAMPLE_00006=ELAPSED_180.000,ELAPSED_TICKS_60000001740,WINDOW_CALIBRATION,OBJECTS_8,FAILED_0,BYTES_HI_00000000,BYTES_LO_00251000,FRAGMENTS_11301,LANE0_10376,LANE1_5803,REPLICATED_4878,FALLBACKS_2,P6_RETRIES_0,P6_RETRY_EXHAUSTED_0,P6_TX_FAIL_0,P6_CRC_BAD_0,P6_PAYLOAD_MISMATCH_0,MAX_TXD_HIGH_8,DUTY_VIOLATIONS_0,QUEUE_OCCUPANCY_8,QUEUE_HIGH_8,BACKPRESSURE_1,QUEUE_OBS_NOT_BEFORE_TICKS_78748098400,CURRENT_BPS_107952,ROLLING_BPS_315665,LATENCY_COUNT_4,LATENCY_MIN_TICKS_67679048,LATENCY_MEAN_TICKS_8696538347,LATENCY_P50_TICKS_1695275080,LATENCY_P95_TICKS_31045436469,LATENCY_P99_TICKS_31045436469,LATENCY_MAX_TICKS_31045436469,LAST_OBJECT_8
P7_SAMPLE_00007=ELAPSED_210.000,ELAPSED_TICKS_70000002030,WINDOW_CALIBRATION,OBJECTS_8,FAILED_0,BYTES_HI_00000000,BYTES_LO_00251000,FRAGMENTS_11301,LANE0_10376,LANE1_5803,REPLICATED_4878,FALLBACKS_2,P6_RETRIES_0,P6_RETRY_EXHAUSTED_0,P6_TX_FAIL_0,P6_CRC_BAD_0,P6_PAYLOAD_MISMATCH_0,MAX_TXD_HIGH_8,DUTY_VIOLATIONS_0,QUEUE_OCCUPANCY_8,QUEUE_HIGH_8,BACKPRESSURE_1,QUEUE_OBS_NOT_BEFORE_TICKS_78748098400,CURRENT_BPS_92530,ROLLING_BPS_0,LATENCY_COUNT_0,LATENCY_MIN_TICKS_0,LATENCY_MEAN_TICKS_0,LATENCY_P50_TICKS_0,LATENCY_P95_TICKS_0,LATENCY_P99_TICKS_0,LATENCY_MAX_TICKS_0,LAST_OBJECT_8
P7_SAMPLE_00008=ELAPSED_240.000,ELAPSED_TICKS_80000002320,WINDOW_CALIBRATION,OBJECTS_8,FAILED_0,BYTES_HI_00000000,BYTES_LO_00251000,FRAGMENTS_11301,LANE0_10376,LANE1_5803,REPLICATED_4878,FALLBACKS_2,P6_RETRIES_0,P6_RETRY_EXHAUSTED_0,P6_TX_FAIL_0,P6_CRC_BAD_0,P6_PAYLOAD_MISMATCH_0,MAX_TXD_HIGH_8,DUTY_VIOLATIONS_0,QUEUE_OCCUPANCY_8,QUEUE_HIGH_8,BACKPRESSURE_1,QUEUE_OBS_NOT_BEFORE_TICKS_80106340282,CURRENT_BPS_80964,ROLLING_BPS_0,LATENCY_COUNT_0,LATENCY_MIN_TICKS_0,LATENCY_MEAN_TICKS_0,LATENCY_P50_TICKS_0,LATENCY_P95_TICKS_0,LATENCY_P99_TICKS_0,LATENCY_MAX_TICKS_0,LAST_OBJECT_8
P7_STATIONARY_OBJECT_00000009=SLOT_0,GEN_1,SESSION_50370001,OBJECT_1001,STATUS_3,ERROR_0,BYTES_1048576,FRAGMENTS_4878/4878,ATTEMPTS_4878,FALLBACKS_0,OUTSHA_FCD7923CBB8E709738F05BA8C318A4DF5C27C0451A987689FAC429A17B292737,P6_RETRY_COUNT_0,P6_RETRY_EXHAUSTED_0,P6_TX_FAIL_0,P6_CRC_BAD_0,P6_PAYLOAD_MISMATCH_0,MAX_TXD_HIGH_CYCLES_8,DUTY_VIOLATIONS_0,LANE0_4878,LANE1_0,REPLICATED_0,START_TICKS_58777829217,END_TICKS_90015313339,COMPLETION_SEQUENCE_9
P7_STATIONARY_TERMINAL_BUNDLE_00000009_CAPTURED=1
P7_STATIONARY_OBJECT_00000010=SLOT_1,GEN_1,SESSION_50370001,OBJECT_1002,STATUS_3,ERROR_0,BYTES_65536,FRAGMENTS_305/305,ATTEMPTS_305,FALLBACKS_1,OUTSHA_DD5CDD301ADFF15138B402AB190A143E8FF5FFED2D5E2FD24C3140FB652F11FF,P6_RETRY_COUNT_0,P6_RETRY_EXHAUSTED_0,P6_TX_FAIL_0,P6_CRC_BAD_0,P6_PAYLOAD_MISMATCH_0,MAX_TXD_HIGH_CYCLES_8,DUTY_VIOLATIONS_0,LANE0_1,LANE1_304,REPLICATED_0,START_TICKS_90015397731,END_TICKS_91914605541,COMPLETION_SEQUENCE_10
P7_STATIONARY_TERMINAL_BUNDLE_00000010_CAPTURED=1
P7_STATIONARY_OBJECT_00000011=SLOT_2,GEN_1,SESSION_50370001,OBJECT_1003,STATUS_3,ERROR_0,BYTES_65536,FRAGMENTS_305/305,ATTEMPTS_305,FALLBACKS_1,OUTSHA_0765B0D1A9F493355595772F5A2EBAAF700D4D2CC7D8A781729A9771A380754F,P6_RETRY_COUNT_0,P6_RETRY_EXHAUSTED_0,P6_TX_FAIL_0,P6_CRC_BAD_0,P6_PAYLOAD_MISMATCH_0,MAX_TXD_HIGH_CYCLES_8,DUTY_VIOLATIONS_0,LANE0_304,LANE1_1,REPLICATED_0,START_TICKS_91914689937,END_TICKS_94187695864,COMPLETION_SEQUENCE_11
P7_STATIONARY_TERMINAL_BUNDLE_00000011_CAPTURED=1
P7_STATIONARY_OBJECT_00000012=SLOT_3,GEN_1,SESSION_50370001,OBJECT_1004,STATUS_3,ERROR_0,BYTES_65536,FRAGMENTS_305/305,ATTEMPTS_305,FALLBACKS_0,OUTSHA_7DACA2095D0438260FA849183DFC67FAA459FDF4936E1BC91EEC6B281B27E4C2,P6_RETRY_COUNT_0,P6_RETRY_EXHAUSTED_0,P6_TX_FAIL_0,P6_CRC_BAD_0,P6_PAYLOAD_MISMATCH_0,MAX_TXD_HIGH_CYCLES_8,DUTY_VIOLATIONS_0,LANE0_0,LANE1_305,REPLICATED_0,START_TICKS_94187780196,END_TICKS_96397366941,COMPLETION_SEQUENCE_12
P7_STATIONARY_TERMINAL_BUNDLE_00000012_CAPTURED=1
P7_SAMPLE_00009=ELAPSED_270.000,ELAPSED_TICKS_90000002610,WINDOW_CALIBRATION,OBJECTS_8,FAILED_0,BYTES_HI_00000000,BYTES_LO_00251000,FRAGMENTS_11301,LANE0_10376,LANE1_5803,REPLICATED_4878,FALLBACKS_2,P6_RETRIES_0,P6_RETRY_EXHAUSTED_0,P6_TX_FAIL_0,P6_CRC_BAD_0,P6_PAYLOAD_MISMATCH_0,MAX_TXD_HIGH_8,DUTY_VIOLATIONS_0,QUEUE_OCCUPANCY_8,QUEUE_HIGH_8,BACKPRESSURE_1,QUEUE_OBS_NOT_BEFORE_TICKS_114321994726,CURRENT_BPS_71968,ROLLING_BPS_0,LATENCY_COUNT_0,LATENCY_MIN_TICKS_0,LATENCY_MEAN_TICKS_0,LATENCY_P50_TICKS_0,LATENCY_P95_TICKS_0,LATENCY_P99_TICKS_0,LATENCY_MAX_TICKS_0,LAST_OBJECT_8
P7_SAMPLE_00010=ELAPSED_300.000,ELAPSED_TICKS_100000002900,WINDOW_CALIBRATION,OBJECTS_12,FAILED_0,BYTES_HI_00000000,BYTES_LO_00381000,FRAGMENTS_17094,LANE0_15559,LANE1_6413,REPLICATED_4878,FALLBACKS_4,P6_RETRIES_0,P6_RETRY_EXHAUSTED_0,P6_TX_FAIL_0,P6_CRC_BAD_0,P6_PAYLOAD_MISMATCH_0,MAX_TXD_HIGH_8,DUTY_VIOLATIONS_0,QUEUE_OCCUPANCY_8,QUEUE_HIGH_8,BACKPRESSURE_1,QUEUE_OBS_NOT_BEFORE_TICKS_114321994726,CURRENT_BPS_97976,ROLLING_BPS_332049,LATENCY_COUNT_4,LATENCY_MIN_TICKS_1899207810,LATENCY_MEAN_TICKS_9404821151,LATENCY_P50_TICKS_2209586745,LATENCY_P95_TICKS_31237484122,LATENCY_P99_TICKS_31237484122,LATENCY_MAX_TICKS_31237484122,LAST_OBJECT_1004
P7_SAMPLE_00011=ELAPSED_330.000,ELAPSED_TICKS_110000003190,WINDOW_ACCEPTANCE,OBJECTS_12,FAILED_0,BYTES_HI_00000000,BYTES_LO_00381000,FRAGMENTS_17094,LANE0_15559,LANE1_6413,REPLICATED_4878,FALLBACKS_4,P6_RETRIES_0,P6_RETRY_EXHAUSTED_0,P6_TX_FAIL_0,P6_CRC_BAD_0,P6_PAYLOAD_MISMATCH_0,MAX_TXD_HIGH_8,DUTY_VIOLATIONS_0,QUEUE_OCCUPANCY_8,QUEUE_HIGH_8,BACKPRESSURE_1,QUEUE_OBS_NOT_BEFORE_TICKS_114321994726,CURRENT_BPS_89069,ROLLING_BPS_0,LATENCY_COUNT_0,LATENCY_MIN_TICKS_0,LATENCY_MEAN_TICKS_0,LATENCY_P50_TICKS_0,LATENCY_P95_TICKS_0,LATENCY_P99_TICKS_0,LATENCY_MAX_TICKS_0,LAST_OBJECT_1004
P7_CALIBRATION_WINDOW_COMPLETE=1
P7_SAMPLE_00012=ELAPSED_360.000,ELAPSED_TICKS_120000003480,WINDOW_ACCEPTANCE,OBJECTS_12,FAILED_0,BYTES_HI_00000000,BYTES_LO_00381000,FRAGMENTS_17094,LANE0_15559,LANE1_6413,REPLICATED_4878,FALLBACKS_4,P6_RETRIES_0,P6_RETRY_EXHAUSTED_0,P6_TX_FAIL_0,P6_CRC_BAD_0,P6_PAYLOAD_MISMATCH_0,MAX_TXD_HIGH_8,DUTY_VIOLATIONS_0,QUEUE_OCCUPANCY_8,QUEUE_HIGH_8,BACKPRESSURE_1,QUEUE_OBS_NOT_BEFORE_TICKS_120010926361,CURRENT_BPS_81646,ROLLING_BPS_0,LATENCY_COUNT_0,LATENCY_MIN_TICKS_0,LATENCY_MEAN_TICKS_0,LATENCY_P50_TICKS_0,LATENCY_P95_TICKS_0,LATENCY_P99_TICKS_0,LATENCY_MAX_TICKS_0,LAST_OBJECT_1004
P7_STATIONARY_OBJECT_00000013=SLOT_4,GEN_1,SESSION_50370001,OBJECT_1005,STATUS_3,ERROR_0,BYTES_1048576,FRAGMENTS_4878/4878,ATTEMPTS_4878,FALLBACKS_0,OUTSHA_95647E4A543FC103FFBD0D4B0CFFCBDCCB1B304581D7E609CC4D7C909491E259,P6_RETRY_COUNT_0,P6_RETRY_EXHAUSTED_0,P6_TX_FAIL_0,P6_CRC_BAD_0,P6_PAYLOAD_MISMATCH_0,MAX_TXD_HIGH_CYCLES_8,DUTY_VIOLATIONS_0,LANE0_4878,LANE1_4878,REPLICATED_4878,START_TICKS_96397451266,END_TICKS_127131925530,COMPLETION_SEQUENCE_13
P7_STATIONARY_TERMINAL_BUNDLE_00000013_CAPTURED=1
P7_STATIONARY_OBJECT_00000014=SLOT_5,GEN_1,SESSION_50370001,OBJECT_1006,STATUS_3,ERROR_0,BYTES_4096,FRAGMENTS_20/20,ATTEMPTS_20,FALLBACKS_0,OUTSHA_FEB07BD82EE49AD03FA5AD02148220E679C7457A8961CB23D1CEB146CE8D6C77,P6_RETRY_COUNT_0,P6_RETRY_EXHAUSTED_0,P6_TX_FAIL_0,P6_CRC_BAD_0,P6_PAYLOAD_MISMATCH_0,MAX_TXD_HIGH_CYCLES_8,DUTY_VIOLATIONS_0,LANE0_10,LANE1_10,REPLICATED_0,START_TICKS_127132009869,END_TICKS_127204045410,COMPLETION_SEQUENCE_14
P7_STATIONARY_TERMINAL_BUNDLE_00000014_CAPTURED=1
P7_STATIONARY_OBJECT_00000015=SLOT_6,GEN_1,SESSION_50370001,OBJECT_1007,STATUS_3,ERROR_0,BYTES_65536,FRAGMENTS_305/305,ATTEMPTS_305,FALLBACKS_0,OUTSHA_9DA06F7DA81A794CD2F75205391C6EDE1C44A6E14752AB6AFA5661982268B7DD,P6_RETRY_COUNT_0,P6_RETRY_EXHAUSTED_0,P6_TX_FAIL_0,P6_CRC_BAD_0,P6_PAYLOAD_MISMATCH_0,MAX_TXD_HIGH_CYCLES_8,DUTY_VIOLATIONS_0,LANE0_305,LANE1_0,REPLICATED_0,START_TICKS_127204129759,END_TICKS_129058274464,COMPLETION_SEQUENCE_15
P7_STATIONARY_TERMINAL_BUNDLE_00000015_CAPTURED=1
P7_STATIONARY_OBJECT_00000016=SLOT_7,GEN_1,SESSION_50370001,OBJECT_1008,STATUS_3,ERROR_0,BYTES_65536,FRAGMENTS_305/305,ATTEMPTS_305,FALLBACKS_0,OUTSHA_7DACA2095D0438260FA849183DFC67FAA459FDF4936E1BC91EEC6B281B27E4C2,P6_RETRY_COUNT_0,P6_RETRY_EXHAUSTED_0,P6_TX_FAIL_0,P6_CRC_BAD_0,P6_PAYLOAD_MISMATCH_0,MAX_TXD_HIGH_CYCLES_8,DUTY_VIOLATIONS_0,LANE0_0,LANE1_305,REPLICATED_0,START_TICKS_129058358850,END_TICKS_131291370691,COMPLETION_SEQUENCE_16
P7_STATIONARY_TERMINAL_BUNDLE_00000016_CAPTURED=1
P7_SAMPLE_00013=ELAPSED_390.000,ELAPSED_TICKS_130000003770,WINDOW_ACCEPTANCE,OBJECTS_15,FAILED_0,BYTES_HI_00000000,BYTES_LO_00492000,FRAGMENTS_22297,LANE0_20752,LANE1_11301,REPLICATED_9756,FALLBACKS_4,P6_RETRIES_0,P6_RETRY_EXHAUSTED_0,P6_TX_FAIL_0,P6_CRC_BAD_0,P6_PAYLOAD_MISMATCH_0,MAX_TXD_HIGH_8,DUTY_VIOLATIONS_0,QUEUE_OCCUPANCY_8,QUEUE_HIGH_8,BACKPRESSURE_1,QUEUE_OBS_NOT_BEFORE_TICKS_150405927202,CURRENT_BPS_98304,ROLLING_BPS_298188,LATENCY_COUNT_3,LATENCY_MIN_TICKS_72035541,LATENCY_MEAN_TICKS_10886884836,LATENCY_P50_TICKS_1854144705,LATENCY_P95_TICKS_30734474264,LATENCY_P99_TICKS_30734474264,LATENCY_MAX_TICKS_30734474264,LAST_OBJECT_1007
P7_SAMPLE_00014=ELAPSED_420.000,ELAPSED_TICKS_140000004060,WINDOW_ACCEPTANCE,OBJECTS_16,FAILED_0,BYTES_HI_00000000,BYTES_LO_004A2000,FRAGMENTS_22602,LANE0_20752,LANE1_11606,REPLICATED_9756,FALLBACKS_4,P6_RETRIES_0,P6_RETRY_EXHAUSTED_0,P6_TX_FAIL_0,P6_CRC_BAD_0,P6_PAYLOAD_MISMATCH_0,MAX_TXD_HIGH_8,DUTY_VIOLATIONS_0,QUEUE_OCCUPANCY_8,QUEUE_HIGH_8,BACKPRESSURE_1,QUEUE_OBS_NOT_BEFORE_TICKS_150405927202,CURRENT_BPS_92530,ROLLING_BPS_17476,LATENCY_COUNT_1,LATENCY_MIN_TICKS_2233011841,LATENCY_MEAN_TICKS_2233011841,LATENCY_P50_TICKS_2233011841,LATENCY_P95_TICKS_2233011841,LATENCY_P99_TICKS_2233011841,LATENCY_MAX_TICKS_2233011841,LAST_OBJECT_1008
P7_SAMPLE_00015=ELAPSED_450.000,ELAPSED_TICKS_150000004350,WINDOW_ACCEPTANCE,OBJECTS_16,FAILED_0,BYTES_HI_00000000,BYTES_LO_004A2000,FRAGMENTS_22602,LANE0_20752,LANE1_11606,REPLICATED_9756,FALLBACKS_4,P6_RETRIES_0,P6_RETRY_EXHAUSTED_0,P6_TX_FAIL_0,P6_CRC_BAD_0,P6_PAYLOAD_MISMATCH_0,MAX_TXD_HIGH_8,DUTY_VIOLATIONS_0,QUEUE_OCCUPANCY_8,QUEUE_HIGH_8,BACKPRESSURE_1,QUEUE_OBS_NOT_BEFORE_TICKS_150405927202,CURRENT_BPS_86361,ROLLING_BPS_0,LATENCY_COUNT_0,LATENCY_MIN_TICKS_0,LATENCY_MEAN_TICKS_0,LATENCY_P50_TICKS_0,LATENCY_P95_TICKS_0,LATENCY_P99_TICKS_0,LATENCY_MAX_TICKS_0,LAST_OBJECT_1008
P7_SAMPLE_00016=ELAPSED_480.000,ELAPSED_TICKS_160000004640,WINDOW_ACCEPTANCE,OBJECTS_16,FAILED_0,BYTES_HI_00000000,BYTES_LO_004A2000,FRAGMENTS_22602,LANE0_20752,LANE1_11606,REPLICATED_9756,FALLBACKS_4,P6_RETRIES_0,P6_RETRY_EXHAUSTED_0,P6_TX_FAIL_0,P6_CRC_BAD_0,P6_PAYLOAD_MISMATCH_0,MAX_TXD_HIGH_8,DUTY_VIOLATIONS_0,QUEUE_OCCUPANCY_8,QUEUE_HIGH_8,BACKPRESSURE_1,QUEUE_OBS_NOT_BEFORE_TICKS_160184889697,CURRENT_BPS_80964,ROLLING_BPS_0,LATENCY_COUNT_0,LATENCY_MIN_TICKS_0,LATENCY_MEAN_TICKS_0,LATENCY_P50_TICKS_0,LATENCY_P95_TICKS_0,LATENCY_P99_TICKS_0,LATENCY_MAX_TICKS_0,LAST_OBJECT_1008
P7_STATIONARY_OBJECT_00000017=SLOT_0,GEN_2,SESSION_50370001,OBJECT_1009,STATUS_3,ERROR_0,BYTES_1048576,FRAGMENTS_4878/4878,ATTEMPTS_4878,FALLBACKS_0,OUTSHA_FCD7923CBB8E709738F05BA8C318A4DF5C27C0451A987689FAC429A17B292737,P6_RETRY_COUNT_0,P6_RETRY_EXHAUSTED_0,P6_TX_FAIL_0,P6_CRC_BAD_0,P6_PAYLOAD_MISMATCH_0,MAX_TXD_HIGH_CYCLES_8,DUTY_VIOLATIONS_0,LANE0_4878,LANE1_0,REPLICATED_0,START_TICKS_131291455024,END_TICKS_162456338449,COMPLETION_SEQUENCE_17
P7_STATIONARY_TERMINAL_BUNDLE_00000017_CAPTURED=1
P7_STATIONARY_OBJECT_00000018=SLOT_1,GEN_2,SESSION_50370001,OBJECT_1010,STATUS_3,ERROR_0,BYTES_65536,FRAGMENTS_305/305,ATTEMPTS_305,FALLBACKS_1,OUTSHA_DD5CDD301ADFF15138B402AB190A143E8FF5FFED2D5E2FD24C3140FB652F11FF,P6_RETRY_COUNT_0,P6_RETRY_EXHAUSTED_0,P6_TX_FAIL_0,P6_CRC_BAD_0,P6_PAYLOAD_MISMATCH_0,MAX_TXD_HIGH_CYCLES_8,DUTY_VIOLATIONS_0,LANE0_1,LANE1_304,REPLICATED_0,START_TICKS_162456422839,END_TICKS_164184719065,COMPLETION_SEQUENCE_18
P7_STATIONARY_TERMINAL_BUNDLE_00000018_CAPTURED=1
P7_STATIONARY_OBJECT_00000019=SLOT_2,GEN_2,SESSION_50370001,OBJECT_1011,STATUS_3,ERROR_0,BYTES_65536,FRAGMENTS_305/305,ATTEMPTS_305,FALLBACKS_1,OUTSHA_0765B0D1A9F493355595772F5A2EBAAF700D4D2CC7D8A781729A9771A380754F,P6_RETRY_COUNT_0,P6_RETRY_EXHAUSTED_0,P6_TX_FAIL_0,P6_CRC_BAD_0,P6_PAYLOAD_MISMATCH_0,MAX_TXD_HIGH_CYCLES_8,DUTY_VIOLATIONS_0,LANE0_304,LANE1_1,REPLICATED_0,START_TICKS_164184803391,END_TICKS_166310592139,COMPLETION_SEQUENCE_19
P7_STATIONARY_TERMINAL_BUNDLE_00000019_CAPTURED=1
P7_STATIONARY_OBJECT_00000020=SLOT_3,GEN_2,SESSION_50370001,OBJECT_1012,STATUS_3,ERROR_0,BYTES_65536,FRAGMENTS_305/305,ATTEMPTS_305,FALLBACKS_0,OUTSHA_7DACA2095D0438260FA849183DFC67FAA459FDF4936E1BC91EEC6B281B27E4C2,P6_RETRY_COUNT_0,P6_RETRY_EXHAUSTED_0,P6_TX_FAIL_0,P6_CRC_BAD_0,P6_PAYLOAD_MISMATCH_0,MAX_TXD_HIGH_CYCLES_8,DUTY_VIOLATIONS_0,LANE0_0,LANE1_305,REPLICATED_0,START_TICKS_166310676468,END_TICKS_168596451064,COMPLETION_SEQUENCE_20
P7_STATIONARY_TERMINAL_BUNDLE_00000020_CAPTURED=1
P7_SAMPLE_00017=ELAPSED_510.000,ELAPSED_TICKS_170000004930,WINDOW_ACCEPTANCE,OBJECTS_20,FAILED_0,BYTES_HI_00000000,BYTES_LO_005D2000,FRAGMENTS_28395,LANE0_25935,LANE1_12216,REPLICATED_9756,FALLBACKS_6,P6_RETRIES_0,P6_RETRY_EXHAUSTED_0,P6_TX_FAIL_0,P6_CRC_BAD_0,P6_PAYLOAD_MISMATCH_0,MAX_TXD_HIGH_8,DUTY_VIOLATIONS_0,QUEUE_OCCUPANCY_8,QUEUE_HIGH_8,BACKPRESSURE_1,QUEUE_OBS_NOT_BEFORE_TICKS_187092261754,CURRENT_BPS_95733,ROLLING_BPS_332049,LATENCY_COUNT_4,LATENCY_MIN_TICKS_1728296226,LATENCY_MEAN_TICKS_9326185748,LATENCY_P50_TICKS_2125788748,LATENCY_P95_TICKS_31164883425,LATENCY_P99_TICKS_31164883425,LATENCY_MAX_TICKS_31164883425,LAST_OBJECT_1012
P7_SAMPLE_00018=ELAPSED_540.000,ELAPSED_TICKS_180000005220,WINDOW_ACCEPTANCE,OBJECTS_20,FAILED_0,BYTES_HI_00000000,BYTES_LO_005D2000,FRAGMENTS_28395,LANE0_25935,LANE1_12216,REPLICATED_9756,FALLBACKS_6,P6_RETRIES_0,P6_RETRY_EXHAUSTED_0,P6_TX_FAIL_0,P6_CRC_BAD_0,P6_PAYLOAD_MISMATCH_0,MAX_TXD_HIGH_8,DUTY_VIOLATIONS_0,QUEUE_OCCUPANCY_8,QUEUE_HIGH_8,BACKPRESSURE_1,QUEUE_OBS_NOT_BEFORE_TICKS_187092261754,CURRENT_BPS_90415,ROLLING_BPS_0,LATENCY_COUNT_0,LATENCY_MIN_TICKS_0,LATENCY_MEAN_TICKS_0,LATENCY_P50_TICKS_0,LATENCY_P95_TICKS_0,LATENCY_P99_TICKS_0,LATENCY_MAX_TICKS_0,LAST_OBJECT_1012
P7_SAMPLE_00019=ELAPSED_570.000,ELAPSED_TICKS_190000005510,WINDOW_ACCEPTANCE,OBJECTS_20,FAILED_0,BYTES_HI_00000000,BYTES_LO_005D2000,FRAGMENTS_28395,LANE0_25935,LANE1_12216,REPLICATED_9756,FALLBACKS_6,P6_RETRIES_0,P6_RETRY_EXHAUSTED_0,P6_TX_FAIL_0,P6_CRC_BAD_0,P6_PAYLOAD_MISMATCH_0,MAX_TXD_HIGH_8,DUTY_VIOLATIONS_0,QUEUE_OCCUPANCY_8,QUEUE_HIGH_8,BACKPRESSURE_1,QUEUE_OBS_NOT_BEFORE_TICKS_190103838051,CURRENT_BPS_85656,ROLLING_BPS_0,LATENCY_COUNT_0,LATENCY_MIN_TICKS_0,LATENCY_MEAN_TICKS_0,LATENCY_P50_TICKS_0,LATENCY_P95_TICKS_0,LATENCY_P99_TICKS_0,LATENCY_MAX_TICKS_0,LAST_OBJECT_1012
P7_STATIONARY_OBJECT_00000021=SLOT_4,GEN_2,SESSION_50370001,OBJECT_1013,STATUS_3,ERROR_0,BYTES_1048576,FRAGMENTS_4878/4878,ATTEMPTS_4878,FALLBACKS_0,OUTSHA_95647E4A543FC103FFBD0D4B0CFFCBDCCB1B304581D7E609CC4D7C909491E259,P6_RETRY_COUNT_0,P6_RETRY_EXHAUSTED_0,P6_TX_FAIL_0,P6_CRC_BAD_0,P6_PAYLOAD_MISMATCH_0,MAX_TXD_HIGH_CYCLES_8,DUTY_VIOLATIONS_0,LANE0_4878,LANE1_4878,REPLICATED_4878,START_TICKS_168596535460,END_TICKS_199541977690,COMPLETION_SEQUENCE_21
P7_STATIONARY_TERMINAL_BUNDLE_00000021_CAPTURED=1
P7_STATIONARY_OBJECT_00000022=SLOT_5,GEN_2,SESSION_50370001,OBJECT_1014,STATUS_3,ERROR_0,BYTES_4096,FRAGMENTS_20/20,ATTEMPTS_20,FALLBACKS_0,OUTSHA_FEB07BD82EE49AD03FA5AD02148220E679C7457A8961CB23D1CEB146CE8D6C77,P6_RETRY_COUNT_0,P6_RETRY_EXHAUSTED_0,P6_TX_FAIL_0,P6_CRC_BAD_0,P6_PAYLOAD_MISMATCH_0,MAX_TXD_HIGH_CYCLES_8,DUTY_VIOLATIONS_0,LANE0_10,LANE1_10,REPLICATED_0,START_TICKS_199542062089,END_TICKS_199609546077,COMPLETION_SEQUENCE_22
P7_STATIONARY_TERMINAL_BUNDLE_00000022_CAPTURED=1
P7_STATIONARY_OBJECT_00000023=SLOT_6,GEN_2,SESSION_50370001,OBJECT_1015,STATUS_3,ERROR_0,BYTES_65536,FRAGMENTS_305/305,ATTEMPTS_305,FALLBACKS_0,OUTSHA_9DA06F7DA81A794CD2F75205391C6EDE1C44A6E14752AB6AFA5661982268B7DD,P6_RETRY_COUNT_0,P6_RETRY_EXHAUSTED_0,P6_TX_FAIL_0,P6_CRC_BAD_0,P6_PAYLOAD_MISMATCH_0,MAX_TXD_HIGH_CYCLES_8,DUTY_VIOLATIONS_0,LANE0_305,LANE1_0,REPLICATED_0,START_TICKS_199609630372,END_TICKS_201555696055,COMPLETION_SEQUENCE_23
P7_STATIONARY_TERMINAL_BUNDLE_00000023_CAPTURED=1
P7_STATIONARY_OBJECT_00000024=SLOT_7,GEN_2,SESSION_50370001,OBJECT_1016,STATUS_3,ERROR_0,BYTES_65536,FRAGMENTS_305/305,ATTEMPTS_305,FALLBACKS_0,OUTSHA_7DACA2095D0438260FA849183DFC67FAA459FDF4936E1BC91EEC6B281B27E4C2,P6_RETRY_COUNT_0,P6_RETRY_EXHAUSTED_0,P6_TX_FAIL_0,P6_CRC_BAD_0,P6_PAYLOAD_MISMATCH_0,MAX_TXD_HIGH_CYCLES_8,DUTY_VIOLATIONS_0,LANE0_0,LANE1_305,REPLICATED_0,START_TICKS_201555780457,END_TICKS_203777882254,COMPLETION_SEQUENCE_24
P7_STATIONARY_TERMINAL_BUNDLE_00000024_CAPTURED=1
P7_SAMPLE_00020=ELAPSED_600.000,ELAPSED_TICKS_200000005800,WINDOW_ACCEPTANCE,OBJECTS_22,FAILED_0,BYTES_HI_00000000,BYTES_LO_006D3000,FRAGMENTS_33293,LANE0_30823,LANE1_17104,REPLICATED_14634,FALLBACKS_6,P6_RETRIES_0,P6_RETRY_EXHAUSTED_0,P6_TX_FAIL_0,P6_CRC_BAD_0,P6_PAYLOAD_MISMATCH_0,MAX_TXD_HIGH_8,DUTY_VIOLATIONS_0,QUEUE_OCCUPANCY_8,QUEUE_HIGH_8,BACKPRESSURE_1,QUEUE_OBS_NOT_BEFORE_TICKS_222881685274,CURRENT_BPS_95409,ROLLING_BPS_280712,LATENCY_COUNT_2,LATENCY_MIN_TICKS_67483988,LATENCY_MEAN_TICKS_15506463109,LATENCY_P50_TICKS_67483988,LATENCY_P95_TICKS_30945442230,LATENCY_P99_TICKS_30945442230,LATENCY_MAX_TICKS_30945442230,LAST_OBJECT_1014
P7_SAMPLE_00021=ELAPSED_630.000,ELAPSED_TICKS_210000006090,WINDOW_ACCEPTANCE,OBJECTS_24,FAILED_0,BYTES_HI_00000000,BYTES_LO_006F3000,FRAGMENTS_33903,LANE0_31128,LANE1_17409,REPLICATED_14634,FALLBACKS_6,P6_RETRIES_0,P6_RETRY_EXHAUSTED_0,P6_TX_FAIL_0,P6_CRC_BAD_0,P6_PAYLOAD_MISMATCH_0,MAX_TXD_HIGH_8,DUTY_VIOLATIONS_0,QUEUE_OCCUPANCY_8,QUEUE_HIGH_8,BACKPRESSURE_1,QUEUE_OBS_NOT_BEFORE_TICKS_222881685274,CURRENT_BPS_92530,ROLLING_BPS_34952,LATENCY_COUNT_2,LATENCY_MIN_TICKS_1946065683,LATENCY_MEAN_TICKS_2084083740,LATENCY_P50_TICKS_1946065683,LATENCY_P95_TICKS_2222101797,LATENCY_P99_TICKS_2222101797,LATENCY_MAX_TICKS_2222101797,LAST_OBJECT_1016
P7_SAMPLE_00022=ELAPSED_660.000,ELAPSED_TICKS_220000006380,WINDOW_ACCEPTANCE,OBJECTS_24,FAILED_0,BYTES_HI_00000000,BYTES_LO_006F3000,FRAGMENTS_33903,LANE0_31128,LANE1_17409,REPLICATED_14634,FALLBACKS_6,P6_RETRIES_0,P6_RETRY_EXHAUSTED_0,P6_TX_FAIL_0,P6_CRC_BAD_0,P6_PAYLOAD_MISMATCH_0,MAX_TXD_HIGH_8,DUTY_VIOLATIONS_0,QUEUE_OCCUPANCY_8,QUEUE_HIGH_8,BACKPRESSURE_1,QUEUE_OBS_NOT_BEFORE_TICKS_222881685274,CURRENT_BPS_88324,ROLLING_BPS_0,LATENCY_COUNT_0,LATENCY_MIN_TICKS_0,LATENCY_MEAN_TICKS_0,LATENCY_P50_TICKS_0,LATENCY_P95_TICKS_0,LATENCY_P99_TICKS_0,LATENCY_MAX_TICKS_0,LAST_OBJECT_1016
P7_SAMPLE_00023=ELAPSED_690.000,ELAPSED_TICKS_230000006670,WINDOW_ACCEPTANCE,OBJECTS_24,FAILED_0,BYTES_HI_00000000,BYTES_LO_006F3000,FRAGMENTS_33903,LANE0_31128,LANE1_17409,REPLICATED_14634,FALLBACKS_6,P6_RETRIES_0,P6_RETRY_EXHAUSTED_0,P6_TX_FAIL_0,P6_CRC_BAD_0,P6_PAYLOAD_MISMATCH_0,MAX_TXD_HIGH_8,DUTY_VIOLATIONS_0,QUEUE_OCCUPANCY_8,QUEUE_HIGH_8,BACKPRESSURE_1,QUEUE_OBS_NOT_BEFORE_TICKS_230128089535,CURRENT_BPS_84484,ROLLING_BPS_0,LATENCY_COUNT_0,LATENCY_MIN_TICKS_0,LATENCY_MEAN_TICKS_0,LATENCY_P50_TICKS_0,LATENCY_P95_TICKS_0,LATENCY_P99_TICKS_0,LATENCY_MAX_TICKS_0,LAST_OBJECT_1016
P7_STATIONARY_OBJECT_00000025=SLOT_0,GEN_3,SESSION_50370001,OBJECT_1017,STATUS_3,ERROR_0,BYTES_1048576,FRAGMENTS_4878/4878,ATTEMPTS_4878,FALLBACKS_0,OUTSHA_FCD7923CBB8E709738F05BA8C318A4DF5C27C0451A987689FAC429A17B292737,P6_RETRY_COUNT_0,P6_RETRY_EXHAUSTED_0,P6_TX_FAIL_0,P6_CRC_BAD_0,P6_PAYLOAD_MISMATCH_0,MAX_TXD_HIGH_CYCLES_8,DUTY_VIOLATIONS_0,LANE0_4878,LANE1_0,REPLICATED_0,START_TICKS_203777966650,END_TICKS_234648202254,COMPLETION_SEQUENCE_25
P7_STATIONARY_TERMINAL_BUNDLE_00000025_CAPTURED=1
P7_STATIONARY_OBJECT_00000026=SLOT_1,GEN_3,SESSION_50370001,OBJECT_1018,STATUS_3,ERROR_0,BYTES_65536,FRAGMENTS_305/305,ATTEMPTS_305,FALLBACKS_1,OUTSHA_DD5CDD301ADFF15138B402AB190A143E8FF5FFED2D5E2FD24C3140FB652F11FF,P6_RETRY_COUNT_0,P6_RETRY_EXHAUSTED_0,P6_TX_FAIL_0,P6_CRC_BAD_0,P6_PAYLOAD_MISMATCH_0,MAX_TXD_HIGH_CYCLES_8,DUTY_VIOLATIONS_0,LANE0_1,LANE1_304,REPLICATED_0,START_TICKS_234648286582,END_TICKS_236584683064,COMPLETION_SEQUENCE_26
P7_STATIONARY_TERMINAL_BUNDLE_00000026_CAPTURED=1
P7_STATIONARY_OBJECT_00000027=SLOT_2,GEN_3,SESSION_50370001,OBJECT_1019,STATUS_3,ERROR_0,BYTES_65536,FRAGMENTS_305/305,ATTEMPTS_305,FALLBACKS_1,OUTSHA_0765B0D1A9F493355595772F5A2EBAAF700D4D2CC7D8A781729A9771A380754F,P6_RETRY_COUNT_0,P6_RETRY_EXHAUSTED_0,P6_TX_FAIL_0,P6_CRC_BAD_0,P6_PAYLOAD_MISMATCH_0,MAX_TXD_HIGH_CYCLES_8,DUTY_VIOLATIONS_0,LANE0_304,LANE1_1,REPLICATED_0,START_TICKS_236584767394,END_TICKS_238909430140,COMPLETION_SEQUENCE_27
P7_STATIONARY_TERMINAL_BUNDLE_00000027_CAPTURED=1
P7_STATIONARY_OBJECT_00000028=SLOT_3,GEN_3,SESSION_50370001,OBJECT_1020,STATUS_3,ERROR_0,BYTES_65536,FRAGMENTS_305/305,ATTEMPTS_305,FALLBACKS_0,OUTSHA_7DACA2095D0438260FA849183DFC67FAA459FDF4936E1BC91EEC6B281B27E4C2,P6_RETRY_COUNT_0,P6_RETRY_EXHAUSTED_0,P6_TX_FAIL_0,P6_CRC_BAD_0,P6_PAYLOAD_MISMATCH_0,MAX_TXD_HIGH_CYCLES_8,DUTY_VIOLATIONS_0,LANE0_0,LANE1_305,REPLICATED_0,START_TICKS_238909514539,END_TICKS_241095170863,COMPLETION_SEQUENCE_28
P7_STATIONARY_TERMINAL_BUNDLE_00000028_CAPTURED=1
P7_SAMPLE_00024=ELAPSED_720.000,ELAPSED_TICKS_240000006960,WINDOW_ACCEPTANCE,OBJECTS_27,FAILED_0,BYTES_HI_00000000,BYTES_LO_00813000,FRAGMENTS_39391,LANE0_36311,LANE1_17714,REPLICATED_14634,FALLBACKS_8,P6_RETRIES_0,P6_RETRY_EXHAUSTED_0,P6_TX_FAIL_0,P6_CRC_BAD_0,P6_PAYLOAD_MISMATCH_0,MAX_TXD_HIGH_8,DUTY_VIOLATIONS_0,QUEUE_OCCUPANCY_8,QUEUE_HIGH_8,BACKPRESSURE_1,QUEUE_OBS_NOT_BEFORE_TICKS_259063392571,CURRENT_BPS_94071,ROLLING_BPS_314572,LATENCY_COUNT_3,LATENCY_MIN_TICKS_1936396482,LATENCY_MEAN_TICKS_11710431610,LATENCY_P50_TICKS_2324662746,LATENCY_P95_TICKS_30870235604,LATENCY_P99_TICKS_30870235604,LATENCY_MAX_TICKS_30870235604,LAST_OBJECT_1019
P7_SAMPLE_00025=ELAPSED_750.000,ELAPSED_TICKS_250000007250,WINDOW_ACCEPTANCE,OBJECTS_28,FAILED_0,BYTES_HI_00000000,BYTES_LO_00823000,FRAGMENTS_39696,LANE0_36311,LANE1_18019,REPLICATED_14634,FALLBACKS_8,P6_RETRIES_0,P6_RETRY_EXHAUSTED_0,P6_TX_FAIL_0,P6_CRC_BAD_0,P6_PAYLOAD_MISMATCH_0,MAX_TXD_HIGH_8,DUTY_VIOLATIONS_0,QUEUE_OCCUPANCY_8,QUEUE_HIGH_8,BACKPRESSURE_1,QUEUE_OBS_NOT_BEFORE_TICKS_259063392571,CURRENT_BPS_91007,ROLLING_BPS_17476,LATENCY_COUNT_1,LATENCY_MIN_TICKS_2185656324,LATENCY_MEAN_TICKS_2185656324,LATENCY_P50_TICKS_2185656324,LATENCY_P95_TICKS_2185656324,LATENCY_P99_TICKS_2185656324,LATENCY_MAX_TICKS_2185656324,LAST_OBJECT_1020
P7_SAMPLE_00026=ELAPSED_780.000,ELAPSED_TICKS_260000007540,WINDOW_ACCEPTANCE,OBJECTS_28,FAILED_0,BYTES_HI_00000000,BYTES_LO_00823000,FRAGMENTS_39696,LANE0_36311,LANE1_18019,REPLICATED_14634,FALLBACKS_8,P6_RETRIES_0,P6_RETRY_EXHAUSTED_0,P6_TX_FAIL_0,P6_CRC_BAD_0,P6_PAYLOAD_MISMATCH_0,MAX_TXD_HIGH_8,DUTY_VIOLATIONS_0,QUEUE_OCCUPANCY_8,QUEUE_HIGH_8,BACKPRESSURE_1,QUEUE_OBS_NOT_BEFORE_TICKS_260133776260,CURRENT_BPS_87507,ROLLING_BPS_0,LATENCY_COUNT_0,LATENCY_MIN_TICKS_0,LATENCY_MEAN_TICKS_0,LATENCY_P50_TICKS_0,LATENCY_P95_TICKS_0,LATENCY_P99_TICKS_0,LATENCY_MAX_TICKS_0,LAST_OBJECT_1020
P7_SAMPLE_00027=ELAPSED_810.000,ELAPSED_TICKS_270000007830,WINDOW_ACCEPTANCE,OBJECTS_28,FAILED_0,BYTES_HI_00000000,BYTES_LO_00823000,FRAGMENTS_39696,LANE0_36311,LANE1_18019,REPLICATED_14634,FALLBACKS_8,P6_RETRIES_0,P6_RETRY_EXHAUSTED_0,P6_TX_FAIL_0,P6_CRC_BAD_0,P6_PAYLOAD_MISMATCH_0,MAX_TXD_HIGH_8,DUTY_VIOLATIONS_0,QUEUE_OCCUPANCY_8,QUEUE_HIGH_8,BACKPRESSURE_1,QUEUE_OBS_NOT_BEFORE_TICKS_270166727577,CURRENT_BPS_84266,ROLLING_BPS_0,LATENCY_COUNT_0,LATENCY_MIN_TICKS_0,LATENCY_MEAN_TICKS_0,LATENCY_P50_TICKS_0,LATENCY_P95_TICKS_0,LATENCY_P99_TICKS_0,LATENCY_MAX_TICKS_0,LAST_OBJECT_1020
P7_STATIONARY_OBJECT_00000029=SLOT_4,GEN_3,SESSION_50370001,OBJECT_1021,STATUS_3,ERROR_0,BYTES_1048576,FRAGMENTS_4878/4878,ATTEMPTS_4878,FALLBACKS_0,OUTSHA_95647E4A543FC103FFBD0D4B0CFFCBDCCB1B304581D7E609CC4D7C909491E259,P6_RETRY_COUNT_0,P6_RETRY_EXHAUSTED_0,P6_TX_FAIL_0,P6_CRC_BAD_0,P6_PAYLOAD_MISMATCH_0,MAX_TXD_HIGH_CYCLES_8,DUTY_VIOLATIONS_0,LANE0_4878,LANE1_4878,REPLICATED_4878,START_TICKS_241095255262,END_TICKS_271604818863,COMPLETION_SEQUENCE_29
P7_STATIONARY_TERMINAL_BUNDLE_00000029_CAPTURED=1
P7_STATIONARY_OBJECT_00000030=SLOT_5,GEN_3,SESSION_50370001,OBJECT_1022,STATUS_3,ERROR_0,BYTES_4096,FRAGMENTS_20/20,ATTEMPTS_20,FALLBACKS_0,OUTSHA_FEB07BD82EE49AD03FA5AD02148220E679C7457A8961CB23D1CEB146CE8D6C77,P6_RETRY_COUNT_0,P6_RETRY_EXHAUSTED_0,P6_TX_FAIL_0,P6_CRC_BAD_0,P6_PAYLOAD_MISMATCH_0,MAX_TXD_HIGH_CYCLES_8,DUTY_VIOLATIONS_0,LANE0_10,LANE1_10,REPLICATED_0,START_TICKS_271604903194,END_TICKS_271679600008,COMPLETION_SEQUENCE_30
P7_STATIONARY_TERMINAL_BUNDLE_00000030_CAPTURED=1
P7_STATIONARY_OBJECT_00000031=SLOT_6,GEN_3,SESSION_50370001,OBJECT_1023,STATUS_3,ERROR_0,BYTES_65536,FRAGMENTS_305/305,ATTEMPTS_305,FALLBACKS_0,OUTSHA_9DA06F7DA81A794CD2F75205391C6EDE1C44A6E14752AB6AFA5661982268B7DD,P6_RETRY_COUNT_0,P6_RETRY_EXHAUSTED_0,P6_TX_FAIL_0,P6_CRC_BAD_0,P6_PAYLOAD_MISMATCH_0,MAX_TXD_HIGH_CYCLES_8,DUTY_VIOLATIONS_0,LANE0_305,LANE1_0,REPLICATED_0,START_TICKS_271682551632,END_TICKS_273612102064,COMPLETION_SEQUENCE_31
P7_STATIONARY_TERMINAL_BUNDLE_00000031_CAPTURED=1
P7_STATIONARY_OBJECT_00000032=SLOT_7,GEN_3,SESSION_50370001,OBJECT_1024,STATUS_3,ERROR_0,BYTES_65536,FRAGMENTS_305/305,ATTEMPTS_305,FALLBACKS_0,OUTSHA_7DACA2095D0438260FA849183DFC67FAA459FDF4936E1BC91EEC6B281B27E4C2,P6_RETRY_COUNT_0,P6_RETRY_EXHAUSTED_0,P6_TX_FAIL_0,P6_CRC_BAD_0,P6_PAYLOAD_MISMATCH_0,MAX_TXD_HIGH_CYCLES_8,DUTY_VIOLATIONS_0,LANE0_0,LANE1_305,REPLICATED_0,START_TICKS_273612186441,END_TICKS_275827363138,COMPLETION_SEQUENCE_32
P7_STATIONARY_TERMINAL_BUNDLE_00000032_CAPTURED=1
P7_SAMPLE_00028=ELAPSED_840.000,ELAPSED_TICKS_280000008120,WINDOW_ACCEPTANCE,OBJECTS_32,FAILED_0,BYTES_HI_00000000,BYTES_LO_00944000,FRAGMENTS_45204,LANE0_41504,LANE1_23212,REPLICATED_19512,FALLBACKS_8,P6_RETRIES_0,P6_RETRY_EXHAUSTED_0,P6_TX_FAIL_0,P6_CRC_BAD_0,P6_PAYLOAD_MISMATCH_0,MAX_TXD_HIGH_8,DUTY_VIOLATIONS_0,QUEUE_OCCUPANCY_8,QUEUE_HIGH_8,BACKPRESSURE_1,QUEUE_OBS_NOT_BEFORE_TICKS_294745910193,CURRENT_BPS_92530,ROLLING_BPS_315665,LATENCY_COUNT_4,LATENCY_MIN_TICKS_74696814,LATENCY_MEAN_TICKS_8682246886,LATENCY_P50_TICKS_1929550432,LATENCY_P95_TICKS_30509563601,LATENCY_P99_TICKS_30509563601,LATENCY_MAX_TICKS_30509563601,LAST_OBJECT_1024
P7_SAMPLE_00029=ELAPSED_870.000,ELAPSED_TICKS_290000008410,WINDOW_ACCEPTANCE,OBJECTS_32,FAILED_0,BYTES_HI_00000000,BYTES_LO_00944000,FRAGMENTS_45204,LANE0_41504,LANE1_23212,REPLICATED_19512,FALLBACKS_8,P6_RETRIES_0,P6_RETRY_EXHAUSTED_0,P6_TX_FAIL_0,P6_CRC_BAD_0,P6_PAYLOAD_MISMATCH_0,MAX_TXD_HIGH_8,DUTY_VIOLATIONS_0,QUEUE_OCCUPANCY_8,QUEUE_HIGH_8,BACKPRESSURE_1,QUEUE_OBS_NOT_BEFORE_TICKS_294745910193,CURRENT_BPS_89339,ROLLING_BPS_0,LATENCY_COUNT_0,LATENCY_MIN_TICKS_0,LATENCY_MEAN_TICKS_0,LATENCY_P50_TICKS_0,LATENCY_P95_TICKS_0,LATENCY_P99_TICKS_0,LATENCY_MAX_TICKS_0,LAST_OBJECT_1024
P7_SAMPLE_00030=ELAPSED_900.000,ELAPSED_TICKS_300000008700,WINDOW_ACCEPTANCE,OBJECTS_32,FAILED_0,BYTES_HI_00000000,BYTES_LO_00944000,FRAGMENTS_45204,LANE0_41504,LANE1_23212,REPLICATED_19512,FALLBACKS_8,P6_RETRIES_0,P6_RETRY_EXHAUSTED_0,P6_TX_FAIL_0,P6_CRC_BAD_0,P6_PAYLOAD_MISMATCH_0,MAX_TXD_HIGH_8,DUTY_VIOLATIONS_0,QUEUE_OCCUPANCY_8,QUEUE_HIGH_8,BACKPRESSURE_1,QUEUE_OBS_NOT_BEFORE_TICKS_300053376954,CURRENT_BPS_86361,ROLLING_BPS_0,LATENCY_COUNT_0,LATENCY_MIN_TICKS_0,LATENCY_MEAN_TICKS_0,LATENCY_P50_TICKS_0,LATENCY_P95_TICKS_0,LATENCY_P99_TICKS_0,LATENCY_MAX_TICKS_0,LAST_OBJECT_1024
P7_STATIONARY_OBJECT_00000033=SLOT_0,GEN_4,SESSION_50370001,OBJECT_1025,STATUS_3,ERROR_0,BYTES_1048576,FRAGMENTS_4878/4878,ATTEMPTS_4878,FALLBACKS_0,OUTSHA_FCD7923CBB8E709738F05BA8C318A4DF5C27C0451A987689FAC429A17B292737,P6_RETRY_COUNT_0,P6_RETRY_EXHAUSTED_0,P6_TX_FAIL_0,P6_CRC_BAD_0,P6_PAYLOAD_MISMATCH_0,MAX_TXD_HIGH_CYCLES_8,DUTY_VIOLATIONS_0,LANE0_4878,LANE1_0,REPLICATED_0,START_TICKS_275827447531,END_TICKS_306914462064,COMPLETION_SEQUENCE_33
P7_STATIONARY_TERMINAL_BUNDLE_00000033_CAPTURED=1
P7_STATIONARY_OBJECT_00000034=SLOT_1,GEN_4,SESSION_50370001,OBJECT_1026,STATUS_3,ERROR_0,BYTES_65536,FRAGMENTS_305/305,ATTEMPTS_305,FALLBACKS_1,OUTSHA_DD5CDD301ADFF15138B402AB190A143E8FF5FFED2D5E2FD24C3140FB652F11FF,P6_RETRY_COUNT_0,P6_RETRY_EXHAUSTED_0,P6_TX_FAIL_0,P6_CRC_BAD_0,P6_PAYLOAD_MISMATCH_0,MAX_TXD_HIGH_CYCLES_8,DUTY_VIOLATIONS_0,LANE0_1,LANE1_304,REPLICATED_0,START_TICKS_306914546454,END_TICKS_308810384662,COMPLETION_SEQUENCE_34
P7_STATIONARY_TERMINAL_BUNDLE_00000034_CAPTURED=1
P7_STATIONARY_OBJECT_00000035=SLOT_2,GEN_4,SESSION_50370001,OBJECT_1027,STATUS_3,ERROR_0,BYTES_65536,FRAGMENTS_305/305,ATTEMPTS_305,FALLBACKS_1,OUTSHA_0765B0D1A9F493355595772F5A2EBAAF700D4D2CC7D8A781729A9771A380754F,P6_RETRY_COUNT_0,P6_RETRY_EXHAUSTED_0,P6_TX_FAIL_0,P6_CRC_BAD_0,P6_PAYLOAD_MISMATCH_0,MAX_TXD_HIGH_CYCLES_8,DUTY_VIOLATIONS_0,LANE0_304,LANE1_1,REPLICATED_0,START_TICKS_308810468997,END_TICKS_311090877141,COMPLETION_SEQUENCE_35
P7_STATIONARY_TERMINAL_BUNDLE_00000035_CAPTURED=1
P7_STATIONARY_OBJECT_00000036=SLOT_3,GEN_4,SESSION_50370001,OBJECT_1028,STATUS_3,ERROR_0,BYTES_65536,FRAGMENTS_305/305,ATTEMPTS_305,FALLBACKS_0,OUTSHA_7DACA2095D0438260FA849183DFC67FAA459FDF4936E1BC91EEC6B281B27E4C2,P6_RETRY_COUNT_0,P6_RETRY_EXHAUSTED_0,P6_TX_FAIL_0,P6_CRC_BAD_0,P6_PAYLOAD_MISMATCH_0,MAX_TXD_HIGH_CYCLES_8,DUTY_VIOLATIONS_0,LANE0_0,LANE1_305,REPLICATED_0,START_TICKS_311090961463,END_TICKS_313362121462,COMPLETION_SEQUENCE_36
P7_STATIONARY_TERMINAL_BUNDLE_00000036_CAPTURED=1
P7_SAMPLE_00031=ELAPSED_930.000,ELAPSED_TICKS_310000008990,WINDOW_ACCEPTANCE,OBJECTS_34,FAILED_0,BYTES_HI_00000000,BYTES_LO_00A54000,FRAGMENTS_50387,LANE0_46383,LANE1_23516,REPLICATED_19512,FALLBACKS_9,P6_RETRIES_0,P6_RETRY_EXHAUSTED_0,P6_TX_FAIL_0,P6_CRC_BAD_0,P6_PAYLOAD_MISMATCH_0,MAX_TXD_HIGH_8,DUTY_VIOLATIONS_0,QUEUE_OCCUPANCY_8,QUEUE_HIGH_8,BACKPRESSURE_1,QUEUE_OBS_NOT_BEFORE_TICKS_331216309707,CURRENT_BPS_93159,ROLLING_BPS_297096,LATENCY_COUNT_2,LATENCY_MIN_TICKS_1895838208,LATENCY_MEAN_TICKS_16491426370,LATENCY_P50_TICKS_1895838208,LATENCY_P95_TICKS_31087014533,LATENCY_P99_TICKS_31087014533,LATENCY_MAX_TICKS_31087014533,LAST_OBJECT_1026
P7_SAMPLE_00032=ELAPSED_960.000,ELAPSED_TICKS_320000009280,WINDOW_ACCEPTANCE,OBJECTS_36,FAILED_0,BYTES_HI_00000000,BYTES_LO_00A74000,FRAGMENTS_50997,LANE0_46687,LANE1_23822,REPLICATED_19512,FALLBACKS_10,P6_RETRIES_0,P6_RETRY_EXHAUSTED_0,P6_TX_FAIL_0,P6_CRC_BAD_0,P6_PAYLOAD_MISMATCH_0,MAX_TXD_HIGH_8,DUTY_VIOLATIONS_0,QUEUE_OCCUPANCY_8,QUEUE_HIGH_8,BACKPRESSURE_1,QUEUE_OBS_NOT_BEFORE_TICKS_331216309707,CURRENT_BPS_91340,ROLLING_BPS_34952,LATENCY_COUNT_2,LATENCY_MIN_TICKS_2271159999,LATENCY_MEAN_TICKS_2275784071,LATENCY_P50_TICKS_2271159999,LATENCY_P95_TICKS_2280408144,LATENCY_P99_TICKS_2280408144,LATENCY_MAX_TICKS_2280408144,LAST_OBJECT_1028
P7_SAMPLE_00033=ELAPSED_990.000,ELAPSED_TICKS_330000009570,WINDOW_ACCEPTANCE,OBJECTS_36,FAILED_0,BYTES_HI_00000000,BYTES_LO_00A74000,FRAGMENTS_50997,LANE0_46687,LANE1_23822,REPLICATED_19512,FALLBACKS_10,P6_RETRIES_0,P6_RETRY_EXHAUSTED_0,P6_TX_FAIL_0,P6_CRC_BAD_0,P6_PAYLOAD_MISMATCH_0,MAX_TXD_HIGH_8,DUTY_VIOLATIONS_0,QUEUE_OCCUPANCY_8,QUEUE_HIGH_8,BACKPRESSURE_1,QUEUE_OBS_NOT_BEFORE_TICKS_331216309707,CURRENT_BPS_88572,ROLLING_BPS_0,LATENCY_COUNT_0,LATENCY_MIN_TICKS_0,LATENCY_MEAN_TICKS_0,LATENCY_P50_TICKS_0,LATENCY_P95_TICKS_0,LATENCY_P99_TICKS_0,LATENCY_MAX_TICKS_0,LAST_OBJECT_1028
P7_SAMPLE_00034=ELAPSED_1020.000,ELAPSED_TICKS_340000009860,WINDOW_ACCEPTANCE,OBJECTS_36,FAILED_0,BYTES_HI_00000000,BYTES_LO_00A74000,FRAGMENTS_50997,LANE0_46687,LANE1_23822,REPLICATED_19512,FALLBACKS_10,P6_RETRIES_0,P6_RETRY_EXHAUSTED_0,P6_TX_FAIL_0,P6_CRC_BAD_0,P6_PAYLOAD_MISMATCH_0,MAX_TXD_HIGH_8,DUTY_VIOLATIONS_0,QUEUE_OCCUPANCY_8,QUEUE_HIGH_8,BACKPRESSURE_1,QUEUE_OBS_NOT_BEFORE_TICKS_340051925475,CURRENT_BPS_85967,ROLLING_BPS_0,LATENCY_COUNT_0,LATENCY_MIN_TICKS_0,LATENCY_MEAN_TICKS_0,LATENCY_P50_TICKS_0,LATENCY_P95_TICKS_0,LATENCY_P99_TICKS_0,LATENCY_MAX_TICKS_0,LAST_OBJECT_1028
P7_STATIONARY_OBJECT_00000037=SLOT_4,GEN_4,SESSION_50370001,OBJECT_1029,STATUS_3,ERROR_0,BYTES_1048576,FRAGMENTS_4878/4878,ATTEMPTS_4878,FALLBACKS_0,OUTSHA_95647E4A543FC103FFBD0D4B0CFFCBDCCB1B304581D7E609CC4D7C909491E259,P6_RETRY_COUNT_0,P6_RETRY_EXHAUSTED_0,P6_TX_FAIL_0,P6_CRC_BAD_0,P6_PAYLOAD_MISMATCH_0,MAX_TXD_HIGH_CYCLES_8,DUTY_VIOLATIONS_0,LANE0_4878,LANE1_4878,REPLICATED_4878,START_TICKS_313362205804,END_TICKS_344083833102,COMPLETION_SEQUENCE_37
P7_STATIONARY_TERMINAL_BUNDLE_00000037_CAPTURED=1
P7_STATIONARY_OBJECT_00000038=SLOT_5,GEN_4,SESSION_50370001,OBJECT_1030,STATUS_3,ERROR_0,BYTES_4096,FRAGMENTS_20/20,ATTEMPTS_20,FALLBACKS_0,OUTSHA_FEB07BD82EE49AD03FA5AD02148220E679C7457A8961CB23D1CEB146CE8D6C77,P6_RETRY_COUNT_0,P6_RETRY_EXHAUSTED_0,P6_TX_FAIL_0,P6_CRC_BAD_0,P6_PAYLOAD_MISMATCH_0,MAX_TXD_HIGH_CYCLES_8,DUTY_VIOLATIONS_0,LANE0_10,LANE1_10,REPLICATED_0,START_TICKS_344083917432,END_TICKS_344161427928,COMPLETION_SEQUENCE_38
P7_STATIONARY_TERMINAL_BUNDLE_00000038_CAPTURED=1
P7_STATIONARY_OBJECT_00000039=SLOT_6,GEN_4,SESSION_50370001,OBJECT_1031,STATUS_3,ERROR_0,BYTES_65536,FRAGMENTS_305/305,ATTEMPTS_305,FALLBACKS_0,OUTSHA_9DA06F7DA81A794CD2F75205391C6EDE1C44A6E14752AB6AFA5661982268B7DD,P6_RETRY_COUNT_0,P6_RETRY_EXHAUSTED_0,P6_TX_FAIL_0,P6_CRC_BAD_0,P6_PAYLOAD_MISMATCH_0,MAX_TXD_HIGH_CYCLES_8,DUTY_VIOLATIONS_0,LANE0_305,LANE1_0,REPLICATED_0,START_TICKS_344161512271,END_TICKS_346110282342,COMPLETION_SEQUENCE_39
P7_STATIONARY_TERMINAL_BUNDLE_00000039_CAPTURED=1
P7_STATIONARY_OBJECT_00000040=SLOT_7,GEN_4,SESSION_50370001,OBJECT_1032,STATUS_3,ERROR_0,BYTES_65536,FRAGMENTS_305/305,ATTEMPTS_305,FALLBACKS_0,OUTSHA_7DACA2095D0438260FA849183DFC67FAA459FDF4936E1BC91EEC6B281B27E4C2,P6_RETRY_COUNT_0,P6_RETRY_EXHAUSTED_0,P6_TX_FAIL_0,P6_CRC_BAD_0,P6_PAYLOAD_MISMATCH_0,MAX_TXD_HIGH_CYCLES_8,DUTY_VIOLATIONS_0,LANE0_0,LANE1_305,REPLICATED_0,START_TICKS_346110366678,END_TICKS_348412906063,COMPLETION_SEQUENCE_40
P7_STATIONARY_TERMINAL_BUNDLE_00000040_CAPTURED=1
P7_SAMPLE_00035=ELAPSED_1050.000,ELAPSED_TICKS_350000010150,WINDOW_ACCEPTANCE,OBJECTS_40,FAILED_0,BYTES_HI_00000000,BYTES_LO_00B95000,FRAGMENTS_56505,LANE0_51880,LANE1_29015,REPLICATED_24390,FALLBACKS_10,P6_RETRIES_0,P6_RETRY_EXHAUSTED_0,P6_TX_FAIL_0,P6_CRC_BAD_0,P6_PAYLOAD_MISMATCH_0,MAX_TXD_HIGH_8,DUTY_VIOLATIONS_0,QUEUE_OCCUPANCY_8,QUEUE_HIGH_8,BACKPRESSURE_1,QUEUE_OBS_NOT_BEFORE_TICKS_367372652157,CURRENT_BPS_92530,ROLLING_BPS_315665,LATENCY_COUNT_4,LATENCY_MIN_TICKS_77510496,LATENCY_MEAN_TICKS_8762611812,LATENCY_P50_TICKS_1948770071,LATENCY_P95_TICKS_30721627298,LATENCY_P99_TICKS_30721627298,LATENCY_MAX_TICKS_30721627298,LAST_OBJECT_1032
P7_SAMPLE_00036=ELAPSED_1080.000,ELAPSED_TICKS_360000010440,WINDOW_ACCEPTANCE,OBJECTS_40,FAILED_0,BYTES_HI_00000000,BYTES_LO_00B95000,FRAGMENTS_56505,LANE0_51880,LANE1_29015,REPLICATED_24390,FALLBACKS_10,P6_RETRIES_0,P6_RETRY_EXHAUSTED_0,P6_TX_FAIL_0,P6_CRC_BAD_0,P6_PAYLOAD_MISMATCH_0,MAX_TXD_HIGH_8,DUTY_VIOLATIONS_0,QUEUE_OCCUPANCY_8,QUEUE_HIGH_8,BACKPRESSURE_1,QUEUE_OBS_NOT_BEFORE_TICKS_367372652157,CURRENT_BPS_89960,ROLLING_BPS_0,LATENCY_COUNT_0,LATENCY_MIN_TICKS_0,LATENCY_MEAN_TICKS_0,LATENCY_P50_TICKS_0,LATENCY_P95_TICKS_0,LATENCY_P99_TICKS_0,LATENCY_MAX_TICKS_0,LAST_OBJECT_1032
P7_SAMPLE_00037=ELAPSED_1110.000,ELAPSED_TICKS_370000010730,WINDOW_ACCEPTANCE,OBJECTS_40,FAILED_0,BYTES_HI_00000000,BYTES_LO_00B95000,FRAGMENTS_56505,LANE0_51880,LANE1_29015,REPLICATED_24390,FALLBACKS_10,P6_RETRIES_0,P6_RETRY_EXHAUSTED_0,P6_TX_FAIL_0,P6_CRC_BAD_0,P6_PAYLOAD_MISMATCH_0,MAX_TXD_HIGH_8,DUTY_VIOLATIONS_0,QUEUE_OCCUPANCY_8,QUEUE_HIGH_8,BACKPRESSURE_1,QUEUE_OBS_NOT_BEFORE_TICKS_370165651921,CURRENT_BPS_87528,ROLLING_BPS_0,LATENCY_COUNT_0,LATENCY_MIN_TICKS_0,LATENCY_MEAN_TICKS_0,LATENCY_P50_TICKS_0,LATENCY_P95_TICKS_0,LATENCY_P99_TICKS_0,LATENCY_MAX_TICKS_0,LAST_OBJECT_1032
P7_STATIONARY_OBJECT_00000041=SLOT_0,GEN_5,SESSION_50370001,OBJECT_1033,STATUS_3,ERROR_0,BYTES_1048576,FRAGMENTS_4878/4878,ATTEMPTS_4878,FALLBACKS_0,OUTSHA_FCD7923CBB8E709738F05BA8C318A4DF5C27C0451A987689FAC429A17B292737,P6_RETRY_COUNT_0,P6_RETRY_EXHAUSTED_0,P6_TX_FAIL_0,P6_CRC_BAD_0,P6_PAYLOAD_MISMATCH_0,MAX_TXD_HIGH_CYCLES_8,DUTY_VIOLATIONS_0,LANE0_4878,LANE1_0,REPLICATED_0,START_TICKS_348412990407,END_TICKS_379355911663,COMPLETION_SEQUENCE_41
P7_STATIONARY_TERMINAL_BUNDLE_00000041_CAPTURED=1
P7_STATIONARY_OBJECT_00000042=SLOT_1,GEN_5,SESSION_50370001,OBJECT_1034,STATUS_3,ERROR_0,BYTES_65536,FRAGMENTS_305/305,ATTEMPTS_305,FALLBACKS_1,OUTSHA_DD5CDD301ADFF15138B402AB190A143E8FF5FFED2D5E2FD24C3140FB652F11FF,P6_RETRY_COUNT_0,P6_RETRY_EXHAUSTED_0,P6_TX_FAIL_0,P6_CRC_BAD_0,P6_PAYLOAD_MISMATCH_0,MAX_TXD_HIGH_CYCLES_8,DUTY_VIOLATIONS_0,LANE0_1,LANE1_304,REPLICATED_0,START_TICKS_379355995993,END_TICKS_381124014342,COMPLETION_SEQUENCE_42
P7_STATIONARY_TERMINAL_BUNDLE_00000042_CAPTURED=1
P7_STATIONARY_OBJECT_00000043=SLOT_2,GEN_5,SESSION_50370001,OBJECT_1035,STATUS_3,ERROR_0,BYTES_65536,FRAGMENTS_305/305,ATTEMPTS_305,FALLBACKS_1,OUTSHA_0765B0D1A9F493355595772F5A2EBAAF700D4D2CC7D8A781729A9771A380754F,P6_RETRY_COUNT_0,P6_RETRY_EXHAUSTED_0,P6_TX_FAIL_0,P6_CRC_BAD_0,P6_PAYLOAD_MISMATCH_0,MAX_TXD_HIGH_CYCLES_8,DUTY_VIOLATIONS_0,LANE0_304,LANE1_1,REPLICATED_0,START_TICKS_381124098679,END_TICKS_383459187942,COMPLETION_SEQUENCE_43
P7_STATIONARY_TERMINAL_BUNDLE_00000043_CAPTURED=1
P7_STATIONARY_OBJECT_00000044=SLOT_3,GEN_5,SESSION_50370001,OBJECT_1036,STATUS_3,ERROR_0,BYTES_65536,FRAGMENTS_305/305,ATTEMPTS_305,FALLBACKS_0,OUTSHA_7DACA2095D0438260FA849183DFC67FAA459FDF4936E1BC91EEC6B281B27E4C2,P6_RETRY_COUNT_0,P6_RETRY_EXHAUSTED_0,P6_TX_FAIL_0,P6_CRC_BAD_0,P6_PAYLOAD_MISMATCH_0,MAX_TXD_HIGH_CYCLES_8,DUTY_VIOLATIONS_0,LANE0_0,LANE1_305,REPLICATED_0,START_TICKS_383459272272,END_TICKS_385788775048,COMPLETION_SEQUENCE_44
P7_STATIONARY_TERMINAL_BUNDLE_00000044_CAPTURED=1
P7_SAMPLE_00038=ELAPSED_1140.000,ELAPSED_TICKS_380000011020,WINDOW_ACCEPTANCE,OBJECTS_41,FAILED_0,BYTES_HI_00000000,BYTES_LO_00C95000,FRAGMENTS_61383,LANE0_56758,LANE1_29015,REPLICATED_24390,FALLBACKS_10,P6_RETRIES_0,P6_RETRY_EXHAUSTED_0,P6_TX_FAIL_0,P6_CRC_BAD_0,P6_PAYLOAD_MISMATCH_0,MAX_TXD_HIGH_8,DUTY_VIOLATIONS_0,QUEUE_OCCUPANCY_8,QUEUE_HIGH_8,BACKPRESSURE_1,QUEUE_OBS_NOT_BEFORE_TICKS_403681525353,CURRENT_BPS_92583,ROLLING_BPS_279620,LATENCY_COUNT_1,LATENCY_MIN_TICKS_30942921256,LATENCY_MEAN_TICKS_30942921256,LATENCY_P50_TICKS_30942921256,LATENCY_P95_TICKS_30942921256,LATENCY_P99_TICKS_30942921256,LATENCY_MAX_TICKS_30942921256,LAST_OBJECT_1033
P7_SAMPLE_00039=ELAPSED_1170.000,ELAPSED_TICKS_390000011310,WINDOW_ACCEPTANCE,OBJECTS_44,FAILED_0,BYTES_HI_00000000,BYTES_LO_00CC5000,FRAGMENTS_62298,LANE0_57063,LANE1_29625,REPLICATED_24390,FALLBACKS_12,P6_RETRIES_0,P6_RETRY_EXHAUSTED_0,P6_TX_FAIL_0,P6_CRC_BAD_0,P6_PAYLOAD_MISMATCH_0,MAX_TXD_HIGH_8,DUTY_VIOLATIONS_0,QUEUE_OCCUPANCY_8,QUEUE_HIGH_8,BACKPRESSURE_1,QUEUE_OBS_NOT_BEFORE_TICKS_403681525353,CURRENT_BPS_91554,ROLLING_BPS_52428,LATENCY_COUNT_3,LATENCY_MIN_TICKS_1768018349,LATENCY_MEAN_TICKS_2144203462,LATENCY_P50_TICKS_2329502776,LATENCY_P95_TICKS_2335089263,LATENCY_P99_TICKS_2335089263,LATENCY_MAX_TICKS_2335089263,LAST_OBJECT_1036
P7_SAMPLE_00040=ELAPSED_1200.000,ELAPSED_TICKS_400000011600,WINDOW_ACCEPTANCE,OBJECTS_44,FAILED_0,BYTES_HI_00000000,BYTES_LO_00CC5000,FRAGMENTS_62298,LANE0_57063,LANE1_29625,REPLICATED_24390,FALLBACKS_12,P6_RETRIES_0,P6_RETRY_EXHAUSTED_0,P6_TX_FAIL_0,P6_CRC_BAD_0,P6_PAYLOAD_MISMATCH_0,MAX_TXD_HIGH_8,DUTY_VIOLATIONS_0,QUEUE_OCCUPANCY_8,QUEUE_HIGH_8,BACKPRESSURE_1,QUEUE_OBS_NOT_BEFORE_TICKS_403681525353,CURRENT_BPS_89265,ROLLING_BPS_0,LATENCY_COUNT_0,LATENCY_MIN_TICKS_0,LATENCY_MEAN_TICKS_0,LATENCY_P50_TICKS_0,LATENCY_P95_TICKS_0,LATENCY_P99_TICKS_0,LATENCY_MAX_TICKS_0,LAST_OBJECT_1036
P7_SAMPLE_00041=ELAPSED_1230.000,ELAPSED_TICKS_410000011890,WINDOW_ACCEPTANCE,OBJECTS_44,FAILED_0,BYTES_HI_00000000,BYTES_LO_00CC5000,FRAGMENTS_62298,LANE0_57063,LANE1_29625,REPLICATED_24390,FALLBACKS_12,P6_RETRIES_0,P6_RETRY_EXHAUSTED_0,P6_TX_FAIL_0,P6_CRC_BAD_0,P6_PAYLOAD_MISMATCH_0,MAX_TXD_HIGH_8,DUTY_VIOLATIONS_0,QUEUE_OCCUPANCY_8,QUEUE_HIGH_8,BACKPRESSURE_1,QUEUE_OBS_NOT_BEFORE_TICKS_410001160036,CURRENT_BPS_87088,ROLLING_BPS_0,LATENCY_COUNT_0,LATENCY_MIN_TICKS_0,LATENCY_MEAN_TICKS_0,LATENCY_P50_TICKS_0,LATENCY_P95_TICKS_0,LATENCY_P99_TICKS_0,LATENCY_MAX_TICKS_0,LAST_OBJECT_1036
P7_STATIONARY_OBJECT_00000045=SLOT_4,GEN_5,SESSION_50370001,OBJECT_1037,STATUS_3,ERROR_0,BYTES_1048576,FRAGMENTS_4878/4878,ATTEMPTS_4878,FALLBACKS_0,OUTSHA_95647E4A543FC103FFBD0D4B0CFFCBDCCB1B304581D7E609CC4D7C909491E259,P6_RETRY_COUNT_0,P6_RETRY_EXHAUSTED_0,P6_TX_FAIL_0,P6_CRC_BAD_0,P6_PAYLOAD_MISMATCH_0,MAX_TXD_HIGH_CYCLES_8,DUTY_VIOLATIONS_0,LANE0_4878,LANE1_4878,REPLICATED_4878,START_TICKS_385788859437,END_TICKS_416574853138,COMPLETION_SEQUENCE_45
P7_STATIONARY_TERMINAL_BUNDLE_00000045_CAPTURED=1
P7_STATIONARY_OBJECT_00000046=SLOT_5,GEN_5,SESSION_50370001,OBJECT_1038,STATUS_3,ERROR_0,BYTES_4096,FRAGMENTS_20/20,ATTEMPTS_20,FALLBACKS_0,OUTSHA_FEB07BD82EE49AD03FA5AD02148220E679C7457A8961CB23D1CEB146CE8D6C77,P6_RETRY_COUNT_0,P6_RETRY_EXHAUSTED_0,P6_TX_FAIL_0,P6_CRC_BAD_0,P6_PAYLOAD_MISMATCH_0,MAX_TXD_HIGH_CYCLES_8,DUTY_VIOLATIONS_0,LANE0_10,LANE1_10,REPLICATED_0,START_TICKS_416574937527,END_TICKS_416649024922,COMPLETION_SEQUENCE_46
P7_STATIONARY_TERMINAL_BUNDLE_00000046_CAPTURED=1
P7_STATIONARY_OBJECT_00000047=SLOT_6,GEN_5,SESSION_50370001,OBJECT_1039,STATUS_3,ERROR_0,BYTES_65536,FRAGMENTS_305/305,ATTEMPTS_305,FALLBACKS_0,OUTSHA_9DA06F7DA81A794CD2F75205391C6EDE1C44A6E14752AB6AFA5661982268B7DD,P6_RETRY_COUNT_0,P6_RETRY_EXHAUSTED_0,P6_TX_FAIL_0,P6_CRC_BAD_0,P6_PAYLOAD_MISMATCH_0,MAX_TXD_HIGH_CYCLES_8,DUTY_VIOLATIONS_0,LANE0_305,LANE1_0,REPLICATED_0,START_TICKS_416649109138,END_TICKS_418543963138,COMPLETION_SEQUENCE_47
P7_STATIONARY_TERMINAL_BUNDLE_00000047_CAPTURED=1
P7_STATIONARY_OBJECT_00000048=SLOT_7,GEN_5,SESSION_50370001,OBJECT_1040,STATUS_3,ERROR_0,BYTES_65536,FRAGMENTS_305/305,ATTEMPTS_305,FALLBACKS_0,OUTSHA_7DACA2095D0438260FA849183DFC67FAA459FDF4936E1BC91EEC6B281B27E4C2,P6_RETRY_COUNT_0,P6_RETRY_EXHAUSTED_0,P6_TX_FAIL_0,P6_CRC_BAD_0,P6_PAYLOAD_MISMATCH_0,MAX_TXD_HIGH_CYCLES_8,DUTY_VIOLATIONS_0,LANE0_0,LANE1_305,REPLICATED_0,START_TICKS_418544047524,END_TICKS_420778264542,COMPLETION_SEQUENCE_48
P7_STATIONARY_TERMINAL_BUNDLE_00000048_CAPTURED=1
P7_SAMPLE_00042=ELAPSED_1260.000,ELAPSED_TICKS_420000012180,WINDOW_ACCEPTANCE,OBJECTS_47,FAILED_0,BYTES_HI_00000000,BYTES_LO_00DD6000,FRAGMENTS_67501,LANE0_62256,LANE1_34513,REPLICATED_29268,FALLBACKS_12,P6_RETRIES_0,P6_RETRY_EXHAUSTED_0,P6_TX_FAIL_0,P6_CRC_BAD_0,P6_PAYLOAD_MISMATCH_0,MAX_TXD_HIGH_8,DUTY_VIOLATIONS_0,QUEUE_OCCUPANCY_8,QUEUE_HIGH_8,BACKPRESSURE_1,QUEUE_OBS_NOT_BEFORE_TICKS_439910502894,CURRENT_BPS_92114,ROLLING_BPS_298188,LATENCY_COUNT_3,LATENCY_MIN_TICKS_74087395,LATENCY_MEAN_TICKS_10918311698,LATENCY_P50_TICKS_1894854000,LATENCY_P95_TICKS_30785993701,LATENCY_P99_TICKS_30785993701,LATENCY_MAX_TICKS_30785993701,LAST_OBJECT_1039
P7_SAMPLE_00043=ELAPSED_1290.000,ELAPSED_TICKS_430000012470,WINDOW_ACCEPTANCE,OBJECTS_48,FAILED_0,BYTES_HI_00000000,BYTES_LO_00DE6000,FRAGMENTS_67806,LANE0_62256,LANE1_34818,REPLICATED_29268,FALLBACKS_12,P6_RETRIES_0,P6_RETRY_EXHAUSTED_0,P6_TX_FAIL_0,P6_CRC_BAD_0,P6_PAYLOAD_MISMATCH_0,MAX_TXD_HIGH_8,DUTY_VIOLATIONS_0,QUEUE_OCCUPANCY_8,QUEUE_HIGH_8,BACKPRESSURE_1,QUEUE_OBS_NOT_BEFORE_TICKS_439910502894,CURRENT_BPS_90378,ROLLING_BPS_17476,LATENCY_COUNT_1,LATENCY_MIN_TICKS_2234217018,LATENCY_MEAN_TICKS_2234217018,LATENCY_P50_TICKS_2234217018,LATENCY_P95_TICKS_2234217018,LATENCY_P99_TICKS_2234217018,LATENCY_MAX_TICKS_2234217018,LAST_OBJECT_1040
P7_SAMPLE_00044=ELAPSED_1320.000,ELAPSED_TICKS_440000012760,WINDOW_ACCEPTANCE,OBJECTS_48,FAILED_0,BYTES_HI_00000000,BYTES_LO_00DE6000,FRAGMENTS_67806,LANE0_62256,LANE1_34818,REPLICATED_29268,FALLBACKS_12,P6_RETRIES_0,P6_RETRY_EXHAUSTED_0,P6_TX_FAIL_0,P6_CRC_BAD_0,P6_PAYLOAD_MISMATCH_0,MAX_TXD_HIGH_8,DUTY_VIOLATIONS_0,QUEUE_OCCUPANCY_8,QUEUE_HIGH_8,BACKPRESSURE_1,QUEUE_OBS_NOT_BEFORE_TICKS_440085479311,CURRENT_BPS_88324,ROLLING_BPS_0,LATENCY_COUNT_0,LATENCY_MIN_TICKS_0,LATENCY_MEAN_TICKS_0,LATENCY_P50_TICKS_0,LATENCY_P95_TICKS_0,LATENCY_P99_TICKS_0,LATENCY_MAX_TICKS_0,LAST_OBJECT_1040
P7_SAMPLE_00045=ELAPSED_1350.000,ELAPSED_TICKS_450000013050,WINDOW_ACCEPTANCE,OBJECTS_48,FAILED_0,BYTES_HI_00000000,BYTES_LO_00DE6000,FRAGMENTS_67806,LANE0_62256,LANE1_34818,REPLICATED_29268,FALLBACKS_12,P6_RETRIES_0,P6_RETRY_EXHAUSTED_0,P6_TX_FAIL_0,P6_CRC_BAD_0,P6_PAYLOAD_MISMATCH_0,MAX_TXD_HIGH_8,DUTY_VIOLATIONS_0,QUEUE_OCCUPANCY_8,QUEUE_HIGH_8,BACKPRESSURE_1,QUEUE_OBS_NOT_BEFORE_TICKS_450099594376,CURRENT_BPS_86361,ROLLING_BPS_0,LATENCY_COUNT_0,LATENCY_MIN_TICKS_0,LATENCY_MEAN_TICKS_0,LATENCY_P50_TICKS_0,LATENCY_P95_TICKS_0,LATENCY_P99_TICKS_0,LATENCY_MAX_TICKS_0,LAST_OBJECT_1040
P7_STATIONARY_OBJECT_00000049=SLOT_0,GEN_6,SESSION_50370001,OBJECT_1041,STATUS_3,ERROR_0,BYTES_1048576,FRAGMENTS_4878/4878,ATTEMPTS_4878,FALLBACKS_0,OUTSHA_FCD7923CBB8E709738F05BA8C318A4DF5C27C0451A987689FAC429A17B292737,P6_RETRY_COUNT_0,P6_RETRY_EXHAUSTED_0,P6_TX_FAIL_0,P6_CRC_BAD_0,P6_PAYLOAD_MISMATCH_0,MAX_TXD_HIGH_CYCLES_8,DUTY_VIOLATIONS_0,LANE0_4878,LANE1_0,REPLICATED_0,START_TICKS_420778348944,END_TICKS_451759819864,COMPLETION_SEQUENCE_49
P7_STATIONARY_TERMINAL_BUNDLE_00000049_CAPTURED=1
P7_STATIONARY_OBJECT_00000050=SLOT_1,GEN_6,SESSION_50370001,OBJECT_1042,STATUS_3,ERROR_0,BYTES_65536,FRAGMENTS_305/305,ATTEMPTS_305,FALLBACKS_1,OUTSHA_DD5CDD301ADFF15138B402AB190A143E8FF5FFED2D5E2FD24C3140FB652F11FF,P6_RETRY_COUNT_0,P6_RETRY_EXHAUSTED_0,P6_TX_FAIL_0,P6_CRC_BAD_0,P6_PAYLOAD_MISMATCH_0,MAX_TXD_HIGH_CYCLES_8,DUTY_VIOLATIONS_0,LANE0_1,LANE1_304,REPLICATED_0,START_TICKS_451759904259,END_TICKS_453742727092,COMPLETION_SEQUENCE_50
P7_STATIONARY_TERMINAL_BUNDLE_00000050_CAPTURED=1
P7_STATIONARY_OBJECT_00000051=SLOT_2,GEN_6,SESSION_50370001,OBJECT_1043,STATUS_3,ERROR_0,BYTES_65536,FRAGMENTS_305/305,ATTEMPTS_305,FALLBACKS_1,OUTSHA_0765B0D1A9F493355595772F5A2EBAAF700D4D2CC7D8A781729A9771A380754F,P6_RETRY_COUNT_0,P6_RETRY_EXHAUSTED_0,P6_TX_FAIL_0,P6_CRC_BAD_0,P6_PAYLOAD_MISMATCH_0,MAX_TXD_HIGH_CYCLES_8,DUTY_VIOLATIONS_0,LANE0_304,LANE1_1,REPLICATED_0,START_TICKS_453742811467,END_TICKS_456033757065,COMPLETION_SEQUENCE_51
P7_STATIONARY_TERMINAL_BUNDLE_00000051_CAPTURED=1
P7_STATIONARY_OBJECT_00000052=SLOT_3,GEN_6,SESSION_50370001,OBJECT_1044,STATUS_3,ERROR_0,BYTES_65536,FRAGMENTS_305/305,ATTEMPTS_305,FALLBACKS_0,OUTSHA_7DACA2095D0438260FA849183DFC67FAA459FDF4936E1BC91EEC6B281B27E4C2,P6_RETRY_COUNT_0,P6_RETRY_EXHAUSTED_0,P6_TX_FAIL_0,P6_CRC_BAD_0,P6_PAYLOAD_MISMATCH_0,MAX_TXD_HIGH_CYCLES_8,DUTY_VIOLATIONS_0,LANE0_0,LANE1_305,REPLICATED_0,START_TICKS_456033841453,END_TICKS_458370576454,COMPLETION_SEQUENCE_52
P7_STATIONARY_TERMINAL_BUNDLE_00000052_CAPTURED=1
P7_SAMPLE_00046=ELAPSED_1380.000,ELAPSED_TICKS_460000013340,WINDOW_ACCEPTANCE,OBJECTS_52,FAILED_0,BYTES_HI_00000000,BYTES_LO_00F16000,FRAGMENTS_73599,LANE0_67439,LANE1_35428,REPLICATED_29268,FALLBACKS_14,P6_RETRIES_0,P6_RETRY_EXHAUSTED_0,P6_TX_FAIL_0,P6_CRC_BAD_0,P6_PAYLOAD_MISMATCH_0,MAX_TXD_HIGH_8,DUTY_VIOLATIONS_0,QUEUE_OCCUPANCY_8,QUEUE_HIGH_8,BACKPRESSURE_1,QUEUE_OBS_NOT_BEFORE_TICKS_476040874735,CURRENT_BPS_91702,ROLLING_BPS_332049,LATENCY_COUNT_4,LATENCY_MIN_TICKS_1982822833,LATENCY_MEAN_TICKS_9397993588,LATENCY_P50_TICKS_2290945598,LATENCY_P95_TICKS_30981470920,LATENCY_P99_TICKS_30981470920,LATENCY_MAX_TICKS_30981470920,LAST_OBJECT_1044
P7_SAMPLE_00047=ELAPSED_1410.000,ELAPSED_TICKS_470000013630,WINDOW_ACCEPTANCE,OBJECTS_52,FAILED_0,BYTES_HI_00000000,BYTES_LO_00F16000,FRAGMENTS_73599,LANE0_67439,LANE1_35428,REPLICATED_29268,FALLBACKS_14,P6_RETRIES_0,P6_RETRY_EXHAUSTED_0,P6_TX_FAIL_0,P6_CRC_BAD_0,P6_PAYLOAD_MISMATCH_0,MAX_TXD_HIGH_8,DUTY_VIOLATIONS_0,QUEUE_OCCUPANCY_8,QUEUE_HIGH_8,BACKPRESSURE_1,QUEUE_OBS_NOT_BEFORE_TICKS_476040874735,CURRENT_BPS_89751,ROLLING_BPS_0,LATENCY_COUNT_0,LATENCY_MIN_TICKS_0,LATENCY_MEAN_TICKS_0,LATENCY_P50_TICKS_0,LATENCY_P95_TICKS_0,LATENCY_P99_TICKS_0,LATENCY_MAX_TICKS_0,LAST_OBJECT_1044
P7_SAMPLE_00048=ELAPSED_1440.000,ELAPSED_TICKS_480000013920,WINDOW_ACCEPTANCE,OBJECTS_52,FAILED_0,BYTES_HI_00000000,BYTES_LO_00F16000,FRAGMENTS_73599,LANE0_67439,LANE1_35428,REPLICATED_29268,FALLBACKS_14,P6_RETRIES_0,P6_RETRY_EXHAUSTED_0,P6_TX_FAIL_0,P6_CRC_BAD_0,P6_PAYLOAD_MISMATCH_0,MAX_TXD_HIGH_8,DUTY_VIOLATIONS_0,QUEUE_OCCUPANCY_8,QUEUE_HIGH_8,BACKPRESSURE_1,QUEUE_OBS_NOT_BEFORE_TICKS_480030753264,CURRENT_BPS_87881,ROLLING_BPS_0,LATENCY_COUNT_0,LATENCY_MIN_TICKS_0,LATENCY_MEAN_TICKS_0,LATENCY_P50_TICKS_0,LATENCY_P95_TICKS_0,LATENCY_P99_TICKS_0,LATENCY_MAX_TICKS_0,LAST_OBJECT_1044
P7_STATIONARY_OBJECT_00000053=SLOT_4,GEN_6,SESSION_50370001,OBJECT_1045,STATUS_3,ERROR_0,BYTES_1048576,FRAGMENTS_4878/4878,ATTEMPTS_4878,FALLBACKS_0,OUTSHA_95647E4A543FC103FFBD0D4B0CFFCBDCCB1B304581D7E609CC4D7C909491E259,P6_RETRY_COUNT_0,P6_RETRY_EXHAUSTED_0,P6_TX_FAIL_0,P6_CRC_BAD_0,P6_PAYLOAD_MISMATCH_0,MAX_TXD_HIGH_CYCLES_8,DUTY_VIOLATIONS_0,LANE0_4878,LANE1_4878,REPLICATED_4878,START_TICKS_458370660780,END_TICKS_489015477264,COMPLETION_SEQUENCE_53
P7_STATIONARY_TERMINAL_BUNDLE_00000053_CAPTURED=1
P7_STATIONARY_OBJECT_00000054=SLOT_5,GEN_6,SESSION_50370001,OBJECT_1046,STATUS_3,ERROR_0,BYTES_4096,FRAGMENTS_20/20,ATTEMPTS_20,FALLBACKS_0,OUTSHA_FEB07BD82EE49AD03FA5AD02148220E679C7457A8961CB23D1CEB146CE8D6C77,P6_RETRY_COUNT_0,P6_RETRY_EXHAUSTED_0,P6_TX_FAIL_0,P6_CRC_BAD_0,P6_PAYLOAD_MISMATCH_0,MAX_TXD_HIGH_CYCLES_8,DUTY_VIOLATIONS_0,LANE0_10,LANE1_10,REPLICATED_0,START_TICKS_489015561588,END_TICKS_489094690087,COMPLETION_SEQUENCE_54
P7_STATIONARY_TERMINAL_BUNDLE_00000054_CAPTURED=1
P7_STATIONARY_OBJECT_00000055=SLOT_6,GEN_6,SESSION_50370001,OBJECT_1047,STATUS_3,ERROR_0,BYTES_65536,FRAGMENTS_305/305,ATTEMPTS_305,FALLBACKS_0,OUTSHA_9DA06F7DA81A794CD2F75205391C6EDE1C44A6E14752AB6AFA5661982268B7DD,P6_RETRY_COUNT_0,P6_RETRY_EXHAUSTED_0,P6_TX_FAIL_0,P6_CRC_BAD_0,P6_PAYLOAD_MISMATCH_0,MAX_TXD_HIGH_CYCLES_8,DUTY_VIOLATIONS_0,LANE0_305,LANE1_0,REPLICATED_0,START_TICKS_489094774434,END_TICKS_491002265941,COMPLETION_SEQUENCE_55
P7_STATIONARY_TERMINAL_BUNDLE_00000055_CAPTURED=1
P7_STATIONARY_OBJECT_00000056=SLOT_7,GEN_6,SESSION_50370001,OBJECT_1048,STATUS_3,ERROR_0,BYTES_65536,FRAGMENTS_305/305,ATTEMPTS_305,FALLBACKS_0,OUTSHA_7DACA2095D0438260FA849183DFC67FAA459FDF4936E1BC91EEC6B281B27E4C2,P6_RETRY_COUNT_0,P6_RETRY_EXHAUSTED_0,P6_TX_FAIL_0,P6_CRC_BAD_0,P6_PAYLOAD_MISMATCH_0,MAX_TXD_HIGH_CYCLES_8,DUTY_VIOLATIONS_0,LANE0_0,LANE1_305,REPLICATED_0,START_TICKS_491002350343,END_TICKS_493152388453,COMPLETION_SEQUENCE_56
P7_STATIONARY_TERMINAL_BUNDLE_00000056_CAPTURED=1
P7_SAMPLE_00049=ELAPSED_1470.000,ELAPSED_TICKS_490000014210,WINDOW_ACCEPTANCE,OBJECTS_54,FAILED_0,BYTES_HI_00000000,BYTES_LO_01017000,FRAGMENTS_78497,LANE0_72327,LANE1_40316,REPLICATED_34146,FALLBACKS_14,P6_RETRIES_0,P6_RETRY_EXHAUSTED_0,P6_TX_FAIL_0,P6_CRC_BAD_0,P6_PAYLOAD_MISMATCH_0,MAX_TXD_HIGH_8,DUTY_VIOLATIONS_0,QUEUE_OCCUPANCY_8,QUEUE_HIGH_8,BACKPRESSURE_1,QUEUE_OBS_NOT_BEFORE_TICKS_512499854349,CURRENT_BPS_91817,ROLLING_BPS_280712,LATENCY_COUNT_2,LATENCY_MIN_TICKS_79128499,LATENCY_MEAN_TICKS_15361972491,LATENCY_P50_TICKS_79128499,LATENCY_P95_TICKS_30644816484,LATENCY_P99_TICKS_30644816484,LATENCY_MAX_TICKS_30644816484,LAST_OBJECT_1046
P7_SAMPLE_00050=ELAPSED_1500.000,ELAPSED_TICKS_500000014500,WINDOW_ACCEPTANCE,OBJECTS_56,FAILED_0,BYTES_HI_00000000,BYTES_LO_01037000,FRAGMENTS_79107,LANE0_72632,LANE1_40621,REPLICATED_34146,FALLBACKS_14,P6_RETRIES_0,P6_RETRY_EXHAUSTED_0,P6_TX_FAIL_0,P6_CRC_BAD_0,P6_PAYLOAD_MISMATCH_0,MAX_TXD_HIGH_8,DUTY_VIOLATIONS_0,QUEUE_OCCUPANCY_8,QUEUE_HIGH_8,BACKPRESSURE_1,QUEUE_OBS_NOT_BEFORE_TICKS_512499854349,CURRENT_BPS_90679,ROLLING_BPS_34952,LATENCY_COUNT_2,LATENCY_MIN_TICKS_1907491507,LATENCY_MEAN_TICKS_2028764808,LATENCY_P50_TICKS_1907491507,LATENCY_P95_TICKS_2150038110,LATENCY_P99_TICKS_2150038110,LATENCY_MAX_TICKS_2150038110,LAST_OBJECT_1048
P7_SAMPLE_00051=ELAPSED_1530.000,ELAPSED_TICKS_510000014790,WINDOW_ACCEPTANCE,OBJECTS_56,FAILED_0,BYTES_HI_00000000,BYTES_LO_01037000,FRAGMENTS_79107,LANE0_72632,LANE1_40621,REPLICATED_34146,FALLBACKS_14,P6_RETRIES_0,P6_RETRY_EXHAUSTED_0,P6_TX_FAIL_0,P6_CRC_BAD_0,P6_PAYLOAD_MISMATCH_0,MAX_TXD_HIGH_8,DUTY_VIOLATIONS_0,QUEUE_OCCUPANCY_8,QUEUE_HIGH_8,BACKPRESSURE_1,QUEUE_OBS_NOT_BEFORE_TICKS_512499854349,CURRENT_BPS_88901,ROLLING_BPS_0,LATENCY_COUNT_0,LATENCY_MIN_TICKS_0,LATENCY_MEAN_TICKS_0,LATENCY_P50_TICKS_0,LATENCY_P95_TICKS_0,LATENCY_P99_TICKS_0,LATENCY_MAX_TICKS_0,LAST_OBJECT_1048
P7_SAMPLE_00052=ELAPSED_1560.000,ELAPSED_TICKS_520000015080,WINDOW_ACCEPTANCE,OBJECTS_56,FAILED_0,BYTES_HI_00000000,BYTES_LO_01037000,FRAGMENTS_79107,LANE0_72632,LANE1_40621,REPLICATED_34146,FALLBACKS_14,P6_RETRIES_0,P6_RETRY_EXHAUSTED_0,P6_TX_FAIL_0,P6_CRC_BAD_0,P6_PAYLOAD_MISMATCH_0,MAX_TXD_HIGH_8,DUTY_VIOLATIONS_0,QUEUE_OCCUPANCY_8,QUEUE_HIGH_8,BACKPRESSURE_1,QUEUE_OBS_NOT_BEFORE_TICKS_520089274603,CURRENT_BPS_87192,ROLLING_BPS_0,LATENCY_COUNT_0,LATENCY_MIN_TICKS_0,LATENCY_MEAN_TICKS_0,LATENCY_P50_TICKS_0,LATENCY_P95_TICKS_0,LATENCY_P99_TICKS_0,LATENCY_MAX_TICKS_0,LAST_OBJECT_1048
P7_STATIONARY_OBJECT_00000057=SLOT_0,GEN_7,SESSION_50370001,OBJECT_1049,STATUS_3,ERROR_0,BYTES_1048576,FRAGMENTS_4878/4878,ATTEMPTS_4878,FALLBACKS_0,OUTSHA_FCD7923CBB8E709738F05BA8C318A4DF5C27C0451A987689FAC429A17B292737,P6_RETRY_COUNT_0,P6_RETRY_EXHAUSTED_0,P6_TX_FAIL_0,P6_CRC_BAD_0,P6_PAYLOAD_MISMATCH_0,MAX_TXD_HIGH_CYCLES_8,DUTY_VIOLATIONS_0,LANE0_4878,LANE1_0,REPLICATED_0,START_TICKS_493152472840,END_TICKS_524213619463,COMPLETION_SEQUENCE_57
P7_STATIONARY_TERMINAL_BUNDLE_00000057_CAPTURED=1
P7_STATIONARY_OBJECT_00000058=SLOT_1,GEN_7,SESSION_50370001,OBJECT_1050,STATUS_3,ERROR_0,BYTES_65536,FRAGMENTS_305/305,ATTEMPTS_305,FALLBACKS_1,OUTSHA_DD5CDD301ADFF15138B402AB190A143E8FF5FFED2D5E2FD24C3140FB652F11FF,P6_RETRY_COUNT_0,P6_RETRY_EXHAUSTED_0,P6_TX_FAIL_0,P6_CRC_BAD_0,P6_PAYLOAD_MISMATCH_0,MAX_TXD_HIGH_CYCLES_8,DUTY_VIOLATIONS_0,LANE0_1,LANE1_304,REPLICATED_0,START_TICKS_524213703865,END_TICKS_526101328822,COMPLETION_SEQUENCE_58
P7_STATIONARY_TERMINAL_BUNDLE_00000058_CAPTURED=1
P7_STATIONARY_OBJECT_00000059=SLOT_2,GEN_7,SESSION_50370001,OBJECT_1051,STATUS_3,ERROR_0,BYTES_65536,FRAGMENTS_305/305,ATTEMPTS_305,FALLBACKS_1,OUTSHA_0765B0D1A9F493355595772F5A2EBAAF700D4D2CC7D8A781729A9771A380754F,P6_RETRY_COUNT_0,P6_RETRY_EXHAUSTED_0,P6_TX_FAIL_0,P6_CRC_BAD_0,P6_PAYLOAD_MISMATCH_0,MAX_TXD_HIGH_CYCLES_8,DUTY_VIOLATIONS_0,LANE0_304,LANE1_1,REPLICATED_0,START_TICKS_526101413215,END_TICKS_528234423264,COMPLETION_SEQUENCE_59
P7_STATIONARY_TERMINAL_BUNDLE_00000059_CAPTURED=1
P7_STATIONARY_OBJECT_00000060=SLOT_3,GEN_7,SESSION_50370001,OBJECT_1052,STATUS_3,ERROR_0,BYTES_65536,FRAGMENTS_305/305,ATTEMPTS_305,FALLBACKS_0,OUTSHA_7DACA2095D0438260FA849183DFC67FAA459FDF4936E1BC91EEC6B281B27E4C2,P6_RETRY_COUNT_0,P6_RETRY_EXHAUSTED_0,P6_TX_FAIL_0,P6_CRC_BAD_0,P6_PAYLOAD_MISMATCH_0,MAX_TXD_HIGH_CYCLES_8,DUTY_VIOLATIONS_0,LANE0_0,LANE1_305,REPLICATED_0,START_TICKS_528234507579,END_TICKS_530361726342,COMPLETION_SEQUENCE_60
P7_STATIONARY_TERMINAL_BUNDLE_00000060_CAPTURED=1
P7_SAMPLE_00053=ELAPSED_1590.000,ELAPSED_TICKS_530000015370,WINDOW_ACCEPTANCE,OBJECTS_59,FAILED_0,BYTES_HI_00000000,BYTES_LO_01157000,FRAGMENTS_84595,LANE0_77815,LANE1_40926,REPLICATED_34146,FALLBACKS_16,P6_RETRIES_0,P6_RETRY_EXHAUSTED_0,P6_TX_FAIL_0,P6_CRC_BAD_0,P6_PAYLOAD_MISMATCH_0,MAX_TXD_HIGH_8,DUTY_VIOLATIONS_0,QUEUE_OCCUPANCY_8,QUEUE_HIGH_8,BACKPRESSURE_1,QUEUE_OBS_NOT_BEFORE_TICKS_548654889339,CURRENT_BPS_91482,ROLLING_BPS_314572,LATENCY_COUNT_3,LATENCY_MIN_TICKS_1887624957,LATENCY_MEAN_TICKS_11693927209,LATENCY_P50_TICKS_2133010049,LATENCY_P95_TICKS_31061146623,LATENCY_P99_TICKS_31061146623,LATENCY_MAX_TICKS_31061146623,LAST_OBJECT_1051
P7_SAMPLE_00054=ELAPSED_1620.000,ELAPSED_TICKS_540000015660,WINDOW_ACCEPTANCE,OBJECTS_60,FAILED_0,BYTES_HI_00000000,BYTES_LO_01167000,FRAGMENTS_84900,LANE0_77815,LANE1_41231,REPLICATED_34146,FALLBACKS_16,P6_RETRIES_0,P6_RETRY_EXHAUSTED_0,P6_TX_FAIL_0,P6_CRC_BAD_0,P6_PAYLOAD_MISMATCH_0,MAX_TXD_HIGH_8,DUTY_VIOLATIONS_0,QUEUE_OCCUPANCY_8,QUEUE_HIGH_8,BACKPRESSURE_1,QUEUE_OBS_NOT_BEFORE_TICKS_548654889339,CURRENT_BPS_90112,ROLLING_BPS_17476,LATENCY_COUNT_1,LATENCY_MIN_TICKS_2127218763,LATENCY_MEAN_TICKS_2127218763,LATENCY_P50_TICKS_2127218763,LATENCY_P95_TICKS_2127218763,LATENCY_P99_TICKS_2127218763,LATENCY_MAX_TICKS_2127218763,LAST_OBJECT_1052
P7_SAMPLE_00055=ELAPSED_1650.000,ELAPSED_TICKS_550000015950,WINDOW_ACCEPTANCE,OBJECTS_60,FAILED_0,BYTES_HI_00000000,BYTES_LO_01167000,FRAGMENTS_84900,LANE0_77815,LANE1_41231,REPLICATED_34146,FALLBACKS_16,P6_RETRIES_0,P6_RETRY_EXHAUSTED_0,P6_TX_FAIL_0,P6_CRC_BAD_0,P6_PAYLOAD_MISMATCH_0,MAX_TXD_HIGH_8,DUTY_VIOLATIONS_0,QUEUE_OCCUPANCY_8,QUEUE_HIGH_8,BACKPRESSURE_1,QUEUE_OBS_NOT_BEFORE_TICKS_550107448315,CURRENT_BPS_88473,ROLLING_BPS_0,LATENCY_COUNT_0,LATENCY_MIN_TICKS_0,LATENCY_MEAN_TICKS_0,LATENCY_P50_TICKS_0,LATENCY_P95_TICKS_0,LATENCY_P99_TICKS_0,LATENCY_MAX_TICKS_0,LAST_OBJECT_1052
P7_SAMPLE_00056=ELAPSED_1680.000,ELAPSED_TICKS_560000016240,WINDOW_ACCEPTANCE,OBJECTS_60,FAILED_0,BYTES_HI_00000000,BYTES_LO_01167000,FRAGMENTS_84900,LANE0_77815,LANE1_41231,REPLICATED_34146,FALLBACKS_16,P6_RETRIES_0,P6_RETRY_EXHAUSTED_0,P6_TX_FAIL_0,P6_CRC_BAD_0,P6_PAYLOAD_MISMATCH_0,MAX_TXD_HIGH_8,DUTY_VIOLATIONS_0,QUEUE_OCCUPANCY_8,QUEUE_HIGH_8,BACKPRESSURE_1,QUEUE_OBS_NOT_BEFORE_TICKS_560012560881,CURRENT_BPS_86893,ROLLING_BPS_0,LATENCY_COUNT_0,LATENCY_MIN_TICKS_0,LATENCY_MEAN_TICKS_0,LATENCY_P50_TICKS_0,LATENCY_P95_TICKS_0,LATENCY_P99_TICKS_0,LATENCY_MAX_TICKS_0,LAST_OBJECT_1052
P7_STATIONARY_OBJECT_00000061=SLOT_4,GEN_7,SESSION_50370001,OBJECT_1053,STATUS_3,ERROR_0,BYTES_1048576,FRAGMENTS_4878/4878,ATTEMPTS_4878,FALLBACKS_0,OUTSHA_95647E4A543FC103FFBD0D4B0CFFCBDCCB1B304581D7E609CC4D7C909491E259,P6_RETRY_COUNT_0,P6_RETRY_EXHAUSTED_0,P6_TX_FAIL_0,P6_CRC_BAD_0,P6_PAYLOAD_MISMATCH_0,MAX_TXD_HIGH_CYCLES_8,DUTY_VIOLATIONS_0,LANE0_4878,LANE1_4878,REPLICATED_4878,START_TICKS_530361810663,END_TICKS_561263947065,COMPLETION_SEQUENCE_61
P7_STATIONARY_TERMINAL_BUNDLE_00000061_CAPTURED=1
P7_STATIONARY_OBJECT_00000062=SLOT_5,GEN_7,SESSION_50370001,OBJECT_1054,STATUS_3,ERROR_0,BYTES_4096,FRAGMENTS_20/20,ATTEMPTS_20,FALLBACKS_0,OUTSHA_FEB07BD82EE49AD03FA5AD02148220E679C7457A8961CB23D1CEB146CE8D6C77,P6_RETRY_COUNT_0,P6_RETRY_EXHAUSTED_0,P6_TX_FAIL_0,P6_CRC_BAD_0,P6_PAYLOAD_MISMATCH_0,MAX_TXD_HIGH_CYCLES_8,DUTY_VIOLATIONS_0,LANE0_10,LANE1_10,REPLICATED_0,START_TICKS_561264031401,END_TICKS_561337204608,COMPLETION_SEQUENCE_62
P7_STATIONARY_TERMINAL_BUNDLE_00000062_CAPTURED=1
P7_STATIONARY_OBJECT_00000063=SLOT_6,GEN_7,SESSION_50370001,OBJECT_1055,STATUS_3,ERROR_0,BYTES_65536,FRAGMENTS_305/305,ATTEMPTS_305,FALLBACKS_0,OUTSHA_9DA06F7DA81A794CD2F75205391C6EDE1C44A6E14752AB6AFA5661982268B7DD,P6_RETRY_COUNT_0,P6_RETRY_EXHAUSTED_0,P6_TX_FAIL_0,P6_CRC_BAD_0,P6_PAYLOAD_MISMATCH_0,MAX_TXD_HIGH_CYCLES_8,DUTY_VIOLATIONS_0,LANE0_305,LANE1_0,REPLICATED_0,START_TICKS_561337288959,END_TICKS_563305469824,COMPLETION_SEQUENCE_63
P7_STATIONARY_TERMINAL_BUNDLE_00000063_CAPTURED=1
P7_STATIONARY_OBJECT_00000064=SLOT_7,GEN_7,SESSION_50370001,OBJECT_1056,STATUS_3,ERROR_0,BYTES_65536,FRAGMENTS_305/305,ATTEMPTS_305,FALLBACKS_0,OUTSHA_7DACA2095D0438260FA849183DFC67FAA459FDF4936E1BC91EEC6B281B27E4C2,P6_RETRY_COUNT_0,P6_RETRY_EXHAUSTED_0,P6_TX_FAIL_0,P6_CRC_BAD_0,P6_PAYLOAD_MISMATCH_0,MAX_TXD_HIGH_CYCLES_8,DUTY_VIOLATIONS_0,LANE0_0,LANE1_305,REPLICATED_0,START_TICKS_563305554223,END_TICKS_565478502864,COMPLETION_SEQUENCE_64
P7_STATIONARY_TERMINAL_BUNDLE_00000064_CAPTURED=1
P7_SAMPLE_00057=ELAPSED_1710.000,ELAPSED_TICKS_570000016530,WINDOW_ACCEPTANCE,OBJECTS_64,FAILED_0,BYTES_HI_00000000,BYTES_LO_01288000,FRAGMENTS_90408,LANE0_83008,LANE1_46424,REPLICATED_39024,FALLBACKS_16,P6_RETRIES_0,P6_RETRY_EXHAUSTED_0,P6_TX_FAIL_0,P6_CRC_BAD_0,P6_PAYLOAD_MISMATCH_0,MAX_TXD_HIGH_8,DUTY_VIOLATIONS_0,QUEUE_OCCUPANCY_8,QUEUE_HIGH_8,BACKPRESSURE_1,QUEUE_OBS_NOT_BEFORE_TICKS_584399220052,CURRENT_BPS_90907,ROLLING_BPS_315665,LATENCY_COUNT_4,LATENCY_MIN_TICKS_73173207,LATENCY_MEAN_TICKS_8779109778,LATENCY_P50_TICKS_1968180865,LATENCY_P95_TICKS_30902136402,LATENCY_P99_TICKS_30902136402,LATENCY_MAX_TICKS_30902136402,LAST_OBJECT_1056
P7_SAMPLE_00058=ELAPSED_1740.000,ELAPSED_TICKS_580000016820,WINDOW_ACCEPTANCE,OBJECTS_64,FAILED_0,BYTES_HI_00000000,BYTES_LO_01288000,FRAGMENTS_90408,LANE0_83008,LANE1_46424,REPLICATED_39024,FALLBACKS_16,P6_RETRIES_0,P6_RETRY_EXHAUSTED_0,P6_TX_FAIL_0,P6_CRC_BAD_0,P6_PAYLOAD_MISMATCH_0,MAX_TXD_HIGH_8,DUTY_VIOLATIONS_0,QUEUE_OCCUPANCY_8,QUEUE_HIGH_8,BACKPRESSURE_1,QUEUE_OBS_NOT_BEFORE_TICKS_584399220052,CURRENT_BPS_89339,ROLLING_BPS_0,LATENCY_COUNT_0,LATENCY_MIN_TICKS_0,LATENCY_MEAN_TICKS_0,LATENCY_P50_TICKS_0,LATENCY_P95_TICKS_0,LATENCY_P99_TICKS_0,LATENCY_MAX_TICKS_0,LAST_OBJECT_1056
P7_SAMPLE_00059=ELAPSED_1770.000,ELAPSED_TICKS_590000017110,WINDOW_ACCEPTANCE,OBJECTS_64,FAILED_0,BYTES_HI_00000000,BYTES_LO_01288000,FRAGMENTS_90408,LANE0_83008,LANE1_46424,REPLICATED_39024,FALLBACKS_16,P6_RETRIES_0,P6_RETRY_EXHAUSTED_0,P6_TX_FAIL_0,P6_CRC_BAD_0,P6_PAYLOAD_MISMATCH_0,MAX_TXD_HIGH_8,DUTY_VIOLATIONS_0,QUEUE_OCCUPANCY_8,QUEUE_HIGH_8,BACKPRESSURE_1,QUEUE_OBS_NOT_BEFORE_TICKS_590040555898,CURRENT_BPS_87825,ROLLING_BPS_0,LATENCY_COUNT_0,LATENCY_MIN_TICKS_0,LATENCY_MEAN_TICKS_0,LATENCY_P50_TICKS_0,LATENCY_P95_TICKS_0,LATENCY_P99_TICKS_0,LATENCY_MAX_TICKS_0,LAST_OBJECT_1056
P7_STATIONARY_OBJECT_00000065=SLOT_0,GEN_8,SESSION_50370001,OBJECT_1057,STATUS_3,ERROR_0,BYTES_1048576,FRAGMENTS_4878/4878,ATTEMPTS_4878,FALLBACKS_0,OUTSHA_FCD7923CBB8E709738F05BA8C318A4DF5C27C0451A987689FAC429A17B292737,P6_RETRY_COUNT_0,P6_RETRY_EXHAUSTED_0,P6_TX_FAIL_0,P6_CRC_BAD_0,P6_PAYLOAD_MISMATCH_0,MAX_TXD_HIGH_CYCLES_8,DUTY_VIOLATIONS_0,LANE0_4878,LANE1_0,REPLICATED_0,START_TICKS_565478587198,END_TICKS_596562209092,COMPLETION_SEQUENCE_65
P7_STATIONARY_SERVICE_TERMINAL_OBSERVED=1
P7_STATIONARY_TERMINAL_BUNDLE_00000065_CAPTURED=1
P7_PS_STAGE_RESULT=FAIL
P7_PS_STAGE_ERROR=P7 stationary descriptor failed slot=1 status=6 error=20
