Copyright 1986-2022 Xilinx, Inc. All Rights Reserved. Copyright 2022-2023 Advanced Micro Devices, Inc. All Rights Reserved.
---------------------------------------------------------------------------------------------------------------------------------------------------------------------------------------------------------------------------------------
| Tool Version : Vivado v.2023.1 (win64) Build 3865809 Sun May  7 15:05:29 MDT 2023
| Date         : Tue Jul 28 05:04:19 2026
| Host         : DESKTOP-PU0AECA running 64-bit major release  (build 9200)
| Command      : report_utilization -hierarchical -file C:/Users/user/Documents/RF_COMM_MULTILANE_P9/evidence/generated/p9_candidate_regression/raw/20260727T210204.850239Z_5097ef02140c/post_synth/post_synth_utilization_p9_core.rpt
| Design       : p9_optical_transport_core
| Device       : xc7z010clg400-1
| Speed File   : -1
| Design State : Synthesized
---------------------------------------------------------------------------------------------------------------------------------------------------------------------------------------------------------------------------------------

Utilization Design Information

Table of Contents
-----------------
1. Utilization by Hierarchy

1. Utilization by Hierarchy
---------------------------

+--------------------------------+-----------------------------------+------------+------------+---------+------+------+--------+--------+------------+
|            Instance            |               Module              | Total LUTs | Logic LUTs | LUTRAMs | SRLs |  FFs | RAMB36 | RAMB18 | DSP Blocks |
+--------------------------------+-----------------------------------+------------+------------+---------+------+------+--------+--------+------------+
| p9_optical_transport_core      |                             (top) |       9628 |       9422 |     206 |    0 | 8193 |     14 |      2 |          0 |
|   (p9_optical_transport_core)  |                             (top) |        483 |        385 |      98 |    0 | 1712 |      6 |      2 |          0 |
|   g_physical[0].u_a_phy        |                     tfdu_lane_phy |        589 |        589 |       0 |    0 |  347 |      2 |      0 |          0 |
|     (g_physical[0].u_a_phy)    |                     tfdu_lane_phy |        260 |        260 |       0 |    0 |   70 |      0 |      0 |          0 |
|     u_p8c_physical_safety      | ir_tfdu_physical_module_safety_13 |        329 |        329 |       0 |    0 |  277 |      2 |      0 |          0 |
|       (u_p8c_physical_safety)  | ir_tfdu_physical_module_safety_13 |        117 |        117 |       0 |    0 |   99 |      0 |      0 |          0 |
|       u_exact_duty_accountant  |  ir_tfdu_exact_duty_accountant_14 |        212 |        212 |       0 |    0 |  178 |      2 |      0 |          0 |
|   g_physical[0].u_b_phy        |                   tfdu_lane_phy_0 |        537 |        537 |       0 |    0 |  347 |      2 |      0 |          0 |
|     (g_physical[0].u_b_phy)    |                   tfdu_lane_phy_0 |        199 |        199 |       0 |    0 |   70 |      0 |      0 |          0 |
|     u_p8c_physical_safety      | ir_tfdu_physical_module_safety_11 |        338 |        338 |       0 |    0 |  277 |      2 |      0 |          0 |
|       (u_p8c_physical_safety)  | ir_tfdu_physical_module_safety_11 |        117 |        117 |       0 |    0 |   99 |      0 |      0 |          0 |
|       u_exact_duty_accountant  |  ir_tfdu_exact_duty_accountant_12 |        221 |        221 |       0 |    0 |  178 |      2 |      0 |          0 |
|   g_physical[1].u_a_phy        |                   tfdu_lane_phy_1 |        329 |        329 |       0 |    0 |  347 |      2 |      0 |          0 |
|     (g_physical[1].u_a_phy)    |                   tfdu_lane_phy_1 |          4 |          4 |       0 |    0 |   70 |      0 |      0 |          0 |
|     u_p8c_physical_safety      |  ir_tfdu_physical_module_safety_9 |        325 |        325 |       0 |    0 |  277 |      2 |      0 |          0 |
|       (u_p8c_physical_safety)  |  ir_tfdu_physical_module_safety_9 |        117 |        117 |       0 |    0 |   99 |      0 |      0 |          0 |
|       u_exact_duty_accountant  |  ir_tfdu_exact_duty_accountant_10 |        208 |        208 |       0 |    0 |  178 |      2 |      0 |          0 |
|   g_physical[1].u_b_phy        |                   tfdu_lane_phy_2 |        333 |        333 |       0 |    0 |  347 |      2 |      0 |          0 |
|     (g_physical[1].u_b_phy)    |                   tfdu_lane_phy_2 |          3 |          3 |       0 |    0 |   70 |      0 |      0 |          0 |
|     u_p8c_physical_safety      |    ir_tfdu_physical_module_safety |        330 |        330 |       0 |    0 |  277 |      2 |      0 |          0 |
|       (u_p8c_physical_safety)  |    ir_tfdu_physical_module_safety |        117 |        117 |       0 |    0 |   99 |      0 |      0 |          0 |
|       u_exact_duty_accountant  |     ir_tfdu_exact_duty_accountant |        213 |        213 |       0 |    0 |  178 |      2 |      0 |          0 |
|   g_receive[0].u_codec         |                   p9_rate_4ppm_rx |         76 |         76 |       0 |    0 |   63 |      0 |      0 |          0 |
|     u_rx_1mbps                 |                   ir_4ppm_codec_6 |         28 |         28 |       0 |    0 |   22 |      0 |      0 |          0 |
|     u_rx_2mbps                 |   ir_4ppm_codec__parameterized0_7 |         20 |         20 |       0 |    0 |   21 |      0 |      0 |          0 |
|     u_rx_4mbps                 |   ir_4ppm_codec__parameterized1_8 |         28 |         28 |       0 |    0 |   20 |      0 |      0 |          0 |
|   g_receive[0].u_parser        |                  p9_4ppm_frame_rx |        445 |        445 |       0 |    0 |  549 |      0 |      0 |          0 |
|   g_receive[1].u_codec         |                 p9_rate_4ppm_rx_3 |         80 |         80 |       0 |    0 |   63 |      0 |      0 |          0 |
|     u_rx_1mbps                 |                     ir_4ppm_codec |         30 |         30 |       0 |    0 |   22 |      0 |      0 |          0 |
|     u_rx_2mbps                 |     ir_4ppm_codec__parameterized0 |         22 |         22 |       0 |    0 |   21 |      0 |      0 |          0 |
|     u_rx_4mbps                 |     ir_4ppm_codec__parameterized1 |         28 |         28 |       0 |    0 |   20 |      0 |      0 |          0 |
|   g_receive[1].u_parser        |                p9_4ppm_frame_rx_4 |        467 |        467 |       0 |    0 |  549 |      0 |      0 |          0 |
|   g_serializer[0].u_serializer |                  p9_4ppm_frame_tx |        583 |        583 |       0 |    0 |  340 |      0 |      0 |          0 |
|   g_serializer[1].u_serializer |                p9_4ppm_frame_tx_5 |        570 |        570 |       0 |    0 |  341 |      0 |      0 |          0 |
|   u_data_plane                 |                 ir_data_plane_top |       5136 |       5028 |     108 |    0 | 3188 |      0 |      0 |          0 |
|     (u_data_plane)             |                 ir_data_plane_top |         61 |         61 |       0 |    0 |   38 |      0 |      0 |          0 |
|     u_ack_aggregator           |                 ir_ack_aggregator |        160 |        160 |       0 |    0 |  219 |      0 |      0 |          0 |
|     u_rx_window                |            ir_selective_repeat_rx |        748 |        696 |      52 |    0 |  305 |      0 |      0 |          0 |
|     u_scheduler                |      ir_health_weighted_scheduler |        577 |        577 |       0 |    0 |  477 |      0 |      0 |          0 |
|     u_tx_window                |            ir_selective_repeat_tx |       3590 |       3534 |      56 |    0 | 2149 |      0 |      0 |          0 |
+--------------------------------+-----------------------------------+------------+------------+---------+------+------+--------+--------+------------+


