#-----------------------------------------------------------
# xsim v2023.1 (64-bit)
# SW Build 3865809 on Sun May  7 15:05:29 MDT 2023
# IP Build 3864474 on Sun May  7 20:36:21 MDT 2023
# SharedData Build 3865790 on Sun May 07 13:33:03 MDT 2023
# Start of session at: Mon Aug 10 08:25:27 2026
# Process ID: 10724
# Current directory: C:/Users/user/Documents/RF_COMM_MULTILANE_P10_5/evidence/generated/p10_5_xsim/raw/20260810T001744.370034Z/tb_p10_4_perf_command_work
# Command line: xsim.exe -mode tcl -source {xsim.dir/tb_p10_4_perf_command_snapshot/xsim_script.tcl}
# Log file: C:/Users/user/Documents/RF_COMM_MULTILANE_P10_5/evidence/generated/p10_5_xsim/raw/20260810T001744.370034Z/tb_p10_4_perf_command_work/xsim.log
# Journal file: C:/Users/user/Documents/RF_COMM_MULTILANE_P10_5/evidence/generated/p10_5_xsim/raw/20260810T001744.370034Z/tb_p10_4_perf_command_work\xsim.jou
# Running On: DESKTOP-PU0AECA, OS: Windows, CPU Frequency: 3418 MHz, CPU Physical cores: 20, Host memory: 34187 MB
#-----------------------------------------------------------
source xsim.dir/tb_p10_4_perf_command_snapshot/xsim_script.tcl
# xsim {tb_p10_4_perf_command_snapshot} -autoloadwcfg -runall
Time resolution is 1 ps
run -all
P10_4_PERF_COUNTER_SPLIT_XSIM=PASS
$finish called at time : 221 ns : File "C:/Users/user/Documents/RF_COMM_MULTILANE_P10_5/sim/tb/tb_p10_4_perf_command.sv" Line 68
exit
INFO: [Common 17-206] Exiting xsim at Mon Aug 10 08:25:29 2026...
