{
  "P7_JTAG_AXI_SAFE_STAGE": "PASS",
  "generated_at_utc": "2026-07-12T06:21:06.437518+00:00",
  "stage_name": "p7_safe_idle",
  "semantic_mode": "safe-idle",
  "requested_execute_hardware": true,
  "hardware_actions_executed": true,
  "programmed_fpga": true,
  "programmed_candidate": true,
  "programmed_shutdown_before": true,
  "programmed_shutdown_after": true,
  "started_ps_elf": false,
  "drove_tfdu_txd": false,
  "enabled_tfdu_receiver": false,
  "uart_access": false,
  "ethernet_used": false,
  "motion_used": false,
  "hardware_acceptance": "PENDING_HW",
  "safety_validation": {
    "P7_HARDWARE_SAFETY": "PASS",
    "ready_for_hardware_preflight": true,
    "hardware_actions_executed": false,
    "programmed_fpga": false,
    "drove_tfdu_txd": false,
    "started_ps_elf": false,
    "authorization_environment_present": true,
    "authorization": {
      "exists": true,
      "path": "C:\\Users\\user\\Documents\\RF_COMM_MULTILANE\\.hardware_authorization\\p7_20260712_stationary_app_r23_diag_suffix62_001_p7_safe_idle.txt",
      "actual_sha256": "55c69222f17a2e836cd30fa7821fa16c82721af1f2a6fadbfdf55402ca33c2b3",
      "expected_sha256": "55c69222f17a2e836cd30fa7821fa16c82721af1f2a6fadbfdf55402ca33c2b3",
      "markers": [
        "P7_STATIONARY_APP_LAYER_APPROVED"
      ],
      "duplicate_keys": []
    },
    "authorization_fields": {
      "AUTHORIZED_STAGE": "P7_STATIONARY_LOCAL_APPLICATION_LAYER_NO_ETHERNET",
      "USER_HARDWARE_AUTHORIZATION_FOR_P7": "GRANTED",
      "BOARD_ID": "210512180081",
      "EXPECTED_PART": "xc7z010clg400-1",
      "EXPECTED_TARGET": "localhost:3121/xilinx_tcf/Digilent/210512180081",
      "SOURCE_COMMIT": "f9a3d34641c2aabd08d88e84070e2a1e98ccef79",
      "MAX_RUNTIME_SEC": "600",
      "SHUTDOWN_ON_EXIT": "required",
      "NO_ETHERNET": "true",
      "NO_MOTION": "true",
      "LANE_COUNT": "2",
      "MAX_LANE_MASK": "0x3",
      "P7_EXECUTION_MODE": "DIAGNOSTIC_ONLY",
      "P7_COVERAGE_CLAIMED": "false",
      "HARDWARE_ACCEPTANCE": "PENDING_HW",
      "P7_FULL_STAGE_ORDINAL": "1",
      "P7_PLAN_PATH": "C:\\Users\\user\\Documents\\RF_COMM_MULTILANE\\evidence\\hardware\\p7\\artifacts\\p7_plan_c6db9d8348c3bc518fa5985595adfcdada1a08f11c9246c6103ec378b43b58dd.md",
      "P7_PLAN_SHA256": "c6db9d8348c3bc518fa5985595adfcdada1a08f11c9246c6103ec378b43b58dd",
      "BITSTREAM_PATH": "C:\\Users\\user\\Documents\\RF_COMM_MULTILANE\\evidence\\hardware\\p6\\bitstreams\\p6_jtag_dynamic_transport_798b0194029638fa27a254dd58db5d6fd28b65d91c5cf2c9e32c0f9076ee3c0f.bit",
      "BITSTREAM_SHA256": "798b0194029638fa27a254dd58db5d6fd28b65d91c5cf2c9e32c0f9076ee3c0f",
      "XSA_PATH": "C:\\Users\\user\\Documents\\RF_COMM_MULTILANE\\evidence\\hardware\\p6\\bitstreams\\p6_ps_dynamic_transport_b5d1174eb46d12eb395ceabbbea3c132c5771ca6777194138e68c2eacb2e4fc9.xsa",
      "XSA_SHA256": "b5d1174eb46d12eb395ceabbbea3c132c5771ca6777194138e68c2eacb2e4fc9",
      "ELF_PATH": "C:\\Users\\user\\Documents\\RF_COMM_MULTILANE\\evidence\\hardware\\p7\\artifacts\\p7_runtime_14450369d4c6cbe27899bc69f210278e3b2076573e0122859d266fe63cc8e0ce.elf",
      "ELF_SHA256": "14450369d4c6cbe27899bc69f210278e3b2076573e0122859d266fe63cc8e0ce",
      "PROFILE_PATH": "C:\\Users\\user\\Documents\\RF_COMM_MULTILANE\\profiles\\p7\\p7_stationary_app_30min.json",
      "PROFILE_SHA256": "65a36a8318e7fd1e3b647997aceca773c69e76eee85cb8fae922148ccd8f3c94",
      "ACTIVE_XDC_PATH": "C:\\Users\\user\\Documents\\RF_COMM_MULTILANE\\constraints\\active\\PORT1.generated.xdc",
      "ACTIVE_XDC_SHA256": "cf23a0d34a2fa76521faf4c91f3858cff2117fa6020d302d1a6109f10254f990",
      "PINMAP_PATH": "C:\\Users\\user\\Documents\\RF_COMM_MULTILANE\\board_profiles\\ax7010_tfdu_j10_j11_pinmap.csv",
      "PINMAP_SHA256": "4c7d5f0836a2ab48df7672e00f99455e582fbf477b04ed2b3b44ef38506a8a6a",
      "REGISTER_MAP_PATH": "C:\\Users\\user\\Documents\\RF_COMM_MULTILANE\\config\\register_map\\ir_axi_regs.yaml",
      "REGISTER_MAP_SHA256": "d5b0bf1476d815a3ed69988c72097827356d4eade48813c8913fc1b2d448983d",
      "SHUTDOWN_BITSTREAM_PATH": "C:\\Users\\user\\Documents\\RF_COMM_MULTILANE\\shutdown_bitstream\\tfdu_shutdown_j10_j11.bit",
      "SHUTDOWN_BITSTREAM_SHA256": "bac60b58912f0acd771dc830a6761535ec8f6a92befb1ae4cb7d928745af5810",
      "LTX_PATH": "C:\\Users\\user\\Documents\\RF_COMM_MULTILANE\\evidence\\hardware\\p6\\bitstreams\\p6_jtag_dynamic_transport_76fe1ec47871946a7d357b0caa1f669500de827b796d6154dcc54678e0ac7083.ltx",
      "LTX_SHA256": "76fe1ec47871946a7d357b0caa1f669500de827b796d6154dcc54678e0ac7083",
      "P7_JTAG_STAGE_NAME": "p7_safe_idle",
      "P7_JTAG_SEMANTIC_MODE": "safe-idle",
      "P7_JTAG_TRANSACTION_PATH": "C:\\Users\\user\\Documents\\RF_COMM_MULTILANE\\build\\p7_authorized_sequence\\p7_20260712_stationary_app_r23_diag_suffix62\\transactions\\001_p7_safe_idle.transactions.txt",
      "P7_JTAG_TRANSACTION_SHA256": "c164be9bf94510474c01711914bb37bdc800f28b9f5a3134e59f344e912c391d",
      "P7_JTAG_FREQUENCY_HZ": "1000000",
      "P7_JTAG_AXI_BASE": "0x43c00000"
    },
    "source_commit_requested": "f9a3d34641c2aabd08d88e84070e2a1e98ccef79",
    "source_commit_current": "f9a3d34641c2aabd08d88e84070e2a1e98ccef79",
    "dirty_files": [
      " M evidence/generated/p7_2lane_scope_summary.md",
      " M evidence/generated/p7_application_protocol_summary.md",
      " M evidence/generated/p7_artifact_provenance_summary.json",
      " M evidence/generated/p7_artifact_provenance_summary.md",
      " M evidence/generated/p7_backend_conformance_summary.md",
      " M evidence/generated/p7_fault_recovery_summary.md",
      " M evidence/generated/p7_file_integrity_summary.md",
      " M evidence/generated/p7_fragmentation_reassembly_summary.md",
      " M evidence/generated/p7_lane1_promotion_summary.json",
      " M evidence/generated/p7_lane_scheduler_summary.md",
      " M evidence/generated/p7_no_ethernet_summary.md",
      " M evidence/generated/p7_no_motion_summary.md",
      " M evidence/generated/p7_offline_gate_summary.json",
      " M evidence/generated/p7_offline_gate_summary.md",
      " M evidence/generated/p7_offline_test_run.json",
      " M evidence/generated/p7_protocol_vector_summary.md",
      " M evidence/generated/p7_ps_core_hardware_readiness.json",
      " M evidence/generated/p7_ps_runtime_build_summary.json",
      " M evidence/generated/p7_ps_runtime_summary.md",
      " M evidence/generated/p7_queue_backpressure_summary.md",
      " M evidence/generated/p7_repo_intake.md",
      " M evidence/generated/p7_repo_intake_summary.json",
      " M evidence/generated/p7_repo_intake_summary.md",
      " M evidence/generated/p7_segmentation_reassembly_summary.md",
      " M evidence/generated/vitis/p7_ps_runtime/p7_ps_runtime_build_summary.json",
      "?? evidence/hardware/p7/authorized_sequence/p7_20260712_stationary_app_r23_diag_suffix62/"
    ],
    "max_runtime_sec": 600,
    "lane_count": 2,
    "max_lane_mask": "0x3",
    "no_ethernet": true,
    "no_motion": true,
    "shutdown_on_exit": true,
    "abort_file": "C:\\Users\\user\\Documents\\RF_COMM_MULTILANE\\.hardware_authorization\\ABORT_NOW.txt",
    "abort_file_present": false,
    "hw_server_url": "localhost:3121",
    "preflight_tcl": "C:\\Users\\user\\Documents\\RF_COMM_MULTILANE\\scripts\\hw\\p7_hw_preflight.tcl",
    "preflight_tcl_sha256": "95bfbdf7e6c429e6637c1b4224a9dcecaa1fd756a1f665b21a797d54afbfc464",
    "artifacts": {
      "plan": {
        "path": "C:\\Users\\user\\Documents\\RF_COMM_MULTILANE\\evidence\\hardware\\p7\\artifacts\\p7_plan_c6db9d8348c3bc518fa5985595adfcdada1a08f11c9246c6103ec378b43b58dd.md",
        "expected_sha256": "c6db9d8348c3bc518fa5985595adfcdada1a08f11c9246c6103ec378b43b58dd",
        "exists": true,
        "actual_sha256": "c6db9d8348c3bc518fa5985595adfcdada1a08f11c9246c6103ec378b43b58dd"
      },
      "bitstream": {
        "path": "C:\\Users\\user\\Documents\\RF_COMM_MULTILANE\\evidence\\hardware\\p6\\bitstreams\\p6_jtag_dynamic_transport_798b0194029638fa27a254dd58db5d6fd28b65d91c5cf2c9e32c0f9076ee3c0f.bit",
        "expected_sha256": "798b0194029638fa27a254dd58db5d6fd28b65d91c5cf2c9e32c0f9076ee3c0f",
        "exists": true,
        "actual_sha256": "798b0194029638fa27a254dd58db5d6fd28b65d91c5cf2c9e32c0f9076ee3c0f"
      },
      "xsa": {
        "path": "C:\\Users\\user\\Documents\\RF_COMM_MULTILANE\\evidence\\hardware\\p6\\bitstreams\\p6_ps_dynamic_transport_b5d1174eb46d12eb395ceabbbea3c132c5771ca6777194138e68c2eacb2e4fc9.xsa",
        "expected_sha256": "b5d1174eb46d12eb395ceabbbea3c132c5771ca6777194138e68c2eacb2e4fc9",
        "exists": true,
        "actual_sha256": "b5d1174eb46d12eb395ceabbbea3c132c5771ca6777194138e68c2eacb2e4fc9"
      },
      "elf": {
        "path": "C:\\Users\\user\\Documents\\RF_COMM_MULTILANE\\evidence\\hardware\\p7\\artifacts\\p7_runtime_14450369d4c6cbe27899bc69f210278e3b2076573e0122859d266fe63cc8e0ce.elf",
        "expected_sha256": "14450369d4c6cbe27899bc69f210278e3b2076573e0122859d266fe63cc8e0ce",
        "exists": true,
        "actual_sha256": "14450369d4c6cbe27899bc69f210278e3b2076573e0122859d266fe63cc8e0ce"
      },
      "profile": {
        "path": "C:\\Users\\user\\Documents\\RF_COMM_MULTILANE\\profiles\\p7\\p7_stationary_app_30min.json",
        "expected_sha256": "65a36a8318e7fd1e3b647997aceca773c69e76eee85cb8fae922148ccd8f3c94",
        "exists": true,
        "actual_sha256": "65a36a8318e7fd1e3b647997aceca773c69e76eee85cb8fae922148ccd8f3c94"
      },
      "active_xdc": {
        "path": "C:\\Users\\user\\Documents\\RF_COMM_MULTILANE\\constraints\\active\\PORT1.generated.xdc",
        "expected_sha256": "cf23a0d34a2fa76521faf4c91f3858cff2117fa6020d302d1a6109f10254f990",
        "exists": true,
        "actual_sha256": "cf23a0d34a2fa76521faf4c91f3858cff2117fa6020d302d1a6109f10254f990"
      },
      "pinmap": {
        "path": "C:\\Users\\user\\Documents\\RF_COMM_MULTILANE\\board_profiles\\ax7010_tfdu_j10_j11_pinmap.csv",
        "expected_sha256": "4c7d5f0836a2ab48df7672e00f99455e582fbf477b04ed2b3b44ef38506a8a6a",
        "exists": true,
        "actual_sha256": "4c7d5f0836a2ab48df7672e00f99455e582fbf477b04ed2b3b44ef38506a8a6a"
      },
      "register_map": {
        "path": "C:\\Users\\user\\Documents\\RF_COMM_MULTILANE\\config\\register_map\\ir_axi_regs.yaml",
        "expected_sha256": "d5b0bf1476d815a3ed69988c72097827356d4eade48813c8913fc1b2d448983d",
        "exists": true,
        "actual_sha256": "d5b0bf1476d815a3ed69988c72097827356d4eade48813c8913fc1b2d448983d"
      },
      "shutdown_bitstream": {
        "path": "C:\\Users\\user\\Documents\\RF_COMM_MULTILANE\\shutdown_bitstream\\tfdu_shutdown_j10_j11.bit",
        "expected_sha256": "bac60b58912f0acd771dc830a6761535ec8f6a92befb1ae4cb7d928745af5810",
        "exists": true,
        "actual_sha256": "bac60b58912f0acd771dc830a6761535ec8f6a92befb1ae4cb7d928745af5810"
      },
      "ltx": {
        "path": "C:\\Users\\user\\Documents\\RF_COMM_MULTILANE\\evidence\\hardware\\p6\\bitstreams\\p6_jtag_dynamic_transport_76fe1ec47871946a7d357b0caa1f669500de827b796d6154dcc54678e0ac7083.ltx",
        "expected_sha256": "76fe1ec47871946a7d357b0caa1f669500de827b796d6154dcc54678e0ac7083",
        "exists": true,
        "actual_sha256": "76fe1ec47871946a7d357b0caa1f669500de827b796d6154dcc54678e0ac7083"
      }
    },
    "errors": [],
    "warnings": [
      "workspace has uncommitted changes; frozen artifact hashes remain authoritative"
    ]
  },
  "stage_validation_errors": [],
  "transaction_validation": {
    "format": "P7_JTAG_AXI_TRANSACTIONS_V1",
    "path": "C:\\Users\\user\\Documents\\RF_COMM_MULTILANE\\build\\p7_authorized_sequence\\p7_20260712_stationary_app_r23_diag_suffix62\\transactions\\001_p7_safe_idle.transactions.txt",
    "expected_sha256": "c164be9bf94510474c01711914bb37bdc800f28b9f5a3134e59f344e912c391d",
    "actual_sha256": "c164be9bf94510474c01711914bb37bdc800f28b9f5a3134e59f344e912c391d",
    "operation_count": 13,
    "poll_operation_count": 0,
    "poll_iteration_ceiling": 0,
    "metadata": {
      "EVIDENCE_KIND": "safe_idle"
    },
    "errors": [],
    "size_bytes": 790,
    "start_operation_count": 0,
    "commit_operation_count": 0,
    "payload_write_count": 0,
    "logical_axi_operation_count": 13,
    "minimum_run_hw_axi_call_count": 13,
    "multi_transaction_batch_count": 0,
    "batched_single_word_transaction_count": 0,
    "max_batch_transactions": 0,
    "axi4_incr_burst_count": 0,
    "axi4_incr_burst_word_count": 0,
    "max_axi4_incr_burst_words": 0,
    "queued_single_run_hw_axi_call_count": 0,
    "queued_single_multi_transaction_batch_count": 0,
    "queued_single_transaction_count": 0,
    "max_queued_single_transactions": 0,
    "ordered_control_write_run_hw_axi_call_count": 1,
    "queued_control_write_transaction_count": 0,
    "standalone_run_hw_axi_call_count": 13,
    "result_keys": [
      "SAFE_CRC_BAD",
      "SAFE_DUTY_VIOLATION",
      "SAFE_ERROR_CODE",
      "SAFE_PAYLOAD_MISMATCH",
      "SAFE_RETRY_EXHAUSTED",
      "SAFE_RX_GOOD_L0",
      "SAFE_RX_GOOD_L1",
      "SAFE_STATUS",
      "SAFE_STICKY_ERROR",
      "SAFE_TXD_HIGH_MAX",
      "SAFE_TX_COUNT",
      "SAFE_TX_FAIL"
    ],
    "write_operations": [
      {
        "offset": "0x100",
        "value": "0x00000030"
      }
    ],
    "runtime_feasibility": {
      "jtag_frequency_hz": 1000000,
      "reference_jtag_frequency_hz": 1000000,
      "estimated_axi_operation_us_at_1mhz": 1250,
      "estimated_stage_fixed_overhead_seconds": 30.0,
      "estimate_model": "one_axi_read_per_poll_operation_global_deadline_authoritative",
      "estimated_stage_runtime_seconds": 30.01625,
      "minimum_stage_runtime_sec": 31,
      "authorized_runtime_sec": 600,
      "feasible_within_authorized_runtime": true,
      "containment_initial_empty_wait_seconds": 0,
      "expected_tool_daemon_grace_seconds": 30,
      "containment_total_exit_window_seconds": 30,
      "containment_topology_revalidation_interval_seconds": 0.1,
      "containment_forced_cleanup_wait_seconds": 10,
      "containment_failure_bound_seconds": 40,
      "jtag_wrapper_vivado_process_count": 4,
      "jtag_wrapper_containment_allowance_seconds": 120,
      "jtag_wrapper_max_forced_cleanup_events": 2,
      "jtag_wrapper_forced_cleanup_reserve_seconds": 20,
      "jtag_wrapper_other_guard_seconds": 65,
      "jtag_wrapper_bookkeeping_guard_seconds": 45,
      "jtag_wrapper_other_guard_after_forced_cleanup_seconds": 45,
      "global_runtime_budget": {
        "minimum_estimated_global_runtime_sec": 366,
        "configured_global_timeout_ceiling_sec": 425,
        "authorized_global_runtime_sec": 600,
        "containment_initial_empty_wait_seconds": 0,
        "expected_tool_daemon_grace_seconds": 30,
        "containment_total_exit_window_seconds": 30,
        "containment_topology_revalidation_interval_seconds": 0.1,
        "containment_success_bound_seconds_each": 30,
        "containment_failure_bound_seconds_each": 40,
        "contained_vivado_process_count": 4,
        "containment_allowance_seconds": 120,
        "max_forced_cleanup_events": 2,
        "forced_cleanup_wait_seconds": 10,
        "forced_cleanup_reserve_seconds": 20,
        "other_guard_seconds": 65,
        "bookkeeping_guard_seconds": 45,
        "other_guard_after_forced_cleanup_seconds": 45,
        "configured_unallocated_margin_seconds": 175,
        "estimated_unallocated_margin_seconds": 234,
        "minimum_stage_fits_configured_timeout": true,
        "feasible": true
      }
    },
    "valid": true,
    "backend_manifest": {
      "semantic_mode": "safe-idle",
      "required": false
    },
    "global_runtime_budget": {
      "minimum_estimated_global_runtime_sec": 366,
      "configured_global_timeout_ceiling_sec": 425,
      "authorized_global_runtime_sec": 600,
      "containment_initial_empty_wait_seconds": 0,
      "expected_tool_daemon_grace_seconds": 30,
      "containment_total_exit_window_seconds": 30,
      "containment_topology_revalidation_interval_seconds": 0.1,
      "containment_success_bound_seconds_each": 30,
      "containment_failure_bound_seconds_each": 40,
      "contained_vivado_process_count": 4,
      "containment_allowance_seconds": 120,
      "max_forced_cleanup_events": 2,
      "forced_cleanup_wait_seconds": 10,
      "forced_cleanup_reserve_seconds": 20,
      "other_guard_seconds": 65,
      "bookkeeping_guard_seconds": 45,
      "other_guard_after_forced_cleanup_seconds": 45,
      "configured_unallocated_margin_seconds": 175,
      "estimated_unallocated_margin_seconds": 234,
      "minimum_stage_fits_configured_timeout": true,
      "feasible": true
    }
  },
  "exit_code_policy": "returncode_must_be_exactly_zero_and_required_markers_must_match",
  "transaction_format_boundary": "strict_P7_JTAG_AXI_TRANSACTIONS_V1_no_source_no_eval_no_external_commands",
  "hardware_execution_lock": {
    "path": "C:\\Users\\user\\Documents\\RF_COMM_MULTILANE\\.hardware_authorization\\P7_HARDWARE_EXECUTION.lock",
    "token_sha256": "8a9c0c3bd514116646524326cd5853c4e6958210105d4b2935983fad614827ea",
    "owner": {
      "schema": "rf-comm-p7-hardware-execution-lock-v1",
      "pid": 34872,
      "wrapper": "run_p7_jtag_axi_stage_safe.py",
      "stage_name": "p7_safe_idle",
      "acquired_at_utc": "2026-07-12T06:21:06.437776+00:00",
      "evidence_dir": "C:\\Users\\user\\Documents\\RF_COMM_MULTILANE\\evidence\\hardware\\p7\\authorized_sequence\\p7_20260712_stationary_app_r23_diag_suffix62\\001_p7_safe_idle"
    },
    "acquired": true,
    "stale_lock_auto_recovery": false
  },
  "global_runtime_deadline_source": "host_monotonic",
  "global_runtime_guard_seconds": 65,
  "global_runtime_budget_components": {
    "contained_vivado_process_count": 4,
    "initial_empty_wait_seconds_per_process": 0,
    "expected_tool_daemon_grace_seconds_per_process": 30,
    "total_containment_window_seconds_per_process": 30,
    "topology_revalidation_interval_seconds": 0.1,
    "containment_allowance_seconds": 120,
    "forced_cleanup_wait_seconds": 10,
    "failure_containment_bound_seconds_per_failed_process": 40,
    "max_forced_cleanup_events": 2,
    "forced_cleanup_reserve_seconds": 20,
    "bookkeeping_guard_seconds": 45,
    "other_guard_seconds": 65
  },
  "evidence_dir": "C:\\Users\\user\\Documents\\RF_COMM_MULTILANE\\evidence\\hardware\\p7\\authorized_sequence\\p7_20260712_stationary_app_r23_diag_suffix62\\001_p7_safe_idle",
  "event_log": "C:\\Users\\user\\Documents\\RF_COMM_MULTILANE\\evidence\\hardware\\p7\\authorized_sequence\\p7_20260712_stationary_app_r23_diag_suffix62\\001_p7_safe_idle\\p7_jtag_axi_stage_events.jsonl",
  "preflight_process": {
    "name": "preflight",
    "returncode": 0,
    "stdout_path": "C:\\Users\\user\\Documents\\RF_COMM_MULTILANE\\evidence\\hardware\\p7\\authorized_sequence\\p7_20260712_stationary_app_r23_diag_suffix62\\001_p7_safe_idle\\p7_preflight.stdout.log",
    "stderr_path": "C:\\Users\\user\\Documents\\RF_COMM_MULTILANE\\evidence\\hardware\\p7\\authorized_sequence\\p7_20260712_stationary_app_r23_diag_suffix62\\001_p7_safe_idle\\p7_preflight.stderr.log",
    "elapsed_seconds": 31.481472,
    "argv": [
      "D:\\Xilinx\\Vivado\\2023.1\\bin\\vivado.bat",
      "-mode",
      "batch",
      "-source",
      "C:\\Users\\user\\Documents\\RF_COMM_MULTILANE\\scripts\\hw\\p7_hw_preflight.tcl",
      "-tclargs",
      "C:\\Users\\user\\Documents\\RF_COMM_MULTILANE",
      "C:\\Users\\user\\Documents\\RF_COMM_MULTILANE\\.hardware_authorization\\p7_20260712_stationary_app_r23_diag_suffix62_001_p7_safe_idle.txt",
      "210512180081",
      "xc7z010clg400-1",
      "localhost:3121/xilinx_tcf/Digilent/210512180081",
      "localhost:3121",
      "C:\\Users\\user\\Documents\\RF_COMM_MULTILANE\\evidence\\hardware\\p7\\authorized_sequence\\p7_20260712_stationary_app_r23_diag_suffix62\\001_p7_safe_idle\\p7_preflight_result.txt"
    ],
    "started_at_utc": "2026-07-12T06:21:06.447556+00:00",
    "ended_at_utc": "2026-07-12T06:21:37.929033+00:00",
    "timed_out": false,
    "abort_seen": false,
    "interrupted": false,
    "process_tree_terminated": false,
    "process_tree_reaped": true,
    "containment_kind": "WINDOWS_JOB_OBJECT_KILL_ON_CLOSE",
    "containment_assigned": true,
    "containment_closed": true,
    "descendant_count_after": 0,
    "expected_tool_daemon_grace_used": true,
    "expected_tool_daemon_grace_seconds": 30.0,
    "expected_tool_daemon_paths": [
      "D:\\Xilinx\\Vivado\\2023.1\\bin\\unwrapped\\win64.o\\cs_server.exe",
      "D:\\Xilinx\\Vivado\\2023.1\\bin\\unwrapped\\win64.o\\rdi_xsdb.exe",
      "C:\\Windows\\System32\\cmd.exe",
      "C:\\Windows\\System32\\conhost.exe"
    ],
    "descendant_paths_seen": [
      "C:\\Windows\\System32\\cmd.exe",
      "C:\\Windows\\System32\\conhost.exe",
      "C:\\Windows\\System32\\conhost.exe",
      "D:\\Xilinx\\Vivado\\2023.1\\bin\\unwrapped\\win64.o\\cs_server.exe",
      "D:\\Xilinx\\Vivado\\2023.1\\bin\\unwrapped\\win64.o\\rdi_xsdb.exe",
      "D:\\Xilinx\\Vivado\\2023.1\\bin\\unwrapped\\win64.o\\cs_server.exe"
    ],
    "descendant_processes_seen": [
      {
        "pid": 15104,
        "parent_pid": 26292,
        "parent_active_globally": false,
        "image_path": "C:\\Windows\\System32\\cmd.exe",
        "creation_time_100ns": 134283108757619743
      },
      {
        "pid": 23072,
        "parent_pid": 46068,
        "parent_active_globally": false,
        "image_path": "C:\\Windows\\System32\\conhost.exe",
        "creation_time_100ns": 134283108745311985
      },
      {
        "pid": 33916,
        "parent_pid": 15104,
        "parent_active_globally": true,
        "image_path": "C:\\Windows\\System32\\conhost.exe",
        "creation_time_100ns": 134283108757676275
      },
      {
        "pid": 37304,
        "parent_pid": 10592,
        "parent_active_globally": false,
        "image_path": "D:\\Xilinx\\Vivado\\2023.1\\bin\\unwrapped\\win64.o\\cs_server.exe",
        "creation_time_100ns": 134283108752300139
      },
      {
        "pid": 48280,
        "parent_pid": 15104,
        "parent_active_globally": true,
        "image_path": "D:\\Xilinx\\Vivado\\2023.1\\bin\\unwrapped\\win64.o\\rdi_xsdb.exe",
        "creation_time_100ns": 134283108760833683
      },
      {
        "pid": 48644,
        "parent_pid": 37304,
        "parent_active_globally": true,
        "image_path": "D:\\Xilinx\\Vivado\\2023.1\\bin\\unwrapped\\win64.o\\cs_server.exe",
        "creation_time_100ns": 134283108753481435
      }
    ],
    "expected_tool_daemon_classification": "EXACT_R2_VIVADO_EXIT_HELPER_FOREST",
    "expected_tool_daemon_topology_snapshots": [
      {
        "classification": "EXACT_R2_VIVADO_EXIT_HELPER_FOREST",
        "elapsed_seconds": 0.006499,
        "processes": [
          {
            "pid": 15104,
            "parent_pid": 26292,
            "parent_active_globally": false,
            "image_path": "C:\\Windows\\System32\\cmd.exe",
            "creation_time_100ns": 134283108757619743
          },
          {
            "pid": 23072,
            "parent_pid": 46068,
            "parent_active_globally": false,
            "image_path": "C:\\Windows\\System32\\conhost.exe",
            "creation_time_100ns": 134283108745311985
          },
          {
            "pid": 33916,
            "parent_pid": 15104,
            "parent_active_globally": true,
            "image_path": "C:\\Windows\\System32\\conhost.exe",
            "creation_time_100ns": 134283108757676275
          },
          {
            "pid": 37304,
            "parent_pid": 10592,
            "parent_active_globally": false,
            "image_path": "D:\\Xilinx\\Vivado\\2023.1\\bin\\unwrapped\\win64.o\\cs_server.exe",
            "creation_time_100ns": 134283108752300139
          },
          {
            "pid": 48280,
            "parent_pid": 15104,
            "parent_active_globally": true,
            "image_path": "D:\\Xilinx\\Vivado\\2023.1\\bin\\unwrapped\\win64.o\\rdi_xsdb.exe",
            "creation_time_100ns": 134283108760833683
          },
          {
            "pid": 48644,
            "parent_pid": 37304,
            "parent_active_globally": true,
            "image_path": "D:\\Xilinx\\Vivado\\2023.1\\bin\\unwrapped\\win64.o\\cs_server.exe",
            "creation_time_100ns": 134283108753481435
          }
        ]
      },
      {
        "classification": "STRICT_SHRINK_SUBSET_OF_EXACT_R2_VIVADO_EXIT_HELPER_FOREST",
        "elapsed_seconds": 19.735991,
        "processes": [
          {
            "pid": 23072,
            "parent_pid": 46068,
            "parent_active_globally": false,
            "image_path": "C:\\Windows\\System32\\conhost.exe",
            "creation_time_100ns": 134283108745311985
          },
          {
            "pid": 37304,
            "parent_pid": 10592,
            "parent_active_globally": false,
            "image_path": "D:\\Xilinx\\Vivado\\2023.1\\bin\\unwrapped\\win64.o\\cs_server.exe",
            "creation_time_100ns": 134283108752300139
          },
          {
            "pid": 48644,
            "parent_pid": 37304,
            "parent_active_globally": true,
            "image_path": "D:\\Xilinx\\Vivado\\2023.1\\bin\\unwrapped\\win64.o\\cs_server.exe",
            "creation_time_100ns": 134283108753481435
          }
        ]
      },
      {
        "classification": "EMPTY",
        "elapsed_seconds": 20.809479,
        "processes": []
      }
    ],
    "expected_tool_daemon_topology_revalidation_count": 192,
    "expected_tool_daemon_topology_monotonic": true,
    "expected_tool_daemon_topology_sample_elapsed_seconds": [
      5.2e-05,
      0.006499,
      0.115161,
      0.22378,
      0.332425,
      0.439464,
      0.547703,
      0.656256,
      0.764843,
      0.872511,
      0.985126,
      1.09483,
      1.204205,
      1.312606,
      1.421598,
      1.530604,
      1.638916,
      1.74725,
      1.853998,
      1.9634,
      2.072571,
      2.179949,
      2.288743,
      2.397366,
      2.505756,
      2.613482,
      2.722431,
      2.831314,
      2.93902,
      3.047344,
      3.15629,
      3.264859,
      3.373805,
      3.481368,
      3.587969,
      3.696132,
      3.804361,
      3.912367,
      4.02087,
      4.129976,
      4.236807,
      4.345091,
      4.453459,
      4.562125,
      4.668827,
      4.777976,
      4.886203,
      4.994652,
      5.103491,
      5.210884,
      5.32047,
      5.428671,
      5.536951,
      5.645106,
      5.753595,
      5.86095,
      5.968087,
      6.075943,
      6.184417,
      6.292598,
      6.40093,
      6.509496,
      6.619013,
      6.725924,
      6.834046,
      6.942231,
      7.049709,
      7.157961,
      7.266244,
      7.374615,
      7.483082,
      7.591812,
      7.700941,
      7.809131,
      7.916419,
      8.02617,
      8.135315,
      8.243823,
      8.353015,
      8.462328,
      8.569743,
      8.677657,
      8.786571,
      8.894881,
      9.003539,
      9.112368,
      9.218861,
      9.327858,
      9.436675,
      9.543944,
      9.652268,
      9.761252,
      9.870042,
      9.979098,
      10.087538,
      10.19645,
      10.30631,
      10.414763,
      10.523396,
      10.631535,
      10.739816,
      10.847273,
      10.953226,
      11.061694,
      11.169938,
      11.278895,
      11.387532,
      11.496074,
      11.605312,
      11.713477,
      11.820787,
      11.929371,
      12.037346,
      12.145657,
      12.254646,
      12.362679,
      12.470796,
      12.579386,
      12.688367,
      12.796503,
      12.904438,
      13.012719,
      13.121655,
      13.230282,
      13.339551,
      13.446657,
      13.554502,
      13.66278,
      13.771518,
      13.880013,
      13.988375,
      14.095808,
      14.204349,
      14.312817,
      14.421749,
      14.530154,
      14.638952,
      14.747178,
      14.855774,
      14.964168,
      15.071417,
      15.180606,
      15.289045,
      15.39816,
      15.505742,
      15.614005,
      15.722457,
      15.830824,
      15.939393,
      16.048472,
      16.155498,
      16.263868,
      16.372386,
      16.481555,
      16.589971,
      16.698248,
      16.806475,
      16.914585,
      17.023493,
      17.130723,
      17.239553,
      17.348565,
      17.455974,
      17.564592,
      17.673186,
      17.782972,
      17.891826,
      18.000466,
      18.109825,
      18.2219,
      18.329704,
      18.438286,
      18.547562,
      18.65617,
      18.764328,
      18.871912,
      18.979954,
      19.088041,
      19.19615,
      19.303932,
      19.410994,
      19.519734,
      19.628528,
      19.735991,
      19.844095,
      19.95255,
      20.061126,
      20.169678,
      20.276928,
      20.383969,
      20.492335,
      20.601202,
      20.708781,
      20.809479
    ],
    "expected_tool_daemon_topology_max_sample_gap_seconds": 0.112615,
    "expected_tool_daemon_grace_elapsed_seconds": 20.809496,
    "expected_tool_daemon_hashes_verified": true,
    "expected_tool_daemon_sha256_by_role": {
      "cs_server": "9bf0e15ffe162a96679c14b8117cf8ebe8a47b8032bee4ab8cb0317c112df536",
      "rdi_xsdb": "3193d8c4e7115e82e5b4ea6c2eb1aa8a7566bd5a9f9c78e9d901b9eab9d4ebfc",
      "cmd": "75320a519959cc6d089ea3eba33c38caccb7f138a025ea439bc9686cdb79ded4",
      "conhost": "a93cbb36b9c02364be6a72817174c46f94b66715549f279c6592ed659d237911"
    },
    "expected_tool_daemon_hash_error": "",
    "expected_tool_daemon_prelaunch_hashes_verified": true,
    "expected_tool_daemon_prelaunch_sha256_by_role": {
      "cs_server": "9bf0e15ffe162a96679c14b8117cf8ebe8a47b8032bee4ab8cb0317c112df536",
      "rdi_xsdb": "3193d8c4e7115e82e5b4ea6c2eb1aa8a7566bd5a9f9c78e9d901b9eab9d4ebfc",
      "cmd": "75320a519959cc6d089ea3eba33c38caccb7f138a025ea439bc9686cdb79ded4",
      "conhost": "a93cbb36b9c02364be6a72817174c46f94b66715549f279c6592ed659d237911"
    },
    "expected_tool_daemon_prelaunch_hash_error": "",
    "expected_tool_daemon_postexit_hashes_verified": true,
    "expected_tool_daemon_postexit_sha256_by_role": {
      "cs_server": "9bf0e15ffe162a96679c14b8117cf8ebe8a47b8032bee4ab8cb0317c112df536",
      "rdi_xsdb": "3193d8c4e7115e82e5b4ea6c2eb1aa8a7566bd5a9f9c78e9d901b9eab9d4ebfc",
      "cmd": "75320a519959cc6d089ea3eba33c38caccb7f138a025ea439bc9686cdb79ded4",
      "conhost": "a93cbb36b9c02364be6a72817174c46f94b66715549f279c6592ed659d237911"
    },
    "expected_tool_daemon_postexit_hash_error": "",
    "expected_tool_daemon_topology_error": "",
    "expected_tool_daemon_topology_terminal_empty": true,
    "process_identity_query_retry_count": 0,
    "process_exit_race_recheck_count": 0,
    "process_identity_query_transient_errors": [],
    "containment_cleanup_attempted": false,
    "containment_cleanup_terminated": false,
    "process_exit_race_rechecked": false,
    "process_identity_query_retried": false,
    "containment_query_error": "",
    "launch_error": ""
  },
  "preflight_result_file": "C:\\Users\\user\\Documents\\RF_COMM_MULTILANE\\evidence\\hardware\\p7\\authorized_sequence\\p7_20260712_stationary_app_r23_diag_suffix62\\001_p7_safe_idle\\p7_preflight_result.txt",
  "preflight_failures": [],
  "target_identity": {
    "P7_HW_PREFLIGHT_AUTHORIZED": "1",
    "P7_HW_PREFLIGHT_READ_ONLY": "1",
    "P7_HW_PREFLIGHT_BOARD_ID": "210512180081",
    "P7_HW_PREFLIGHT_TARGET": "localhost:3121/xilinx_tcf/Digilent/210512180081",
    "P7_HW_PREFLIGHT_DEVICE": "xc7z010_1",
    "P7_HW_PREFLIGHT_PART": "xc7z010clg400-1",
    "P7_HW_PREFLIGHT_IDCODE": "00010011011100100010000010010011",
    "P7_HW_PREFLIGHT_CANONICAL_PART": "xc7z010clg400-1",
    "P7_HW_PREFLIGHT_LIVE_PART": "xc7z010",
    "P7_HW_PREFLIGHT_LIVE_DEVICE": "xc7z010_1",
    "P7_HW_PREFLIGHT_LIVE_IDCODE": "00010011011100100010000010010011",
    "P7_HW_PREFLIGHT_RESULT": "PASS"
  },
  "shutdown_before": {
    "name": "shutdown_before",
    "returncode": 0,
    "stdout_path": "C:\\Users\\user\\Documents\\RF_COMM_MULTILANE\\evidence\\hardware\\p7\\authorized_sequence\\p7_20260712_stationary_app_r23_diag_suffix62\\001_p7_safe_idle\\p7_shutdown_before.stdout.log",
    "stderr_path": "C:\\Users\\user\\Documents\\RF_COMM_MULTILANE\\evidence\\hardware\\p7\\authorized_sequence\\p7_20260712_stationary_app_r23_diag_suffix62\\001_p7_safe_idle\\p7_shutdown_before.stderr.log",
    "elapsed_seconds": 48.530055,
    "argv": [
      "D:\\Xilinx\\Vivado\\2023.1\\bin\\vivado.bat",
      "-mode",
      "batch",
      "-source",
      "C:\\Users\\user\\Documents\\RF_COMM_MULTILANE\\scripts\\hw\\p7_jtag_axi_transactions.tcl",
      "-tclargs",
      "C:\\Users\\user\\Documents\\RF_COMM_MULTILANE",
      "SHUTDOWN",
      "C:\\Users\\user\\Documents\\RF_COMM_MULTILANE\\.hardware_authorization\\p7_20260712_stationary_app_r23_diag_suffix62_001_p7_safe_idle.txt",
      "210512180081",
      "xc7z010clg400-1",
      "localhost:3121/xilinx_tcf/Digilent/210512180081",
      "localhost:3121",
      "1000000",
      "C:\\Users\\user\\Documents\\RF_COMM_MULTILANE\\shutdown_bitstream\\tfdu_shutdown_j10_j11.bit",
      "-",
      "-",
      "C:\\Users\\user\\Documents\\RF_COMM_MULTILANE\\evidence\\hardware\\p7\\authorized_sequence\\p7_20260712_stationary_app_r23_diag_suffix62\\001_p7_safe_idle\\p7_shutdown_before_result.txt",
      "0x43c00000",
      "1100000",
      "134217728",
      "90",
      "C:\\Users\\user\\Documents\\RF_COMM_MULTILANE\\shutdown_bitstream\\tfdu_shutdown_j10_j11.bit"
    ],
    "started_at_utc": "2026-07-12T06:21:37.942881+00:00",
    "ended_at_utc": "2026-07-12T06:22:26.472942+00:00",
    "timed_out": false,
    "abort_seen": false,
    "interrupted": false,
    "process_tree_terminated": false,
    "process_tree_reaped": true,
    "containment_kind": "WINDOWS_JOB_OBJECT_KILL_ON_CLOSE",
    "containment_assigned": true,
    "containment_closed": true,
    "descendant_count_after": 0,
    "expected_tool_daemon_grace_used": true,
    "expected_tool_daemon_grace_seconds": 30.0,
    "expected_tool_daemon_paths": [
      "D:\\Xilinx\\Vivado\\2023.1\\bin\\unwrapped\\win64.o\\cs_server.exe",
      "D:\\Xilinx\\Vivado\\2023.1\\bin\\unwrapped\\win64.o\\rdi_xsdb.exe",
      "C:\\Windows\\System32\\cmd.exe",
      "C:\\Windows\\System32\\conhost.exe"
    ],
    "descendant_paths_seen": [
      "C:\\Windows\\System32\\cmd.exe",
      "D:\\Xilinx\\Vivado\\2023.1\\bin\\unwrapped\\win64.o\\cs_server.exe",
      "D:\\Xilinx\\Vivado\\2023.1\\bin\\unwrapped\\win64.o\\rdi_xsdb.exe",
      "D:\\Xilinx\\Vivado\\2023.1\\bin\\unwrapped\\win64.o\\cs_server.exe",
      "C:\\Windows\\System32\\conhost.exe",
      "C:\\Windows\\System32\\conhost.exe"
    ],
    "descendant_processes_seen": [
      {
        "pid": 28768,
        "parent_pid": 44112,
        "parent_active_globally": false,
        "image_path": "C:\\Windows\\System32\\cmd.exe",
        "creation_time_100ns": 134283109072188631
      },
      {
        "pid": 35132,
        "parent_pid": 41548,
        "parent_active_globally": true,
        "image_path": "D:\\Xilinx\\Vivado\\2023.1\\bin\\unwrapped\\win64.o\\cs_server.exe",
        "creation_time_100ns": 134283109068279733
      },
      {
        "pid": 38636,
        "parent_pid": 28768,
        "parent_active_globally": true,
        "image_path": "D:\\Xilinx\\Vivado\\2023.1\\bin\\unwrapped\\win64.o\\rdi_xsdb.exe",
        "creation_time_100ns": 134283109075385464
      },
      {
        "pid": 41548,
        "parent_pid": 27520,
        "parent_active_globally": false,
        "image_path": "D:\\Xilinx\\Vivado\\2023.1\\bin\\unwrapped\\win64.o\\cs_server.exe",
        "creation_time_100ns": 134283109067206576
      },
      {
        "pid": 43048,
        "parent_pid": 42520,
        "parent_active_globally": false,
        "image_path": "C:\\Windows\\System32\\conhost.exe",
        "creation_time_100ns": 134283109060347730
      },
      {
        "pid": 49012,
        "parent_pid": 28768,
        "parent_active_globally": true,
        "image_path": "C:\\Windows\\System32\\conhost.exe",
        "creation_time_100ns": 134283109072258113
      }
    ],
    "expected_tool_daemon_classification": "EXACT_R2_VIVADO_EXIT_HELPER_FOREST",
    "expected_tool_daemon_topology_snapshots": [
      {
        "classification": "EXACT_R2_VIVADO_EXIT_HELPER_FOREST",
        "elapsed_seconds": 0.006121,
        "processes": [
          {
            "pid": 28768,
            "parent_pid": 44112,
            "parent_active_globally": false,
            "image_path": "C:\\Windows\\System32\\cmd.exe",
            "creation_time_100ns": 134283109072188631
          },
          {
            "pid": 35132,
            "parent_pid": 41548,
            "parent_active_globally": true,
            "image_path": "D:\\Xilinx\\Vivado\\2023.1\\bin\\unwrapped\\win64.o\\cs_server.exe",
            "creation_time_100ns": 134283109068279733
          },
          {
            "pid": 38636,
            "parent_pid": 28768,
            "parent_active_globally": true,
            "image_path": "D:\\Xilinx\\Vivado\\2023.1\\bin\\unwrapped\\win64.o\\rdi_xsdb.exe",
            "creation_time_100ns": 134283109075385464
          },
          {
            "pid": 41548,
            "parent_pid": 27520,
            "parent_active_globally": false,
            "image_path": "D:\\Xilinx\\Vivado\\2023.1\\bin\\unwrapped\\win64.o\\cs_server.exe",
            "creation_time_100ns": 134283109067206576
          },
          {
            "pid": 43048,
            "parent_pid": 42520,
            "parent_active_globally": false,
            "image_path": "C:\\Windows\\System32\\conhost.exe",
            "creation_time_100ns": 134283109060347730
          },
          {
            "pid": 49012,
            "parent_pid": 28768,
            "parent_active_globally": true,
            "image_path": "C:\\Windows\\System32\\conhost.exe",
            "creation_time_100ns": 134283109072258113
          }
        ]
      },
      {
        "classification": "STRICT_SHRINK_SUBSET_OF_EXACT_R2_VIVADO_EXIT_HELPER_FOREST",
        "elapsed_seconds": 19.172251,
        "processes": [
          {
            "pid": 35132,
            "parent_pid": 41548,
            "parent_active_globally": true,
            "image_path": "D:\\Xilinx\\Vivado\\2023.1\\bin\\unwrapped\\win64.o\\cs_server.exe",
            "creation_time_100ns": 134283109068279733
          },
          {
            "pid": 41548,
            "parent_pid": 27520,
            "parent_active_globally": false,
            "image_path": "D:\\Xilinx\\Vivado\\2023.1\\bin\\unwrapped\\win64.o\\cs_server.exe",
            "creation_time_100ns": 134283109067206576
          },
          {
            "pid": 43048,
            "parent_pid": 42520,
            "parent_active_globally": false,
            "image_path": "C:\\Windows\\System32\\conhost.exe",
            "creation_time_100ns": 134283109060347730
          }
        ]
      },
      {
        "classification": "EMPTY",
        "elapsed_seconds": 20.304004,
        "processes": []
      }
    ],
    "expected_tool_daemon_topology_revalidation_count": 187,
    "expected_tool_daemon_topology_monotonic": true,
    "expected_tool_daemon_topology_sample_elapsed_seconds": [
      4.7e-05,
      0.006121,
      0.116061,
      0.224611,
      0.331808,
      0.440018,
      0.549044,
      0.658039,
      0.766879,
      0.875231,
      0.987037,
      1.096732,
      1.204315,
      1.314249,
      1.42461,
      1.534166,
      1.642822,
      1.752265,
      1.861065,
      1.968426,
      2.077219,
      2.18573,
      2.294188,
      2.402883,
      2.512204,
      2.620388,
      2.729545,
      2.838364,
      2.94655,
      3.055096,
      3.163961,
      3.272683,
      3.379828,
      3.488197,
      3.596263,
      3.705247,
      3.813053,
      3.921816,
      4.030114,
      4.138811,
      4.245716,
      4.355125,
      4.464543,
      4.572498,
      4.680837,
      4.790692,
      4.898672,
      5.007556,
      5.115898,
      5.223486,
      5.33175,
      5.44049,
      5.550315,
      5.659185,
      5.7681,
      5.875328,
      5.988986,
      6.105143,
      6.228719,
      6.340535,
      6.451511,
      6.561947,
      6.669587,
      6.778374,
      6.885746,
      6.994559,
      7.103827,
      7.213185,
      7.321953,
      7.429884,
      7.540051,
      7.648815,
      7.767474,
      7.876596,
      7.984454,
      8.09364,
      8.203031,
      8.312646,
      8.420809,
      8.530203,
      8.642239,
      8.750088,
      8.856895,
      8.965656,
      9.073506,
      9.180041,
      9.289203,
      9.397903,
      9.506807,
      9.615619,
      9.72371,
      9.831465,
      9.939721,
      10.048476,
      10.157405,
      10.266815,
      10.38078,
      10.488085,
      10.596766,
      10.704923,
      10.813756,
      10.923421,
      11.032029,
      11.139966,
      11.248553,
      11.357163,
      11.466222,
      11.575098,
      11.682876,
      11.790541,
      11.899801,
      12.008427,
      12.115842,
      12.224182,
      12.333783,
      12.442637,
      12.551168,
      12.659504,
      12.768348,
      12.876733,
      12.98525,
      13.094386,
      13.201799,
      13.310677,
      13.420088,
      13.528131,
      13.637363,
      13.746184,
      13.854937,
      13.965339,
      14.07403,
      14.182262,
      14.289604,
      14.398814,
      14.507819,
      14.615743,
      14.724733,
      14.832908,
      14.94175,
      15.050563,
      15.158781,
      15.266943,
      15.375058,
      15.48349,
      15.591908,
      15.700421,
      15.809256,
      15.918047,
      16.026493,
      16.134806,
      16.243258,
      16.350822,
      16.45998,
      16.568521,
      16.677022,
      16.785595,
      16.895396,
      17.003779,
      17.111982,
      17.21849,
      17.327819,
      17.436679,
      17.545282,
      17.654598,
      17.76345,
      17.871791,
      17.97969,
      18.087714,
      18.196079,
      18.304475,
      18.413008,
      18.521866,
      18.631776,
      18.74051,
      18.847354,
      18.955281,
      19.063429,
      19.172251,
      19.279277,
      19.387682,
      19.496273,
      19.604344,
      19.71212,
      19.819284,
      19.927433,
      20.035507,
      20.143372,
      20.252995,
      20.304004
    ],
    "expected_tool_daemon_topology_max_sample_gap_seconds": 0.123576,
    "expected_tool_daemon_grace_elapsed_seconds": 20.304022,
    "expected_tool_daemon_hashes_verified": true,
    "expected_tool_daemon_sha256_by_role": {
      "cs_server": "9bf0e15ffe162a96679c14b8117cf8ebe8a47b8032bee4ab8cb0317c112df536",
      "rdi_xsdb": "3193d8c4e7115e82e5b4ea6c2eb1aa8a7566bd5a9f9c78e9d901b9eab9d4ebfc",
      "cmd": "75320a519959cc6d089ea3eba33c38caccb7f138a025ea439bc9686cdb79ded4",
      "conhost": "a93cbb36b9c02364be6a72817174c46f94b66715549f279c6592ed659d237911"
    },
    "expected_tool_daemon_hash_error": "",
    "expected_tool_daemon_prelaunch_hashes_verified": true,
    "expected_tool_daemon_prelaunch_sha256_by_role": {
      "cs_server": "9bf0e15ffe162a96679c14b8117cf8ebe8a47b8032bee4ab8cb0317c112df536",
      "rdi_xsdb": "3193d8c4e7115e82e5b4ea6c2eb1aa8a7566bd5a9f9c78e9d901b9eab9d4ebfc",
      "cmd": "75320a519959cc6d089ea3eba33c38caccb7f138a025ea439bc9686cdb79ded4",
      "conhost": "a93cbb36b9c02364be6a72817174c46f94b66715549f279c6592ed659d237911"
    },
    "expected_tool_daemon_prelaunch_hash_error": "",
    "expected_tool_daemon_postexit_hashes_verified": true,
    "expected_tool_daemon_postexit_sha256_by_role": {
      "cs_server": "9bf0e15ffe162a96679c14b8117cf8ebe8a47b8032bee4ab8cb0317c112df536",
      "rdi_xsdb": "3193d8c4e7115e82e5b4ea6c2eb1aa8a7566bd5a9f9c78e9d901b9eab9d4ebfc",
      "cmd": "75320a519959cc6d089ea3eba33c38caccb7f138a025ea439bc9686cdb79ded4",
      "conhost": "a93cbb36b9c02364be6a72817174c46f94b66715549f279c6592ed659d237911"
    },
    "expected_tool_daemon_postexit_hash_error": "",
    "expected_tool_daemon_topology_error": "",
    "expected_tool_daemon_topology_terminal_empty": true,
    "process_identity_query_retry_count": 0,
    "process_exit_race_recheck_count": 0,
    "process_identity_query_transient_errors": [],
    "containment_cleanup_attempted": false,
    "containment_cleanup_terminated": false,
    "process_exit_race_rechecked": false,
    "process_identity_query_retried": false,
    "containment_query_error": "",
    "launch_error": "",
    "attempted": true,
    "programming_attempted": true,
    "result_file": "C:\\Users\\user\\Documents\\RF_COMM_MULTILANE\\evidence\\hardware\\p7\\authorized_sequence\\p7_20260712_stationary_app_r23_diag_suffix62\\001_p7_safe_idle\\p7_shutdown_before_result.txt",
    "passed": true,
    "failures": []
  },
  "shutdown_after": {
    "name": "shutdown_after",
    "returncode": 0,
    "stdout_path": "C:\\Users\\user\\Documents\\RF_COMM_MULTILANE\\evidence\\hardware\\p7\\authorized_sequence\\p7_20260712_stationary_app_r23_diag_suffix62\\001_p7_safe_idle\\p7_shutdown_after.stdout.log",
    "stderr_path": "C:\\Users\\user\\Documents\\RF_COMM_MULTILANE\\evidence\\hardware\\p7\\authorized_sequence\\p7_20260712_stationary_app_r23_diag_suffix62\\001_p7_safe_idle\\p7_shutdown_after.stderr.log",
    "elapsed_seconds": 48.480873,
    "argv": [
      "D:\\Xilinx\\Vivado\\2023.1\\bin\\vivado.bat",
      "-mode",
      "batch",
      "-source",
      "C:\\Users\\user\\Documents\\RF_COMM_MULTILANE\\scripts\\hw\\p7_jtag_axi_transactions.tcl",
      "-tclargs",
      "C:\\Users\\user\\Documents\\RF_COMM_MULTILANE",
      "SHUTDOWN",
      "C:\\Users\\user\\Documents\\RF_COMM_MULTILANE\\.hardware_authorization\\p7_20260712_stationary_app_r23_diag_suffix62_001_p7_safe_idle.txt",
      "210512180081",
      "xc7z010clg400-1",
      "localhost:3121/xilinx_tcf/Digilent/210512180081",
      "localhost:3121",
      "1000000",
      "C:\\Users\\user\\Documents\\RF_COMM_MULTILANE\\shutdown_bitstream\\tfdu_shutdown_j10_j11.bit",
      "-",
      "-",
      "C:\\Users\\user\\Documents\\RF_COMM_MULTILANE\\evidence\\hardware\\p7\\authorized_sequence\\p7_20260712_stationary_app_r23_diag_suffix62\\001_p7_safe_idle\\p7_shutdown_after_result.txt",
      "0x43c00000",
      "1100000",
      "134217728",
      "90",
      "C:\\Users\\user\\Documents\\RF_COMM_MULTILANE\\shutdown_bitstream\\tfdu_shutdown_j10_j11.bit"
    ],
    "started_at_utc": "2026-07-12T06:23:16.164108+00:00",
    "ended_at_utc": "2026-07-12T06:24:04.644989+00:00",
    "timed_out": false,
    "abort_seen": false,
    "interrupted": false,
    "process_tree_terminated": false,
    "process_tree_reaped": true,
    "containment_kind": "WINDOWS_JOB_OBJECT_KILL_ON_CLOSE",
    "containment_assigned": true,
    "containment_closed": true,
    "descendant_count_after": 0,
    "expected_tool_daemon_grace_used": true,
    "expected_tool_daemon_grace_seconds": 30.0,
    "expected_tool_daemon_paths": [
      "D:\\Xilinx\\Vivado\\2023.1\\bin\\unwrapped\\win64.o\\cs_server.exe",
      "D:\\Xilinx\\Vivado\\2023.1\\bin\\unwrapped\\win64.o\\rdi_xsdb.exe",
      "C:\\Windows\\System32\\cmd.exe",
      "C:\\Windows\\System32\\conhost.exe"
    ],
    "descendant_paths_seen": [
      "D:\\Xilinx\\Vivado\\2023.1\\bin\\unwrapped\\win64.o\\cs_server.exe",
      "C:\\Windows\\System32\\cmd.exe",
      "D:\\Xilinx\\Vivado\\2023.1\\bin\\unwrapped\\win64.o\\rdi_xsdb.exe",
      "C:\\Windows\\System32\\conhost.exe",
      "D:\\Xilinx\\Vivado\\2023.1\\bin\\unwrapped\\win64.o\\cs_server.exe",
      "C:\\Windows\\System32\\conhost.exe"
    ],
    "descendant_processes_seen": [
      {
        "pid": 8248,
        "parent_pid": 37080,
        "parent_active_globally": false,
        "image_path": "D:\\Xilinx\\Vivado\\2023.1\\bin\\unwrapped\\win64.o\\cs_server.exe",
        "creation_time_100ns": 134283110048848533
      },
      {
        "pid": 8728,
        "parent_pid": 30396,
        "parent_active_globally": false,
        "image_path": "C:\\Windows\\System32\\cmd.exe",
        "creation_time_100ns": 134283110053908326
      },
      {
        "pid": 29028,
        "parent_pid": 8728,
        "parent_active_globally": true,
        "image_path": "D:\\Xilinx\\Vivado\\2023.1\\bin\\unwrapped\\win64.o\\rdi_xsdb.exe",
        "creation_time_100ns": 134283110056991752
      },
      {
        "pid": 39804,
        "parent_pid": 8728,
        "parent_active_globally": true,
        "image_path": "C:\\Windows\\System32\\conhost.exe",
        "creation_time_100ns": 134283110053968053
      },
      {
        "pid": 41628,
        "parent_pid": 8248,
        "parent_active_globally": true,
        "image_path": "D:\\Xilinx\\Vivado\\2023.1\\bin\\unwrapped\\win64.o\\cs_server.exe",
        "creation_time_100ns": 134283110049810493
      },
      {
        "pid": 46432,
        "parent_pid": 11988,
        "parent_active_globally": false,
        "image_path": "C:\\Windows\\System32\\conhost.exe",
        "creation_time_100ns": 134283110042134361
      }
    ],
    "expected_tool_daemon_classification": "EXACT_R2_VIVADO_EXIT_HELPER_FOREST",
    "expected_tool_daemon_topology_snapshots": [
      {
        "classification": "EXACT_R2_VIVADO_EXIT_HELPER_FOREST",
        "elapsed_seconds": 0.007274,
        "processes": [
          {
            "pid": 8248,
            "parent_pid": 37080,
            "parent_active_globally": false,
            "image_path": "D:\\Xilinx\\Vivado\\2023.1\\bin\\unwrapped\\win64.o\\cs_server.exe",
            "creation_time_100ns": 134283110048848533
          },
          {
            "pid": 8728,
            "parent_pid": 30396,
            "parent_active_globally": false,
            "image_path": "C:\\Windows\\System32\\cmd.exe",
            "creation_time_100ns": 134283110053908326
          },
          {
            "pid": 29028,
            "parent_pid": 8728,
            "parent_active_globally": true,
            "image_path": "D:\\Xilinx\\Vivado\\2023.1\\bin\\unwrapped\\win64.o\\rdi_xsdb.exe",
            "creation_time_100ns": 134283110056991752
          },
          {
            "pid": 39804,
            "parent_pid": 8728,
            "parent_active_globally": true,
            "image_path": "C:\\Windows\\System32\\conhost.exe",
            "creation_time_100ns": 134283110053968053
          },
          {
            "pid": 41628,
            "parent_pid": 8248,
            "parent_active_globally": true,
            "image_path": "D:\\Xilinx\\Vivado\\2023.1\\bin\\unwrapped\\win64.o\\cs_server.exe",
            "creation_time_100ns": 134283110049810493
          },
          {
            "pid": 46432,
            "parent_pid": 11988,
            "parent_active_globally": false,
            "image_path": "C:\\Windows\\System32\\conhost.exe",
            "creation_time_100ns": 134283110042134361
          }
        ]
      },
      {
        "classification": "STRICT_SHRINK_SUBSET_OF_EXACT_R2_VIVADO_EXIT_HELPER_FOREST",
        "elapsed_seconds": 19.080277,
        "processes": [
          {
            "pid": 8248,
            "parent_pid": 37080,
            "parent_active_globally": false,
            "image_path": "D:\\Xilinx\\Vivado\\2023.1\\bin\\unwrapped\\win64.o\\cs_server.exe",
            "creation_time_100ns": 134283110048848533
          },
          {
            "pid": 41628,
            "parent_pid": 8248,
            "parent_active_globally": true,
            "image_path": "D:\\Xilinx\\Vivado\\2023.1\\bin\\unwrapped\\win64.o\\cs_server.exe",
            "creation_time_100ns": 134283110049810493
          },
          {
            "pid": 46432,
            "parent_pid": 11988,
            "parent_active_globally": false,
            "image_path": "C:\\Windows\\System32\\conhost.exe",
            "creation_time_100ns": 134283110042134361
          }
        ]
      },
      {
        "classification": "EMPTY",
        "elapsed_seconds": 20.259076,
        "processes": []
      }
    ],
    "expected_tool_daemon_topology_revalidation_count": 187,
    "expected_tool_daemon_topology_monotonic": true,
    "expected_tool_daemon_topology_sample_elapsed_seconds": [
      4e-05,
      0.007274,
      0.116654,
      0.223808,
      0.332244,
      0.441372,
      0.550066,
      0.658482,
      0.766582,
      0.87316,
      0.982423,
      1.090787,
      1.199498,
      1.308127,
      1.416677,
      1.524048,
      1.632937,
      1.742276,
      1.850694,
      1.958922,
      2.068148,
      2.175364,
      2.283982,
      2.393184,
      2.502132,
      2.609352,
      2.718067,
      2.826653,
      2.934309,
      3.04297,
      3.151727,
      3.259444,
      3.368166,
      3.477297,
      3.585707,
      3.693885,
      3.800619,
      3.910082,
      4.018771,
      4.126392,
      4.234433,
      4.34262,
      4.451488,
      4.559012,
      4.667586,
      4.776824,
      4.885666,
      4.994038,
      5.101128,
      5.210181,
      5.318186,
      5.426823,
      5.534414,
      5.642514,
      5.75107,
      5.859879,
      5.971947,
      6.080752,
      6.188465,
      6.296624,
      6.405118,
      6.51383,
      6.622676,
      6.731383,
      6.840052,
      6.948681,
      7.055969,
      7.163149,
      7.272483,
      7.380943,
      7.490014,
      7.597595,
      7.705961,
      7.812729,
      7.921803,
      8.029759,
      8.138243,
      8.246326,
      8.355007,
      8.463667,
      8.572315,
      8.680333,
      8.788163,
      8.896206,
      9.004512,
      9.113818,
      9.222703,
      9.332041,
      9.439795,
      9.548123,
      9.656326,
      9.764212,
      9.871774,
      9.978837,
      10.087183,
      10.196012,
      10.303648,
      10.411813,
      10.519815,
      10.628494,
      10.737054,
      10.845647,
      10.953105,
      11.06198,
      11.171055,
      11.279163,
      11.388263,
      11.49677,
      11.604377,
      11.712269,
      11.820859,
      11.929511,
      12.039359,
      12.148065,
      12.254869,
      12.362885,
      12.471308,
      12.579892,
      12.68834,
      12.79697,
      12.904417,
      13.012976,
      13.121613,
      13.229474,
      13.338154,
      13.447092,
      13.554715,
      13.662514,
      13.769292,
      13.876306,
      13.984786,
      14.093786,
      14.202735,
      14.310792,
      14.418891,
      14.527151,
      14.635973,
      14.744426,
      14.853503,
      14.962385,
      15.068963,
      15.177381,
      15.288872,
      15.398493,
      15.507095,
      15.615636,
      15.724068,
      15.832681,
      15.942056,
      16.049907,
      16.156202,
      16.264767,
      16.373833,
      16.481112,
      16.590087,
      16.698449,
      16.806241,
      16.915004,
      17.022925,
      17.130714,
      17.239214,
      17.347923,
      17.456354,
      17.565138,
      17.673557,
      17.780601,
      17.888681,
      17.99734,
      18.106004,
      18.214139,
      18.323244,
      18.431508,
      18.539308,
      18.647897,
      18.754715,
      18.863538,
      18.971985,
      19.080277,
      19.188153,
      19.295534,
      19.402514,
      19.510676,
      19.618472,
      19.726062,
      19.833579,
      19.941432,
      20.049054,
      20.15774,
      20.259076
    ],
    "expected_tool_daemon_topology_max_sample_gap_seconds": 0.112068,
    "expected_tool_daemon_grace_elapsed_seconds": 20.259093,
    "expected_tool_daemon_hashes_verified": true,
    "expected_tool_daemon_sha256_by_role": {
      "cs_server": "9bf0e15ffe162a96679c14b8117cf8ebe8a47b8032bee4ab8cb0317c112df536",
      "rdi_xsdb": "3193d8c4e7115e82e5b4ea6c2eb1aa8a7566bd5a9f9c78e9d901b9eab9d4ebfc",
      "cmd": "75320a519959cc6d089ea3eba33c38caccb7f138a025ea439bc9686cdb79ded4",
      "conhost": "a93cbb36b9c02364be6a72817174c46f94b66715549f279c6592ed659d237911"
    },
    "expected_tool_daemon_hash_error": "",
    "expected_tool_daemon_prelaunch_hashes_verified": true,
    "expected_tool_daemon_prelaunch_sha256_by_role": {
      "cs_server": "9bf0e15ffe162a96679c14b8117cf8ebe8a47b8032bee4ab8cb0317c112df536",
      "rdi_xsdb": "3193d8c4e7115e82e5b4ea6c2eb1aa8a7566bd5a9f9c78e9d901b9eab9d4ebfc",
      "cmd": "75320a519959cc6d089ea3eba33c38caccb7f138a025ea439bc9686cdb79ded4",
      "conhost": "a93cbb36b9c02364be6a72817174c46f94b66715549f279c6592ed659d237911"
    },
    "expected_tool_daemon_prelaunch_hash_error": "",
    "expected_tool_daemon_postexit_hashes_verified": true,
    "expected_tool_daemon_postexit_sha256_by_role": {
      "cs_server": "9bf0e15ffe162a96679c14b8117cf8ebe8a47b8032bee4ab8cb0317c112df536",
      "rdi_xsdb": "3193d8c4e7115e82e5b4ea6c2eb1aa8a7566bd5a9f9c78e9d901b9eab9d4ebfc",
      "cmd": "75320a519959cc6d089ea3eba33c38caccb7f138a025ea439bc9686cdb79ded4",
      "conhost": "a93cbb36b9c02364be6a72817174c46f94b66715549f279c6592ed659d237911"
    },
    "expected_tool_daemon_postexit_hash_error": "",
    "expected_tool_daemon_topology_error": "",
    "expected_tool_daemon_topology_terminal_empty": true,
    "process_identity_query_retry_count": 0,
    "process_exit_race_recheck_count": 0,
    "process_identity_query_transient_errors": [],
    "containment_cleanup_attempted": false,
    "containment_cleanup_terminated": false,
    "process_exit_race_rechecked": false,
    "process_identity_query_retried": false,
    "containment_query_error": "",
    "launch_error": "",
    "passed": true,
    "failures": [],
    "attempted": true,
    "programming_attempted": true,
    "result_file": "C:\\Users\\user\\Documents\\RF_COMM_MULTILANE\\evidence\\hardware\\p7\\authorized_sequence\\p7_20260712_stationary_app_r23_diag_suffix62\\001_p7_safe_idle\\p7_shutdown_after_result.txt"
  },
  "stage_process": {
    "name": "jtag_axi_stage",
    "returncode": 0,
    "stdout_path": "C:\\Users\\user\\Documents\\RF_COMM_MULTILANE\\evidence\\hardware\\p7\\authorized_sequence\\p7_20260712_stationary_app_r23_diag_suffix62\\001_p7_safe_idle\\p7_jtag_axi_stage.stdout.log",
    "stderr_path": "C:\\Users\\user\\Documents\\RF_COMM_MULTILANE\\evidence\\hardware\\p7\\authorized_sequence\\p7_20260712_stationary_app_r23_diag_suffix62\\001_p7_safe_idle\\p7_jtag_axi_stage.stderr.log",
    "elapsed_seconds": 49.657386,
    "argv": [
      "D:\\Xilinx\\Vivado\\2023.1\\bin\\vivado.bat",
      "-mode",
      "batch",
      "-source",
      "C:\\Users\\user\\Documents\\RF_COMM_MULTILANE\\scripts\\hw\\p7_jtag_axi_transactions.tcl",
      "-tclargs",
      "C:\\Users\\user\\Documents\\RF_COMM_MULTILANE",
      "STAGE",
      "C:\\Users\\user\\Documents\\RF_COMM_MULTILANE\\.hardware_authorization\\p7_20260712_stationary_app_r23_diag_suffix62_001_p7_safe_idle.txt",
      "210512180081",
      "xc7z010clg400-1",
      "localhost:3121/xilinx_tcf/Digilent/210512180081",
      "localhost:3121",
      "1000000",
      "C:\\Users\\user\\Documents\\RF_COMM_MULTILANE\\evidence\\hardware\\p6\\bitstreams\\p6_jtag_dynamic_transport_798b0194029638fa27a254dd58db5d6fd28b65d91c5cf2c9e32c0f9076ee3c0f.bit",
      "C:\\Users\\user\\Documents\\RF_COMM_MULTILANE\\evidence\\hardware\\p6\\bitstreams\\p6_jtag_dynamic_transport_76fe1ec47871946a7d357b0caa1f669500de827b796d6154dcc54678e0ac7083.ltx",
      "C:\\Users\\user\\Documents\\RF_COMM_MULTILANE\\build\\p7_authorized_sequence\\p7_20260712_stationary_app_r23_diag_suffix62\\transactions\\001_p7_safe_idle.transactions.txt",
      "C:\\Users\\user\\Documents\\RF_COMM_MULTILANE\\evidence\\hardware\\p7\\authorized_sequence\\p7_20260712_stationary_app_r23_diag_suffix62\\001_p7_safe_idle\\p7_jtag_axi_raw_result.txt",
      "0x43c00000",
      "1100000",
      "134217728",
      "90",
      "C:\\Users\\user\\Documents\\RF_COMM_MULTILANE\\shutdown_bitstream\\tfdu_shutdown_j10_j11.bit"
    ],
    "started_at_utc": "2026-07-12T06:22:26.488532+00:00",
    "ended_at_utc": "2026-07-12T06:23:16.145925+00:00",
    "timed_out": false,
    "abort_seen": false,
    "interrupted": false,
    "process_tree_terminated": false,
    "process_tree_reaped": true,
    "containment_kind": "WINDOWS_JOB_OBJECT_KILL_ON_CLOSE",
    "containment_assigned": true,
    "containment_closed": true,
    "descendant_count_after": 0,
    "expected_tool_daemon_grace_used": true,
    "expected_tool_daemon_grace_seconds": 30.0,
    "expected_tool_daemon_paths": [
      "D:\\Xilinx\\Vivado\\2023.1\\bin\\unwrapped\\win64.o\\cs_server.exe",
      "D:\\Xilinx\\Vivado\\2023.1\\bin\\unwrapped\\win64.o\\rdi_xsdb.exe",
      "C:\\Windows\\System32\\cmd.exe",
      "C:\\Windows\\System32\\conhost.exe"
    ],
    "descendant_paths_seen": [
      "C:\\Windows\\System32\\conhost.exe",
      "D:\\Xilinx\\Vivado\\2023.1\\bin\\unwrapped\\win64.o\\cs_server.exe",
      "C:\\Windows\\System32\\cmd.exe",
      "D:\\Xilinx\\Vivado\\2023.1\\bin\\unwrapped\\win64.o\\rdi_xsdb.exe",
      "C:\\Windows\\System32\\conhost.exe",
      "D:\\Xilinx\\Vivado\\2023.1\\bin\\unwrapped\\win64.o\\cs_server.exe"
    ],
    "descendant_processes_seen": [
      {
        "pid": 1336,
        "parent_pid": 21712,
        "parent_active_globally": false,
        "image_path": "C:\\Windows\\System32\\conhost.exe",
        "creation_time_100ns": 134283109545799270
      },
      {
        "pid": 11776,
        "parent_pid": 35776,
        "parent_active_globally": true,
        "image_path": "D:\\Xilinx\\Vivado\\2023.1\\bin\\unwrapped\\win64.o\\cs_server.exe",
        "creation_time_100ns": 134283109554616963
      },
      {
        "pid": 18916,
        "parent_pid": 19000,
        "parent_active_globally": false,
        "image_path": "C:\\Windows\\System32\\cmd.exe",
        "creation_time_100ns": 134283109559415099
      },
      {
        "pid": 24224,
        "parent_pid": 18916,
        "parent_active_globally": true,
        "image_path": "D:\\Xilinx\\Vivado\\2023.1\\bin\\unwrapped\\win64.o\\rdi_xsdb.exe",
        "creation_time_100ns": 134283109562685601
      },
      {
        "pid": 32464,
        "parent_pid": 18916,
        "parent_active_globally": true,
        "image_path": "C:\\Windows\\System32\\conhost.exe",
        "creation_time_100ns": 134283109559472773
      },
      {
        "pid": 35776,
        "parent_pid": 22984,
        "parent_active_globally": false,
        "image_path": "D:\\Xilinx\\Vivado\\2023.1\\bin\\unwrapped\\win64.o\\cs_server.exe",
        "creation_time_100ns": 134283109553612305
      }
    ],
    "expected_tool_daemon_classification": "EXACT_R2_VIVADO_EXIT_HELPER_FOREST",
    "expected_tool_daemon_topology_snapshots": [
      {
        "classification": "EXACT_R2_VIVADO_EXIT_HELPER_FOREST",
        "elapsed_seconds": 0.007297,
        "processes": [
          {
            "pid": 1336,
            "parent_pid": 21712,
            "parent_active_globally": false,
            "image_path": "C:\\Windows\\System32\\conhost.exe",
            "creation_time_100ns": 134283109545799270
          },
          {
            "pid": 11776,
            "parent_pid": 35776,
            "parent_active_globally": true,
            "image_path": "D:\\Xilinx\\Vivado\\2023.1\\bin\\unwrapped\\win64.o\\cs_server.exe",
            "creation_time_100ns": 134283109554616963
          },
          {
            "pid": 18916,
            "parent_pid": 19000,
            "parent_active_globally": false,
            "image_path": "C:\\Windows\\System32\\cmd.exe",
            "creation_time_100ns": 134283109559415099
          },
          {
            "pid": 24224,
            "parent_pid": 18916,
            "parent_active_globally": true,
            "image_path": "D:\\Xilinx\\Vivado\\2023.1\\bin\\unwrapped\\win64.o\\rdi_xsdb.exe",
            "creation_time_100ns": 134283109562685601
          },
          {
            "pid": 32464,
            "parent_pid": 18916,
            "parent_active_globally": true,
            "image_path": "C:\\Windows\\System32\\conhost.exe",
            "creation_time_100ns": 134283109559472773
          },
          {
            "pid": 35776,
            "parent_pid": 22984,
            "parent_active_globally": false,
            "image_path": "D:\\Xilinx\\Vivado\\2023.1\\bin\\unwrapped\\win64.o\\cs_server.exe",
            "creation_time_100ns": 134283109553612305
          }
        ]
      },
      {
        "classification": "STRICT_SHRINK_SUBSET_OF_EXACT_R2_VIVADO_EXIT_HELPER_FOREST",
        "elapsed_seconds": 19.796018,
        "processes": [
          {
            "pid": 1336,
            "parent_pid": 21712,
            "parent_active_globally": false,
            "image_path": "C:\\Windows\\System32\\conhost.exe",
            "creation_time_100ns": 134283109545799270
          },
          {
            "pid": 11776,
            "parent_pid": 35776,
            "parent_active_globally": true,
            "image_path": "D:\\Xilinx\\Vivado\\2023.1\\bin\\unwrapped\\win64.o\\cs_server.exe",
            "creation_time_100ns": 134283109554616963
          },
          {
            "pid": 35776,
            "parent_pid": 22984,
            "parent_active_globally": false,
            "image_path": "D:\\Xilinx\\Vivado\\2023.1\\bin\\unwrapped\\win64.o\\cs_server.exe",
            "creation_time_100ns": 134283109553612305
          }
        ]
      },
      {
        "classification": "STRICT_SHRINK_SUBSET_OF_EXACT_R2_VIVADO_EXIT_HELPER_FOREST",
        "elapsed_seconds": 20.875495,
        "processes": [
          {
            "pid": 1336,
            "parent_pid": 21712,
            "parent_active_globally": false,
            "image_path": "C:\\Windows\\System32\\conhost.exe",
            "creation_time_100ns": 134283109545799270
          },
          {
            "pid": 35776,
            "parent_pid": 22984,
            "parent_active_globally": false,
            "image_path": "D:\\Xilinx\\Vivado\\2023.1\\bin\\unwrapped\\win64.o\\cs_server.exe",
            "creation_time_100ns": 134283109553612305
          }
        ]
      },
      {
        "classification": "EMPTY",
        "elapsed_seconds": 20.926411,
        "processes": []
      }
    ],
    "expected_tool_daemon_topology_revalidation_count": 193,
    "expected_tool_daemon_topology_monotonic": true,
    "expected_tool_daemon_topology_sample_elapsed_seconds": [
      3.8e-05,
      0.007297,
      0.116567,
      0.225517,
      0.33479,
      0.443021,
      0.551664,
      0.660694,
      0.76953,
      0.878159,
      0.986897,
      1.094562,
      1.203908,
      1.312152,
      1.421132,
      1.530174,
      1.638342,
      1.74677,
      1.85549,
      1.964107,
      2.073361,
      2.182209,
      2.29056,
      2.399474,
      2.508154,
      2.615628,
      2.722911,
      2.831616,
      2.943313,
      3.051691,
      3.159455,
      3.267651,
      3.375083,
      3.483581,
      3.592332,
      3.700034,
      3.807421,
      3.915935,
      4.023466,
      4.132483,
      4.240563,
      4.347561,
      4.456517,
      4.571883,
      4.695771,
      4.810128,
      4.926022,
      5.035591,
      5.144216,
      5.252505,
      5.361243,
      5.470248,
      5.57916,
      5.689241,
      5.798113,
      5.907235,
      6.016777,
      6.136161,
      6.245014,
      6.35497,
      6.463745,
      6.571541,
      6.679967,
      6.790505,
      6.899492,
      7.007771,
      7.116735,
      7.225567,
      7.334497,
      7.444158,
      7.552408,
      7.661234,
      7.770175,
      7.879074,
      7.986917,
      8.095909,
      8.204344,
      8.313542,
      8.421919,
      8.528339,
      8.637381,
      8.746039,
      8.853394,
      8.961139,
      9.069676,
      9.178842,
      9.288065,
      9.396395,
      9.502982,
      9.611911,
      9.719981,
      9.826976,
      9.935393,
      10.04373,
      10.152512,
      10.260688,
      10.369171,
      10.477871,
      10.586717,
      10.695617,
      10.803863,
      10.911741,
      11.019732,
      11.128378,
      11.237856,
      11.347056,
      11.454881,
      11.562731,
      11.671022,
      11.779294,
      11.887592,
      11.995709,
      12.104535,
      12.212663,
      12.321462,
      12.430296,
      12.53916,
      12.647312,
      12.755194,
      12.86306,
      12.971396,
      13.079799,
      13.188338,
      13.297203,
      13.405694,
      13.514197,
      13.621945,
      13.730053,
      13.838,
      13.947129,
      14.055563,
      14.164158,
      14.271156,
      14.379225,
      14.487612,
      14.596234,
      14.70484,
      14.812942,
      14.91959,
      15.027407,
      15.135899,
      15.243812,
      15.35253,
      15.460962,
      15.570012,
      15.679332,
      15.788389,
      15.896864,
      16.00424,
      16.11177,
      16.219989,
      16.327803,
      16.435425,
      16.543621,
      16.651776,
      16.760045,
      16.868124,
      16.976241,
      17.085226,
      17.193726,
      17.303681,
      17.412391,
      17.519148,
      17.627656,
      17.735774,
      17.844553,
      17.952933,
      18.060994,
      18.169322,
      18.277526,
      18.386088,
      18.494673,
      18.603642,
      18.712238,
      18.820777,
      18.929477,
      19.037365,
      19.145403,
      19.253946,
      19.362467,
      19.471005,
      19.579441,
      19.687524,
      19.796018,
      19.904037,
      20.012448,
      20.120963,
      20.228547,
      20.334889,
      20.443437,
      20.551728,
      20.659112,
      20.767047,
      20.875495,
      20.926411
    ],
    "expected_tool_daemon_topology_max_sample_gap_seconds": 0.123888,
    "expected_tool_daemon_grace_elapsed_seconds": 20.926427,
    "expected_tool_daemon_hashes_verified": true,
    "expected_tool_daemon_sha256_by_role": {
      "cs_server": "9bf0e15ffe162a96679c14b8117cf8ebe8a47b8032bee4ab8cb0317c112df536",
      "rdi_xsdb": "3193d8c4e7115e82e5b4ea6c2eb1aa8a7566bd5a9f9c78e9d901b9eab9d4ebfc",
      "cmd": "75320a519959cc6d089ea3eba33c38caccb7f138a025ea439bc9686cdb79ded4",
      "conhost": "a93cbb36b9c02364be6a72817174c46f94b66715549f279c6592ed659d237911"
    },
    "expected_tool_daemon_hash_error": "",
    "expected_tool_daemon_prelaunch_hashes_verified": true,
    "expected_tool_daemon_prelaunch_sha256_by_role": {
      "cs_server": "9bf0e15ffe162a96679c14b8117cf8ebe8a47b8032bee4ab8cb0317c112df536",
      "rdi_xsdb": "3193d8c4e7115e82e5b4ea6c2eb1aa8a7566bd5a9f9c78e9d901b9eab9d4ebfc",
      "cmd": "75320a519959cc6d089ea3eba33c38caccb7f138a025ea439bc9686cdb79ded4",
      "conhost": "a93cbb36b9c02364be6a72817174c46f94b66715549f279c6592ed659d237911"
    },
    "expected_tool_daemon_prelaunch_hash_error": "",
    "expected_tool_daemon_postexit_hashes_verified": true,
    "expected_tool_daemon_postexit_sha256_by_role": {
      "cs_server": "9bf0e15ffe162a96679c14b8117cf8ebe8a47b8032bee4ab8cb0317c112df536",
      "rdi_xsdb": "3193d8c4e7115e82e5b4ea6c2eb1aa8a7566bd5a9f9c78e9d901b9eab9d4ebfc",
      "cmd": "75320a519959cc6d089ea3eba33c38caccb7f138a025ea439bc9686cdb79ded4",
      "conhost": "a93cbb36b9c02364be6a72817174c46f94b66715549f279c6592ed659d237911"
    },
    "expected_tool_daemon_postexit_hash_error": "",
    "expected_tool_daemon_topology_error": "",
    "expected_tool_daemon_topology_terminal_empty": true,
    "process_identity_query_retry_count": 0,
    "process_exit_race_recheck_count": 0,
    "process_identity_query_transient_errors": [],
    "containment_cleanup_attempted": false,
    "containment_cleanup_terminated": false,
    "process_exit_race_rechecked": false,
    "process_identity_query_retried": false,
    "containment_query_error": "",
    "launch_error": "",
    "passed": true,
    "failures": [],
    "result_file": "C:\\Users\\user\\Documents\\RF_COMM_MULTILANE\\evidence\\hardware\\p7\\authorized_sequence\\p7_20260712_stationary_app_r23_diag_suffix62\\001_p7_safe_idle\\p7_jtag_axi_raw_result.txt"
  },
  "stage_result_markers": {
    "P7_HW_TARGET": "localhost:3121/xilinx_tcf/Digilent/210512180081",
    "P7_HW_DEVICE": "xc7z010_1",
    "P7_HW_PART": "xc7z010clg400-1",
    "P7_HW_IDCODE": "00010011011100100010000010010011",
    "P7_HW_CANONICAL_PART": "xc7z010clg400-1",
    "P7_HW_LIVE_PART": "xc7z010",
    "P7_HW_LIVE_DEVICE": "xc7z010_1",
    "P7_HW_LIVE_IDCODE": "00010011011100100010000010010011",
    "P7_CANDIDATE_PROGRAMMED": "1",
    "P7_HW_AXI": "hw_axi_1",
    "P7_TXN_META_EVIDENCE_KIND": "safe_idle",
    "SAFE_STATUS": "00000000",
    "SAFE_TX_COUNT": "00000000",
    "SAFE_RX_GOOD_L0": "00000000",
    "SAFE_RX_GOOD_L1": "00000000",
    "SAFE_CRC_BAD": "00000000",
    "SAFE_PAYLOAD_MISMATCH": "00000000",
    "SAFE_RETRY_EXHAUSTED": "00000000",
    "SAFE_TX_FAIL": "00000000",
    "SAFE_TXD_HIGH_MAX": "00000000",
    "SAFE_DUTY_VIOLATION": "00000000",
    "SAFE_ERROR_CODE": "00000000",
    "SAFE_STICKY_ERROR": "00000000",
    "P7_TCL_PROGRAMMING_ATTEMPTED": "1",
    "P7_TRANSACTION_COUNT": "13",
    "P7_JTAG_AXI_TRANSACTIONS": "PASS",
    "P7_JTAG_STAGE_RESULT": "PASS"
  },
  "child_reaped_before_shutdown_after": true,
  "backend_parse": {
    "passed": true,
    "semantic_mode": "safe-idle",
    "summary_file": "C:\\Users\\user\\Documents\\RF_COMM_MULTILANE\\evidence\\hardware\\p7\\authorized_sequence\\p7_20260712_stationary_app_r23_diag_suffix62\\001_p7_safe_idle\\p7_safe_idle_parse_summary.json",
    "summary_sha256": "3991bcae4b2f298c8be2154c634b5180d1751df472c7cdece3aa168622e6c8d7",
    "required_values": {
      "SAFE_CRC_BAD": "0x00000000",
      "SAFE_DUTY_VIOLATION": "0x00000000",
      "SAFE_ERROR_CODE": "0x00000000",
      "SAFE_PAYLOAD_MISMATCH": "0x00000000",
      "SAFE_RETRY_EXHAUSTED": "0x00000000",
      "SAFE_RX_GOOD_L0": "0x00000000",
      "SAFE_RX_GOOD_L1": "0x00000000",
      "SAFE_STATUS": "0x00000000",
      "SAFE_STICKY_ERROR": "0x00000000",
      "SAFE_TXD_HIGH_MAX": "0x00000000",
      "SAFE_TX_COUNT": "0x00000000",
      "SAFE_TX_FAIL": "0x00000000"
    },
    "raw_log_bound_to_this_hardware_process": true
  },
  "internal_error": "",
  "stage_failures": [],
  "backend_parse_failure": "",
  "global_runtime": {
    "elapsed_seconds": 178.212461,
    "authorized_max_seconds": 600,
    "within_authorized_limit": true
  },
  "reason": "authorized non-transmitting safe-idle checks and both shutdown barriers passed"
}
