{
  "P7_PS_APPLICATION_SAFE_STAGE": "FAIL_STAGE",
  "generated_at_utc": "2026-07-12T06:33:06.273466+00:00",
  "mode": "functional",
  "stage_name": "p7_ps_functional",
  "requested_execute_hardware": true,
  "hardware_actions_executed": true,
  "programmed_fpga": true,
  "programmed_candidate": true,
  "started_ps_elf": true,
  "programmed_shutdown_before": true,
  "programmed_shutdown_after": true,
  "drove_tfdu_txd": true,
  "enabled_tfdu_receiver": true,
  "uart_access": false,
  "network_used": false,
  "ethernet_used": false,
  "motion_used": false,
  "HARDWARE_ACCEPTANCE": "PENDING_HW",
  "service_runtime_limit_sec": 900,
  "wrapper_wall_budget": {
    "model": "bounded_xsdb_process_timeout",
    "service_active_window_seconds": 900,
    "stationary_active_window_is_not_extended": false,
    "candidate_process_bound_seconds": 1020,
    "preflight_timeout_seconds": 60,
    "shutdown_timeout_seconds_each": 60,
    "vivado_process_count": 3,
    "vivado_success_containment_window_seconds_each": 30,
    "vivado_failure_containment_window_seconds_each": 40,
    "vivado_containment_allowance_seconds": 90,
    "xsdb_process_count": 1,
    "xsdb_empty_proof_allowance_seconds_each": 1,
    "xsdb_containment_allowance_seconds": 1,
    "max_forced_cleanup_events": 2,
    "forced_cleanup_wait_seconds_each": 10,
    "forced_cleanup_reserve_seconds": 20,
    "outer_orchestration_guard_seconds": 120,
    "minimum_outer_wrapper_timeout_seconds": 1431
  },
  "safety_validation": {
    "P7_HARDWARE_SAFETY": "PASS",
    "ready_for_hardware_preflight": true,
    "hardware_actions_executed": false,
    "programmed_fpga": false,
    "drove_tfdu_txd": false,
    "started_ps_elf": false,
    "authorization_environment_present": true,
    "authorization": {
      "exists": true,
      "path": "C:\\Users\\user\\Documents\\RF_COMM_MULTILANE\\.hardware_authorization\\p7_20260712_stationary_app_r23_diag_suffix62_062_p7_ps_functional.txt",
      "actual_sha256": "0f39f9f0c35dcfddd16e832e073a60c47854457d00c3b1ea592c3086e358b305",
      "expected_sha256": "0f39f9f0c35dcfddd16e832e073a60c47854457d00c3b1ea592c3086e358b305",
      "markers": [
        "P7_STATIONARY_APP_LAYER_APPROVED"
      ],
      "duplicate_keys": []
    },
    "authorization_fields": {
      "AUTHORIZED_STAGE": "P7_STATIONARY_LOCAL_APPLICATION_LAYER_NO_ETHERNET",
      "USER_HARDWARE_AUTHORIZATION_FOR_P7": "GRANTED",
      "BOARD_ID": "210512180081",
      "EXPECTED_PART": "xc7z010clg400-1",
      "EXPECTED_TARGET": "localhost:3121/xilinx_tcf/Digilent/210512180081",
      "SOURCE_COMMIT": "f9a3d34641c2aabd08d88e84070e2a1e98ccef79",
      "MAX_RUNTIME_SEC": "900",
      "SHUTDOWN_ON_EXIT": "required",
      "NO_ETHERNET": "true",
      "NO_MOTION": "true",
      "LANE_COUNT": "2",
      "MAX_LANE_MASK": "0x3",
      "P7_EXECUTION_MODE": "DIAGNOSTIC_ONLY",
      "P7_COVERAGE_CLAIMED": "false",
      "HARDWARE_ACCEPTANCE": "PENDING_HW",
      "P7_FULL_STAGE_ORDINAL": "62",
      "P7_PLAN_PATH": "C:\\Users\\user\\Documents\\RF_COMM_MULTILANE\\evidence\\hardware\\p7\\artifacts\\p7_plan_c6db9d8348c3bc518fa5985595adfcdada1a08f11c9246c6103ec378b43b58dd.md",
      "P7_PLAN_SHA256": "c6db9d8348c3bc518fa5985595adfcdada1a08f11c9246c6103ec378b43b58dd",
      "BITSTREAM_PATH": "C:\\Users\\user\\Documents\\RF_COMM_MULTILANE\\evidence\\hardware\\p6\\bitstreams\\p6_ps_dynamic_transport_34cdf1c1f7c36595760cc56ae6636209fa64f9b0eebad4d145a4ed5763f23249.bit",
      "BITSTREAM_SHA256": "34cdf1c1f7c36595760cc56ae6636209fa64f9b0eebad4d145a4ed5763f23249",
      "XSA_PATH": "C:\\Users\\user\\Documents\\RF_COMM_MULTILANE\\evidence\\hardware\\p6\\bitstreams\\p6_ps_dynamic_transport_b5d1174eb46d12eb395ceabbbea3c132c5771ca6777194138e68c2eacb2e4fc9.xsa",
      "XSA_SHA256": "b5d1174eb46d12eb395ceabbbea3c132c5771ca6777194138e68c2eacb2e4fc9",
      "ELF_PATH": "C:\\Users\\user\\Documents\\RF_COMM_MULTILANE\\evidence\\hardware\\p7\\artifacts\\p7_runtime_14450369d4c6cbe27899bc69f210278e3b2076573e0122859d266fe63cc8e0ce.elf",
      "ELF_SHA256": "14450369d4c6cbe27899bc69f210278e3b2076573e0122859d266fe63cc8e0ce",
      "PROFILE_PATH": "C:\\Users\\user\\Documents\\RF_COMM_MULTILANE\\profiles\\p7\\p7_ps_application_functional.json",
      "PROFILE_SHA256": "eb0192a27d115a5b70730746982e16b954ed754f8e1a57961091a31c4d6afcd0",
      "ACTIVE_XDC_PATH": "C:\\Users\\user\\Documents\\RF_COMM_MULTILANE\\constraints\\active\\PORT1.generated.xdc",
      "ACTIVE_XDC_SHA256": "cf23a0d34a2fa76521faf4c91f3858cff2117fa6020d302d1a6109f10254f990",
      "PINMAP_PATH": "C:\\Users\\user\\Documents\\RF_COMM_MULTILANE\\board_profiles\\ax7010_tfdu_j10_j11_pinmap.csv",
      "PINMAP_SHA256": "4c7d5f0836a2ab48df7672e00f99455e582fbf477b04ed2b3b44ef38506a8a6a",
      "REGISTER_MAP_PATH": "C:\\Users\\user\\Documents\\RF_COMM_MULTILANE\\config\\register_map\\ir_axi_regs.yaml",
      "REGISTER_MAP_SHA256": "d5b0bf1476d815a3ed69988c72097827356d4eade48813c8913fc1b2d448983d",
      "SHUTDOWN_BITSTREAM_PATH": "C:\\Users\\user\\Documents\\RF_COMM_MULTILANE\\shutdown_bitstream\\tfdu_shutdown_j10_j11.bit",
      "SHUTDOWN_BITSTREAM_SHA256": "bac60b58912f0acd771dc830a6761535ec8f6a92befb1ae4cb7d928745af5810",
      "PS7_INIT_PATH": "C:\\Users\\user\\Documents\\RF_COMM_MULTILANE\\build\\p7_ps_vitis_workspace\\p7_platform\\hw\\ps7_init.tcl",
      "PS7_INIT_SHA256": "84e478d79c0b7bfe6dfc45a5a99ab850c30c7db11d8fec1dae064133dd64b448",
      "P6_PS_BUILD_SUMMARY_PATH": "C:\\Users\\user\\Documents\\RF_COMM_MULTILANE\\evidence\\generated\\vivado\\p6_ps_candidate\\p6_ps_candidate_build_summary.json",
      "P6_PS_BUILD_SUMMARY_SHA256": "49dca997225eaf339681d7b83e9d3418a7c00c17736002174edc4f78fe086f72",
      "P7_PS_BUILD_SUMMARY_PATH": "C:\\Users\\user\\Documents\\RF_COMM_MULTILANE\\evidence\\generated\\vitis\\p7_ps_runtime\\p7_ps_runtime_build_summary.json",
      "P7_PS_BUILD_SUMMARY_SHA256": "a63c7a3594e749ec8f2e7ff00f99d2b76a255d0f8fb395228e149f59b3202e44",
      "P7_PS_CORE_READINESS_PATH": "C:\\Users\\user\\Documents\\RF_COMM_MULTILANE\\evidence\\generated\\p7_ps_core_hardware_readiness.json",
      "P7_PS_CORE_READINESS_SHA256": "ef8a90d0bca14b29f638072cd076cb0aa79c210577be9c479cc1d55379655b2a",
      "ACTIVE_PROFILE_PATH": "C:\\Users\\user\\Documents\\RF_COMM_MULTILANE\\board_profiles\\ACTIVE_PROFILE.json",
      "ACTIVE_PROFILE_SHA256": "f6fb603f20dced9eaebb3aaaaa8f492931a28cb6466c7511f797341bf41b1b9b",
      "P7_LANE1_PROMOTION_SUMMARY_PATH": "C:\\Users\\user\\Documents\\RF_COMM_MULTILANE\\evidence\\generated\\p7_lane1_promotion_summary.json",
      "P7_LANE1_PROMOTION_SUMMARY_SHA256": "834b96a22874f3d55a217fa7728180bbe5d170ec7e09f8f85e892020c6830938",
      "P7_INPUT_PATH": "C:\\Users\\user\\Documents\\RF_COMM_MULTILANE\\build\\p7_authorized_sequence\\p7_20260712_stationary_app_r23_diag_suffix62\\inputs\\p7_ps_seed_247.bin",
      "P7_INPUT_SHA256": "49b1170cf0b069be048c0a2674829870fcb89eebe0618ef45a0b01d3da533093",
      "P7_PS_MODE": "functional",
      "P7_PS_CORE_READINESS": "PASS",
      "P7_FROZEN_SHUTDOWN_PATH": "C:\\Users\\user\\Documents\\RF_COMM_MULTILANE\\evidence\\hardware\\p7\\shutdown\\p7_frozen_shutdown_bac60b58912f0acd771dc830a6761535ec8f6a92befb1ae4cb7d928745af5810.bit",
      "P7_FROZEN_SHUTDOWN_SHA256": "bac60b58912f0acd771dc830a6761535ec8f6a92befb1ae4cb7d928745af5810",
      "P7_COUNTS_PER_SECOND": "333333343"
    },
    "source_commit_requested": "f9a3d34641c2aabd08d88e84070e2a1e98ccef79",
    "source_commit_current": "f9a3d34641c2aabd08d88e84070e2a1e98ccef79",
    "dirty_files": [
      " M evidence/generated/p7_2lane_scope_summary.md",
      " M evidence/generated/p7_application_protocol_summary.md",
      " M evidence/generated/p7_artifact_provenance_summary.json",
      " M evidence/generated/p7_artifact_provenance_summary.md",
      " M evidence/generated/p7_backend_conformance_summary.md",
      " M evidence/generated/p7_fault_recovery_summary.md",
      " M evidence/generated/p7_file_integrity_summary.md",
      " M evidence/generated/p7_fragmentation_reassembly_summary.md",
      " M evidence/generated/p7_lane1_promotion_summary.json",
      " M evidence/generated/p7_lane_scheduler_summary.md",
      " M evidence/generated/p7_no_ethernet_summary.md",
      " M evidence/generated/p7_no_motion_summary.md",
      " M evidence/generated/p7_offline_gate_summary.json",
      " M evidence/generated/p7_offline_gate_summary.md",
      " M evidence/generated/p7_offline_test_run.json",
      " M evidence/generated/p7_protocol_vector_summary.md",
      " M evidence/generated/p7_ps_core_hardware_readiness.json",
      " M evidence/generated/p7_ps_runtime_build_summary.json",
      " M evidence/generated/p7_ps_runtime_summary.md",
      " M evidence/generated/p7_queue_backpressure_summary.md",
      " M evidence/generated/p7_repo_intake.md",
      " M evidence/generated/p7_repo_intake_summary.json",
      " M evidence/generated/p7_repo_intake_summary.md",
      " M evidence/generated/p7_segmentation_reassembly_summary.md",
      " M evidence/generated/vitis/p7_ps_runtime/p7_ps_runtime_build_summary.json",
      "?? evidence/hardware/p7/authorized_sequence/p7_20260712_stationary_app_r23_diag_suffix62/"
    ],
    "max_runtime_sec": 900,
    "lane_count": 2,
    "max_lane_mask": "0x3",
    "no_ethernet": true,
    "no_motion": true,
    "shutdown_on_exit": true,
    "abort_file": "C:\\Users\\user\\Documents\\RF_COMM_MULTILANE\\.hardware_authorization\\ABORT_NOW.txt",
    "abort_file_present": false,
    "hw_server_url": "localhost:3121",
    "preflight_tcl": "C:\\Users\\user\\Documents\\RF_COMM_MULTILANE\\scripts\\hw\\p7_hw_preflight.tcl",
    "preflight_tcl_sha256": "95bfbdf7e6c429e6637c1b4224a9dcecaa1fd756a1f665b21a797d54afbfc464",
    "artifacts": {
      "plan": {
        "path": "C:\\Users\\user\\Documents\\RF_COMM_MULTILANE\\evidence\\hardware\\p7\\artifacts\\p7_plan_c6db9d8348c3bc518fa5985595adfcdada1a08f11c9246c6103ec378b43b58dd.md",
        "expected_sha256": "c6db9d8348c3bc518fa5985595adfcdada1a08f11c9246c6103ec378b43b58dd",
        "exists": true,
        "actual_sha256": "c6db9d8348c3bc518fa5985595adfcdada1a08f11c9246c6103ec378b43b58dd"
      },
      "bitstream": {
        "path": "C:\\Users\\user\\Documents\\RF_COMM_MULTILANE\\evidence\\hardware\\p6\\bitstreams\\p6_ps_dynamic_transport_34cdf1c1f7c36595760cc56ae6636209fa64f9b0eebad4d145a4ed5763f23249.bit",
        "expected_sha256": "34cdf1c1f7c36595760cc56ae6636209fa64f9b0eebad4d145a4ed5763f23249",
        "exists": true,
        "actual_sha256": "34cdf1c1f7c36595760cc56ae6636209fa64f9b0eebad4d145a4ed5763f23249"
      },
      "xsa": {
        "path": "C:\\Users\\user\\Documents\\RF_COMM_MULTILANE\\evidence\\hardware\\p6\\bitstreams\\p6_ps_dynamic_transport_b5d1174eb46d12eb395ceabbbea3c132c5771ca6777194138e68c2eacb2e4fc9.xsa",
        "expected_sha256": "b5d1174eb46d12eb395ceabbbea3c132c5771ca6777194138e68c2eacb2e4fc9",
        "exists": true,
        "actual_sha256": "b5d1174eb46d12eb395ceabbbea3c132c5771ca6777194138e68c2eacb2e4fc9"
      },
      "elf": {
        "path": "C:\\Users\\user\\Documents\\RF_COMM_MULTILANE\\evidence\\hardware\\p7\\artifacts\\p7_runtime_14450369d4c6cbe27899bc69f210278e3b2076573e0122859d266fe63cc8e0ce.elf",
        "expected_sha256": "14450369d4c6cbe27899bc69f210278e3b2076573e0122859d266fe63cc8e0ce",
        "exists": true,
        "actual_sha256": "14450369d4c6cbe27899bc69f210278e3b2076573e0122859d266fe63cc8e0ce"
      },
      "profile": {
        "path": "C:\\Users\\user\\Documents\\RF_COMM_MULTILANE\\profiles\\p7\\p7_ps_application_functional.json",
        "expected_sha256": "eb0192a27d115a5b70730746982e16b954ed754f8e1a57961091a31c4d6afcd0",
        "exists": true,
        "actual_sha256": "eb0192a27d115a5b70730746982e16b954ed754f8e1a57961091a31c4d6afcd0"
      },
      "active_xdc": {
        "path": "C:\\Users\\user\\Documents\\RF_COMM_MULTILANE\\constraints\\active\\PORT1.generated.xdc",
        "expected_sha256": "cf23a0d34a2fa76521faf4c91f3858cff2117fa6020d302d1a6109f10254f990",
        "exists": true,
        "actual_sha256": "cf23a0d34a2fa76521faf4c91f3858cff2117fa6020d302d1a6109f10254f990"
      },
      "pinmap": {
        "path": "C:\\Users\\user\\Documents\\RF_COMM_MULTILANE\\board_profiles\\ax7010_tfdu_j10_j11_pinmap.csv",
        "expected_sha256": "4c7d5f0836a2ab48df7672e00f99455e582fbf477b04ed2b3b44ef38506a8a6a",
        "exists": true,
        "actual_sha256": "4c7d5f0836a2ab48df7672e00f99455e582fbf477b04ed2b3b44ef38506a8a6a"
      },
      "register_map": {
        "path": "C:\\Users\\user\\Documents\\RF_COMM_MULTILANE\\config\\register_map\\ir_axi_regs.yaml",
        "expected_sha256": "d5b0bf1476d815a3ed69988c72097827356d4eade48813c8913fc1b2d448983d",
        "exists": true,
        "actual_sha256": "d5b0bf1476d815a3ed69988c72097827356d4eade48813c8913fc1b2d448983d"
      },
      "shutdown_bitstream": {
        "path": "C:\\Users\\user\\Documents\\RF_COMM_MULTILANE\\shutdown_bitstream\\tfdu_shutdown_j10_j11.bit",
        "expected_sha256": "bac60b58912f0acd771dc830a6761535ec8f6a92befb1ae4cb7d928745af5810",
        "exists": true,
        "actual_sha256": "bac60b58912f0acd771dc830a6761535ec8f6a92befb1ae4cb7d928745af5810"
      }
    },
    "errors": [],
    "warnings": [
      "workspace has uncommitted changes; frozen artifact hashes remain authoritative"
    ]
  },
  "stage_validation_errors": [],
  "core_hardware_readiness": {
    "path": "C:\\Users\\user\\Documents\\RF_COMM_MULTILANE\\evidence\\generated\\p7_ps_core_hardware_readiness.json",
    "expected_sha256": "ef8a90d0bca14b29f638072cd076cb0aa79c210577be9c479cc1d55379655b2a",
    "actual_sha256": "ef8a90d0bca14b29f638072cd076cb0aa79c210577be9c479cc1d55379655b2a",
    "status": "PASS",
    "errors": [],
    "attestation": {
      "schema": "rf-comm-p7-ps-core-hardware-readiness-v1",
      "P7_PS_CORE_HARDWARE_READINESS": "PASS",
      "generated_at_utc": "2026-07-12T06:19:36+00:00",
      "hardware_actions_executed": false,
      "HARDWARE_ACCEPTANCE": "PENDING_HW",
      "checks": {
        "host_command_cache_disabled_or_isolated": true,
        "deadline_frozen_in_private_context": true,
        "active_transfer_obeys_absolute_deadline": true,
        "stop_abort_shutdown_observed_during_active_object": true,
        "shutdown_readback_verified": true,
        "failure_cleanup_shutdown_first": true,
        "failure_wipe_uses_private_validated_range": true,
        "descriptor_ready_published_last": true,
        "terminal_descriptor_stable_snapshot": true,
        "phy_reenabled_and_startup_ready_waited": true,
        "runtime_terminal_after_exact_deadline": true,
        "runtime_elapsed_seqlock_and_monotonic_reader": true,
        "runtime_elapsed_causal_request_release": true,
        "object_latency_start_precedes_input_integrity": true,
        "firmware_stationary_admission_cutoff": true,
        "contained_child_tree_reaped_before_shutdown": true,
        "strict_ring_host_publication_supported": true,
        "stationary_identity_ledger_bound": true,
        "native_shutdown_readback_test": true,
        "p7_python_and_codec_tests": true,
        "real_vitis_build_source_bound": true
      },
      "sources": {
        "software/ps_driver/p7_app_service.h": "95cf7c82b6ddb701b9ea64a4a25a7c9308ba7f13e674f80a0e38fec5b7fbb166",
        "software/ps_driver/p7_admission_contract.h": "12f38347e8cb15857342d9c70a61a6e92a1eeddb40224637a0280c5400ce5d41",
        "software/ps_driver/p7_app_service.c": "6ac74916fdd75bda7a32a870641e6d6f5dfb44352400e91237faa60b6af05e0a",
        "software/ps_driver/p7_runtime_main.c": "cd5d98832dfd7bbe76a5ed90d70fba29008f1359710625dbe293e3eca0d5f6c9",
        "software/ps_driver/ir_driver.h": "09f0329fbec7d79429e4a4e3894526244dd74439540650692a28fd2867d29d07",
        "software/ps_driver/ir_driver.c": "0aaaf6234bf17d00ecac436b79cd43cc8690880f7e807e7cc92ce1b0f5fcd614",
        "tools/p7_ps_mailbox_backend.py": "8b3a6295f876c05789c96ac47fbff34c795557d2eaa9f7a5f84c90752ed2fbc5",
        "scripts/hw/run_p7_ps_application_stage_safe.py": "8d23189757ea5063cb71cb6d8d16700df27e5ccb6d7cee159d22fe717069e12b",
        "scripts/hw/p7_ps_application_execute.tcl": "e25c4f24f3c33d3cb5e102f83b56eaff8003b0e31902f8111e9a84d84d494799",
        "scripts/hw/run_p7_jtag_axi_stage_safe.py": "8472cda8e66dc14ef856f7541139bb63400b7aebe9d19d30d37dd00260447dd2",
        "tools/p7_contained_launcher.py": "fe7ab681732b2ce2cb30c9233a1f58e3235d5f7b0da570a924af4a89f2fc7ca1"
      },
      "native_shutdown_test": {
        "compiler": "D:\\Xilinx\\Vitis_HLS\\2023.1\\tps\\mingw\\8.3.0\\win64.o\\nt\\bin\\gcc.exe",
        "compile_returncode": 0,
        "compile_stdout": "",
        "compile_stderr": "",
        "returncode": 0,
        "stdout": "",
        "stderr": ""
      },
      "native_stationary_admission_test": {
        "compiler": "D:\\Xilinx\\Vitis_HLS\\2023.1\\tps\\mingw\\8.3.0\\win64.o\\nt\\bin\\gcc.exe",
        "compile_returncode": 0,
        "compile_stdout": "",
        "compile_stderr": "",
        "returncode": 0,
        "stdout": "",
        "stderr": ""
      },
      "unit_tests": {
        "command": "C:\\Users\\user\\AppData\\Local\\Programs\\Python\\Python314\\python.exe -B -m unittest discover -s tests/p7 -p test*.py -v",
        "returncode": 0,
        "stdout": "",
        "stderr": "test_completed_object_replay_same_is_idempotent (test_p7_application.ProtocolTests.test_completed_object_replay_same_is_idempotent) ... ok\ntest_duplicate_different_rejected (test_p7_application.ProtocolTests.test_duplicate_different_rejected) ... ok\ntest_duplicate_same_is_idempotent (test_p7_application.ProtocolTests.test_duplicate_same_is_idempotent) ... ok\ntest_empty_object_is_header_only (test_p7_application.ProtocolTests.test_empty_object_is_header_only) ... ok\ntest_invalid_header_fields (test_p7_application.ProtocolTests.test_invalid_header_fields) ... ok\ntest_missing_fragment_never_complete (test_p7_application.ProtocolTests.test_missing_fragment_never_complete) ... ok\ntest_object_crc_failure (test_p7_application.ProtocolTests.test_object_crc_failure) ... ok\ntest_out_of_order_rejected (test_p7_application.ProtocolTests.test_out_of_order_rejected) ... ok\ntest_pattern_matrix (test_p7_application.ProtocolTests.test_pattern_matrix) ... ok\ntest_size_matrix (test_p7_application.ProtocolTests.test_size_matrix) ... ok\ntest_stale_session_rejected (test_p7_application.ProtocolTests.test_stale_session_rejected) ... ok\ntest_completed_descriptor_integrity (test_p7_application.PsMailboxCodecTests.test_completed_descriptor_integrity) ... ok\ntest_completed_descriptor_rejects_safety_and_lane_mismatch (test_p7_application.PsMailboxCodecTests.test_completed_descriptor_rejects_safety_and_lane_mismatch) ... ok\ntest_completed_descriptor_rejects_stale_identity_and_sequence (test_p7_application.PsMailboxCodecTests.test_completed_descriptor_rejects_stale_identity_and_sequence) ... ok\ntest_descriptor_ready_is_a_separate_last_publication (test_p7_application.PsMailboxCodecTests.test_descriptor_ready_is_a_separate_last_publication) ... ok\ntest_descriptor_roundtrip (test_p7_application.PsMailboxCodecTests.test_descriptor_roundtrip) ... ok\ntest_invalid_ps_ranges_rejected (test_p7_application.PsMailboxCodecTests.test_invalid_ps_ranges_rejected) ... ok\ntest_mailbox_codec (test_p7_application.PsMailboxCodecTests.test_mailbox_codec) ... ok\ntest_mailbox_runtime_bounds (test_p7_application.PsMailboxCodecTests.test_mailbox_runtime_bounds) ... ok\ntest_runtime_elapsed_seqlock_rejects_rollover_tears_and_regression (test_p7_application.PsMailboxCodecTests.test_runtime_elapsed_seqlock_rejects_rollover_tears_and_regression) ... ok\ntest_terminal_snapshot_rejects_torn_reads (test_p7_application.PsMailboxCodecTests.test_terminal_snapshot_rejects_torn_reads) ... ok\ntest_trace_geometry_overlap_and_end_boundary (test_p7_application.PsMailboxCodecTests.test_trace_geometry_overlap_and_end_boundary) ... ok\ntest_uint32_identity_boundaries (test_p7_application.PsMailboxCodecTests.test_uint32_identity_boundaries) ... ok\ntest_abort_and_restart_new_epoch (test_p7_application.TransportTests.test_abort_and_restart_new_epoch) ... ok\ntest_atomic_file_commit (test_p7_application.TransportTests.test_atomic_file_commit) ... ok\ntest_backend_conformance (test_p7_application.TransportTests.test_backend_conformance) ... ok\ntest_both_lanes_unavailable_bounded_failure (test_p7_application.TransportTests.test_both_lanes_unavailable_bounded_failure) ... ok\ntest_lane_fallback (test_p7_application.TransportTests.test_lane_fallback) ... ok\ntest_queue_backpressure_and_order (test_p7_application.TransportTests.test_queue_backpressure_and_order) ... ok\ntest_replication_semantics (test_p7_application.TransportTests.test_replication_semantics) ... ok\ntest_tcp_stub_cannot_open (test_p7_application.TransportTests.test_tcp_stub_cannot_open) ... ok\ntest_embedded_self_test (test_p7_jtag_backend.P7JtagBackendTests.test_embedded_self_test) ... ok\ntest_error_counter_and_rx_corruption_are_rejected (test_p7_jtag_backend.P7JtagBackendTests.test_error_counter_and_rx_corruption_are_rejected) ... ok\ntest_large_object_operation_formula_and_limits (test_p7_jtag_backend.P7JtagBackendTests.test_large_object_operation_formula_and_limits) ... ok\ntest_memory_mock_roundtrip_sizes_and_lane_policies (test_p7_jtag_backend.P7JtagBackendTests.test_memory_mock_roundtrip_sizes_and_lane_policies) ... ok\ntest_missing_and_duplicate_raw_keys_are_rejected_atomically (test_p7_jtag_backend.P7JtagBackendTests.test_missing_and_duplicate_raw_keys_are_rejected_atomically) ... ok\ntest_real_r5_clear_scoped_raw_pulse_evidence_parses (test_p7_jtag_backend.P7JtagBackendTests.test_real_r5_clear_scoped_raw_pulse_evidence_parses) ... ok\ntest_real_r8_retry_evidence_parses (test_p7_jtag_backend.P7JtagBackendTests.test_real_r8_retry_evidence_parses) ... ok\ntest_retry_delta_allows_duplicate_valid_frames_and_is_bounded (test_p7_jtag_backend.P7JtagBackendTests.test_retry_delta_allows_duplicate_valid_frames_and_is_bounded) ... ok\n\n----------------------------------------------------------------------\nRan 39 tests in 1.251s\n\nOK\n"
      },
      "build_summary": "evidence/generated/vitis/p7_ps_runtime/p7_ps_runtime_build_summary.json"
    },
    "source_fingerprint": "dd6b9147aeb445439c7319ae9059611a927265d731559288746782380349e5be"
  },
  "raw_exit_policy": "every_process_must_return_exactly_zero_and_match_fresh_markers",
  "output_atomicity": "temp_fsync_replace_for_host_outputs_and_partial_rename_for_XSDB_dumps",
  "evidence_dir": "C:\\Users\\user\\Documents\\RF_COMM_MULTILANE\\evidence\\hardware\\p7\\authorized_sequence\\p7_20260712_stationary_app_r23_diag_suffix62\\062_p7_ps_functional",
  "bundle_manifest": {
    "path": "C:\\Users\\user\\Documents\\RF_COMM_MULTILANE\\evidence\\hardware\\p7\\authorized_sequence\\p7_20260712_stationary_app_r23_diag_suffix62\\062_p7_ps_functional\\bundle\\bundle_manifest.json",
    "size_bytes": 109313,
    "sha256": "825237948cea8ad7e7ae15420d43ad050e48d72682696803f5311f68f03e7711"
  },
  "execution_plan": {
    "path": "C:\\Users\\user\\Documents\\RF_COMM_MULTILANE\\evidence\\hardware\\p7\\authorized_sequence\\p7_20260712_stationary_app_r23_diag_suffix62\\062_p7_ps_functional\\bundle\\execution_plan.txt",
    "size_bytes": 4438,
    "sha256": "2cac968ba397a3ccfe5ad2cd67491fd42f31b10957f4fc27c27e859df8dc8a8e"
  },
  "scheduling_cutoff_sec": 840,
  "frozen_shutdown": {
    "path": "C:\\Users\\user\\Documents\\RF_COMM_MULTILANE\\evidence\\hardware\\p7\\shutdown\\p7_frozen_shutdown_bac60b58912f0acd771dc830a6761535ec8f6a92befb1ae4cb7d928745af5810.bit",
    "size_bytes": 2083853,
    "sha256": "bac60b58912f0acd771dc830a6761535ec8f6a92befb1ae4cb7d928745af5810"
  },
  "bundle_pre_run_file_count": 238,
  "hardware_execution_lock": {
    "path": "C:\\Users\\user\\Documents\\RF_COMM_MULTILANE\\.hardware_authorization\\P7_HARDWARE_EXECUTION.lock",
    "token_sha256": "83c913d25683e9f5779fac1bedc1be927a8c160c57aedddf8319344f61bc9d4b",
    "owner": {
      "schema": "rf-comm-p7-hardware-execution-lock-v1",
      "pid": 3136,
      "wrapper": "run_p7_ps_application_stage_safe.py",
      "mode": "functional",
      "stage_name": "p7_ps_functional",
      "acquired_at_utc": "2026-07-12T06:33:08.246423+00:00",
      "evidence_dir": "C:\\Users\\user\\Documents\\RF_COMM_MULTILANE\\evidence\\hardware\\p7\\authorized_sequence\\p7_20260712_stationary_app_r23_diag_suffix62\\062_p7_ps_functional"
    },
    "acquired": true,
    "stale_lock_auto_recovery": false
  },
  "preflight": {
    "name": "preflight",
    "returncode": 0,
    "stdout_path": "C:\\Users\\user\\Documents\\RF_COMM_MULTILANE\\evidence\\hardware\\p7\\authorized_sequence\\p7_20260712_stationary_app_r23_diag_suffix62\\062_p7_ps_functional\\preflight.stdout.log",
    "stderr_path": "C:\\Users\\user\\Documents\\RF_COMM_MULTILANE\\evidence\\hardware\\p7\\authorized_sequence\\p7_20260712_stationary_app_r23_diag_suffix62\\062_p7_ps_functional\\preflight.stderr.log",
    "elapsed_seconds": 31.195009,
    "argv": [
      "D:\\Xilinx\\Vivado\\2023.1\\bin\\vivado.bat",
      "-mode",
      "batch",
      "-source",
      "C:\\Users\\user\\Documents\\RF_COMM_MULTILANE\\scripts\\hw\\p7_hw_preflight.tcl",
      "-tclargs",
      "C:\\Users\\user\\Documents\\RF_COMM_MULTILANE",
      "C:\\Users\\user\\Documents\\RF_COMM_MULTILANE\\.hardware_authorization\\p7_20260712_stationary_app_r23_diag_suffix62_062_p7_ps_functional.txt",
      "210512180081",
      "xc7z010clg400-1",
      "localhost:3121/xilinx_tcf/Digilent/210512180081",
      "localhost:3121",
      "C:\\Users\\user\\Documents\\RF_COMM_MULTILANE\\evidence\\hardware\\p7\\authorized_sequence\\p7_20260712_stationary_app_r23_diag_suffix62\\062_p7_ps_functional\\p7_hw_preflight_result.txt.partial"
    ],
    "started_at_utc": "2026-07-12T06:33:08.251531+00:00",
    "ended_at_utc": "2026-07-12T06:33:39.447047+00:00",
    "timed_out": false,
    "abort_seen": false,
    "interrupted": false,
    "process_tree_terminated": false,
    "process_tree_reaped": true,
    "containment_kind": "WINDOWS_JOB_OBJECT_KILL_ON_CLOSE",
    "containment_assigned": true,
    "containment_closed": true,
    "descendant_count_after": 0,
    "expected_tool_daemon_grace_used": true,
    "expected_tool_daemon_grace_seconds": 30.0,
    "expected_tool_daemon_paths": [
      "D:\\Xilinx\\Vivado\\2023.1\\bin\\unwrapped\\win64.o\\cs_server.exe",
      "D:\\Xilinx\\Vivado\\2023.1\\bin\\unwrapped\\win64.o\\rdi_xsdb.exe",
      "C:\\Windows\\System32\\cmd.exe",
      "C:\\Windows\\System32\\conhost.exe"
    ],
    "descendant_paths_seen": [
      "C:\\Windows\\System32\\conhost.exe",
      "D:\\Xilinx\\Vivado\\2023.1\\bin\\unwrapped\\win64.o\\cs_server.exe",
      "D:\\Xilinx\\Vivado\\2023.1\\bin\\unwrapped\\win64.o\\cs_server.exe",
      "C:\\Windows\\System32\\cmd.exe",
      "C:\\Windows\\System32\\conhost.exe",
      "D:\\Xilinx\\Vivado\\2023.1\\bin\\unwrapped\\win64.o\\rdi_xsdb.exe"
    ],
    "descendant_processes_seen": [
      {
        "pid": 1512,
        "parent_pid": 41264,
        "parent_active_globally": false,
        "image_path": "C:\\Windows\\System32\\conhost.exe",
        "creation_time_100ns": 134283115961252670
      },
      {
        "pid": 4452,
        "parent_pid": 46656,
        "parent_active_globally": false,
        "image_path": "D:\\Xilinx\\Vivado\\2023.1\\bin\\unwrapped\\win64.o\\cs_server.exe",
        "creation_time_100ns": 134283115967938960
      },
      {
        "pid": 11732,
        "parent_pid": 4452,
        "parent_active_globally": true,
        "image_path": "D:\\Xilinx\\Vivado\\2023.1\\bin\\unwrapped\\win64.o\\cs_server.exe",
        "creation_time_100ns": 134283115968878606
      },
      {
        "pid": 26244,
        "parent_pid": 19648,
        "parent_active_globally": false,
        "image_path": "C:\\Windows\\System32\\cmd.exe",
        "creation_time_100ns": 134283115972871741
      },
      {
        "pid": 37760,
        "parent_pid": 26244,
        "parent_active_globally": true,
        "image_path": "C:\\Windows\\System32\\conhost.exe",
        "creation_time_100ns": 134283115972926811
      },
      {
        "pid": 47416,
        "parent_pid": 26244,
        "parent_active_globally": true,
        "image_path": "D:\\Xilinx\\Vivado\\2023.1\\bin\\unwrapped\\win64.o\\rdi_xsdb.exe",
        "creation_time_100ns": 134283115976019829
      }
    ],
    "expected_tool_daemon_classification": "EXACT_R2_VIVADO_EXIT_HELPER_FOREST",
    "expected_tool_daemon_topology_snapshots": [
      {
        "classification": "EXACT_R2_VIVADO_EXIT_HELPER_FOREST",
        "elapsed_seconds": 0.008407,
        "processes": [
          {
            "pid": 1512,
            "parent_pid": 41264,
            "parent_active_globally": false,
            "image_path": "C:\\Windows\\System32\\conhost.exe",
            "creation_time_100ns": 134283115961252670
          },
          {
            "pid": 4452,
            "parent_pid": 46656,
            "parent_active_globally": false,
            "image_path": "D:\\Xilinx\\Vivado\\2023.1\\bin\\unwrapped\\win64.o\\cs_server.exe",
            "creation_time_100ns": 134283115967938960
          },
          {
            "pid": 11732,
            "parent_pid": 4452,
            "parent_active_globally": true,
            "image_path": "D:\\Xilinx\\Vivado\\2023.1\\bin\\unwrapped\\win64.o\\cs_server.exe",
            "creation_time_100ns": 134283115968878606
          },
          {
            "pid": 26244,
            "parent_pid": 19648,
            "parent_active_globally": false,
            "image_path": "C:\\Windows\\System32\\cmd.exe",
            "creation_time_100ns": 134283115972871741
          },
          {
            "pid": 37760,
            "parent_pid": 26244,
            "parent_active_globally": true,
            "image_path": "C:\\Windows\\System32\\conhost.exe",
            "creation_time_100ns": 134283115972926811
          },
          {
            "pid": 47416,
            "parent_pid": 26244,
            "parent_active_globally": true,
            "image_path": "D:\\Xilinx\\Vivado\\2023.1\\bin\\unwrapped\\win64.o\\rdi_xsdb.exe",
            "creation_time_100ns": 134283115976019829
          }
        ]
      },
      {
        "classification": "STRICT_SHRINK_SUBSET_OF_EXACT_R2_VIVADO_EXIT_HELPER_FOREST",
        "elapsed_seconds": 19.597198,
        "processes": [
          {
            "pid": 1512,
            "parent_pid": 41264,
            "parent_active_globally": false,
            "image_path": "C:\\Windows\\System32\\conhost.exe",
            "creation_time_100ns": 134283115961252670
          },
          {
            "pid": 4452,
            "parent_pid": 46656,
            "parent_active_globally": false,
            "image_path": "D:\\Xilinx\\Vivado\\2023.1\\bin\\unwrapped\\win64.o\\cs_server.exe",
            "creation_time_100ns": 134283115967938960
          },
          {
            "pid": 11732,
            "parent_pid": 4452,
            "parent_active_globally": true,
            "image_path": "D:\\Xilinx\\Vivado\\2023.1\\bin\\unwrapped\\win64.o\\cs_server.exe",
            "creation_time_100ns": 134283115968878606
          }
        ]
      },
      {
        "classification": "EMPTY",
        "elapsed_seconds": 20.726299,
        "processes": []
      }
    ],
    "expected_tool_daemon_topology_revalidation_count": 192,
    "expected_tool_daemon_topology_monotonic": true,
    "expected_tool_daemon_topology_sample_elapsed_seconds": [
      4.5e-05,
      0.008407,
      0.117217,
      0.225534,
      0.33356,
      0.44153,
      0.549842,
      0.657975,
      0.767086,
      0.875311,
      0.986379,
      1.095277,
      1.204341,
      1.312848,
      1.421426,
      1.529793,
      1.638449,
      1.746366,
      1.855259,
      1.963572,
      2.072296,
      2.181033,
      2.28964,
      2.397783,
      2.506888,
      2.615726,
      2.72431,
      2.832739,
      2.940845,
      3.050084,
      3.159109,
      3.267099,
      3.375244,
      3.482983,
      3.591981,
      3.699641,
      3.807373,
      3.915366,
      4.024238,
      4.132496,
      4.240629,
      4.34819,
      4.455832,
      4.563804,
      4.671786,
      4.779452,
      4.887002,
      4.99516,
      5.104016,
      5.212763,
      5.320818,
      5.429321,
      5.537617,
      5.645974,
      5.754086,
      5.862254,
      5.970001,
      6.07826,
      6.186623,
      6.294672,
      6.402897,
      6.511241,
      6.619559,
      6.727495,
      6.835831,
      6.943979,
      7.052096,
      7.159929,
      7.267845,
      7.375869,
      7.483944,
      7.592268,
      7.700597,
      7.80885,
      7.916964,
      8.024544,
      8.13306,
      8.241305,
      8.349524,
      8.457275,
      8.564846,
      8.673245,
      8.781436,
      8.88933,
      8.998324,
      9.106377,
      9.215127,
      9.322904,
      9.43127,
      9.538969,
      9.647391,
      9.754905,
      9.862564,
      9.970471,
      10.079293,
      10.18757,
      10.295339,
      10.403553,
      10.51149,
      10.619767,
      10.727921,
      10.836347,
      10.944748,
      11.054081,
      11.162493,
      11.270406,
      11.379144,
      11.48777,
      11.595636,
      11.703504,
      11.811109,
      11.919328,
      12.027357,
      12.13586,
      12.243771,
      12.352187,
      12.460335,
      12.568525,
      12.676439,
      12.7837,
      12.891577,
      12.999383,
      13.108365,
      13.216573,
      13.324506,
      13.431815,
      13.539688,
      13.648231,
      13.756331,
      13.863912,
      13.972021,
      14.079785,
      14.188836,
      14.29751,
      14.40569,
      14.513188,
      14.621596,
      14.729643,
      14.83753,
      14.946709,
      15.055125,
      15.163989,
      15.271819,
      15.379688,
      15.487688,
      15.595464,
      15.703218,
      15.81077,
      15.919015,
      16.027148,
      16.136277,
      16.245098,
      16.353359,
      16.461134,
      16.568764,
      16.676873,
      16.785204,
      16.892789,
      17.000585,
      17.109115,
      17.216996,
      17.325283,
      17.433535,
      17.541717,
      17.649995,
      17.758673,
      17.866891,
      17.974891,
      18.083089,
      18.191562,
      18.299352,
      18.407669,
      18.515824,
      18.624189,
      18.731912,
      18.840328,
      18.948126,
      19.056515,
      19.165318,
      19.272893,
      19.380309,
      19.488555,
      19.597198,
      19.704749,
      19.812194,
      19.919892,
      20.027466,
      20.135384,
      20.243303,
      20.351177,
      20.458903,
      20.566323,
      20.675467,
      20.726299
    ],
    "expected_tool_daemon_topology_max_sample_gap_seconds": 0.111068,
    "expected_tool_daemon_grace_elapsed_seconds": 20.726319,
    "expected_tool_daemon_hashes_verified": true,
    "expected_tool_daemon_sha256_by_role": {
      "cs_server": "9bf0e15ffe162a96679c14b8117cf8ebe8a47b8032bee4ab8cb0317c112df536",
      "rdi_xsdb": "3193d8c4e7115e82e5b4ea6c2eb1aa8a7566bd5a9f9c78e9d901b9eab9d4ebfc",
      "cmd": "75320a519959cc6d089ea3eba33c38caccb7f138a025ea439bc9686cdb79ded4",
      "conhost": "a93cbb36b9c02364be6a72817174c46f94b66715549f279c6592ed659d237911"
    },
    "expected_tool_daemon_hash_error": "",
    "expected_tool_daemon_prelaunch_hashes_verified": true,
    "expected_tool_daemon_prelaunch_sha256_by_role": {
      "cs_server": "9bf0e15ffe162a96679c14b8117cf8ebe8a47b8032bee4ab8cb0317c112df536",
      "rdi_xsdb": "3193d8c4e7115e82e5b4ea6c2eb1aa8a7566bd5a9f9c78e9d901b9eab9d4ebfc",
      "cmd": "75320a519959cc6d089ea3eba33c38caccb7f138a025ea439bc9686cdb79ded4",
      "conhost": "a93cbb36b9c02364be6a72817174c46f94b66715549f279c6592ed659d237911"
    },
    "expected_tool_daemon_prelaunch_hash_error": "",
    "expected_tool_daemon_postexit_hashes_verified": true,
    "expected_tool_daemon_postexit_sha256_by_role": {
      "cs_server": "9bf0e15ffe162a96679c14b8117cf8ebe8a47b8032bee4ab8cb0317c112df536",
      "rdi_xsdb": "3193d8c4e7115e82e5b4ea6c2eb1aa8a7566bd5a9f9c78e9d901b9eab9d4ebfc",
      "cmd": "75320a519959cc6d089ea3eba33c38caccb7f138a025ea439bc9686cdb79ded4",
      "conhost": "a93cbb36b9c02364be6a72817174c46f94b66715549f279c6592ed659d237911"
    },
    "expected_tool_daemon_postexit_hash_error": "",
    "expected_tool_daemon_topology_error": "",
    "expected_tool_daemon_topology_terminal_empty": true,
    "process_identity_query_retry_count": 0,
    "process_exit_race_recheck_count": 0,
    "process_identity_query_transient_errors": [],
    "containment_cleanup_attempted": false,
    "containment_cleanup_terminated": false,
    "process_exit_race_rechecked": false,
    "process_identity_query_retried": false,
    "containment_query_error": "",
    "launch_error": "",
    "watchdog_reason": "",
    "active_marker_seen": false,
    "safe_terminal_marker_seen": false,
    "passed": true,
    "failures": []
  },
  "target_identity": {
    "P7_HW_PREFLIGHT_AUTHORIZED": "1",
    "P7_HW_PREFLIGHT_READ_ONLY": "1",
    "P7_HW_PREFLIGHT_BOARD_ID": "210512180081",
    "P7_HW_PREFLIGHT_TARGET": "localhost:3121/xilinx_tcf/Digilent/210512180081",
    "P7_HW_PREFLIGHT_DEVICE": "xc7z010_1",
    "P7_HW_PREFLIGHT_PART": "xc7z010clg400-1",
    "P7_HW_PREFLIGHT_IDCODE": "00010011011100100010000010010011",
    "P7_HW_PREFLIGHT_CANONICAL_PART": "xc7z010clg400-1",
    "P7_HW_PREFLIGHT_LIVE_PART": "xc7z010",
    "P7_HW_PREFLIGHT_LIVE_DEVICE": "xc7z010_1",
    "P7_HW_PREFLIGHT_LIVE_IDCODE": "00010011011100100010000010010011",
    "P7_HW_PREFLIGHT_RESULT": "PASS"
  },
  "shutdown_before": {
    "name": "shutdown_before",
    "returncode": 0,
    "stdout_path": "C:\\Users\\user\\Documents\\RF_COMM_MULTILANE\\evidence\\hardware\\p7\\authorized_sequence\\p7_20260712_stationary_app_r23_diag_suffix62\\062_p7_ps_functional\\shutdown_before.stdout.log",
    "stderr_path": "C:\\Users\\user\\Documents\\RF_COMM_MULTILANE\\evidence\\hardware\\p7\\authorized_sequence\\p7_20260712_stationary_app_r23_diag_suffix62\\062_p7_ps_functional\\shutdown_before.stderr.log",
    "elapsed_seconds": 48.202417,
    "argv": [
      "D:\\Xilinx\\Vivado\\2023.1\\bin\\vivado.bat",
      "-mode",
      "batch",
      "-source",
      "C:\\Users\\user\\Documents\\RF_COMM_MULTILANE\\scripts\\hw\\p7_jtag_axi_transactions.tcl",
      "-tclargs",
      "C:\\Users\\user\\Documents\\RF_COMM_MULTILANE",
      "SHUTDOWN",
      "C:\\Users\\user\\Documents\\RF_COMM_MULTILANE\\.hardware_authorization\\p7_20260712_stationary_app_r23_diag_suffix62_062_p7_ps_functional.txt",
      "210512180081",
      "xc7z010clg400-1",
      "localhost:3121/xilinx_tcf/Digilent/210512180081",
      "localhost:3121",
      "1000000",
      "C:\\Users\\user\\Documents\\RF_COMM_MULTILANE\\evidence\\hardware\\p7\\shutdown\\p7_frozen_shutdown_bac60b58912f0acd771dc830a6761535ec8f6a92befb1ae4cb7d928745af5810.bit",
      "-",
      "-",
      "C:\\Users\\user\\Documents\\RF_COMM_MULTILANE\\evidence\\hardware\\p7\\authorized_sequence\\p7_20260712_stationary_app_r23_diag_suffix62\\062_p7_ps_functional\\shutdown_before_result.txt.partial",
      "0x43c00000",
      "1",
      "134217728",
      "900",
      "C:\\Users\\user\\Documents\\RF_COMM_MULTILANE\\evidence\\hardware\\p7\\shutdown\\p7_frozen_shutdown_bac60b58912f0acd771dc830a6761535ec8f6a92befb1ae4cb7d928745af5810.bit"
    ],
    "started_at_utc": "2026-07-12T06:33:39.456134+00:00",
    "ended_at_utc": "2026-07-12T06:34:27.659056+00:00",
    "timed_out": false,
    "abort_seen": false,
    "interrupted": false,
    "process_tree_terminated": false,
    "process_tree_reaped": true,
    "containment_kind": "WINDOWS_JOB_OBJECT_KILL_ON_CLOSE",
    "containment_assigned": true,
    "containment_closed": true,
    "descendant_count_after": 0,
    "expected_tool_daemon_grace_used": true,
    "expected_tool_daemon_grace_seconds": 30.0,
    "expected_tool_daemon_paths": [
      "D:\\Xilinx\\Vivado\\2023.1\\bin\\unwrapped\\win64.o\\cs_server.exe",
      "D:\\Xilinx\\Vivado\\2023.1\\bin\\unwrapped\\win64.o\\rdi_xsdb.exe",
      "C:\\Windows\\System32\\cmd.exe",
      "C:\\Windows\\System32\\conhost.exe"
    ],
    "descendant_paths_seen": [
      "D:\\Xilinx\\Vivado\\2023.1\\bin\\unwrapped\\win64.o\\rdi_xsdb.exe",
      "C:\\Windows\\System32\\cmd.exe",
      "D:\\Xilinx\\Vivado\\2023.1\\bin\\unwrapped\\win64.o\\cs_server.exe",
      "C:\\Windows\\System32\\conhost.exe",
      "D:\\Xilinx\\Vivado\\2023.1\\bin\\unwrapped\\win64.o\\cs_server.exe",
      "C:\\Windows\\System32\\conhost.exe"
    ],
    "descendant_processes_seen": [
      {
        "pid": 20144,
        "parent_pid": 21948,
        "parent_active_globally": true,
        "image_path": "D:\\Xilinx\\Vivado\\2023.1\\bin\\unwrapped\\win64.o\\rdi_xsdb.exe",
        "creation_time_100ns": 134283116287244424
      },
      {
        "pid": 21948,
        "parent_pid": 40864,
        "parent_active_globally": false,
        "image_path": "C:\\Windows\\System32\\cmd.exe",
        "creation_time_100ns": 134283116284205248
      },
      {
        "pid": 24640,
        "parent_pid": 35948,
        "parent_active_globally": false,
        "image_path": "D:\\Xilinx\\Vivado\\2023.1\\bin\\unwrapped\\win64.o\\cs_server.exe",
        "creation_time_100ns": 134283116279223952
      },
      {
        "pid": 36096,
        "parent_pid": 21948,
        "parent_active_globally": true,
        "image_path": "C:\\Windows\\System32\\conhost.exe",
        "creation_time_100ns": 134283116284260652
      },
      {
        "pid": 45092,
        "parent_pid": 24640,
        "parent_active_globally": true,
        "image_path": "D:\\Xilinx\\Vivado\\2023.1\\bin\\unwrapped\\win64.o\\cs_server.exe",
        "creation_time_100ns": 134283116280203383
      },
      {
        "pid": 46828,
        "parent_pid": 21952,
        "parent_active_globally": false,
        "image_path": "C:\\Windows\\System32\\conhost.exe",
        "creation_time_100ns": 134283116272581518
      }
    ],
    "expected_tool_daemon_classification": "EXACT_R2_VIVADO_EXIT_HELPER_FOREST",
    "expected_tool_daemon_topology_snapshots": [
      {
        "classification": "EXACT_R2_VIVADO_EXIT_HELPER_FOREST",
        "elapsed_seconds": 0.00712,
        "processes": [
          {
            "pid": 20144,
            "parent_pid": 21948,
            "parent_active_globally": true,
            "image_path": "D:\\Xilinx\\Vivado\\2023.1\\bin\\unwrapped\\win64.o\\rdi_xsdb.exe",
            "creation_time_100ns": 134283116287244424
          },
          {
            "pid": 21948,
            "parent_pid": 40864,
            "parent_active_globally": false,
            "image_path": "C:\\Windows\\System32\\cmd.exe",
            "creation_time_100ns": 134283116284205248
          },
          {
            "pid": 24640,
            "parent_pid": 35948,
            "parent_active_globally": false,
            "image_path": "D:\\Xilinx\\Vivado\\2023.1\\bin\\unwrapped\\win64.o\\cs_server.exe",
            "creation_time_100ns": 134283116279223952
          },
          {
            "pid": 36096,
            "parent_pid": 21948,
            "parent_active_globally": true,
            "image_path": "C:\\Windows\\System32\\conhost.exe",
            "creation_time_100ns": 134283116284260652
          },
          {
            "pid": 45092,
            "parent_pid": 24640,
            "parent_active_globally": true,
            "image_path": "D:\\Xilinx\\Vivado\\2023.1\\bin\\unwrapped\\win64.o\\cs_server.exe",
            "creation_time_100ns": 134283116280203383
          },
          {
            "pid": 46828,
            "parent_pid": 21952,
            "parent_active_globally": false,
            "image_path": "C:\\Windows\\System32\\conhost.exe",
            "creation_time_100ns": 134283116272581518
          }
        ]
      },
      {
        "classification": "STRICT_SHRINK_SUBSET_OF_EXACT_R2_VIVADO_EXIT_HELPER_FOREST",
        "elapsed_seconds": 19.353018,
        "processes": [
          {
            "pid": 24640,
            "parent_pid": 35948,
            "parent_active_globally": false,
            "image_path": "D:\\Xilinx\\Vivado\\2023.1\\bin\\unwrapped\\win64.o\\cs_server.exe",
            "creation_time_100ns": 134283116279223952
          },
          {
            "pid": 45092,
            "parent_pid": 24640,
            "parent_active_globally": true,
            "image_path": "D:\\Xilinx\\Vivado\\2023.1\\bin\\unwrapped\\win64.o\\cs_server.exe",
            "creation_time_100ns": 134283116280203383
          },
          {
            "pid": 46828,
            "parent_pid": 21952,
            "parent_active_globally": false,
            "image_path": "C:\\Windows\\System32\\conhost.exe",
            "creation_time_100ns": 134283116272581518
          }
        ]
      },
      {
        "classification": "EMPTY",
        "elapsed_seconds": 20.484099,
        "processes": []
      }
    ],
    "expected_tool_daemon_topology_revalidation_count": 189,
    "expected_tool_daemon_topology_monotonic": true,
    "expected_tool_daemon_topology_sample_elapsed_seconds": [
      4.7e-05,
      0.00712,
      0.115378,
      0.22431,
      0.332509,
      0.44076,
      0.548978,
      0.657702,
      0.766066,
      0.87466,
      0.983426,
      1.096624,
      1.204772,
      1.313176,
      1.421725,
      1.530653,
      1.639606,
      1.747639,
      1.855851,
      1.963502,
      2.071583,
      2.179567,
      2.287997,
      2.396434,
      2.505083,
      2.613482,
      2.722419,
      2.830807,
      2.939849,
      3.048451,
      3.15672,
      3.268891,
      3.377549,
      3.48607,
      3.594808,
      3.703667,
      3.811946,
      3.919805,
      4.02722,
      4.135092,
      4.242878,
      4.350767,
      4.459062,
      4.567147,
      4.675246,
      4.783168,
      4.891036,
      4.99873,
      5.10676,
      5.214561,
      5.322597,
      5.430665,
      5.538909,
      5.647006,
      5.75533,
      5.863128,
      5.970815,
      6.078354,
      6.18618,
      6.294583,
      6.402797,
      6.510348,
      6.618488,
      6.727,
      6.835244,
      6.94301,
      7.050629,
      7.158274,
      7.265581,
      7.373146,
      7.481643,
      7.590196,
      7.698904,
      7.806682,
      7.91479,
      8.022424,
      8.131351,
      8.239337,
      8.347236,
      8.45579,
      8.564276,
      8.672587,
      8.780749,
      8.888795,
      8.996829,
      9.104737,
      9.213071,
      9.320835,
      9.428539,
      9.535972,
      9.644839,
      9.753712,
      9.861932,
      9.970073,
      10.078997,
      10.187744,
      10.296356,
      10.404212,
      10.51256,
      10.622771,
      10.731662,
      10.840274,
      10.949169,
      11.057539,
      11.165869,
      11.273973,
      11.383069,
      11.491527,
      11.600536,
      11.708967,
      11.81742,
      11.925809,
      12.034156,
      12.143029,
      12.251755,
      12.360174,
      12.467622,
      12.575984,
      12.684331,
      12.792482,
      12.900667,
      13.009702,
      13.117628,
      13.226126,
      13.334477,
      13.444385,
      13.553188,
      13.662204,
      13.770747,
      13.87919,
      13.987029,
      14.095182,
      14.203426,
      14.311009,
      14.419039,
      14.526346,
      14.634309,
      14.742319,
      14.850549,
      14.958056,
      15.065966,
      15.17442,
      15.28274,
      15.390615,
      15.497892,
      15.605524,
      15.713853,
      15.82183,
      15.929651,
      16.037245,
      16.145386,
      16.253871,
      16.361855,
      16.470021,
      16.578141,
      16.686496,
      16.795003,
      16.903063,
      17.01067,
      17.118186,
      17.226446,
      17.334289,
      17.443562,
      17.551299,
      17.667089,
      17.77831,
      17.886899,
      17.994919,
      18.10368,
      18.21169,
      18.319931,
      18.428304,
      18.53752,
      18.646434,
      18.754821,
      18.863034,
      18.971295,
      19.079203,
      19.18769,
      19.353018,
      19.461403,
      19.569328,
      19.677488,
      19.786047,
      19.893583,
      20.001879,
      20.109342,
      20.217472,
      20.325546,
      20.4334,
      20.484099
    ],
    "expected_tool_daemon_topology_max_sample_gap_seconds": 0.165328,
    "expected_tool_daemon_grace_elapsed_seconds": 20.484118,
    "expected_tool_daemon_hashes_verified": true,
    "expected_tool_daemon_sha256_by_role": {
      "cs_server": "9bf0e15ffe162a96679c14b8117cf8ebe8a47b8032bee4ab8cb0317c112df536",
      "rdi_xsdb": "3193d8c4e7115e82e5b4ea6c2eb1aa8a7566bd5a9f9c78e9d901b9eab9d4ebfc",
      "cmd": "75320a519959cc6d089ea3eba33c38caccb7f138a025ea439bc9686cdb79ded4",
      "conhost": "a93cbb36b9c02364be6a72817174c46f94b66715549f279c6592ed659d237911"
    },
    "expected_tool_daemon_hash_error": "",
    "expected_tool_daemon_prelaunch_hashes_verified": true,
    "expected_tool_daemon_prelaunch_sha256_by_role": {
      "cs_server": "9bf0e15ffe162a96679c14b8117cf8ebe8a47b8032bee4ab8cb0317c112df536",
      "rdi_xsdb": "3193d8c4e7115e82e5b4ea6c2eb1aa8a7566bd5a9f9c78e9d901b9eab9d4ebfc",
      "cmd": "75320a519959cc6d089ea3eba33c38caccb7f138a025ea439bc9686cdb79ded4",
      "conhost": "a93cbb36b9c02364be6a72817174c46f94b66715549f279c6592ed659d237911"
    },
    "expected_tool_daemon_prelaunch_hash_error": "",
    "expected_tool_daemon_postexit_hashes_verified": true,
    "expected_tool_daemon_postexit_sha256_by_role": {
      "cs_server": "9bf0e15ffe162a96679c14b8117cf8ebe8a47b8032bee4ab8cb0317c112df536",
      "rdi_xsdb": "3193d8c4e7115e82e5b4ea6c2eb1aa8a7566bd5a9f9c78e9d901b9eab9d4ebfc",
      "cmd": "75320a519959cc6d089ea3eba33c38caccb7f138a025ea439bc9686cdb79ded4",
      "conhost": "a93cbb36b9c02364be6a72817174c46f94b66715549f279c6592ed659d237911"
    },
    "expected_tool_daemon_postexit_hash_error": "",
    "expected_tool_daemon_topology_error": "",
    "expected_tool_daemon_topology_terminal_empty": true,
    "process_identity_query_retry_count": 1,
    "process_exit_race_recheck_count": 1,
    "process_identity_query_transient_errors": [],
    "containment_cleanup_attempted": false,
    "containment_cleanup_terminated": false,
    "process_exit_race_rechecked": true,
    "process_identity_query_retried": true,
    "containment_query_error": "",
    "launch_error": "",
    "watchdog_reason": "",
    "active_marker_seen": false,
    "safe_terminal_marker_seen": false,
    "attempted": true,
    "programming_attempted": true,
    "result_file": "C:\\Users\\user\\Documents\\RF_COMM_MULTILANE\\evidence\\hardware\\p7\\authorized_sequence\\p7_20260712_stationary_app_r23_diag_suffix62\\062_p7_ps_functional\\shutdown_before_result.txt",
    "passed": true,
    "failures": []
  },
  "shutdown_after": {
    "name": "shutdown_after",
    "returncode": 0,
    "stdout_path": "C:\\Users\\user\\Documents\\RF_COMM_MULTILANE\\evidence\\hardware\\p7\\authorized_sequence\\p7_20260712_stationary_app_r23_diag_suffix62\\062_p7_ps_functional\\shutdown_after.stdout.log",
    "stderr_path": "C:\\Users\\user\\Documents\\RF_COMM_MULTILANE\\evidence\\hardware\\p7\\authorized_sequence\\p7_20260712_stationary_app_r23_diag_suffix62\\062_p7_ps_functional\\shutdown_after.stderr.log",
    "elapsed_seconds": 48.407541,
    "argv": [
      "D:\\Xilinx\\Vivado\\2023.1\\bin\\vivado.bat",
      "-mode",
      "batch",
      "-source",
      "C:\\Users\\user\\Documents\\RF_COMM_MULTILANE\\scripts\\hw\\p7_jtag_axi_transactions.tcl",
      "-tclargs",
      "C:\\Users\\user\\Documents\\RF_COMM_MULTILANE",
      "SHUTDOWN",
      "C:\\Users\\user\\Documents\\RF_COMM_MULTILANE\\.hardware_authorization\\p7_20260712_stationary_app_r23_diag_suffix62_062_p7_ps_functional.txt",
      "210512180081",
      "xc7z010clg400-1",
      "localhost:3121/xilinx_tcf/Digilent/210512180081",
      "localhost:3121",
      "1000000",
      "C:\\Users\\user\\Documents\\RF_COMM_MULTILANE\\evidence\\hardware\\p7\\shutdown\\p7_frozen_shutdown_bac60b58912f0acd771dc830a6761535ec8f6a92befb1ae4cb7d928745af5810.bit",
      "-",
      "-",
      "C:\\Users\\user\\Documents\\RF_COMM_MULTILANE\\evidence\\hardware\\p7\\authorized_sequence\\p7_20260712_stationary_app_r23_diag_suffix62\\062_p7_ps_functional\\shutdown_after_result.txt.partial",
      "0x43c00000",
      "1",
      "134217728",
      "900",
      "C:\\Users\\user\\Documents\\RF_COMM_MULTILANE\\evidence\\hardware\\p7\\shutdown\\p7_frozen_shutdown_bac60b58912f0acd771dc830a6761535ec8f6a92befb1ae4cb7d928745af5810.bit"
    ],
    "started_at_utc": "2026-07-12T06:37:47.074789+00:00",
    "ended_at_utc": "2026-07-12T06:38:35.482909+00:00",
    "timed_out": false,
    "abort_seen": false,
    "interrupted": false,
    "process_tree_terminated": false,
    "process_tree_reaped": true,
    "containment_kind": "WINDOWS_JOB_OBJECT_KILL_ON_CLOSE",
    "containment_assigned": true,
    "containment_closed": true,
    "descendant_count_after": 0,
    "expected_tool_daemon_grace_used": true,
    "expected_tool_daemon_grace_seconds": 30.0,
    "expected_tool_daemon_paths": [
      "D:\\Xilinx\\Vivado\\2023.1\\bin\\unwrapped\\win64.o\\cs_server.exe",
      "D:\\Xilinx\\Vivado\\2023.1\\bin\\unwrapped\\win64.o\\rdi_xsdb.exe",
      "C:\\Windows\\System32\\cmd.exe",
      "C:\\Windows\\System32\\conhost.exe"
    ],
    "descendant_paths_seen": [
      "D:\\Xilinx\\Vivado\\2023.1\\bin\\unwrapped\\win64.o\\cs_server.exe",
      "D:\\Xilinx\\Vivado\\2023.1\\bin\\unwrapped\\win64.o\\cs_server.exe",
      "C:\\Windows\\System32\\cmd.exe",
      "C:\\Windows\\System32\\conhost.exe",
      "C:\\Windows\\System32\\conhost.exe",
      "D:\\Xilinx\\Vivado\\2023.1\\bin\\unwrapped\\win64.o\\rdi_xsdb.exe"
    ],
    "descendant_processes_seen": [
      {
        "pid": 6100,
        "parent_pid": 28028,
        "parent_active_globally": false,
        "image_path": "D:\\Xilinx\\Vivado\\2023.1\\bin\\unwrapped\\win64.o\\cs_server.exe",
        "creation_time_100ns": 134283118756963958
      },
      {
        "pid": 12264,
        "parent_pid": 6100,
        "parent_active_globally": true,
        "image_path": "D:\\Xilinx\\Vivado\\2023.1\\bin\\unwrapped\\win64.o\\cs_server.exe",
        "creation_time_100ns": 134283118757921827
      },
      {
        "pid": 22336,
        "parent_pid": 46788,
        "parent_active_globally": false,
        "image_path": "C:\\Windows\\System32\\cmd.exe",
        "creation_time_100ns": 134283118761855130
      },
      {
        "pid": 22472,
        "parent_pid": 44212,
        "parent_active_globally": false,
        "image_path": "C:\\Windows\\System32\\conhost.exe",
        "creation_time_100ns": 134283118750182053
      },
      {
        "pid": 45460,
        "parent_pid": 22336,
        "parent_active_globally": true,
        "image_path": "C:\\Windows\\System32\\conhost.exe",
        "creation_time_100ns": 134283118761912475
      },
      {
        "pid": 45600,
        "parent_pid": 22336,
        "parent_active_globally": true,
        "image_path": "D:\\Xilinx\\Vivado\\2023.1\\bin\\unwrapped\\win64.o\\rdi_xsdb.exe",
        "creation_time_100ns": 134283118764849233
      }
    ],
    "expected_tool_daemon_classification": "EXACT_R2_VIVADO_EXIT_HELPER_FOREST",
    "expected_tool_daemon_topology_snapshots": [
      {
        "classification": "EXACT_R2_VIVADO_EXIT_HELPER_FOREST",
        "elapsed_seconds": 0.006979,
        "processes": [
          {
            "pid": 6100,
            "parent_pid": 28028,
            "parent_active_globally": false,
            "image_path": "D:\\Xilinx\\Vivado\\2023.1\\bin\\unwrapped\\win64.o\\cs_server.exe",
            "creation_time_100ns": 134283118756963958
          },
          {
            "pid": 12264,
            "parent_pid": 6100,
            "parent_active_globally": true,
            "image_path": "D:\\Xilinx\\Vivado\\2023.1\\bin\\unwrapped\\win64.o\\cs_server.exe",
            "creation_time_100ns": 134283118757921827
          },
          {
            "pid": 22336,
            "parent_pid": 46788,
            "parent_active_globally": false,
            "image_path": "C:\\Windows\\System32\\cmd.exe",
            "creation_time_100ns": 134283118761855130
          },
          {
            "pid": 22472,
            "parent_pid": 44212,
            "parent_active_globally": false,
            "image_path": "C:\\Windows\\System32\\conhost.exe",
            "creation_time_100ns": 134283118750182053
          },
          {
            "pid": 45460,
            "parent_pid": 22336,
            "parent_active_globally": true,
            "image_path": "C:\\Windows\\System32\\conhost.exe",
            "creation_time_100ns": 134283118761912475
          },
          {
            "pid": 45600,
            "parent_pid": 22336,
            "parent_active_globally": true,
            "image_path": "D:\\Xilinx\\Vivado\\2023.1\\bin\\unwrapped\\win64.o\\rdi_xsdb.exe",
            "creation_time_100ns": 134283118764849233
          }
        ]
      },
      {
        "classification": "STRICT_SHRINK_SUBSET_OF_EXACT_R2_VIVADO_EXIT_HELPER_FOREST",
        "elapsed_seconds": 19.40346,
        "processes": [
          {
            "pid": 6100,
            "parent_pid": 28028,
            "parent_active_globally": false,
            "image_path": "D:\\Xilinx\\Vivado\\2023.1\\bin\\unwrapped\\win64.o\\cs_server.exe",
            "creation_time_100ns": 134283118756963958
          },
          {
            "pid": 12264,
            "parent_pid": 6100,
            "parent_active_globally": true,
            "image_path": "D:\\Xilinx\\Vivado\\2023.1\\bin\\unwrapped\\win64.o\\cs_server.exe",
            "creation_time_100ns": 134283118757921827
          },
          {
            "pid": 22472,
            "parent_pid": 44212,
            "parent_active_globally": false,
            "image_path": "C:\\Windows\\System32\\conhost.exe",
            "creation_time_100ns": 134283118750182053
          }
        ]
      },
      {
        "classification": "EMPTY",
        "elapsed_seconds": 20.69369,
        "processes": []
      }
    ],
    "expected_tool_daemon_topology_revalidation_count": 191,
    "expected_tool_daemon_topology_monotonic": true,
    "expected_tool_daemon_topology_sample_elapsed_seconds": [
      4.5e-05,
      0.006979,
      0.115822,
      0.224205,
      0.3326,
      0.440742,
      0.549354,
      0.657624,
      0.765522,
      0.874377,
      0.982596,
      1.090983,
      1.199349,
      1.307641,
      1.415627,
      1.523941,
      1.632341,
      1.740999,
      1.849854,
      1.95805,
      2.066277,
      2.174428,
      2.282994,
      2.391792,
      2.500038,
      2.608359,
      2.716081,
      2.825231,
      2.934106,
      3.043049,
      3.151973,
      3.260198,
      3.368909,
      3.477151,
      3.585281,
      3.693654,
      3.802133,
      3.910305,
      4.019878,
      4.127731,
      4.236327,
      4.344847,
      4.452663,
      4.561148,
      4.668968,
      4.77821,
      4.885765,
      4.994224,
      5.102818,
      5.211111,
      5.319311,
      5.430977,
      5.539447,
      5.64707,
      5.754824,
      5.863564,
      5.973562,
      6.083408,
      6.192041,
      6.300117,
      6.409318,
      6.518412,
      6.626704,
      6.735196,
      6.842314,
      6.951019,
      7.059769,
      7.167574,
      7.275681,
      7.383494,
      7.49139,
      7.599463,
      7.707311,
      7.815471,
      7.923748,
      8.032374,
      8.140838,
      8.248875,
      8.357602,
      8.465918,
      8.574416,
      8.683243,
      8.791809,
      8.900088,
      9.008607,
      9.11659,
      9.224725,
      9.332736,
      9.440589,
      9.548994,
      9.657211,
      9.76609,
      9.874798,
      9.983483,
      10.092372,
      10.200258,
      10.308495,
      10.41645,
      10.525338,
      10.633729,
      10.741453,
      10.84987,
      10.957849,
      11.066628,
      11.174504,
      11.282614,
      11.390987,
      11.498841,
      11.606891,
      11.714977,
      11.823363,
      11.931067,
      12.039502,
      12.148022,
      12.256424,
      12.364772,
      12.47302,
      12.581892,
      12.689524,
      12.797952,
      12.905524,
      13.016817,
      13.125166,
      13.233552,
      13.341867,
      13.449984,
      13.55876,
      13.666715,
      13.77486,
      13.883242,
      13.991745,
      14.099447,
      14.207039,
      14.315179,
      14.423341,
      14.531051,
      14.63917,
      14.747243,
      14.855562,
      14.964331,
      15.072198,
      15.180257,
      15.288033,
      15.395965,
      15.503748,
      15.612298,
      15.722339,
      15.830898,
      15.939757,
      16.048687,
      16.15634,
      16.264201,
      16.372538,
      16.481012,
      16.590355,
      16.698667,
      16.806873,
      16.914368,
      17.022226,
      17.130592,
      17.238811,
      17.346756,
      17.454169,
      17.561737,
      17.670404,
      17.778868,
      17.888453,
      17.998101,
      18.107711,
      18.213898,
      18.322236,
      18.430696,
      18.537684,
      18.646244,
      18.75493,
      18.86364,
      18.970467,
      19.078722,
      19.186794,
      19.294677,
      19.40346,
      19.51158,
      19.620341,
      19.728953,
      19.837053,
      19.946094,
      20.054455,
      20.160615,
      20.268681,
      20.376808,
      20.485054,
      20.592395,
      20.69369
    ],
    "expected_tool_daemon_topology_max_sample_gap_seconds": 0.111666,
    "expected_tool_daemon_grace_elapsed_seconds": 20.693709,
    "expected_tool_daemon_hashes_verified": true,
    "expected_tool_daemon_sha256_by_role": {
      "cs_server": "9bf0e15ffe162a96679c14b8117cf8ebe8a47b8032bee4ab8cb0317c112df536",
      "rdi_xsdb": "3193d8c4e7115e82e5b4ea6c2eb1aa8a7566bd5a9f9c78e9d901b9eab9d4ebfc",
      "cmd": "75320a519959cc6d089ea3eba33c38caccb7f138a025ea439bc9686cdb79ded4",
      "conhost": "a93cbb36b9c02364be6a72817174c46f94b66715549f279c6592ed659d237911"
    },
    "expected_tool_daemon_hash_error": "",
    "expected_tool_daemon_prelaunch_hashes_verified": true,
    "expected_tool_daemon_prelaunch_sha256_by_role": {
      "cs_server": "9bf0e15ffe162a96679c14b8117cf8ebe8a47b8032bee4ab8cb0317c112df536",
      "rdi_xsdb": "3193d8c4e7115e82e5b4ea6c2eb1aa8a7566bd5a9f9c78e9d901b9eab9d4ebfc",
      "cmd": "75320a519959cc6d089ea3eba33c38caccb7f138a025ea439bc9686cdb79ded4",
      "conhost": "a93cbb36b9c02364be6a72817174c46f94b66715549f279c6592ed659d237911"
    },
    "expected_tool_daemon_prelaunch_hash_error": "",
    "expected_tool_daemon_postexit_hashes_verified": true,
    "expected_tool_daemon_postexit_sha256_by_role": {
      "cs_server": "9bf0e15ffe162a96679c14b8117cf8ebe8a47b8032bee4ab8cb0317c112df536",
      "rdi_xsdb": "3193d8c4e7115e82e5b4ea6c2eb1aa8a7566bd5a9f9c78e9d901b9eab9d4ebfc",
      "cmd": "75320a519959cc6d089ea3eba33c38caccb7f138a025ea439bc9686cdb79ded4",
      "conhost": "a93cbb36b9c02364be6a72817174c46f94b66715549f279c6592ed659d237911"
    },
    "expected_tool_daemon_postexit_hash_error": "",
    "expected_tool_daemon_topology_error": "",
    "expected_tool_daemon_topology_terminal_empty": true,
    "process_identity_query_retry_count": 0,
    "process_exit_race_recheck_count": 0,
    "process_identity_query_transient_errors": [],
    "containment_cleanup_attempted": false,
    "containment_cleanup_terminated": false,
    "process_exit_race_rechecked": false,
    "process_identity_query_retried": false,
    "containment_query_error": "",
    "launch_error": "",
    "watchdog_reason": "",
    "active_marker_seen": false,
    "safe_terminal_marker_seen": false,
    "attempted": true,
    "programming_attempted": true,
    "result_file": "C:\\Users\\user\\Documents\\RF_COMM_MULTILANE\\evidence\\hardware\\p7\\authorized_sequence\\p7_20260712_stationary_app_r23_diag_suffix62\\062_p7_ps_functional\\shutdown_after_result.txt",
    "passed": true,
    "failures": []
  },
  "tfdu_activity_semantics": "conservative_true_once_PS_candidate_ELF_command_is_launched",
  "ps_process": {
    "name": "ps_application_stage",
    "returncode": 0,
    "stdout_path": "C:\\Users\\user\\Documents\\RF_COMM_MULTILANE\\evidence\\hardware\\p7\\authorized_sequence\\p7_20260712_stationary_app_r23_diag_suffix62\\062_p7_ps_functional\\ps_application_stage.stdout.log",
    "stderr_path": "C:\\Users\\user\\Documents\\RF_COMM_MULTILANE\\evidence\\hardware\\p7\\authorized_sequence\\p7_20260712_stationary_app_r23_diag_suffix62\\062_p7_ps_functional\\ps_application_stage.stderr.log",
    "elapsed_seconds": 199.262398,
    "argv": [
      "D:\\Xilinx\\Vitis\\2023.1\\bin\\xsdb.bat",
      "C:\\Users\\user\\Documents\\RF_COMM_MULTILANE\\scripts\\hw\\p7_ps_application_execute.tcl",
      "C:\\Users\\user\\Documents\\RF_COMM_MULTILANE",
      "C:\\Users\\user\\Documents\\RF_COMM_MULTILANE\\.hardware_authorization\\p7_20260712_stationary_app_r23_diag_suffix62_062_p7_ps_functional.txt",
      "C:\\Users\\user\\Documents\\RF_COMM_MULTILANE\\evidence\\hardware\\p7\\authorized_sequence\\p7_20260712_stationary_app_r23_diag_suffix62\\062_p7_ps_functional\\p7_hw_preflight_result.txt",
      "C:\\Users\\user\\Documents\\RF_COMM_MULTILANE\\evidence\\hardware\\p6\\bitstreams\\p6_ps_dynamic_transport_34cdf1c1f7c36595760cc56ae6636209fa64f9b0eebad4d145a4ed5763f23249.bit",
      "C:\\Users\\user\\Documents\\RF_COMM_MULTILANE\\evidence\\hardware\\p7\\artifacts\\p7_runtime_14450369d4c6cbe27899bc69f210278e3b2076573e0122859d266fe63cc8e0ce.elf",
      "C:\\Users\\user\\Documents\\RF_COMM_MULTILANE\\build\\p7_ps_vitis_workspace\\p7_platform\\hw\\ps7_init.tcl",
      "C:\\Users\\user\\Documents\\RF_COMM_MULTILANE\\evidence\\hardware\\p7\\authorized_sequence\\p7_20260712_stationary_app_r23_diag_suffix62\\062_p7_ps_functional\\bundle",
      "C:\\Users\\user\\Documents\\RF_COMM_MULTILANE\\evidence\\hardware\\p7\\authorized_sequence\\p7_20260712_stationary_app_r23_diag_suffix62\\062_p7_ps_functional\\bundle\\execution_plan.txt",
      "C:\\Users\\user\\Documents\\RF_COMM_MULTILANE\\evidence\\hardware\\p7\\authorized_sequence\\p7_20260712_stationary_app_r23_diag_suffix62\\062_p7_ps_functional\\p7_ps_application_raw_result.log.partial",
      "localhost:3121",
      "210512180081",
      "xc7z010clg400-1",
      "localhost:3121/xilinx_tcf/Digilent/210512180081",
      "900",
      "functional",
      "60",
      "C:\\Users\\user\\Documents\\RF_COMM_MULTILANE\\shutdown_bitstream\\tfdu_shutdown_j10_j11.bit",
      "333333343"
    ],
    "started_at_utc": "2026-07-12T06:34:27.802454+00:00",
    "ended_at_utc": "2026-07-12T06:37:47.065400+00:00",
    "timed_out": false,
    "abort_seen": false,
    "interrupted": false,
    "process_tree_terminated": false,
    "process_tree_reaped": true,
    "containment_kind": "WINDOWS_JOB_OBJECT_KILL_ON_CLOSE",
    "containment_assigned": true,
    "containment_closed": true,
    "descendant_count_after": 0,
    "expected_tool_daemon_grace_used": false,
    "expected_tool_daemon_grace_seconds": 0.0,
    "expected_tool_daemon_paths": [],
    "descendant_paths_seen": [],
    "descendant_processes_seen": [],
    "expected_tool_daemon_classification": "NONE",
    "expected_tool_daemon_topology_snapshots": [
      {
        "classification": "EMPTY",
        "elapsed_seconds": 4.2e-05,
        "processes": []
      }
    ],
    "expected_tool_daemon_topology_revalidation_count": 0,
    "expected_tool_daemon_topology_monotonic": false,
    "expected_tool_daemon_topology_sample_elapsed_seconds": [
      4.2e-05
    ],
    "expected_tool_daemon_topology_max_sample_gap_seconds": 0.0,
    "expected_tool_daemon_grace_elapsed_seconds": 0.0,
    "expected_tool_daemon_hashes_verified": false,
    "expected_tool_daemon_sha256_by_role": {},
    "expected_tool_daemon_hash_error": "",
    "expected_tool_daemon_prelaunch_hashes_verified": false,
    "expected_tool_daemon_prelaunch_sha256_by_role": {},
    "expected_tool_daemon_prelaunch_hash_error": "",
    "expected_tool_daemon_postexit_hashes_verified": false,
    "expected_tool_daemon_postexit_sha256_by_role": {},
    "expected_tool_daemon_postexit_hash_error": "",
    "expected_tool_daemon_topology_error": "",
    "expected_tool_daemon_topology_terminal_empty": true,
    "process_identity_query_retry_count": 0,
    "process_exit_race_recheck_count": 0,
    "process_identity_query_transient_errors": [],
    "containment_cleanup_attempted": false,
    "containment_cleanup_terminated": false,
    "process_exit_race_rechecked": false,
    "process_identity_query_retried": false,
    "containment_query_error": "",
    "launch_error": "",
    "watchdog_reason": "",
    "active_marker_seen": false,
    "safe_terminal_marker_seen": false,
    "passed": false,
    "failures": [
      "PS stage marker mismatch: P7_PS_STAGE_RESULT expected=PASS observed=FAIL",
      "P7_PS_STAGE_RESULT=PASS missing from stdout"
    ]
  },
  "child_reaped_before_shutdown_after": true,
  "bundle_post_shutdown_verification": {
    "passed": true,
    "failures": [],
    "immutable_pre_post_equal": true,
    "pre_run_file_count": 238,
    "post_shutdown_file_count": 262
  },
  "postprocess": {
    "passed": false,
    "failures": [
      "PS process did not pass exact rc/marker policy"
    ],
    "mailbox": {},
    "cases": []
  },
  "internal_error": "",
  "ps_failures": [
    "PS stage marker mismatch: P7_PS_STAGE_RESULT expected=PASS observed=FAIL",
    "P7_PS_STAGE_RESULT=PASS missing from stdout"
  ],
  "reason": "PS process, mailbox/descriptor/trace/output, or exact marker checks failed",
  "raw_evidence_sha256_manifest": {
    "path": "C:\\Users\\user\\Documents\\RF_COMM_MULTILANE\\evidence\\hardware\\p7\\authorized_sequence\\p7_20260712_stationary_app_r23_diag_suffix62\\062_p7_ps_functional\\p7_raw_evidence_sha256_manifest.json",
    "size_bytes": 54153,
    "sha256": "a932538fd704225f705a468b4e8331e65d25580352382cdee96114c13395c1ae"
  }
}
