P10_XSDB_DEBUG_DISCOVERY_ATTEMPTS=1
P10_XSDB_DEBUG_DISCOVERY_ELAPSED_MS=20
P10_XSDB_FIXED_TARGETS=APU:5,CPU0:6,FPGA:8
P10_XSDB_ROTATING_TARGETS=APU:1,CPU0:2,FPGA:4
P10_XSDB_IDENTITY=PASS
P10_XSDB_FIXED_SERIAL=210249855178
P10_XSDB_ROTATING_SERIAL=210512180081
P10_XSDB_STAGE=P10_4-DIRECTION_SWITCH
P10_XSDB_RUN_ID=p10_4_20260805T125932Z_a32afe5b_6f915067_ace48b07
P10_XSDB_EXPECTED_BUILD_FIXED=0x50343446
P10_XSDB_EXPECTED_BUILD_ROTATING=0x50343452
P10_XSDB_DEBUG_DISCOVERY_ATTEMPTS=1
P10_XSDB_DEBUG_DISCOVERY_ELAPSED_MS=2
P10_XSDB_FIXED_TARGETS=APU:5,CPU0:6,FPGA:8
P10_XSDB_ROTATING_TARGETS=APU:1,CPU0:2,FPGA:4
P10_XSDB_DEBUG_DISCOVERY_ATTEMPTS=1
P10_XSDB_DEBUG_DISCOVERY_ELAPSED_MS=2
P10_XSDB_FIXED_TARGETS=APU:5,CPU0:6,FPGA:8
P10_XSDB_ROTATING_TARGETS=APU:1,CPU0:2,FPGA:4
P10_CANDIDATE_PROGRAMMED_FIXED=1
P10_PS7_INITIALIZED_FIXED=1
P10_CANDIDATE_PROGRAMMED_ROTATING=1
P10_PS7_INITIALIZED_ROTATING=1
P10_SAFE_STATE_FIXED_PREBOOT=id:0x5031305A,build:0x50343446,profile:0x702004F0,status:0x00000002,phy:0x00000000,physical_tx:0,0,0,0
P10_SAFE_STATE_ROTATING_PREBOOT=id:0x5031305A,build:0x50343452,profile:0x702004A0,status:0x00000002,phy:0x00000000,physical_tx:0,0,0,0
P10_PS_ELF_DOWNLOADED_FIXED=1
P10_PS_ELF_DOWNLOADED_ROTATING=1
P10_SERVICE_READY_FIXED=initial_boot
P10_SERVICE_READY_ROTATING=initial_boot
P10_INITIAL_READY_DUMP_FIXED=C:/Users/user/Documents/RF_COMM_MULTILANE_P10_4/evidence/hardware/p10_4/p10_4_20260805T125932Z_a32afe5b_6f915067_ace48b07/stages/direction_switch/dumps/P10_4-DIRECTION_SWITCH_ready.fixed.bin
P10_INITIAL_READY_DUMP_ROTATING=C:/Users/user/Documents/RF_COMM_MULTILANE_P10_4/evidence/hardware/p10_4/p10_4_20260805T125932Z_a32afe5b_6f915067_ace48b07/stages/direction_switch/dumps/P10_4-DIRECTION_SWITCH_ready.rotating.bin
P10_SAFE_STATE_FIXED_SAFE_BOOT=id:0x5031305A,build:0x50343446,profile:0x702004F0,status:0x00000002,phy:0x00000000,physical_tx:0,0,0,0
P10_SAFE_STATE_ROTATING_SAFE_BOOT=id:0x5031305A,build:0x50343452,profile:0x702004A0,status:0x00000002,phy:0x00000000,physical_tx:0,0,0,0
P10_SAFE_BOOT=PASS
P10_4_SELECTED_CONFIG=buffers4_batch16:ring=32,cache=1,buffers=4,batch=16,ack=32,outstanding=32,object_bytes=262144,descriptor_bytes=65536
P10_3F_WINDOW_START_SWITCH_00_F2R=1785939111712
P10_PAIRED_LAUNCH=switch_00_f2r_00000_4194304:receiver=rotating,sender=fixed
P10_CASE_PASS=switch_00_f2r_00000_4194304
P10_3F_SAFETY_GATE_PASS=switch_00_f2r_00000_4194304
P10_PAIRED_LAUNCH=switch_00_f2r_00001_4194304:receiver=rotating,sender=fixed
P10_CASE_PASS=switch_00_f2r_00001_4194304
P10_3F_SAFETY_GATE_PASS=switch_00_f2r_00001_4194304
P10_PAIRED_LAUNCH=switch_00_f2r_00002_4194304:receiver=rotating,sender=fixed
P10_CASE_PASS=switch_00_f2r_00002_4194304
P10_3F_SAFETY_GATE_PASS=switch_00_f2r_00002_4194304
P10_PAIRED_LAUNCH=switch_00_f2r_00003_1048576:receiver=rotating,sender=fixed
P10_CASE_PASS=switch_00_f2r_00003_1048576
P10_3F_SAFETY_GATE_PASS=switch_00_f2r_00003_1048576
P10_PAIRED_LAUNCH=switch_00_f2r_00004_1048576:receiver=rotating,sender=fixed
P10_CASE_PASS=switch_00_f2r_00004_1048576
P10_3F_SAFETY_GATE_PASS=switch_00_f2r_00004_1048576
P10_PAIRED_LAUNCH=switch_00_f2r_00005_1048576:receiver=rotating,sender=fixed
P10_CASE_PASS=switch_00_f2r_00005_1048576
P10_3F_SAFETY_GATE_PASS=switch_00_f2r_00005_1048576
P10_PAIRED_LAUNCH=switch_00_f2r_00006_1048576:receiver=rotating,sender=fixed
P10_CASE_PASS=switch_00_f2r_00006_1048576
P10_3F_SAFETY_GATE_PASS=switch_00_f2r_00006_1048576
P10_PAIRED_LAUNCH=switch_00_f2r_00007_1048576:receiver=rotating,sender=fixed
P10_CASE_PASS=switch_00_f2r_00007_1048576
P10_3F_SAFETY_GATE_PASS=switch_00_f2r_00007_1048576
P10_PAIRED_LAUNCH=switch_00_f2r_00008_1048576:receiver=rotating,sender=fixed
P10_CASE_PASS=switch_00_f2r_00008_1048576
P10_3F_SAFETY_GATE_PASS=switch_00_f2r_00008_1048576
P10_3F_WINDOW_PASS_SWITCH_00_F2R=cases:9,elapsed_ms:30001,active_ms:22506,max_aggregate_command_bytes:67108864,internal_object_bytes:262144
P10_3F_WINDOW_START_SWITCH_00_R2F=1785939141713
P10_PAIRED_LAUNCH=switch_00_r2f_00000_4194304:receiver=fixed,sender=rotating
P10_CASE_PASS=switch_00_r2f_00000_4194304
P10_3F_SAFETY_GATE_PASS=switch_00_r2f_00000_4194304
P10_PAIRED_LAUNCH=switch_00_r2f_00001_4194304:receiver=fixed,sender=rotating
P10_CASE_PASS=switch_00_r2f_00001_4194304
P10_3F_SAFETY_GATE_PASS=switch_00_r2f_00001_4194304
P10_PAIRED_LAUNCH=switch_00_r2f_00002_4194304:receiver=fixed,sender=rotating
P10_CASE_PASS=switch_00_r2f_00002_4194304
P10_3F_SAFETY_GATE_PASS=switch_00_r2f_00002_4194304
P10_PAIRED_LAUNCH=switch_00_r2f_00003_1048576:receiver=fixed,sender=rotating
P10_CASE_PASS=switch_00_r2f_00003_1048576
P10_3F_SAFETY_GATE_PASS=switch_00_r2f_00003_1048576
P10_PAIRED_LAUNCH=switch_00_r2f_00004_1048576:receiver=fixed,sender=rotating
P10_CASE_PASS=switch_00_r2f_00004_1048576
P10_3F_SAFETY_GATE_PASS=switch_00_r2f_00004_1048576
P10_PAIRED_LAUNCH=switch_00_r2f_00005_1048576:receiver=fixed,sender=rotating
P10_CASE_PASS=switch_00_r2f_00005_1048576
P10_3F_SAFETY_GATE_PASS=switch_00_r2f_00005_1048576
P10_PAIRED_LAUNCH=switch_00_r2f_00006_1048576:receiver=fixed,sender=rotating
P10_CASE_PASS=switch_00_r2f_00006_1048576
P10_3F_SAFETY_GATE_PASS=switch_00_r2f_00006_1048576
P10_PAIRED_LAUNCH=switch_00_r2f_00007_1048576:receiver=fixed,sender=rotating
P10_CASE_PASS=switch_00_r2f_00007_1048576
P10_3F_SAFETY_GATE_PASS=switch_00_r2f_00007_1048576
P10_PAIRED_LAUNCH=switch_00_r2f_00008_1048576:receiver=fixed,sender=rotating
P10_CASE_PASS=switch_00_r2f_00008_1048576
P10_3F_SAFETY_GATE_PASS=switch_00_r2f_00008_1048576
P10_PAIRED_LAUNCH=switch_00_r2f_00009_1048576:receiver=fixed,sender=rotating
P10_CASE_PASS=switch_00_r2f_00009_1048576
P10_3F_SAFETY_GATE_PASS=switch_00_r2f_00009_1048576
P10_3F_WINDOW_PASS_SWITCH_00_R2F=cases:10,elapsed_ms:30008,active_ms:24004,max_aggregate_command_bytes:67108864,internal_object_bytes:262144
P10_3F_WINDOW_START_SWITCH_01_F2R=1785939171721
P10_PAIRED_LAUNCH=switch_01_f2r_00000_4194304:receiver=rotating,sender=fixed
P10_CASE_PASS=switch_01_f2r_00000_4194304
P10_3F_SAFETY_GATE_PASS=switch_01_f2r_00000_4194304
P10_PAIRED_LAUNCH=switch_01_f2r_00001_4194304:receiver=rotating,sender=fixed
P10_CASE_PASS=switch_01_f2r_00001_4194304
P10_3F_SAFETY_GATE_PASS=switch_01_f2r_00001_4194304
P10_PAIRED_LAUNCH=switch_01_f2r_00002_4194304:receiver=rotating,sender=fixed
P10_CASE_PASS=switch_01_f2r_00002_4194304
P10_3F_SAFETY_GATE_PASS=switch_01_f2r_00002_4194304
P10_PAIRED_LAUNCH=switch_01_f2r_00003_1048576:receiver=rotating,sender=fixed
P10_CASE_PASS=switch_01_f2r_00003_1048576
P10_3F_SAFETY_GATE_PASS=switch_01_f2r_00003_1048576
P10_PAIRED_LAUNCH=switch_01_f2r_00004_1048576:receiver=rotating,sender=fixed
P10_CASE_PASS=switch_01_f2r_00004_1048576
P10_3F_SAFETY_GATE_PASS=switch_01_f2r_00004_1048576
P10_PAIRED_LAUNCH=switch_01_f2r_00005_1048576:receiver=rotating,sender=fixed
P10_CASE_PASS=switch_01_f2r_00005_1048576
P10_3F_SAFETY_GATE_PASS=switch_01_f2r_00005_1048576
P10_PAIRED_LAUNCH=switch_01_f2r_00006_1048576:receiver=rotating,sender=fixed
P10_CASE_PASS=switch_01_f2r_00006_1048576
P10_3F_SAFETY_GATE_PASS=switch_01_f2r_00006_1048576
P10_PAIRED_LAUNCH=switch_01_f2r_00007_1048576:receiver=rotating,sender=fixed
P10_CASE_PASS=switch_01_f2r_00007_1048576
P10_3F_SAFETY_GATE_PASS=switch_01_f2r_00007_1048576
P10_PAIRED_LAUNCH=switch_01_f2r_00008_1048576:receiver=rotating,sender=fixed
P10_CASE_PASS=switch_01_f2r_00008_1048576
P10_3F_SAFETY_GATE_PASS=switch_01_f2r_00008_1048576
P10_PAIRED_LAUNCH=switch_01_f2r_00009_1048576:receiver=rotating,sender=fixed
P10_CASE_PASS=switch_01_f2r_00009_1048576
P10_3F_SAFETY_GATE_PASS=switch_01_f2r_00009_1048576
P10_3F_WINDOW_PASS_SWITCH_01_F2R=cases:10,elapsed_ms:30005,active_ms:23843,max_aggregate_command_bytes:67108864,internal_object_bytes:262144
P10_3F_WINDOW_START_SWITCH_01_R2F=1785939201726
P10_PAIRED_LAUNCH=switch_01_r2f_00000_4194304:receiver=fixed,sender=rotating
P10_CASE_PASS=switch_01_r2f_00000_4194304
P10_3F_SAFETY_GATE_PASS=switch_01_r2f_00000_4194304
P10_PAIRED_LAUNCH=switch_01_r2f_00001_4194304:receiver=fixed,sender=rotating
P10_CASE_PASS=switch_01_r2f_00001_4194304
P10_3F_SAFETY_GATE_PASS=switch_01_r2f_00001_4194304
P10_PAIRED_LAUNCH=switch_01_r2f_00002_4194304:receiver=fixed,sender=rotating
P10_CASE_PASS=switch_01_r2f_00002_4194304
P10_3F_SAFETY_GATE_PASS=switch_01_r2f_00002_4194304
P10_PAIRED_LAUNCH=switch_01_r2f_00003_1048576:receiver=fixed,sender=rotating
P10_CASE_PASS=switch_01_r2f_00003_1048576
P10_3F_SAFETY_GATE_PASS=switch_01_r2f_00003_1048576
P10_PAIRED_LAUNCH=switch_01_r2f_00004_1048576:receiver=fixed,sender=rotating
P10_CASE_PASS=switch_01_r2f_00004_1048576
P10_3F_SAFETY_GATE_PASS=switch_01_r2f_00004_1048576
P10_PAIRED_LAUNCH=switch_01_r2f_00005_1048576:receiver=fixed,sender=rotating
P10_CASE_PASS=switch_01_r2f_00005_1048576
P10_3F_SAFETY_GATE_PASS=switch_01_r2f_00005_1048576
P10_PAIRED_LAUNCH=switch_01_r2f_00006_1048576:receiver=fixed,sender=rotating
P10_CASE_PASS=switch_01_r2f_00006_1048576
P10_3F_SAFETY_GATE_PASS=switch_01_r2f_00006_1048576
P10_PAIRED_LAUNCH=switch_01_r2f_00007_1048576:receiver=fixed,sender=rotating
P10_CASE_PASS=switch_01_r2f_00007_1048576
P10_3F_SAFETY_GATE_PASS=switch_01_r2f_00007_1048576
P10_PAIRED_LAUNCH=switch_01_r2f_00008_1048576:receiver=fixed,sender=rotating
P10_CASE_PASS=switch_01_r2f_00008_1048576
P10_3F_SAFETY_GATE_PASS=switch_01_r2f_00008_1048576
P10_3F_WINDOW_PASS_SWITCH_01_R2F=cases:9,elapsed_ms:30012,active_ms:22933,max_aggregate_command_bytes:67108864,internal_object_bytes:262144
P10_3F_WINDOW_START_SWITCH_02_F2R=1785939231738
P10_PAIRED_LAUNCH=switch_02_f2r_00000_4194304:receiver=rotating,sender=fixed
P10_CASE_PASS=switch_02_f2r_00000_4194304
P10_3F_SAFETY_GATE_PASS=switch_02_f2r_00000_4194304
P10_PAIRED_LAUNCH=switch_02_f2r_00001_4194304:receiver=rotating,sender=fixed
P10_CASE_PASS=switch_02_f2r_00001_4194304
P10_3F_SAFETY_GATE_PASS=switch_02_f2r_00001_4194304
P10_PAIRED_LAUNCH=switch_02_f2r_00002_4194304:receiver=rotating,sender=fixed
P10_CASE_PASS=switch_02_f2r_00002_4194304
P10_3F_SAFETY_GATE_PASS=switch_02_f2r_00002_4194304
P10_PAIRED_LAUNCH=switch_02_f2r_00003_1048576:receiver=rotating,sender=fixed
P10_CASE_PASS=switch_02_f2r_00003_1048576
P10_3F_SAFETY_GATE_PASS=switch_02_f2r_00003_1048576
P10_PAIRED_LAUNCH=switch_02_f2r_00004_1048576:receiver=rotating,sender=fixed
P10_CASE_PASS=switch_02_f2r_00004_1048576
P10_3F_SAFETY_GATE_PASS=switch_02_f2r_00004_1048576
P10_PAIRED_LAUNCH=switch_02_f2r_00005_1048576:receiver=rotating,sender=fixed
P10_CASE_PASS=switch_02_f2r_00005_1048576
P10_3F_SAFETY_GATE_PASS=switch_02_f2r_00005_1048576
P10_PAIRED_LAUNCH=switch_02_f2r_00006_1048576:receiver=rotating,sender=fixed
P10_CASE_PASS=switch_02_f2r_00006_1048576
P10_3F_SAFETY_GATE_PASS=switch_02_f2r_00006_1048576
P10_PAIRED_LAUNCH=switch_02_f2r_00007_1048576:receiver=rotating,sender=fixed
P10_CASE_PASS=switch_02_f2r_00007_1048576
P10_3F_SAFETY_GATE_PASS=switch_02_f2r_00007_1048576
P10_PAIRED_LAUNCH=switch_02_f2r_00008_1048576:receiver=rotating,sender=fixed
P10_CASE_PASS=switch_02_f2r_00008_1048576
P10_3F_SAFETY_GATE_PASS=switch_02_f2r_00008_1048576
P10_PAIRED_LAUNCH=switch_02_f2r_00009_1048576:receiver=rotating,sender=fixed
P10_CASE_PASS=switch_02_f2r_00009_1048576
P10_3F_SAFETY_GATE_PASS=switch_02_f2r_00009_1048576
P10_3F_WINDOW_PASS_SWITCH_02_F2R=cases:10,elapsed_ms:30009,active_ms:23889,max_aggregate_command_bytes:67108864,internal_object_bytes:262144
P10_3F_WINDOW_START_SWITCH_02_R2F=1785939261747
P10_PAIRED_LAUNCH=switch_02_r2f_00000_4194304:receiver=fixed,sender=rotating
P10_CASE_PASS=switch_02_r2f_00000_4194304
P10_3F_SAFETY_GATE_PASS=switch_02_r2f_00000_4194304
P10_PAIRED_LAUNCH=switch_02_r2f_00001_4194304:receiver=fixed,sender=rotating
P10_CASE_PASS=switch_02_r2f_00001_4194304
P10_3F_SAFETY_GATE_PASS=switch_02_r2f_00001_4194304
P10_PAIRED_LAUNCH=switch_02_r2f_00002_4194304:receiver=fixed,sender=rotating
P10_CASE_PASS=switch_02_r2f_00002_4194304
P10_3F_SAFETY_GATE_PASS=switch_02_r2f_00002_4194304
P10_PAIRED_LAUNCH=switch_02_r2f_00003_1048576:receiver=fixed,sender=rotating
P10_CASE_PASS=switch_02_r2f_00003_1048576
P10_3F_SAFETY_GATE_PASS=switch_02_r2f_00003_1048576
P10_PAIRED_LAUNCH=switch_02_r2f_00004_1048576:receiver=fixed,sender=rotating
P10_CASE_PASS=switch_02_r2f_00004_1048576
P10_3F_SAFETY_GATE_PASS=switch_02_r2f_00004_1048576
P10_PAIRED_LAUNCH=switch_02_r2f_00005_1048576:receiver=fixed,sender=rotating
P10_CASE_PASS=switch_02_r2f_00005_1048576
P10_3F_SAFETY_GATE_PASS=switch_02_r2f_00005_1048576
P10_PAIRED_LAUNCH=switch_02_r2f_00006_1048576:receiver=fixed,sender=rotating
P10_CASE_PASS=switch_02_r2f_00006_1048576
P10_3F_SAFETY_GATE_PASS=switch_02_r2f_00006_1048576
P10_PAIRED_LAUNCH=switch_02_r2f_00007_1048576:receiver=fixed,sender=rotating
P10_CASE_PASS=switch_02_r2f_00007_1048576
P10_3F_SAFETY_GATE_PASS=switch_02_r2f_00007_1048576
P10_PAIRED_LAUNCH=switch_02_r2f_00008_1048576:receiver=fixed,sender=rotating
P10_CASE_PASS=switch_02_r2f_00008_1048576
P10_3F_SAFETY_GATE_PASS=switch_02_r2f_00008_1048576
P10_PAIRED_LAUNCH=switch_02_r2f_00009_1048576:receiver=fixed,sender=rotating
P10_CASE_PASS=switch_02_r2f_00009_1048576
P10_3F_SAFETY_GATE_PASS=switch_02_r2f_00009_1048576
P10_3F_WINDOW_PASS_SWITCH_02_R2F=cases:10,elapsed_ms:30009,active_ms:23953,max_aggregate_command_bytes:67108864,internal_object_bytes:262144
P10_3F_WINDOW_START_SWITCH_03_F2R=1785939291756
P10_PAIRED_LAUNCH=switch_03_f2r_00000_4194304:receiver=rotating,sender=fixed
P10_CASE_PASS=switch_03_f2r_00000_4194304
P10_3F_SAFETY_GATE_PASS=switch_03_f2r_00000_4194304
P10_PAIRED_LAUNCH=switch_03_f2r_00001_4194304:receiver=rotating,sender=fixed
P10_CASE_PASS=switch_03_f2r_00001_4194304
P10_3F_SAFETY_GATE_PASS=switch_03_f2r_00001_4194304
P10_PAIRED_LAUNCH=switch_03_f2r_00002_4194304:receiver=rotating,sender=fixed
P10_CASE_PASS=switch_03_f2r_00002_4194304
P10_3F_SAFETY_GATE_PASS=switch_03_f2r_00002_4194304
P10_PAIRED_LAUNCH=switch_03_f2r_00003_1048576:receiver=rotating,sender=fixed
P10_CASE_PASS=switch_03_f2r_00003_1048576
P10_3F_SAFETY_GATE_PASS=switch_03_f2r_00003_1048576
P10_PAIRED_LAUNCH=switch_03_f2r_00004_1048576:receiver=rotating,sender=fixed
P10_CASE_PASS=switch_03_f2r_00004_1048576
P10_3F_SAFETY_GATE_PASS=switch_03_f2r_00004_1048576
P10_PAIRED_LAUNCH=switch_03_f2r_00005_1048576:receiver=rotating,sender=fixed
P10_CASE_PASS=switch_03_f2r_00005_1048576
P10_3F_SAFETY_GATE_PASS=switch_03_f2r_00005_1048576
P10_PAIRED_LAUNCH=switch_03_f2r_00006_1048576:receiver=rotating,sender=fixed
P10_CASE_PASS=switch_03_f2r_00006_1048576
P10_3F_SAFETY_GATE_PASS=switch_03_f2r_00006_1048576
P10_PAIRED_LAUNCH=switch_03_f2r_00007_1048576:receiver=rotating,sender=fixed
P10_CASE_PASS=switch_03_f2r_00007_1048576
P10_3F_SAFETY_GATE_PASS=switch_03_f2r_00007_1048576
P10_PAIRED_LAUNCH=switch_03_f2r_00008_1048576:receiver=rotating,sender=fixed
P10_CASE_PASS=switch_03_f2r_00008_1048576
P10_3F_SAFETY_GATE_PASS=switch_03_f2r_00008_1048576
P10_3F_WINDOW_PASS_SWITCH_03_F2R=cases:9,elapsed_ms:30001,active_ms:23228,max_aggregate_command_bytes:67108864,internal_object_bytes:262144
P10_3F_WINDOW_START_SWITCH_03_R2F=1785939321757
P10_PAIRED_LAUNCH=switch_03_r2f_00000_4194304:receiver=fixed,sender=rotating
P10_CASE_PASS=switch_03_r2f_00000_4194304
P10_3F_SAFETY_GATE_PASS=switch_03_r2f_00000_4194304
P10_PAIRED_LAUNCH=switch_03_r2f_00001_4194304:receiver=fixed,sender=rotating
P10_CASE_PASS=switch_03_r2f_00001_4194304
P10_3F_SAFETY_GATE_PASS=switch_03_r2f_00001_4194304
P10_PAIRED_LAUNCH=switch_03_r2f_00002_4194304:receiver=fixed,sender=rotating
P10_CASE_PASS=switch_03_r2f_00002_4194304
P10_3F_SAFETY_GATE_PASS=switch_03_r2f_00002_4194304
P10_PAIRED_LAUNCH=switch_03_r2f_00003_1048576:receiver=fixed,sender=rotating
P10_CASE_PASS=switch_03_r2f_00003_1048576
P10_3F_SAFETY_GATE_PASS=switch_03_r2f_00003_1048576
P10_PAIRED_LAUNCH=switch_03_r2f_00004_1048576:receiver=fixed,sender=rotating
P10_CASE_PASS=switch_03_r2f_00004_1048576
P10_3F_SAFETY_GATE_PASS=switch_03_r2f_00004_1048576
P10_PAIRED_LAUNCH=switch_03_r2f_00005_1048576:receiver=fixed,sender=rotating
P10_CASE_PASS=switch_03_r2f_00005_1048576
P10_3F_SAFETY_GATE_PASS=switch_03_r2f_00005_1048576
P10_PAIRED_LAUNCH=switch_03_r2f_00006_1048576:receiver=fixed,sender=rotating
P10_CASE_PASS=switch_03_r2f_00006_1048576
P10_3F_SAFETY_GATE_PASS=switch_03_r2f_00006_1048576
P10_PAIRED_LAUNCH=switch_03_r2f_00007_1048576:receiver=fixed,sender=rotating
P10_CASE_PASS=switch_03_r2f_00007_1048576
P10_3F_SAFETY_GATE_PASS=switch_03_r2f_00007_1048576
P10_PAIRED_LAUNCH=switch_03_r2f_00008_1048576:receiver=fixed,sender=rotating
P10_CASE_PASS=switch_03_r2f_00008_1048576
P10_3F_SAFETY_GATE_PASS=switch_03_r2f_00008_1048576
P10_PAIRED_LAUNCH=switch_03_r2f_00009_1048576:receiver=fixed,sender=rotating
P10_CASE_PASS=switch_03_r2f_00009_1048576
P10_3F_SAFETY_GATE_PASS=switch_03_r2f_00009_1048576
P10_3F_WINDOW_PASS_SWITCH_03_R2F=cases:10,elapsed_ms:30003,active_ms:23981,max_aggregate_command_bytes:67108864,internal_object_bytes:262144
P10_3F_WINDOW_START_SWITCH_04_F2R=1785939351760
P10_PAIRED_LAUNCH=switch_04_f2r_00000_4194304:receiver=rotating,sender=fixed
P10_CASE_PASS=switch_04_f2r_00000_4194304
P10_3F_SAFETY_GATE_PASS=switch_04_f2r_00000_4194304
P10_PAIRED_LAUNCH=switch_04_f2r_00001_4194304:receiver=rotating,sender=fixed
P10_CASE_PASS=switch_04_f2r_00001_4194304
P10_3F_SAFETY_GATE_PASS=switch_04_f2r_00001_4194304
P10_PAIRED_LAUNCH=switch_04_f2r_00002_4194304:receiver=rotating,sender=fixed
P10_CASE_PASS=switch_04_f2r_00002_4194304
P10_3F_SAFETY_GATE_PASS=switch_04_f2r_00002_4194304
P10_PAIRED_LAUNCH=switch_04_f2r_00003_1048576:receiver=rotating,sender=fixed
P10_CASE_PASS=switch_04_f2r_00003_1048576
P10_3F_SAFETY_GATE_PASS=switch_04_f2r_00003_1048576
P10_PAIRED_LAUNCH=switch_04_f2r_00004_1048576:receiver=rotating,sender=fixed
P10_CASE_PASS=switch_04_f2r_00004_1048576
P10_3F_SAFETY_GATE_PASS=switch_04_f2r_00004_1048576
P10_PAIRED_LAUNCH=switch_04_f2r_00005_1048576:receiver=rotating,sender=fixed
P10_CASE_PASS=switch_04_f2r_00005_1048576
P10_3F_SAFETY_GATE_PASS=switch_04_f2r_00005_1048576
P10_PAIRED_LAUNCH=switch_04_f2r_00006_1048576:receiver=rotating,sender=fixed
P10_CASE_PASS=switch_04_f2r_00006_1048576
P10_3F_SAFETY_GATE_PASS=switch_04_f2r_00006_1048576
P10_PAIRED_LAUNCH=switch_04_f2r_00007_1048576:receiver=rotating,sender=fixed
P10_CASE_PASS=switch_04_f2r_00007_1048576
P10_3F_SAFETY_GATE_PASS=switch_04_f2r_00007_1048576
P10_PAIRED_LAUNCH=switch_04_f2r_00008_1048576:receiver=rotating,sender=fixed
P10_CASE_PASS=switch_04_f2r_00008_1048576
P10_3F_SAFETY_GATE_PASS=switch_04_f2r_00008_1048576
P10_PAIRED_LAUNCH=switch_04_f2r_00009_1048576:receiver=rotating,sender=fixed
P10_CASE_PASS=switch_04_f2r_00009_1048576
P10_3F_SAFETY_GATE_PASS=switch_04_f2r_00009_1048576
P10_3F_WINDOW_PASS_SWITCH_04_F2R=cases:10,elapsed_ms:30011,active_ms:23918,max_aggregate_command_bytes:67108864,internal_object_bytes:262144
P10_3F_WINDOW_START_SWITCH_04_R2F=1785939381771
P10_PAIRED_LAUNCH=switch_04_r2f_00000_4194304:receiver=fixed,sender=rotating
P10_CASE_PASS=switch_04_r2f_00000_4194304
P10_3F_SAFETY_GATE_PASS=switch_04_r2f_00000_4194304
P10_PAIRED_LAUNCH=switch_04_r2f_00001_4194304:receiver=fixed,sender=rotating
P10_CASE_PASS=switch_04_r2f_00001_4194304
P10_3F_SAFETY_GATE_PASS=switch_04_r2f_00001_4194304
P10_PAIRED_LAUNCH=switch_04_r2f_00002_4194304:receiver=fixed,sender=rotating
P10_CASE_PASS=switch_04_r2f_00002_4194304
P10_3F_SAFETY_GATE_PASS=switch_04_r2f_00002_4194304
P10_PAIRED_LAUNCH=switch_04_r2f_00003_1048576:receiver=fixed,sender=rotating
P10_CASE_PASS=switch_04_r2f_00003_1048576
P10_3F_SAFETY_GATE_PASS=switch_04_r2f_00003_1048576
P10_PAIRED_LAUNCH=switch_04_r2f_00004_1048576:receiver=fixed,sender=rotating
P10_CASE_PASS=switch_04_r2f_00004_1048576
P10_3F_SAFETY_GATE_PASS=switch_04_r2f_00004_1048576
P10_PAIRED_LAUNCH=switch_04_r2f_00005_1048576:receiver=fixed,sender=rotating
P10_CASE_PASS=switch_04_r2f_00005_1048576
P10_3F_SAFETY_GATE_PASS=switch_04_r2f_00005_1048576
P10_PAIRED_LAUNCH=switch_04_r2f_00006_1048576:receiver=fixed,sender=rotating
P10_CASE_PASS=switch_04_r2f_00006_1048576
P10_3F_SAFETY_GATE_PASS=switch_04_r2f_00006_1048576
P10_PAIRED_LAUNCH=switch_04_r2f_00007_1048576:receiver=fixed,sender=rotating
P10_CASE_PASS=switch_04_r2f_00007_1048576
P10_3F_SAFETY_GATE_PASS=switch_04_r2f_00007_1048576
P10_PAIRED_LAUNCH=switch_04_r2f_00008_1048576:receiver=fixed,sender=rotating
P10_CASE_PASS=switch_04_r2f_00008_1048576
P10_3F_SAFETY_GATE_PASS=switch_04_r2f_00008_1048576
P10_PAIRED_LAUNCH=switch_04_r2f_00009_1048576:receiver=fixed,sender=rotating
P10_CASE_PASS=switch_04_r2f_00009_1048576
P10_3F_SAFETY_GATE_PASS=switch_04_r2f_00009_1048576
P10_3F_WINDOW_PASS_SWITCH_04_R2F=cases:10,elapsed_ms:30009,active_ms:24075,max_aggregate_command_bytes:67108864,internal_object_bytes:262144
P10_3F_WINDOW_START_SWITCH_05_F2R=1785939411780
P10_PAIRED_LAUNCH=switch_05_f2r_00000_4194304:receiver=rotating,sender=fixed
P10_CASE_PASS=switch_05_f2r_00000_4194304
P10_3F_SAFETY_GATE_PASS=switch_05_f2r_00000_4194304
P10_PAIRED_LAUNCH=switch_05_f2r_00001_4194304:receiver=rotating,sender=fixed
P10_CASE_PASS=switch_05_f2r_00001_4194304
P10_3F_SAFETY_GATE_PASS=switch_05_f2r_00001_4194304
P10_PAIRED_LAUNCH=switch_05_f2r_00002_4194304:receiver=rotating,sender=fixed
P10_CASE_PASS=switch_05_f2r_00002_4194304
P10_3F_SAFETY_GATE_PASS=switch_05_f2r_00002_4194304
P10_PAIRED_LAUNCH=switch_05_f2r_00003_1048576:receiver=rotating,sender=fixed
P10_CASE_PASS=switch_05_f2r_00003_1048576
P10_3F_SAFETY_GATE_PASS=switch_05_f2r_00003_1048576
P10_PAIRED_LAUNCH=switch_05_f2r_00004_1048576:receiver=rotating,sender=fixed
P10_CASE_PASS=switch_05_f2r_00004_1048576
P10_3F_SAFETY_GATE_PASS=switch_05_f2r_00004_1048576
P10_PAIRED_LAUNCH=switch_05_f2r_00005_1048576:receiver=rotating,sender=fixed
P10_CASE_PASS=switch_05_f2r_00005_1048576
P10_3F_SAFETY_GATE_PASS=switch_05_f2r_00005_1048576
P10_PAIRED_LAUNCH=switch_05_f2r_00006_1048576:receiver=rotating,sender=fixed
P10_CASE_PASS=switch_05_f2r_00006_1048576
P10_3F_SAFETY_GATE_PASS=switch_05_f2r_00006_1048576
P10_PAIRED_LAUNCH=switch_05_f2r_00007_1048576:receiver=rotating,sender=fixed
P10_CASE_PASS=switch_05_f2r_00007_1048576
P10_3F_SAFETY_GATE_PASS=switch_05_f2r_00007_1048576
P10_PAIRED_LAUNCH=switch_05_f2r_00008_1048576:receiver=rotating,sender=fixed
P10_CASE_PASS=switch_05_f2r_00008_1048576
P10_3F_SAFETY_GATE_PASS=switch_05_f2r_00008_1048576
P10_PAIRED_LAUNCH=switch_05_f2r_00009_1048576:receiver=rotating,sender=fixed
P10_CASE_PASS=switch_05_f2r_00009_1048576
P10_3F_SAFETY_GATE_PASS=switch_05_f2r_00009_1048576
P10_3F_WINDOW_PASS_SWITCH_05_F2R=cases:10,elapsed_ms:30007,active_ms:23948,max_aggregate_command_bytes:67108864,internal_object_bytes:262144
P10_3F_WINDOW_START_SWITCH_05_R2F=1785939441787
P10_PAIRED_LAUNCH=switch_05_r2f_00000_4194304:receiver=fixed,sender=rotating
P10_CASE_PASS=switch_05_r2f_00000_4194304
P10_3F_SAFETY_GATE_PASS=switch_05_r2f_00000_4194304
P10_PAIRED_LAUNCH=switch_05_r2f_00001_4194304:receiver=fixed,sender=rotating
P10_CASE_PASS=switch_05_r2f_00001_4194304
P10_3F_SAFETY_GATE_PASS=switch_05_r2f_00001_4194304
P10_PAIRED_LAUNCH=switch_05_r2f_00002_4194304:receiver=fixed,sender=rotating
P10_CASE_PASS=switch_05_r2f_00002_4194304
P10_3F_SAFETY_GATE_PASS=switch_05_r2f_00002_4194304
P10_PAIRED_LAUNCH=switch_05_r2f_00003_1048576:receiver=fixed,sender=rotating
P10_CASE_PASS=switch_05_r2f_00003_1048576
P10_3F_SAFETY_GATE_PASS=switch_05_r2f_00003_1048576
P10_PAIRED_LAUNCH=switch_05_r2f_00004_1048576:receiver=fixed,sender=rotating
P10_CASE_PASS=switch_05_r2f_00004_1048576
P10_3F_SAFETY_GATE_PASS=switch_05_r2f_00004_1048576
P10_PAIRED_LAUNCH=switch_05_r2f_00005_1048576:receiver=fixed,sender=rotating
P10_CASE_PASS=switch_05_r2f_00005_1048576
P10_3F_SAFETY_GATE_PASS=switch_05_r2f_00005_1048576
P10_PAIRED_LAUNCH=switch_05_r2f_00006_1048576:receiver=fixed,sender=rotating
P10_CASE_PASS=switch_05_r2f_00006_1048576
P10_3F_SAFETY_GATE_PASS=switch_05_r2f_00006_1048576
P10_PAIRED_LAUNCH=switch_05_r2f_00007_1048576:receiver=fixed,sender=rotating
P10_CASE_PASS=switch_05_r2f_00007_1048576
P10_3F_SAFETY_GATE_PASS=switch_05_r2f_00007_1048576
P10_PAIRED_LAUNCH=switch_05_r2f_00008_1048576:receiver=fixed,sender=rotating
P10_CASE_PASS=switch_05_r2f_00008_1048576
P10_3F_SAFETY_GATE_PASS=switch_05_r2f_00008_1048576
P10_3F_WINDOW_PASS_SWITCH_05_R2F=cases:9,elapsed_ms:30014,active_ms:22896,max_aggregate_command_bytes:67108864,internal_object_bytes:262144
P10_3F_WINDOW_START_SWITCH_06_F2R=1785939471801
P10_PAIRED_LAUNCH=switch_06_f2r_00000_4194304:receiver=rotating,sender=fixed
P10_CASE_PASS=switch_06_f2r_00000_4194304
P10_3F_SAFETY_GATE_PASS=switch_06_f2r_00000_4194304
P10_PAIRED_LAUNCH=switch_06_f2r_00001_4194304:receiver=rotating,sender=fixed
P10_CASE_PASS=switch_06_f2r_00001_4194304
P10_3F_SAFETY_GATE_PASS=switch_06_f2r_00001_4194304
P10_PAIRED_LAUNCH=switch_06_f2r_00002_4194304:receiver=rotating,sender=fixed
P10_CASE_PASS=switch_06_f2r_00002_4194304
P10_3F_SAFETY_GATE_PASS=switch_06_f2r_00002_4194304
P10_PAIRED_LAUNCH=switch_06_f2r_00003_1048576:receiver=rotating,sender=fixed
P10_CASE_PASS=switch_06_f2r_00003_1048576
P10_3F_SAFETY_GATE_PASS=switch_06_f2r_00003_1048576
P10_PAIRED_LAUNCH=switch_06_f2r_00004_1048576:receiver=rotating,sender=fixed
P10_CASE_PASS=switch_06_f2r_00004_1048576
P10_3F_SAFETY_GATE_PASS=switch_06_f2r_00004_1048576
P10_PAIRED_LAUNCH=switch_06_f2r_00005_1048576:receiver=rotating,sender=fixed
P10_CASE_PASS=switch_06_f2r_00005_1048576
P10_3F_SAFETY_GATE_PASS=switch_06_f2r_00005_1048576
P10_PAIRED_LAUNCH=switch_06_f2r_00006_1048576:receiver=rotating,sender=fixed
P10_CASE_PASS=switch_06_f2r_00006_1048576
P10_3F_SAFETY_GATE_PASS=switch_06_f2r_00006_1048576
P10_PAIRED_LAUNCH=switch_06_f2r_00007_1048576:receiver=rotating,sender=fixed
P10_CASE_PASS=switch_06_f2r_00007_1048576
P10_3F_SAFETY_GATE_PASS=switch_06_f2r_00007_1048576
P10_PAIRED_LAUNCH=switch_06_f2r_00008_1048576:receiver=rotating,sender=fixed
P10_CASE_PASS=switch_06_f2r_00008_1048576
P10_3F_SAFETY_GATE_PASS=switch_06_f2r_00008_1048576
P10_PAIRED_LAUNCH=switch_06_f2r_00009_1048576:receiver=rotating,sender=fixed
P10_CASE_PASS=switch_06_f2r_00009_1048576
P10_3F_SAFETY_GATE_PASS=switch_06_f2r_00009_1048576
P10_3F_WINDOW_PASS_SWITCH_06_F2R=cases:10,elapsed_ms:30012,active_ms:23877,max_aggregate_command_bytes:67108864,internal_object_bytes:262144
P10_3F_WINDOW_START_SWITCH_06_R2F=1785939501814
P10_PAIRED_LAUNCH=switch_06_r2f_00000_4194304:receiver=fixed,sender=rotating
P10_CASE_PASS=switch_06_r2f_00000_4194304
P10_3F_SAFETY_GATE_PASS=switch_06_r2f_00000_4194304
P10_PAIRED_LAUNCH=switch_06_r2f_00001_4194304:receiver=fixed,sender=rotating
P10_CASE_PASS=switch_06_r2f_00001_4194304
P10_3F_SAFETY_GATE_PASS=switch_06_r2f_00001_4194304
P10_PAIRED_LAUNCH=switch_06_r2f_00002_4194304:receiver=fixed,sender=rotating
P10_CASE_PASS=switch_06_r2f_00002_4194304
P10_3F_SAFETY_GATE_PASS=switch_06_r2f_00002_4194304
P10_PAIRED_LAUNCH=switch_06_r2f_00003_1048576:receiver=fixed,sender=rotating
P10_CASE_PASS=switch_06_r2f_00003_1048576
P10_3F_SAFETY_GATE_PASS=switch_06_r2f_00003_1048576
P10_PAIRED_LAUNCH=switch_06_r2f_00004_1048576:receiver=fixed,sender=rotating
P10_CASE_PASS=switch_06_r2f_00004_1048576
P10_3F_SAFETY_GATE_PASS=switch_06_r2f_00004_1048576
P10_PAIRED_LAUNCH=switch_06_r2f_00005_1048576:receiver=fixed,sender=rotating
P10_CASE_PASS=switch_06_r2f_00005_1048576
P10_3F_SAFETY_GATE_PASS=switch_06_r2f_00005_1048576
P10_PAIRED_LAUNCH=switch_06_r2f_00006_1048576:receiver=fixed,sender=rotating
P10_CASE_PASS=switch_06_r2f_00006_1048576
P10_3F_SAFETY_GATE_PASS=switch_06_r2f_00006_1048576
P10_PAIRED_LAUNCH=switch_06_r2f_00007_1048576:receiver=fixed,sender=rotating
P10_CASE_PASS=switch_06_r2f_00007_1048576
P10_3F_SAFETY_GATE_PASS=switch_06_r2f_00007_1048576
P10_PAIRED_LAUNCH=switch_06_r2f_00008_1048576:receiver=fixed,sender=rotating
P10_CASE_PASS=switch_06_r2f_00008_1048576
P10_3F_SAFETY_GATE_PASS=switch_06_r2f_00008_1048576
P10_PAIRED_LAUNCH=switch_06_r2f_00009_1048576:receiver=fixed,sender=rotating
P10_CASE_PASS=switch_06_r2f_00009_1048576
P10_3F_SAFETY_GATE_PASS=switch_06_r2f_00009_1048576
P10_3F_WINDOW_PASS_SWITCH_06_R2F=cases:10,elapsed_ms:30011,active_ms:24082,max_aggregate_command_bytes:67108864,internal_object_bytes:262144
P10_3F_WINDOW_START_SWITCH_07_F2R=1785939531825
P10_PAIRED_LAUNCH=switch_07_f2r_00000_4194304:receiver=rotating,sender=fixed
P10_CASE_PASS=switch_07_f2r_00000_4194304
P10_3F_SAFETY_GATE_PASS=switch_07_f2r_00000_4194304
P10_PAIRED_LAUNCH=switch_07_f2r_00001_4194304:receiver=rotating,sender=fixed
P10_CASE_PASS=switch_07_f2r_00001_4194304
P10_3F_SAFETY_GATE_PASS=switch_07_f2r_00001_4194304
P10_PAIRED_LAUNCH=switch_07_f2r_00002_4194304:receiver=rotating,sender=fixed
P10_CASE_PASS=switch_07_f2r_00002_4194304
P10_3F_SAFETY_GATE_PASS=switch_07_f2r_00002_4194304
P10_PAIRED_LAUNCH=switch_07_f2r_00003_1048576:receiver=rotating,sender=fixed
P10_CASE_PASS=switch_07_f2r_00003_1048576
P10_3F_SAFETY_GATE_PASS=switch_07_f2r_00003_1048576
P10_PAIRED_LAUNCH=switch_07_f2r_00004_1048576:receiver=rotating,sender=fixed
P10_CASE_PASS=switch_07_f2r_00004_1048576
P10_3F_SAFETY_GATE_PASS=switch_07_f2r_00004_1048576
P10_PAIRED_LAUNCH=switch_07_f2r_00005_1048576:receiver=rotating,sender=fixed
P10_CASE_PASS=switch_07_f2r_00005_1048576
P10_3F_SAFETY_GATE_PASS=switch_07_f2r_00005_1048576
P10_PAIRED_LAUNCH=switch_07_f2r_00006_1048576:receiver=rotating,sender=fixed
P10_CASE_PASS=switch_07_f2r_00006_1048576
P10_3F_SAFETY_GATE_PASS=switch_07_f2r_00006_1048576
P10_PAIRED_LAUNCH=switch_07_f2r_00007_1048576:receiver=rotating,sender=fixed
P10_CASE_PASS=switch_07_f2r_00007_1048576
P10_3F_SAFETY_GATE_PASS=switch_07_f2r_00007_1048576
P10_PAIRED_LAUNCH=switch_07_f2r_00008_1048576:receiver=rotating,sender=fixed
P10_CASE_PASS=switch_07_f2r_00008_1048576
P10_3F_SAFETY_GATE_PASS=switch_07_f2r_00008_1048576
P10_3F_WINDOW_PASS_SWITCH_07_F2R=cases:9,elapsed_ms:30011,active_ms:23082,max_aggregate_command_bytes:67108864,internal_object_bytes:262144
P10_3F_WINDOW_START_SWITCH_07_R2F=1785939561837
P10_PAIRED_LAUNCH=switch_07_r2f_00000_4194304:receiver=fixed,sender=rotating
P10_CASE_PASS=switch_07_r2f_00000_4194304
P10_3F_SAFETY_GATE_PASS=switch_07_r2f_00000_4194304
P10_PAIRED_LAUNCH=switch_07_r2f_00001_4194304:receiver=fixed,sender=rotating
P10_CASE_PASS=switch_07_r2f_00001_4194304
P10_3F_SAFETY_GATE_PASS=switch_07_r2f_00001_4194304
P10_PAIRED_LAUNCH=switch_07_r2f_00002_4194304:receiver=fixed,sender=rotating
P10_CASE_PASS=switch_07_r2f_00002_4194304
P10_3F_SAFETY_GATE_PASS=switch_07_r2f_00002_4194304
P10_PAIRED_LAUNCH=switch_07_r2f_00003_1048576:receiver=fixed,sender=rotating
P10_CASE_PASS=switch_07_r2f_00003_1048576
P10_3F_SAFETY_GATE_PASS=switch_07_r2f_00003_1048576
P10_PAIRED_LAUNCH=switch_07_r2f_00004_1048576:receiver=fixed,sender=rotating
P10_CASE_PASS=switch_07_r2f_00004_1048576
P10_3F_SAFETY_GATE_PASS=switch_07_r2f_00004_1048576
P10_PAIRED_LAUNCH=switch_07_r2f_00005_1048576:receiver=fixed,sender=rotating
P10_CASE_PASS=switch_07_r2f_00005_1048576
P10_3F_SAFETY_GATE_PASS=switch_07_r2f_00005_1048576
P10_PAIRED_LAUNCH=switch_07_r2f_00006_1048576:receiver=fixed,sender=rotating
P10_CASE_PASS=switch_07_r2f_00006_1048576
P10_3F_SAFETY_GATE_PASS=switch_07_r2f_00006_1048576
P10_PAIRED_LAUNCH=switch_07_r2f_00007_1048576:receiver=fixed,sender=rotating
P10_CASE_PASS=switch_07_r2f_00007_1048576
P10_3F_SAFETY_GATE_PASS=switch_07_r2f_00007_1048576
P10_PAIRED_LAUNCH=switch_07_r2f_00008_1048576:receiver=fixed,sender=rotating
P10_CASE_PASS=switch_07_r2f_00008_1048576
P10_3F_SAFETY_GATE_PASS=switch_07_r2f_00008_1048576
P10_PAIRED_LAUNCH=switch_07_r2f_00009_1048576:receiver=fixed,sender=rotating
P10_CASE_PASS=switch_07_r2f_00009_1048576
P10_3F_SAFETY_GATE_PASS=switch_07_r2f_00009_1048576
P10_3F_WINDOW_PASS_SWITCH_07_R2F=cases:10,elapsed_ms:30009,active_ms:24030,max_aggregate_command_bytes:67108864,internal_object_bytes:262144
P10_3F_WINDOW_START_SWITCH_08_F2R=1785939591846
P10_PAIRED_LAUNCH=switch_08_f2r_00000_4194304:receiver=rotating,sender=fixed
P10_CASE_PASS=switch_08_f2r_00000_4194304
P10_3F_SAFETY_GATE_PASS=switch_08_f2r_00000_4194304
P10_PAIRED_LAUNCH=switch_08_f2r_00001_4194304:receiver=rotating,sender=fixed
P10_CASE_PASS=switch_08_f2r_00001_4194304
P10_3F_SAFETY_GATE_PASS=switch_08_f2r_00001_4194304
P10_PAIRED_LAUNCH=switch_08_f2r_00002_4194304:receiver=rotating,sender=fixed
P10_CASE_PASS=switch_08_f2r_00002_4194304
P10_3F_SAFETY_GATE_PASS=switch_08_f2r_00002_4194304
P10_PAIRED_LAUNCH=switch_08_f2r_00003_1048576:receiver=rotating,sender=fixed
P10_CASE_PASS=switch_08_f2r_00003_1048576
P10_3F_SAFETY_GATE_PASS=switch_08_f2r_00003_1048576
P10_PAIRED_LAUNCH=switch_08_f2r_00004_1048576:receiver=rotating,sender=fixed
P10_CASE_PASS=switch_08_f2r_00004_1048576
P10_3F_SAFETY_GATE_PASS=switch_08_f2r_00004_1048576
P10_PAIRED_LAUNCH=switch_08_f2r_00005_1048576:receiver=rotating,sender=fixed
P10_CASE_PASS=switch_08_f2r_00005_1048576
P10_3F_SAFETY_GATE_PASS=switch_08_f2r_00005_1048576
P10_PAIRED_LAUNCH=switch_08_f2r_00006_1048576:receiver=rotating,sender=fixed
P10_CASE_PASS=switch_08_f2r_00006_1048576
P10_3F_SAFETY_GATE_PASS=switch_08_f2r_00006_1048576
P10_PAIRED_LAUNCH=switch_08_f2r_00007_1048576:receiver=rotating,sender=fixed
P10_CASE_PASS=switch_08_f2r_00007_1048576
P10_3F_SAFETY_GATE_PASS=switch_08_f2r_00007_1048576
P10_PAIRED_LAUNCH=switch_08_f2r_00008_1048576:receiver=rotating,sender=fixed
P10_CASE_PASS=switch_08_f2r_00008_1048576
P10_3F_SAFETY_GATE_PASS=switch_08_f2r_00008_1048576
P10_PAIRED_LAUNCH=switch_08_f2r_00009_1048576:receiver=rotating,sender=fixed
P10_CASE_PASS=switch_08_f2r_00009_1048576
P10_3F_SAFETY_GATE_PASS=switch_08_f2r_00009_1048576
P10_3F_WINDOW_PASS_SWITCH_08_F2R=cases:10,elapsed_ms:30006,active_ms:24096,max_aggregate_command_bytes:67108864,internal_object_bytes:262144
P10_3F_WINDOW_START_SWITCH_08_R2F=1785939621852
P10_PAIRED_LAUNCH=switch_08_r2f_00000_4194304:receiver=fixed,sender=rotating
P10_CASE_PASS=switch_08_r2f_00000_4194304
P10_3F_SAFETY_GATE_PASS=switch_08_r2f_00000_4194304
P10_PAIRED_LAUNCH=switch_08_r2f_00001_4194304:receiver=fixed,sender=rotating
P10_CASE_PASS=switch_08_r2f_00001_4194304
P10_3F_SAFETY_GATE_PASS=switch_08_r2f_00001_4194304
P10_PAIRED_LAUNCH=switch_08_r2f_00002_4194304:receiver=fixed,sender=rotating
P10_CASE_PASS=switch_08_r2f_00002_4194304
P10_3F_SAFETY_GATE_PASS=switch_08_r2f_00002_4194304
P10_PAIRED_LAUNCH=switch_08_r2f_00003_1048576:receiver=fixed,sender=rotating
P10_CASE_PASS=switch_08_r2f_00003_1048576
P10_3F_SAFETY_GATE_PASS=switch_08_r2f_00003_1048576
P10_PAIRED_LAUNCH=switch_08_r2f_00004_1048576:receiver=fixed,sender=rotating
P10_CASE_PASS=switch_08_r2f_00004_1048576
P10_3F_SAFETY_GATE_PASS=switch_08_r2f_00004_1048576
P10_PAIRED_LAUNCH=switch_08_r2f_00005_1048576:receiver=fixed,sender=rotating
P10_CASE_PASS=switch_08_r2f_00005_1048576
P10_3F_SAFETY_GATE_PASS=switch_08_r2f_00005_1048576
P10_PAIRED_LAUNCH=switch_08_r2f_00006_1048576:receiver=fixed,sender=rotating
P10_CASE_PASS=switch_08_r2f_00006_1048576
P10_3F_SAFETY_GATE_PASS=switch_08_r2f_00006_1048576
P10_PAIRED_LAUNCH=switch_08_r2f_00007_1048576:receiver=fixed,sender=rotating
P10_CASE_PASS=switch_08_r2f_00007_1048576
P10_3F_SAFETY_GATE_PASS=switch_08_r2f_00007_1048576
P10_PAIRED_LAUNCH=switch_08_r2f_00008_1048576:receiver=fixed,sender=rotating
P10_CASE_PASS=switch_08_r2f_00008_1048576
P10_3F_SAFETY_GATE_PASS=switch_08_r2f_00008_1048576
P10_ENDPOINT_SHUTDOWN_REQUESTED_ON_ERROR=1
P10_XSDB_STAGE_RESULT=FAIL
P10_XSDB_STAGE_ERROR=P10.3F bounded window completion failed elapsed_38335 commands_9
