COMMAND=D:\Xilinx\Vivado\2023.1\bin\xsim.bat tb_p8c_safety_regs_sim -runall
RETURNCODE=0

STDOUT

****** xsim v2023.1 (64-bit)
  **** SW Build 3865809 on Sun May  7 15:05:29 MDT 2023
  **** IP Build 3864474 on Sun May  7 20:36:21 MDT 2023
  **** SharedData Build 3865790 on Sun May 07 13:33:03 MDT 2023
    ** Copyright 1986-2022 Xilinx, Inc. All Rights Reserved.
    ** Copyright 2022-2023 Advanced Micro Devices, Inc. All Rights Reserved.

source xsim.dir/tb_p8c_safety_regs_sim/xsim_script.tcl
# xsim {tb_p8c_safety_regs_sim} -autoloadwcfg -runall
Time resolution is 1 ps
run -all
P8C_REGISTER_RO_STATUS_PASS=1
P8C_REGISTER_ATOMIC_SNAPSHOT_PASS=1
TB_P8C_SAFETY_REGS_PASS=1
$finish called at time : 106 ns : File "C:/Users/user/Documents/RF_COMM_MULTILANE_P9/sim/tb/tb_p8c_safety_regs.sv" Line 133
exit
INFO: [Common 17-206] Exiting xsim at Sun Jul 26 21:08:39 2026...

STDERR
