COMMAND=D:\Xilinx\Vivado\2023.1\bin\xsim.bat tb_p8c_trace_crosscheck_sim -runall
RETURNCODE=0

STDOUT

****** xsim v2023.1 (64-bit)
  **** SW Build 3865809 on Sun May  7 15:05:29 MDT 2023
  **** IP Build 3864474 on Sun May  7 20:36:21 MDT 2023
  **** SharedData Build 3865790 on Sun May 07 13:33:03 MDT 2023
    ** Copyright 1986-2022 Xilinx, Inc. All Rights Reserved.
    ** Copyright 2022-2023 Advanced Micro Devices, Inc. All Rights Reserved.

source xsim.dir/tb_p8c_trace_crosscheck_sim/xsim_script.tcl
# xsim {tb_p8c_trace_crosscheck_sim} -autoloadwcfg -runall
Time resolution is 1 ps
run -all
P8C_TRACE,0,0,1,0,0,0,99,0,0
P8C_TRACE,1,0,0,0,0,0,98,0,0
P8C_TRACE,2,0,0,0,0,0,97,0,0
P8C_TRACE,3,0,1,0,0,0,96,0,0
P8C_TRACE,4,0,0,0,0,0,95,0,0
P8C_TRACE,5,0,0,0,0,0,94,0,0
P8C_TRACE,6,0,1,0,0,0,93,0,0
P8C_TRACE,7,0,0,0,0,0,92,0,0
P8C_TRACE,8,0,0,0,0,0,91,0,0
P8C_TRACE,9,0,1,0,0,0,90,0,0
P8C_TRACE,10,0,0,0,0,0,89,0,0
P8C_TRACE,11,0,0,0,0,0,88,0,0
P8C_TRACE,12,0,1,0,0,0,87,0,0
P8C_TRACE,13,0,0,0,0,0,86,0,0
P8C_TRACE,14,0,0,0,0,0,85,0,0
P8C_TRACE,15,0,1,0,0,0,84,0,0
P8C_TRACE,16,0,0,0,0,0,83,0,0
P8C_TRACE,17,0,0,0,0,0,82,0,0
P8C_TRACE,18,0,1,0,0,0,81,0,0
P8C_TRACE,19,0,0,0,0,0,80,0,0
P8C_TRACE,20,0,0,0,0,0,79,0,0
P8C_TRACE,21,0,1,0,0,0,78,0,0
P8C_TRACE,22,0,0,0,0,0,77,0,0
P8C_TRACE,23,0,0,0,0,0,76,0,0
P8C_TRACE,24,0,1,0,0,0,75,0,0
P8C_TRACE,25,0,0,0,0,0,74,0,0
P8C_TRACE,26,0,0,0,0,0,73,0,0
P8C_TRACE,27,0,1,0,0,0,72,0,0
P8C_TRACE,28,0,0,0,0,0,71,0,0
P8C_TRACE,29,0,0,0,0,0,70,0,0
P8C_TRACE,30,0,1,0,0,0,69,0,0
P8C_TRACE,31,0,0,0,0,0,68,0,0
P8C_TRACE,32,0,0,0,0,0,67,0,0
P8C_TRACE,33,0,1,0,0,0,66,0,0
P8C_TRACE,34,0,0,0,0,0,65,0,0
P8C_TRACE,35,0,0,0,0,0,64,0,0
P8C_TRACE,36,0,1,0,0,0,63,0,0
P8C_TRACE,37,0,0,0,0,0,62,0,0
P8C_TRACE,38,0,0,0,0,0,61,0,0
P8C_TRACE,39,0,1,0,0,0,60,0,0
P8C_TRACE,40,0,0,0,0,0,59,0,0
P8C_TRACE,41,0,0,0,0,0,58,0,0
P8C_TRACE,42,0,1,0,0,0,57,0,0
P8C_TRACE,43,0,0,0,0,0,56,0,0
P8C_TRACE,44,0,0,0,0,0,55,0,0
P8C_TRACE,45,0,1,0,0,0,54,0,0
P8C_TRACE,46,0,0,0,0,0,53,0,0
P8C_TRACE,47,0,0,0,0,0,52,0,0
P8C_TRACE,48,0,1,0,0,0,51,0,0
P8C_TRACE,49,0,0,0,0,0,50,0,0
P8C_TRACE,50,0,0,0,0,0,49,0,0
P8C_TRACE,51,0,1,0,0,0,48,0,0
P8C_TRACE,52,0,0,0,0,0,47,0,0
P8C_TRACE,53,0,0,0,0,0,46,0,0
P8C_TRACE,54,0,1,0,0,0,45,0,0
P8C_TRACE,55,0,0,0,0,0,44,0,0
P8C_TRACE,56,0,0,0,0,0,43,0,0
P8C_TRACE,57,0,1,0,0,0,42,0,0
P8C_TRACE,58,0,0,0,0,0,41,0,0
P8C_TRACE,59,0,0,0,0,0,40,0,0
P8C_TRACE,60,0,1,0,0,0,39,0,0
P8C_TRACE,61,0,0,0,0,0,38,0,0
P8C_TRACE,62,0,0,0,0,0,37,0,0
P8C_TRACE,63,0,1,0,0,0,36,0,0
P8C_TRACE,64,0,0,0,0,0,35,0,0
P8C_TRACE,65,0,0,0,0,0,34,0,0
P8C_TRACE,66,0,1,0,0,0,33,0,0
P8C_TRACE,67,0,0,0,0,0,32,0,0
P8C_TRACE,68,0,0,0,0,0,31,0,0
P8C_TRACE,69,0,1,0,0,0,30,0,0
P8C_TRACE,70,0,0,0,0,0,29,0,0
P8C_TRACE,71,0,0,0,0,0,28,0,0
P8C_TRACE,72,0,1,0,0,0,27,0,0
P8C_TRACE,73,0,0,0,0,0,26,0,0
P8C_TRACE,74,0,0,0,0,0,25,0,0
P8C_TRACE,75,0,1,0,0,0,24,0,0
P8C_TRACE,76,0,0,0,0,0,23,0,0
P8C_TRACE,77,0,0,0,0,0,22,0,0
P8C_TRACE,78,0,1,0,0,0,21,0,0
P8C_TRACE,79,0,0,0,0,0,20,0,0
P8C_TRACE,80,0,0,0,0,0,19,0,0
P8C_TRACE,81,0,1,0,0,0,18,0,0
P8C_TRACE,82,0,0,0,0,0,17,0,0
P8C_TRACE,83,0,0,0,0,0,16,0,0
P8C_TRACE,84,0,1,0,0,0,15,0,0
P8C_TRACE,85,0,0,0,0,0,14,0,0
P8C_TRACE,86,0,0,0,0,0,13,0,0
P8C_TRACE,87,0,1,0,0,0,12,0,0
P8C_TRACE,88,0,0,0,0,0,11,0,0
P8C_TRACE,89,0,0,0,0,0,10,0,0
P8C_TRACE,90,0,1,0,0,0,9,0,0
P8C_TRACE,91,0,0,0,0,0,8,0,0
P8C_TRACE,92,0,0,0,0,0,7,0,0
P8C_TRACE,93,0,1,0,0,0,6,0,0
P8C_TRACE,94,0,0,0,0,0,5,0,0
P8C_TRACE,95,0,0,0,0,0,4,0,0
P8C_TRACE,96,0,1,0,0,0,3,0,0
P8C_TRACE,97,0,0,0,0,0,2,0,0
P8C_TRACE,98,0,0,0,0,0,1,0,0
P8C_TRACE,99,0,1,0,0,1,0,0,0
P8C_TRACE,100,1,0,0,1,1,0,0,0
P8C_TRACE,101,1,0,0,2,1,0,0,0
P8C_TRACE,102,1,1,0,3,1,0,0,0
P8C_TRACE,103,1,0,0,4,1,0,0,0
P8C_TRACE,104,1,0,0,5,1,0,0,0
P8C_TRACE,105,1,1,0,6,1,0,0,0
P8C_TRACE,106,1,0,0,7,1,0,0,0
P8C_TRACE,107,1,0,0,8,1,0,0,0
P8C_TRACE,108,1,1,0,9,1,0,0,0
P8C_TRACE,109,1,0,0,10,1,0,0,0
P8C_TRACE,110,1,0,0,11,1,0,0,0
P8C_TRACE,111,1,1,0,12,1,0,0,0
P8C_TRACE,112,1,0,0,13,1,0,0,0
P8C_TRACE,113,1,0,0,14,1,0,0,0
P8C_TRACE,114,1,1,0,15,1,0,0,0
P8C_TRACE,115,1,0,0,16,1,0,0,0
P8C_TRACE,116,1,0,0,17,1,0,0,0
P8C_TRACE,117,1,1,0,18,1,0,0,0
P8C_TRACE,118,1,0,0,19,1,0,0,0
P8C_TRACE,119,1,0,0,20,1,0,1,1
P8C_TRACE,120,0,1,0,20,1,0,1,1
P8C_TRACE,121,0,0,0,20,1,0,1,1
P8C_TRACE,122,0,0,0,20,1,0,1,1
P8C_TRACE,123,0,1,0,20,1,0,1,1
P8C_TRACE,124,0,0,0,20,1,0,1,1
P8C_TRACE,125,0,0,0,20,1,0,1,1
P8C_TRACE,126,0,1,0,20,1,0,1,1
P8C_TRACE,127,0,0,0,20,1,0,1,1
P8C_TRACE,128,0,0,0,20,1,0,1,1
P8C_TRACE,129,0,1,0,20,1,0,1,1
P8C_TRACE,130,0,0,1,0,0,100,1,1
P8C_TRACE,131,0,0,0,0,0,99,1,1
P8C_TRACE,132,0,1,0,0,0,98,1,1
P8C_TRACE,133,0,0,0,0,0,97,1,1
P8C_TRACE,134,0,0,0,0,0,96,1,1
P8C_TRACE,135,0,1,0,0,0,95,1,1
P8C_TRACE,136,0,0,0,0,0,94,1,1
P8C_TRACE,137,0,0,0,0,0,93,1,1
P8C_TRACE,138,0,1,0,0,0,92,1,1
P8C_TRACE,139,0,0,0,0,0,91,1,1
P8C_TRACE,140,0,0,0,0,0,90,1,1
P8C_TRACE,141,0,1,0,0,0,89,1,1
P8C_TRACE,142,0,0,0,0,0,88,1,1
P8C_TRACE,143,0,0,0,0,0,87,1,1
P8C_TRACE,144,0,1,0,0,0,86,1,1
P8C_TRACE,145,0,0,0,0,0,85,1,1
P8C_TRACE,146,0,0,0,0,0,84,1,1
P8C_TRACE,147,0,1,0,0,0,83,1,1
P8C_TRACE,148,0,0,0,0,0,82,1,1
P8C_TRACE,149,0,0,0,0,0,81,1,1
P8C_TRACE,150,0,1,0,0,0,80,1,1
P8C_TRACE,151,0,0,0,0,0,79,1,1
P8C_TRACE,152,0,0,0,0,0,78,1,1
P8C_TRACE,153,0,1,0,0,0,77,1,1
P8C_TRACE,154,0,0,0,0,0,76,1,1
P8C_TRACE,155,0,0,0,0,0,75,1,1
P8C_TRACE,156,0,1,0,0,0,74,1,1
P8C_TRACE,157,0,0,0,0,0,73,1,1
P8C_TRACE,158,0,0,0,0,0,72,1,1
P8C_TRACE,159,0,1,0,0,0,71,1,1
P8C_TRACE,160,0,0,0,0,0,70,1,1
P8C_TRACE,161,0,0,0,0,0,69,1,1
P8C_TRACE,162,0,1,0,0,0,68,1,1
P8C_TRACE,163,0,0,0,0,0,67,1,1
P8C_TRACE,164,0,0,0,0,0,66,1,1
P8C_TRACE,165,0,1,0,0,0,65,1,1
P8C_TRACE,166,0,0,0,0,0,64,1,1
P8C_TRACE,167,0,0,0,0,0,63,1,1
P8C_TRACE,168,0,1,0,0,0,62,1,1
P8C_TRACE,169,0,0,0,0,0,61,1,1
P8C_TRACE,170,0,0,0,0,0,60,1,1
P8C_TRACE,171,0,1,0,0,0,59,1,1
P8C_TRACE,172,0,0,0,0,0,58,1,1
P8C_TRACE,173,0,0,0,0,0,57,1,1
P8C_TRACE,174,0,1,0,0,0,56,1,1
P8C_TRACE,175,0,0,0,0,0,55,1,1
P8C_TRACE,176,0,0,0,0,0,54,1,1
P8C_TRACE,177,0,1,0,0,0,53,1,1
P8C_TRACE,178,0,0,0,0,0,52,1,1
P8C_TRACE,179,0,0,0,0,0,51,1,1
P8C_TRACE,180,0,1,0,0,0,50,1,1
P8C_TRACE,181,0,0,0,0,0,49,1,1
P8C_TRACE,182,0,0,0,0,0,48,1,1
P8C_TRACE,183,0,1,0,0,0,47,1,1
P8C_TRACE,184,0,0,0,0,0,46,1,1
P8C_TRACE,185,0,0,0,0,0,45,1,1
P8C_TRACE,186,0,1,0,0,0,44,1,1
P8C_TRACE,187,0,0,0,0,0,43,1,1
P8C_TRACE,188,0,0,0,0,0,42,1,1
P8C_TRACE,189,0,1,0,0,0,41,1,1
P8C_TRACE,190,0,0,0,0,0,40,1,1
P8C_TRACE,191,0,0,0,0,0,39,1,1
P8C_TRACE,192,0,1,0,0,0,38,1,1
P8C_TRACE,193,0,0,0,0,0,37,1,1
P8C_TRACE,194,0,0,0,0,0,36,1,1
P8C_TRACE,195,0,1,0,0,0,35,1,1
P8C_TRACE,196,0,0,0,0,0,34,1,1
P8C_TRACE,197,0,0,0,0,0,33,1,1
P8C_TRACE,198,0,1,0,0,0,32,1,1
P8C_TRACE,199,0,0,0,0,0,31,1,1
P8C_TRACE,200,0,0,0,0,0,30,1,1
P8C_TRACE,201,0,1,0,0,0,29,1,1
P8C_TRACE,202,0,0,0,0,0,28,1,1
P8C_TRACE,203,0,0,0,0,0,27,1,1
P8C_TRACE,204,0,1,0,0,0,26,1,1
P8C_TRACE,205,0,0,0,0,0,25,1,1
P8C_TRACE,206,0,0,0,0,0,24,1,1
P8C_TRACE,207,0,1,0,0,0,23,1,1
P8C_TRACE,208,0,0,0,0,0,22,1,1
P8C_TRACE,209,0,0,0,0,0,21,1,1
P8C_TRACE,210,0,1,0,0,0,20,1,1
P8C_TRACE,211,0,0,0,0,0,19,1,1
P8C_TRACE,212,0,0,0,0,0,18,1,1
P8C_TRACE,213,0,1,0,0,0,17,1,1
P8C_TRACE,214,0,0,0,0,0,16,1,1
P8C_TRACE,215,0,0,0,0,0,15,1,1
P8C_TRACE,216,0,1,0,0,0,14,1,1
P8C_TRACE,217,0,0,0,0,0,13,1,1
P8C_TRACE,218,0,0,0,0,0,12,1,1
P8C_TRACE,219,0,1,0,0,0,11,1,1
P8C_TRACE,220,0,0,0,0,0,10,1,1
P8C_TRACE,221,0,0,0,0,0,9,1,1
P8C_TRACE,222,0,1,0,0,0,8,1,1
P8C_TRACE,223,0,0,0,0,0,7,1,1
P8C_TRACE,224,0,0,0,0,0,6,1,1
P8C_TRACE,225,0,1,0,0,0,5,1,1
P8C_TRACE,226,0,0,0,0,0,4,1,1
P8C_TRACE,227,0,0,0,0,0,3,1,1
P8C_TRACE,228,0,1,0,0,0,2,1,1
P8C_TRACE,229,0,0,0,0,0,1,1,1
P8C_TRACE,230,0,0,0,0,1,0,1,1
P8C_TRACE,231,1,1,0,1,1,0,1,1
P8C_TRACE,232,0,0,0,1,1,0,1,1
P8C_TRACE,233,0,0,0,1,1,0,1,1
P8C_TRACE,234,0,1,0,1,1,0,1,1
P8C_TRACE,235,0,0,0,1,1,0,1,1
P8C_TRACE,236,1,0,0,2,1,0,1,1
P8C_TRACE,237,0,1,0,2,1,0,1,1
P8C_TRACE,238,0,0,0,2,1,0,1,1
P8C_TRACE,239,0,0,0,2,1,0,1,1
P8C_TRACE,240,0,1,0,2,1,0,1,1
P8C_TRACE,241,1,0,0,3,1,0,1,1
P8C_TRACE,242,0,0,0,3,1,0,1,1
P8C_TRACE,243,0,1,0,3,1,0,1,1
P8C_TRACE,244,0,0,0,3,1,0,1,1
P8C_TRACE,245,0,0,0,3,1,0,1,1
P8C_TRACE,246,1,1,0,4,1,0,1,1
P8C_TRACE,247,0,0,0,4,1,0,1,1
P8C_TRACE,248,0,0,0,4,1,0,1,1
P8C_TRACE,249,0,1,0,4,1,0,1,1
P8C_TRACE_CROSSCHECK_RTL_PASS=1
TB_P8C_TRACE_CROSSCHECK_PASS=1
$finish called at time : 2526 ns : File "C:/Users/user/Documents/RF_COMM_MULTILANE_P10_1R/sim/tb/tb_p8c_trace_crosscheck.sv" Line 54
exit
INFO: [Common 17-206] Exiting xsim at Sun Aug  2 06:04:06 2026...

STDERR
