#-----------------------------------------------------------
# xsim v2023.1 (64-bit)
# SW Build 3865809 on Sun May  7 15:05:29 MDT 2023
# IP Build 3864474 on Sun May  7 20:36:21 MDT 2023
# SharedData Build 3865790 on Sun May 07 13:33:03 MDT 2023
# Start of session at: Sun Jul 26 14:52:45 2026
# Process ID: 45960
# Current directory: C:/Users/user/Documents/RF_COMM_MULTILANE_P9/evidence/generated/p8e_raw/r8d/p8d_raw/formal_d2c3db43c5f6/xsim/tb_ir_data_plane_integration_2lane/work
# Command line: xsim.exe -mode tcl -source {xsim.dir/tb_ir_data_plane_integration_2lane_snapshot/xsim_script.tcl}
# Log file: C:/Users/user/Documents/RF_COMM_MULTILANE_P9/evidence/generated/p8e_raw/r8d/p8d_raw/formal_d2c3db43c5f6/xsim/tb_ir_data_plane_integration_2lane/work/xsim.log
# Journal file: C:/Users/user/Documents/RF_COMM_MULTILANE_P9/evidence/generated/p8e_raw/r8d/p8d_raw/formal_d2c3db43c5f6/xsim/tb_ir_data_plane_integration_2lane/work\xsim.jou
# Running On: DESKTOP-PU0AECA, OS: Windows, CPU Frequency: 3418 MHz, CPU Physical cores: 20, Host memory: 34187 MB
#-----------------------------------------------------------
source xsim.dir/tb_ir_data_plane_integration_2lane_snapshot/xsim_script.tcl
# xsim {tb_ir_data_plane_integration_2lane_snapshot} -autoloadwcfg -runall
Time resolution is 1 ps
run -all
P8D_DATA_PLANE_GLOBAL_WINDOW_SAFETY_INTEGRATION_PASS=1
P8D_DATA_PLANE_DUPLICATE_APPLICATION_DELIVERY_ZERO_PASS=1
TB_IR_DATA_PLANE_INTEGRATION_2LANE_PASS=1
$finish called at time : 2916 ns : File "C:/Users/user/Documents/RF_COMM_MULTILANE_P9/sim/tb/p8d_data_plane_integration_common.sv" Line 221
exit
INFO: [Common 17-206] Exiting xsim at Sun Jul 26 14:52:47 2026...
