P7_PS_MODE=stationary
P7_EXECUTION_SCOPE=P7_PS_APPLICATION_STAGE
P7_RUN_ID=NONE
P7_STATIONARY_FAULT_MODEL=SOFTWARE_INJECTED_BIDIRECTIONAL_CONTROLLED_FALLBACK
P7_XSDB_DAP_DISTINCT_TARGET_COUNT=0
P7_XSDB_APU_DISTINCT_TARGET_COUNT=1
P7_XSDB_FPGA_DISTINCT_TARGET_COUNT=1
P7_XSDB_CPU0_DISTINCT_TARGET_COUNT=1
P7_XSDB_CABLE_ROOT_COUNT=1
P7_XSDB_JTAG_DEVICE_COUNT=2
P7_PS_RESET_TARGET=APU
P7_HW_TARGET=localhost:3121/xilinx_tcf/Digilent/210512180081
P7_HW_PART=xc7z010clg400-1
P7_HW_CANONICAL_PART=xc7z010clg400-1
P7_HW_LIVE_PART=xc7z010
P7_HW_LIVE_DEVICE=xc7z010_1
P7_HW_LIVE_IDCODE=00010011011100100010000010010011
P7_HW_BOARD_ID=210512180081
P7_XSDB_LIVE_DEVICE=xc7z010
P7_XSDB_LIVE_DEVICE_MATCH=1
P7_XSDB_LIVE_BOARD_ID=210512180081
P7_XSDB_LIVE_IDCODE=0x13722093
P7_XSDB_PREFLIGHT_IDCODE=00010011011100100010000010010011
P7_XSDB_TARGET_SELECTION=EXACT_CABLE_DEVICE_IDCODE_AND_UNIQUE_NODE_IDS
P7_PS_CANDIDATE_PROGRAMMED=1
P7_HOST_TO_PS_INPUT_BYTES=2428928
P7_HOST_TO_PS_INPUT_DURATION_MS=40011
P7_HOST_TO_PS_INPUT_BYTES_PER_SEC=60706
P7_HOST_TO_PS_INPUT_BPS=485652
P7_PS_ELF_DOWNLOADED=1
P7_PS_SERVICE_READY_POLLS=3
P7_PS_SERVICE_HEARTBEAT_AND_START_TICKS=1
P7_STATIONARY_SERVICE_READY_ACTIVE=1
P7_STATIONARY_PRIMARY_TIME_SOURCE=PS_RUNTIME_ELAPSED_TICKS
P7_STATIONARY_HOST_TIME_ROLE=INDEPENDENT_WATCHDOG_AND_INPUT_PRELOAD
P7_STATIONARY_RUNTIME_START_TICKS=80946
P7_STATIONARY_READY_DRAIN_GUARD_SECONDS=300
P7_STATIONARY_READY_PUBLISH_GUARD_TICKS=100000002900
P7_STATIONARY_READY_PUBLISH_CUTOFF_TICKS=480000013920
P7_STATIONARY_SAMPLE_SEMANTICS=FIXED_PS_THRESHOLDS_FROM_IMMUTABLE_TERMINAL_END_TICKS
P7_STATIONARY_ROLLING_GOODPUT_WINDOW_SECONDS=300
P7_SAMPLE_00001=ELAPSED_30.000,ELAPSED_TICKS_10000000290,WINDOW_CALIBRATION,OBJECTS_0,FAILED_0,BYTES_HI_00000000,BYTES_LO_00000000,FRAGMENTS_0,LANE0_0,LANE1_0,REPLICATED_0,FALLBACKS_0,P6_RETRIES_0,P6_RETRY_EXHAUSTED_0,P6_TX_FAIL_0,P6_CRC_BAD_0,P6_PAYLOAD_MISMATCH_0,MAX_TXD_HIGH_0,DUTY_VIOLATIONS_0,QUEUE_OCCUPANCY_1,QUEUE_HIGH_1,BACKPRESSURE_0,QUEUE_OBS_NOT_BEFORE_TICKS_10049732014,CURRENT_BPS_0,ROLLING_BPS_0,LATENCY_COUNT_0,LATENCY_MIN_TICKS_0,LATENCY_MEAN_TICKS_0,LATENCY_P50_TICKS_0,LATENCY_P95_TICKS_0,LATENCY_P99_TICKS_0,LATENCY_MAX_TICKS_0,LAST_OBJECT_0
P7_STATIONARY_OBJECT_00000001=SLOT_0,GEN_0,SESSION_50370001,OBJECT_1,STATUS_3,ERROR_0,BYTES_1048576,FRAGMENTS_4878/4878,ATTEMPTS_4878,FALLBACKS_0,OUTSHA_FCD7923CBB8E709738F05BA8C318A4DF5C27C0451A987689FAC429A17B292737,P6_RETRY_COUNT_0,P6_RETRY_EXHAUSTED_0,P6_TX_FAIL_0,P6_CRC_BAD_0,P6_PAYLOAD_MISMATCH_0,MAX_TXD_HIGH_CYCLES_8,DUTY_VIOLATIONS_0,LANE0_4878,LANE1_0,REPLICATED_0,START_TICKS_93269047,END_TICKS_18068067718,COMPLETION_SEQUENCE_1
P7_STATIONARY_TERMINAL_BUNDLE_00000001_CAPTURED=1
P7_STATIONARY_OBJECT_00000002=SLOT_1,GEN_0,SESSION_50370001,OBJECT_2,STATUS_3,ERROR_0,BYTES_65536,FRAGMENTS_305/305,ATTEMPTS_305,FALLBACKS_1,OUTSHA_DD5CDD301ADFF15138B402AB190A143E8FF5FFED2D5E2FD24C3140FB652F11FF,P6_RETRY_COUNT_0,P6_RETRY_EXHAUSTED_0,P6_TX_FAIL_0,P6_CRC_BAD_0,P6_PAYLOAD_MISMATCH_0,MAX_TXD_HIGH_CYCLES_8,DUTY_VIOLATIONS_0,LANE0_1,LANE1_304,REPLICATED_0,START_TICKS_18068152086,END_TICKS_19546165116,COMPLETION_SEQUENCE_2
P7_STATIONARY_TERMINAL_BUNDLE_00000002_CAPTURED=1
P7_STATIONARY_OBJECT_00000003=SLOT_2,GEN_0,SESSION_50370001,OBJECT_3,STATUS_3,ERROR_0,BYTES_65536,FRAGMENTS_305/305,ATTEMPTS_305,FALLBACKS_1,OUTSHA_0765B0D1A9F493355595772F5A2EBAAF700D4D2CC7D8A781729A9771A380754F,P6_RETRY_COUNT_0,P6_RETRY_EXHAUSTED_0,P6_TX_FAIL_0,P6_CRC_BAD_0,P6_PAYLOAD_MISMATCH_0,MAX_TXD_HIGH_CYCLES_8,DUTY_VIOLATIONS_0,LANE0_304,LANE1_1,REPLICATED_0,START_TICKS_19546249504,END_TICKS_21414194917,COMPLETION_SEQUENCE_3
P7_STATIONARY_TERMINAL_BUNDLE_00000003_CAPTURED=1
P7_STATIONARY_OBJECT_00000004=SLOT_3,GEN_0,SESSION_50370001,OBJECT_4,STATUS_3,ERROR_0,BYTES_65536,FRAGMENTS_305/305,ATTEMPTS_305,FALLBACKS_0,OUTSHA_7DACA2095D0438260FA849183DFC67FAA459FDF4936E1BC91EEC6B281B27E4C2,P6_RETRY_COUNT_0,P6_RETRY_EXHAUSTED_0,P6_TX_FAIL_0,P6_CRC_BAD_0,P6_PAYLOAD_MISMATCH_0,MAX_TXD_HIGH_CYCLES_8,DUTY_VIOLATIONS_0,LANE0_0,LANE1_305,REPLICATED_0,START_TICKS_21414279256,END_TICKS_23313501442,COMPLETION_SEQUENCE_4
P7_STATIONARY_TERMINAL_BUNDLE_00000004_CAPTURED=1
P7_SAMPLE_00002=ELAPSED_60.000,ELAPSED_TICKS_20000000580,WINDOW_CALIBRATION,OBJECTS_2,FAILED_0,BYTES_HI_00000000,BYTES_LO_00110000,FRAGMENTS_5183,LANE0_4879,LANE1_304,REPLICATED_0,FALLBACKS_1,P6_RETRIES_0,P6_RETRY_EXHAUSTED_0,P6_TX_FAIL_0,P6_CRC_BAD_0,P6_PAYLOAD_MISMATCH_0,MAX_TXD_HIGH_8,DUTY_VIOLATIONS_0,QUEUE_OCCUPANCY_8,QUEUE_HIGH_8,BACKPRESSURE_1,QUEUE_OBS_NOT_BEFORE_TICKS_43090899315,CURRENT_BPS_148548,ROLLING_BPS_148548,LATENCY_COUNT_2,LATENCY_MIN_TICKS_1478013030,LATENCY_MEAN_TICKS_9726405850,LATENCY_P50_TICKS_1478013030,LATENCY_P95_TICKS_17974798671,LATENCY_P99_TICKS_17974798671,LATENCY_MAX_TICKS_17974798671,LAST_OBJECT_2
P7_SAMPLE_00003=ELAPSED_90.000,ELAPSED_TICKS_30000000870,WINDOW_CALIBRATION,OBJECTS_4,FAILED_0,BYTES_HI_00000000,BYTES_LO_00130000,FRAGMENTS_5793,LANE0_5183,LANE1_610,REPLICATED_0,FALLBACKS_2,P6_RETRIES_0,P6_RETRY_EXHAUSTED_0,P6_TX_FAIL_0,P6_CRC_BAD_0,P6_PAYLOAD_MISMATCH_0,MAX_TXD_HIGH_8,DUTY_VIOLATIONS_0,QUEUE_OCCUPANCY_8,QUEUE_HIGH_8,BACKPRESSURE_1,QUEUE_OBS_NOT_BEFORE_TICKS_43090899315,CURRENT_BPS_110683,ROLLING_BPS_110683,LATENCY_COUNT_2,LATENCY_MIN_TICKS_1867945413,LATENCY_MEAN_TICKS_1883583799,LATENCY_P50_TICKS_1867945413,LATENCY_P95_TICKS_1899222186,LATENCY_P99_TICKS_1899222186,LATENCY_MAX_TICKS_1899222186,LAST_OBJECT_4
P7_SAMPLE_00004=ELAPSED_120.000,ELAPSED_TICKS_40000001160,WINDOW_CALIBRATION,OBJECTS_4,FAILED_0,BYTES_HI_00000000,BYTES_LO_00130000,FRAGMENTS_5793,LANE0_5183,LANE1_610,REPLICATED_0,FALLBACKS_2,P6_RETRIES_0,P6_RETRY_EXHAUSTED_0,P6_TX_FAIL_0,P6_CRC_BAD_0,P6_PAYLOAD_MISMATCH_0,MAX_TXD_HIGH_8,DUTY_VIOLATIONS_0,QUEUE_OCCUPANCY_8,QUEUE_HIGH_8,BACKPRESSURE_1,QUEUE_OBS_NOT_BEFORE_TICKS_43090899315,CURRENT_BPS_83012,ROLLING_BPS_83012,LATENCY_COUNT_0,LATENCY_MIN_TICKS_0,LATENCY_MEAN_TICKS_0,LATENCY_P50_TICKS_0,LATENCY_P95_TICKS_0,LATENCY_P99_TICKS_0,LATENCY_MAX_TICKS_0,LAST_OBJECT_4
P7_SAMPLE_00005=ELAPSED_150.000,ELAPSED_TICKS_50000001450,WINDOW_CALIBRATION,OBJECTS_4,FAILED_0,BYTES_HI_00000000,BYTES_LO_00130000,FRAGMENTS_5793,LANE0_5183,LANE1_610,REPLICATED_0,FALLBACKS_2,P6_RETRIES_0,P6_RETRY_EXHAUSTED_0,P6_TX_FAIL_0,P6_CRC_BAD_0,P6_PAYLOAD_MISMATCH_0,MAX_TXD_HIGH_8,DUTY_VIOLATIONS_0,QUEUE_OCCUPANCY_8,QUEUE_HIGH_8,BACKPRESSURE_1,QUEUE_OBS_NOT_BEFORE_TICKS_50074897642,CURRENT_BPS_66409,ROLLING_BPS_66409,LATENCY_COUNT_0,LATENCY_MIN_TICKS_0,LATENCY_MEAN_TICKS_0,LATENCY_P50_TICKS_0,LATENCY_P95_TICKS_0,LATENCY_P99_TICKS_0,LATENCY_MAX_TICKS_0,LAST_OBJECT_4
P7_STATIONARY_OBJECT_00000005=SLOT_4,GEN_0,SESSION_50370001,OBJECT_5,STATUS_3,ERROR_0,BYTES_1048576,FRAGMENTS_4878/4878,ATTEMPTS_4878,FALLBACKS_0,OUTSHA_95647E4A543FC103FFBD0D4B0CFFCBDCCB1B304581D7E609CC4D7C909491E259,P6_RETRY_COUNT_0,P6_RETRY_EXHAUSTED_0,P6_TX_FAIL_0,P6_CRC_BAD_0,P6_PAYLOAD_MISMATCH_0,MAX_TXD_HIGH_CYCLES_8,DUTY_VIOLATIONS_0,LANE0_4878,LANE1_4878,REPLICATED_4878,START_TICKS_23313585838,END_TICKS_54574513042,COMPLETION_SEQUENCE_5
P7_STATIONARY_TERMINAL_BUNDLE_00000005_CAPTURED=1
P7_STATIONARY_OBJECT_00000006=SLOT_5,GEN_0,SESSION_50370001,OBJECT_6,STATUS_3,ERROR_0,BYTES_4096,FRAGMENTS_20/20,ATTEMPTS_20,FALLBACKS_0,OUTSHA_FEB07BD82EE49AD03FA5AD02148220E679C7457A8961CB23D1CEB146CE8D6C77,P6_RETRY_COUNT_0,P6_RETRY_EXHAUSTED_0,P6_TX_FAIL_0,P6_CRC_BAD_0,P6_PAYLOAD_MISMATCH_0,MAX_TXD_HIGH_CYCLES_8,DUTY_VIOLATIONS_0,LANE0_10,LANE1_10,REPLICATED_0,START_TICKS_54574597381,END_TICKS_54652005981,COMPLETION_SEQUENCE_6
P7_STATIONARY_TERMINAL_BUNDLE_00000006_CAPTURED=1
P7_STATIONARY_OBJECT_00000007=SLOT_6,GEN_0,SESSION_50370001,OBJECT_7,STATUS_3,ERROR_0,BYTES_65536,FRAGMENTS_305/305,ATTEMPTS_305,FALLBACKS_0,OUTSHA_9DA06F7DA81A794CD2F75205391C6EDE1C44A6E14752AB6AFA5661982268B7DD,P6_RETRY_COUNT_0,P6_RETRY_EXHAUSTED_0,P6_TX_FAIL_0,P6_CRC_BAD_0,P6_PAYLOAD_MISMATCH_0,MAX_TXD_HIGH_CYCLES_8,DUTY_VIOLATIONS_0,LANE0_305,LANE1_0,REPLICATED_0,START_TICKS_54652090278,END_TICKS_56306054523,COMPLETION_SEQUENCE_7
P7_STATIONARY_TERMINAL_BUNDLE_00000007_CAPTURED=1
P7_STATIONARY_OBJECT_00000008=SLOT_7,GEN_0,SESSION_50370001,OBJECT_8,STATUS_3,ERROR_0,BYTES_65536,FRAGMENTS_305/305,ATTEMPTS_305,FALLBACKS_0,OUTSHA_7DACA2095D0438260FA849183DFC67FAA459FDF4936E1BC91EEC6B281B27E4C2,P6_RETRY_COUNT_0,P6_RETRY_EXHAUSTED_0,P6_TX_FAIL_0,P6_CRC_BAD_0,P6_PAYLOAD_MISMATCH_0,MAX_TXD_HIGH_CYCLES_8,DUTY_VIOLATIONS_0,LANE0_0,LANE1_305,REPLICATED_0,START_TICKS_56306138853,END_TICKS_58251387517,COMPLETION_SEQUENCE_8
P7_STATIONARY_TERMINAL_BUNDLE_00000008_CAPTURED=1
P7_SAMPLE_00006=ELAPSED_180.000,ELAPSED_TICKS_60000001740,WINDOW_CALIBRATION,OBJECTS_8,FAILED_0,BYTES_HI_00000000,BYTES_LO_00251000,FRAGMENTS_11301,LANE0_10376,LANE1_5803,REPLICATED_4878,FALLBACKS_2,P6_RETRIES_0,P6_RETRY_EXHAUSTED_0,P6_TX_FAIL_0,P6_CRC_BAD_0,P6_PAYLOAD_MISMATCH_0,MAX_TXD_HIGH_8,DUTY_VIOLATIONS_0,QUEUE_OCCUPANCY_8,QUEUE_HIGH_8,BACKPRESSURE_1,QUEUE_OBS_NOT_BEFORE_TICKS_78643602046,CURRENT_BPS_107952,ROLLING_BPS_107952,LATENCY_COUNT_4,LATENCY_MIN_TICKS_77408600,LATENCY_MEAN_TICKS_8734387178,LATENCY_P50_TICKS_1653964245,LATENCY_P95_TICKS_31260927204,LATENCY_P99_TICKS_31260927204,LATENCY_MAX_TICKS_31260927204,LAST_OBJECT_8
P7_SAMPLE_00007=ELAPSED_210.000,ELAPSED_TICKS_70000002030,WINDOW_CALIBRATION,OBJECTS_8,FAILED_0,BYTES_HI_00000000,BYTES_LO_00251000,FRAGMENTS_11301,LANE0_10376,LANE1_5803,REPLICATED_4878,FALLBACKS_2,P6_RETRIES_0,P6_RETRY_EXHAUSTED_0,P6_TX_FAIL_0,P6_CRC_BAD_0,P6_PAYLOAD_MISMATCH_0,MAX_TXD_HIGH_8,DUTY_VIOLATIONS_0,QUEUE_OCCUPANCY_8,QUEUE_HIGH_8,BACKPRESSURE_1,QUEUE_OBS_NOT_BEFORE_TICKS_78643602046,CURRENT_BPS_92530,ROLLING_BPS_92530,LATENCY_COUNT_0,LATENCY_MIN_TICKS_0,LATENCY_MEAN_TICKS_0,LATENCY_P50_TICKS_0,LATENCY_P95_TICKS_0,LATENCY_P99_TICKS_0,LATENCY_MAX_TICKS_0,LAST_OBJECT_8
P7_SAMPLE_00008=ELAPSED_240.000,ELAPSED_TICKS_80000002320,WINDOW_CALIBRATION,OBJECTS_8,FAILED_0,BYTES_HI_00000000,BYTES_LO_00251000,FRAGMENTS_11301,LANE0_10376,LANE1_5803,REPLICATED_4878,FALLBACKS_2,P6_RETRIES_0,P6_RETRY_EXHAUSTED_0,P6_TX_FAIL_0,P6_CRC_BAD_0,P6_PAYLOAD_MISMATCH_0,MAX_TXD_HIGH_8,DUTY_VIOLATIONS_0,QUEUE_OCCUPANCY_8,QUEUE_HIGH_8,BACKPRESSURE_1,QUEUE_OBS_NOT_BEFORE_TICKS_80086880683,CURRENT_BPS_80964,ROLLING_BPS_80964,LATENCY_COUNT_0,LATENCY_MIN_TICKS_0,LATENCY_MEAN_TICKS_0,LATENCY_P50_TICKS_0,LATENCY_P95_TICKS_0,LATENCY_P99_TICKS_0,LATENCY_MAX_TICKS_0,LAST_OBJECT_8
P7_STATIONARY_OBJECT_00000009=SLOT_0,GEN_1,SESSION_50370001,OBJECT_1001,STATUS_3,ERROR_0,BYTES_1048576,FRAGMENTS_4878/4878,ATTEMPTS_4878,FALLBACKS_0,OUTSHA_FCD7923CBB8E709738F05BA8C318A4DF5C27C0451A987689FAC429A17B292737,P6_RETRY_COUNT_0,P6_RETRY_EXHAUSTED_0,P6_TX_FAIL_0,P6_CRC_BAD_0,P6_PAYLOAD_MISMATCH_0,MAX_TXD_HIGH_CYCLES_8,DUTY_VIOLATIONS_0,LANE0_4878,LANE1_0,REPLICATED_0,START_TICKS_58251471912,END_TICKS_88968416722,COMPLETION_SEQUENCE_9
P7_STATIONARY_TERMINAL_BUNDLE_00000009_CAPTURED=1
P7_STATIONARY_OBJECT_00000010=SLOT_1,GEN_1,SESSION_50370001,OBJECT_1002,STATUS_3,ERROR_0,BYTES_65536,FRAGMENTS_305/305,ATTEMPTS_305,FALLBACKS_1,OUTSHA_DD5CDD301ADFF15138B402AB190A143E8FF5FFED2D5E2FD24C3140FB652F11FF,P6_RETRY_COUNT_0,P6_RETRY_EXHAUSTED_0,P6_TX_FAIL_0,P6_CRC_BAD_0,P6_PAYLOAD_MISMATCH_0,MAX_TXD_HIGH_CYCLES_8,DUTY_VIOLATIONS_0,LANE0_1,LANE1_304,REPLICATED_0,START_TICKS_88968501061,END_TICKS_90748693920,COMPLETION_SEQUENCE_10
P7_STATIONARY_TERMINAL_BUNDLE_00000010_CAPTURED=1
P7_STATIONARY_OBJECT_00000011=SLOT_2,GEN_1,SESSION_50370001,OBJECT_1003,STATUS_3,ERROR_0,BYTES_65536,FRAGMENTS_305/305,ATTEMPTS_305,FALLBACKS_1,OUTSHA_0765B0D1A9F493355595772F5A2EBAAF700D4D2CC7D8A781729A9771A380754F,P6_RETRY_COUNT_0,P6_RETRY_EXHAUSTED_0,P6_TX_FAIL_0,P6_CRC_BAD_0,P6_PAYLOAD_MISMATCH_0,MAX_TXD_HIGH_CYCLES_8,DUTY_VIOLATIONS_0,LANE0_304,LANE1_1,REPLICATED_0,START_TICKS_90748778260,END_TICKS_92798614519,COMPLETION_SEQUENCE_11
P7_STATIONARY_TERMINAL_BUNDLE_00000011_CAPTURED=1
P7_STATIONARY_OBJECT_00000012=SLOT_3,GEN_1,SESSION_50370001,OBJECT_1004,STATUS_3,ERROR_0,BYTES_65536,FRAGMENTS_305/305,ATTEMPTS_305,FALLBACKS_0,OUTSHA_7DACA2095D0438260FA849183DFC67FAA459FDF4936E1BC91EEC6B281B27E4C2,P6_RETRY_COUNT_0,P6_RETRY_EXHAUSTED_0,P6_TX_FAIL_0,P6_CRC_BAD_0,P6_PAYLOAD_MISMATCH_0,MAX_TXD_HIGH_CYCLES_8,DUTY_VIOLATIONS_0,LANE0_0,LANE1_305,REPLICATED_0,START_TICKS_92798698908,END_TICKS_94955611432,COMPLETION_SEQUENCE_12
P7_STATIONARY_TERMINAL_BUNDLE_00000012_CAPTURED=1
P7_SAMPLE_00009=ELAPSED_270.000,ELAPSED_TICKS_90000002610,WINDOW_CALIBRATION,OBJECTS_9,FAILED_0,BYTES_HI_00000000,BYTES_LO_00351000,FRAGMENTS_16179,LANE0_15254,LANE1_5803,REPLICATED_4878,FALLBACKS_2,P6_RETRIES_0,P6_RETRY_EXHAUSTED_0,P6_TX_FAIL_0,P6_CRC_BAD_0,P6_PAYLOAD_MISMATCH_0,MAX_TXD_HIGH_8,DUTY_VIOLATIONS_0,QUEUE_OCCUPANCY_8,QUEUE_HIGH_8,BACKPRESSURE_1,QUEUE_OBS_NOT_BEFORE_TICKS_113575055448,CURRENT_BPS_103037,ROLLING_BPS_103037,LATENCY_COUNT_1,LATENCY_MIN_TICKS_30716944810,LATENCY_MEAN_TICKS_30716944810,LATENCY_P50_TICKS_30716944810,LATENCY_P95_TICKS_30716944810,LATENCY_P99_TICKS_30716944810,LATENCY_MAX_TICKS_30716944810,LAST_OBJECT_1001
P7_SAMPLE_00010=ELAPSED_300.000,ELAPSED_TICKS_100000002900,WINDOW_CALIBRATION,OBJECTS_12,FAILED_0,BYTES_HI_00000000,BYTES_LO_00381000,FRAGMENTS_17094,LANE0_15559,LANE1_6413,REPLICATED_4878,FALLBACKS_4,P6_RETRIES_0,P6_RETRY_EXHAUSTED_0,P6_TX_FAIL_0,P6_CRC_BAD_0,P6_PAYLOAD_MISMATCH_0,MAX_TXD_HIGH_8,DUTY_VIOLATIONS_0,QUEUE_OCCUPANCY_8,QUEUE_HIGH_8,BACKPRESSURE_1,QUEUE_OBS_NOT_BEFORE_TICKS_113575055448,CURRENT_BPS_97976,ROLLING_BPS_97976,LATENCY_COUNT_3,LATENCY_MIN_TICKS_1780192859,LATENCY_MEAN_TICKS_1995647214,LATENCY_P50_TICKS_2049836259,LATENCY_P95_TICKS_2156912524,LATENCY_P99_TICKS_2156912524,LATENCY_MAX_TICKS_2156912524,LAST_OBJECT_1004
P7_SAMPLE_00011=ELAPSED_330.000,ELAPSED_TICKS_110000003190,WINDOW_ACCEPTANCE,OBJECTS_12,FAILED_0,BYTES_HI_00000000,BYTES_LO_00381000,FRAGMENTS_17094,LANE0_15559,LANE1_6413,REPLICATED_4878,FALLBACKS_4,P6_RETRIES_0,P6_RETRY_EXHAUSTED_0,P6_TX_FAIL_0,P6_CRC_BAD_0,P6_PAYLOAD_MISMATCH_0,MAX_TXD_HIGH_8,DUTY_VIOLATIONS_0,QUEUE_OCCUPANCY_8,QUEUE_HIGH_8,BACKPRESSURE_1,QUEUE_OBS_NOT_BEFORE_TICKS_113575055448,CURRENT_BPS_89069,ROLLING_BPS_97976,LATENCY_COUNT_0,LATENCY_MIN_TICKS_0,LATENCY_MEAN_TICKS_0,LATENCY_P50_TICKS_0,LATENCY_P95_TICKS_0,LATENCY_P99_TICKS_0,LATENCY_MAX_TICKS_0,LAST_OBJECT_1004
P7_CALIBRATION_WINDOW_COMPLETE=1
P7_SAMPLE_00012=ELAPSED_360.000,ELAPSED_TICKS_120000003480,WINDOW_ACCEPTANCE,OBJECTS_12,FAILED_0,BYTES_HI_00000000,BYTES_LO_00381000,FRAGMENTS_17094,LANE0_15559,LANE1_6413,REPLICATED_4878,FALLBACKS_4,P6_RETRIES_0,P6_RETRY_EXHAUSTED_0,P6_TX_FAIL_0,P6_CRC_BAD_0,P6_PAYLOAD_MISMATCH_0,MAX_TXD_HIGH_8,DUTY_VIOLATIONS_0,QUEUE_OCCUPANCY_8,QUEUE_HIGH_8,BACKPRESSURE_1,QUEUE_OBS_NOT_BEFORE_TICKS_120018711912,CURRENT_BPS_81646,ROLLING_BPS_68266,LATENCY_COUNT_0,LATENCY_MIN_TICKS_0,LATENCY_MEAN_TICKS_0,LATENCY_P50_TICKS_0,LATENCY_P95_TICKS_0,LATENCY_P99_TICKS_0,LATENCY_MAX_TICKS_0,LAST_OBJECT_1004
P7_STATIONARY_OBJECT_00000013=SLOT_4,GEN_1,SESSION_50370001,OBJECT_1005,STATUS_3,ERROR_0,BYTES_1048576,FRAGMENTS_4878/4878,ATTEMPTS_4878,FALLBACKS_0,OUTSHA_95647E4A543FC103FFBD0D4B0CFFCBDCCB1B304581D7E609CC4D7C909491E259,P6_RETRY_COUNT_0,P6_RETRY_EXHAUSTED_0,P6_TX_FAIL_0,P6_CRC_BAD_0,P6_PAYLOAD_MISMATCH_0,MAX_TXD_HIGH_CYCLES_8,DUTY_VIOLATIONS_0,LANE0_4878,LANE1_4878,REPLICATED_4878,START_TICKS_94955695756,END_TICKS_125905422042,COMPLETION_SEQUENCE_13
P7_STATIONARY_TERMINAL_BUNDLE_00000013_CAPTURED=1
P7_STATIONARY_OBJECT_00000014=SLOT_5,GEN_1,SESSION_50370001,OBJECT_1006,STATUS_3,ERROR_0,BYTES_4096,FRAGMENTS_20/20,ATTEMPTS_20,FALLBACKS_0,OUTSHA_FEB07BD82EE49AD03FA5AD02148220E679C7457A8961CB23D1CEB146CE8D6C77,P6_RETRY_COUNT_0,P6_RETRY_EXHAUSTED_0,P6_TX_FAIL_0,P6_CRC_BAD_0,P6_PAYLOAD_MISMATCH_0,MAX_TXD_HIGH_CYCLES_8,DUTY_VIOLATIONS_0,LANE0_10,LANE1_10,REPLICATED_0,START_TICKS_125905506435,END_TICKS_125985573976,COMPLETION_SEQUENCE_14
P7_STATIONARY_TERMINAL_BUNDLE_00000014_CAPTURED=1
P7_STATIONARY_OBJECT_00000015=SLOT_6,GEN_1,SESSION_50370001,OBJECT_1007,STATUS_3,ERROR_0,BYTES_65536,FRAGMENTS_305/305,ATTEMPTS_305,FALLBACKS_0,OUTSHA_9DA06F7DA81A794CD2F75205391C6EDE1C44A6E14752AB6AFA5661982268B7DD,P6_RETRY_COUNT_0,P6_RETRY_EXHAUSTED_0,P6_TX_FAIL_0,P6_CRC_BAD_0,P6_PAYLOAD_MISMATCH_0,MAX_TXD_HIGH_CYCLES_8,DUTY_VIOLATIONS_0,LANE0_305,LANE1_0,REPLICATED_0,START_TICKS_125985658255,END_TICKS_127941647118,COMPLETION_SEQUENCE_15
P7_STATIONARY_TERMINAL_BUNDLE_00000015_CAPTURED=1
P7_STATIONARY_OBJECT_00000016=SLOT_7,GEN_1,SESSION_50370001,OBJECT_1008,STATUS_3,ERROR_0,BYTES_65536,FRAGMENTS_305/305,ATTEMPTS_305,FALLBACKS_0,OUTSHA_7DACA2095D0438260FA849183DFC67FAA459FDF4936E1BC91EEC6B281B27E4C2,P6_RETRY_COUNT_0,P6_RETRY_EXHAUSTED_0,P6_TX_FAIL_0,P6_CRC_BAD_0,P6_PAYLOAD_MISMATCH_0,MAX_TXD_HIGH_CYCLES_8,DUTY_VIOLATIONS_0,LANE0_0,LANE1_305,REPLICATED_0,START_TICKS_127941731448,END_TICKS_130126390717,COMPLETION_SEQUENCE_16
P7_STATIONARY_TERMINAL_BUNDLE_00000016_CAPTURED=1
P7_SAMPLE_00013=ELAPSED_390.000,ELAPSED_TICKS_130000003770,WINDOW_ACCEPTANCE,OBJECTS_15,FAILED_0,BYTES_HI_00000000,BYTES_LO_00492000,FRAGMENTS_22297,LANE0_20752,LANE1_11301,REPLICATED_9756,FALLBACKS_4,P6_RETRIES_0,P6_RETRY_EXHAUSTED_0,P6_TX_FAIL_0,P6_CRC_BAD_0,P6_PAYLOAD_MISMATCH_0,MAX_TXD_HIGH_8,DUTY_VIOLATIONS_0,QUEUE_OCCUPANCY_8,QUEUE_HIGH_8,BACKPRESSURE_1,QUEUE_OBS_NOT_BEFORE_TICKS_149224139238,CURRENT_BPS_98304,ROLLING_BPS_94590,LATENCY_COUNT_3,LATENCY_MIN_TICKS_80067541,LATENCY_MEAN_TICKS_10995260896,LATENCY_P50_TICKS_1955988863,LATENCY_P95_TICKS_30949726286,LATENCY_P99_TICKS_30949726286,LATENCY_MAX_TICKS_30949726286,LAST_OBJECT_1007
P7_SAMPLE_00014=ELAPSED_420.000,ELAPSED_TICKS_140000004060,WINDOW_ACCEPTANCE,OBJECTS_16,FAILED_0,BYTES_HI_00000000,BYTES_LO_004A2000,FRAGMENTS_22602,LANE0_20752,LANE1_11606,REPLICATED_9756,FALLBACKS_4,P6_RETRIES_0,P6_RETRY_EXHAUSTED_0,P6_TX_FAIL_0,P6_CRC_BAD_0,P6_PAYLOAD_MISMATCH_0,MAX_TXD_HIGH_8,DUTY_VIOLATIONS_0,QUEUE_OCCUPANCY_8,QUEUE_HIGH_8,BACKPRESSURE_1,QUEUE_OBS_NOT_BEFORE_TICKS_149224139238,CURRENT_BPS_92530,ROLLING_BPS_96337,LATENCY_COUNT_1,LATENCY_MIN_TICKS_2184659269,LATENCY_MEAN_TICKS_2184659269,LATENCY_P50_TICKS_2184659269,LATENCY_P95_TICKS_2184659269,LATENCY_P99_TICKS_2184659269,LATENCY_MAX_TICKS_2184659269,LAST_OBJECT_1008
P7_SAMPLE_00015=ELAPSED_450.000,ELAPSED_TICKS_150000004350,WINDOW_ACCEPTANCE,OBJECTS_16,FAILED_0,BYTES_HI_00000000,BYTES_LO_004A2000,FRAGMENTS_22602,LANE0_20752,LANE1_11606,REPLICATED_9756,FALLBACKS_4,P6_RETRIES_0,P6_RETRY_EXHAUSTED_0,P6_TX_FAIL_0,P6_CRC_BAD_0,P6_PAYLOAD_MISMATCH_0,MAX_TXD_HIGH_8,DUTY_VIOLATIONS_0,QUEUE_OCCUPANCY_8,QUEUE_HIGH_8,BACKPRESSURE_1,QUEUE_OBS_NOT_BEFORE_TICKS_150070483290,CURRENT_BPS_86361,ROLLING_BPS_96337,LATENCY_COUNT_0,LATENCY_MIN_TICKS_0,LATENCY_MEAN_TICKS_0,LATENCY_P50_TICKS_0,LATENCY_P95_TICKS_0,LATENCY_P99_TICKS_0,LATENCY_MAX_TICKS_0,LAST_OBJECT_1008
P7_SAMPLE_00016=ELAPSED_480.000,ELAPSED_TICKS_160000004640,WINDOW_ACCEPTANCE,OBJECTS_16,FAILED_0,BYTES_HI_00000000,BYTES_LO_004A2000,FRAGMENTS_22602,LANE0_20752,LANE1_11606,REPLICATED_9756,FALLBACKS_4,P6_RETRIES_0,P6_RETRY_EXHAUSTED_0,P6_TX_FAIL_0,P6_CRC_BAD_0,P6_PAYLOAD_MISMATCH_0,MAX_TXD_HIGH_8,DUTY_VIOLATIONS_0,QUEUE_OCCUPANCY_8,QUEUE_HIGH_8,BACKPRESSURE_1,QUEUE_OBS_NOT_BEFORE_TICKS_160110541924,CURRENT_BPS_80964,ROLLING_BPS_64771,LATENCY_COUNT_0,LATENCY_MIN_TICKS_0,LATENCY_MEAN_TICKS_0,LATENCY_P50_TICKS_0,LATENCY_P95_TICKS_0,LATENCY_P99_TICKS_0,LATENCY_MAX_TICKS_0,LAST_OBJECT_1008
P7_STATIONARY_OBJECT_00000017=SLOT_0,GEN_2,SESSION_50370001,OBJECT_1009,STATUS_3,ERROR_0,BYTES_1048576,FRAGMENTS_4878/4878,ATTEMPTS_4878,FALLBACKS_0,OUTSHA_FCD7923CBB8E709738F05BA8C318A4DF5C27C0451A987689FAC429A17B292737,P6_RETRY_COUNT_0,P6_RETRY_EXHAUSTED_0,P6_TX_FAIL_0,P6_CRC_BAD_0,P6_PAYLOAD_MISMATCH_0,MAX_TXD_HIGH_CYCLES_8,DUTY_VIOLATIONS_0,LANE0_4878,LANE1_0,REPLICATED_0,START_TICKS_130126475056,END_TICKS_161083571146,COMPLETION_SEQUENCE_17
P7_STATIONARY_TERMINAL_BUNDLE_00000017_CAPTURED=1
P7_STATIONARY_OBJECT_00000018=SLOT_1,GEN_2,SESSION_50370001,OBJECT_1010,STATUS_3,ERROR_0,BYTES_65536,FRAGMENTS_305/305,ATTEMPTS_305,FALLBACKS_1,OUTSHA_DD5CDD301ADFF15138B402AB190A143E8FF5FFED2D5E2FD24C3140FB652F11FF,P6_RETRY_COUNT_0,P6_RETRY_EXHAUSTED_0,P6_TX_FAIL_0,P6_CRC_BAD_0,P6_PAYLOAD_MISMATCH_0,MAX_TXD_HIGH_CYCLES_8,DUTY_VIOLATIONS_0,LANE0_1,LANE1_304,REPLICATED_0,START_TICKS_161083655484,END_TICKS_162783780442,COMPLETION_SEQUENCE_18
P7_STATIONARY_TERMINAL_BUNDLE_00000018_CAPTURED=1
P7_STATIONARY_OBJECT_00000019=SLOT_2,GEN_2,SESSION_50370001,OBJECT_1011,STATUS_3,ERROR_0,BYTES_65536,FRAGMENTS_305/305,ATTEMPTS_305,FALLBACKS_1,OUTSHA_0765B0D1A9F493355595772F5A2EBAAF700D4D2CC7D8A781729A9771A380754F,P6_RETRY_COUNT_0,P6_RETRY_EXHAUSTED_0,P6_TX_FAIL_0,P6_CRC_BAD_0,P6_PAYLOAD_MISMATCH_0,MAX_TXD_HIGH_CYCLES_8,DUTY_VIOLATIONS_0,LANE0_304,LANE1_1,REPLICATED_0,START_TICKS_162783864772,END_TICKS_164904773508,COMPLETION_SEQUENCE_19
P7_STATIONARY_TERMINAL_BUNDLE_00000019_CAPTURED=1
P7_STATIONARY_OBJECT_00000020=SLOT_3,GEN_2,SESSION_50370001,OBJECT_1012,STATUS_3,ERROR_0,BYTES_65536,FRAGMENTS_305/305,ATTEMPTS_305,FALLBACKS_0,OUTSHA_7DACA2095D0438260FA849183DFC67FAA459FDF4936E1BC91EEC6B281B27E4C2,P6_RETRY_COUNT_0,P6_RETRY_EXHAUSTED_0,P6_TX_FAIL_0,P6_CRC_BAD_0,P6_PAYLOAD_MISMATCH_0,MAX_TXD_HIGH_CYCLES_8,DUTY_VIOLATIONS_0,LANE0_0,LANE1_305,REPLICATED_0,START_TICKS_164904857899,END_TICKS_166931855518,COMPLETION_SEQUENCE_20
P7_STATIONARY_TERMINAL_BUNDLE_00000020_CAPTURED=1
P7_SAMPLE_00017=ELAPSED_510.000,ELAPSED_TICKS_170000004930,WINDOW_ACCEPTANCE,OBJECTS_20,FAILED_0,BYTES_HI_00000000,BYTES_LO_005D2000,FRAGMENTS_28395,LANE0_25935,LANE1_12216,REPLICATED_9756,FALLBACKS_6,P6_RETRIES_0,P6_RETRY_EXHAUSTED_0,P6_TX_FAIL_0,P6_CRC_BAD_0,P6_PAYLOAD_MISMATCH_0,MAX_TXD_HIGH_8,DUTY_VIOLATIONS_0,QUEUE_OCCUPANCY_8,QUEUE_HIGH_8,BACKPRESSURE_1,QUEUE_OBS_NOT_BEFORE_TICKS_185928679684,CURRENT_BPS_95733,ROLLING_BPS_97976,LATENCY_COUNT_4,LATENCY_MIN_TICKS_1700124958,LATENCY_MEAN_TICKS_9201281850,LATENCY_P50_TICKS_2026997619,LATENCY_P95_TICKS_30957096090,LATENCY_P99_TICKS_30957096090,LATENCY_MAX_TICKS_30957096090,LAST_OBJECT_1012
P7_SAMPLE_00018=ELAPSED_540.000,ELAPSED_TICKS_180000005220,WINDOW_ACCEPTANCE,OBJECTS_20,FAILED_0,BYTES_HI_00000000,BYTES_LO_005D2000,FRAGMENTS_28395,LANE0_25935,LANE1_12216,REPLICATED_9756,FALLBACKS_6,P6_RETRIES_0,P6_RETRY_EXHAUSTED_0,P6_TX_FAIL_0,P6_CRC_BAD_0,P6_PAYLOAD_MISMATCH_0,MAX_TXD_HIGH_8,DUTY_VIOLATIONS_0,QUEUE_OCCUPANCY_8,QUEUE_HIGH_8,BACKPRESSURE_1,QUEUE_OBS_NOT_BEFORE_TICKS_185928679684,CURRENT_BPS_90415,ROLLING_BPS_97976,LATENCY_COUNT_0,LATENCY_MIN_TICKS_0,LATENCY_MEAN_TICKS_0,LATENCY_P50_TICKS_0,LATENCY_P95_TICKS_0,LATENCY_P99_TICKS_0,LATENCY_MAX_TICKS_0,LAST_OBJECT_1012
P7_SAMPLE_00019=ELAPSED_570.000,ELAPSED_TICKS_190000005510,WINDOW_ACCEPTANCE,OBJECTS_20,FAILED_0,BYTES_HI_00000000,BYTES_LO_005D2000,FRAGMENTS_28395,LANE0_25935,LANE1_12216,REPLICATED_9756,FALLBACKS_6,P6_RETRIES_0,P6_RETRY_EXHAUSTED_0,P6_TX_FAIL_0,P6_CRC_BAD_0,P6_PAYLOAD_MISMATCH_0,MAX_TXD_HIGH_8,DUTY_VIOLATIONS_0,QUEUE_OCCUPANCY_8,QUEUE_HIGH_8,BACKPRESSURE_1,QUEUE_OBS_NOT_BEFORE_TICKS_190137171816,CURRENT_BPS_85656,ROLLING_BPS_70014,LATENCY_COUNT_0,LATENCY_MIN_TICKS_0,LATENCY_MEAN_TICKS_0,LATENCY_P50_TICKS_0,LATENCY_P95_TICKS_0,LATENCY_P99_TICKS_0,LATENCY_MAX_TICKS_0,LAST_OBJECT_1012
P7_STATIONARY_OBJECT_00000021=SLOT_4,GEN_2,SESSION_50370001,OBJECT_1013,STATUS_3,ERROR_0,BYTES_1048576,FRAGMENTS_4878/4878,ATTEMPTS_4878,FALLBACKS_0,OUTSHA_95647E4A543FC103FFBD0D4B0CFFCBDCCB1B304581D7E609CC4D7C909491E259,P6_RETRY_COUNT_0,P6_RETRY_EXHAUSTED_0,P6_TX_FAIL_0,P6_CRC_BAD_0,P6_PAYLOAD_MISMATCH_0,MAX_TXD_HIGH_CYCLES_8,DUTY_VIOLATIONS_0,LANE0_4878,LANE1_4878,REPLICATED_4878,START_TICKS_166931939902,END_TICKS_197717938119,COMPLETION_SEQUENCE_21
P7_STATIONARY_TERMINAL_BUNDLE_00000021_CAPTURED=1
P7_STATIONARY_OBJECT_00000022=SLOT_5,GEN_2,SESSION_50370001,OBJECT_1014,STATUS_3,ERROR_0,BYTES_4096,FRAGMENTS_20/20,ATTEMPTS_20,FALLBACKS_0,OUTSHA_FEB07BD82EE49AD03FA5AD02148220E679C7457A8961CB23D1CEB146CE8D6C77,P6_RETRY_COUNT_0,P6_RETRY_EXHAUSTED_0,P6_TX_FAIL_0,P6_CRC_BAD_0,P6_PAYLOAD_MISMATCH_0,MAX_TXD_HIGH_CYCLES_8,DUTY_VIOLATIONS_0,LANE0_10,LANE1_10,REPLICATED_0,START_TICKS_197718022516,END_TICKS_197795774262,COMPLETION_SEQUENCE_22
P7_STATIONARY_TERMINAL_BUNDLE_00000022_CAPTURED=1
P7_STATIONARY_OBJECT_00000023=SLOT_6,GEN_2,SESSION_50370001,OBJECT_1015,STATUS_3,ERROR_0,BYTES_65536,FRAGMENTS_305/305,ATTEMPTS_305,FALLBACKS_0,OUTSHA_9DA06F7DA81A794CD2F75205391C6EDE1C44A6E14752AB6AFA5661982268B7DD,P6_RETRY_COUNT_0,P6_RETRY_EXHAUSTED_0,P6_TX_FAIL_0,P6_CRC_BAD_0,P6_PAYLOAD_MISMATCH_0,MAX_TXD_HIGH_CYCLES_8,DUTY_VIOLATIONS_0,LANE0_305,LANE1_0,REPLICATED_0,START_TICKS_197795858566,END_TICKS_199536582667,COMPLETION_SEQUENCE_23
P7_STATIONARY_TERMINAL_BUNDLE_00000023_CAPTURED=1
P7_STATIONARY_OBJECT_00000024=SLOT_7,GEN_2,SESSION_50370001,OBJECT_1016,STATUS_3,ERROR_0,BYTES_65536,FRAGMENTS_305/305,ATTEMPTS_305,FALLBACKS_0,OUTSHA_7DACA2095D0438260FA849183DFC67FAA459FDF4936E1BC91EEC6B281B27E4C2,P6_RETRY_COUNT_0,P6_RETRY_EXHAUSTED_0,P6_TX_FAIL_0,P6_CRC_BAD_0,P6_PAYLOAD_MISMATCH_0,MAX_TXD_HIGH_CYCLES_8,DUTY_VIOLATIONS_0,LANE0_0,LANE1_305,REPLICATED_0,START_TICKS_199536667060,END_TICKS_201668213043,COMPLETION_SEQUENCE_24
P7_STATIONARY_TERMINAL_BUNDLE_00000024_CAPTURED=1
P7_SAMPLE_00020=ELAPSED_600.000,ELAPSED_TICKS_200000005800,WINDOW_ACCEPTANCE,OBJECTS_23,FAILED_0,BYTES_HI_00000000,BYTES_LO_006E3000,FRAGMENTS_33598,LANE0_31128,LANE1_17104,REPLICATED_14634,FALLBACKS_6,P6_RETRIES_0,P6_RETRY_EXHAUSTED_0,P6_TX_FAIL_0,P6_CRC_BAD_0,P6_PAYLOAD_MISMATCH_0,MAX_TXD_HIGH_8,DUTY_VIOLATIONS_0,QUEUE_OCCUPANCY_8,QUEUE_HIGH_8,BACKPRESSURE_1,QUEUE_OBS_NOT_BEFORE_TICKS_221355508020,CURRENT_BPS_96283,ROLLING_BPS_94590,LATENCY_COUNT_3,LATENCY_MIN_TICKS_77751746,LATENCY_MEAN_TICKS_10868158021,LATENCY_P50_TICKS_1740724101,LATENCY_P95_TICKS_30785998217,LATENCY_P99_TICKS_30785998217,LATENCY_MAX_TICKS_30785998217,LAST_OBJECT_1015
P7_SAMPLE_00021=ELAPSED_630.000,ELAPSED_TICKS_210000006090,WINDOW_ACCEPTANCE,OBJECTS_24,FAILED_0,BYTES_HI_00000000,BYTES_LO_006F3000,FRAGMENTS_33903,LANE0_31128,LANE1_17409,REPLICATED_14634,FALLBACKS_6,P6_RETRIES_0,P6_RETRY_EXHAUSTED_0,P6_TX_FAIL_0,P6_CRC_BAD_0,P6_PAYLOAD_MISMATCH_0,MAX_TXD_HIGH_8,DUTY_VIOLATIONS_0,QUEUE_OCCUPANCY_8,QUEUE_HIGH_8,BACKPRESSURE_1,QUEUE_OBS_NOT_BEFORE_TICKS_221355508020,CURRENT_BPS_92530,ROLLING_BPS_96337,LATENCY_COUNT_1,LATENCY_MIN_TICKS_2131545983,LATENCY_MEAN_TICKS_2131545983,LATENCY_P50_TICKS_2131545983,LATENCY_P95_TICKS_2131545983,LATENCY_P99_TICKS_2131545983,LATENCY_MAX_TICKS_2131545983,LAST_OBJECT_1016
P7_SAMPLE_00022=ELAPSED_660.000,ELAPSED_TICKS_220000006380,WINDOW_ACCEPTANCE,OBJECTS_24,FAILED_0,BYTES_HI_00000000,BYTES_LO_006F3000,FRAGMENTS_33903,LANE0_31128,LANE1_17409,REPLICATED_14634,FALLBACKS_6,P6_RETRIES_0,P6_RETRY_EXHAUSTED_0,P6_TX_FAIL_0,P6_CRC_BAD_0,P6_PAYLOAD_MISMATCH_0,MAX_TXD_HIGH_8,DUTY_VIOLATIONS_0,QUEUE_OCCUPANCY_8,QUEUE_HIGH_8,BACKPRESSURE_1,QUEUE_OBS_NOT_BEFORE_TICKS_221355508020,CURRENT_BPS_88324,ROLLING_BPS_96337,LATENCY_COUNT_0,LATENCY_MIN_TICKS_0,LATENCY_MEAN_TICKS_0,LATENCY_P50_TICKS_0,LATENCY_P95_TICKS_0,LATENCY_P99_TICKS_0,LATENCY_MAX_TICKS_0,LAST_OBJECT_1016
P7_SAMPLE_00023=ELAPSED_690.000,ELAPSED_TICKS_230000006670,WINDOW_ACCEPTANCE,OBJECTS_24,FAILED_0,BYTES_HI_00000000,BYTES_LO_006F3000,FRAGMENTS_33903,LANE0_31128,LANE1_17409,REPLICATED_14634,FALLBACKS_6,P6_RETRIES_0,P6_RETRY_EXHAUSTED_0,P6_TX_FAIL_0,P6_CRC_BAD_0,P6_PAYLOAD_MISMATCH_0,MAX_TXD_HIGH_8,DUTY_VIOLATIONS_0,QUEUE_OCCUPANCY_8,QUEUE_HIGH_8,BACKPRESSURE_1,QUEUE_OBS_NOT_BEFORE_TICKS_230100499540,CURRENT_BPS_84484,ROLLING_BPS_66519,LATENCY_COUNT_0,LATENCY_MIN_TICKS_0,LATENCY_MEAN_TICKS_0,LATENCY_P50_TICKS_0,LATENCY_P95_TICKS_0,LATENCY_P99_TICKS_0,LATENCY_MAX_TICKS_0,LAST_OBJECT_1016
P7_STATIONARY_OBJECT_00000025=SLOT_0,GEN_3,SESSION_50370001,OBJECT_1017,STATUS_3,ERROR_0,BYTES_1048576,FRAGMENTS_4878/4878,ATTEMPTS_4878,FALLBACKS_0,OUTSHA_FCD7923CBB8E709738F05BA8C318A4DF5C27C0451A987689FAC429A17B292737,P6_RETRY_COUNT_0,P6_RETRY_EXHAUSTED_0,P6_TX_FAIL_0,P6_CRC_BAD_0,P6_PAYLOAD_MISMATCH_0,MAX_TXD_HIGH_CYCLES_8,DUTY_VIOLATIONS_0,LANE0_4878,LANE1_0,REPLICATED_0,START_TICKS_201668297374,END_TICKS_232743435118,COMPLETION_SEQUENCE_25
P7_STATIONARY_TERMINAL_BUNDLE_00000025_CAPTURED=1
P7_STATIONARY_OBJECT_00000026=SLOT_1,GEN_3,SESSION_50370001,OBJECT_1018,STATUS_3,ERROR_0,BYTES_65536,FRAGMENTS_305/305,ATTEMPTS_305,FALLBACKS_1,OUTSHA_DD5CDD301ADFF15138B402AB190A143E8FF5FFED2D5E2FD24C3140FB652F11FF,P6_RETRY_COUNT_0,P6_RETRY_EXHAUSTED_0,P6_TX_FAIL_0,P6_CRC_BAD_0,P6_PAYLOAD_MISMATCH_0,MAX_TXD_HIGH_CYCLES_8,DUTY_VIOLATIONS_0,LANE0_1,LANE1_304,REPLICATED_0,START_TICKS_232743519460,END_TICKS_234530023030,COMPLETION_SEQUENCE_26
P7_STATIONARY_TERMINAL_BUNDLE_00000026_CAPTURED=1
P7_STATIONARY_OBJECT_00000027=SLOT_2,GEN_3,SESSION_50370001,OBJECT_1019,STATUS_3,ERROR_0,BYTES_65536,FRAGMENTS_305/305,ATTEMPTS_305,FALLBACKS_1,OUTSHA_0765B0D1A9F493355595772F5A2EBAAF700D4D2CC7D8A781729A9771A380754F,P6_RETRY_COUNT_0,P6_RETRY_EXHAUSTED_0,P6_TX_FAIL_0,P6_CRC_BAD_0,P6_PAYLOAD_MISMATCH_0,MAX_TXD_HIGH_CYCLES_8,DUTY_VIOLATIONS_0,LANE0_304,LANE1_1,REPLICATED_0,START_TICKS_234530107420,END_TICKS_236653699230,COMPLETION_SEQUENCE_27
P7_STATIONARY_TERMINAL_BUNDLE_00000027_CAPTURED=1
P7_STATIONARY_OBJECT_00000028=SLOT_3,GEN_3,SESSION_50370001,OBJECT_1020,STATUS_3,ERROR_0,BYTES_65536,FRAGMENTS_305/305,ATTEMPTS_305,FALLBACKS_0,OUTSHA_7DACA2095D0438260FA849183DFC67FAA459FDF4936E1BC91EEC6B281B27E4C2,P6_RETRY_COUNT_0,P6_RETRY_EXHAUSTED_0,P6_TX_FAIL_0,P6_CRC_BAD_0,P6_PAYLOAD_MISMATCH_0,MAX_TXD_HIGH_CYCLES_8,DUTY_VIOLATIONS_0,LANE0_0,LANE1_305,REPLICATED_0,START_TICKS_236653783552,END_TICKS_238777138117,COMPLETION_SEQUENCE_28
P7_STATIONARY_TERMINAL_BUNDLE_00000028_CAPTURED=1
P7_SAMPLE_00024=ELAPSED_720.000,ELAPSED_TICKS_240000006960,WINDOW_ACCEPTANCE,OBJECTS_28,FAILED_0,BYTES_HI_00000000,BYTES_LO_00823000,FRAGMENTS_39696,LANE0_36311,LANE1_18019,REPLICATED_14634,FALLBACKS_8,P6_RETRIES_0,P6_RETRY_EXHAUSTED_0,P6_TX_FAIL_0,P6_CRC_BAD_0,P6_PAYLOAD_MISMATCH_0,MAX_TXD_HIGH_8,DUTY_VIOLATIONS_0,QUEUE_OCCUPANCY_8,QUEUE_HIGH_8,BACKPRESSURE_1,QUEUE_OBS_NOT_BEFORE_TICKS_257333172898,CURRENT_BPS_94799,ROLLING_BPS_97976,LATENCY_COUNT_4,LATENCY_MIN_TICKS_1786503570,LATENCY_MEAN_TICKS_9277146922,LATENCY_P50_TICKS_2123354565,LATENCY_P95_TICKS_31075137744,LATENCY_P99_TICKS_31075137744,LATENCY_MAX_TICKS_31075137744,LAST_OBJECT_1020
P7_SAMPLE_00025=ELAPSED_750.000,ELAPSED_TICKS_250000007250,WINDOW_ACCEPTANCE,OBJECTS_28,FAILED_0,BYTES_HI_00000000,BYTES_LO_00823000,FRAGMENTS_39696,LANE0_36311,LANE1_18019,REPLICATED_14634,FALLBACKS_8,P6_RETRIES_0,P6_RETRY_EXHAUSTED_0,P6_TX_FAIL_0,P6_CRC_BAD_0,P6_PAYLOAD_MISMATCH_0,MAX_TXD_HIGH_8,DUTY_VIOLATIONS_0,QUEUE_OCCUPANCY_8,QUEUE_HIGH_8,BACKPRESSURE_1,QUEUE_OBS_NOT_BEFORE_TICKS_257333172898,CURRENT_BPS_91007,ROLLING_BPS_97976,LATENCY_COUNT_0,LATENCY_MIN_TICKS_0,LATENCY_MEAN_TICKS_0,LATENCY_P50_TICKS_0,LATENCY_P95_TICKS_0,LATENCY_P99_TICKS_0,LATENCY_MAX_TICKS_0,LAST_OBJECT_1020
P7_SAMPLE_00026=ELAPSED_780.000,ELAPSED_TICKS_260000007540,WINDOW_ACCEPTANCE,OBJECTS_28,FAILED_0,BYTES_HI_00000000,BYTES_LO_00823000,FRAGMENTS_39696,LANE0_36311,LANE1_18019,REPLICATED_14634,FALLBACKS_8,P6_RETRIES_0,P6_RETRY_EXHAUSTED_0,P6_TX_FAIL_0,P6_CRC_BAD_0,P6_PAYLOAD_MISMATCH_0,MAX_TXD_HIGH_8,DUTY_VIOLATIONS_0,QUEUE_OCCUPANCY_8,QUEUE_HIGH_8,BACKPRESSURE_1,QUEUE_OBS_NOT_BEFORE_TICKS_260068867891,CURRENT_BPS_87507,ROLLING_BPS_97976,LATENCY_COUNT_0,LATENCY_MIN_TICKS_0,LATENCY_MEAN_TICKS_0,LATENCY_P50_TICKS_0,LATENCY_P95_TICKS_0,LATENCY_P99_TICKS_0,LATENCY_MAX_TICKS_0,LAST_OBJECT_1020
P7_STATIONARY_OBJECT_00000029=SLOT_4,GEN_3,SESSION_50370001,OBJECT_1021,STATUS_3,ERROR_0,BYTES_1048576,FRAGMENTS_4878/4878,ATTEMPTS_4878,FALLBACKS_0,OUTSHA_95647E4A543FC103FFBD0D4B0CFFCBDCCB1B304581D7E609CC4D7C909491E259,P6_RETRY_COUNT_0,P6_RETRY_EXHAUSTED_0,P6_TX_FAIL_0,P6_CRC_BAD_0,P6_PAYLOAD_MISMATCH_0,MAX_TXD_HIGH_CYCLES_8,DUTY_VIOLATIONS_0,LANE0_4878,LANE1_4878,REPLICATED_4878,START_TICKS_238777222494,END_TICKS_269671078162,COMPLETION_SEQUENCE_29
P7_STATIONARY_TERMINAL_BUNDLE_00000029_CAPTURED=1
P7_STATIONARY_OBJECT_00000030=SLOT_5,GEN_3,SESSION_50370001,OBJECT_1022,STATUS_3,ERROR_0,BYTES_4096,FRAGMENTS_20/20,ATTEMPTS_20,FALLBACKS_0,OUTSHA_FEB07BD82EE49AD03FA5AD02148220E679C7457A8961CB23D1CEB146CE8D6C77,P6_RETRY_COUNT_0,P6_RETRY_EXHAUSTED_0,P6_TX_FAIL_0,P6_CRC_BAD_0,P6_PAYLOAD_MISMATCH_0,MAX_TXD_HIGH_CYCLES_8,DUTY_VIOLATIONS_0,LANE0_10,LANE1_10,REPLICATED_0,START_TICKS_269671162561,END_TICKS_269747930433,COMPLETION_SEQUENCE_30
P7_STATIONARY_TERMINAL_BUNDLE_00000030_CAPTURED=1
P7_STATIONARY_OBJECT_00000031=SLOT_6,GEN_3,SESSION_50370001,OBJECT_1023,STATUS_3,ERROR_0,BYTES_65536,FRAGMENTS_305/305,ATTEMPTS_305,FALLBACKS_0,OUTSHA_9DA06F7DA81A794CD2F75205391C6EDE1C44A6E14752AB6AFA5661982268B7DD,P6_RETRY_COUNT_0,P6_RETRY_EXHAUSTED_0,P6_TX_FAIL_0,P6_CRC_BAD_0,P6_PAYLOAD_MISMATCH_0,MAX_TXD_HIGH_CYCLES_8,DUTY_VIOLATIONS_0,LANE0_305,LANE1_0,REPLICATED_0,START_TICKS_269748014766,END_TICKS_271679351643,COMPLETION_SEQUENCE_31
P7_STATIONARY_TERMINAL_BUNDLE_00000031_CAPTURED=1
P7_STATIONARY_OBJECT_00000032=SLOT_7,GEN_3,SESSION_50370001,OBJECT_1024,STATUS_3,ERROR_0,BYTES_65536,FRAGMENTS_305/305,ATTEMPTS_305,FALLBACKS_0,OUTSHA_7DACA2095D0438260FA849183DFC67FAA459FDF4936E1BC91EEC6B281B27E4C2,P6_RETRY_COUNT_0,P6_RETRY_EXHAUSTED_0,P6_TX_FAIL_0,P6_CRC_BAD_0,P6_PAYLOAD_MISMATCH_0,MAX_TXD_HIGH_CYCLES_8,DUTY_VIOLATIONS_0,LANE0_0,LANE1_305,REPLICATED_0,START_TICKS_271679436030,END_TICKS_273818840917,COMPLETION_SEQUENCE_32
P7_STATIONARY_TERMINAL_BUNDLE_00000032_CAPTURED=1
P7_SAMPLE_00027=ELAPSED_810.000,ELAPSED_TICKS_270000007830,WINDOW_ACCEPTANCE,OBJECTS_30,FAILED_0,BYTES_HI_00000000,BYTES_LO_00924000,FRAGMENTS_44594,LANE0_41199,LANE1_22907,REPLICATED_19512,FALLBACKS_8,P6_RETRIES_0,P6_RETRY_EXHAUSTED_0,P6_TX_FAIL_0,P6_CRC_BAD_0,P6_PAYLOAD_MISMATCH_0,MAX_TXD_HIGH_8,DUTY_VIOLATIONS_0,QUEUE_OCCUPANCY_8,QUEUE_HIGH_8,BACKPRESSURE_1,QUEUE_OBS_NOT_BEFORE_TICKS_292925049594,CURRENT_BPS_94663,ROLLING_BPS_92842,LATENCY_COUNT_2,LATENCY_MIN_TICKS_76767872,LATENCY_MEAN_TICKS_15485311770,LATENCY_P50_TICKS_76767872,LATENCY_P95_TICKS_30893855668,LATENCY_P99_TICKS_30893855668,LATENCY_MAX_TICKS_30893855668,LAST_OBJECT_1022
P7_SAMPLE_00028=ELAPSED_840.000,ELAPSED_TICKS_280000008120,WINDOW_ACCEPTANCE,OBJECTS_32,FAILED_0,BYTES_HI_00000000,BYTES_LO_00944000,FRAGMENTS_45204,LANE0_41504,LANE1_23212,REPLICATED_19512,FALLBACKS_8,P6_RETRIES_0,P6_RETRY_EXHAUSTED_0,P6_TX_FAIL_0,P6_CRC_BAD_0,P6_PAYLOAD_MISMATCH_0,MAX_TXD_HIGH_8,DUTY_VIOLATIONS_0,QUEUE_OCCUPANCY_8,QUEUE_HIGH_8,BACKPRESSURE_1,QUEUE_OBS_NOT_BEFORE_TICKS_292925049594,CURRENT_BPS_92530,ROLLING_BPS_96337,LATENCY_COUNT_2,LATENCY_MIN_TICKS_1931336877,LATENCY_MEAN_TICKS_2035370882,LATENCY_P50_TICKS_1931336877,LATENCY_P95_TICKS_2139404887,LATENCY_P99_TICKS_2139404887,LATENCY_MAX_TICKS_2139404887,LAST_OBJECT_1024
P7_SAMPLE_00029=ELAPSED_870.000,ELAPSED_TICKS_290000008410,WINDOW_ACCEPTANCE,OBJECTS_32,FAILED_0,BYTES_HI_00000000,BYTES_LO_00944000,FRAGMENTS_45204,LANE0_41504,LANE1_23212,REPLICATED_19512,FALLBACKS_8,P6_RETRIES_0,P6_RETRY_EXHAUSTED_0,P6_TX_FAIL_0,P6_CRC_BAD_0,P6_PAYLOAD_MISMATCH_0,MAX_TXD_HIGH_8,DUTY_VIOLATIONS_0,QUEUE_OCCUPANCY_8,QUEUE_HIGH_8,BACKPRESSURE_1,QUEUE_OBS_NOT_BEFORE_TICKS_292925049594,CURRENT_BPS_89339,ROLLING_BPS_96337,LATENCY_COUNT_0,LATENCY_MIN_TICKS_0,LATENCY_MEAN_TICKS_0,LATENCY_P50_TICKS_0,LATENCY_P95_TICKS_0,LATENCY_P99_TICKS_0,LATENCY_MAX_TICKS_0,LAST_OBJECT_1024
P7_SAMPLE_00030=ELAPSED_900.000,ELAPSED_TICKS_300000008700,WINDOW_ACCEPTANCE,OBJECTS_32,FAILED_0,BYTES_HI_00000000,BYTES_LO_00944000,FRAGMENTS_45204,LANE0_41504,LANE1_23212,REPLICATED_19512,FALLBACKS_8,P6_RETRIES_0,P6_RETRY_EXHAUSTED_0,P6_TX_FAIL_0,P6_CRC_BAD_0,P6_PAYLOAD_MISMATCH_0,MAX_TXD_HIGH_8,DUTY_VIOLATIONS_0,QUEUE_OCCUPANCY_8,QUEUE_HIGH_8,BACKPRESSURE_1,QUEUE_OBS_NOT_BEFORE_TICKS_300171665608,CURRENT_BPS_86361,ROLLING_BPS_66519,LATENCY_COUNT_0,LATENCY_MIN_TICKS_0,LATENCY_MEAN_TICKS_0,LATENCY_P50_TICKS_0,LATENCY_P95_TICKS_0,LATENCY_P99_TICKS_0,LATENCY_MAX_TICKS_0,LAST_OBJECT_1024
P7_STATIONARY_OBJECT_00000033=SLOT_0,GEN_4,SESSION_50370001,OBJECT_1025,STATUS_3,ERROR_0,BYTES_1048576,FRAGMENTS_4878/4878,ATTEMPTS_4878,FALLBACKS_0,OUTSHA_FCD7923CBB8E709738F05BA8C318A4DF5C27C0451A987689FAC429A17B292737,P6_RETRY_COUNT_0,P6_RETRY_EXHAUSTED_0,P6_TX_FAIL_0,P6_CRC_BAD_0,P6_PAYLOAD_MISMATCH_0,MAX_TXD_HIGH_CYCLES_8,DUTY_VIOLATIONS_0,LANE0_4878,LANE1_0,REPLICATED_0,START_TICKS_273821847105,END_TICKS_304916278717,COMPLETION_SEQUENCE_33
P7_STATIONARY_TERMINAL_BUNDLE_00000033_CAPTURED=1
P7_STATIONARY_OBJECT_00000034=SLOT_1,GEN_4,SESSION_50370001,OBJECT_1026,STATUS_3,ERROR_0,BYTES_65536,FRAGMENTS_305/305,ATTEMPTS_305,FALLBACKS_1,OUTSHA_DD5CDD301ADFF15138B402AB190A143E8FF5FFED2D5E2FD24C3140FB652F11FF,P6_RETRY_COUNT_0,P6_RETRY_EXHAUSTED_0,P6_TX_FAIL_0,P6_CRC_BAD_0,P6_PAYLOAD_MISMATCH_0,MAX_TXD_HIGH_CYCLES_8,DUTY_VIOLATIONS_0,LANE0_1,LANE1_304,REPLICATED_0,START_TICKS_304916363047,END_TICKS_306805687360,COMPLETION_SEQUENCE_34
P7_STATIONARY_TERMINAL_BUNDLE_00000034_CAPTURED=1
P7_STATIONARY_OBJECT_00000035=SLOT_2,GEN_4,SESSION_50370001,OBJECT_1027,STATUS_3,ERROR_0,BYTES_65536,FRAGMENTS_305/305,ATTEMPTS_305,FALLBACKS_1,OUTSHA_0765B0D1A9F493355595772F5A2EBAAF700D4D2CC7D8A781729A9771A380754F,P6_RETRY_COUNT_0,P6_RETRY_EXHAUSTED_0,P6_TX_FAIL_0,P6_CRC_BAD_0,P6_PAYLOAD_MISMATCH_0,MAX_TXD_HIGH_CYCLES_8,DUTY_VIOLATIONS_0,LANE0_304,LANE1_1,REPLICATED_0,START_TICKS_306805771684,END_TICKS_308846409159,COMPLETION_SEQUENCE_35
P7_STATIONARY_TERMINAL_BUNDLE_00000035_CAPTURED=1
P7_STATIONARY_OBJECT_00000036=SLOT_3,GEN_4,SESSION_50370001,OBJECT_1028,STATUS_3,ERROR_0,BYTES_65536,FRAGMENTS_305/305,ATTEMPTS_305,FALLBACKS_0,OUTSHA_7DACA2095D0438260FA849183DFC67FAA459FDF4936E1BC91EEC6B281B27E4C2,P6_RETRY_COUNT_0,P6_RETRY_EXHAUSTED_0,P6_TX_FAIL_0,P6_CRC_BAD_0,P6_PAYLOAD_MISMATCH_0,MAX_TXD_HIGH_CYCLES_8,DUTY_VIOLATIONS_0,LANE0_0,LANE1_305,REPLICATED_0,START_TICKS_308846493547,END_TICKS_311021702716,COMPLETION_SEQUENCE_36
P7_STATIONARY_TERMINAL_BUNDLE_00000036_CAPTURED=1
P7_SAMPLE_00031=ELAPSED_930.000,ELAPSED_TICKS_310000008990,WINDOW_ACCEPTANCE,OBJECTS_35,FAILED_0,BYTES_HI_00000000,BYTES_LO_00A64000,FRAGMENTS_50692,LANE0_46687,LANE1_23517,REPLICATED_19512,FALLBACKS_10,P6_RETRIES_0,P6_RETRY_EXHAUSTED_0,P6_TX_FAIL_0,P6_CRC_BAD_0,P6_PAYLOAD_MISMATCH_0,MAX_TXD_HIGH_8,DUTY_VIOLATIONS_0,QUEUE_OCCUPANCY_8,QUEUE_HIGH_8,BACKPRESSURE_1,QUEUE_OBS_NOT_BEFORE_TICKS_329632404913,CURRENT_BPS_93723,ROLLING_BPS_96228,LATENCY_COUNT_3,LATENCY_MIN_TICKS_1889324313,LATENCY_MEAN_TICKS_11674797800,LATENCY_P50_TICKS_2040637475,LATENCY_P95_TICKS_31094431612,LATENCY_P99_TICKS_31094431612,LATENCY_MAX_TICKS_31094431612,LAST_OBJECT_1027
P7_SAMPLE_00032=ELAPSED_960.000,ELAPSED_TICKS_320000009280,WINDOW_ACCEPTANCE,OBJECTS_36,FAILED_0,BYTES_HI_00000000,BYTES_LO_00A74000,FRAGMENTS_50997,LANE0_46687,LANE1_23822,REPLICATED_19512,FALLBACKS_10,P6_RETRIES_0,P6_RETRY_EXHAUSTED_0,P6_TX_FAIL_0,P6_CRC_BAD_0,P6_PAYLOAD_MISMATCH_0,MAX_TXD_HIGH_8,DUTY_VIOLATIONS_0,QUEUE_OCCUPANCY_8,QUEUE_HIGH_8,BACKPRESSURE_1,QUEUE_OBS_NOT_BEFORE_TICKS_329632404913,CURRENT_BPS_91340,ROLLING_BPS_97976,LATENCY_COUNT_1,LATENCY_MIN_TICKS_2175209169,LATENCY_MEAN_TICKS_2175209169,LATENCY_P50_TICKS_2175209169,LATENCY_P95_TICKS_2175209169,LATENCY_P99_TICKS_2175209169,LATENCY_MAX_TICKS_2175209169,LAST_OBJECT_1028
P7_SAMPLE_00033=ELAPSED_990.000,ELAPSED_TICKS_330000009570,WINDOW_ACCEPTANCE,OBJECTS_36,FAILED_0,BYTES_HI_00000000,BYTES_LO_00A74000,FRAGMENTS_50997,LANE0_46687,LANE1_23822,REPLICATED_19512,FALLBACKS_10,P6_RETRIES_0,P6_RETRY_EXHAUSTED_0,P6_TX_FAIL_0,P6_CRC_BAD_0,P6_PAYLOAD_MISMATCH_0,MAX_TXD_HIGH_8,DUTY_VIOLATIONS_0,QUEUE_OCCUPANCY_8,QUEUE_HIGH_8,BACKPRESSURE_1,QUEUE_OBS_NOT_BEFORE_TICKS_330015781456,CURRENT_BPS_88572,ROLLING_BPS_97976,LATENCY_COUNT_0,LATENCY_MIN_TICKS_0,LATENCY_MEAN_TICKS_0,LATENCY_P50_TICKS_0,LATENCY_P95_TICKS_0,LATENCY_P99_TICKS_0,LATENCY_MAX_TICKS_0,LAST_OBJECT_1028
P7_SAMPLE_00034=ELAPSED_1020.000,ELAPSED_TICKS_340000009860,WINDOW_ACCEPTANCE,OBJECTS_36,FAILED_0,BYTES_HI_00000000,BYTES_LO_00A74000,FRAGMENTS_50997,LANE0_46687,LANE1_23822,REPLICATED_19512,FALLBACKS_10,P6_RETRIES_0,P6_RETRY_EXHAUSTED_0,P6_TX_FAIL_0,P6_CRC_BAD_0,P6_PAYLOAD_MISMATCH_0,MAX_TXD_HIGH_8,DUTY_VIOLATIONS_0,QUEUE_OCCUPANCY_8,QUEUE_HIGH_8,BACKPRESSURE_1,QUEUE_OBS_NOT_BEFORE_TICKS_340011181911,CURRENT_BPS_85967,ROLLING_BPS_64771,LATENCY_COUNT_0,LATENCY_MIN_TICKS_0,LATENCY_MEAN_TICKS_0,LATENCY_P50_TICKS_0,LATENCY_P95_TICKS_0,LATENCY_P99_TICKS_0,LATENCY_MAX_TICKS_0,LAST_OBJECT_1028
P7_STATIONARY_OBJECT_00000037=SLOT_4,GEN_4,SESSION_50370001,OBJECT_1029,STATUS_3,ERROR_0,BYTES_1048576,FRAGMENTS_4878/4878,ATTEMPTS_4878,FALLBACKS_0,OUTSHA_95647E4A543FC103FFBD0D4B0CFFCBDCCB1B304581D7E609CC4D7C909491E259,P6_RETRY_COUNT_0,P6_RETRY_EXHAUSTED_0,P6_TX_FAIL_0,P6_CRC_BAD_0,P6_PAYLOAD_MISMATCH_0,MAX_TXD_HIGH_CYCLES_8,DUTY_VIOLATIONS_0,LANE0_4878,LANE1_4878,REPLICATED_4878,START_TICKS_311021787039,END_TICKS_341663593242,COMPLETION_SEQUENCE_37
P7_STATIONARY_TERMINAL_BUNDLE_00000037_CAPTURED=1
P7_STATIONARY_OBJECT_00000038=SLOT_5,GEN_4,SESSION_50370001,OBJECT_1030,STATUS_3,ERROR_0,BYTES_4096,FRAGMENTS_20/20,ATTEMPTS_20,FALLBACKS_0,OUTSHA_FEB07BD82EE49AD03FA5AD02148220E679C7457A8961CB23D1CEB146CE8D6C77,P6_RETRY_COUNT_0,P6_RETRY_EXHAUSTED_0,P6_TX_FAIL_0,P6_CRC_BAD_0,P6_PAYLOAD_MISMATCH_0,MAX_TXD_HIGH_CYCLES_8,DUTY_VIOLATIONS_0,LANE0_10,LANE1_10,REPLICATED_0,START_TICKS_341663677579,END_TICKS_341730158859,COMPLETION_SEQUENCE_38
P7_STATIONARY_TERMINAL_BUNDLE_00000038_CAPTURED=1
P7_STATIONARY_OBJECT_00000039=SLOT_6,GEN_4,SESSION_50370001,OBJECT_1031,STATUS_3,ERROR_0,BYTES_65536,FRAGMENTS_305/305,ATTEMPTS_305,FALLBACKS_0,OUTSHA_9DA06F7DA81A794CD2F75205391C6EDE1C44A6E14752AB6AFA5661982268B7DD,P6_RETRY_COUNT_0,P6_RETRY_EXHAUSTED_0,P6_TX_FAIL_0,P6_CRC_BAD_0,P6_PAYLOAD_MISMATCH_0,MAX_TXD_HIGH_CYCLES_8,DUTY_VIOLATIONS_0,LANE0_305,LANE1_0,REPLICATED_0,START_TICKS_341730243079,END_TICKS_343456821042,COMPLETION_SEQUENCE_39
P7_STATIONARY_TERMINAL_BUNDLE_00000039_CAPTURED=1
P7_STATIONARY_OBJECT_00000040=SLOT_7,GEN_4,SESSION_50370001,OBJECT_1032,STATUS_3,ERROR_0,BYTES_65536,FRAGMENTS_305/305,ATTEMPTS_305,FALLBACKS_0,OUTSHA_7DACA2095D0438260FA849183DFC67FAA459FDF4936E1BC91EEC6B281B27E4C2,P6_RETRY_COUNT_0,P6_RETRY_EXHAUSTED_0,P6_TX_FAIL_0,P6_CRC_BAD_0,P6_PAYLOAD_MISMATCH_0,MAX_TXD_HIGH_CYCLES_8,DUTY_VIOLATIONS_0,LANE0_0,LANE1_305,REPLICATED_0,START_TICKS_343456905361,END_TICKS_345533791557,COMPLETION_SEQUENCE_40
P7_STATIONARY_TERMINAL_BUNDLE_00000040_CAPTURED=1
P7_SAMPLE_00035=ELAPSED_1050.000,ELAPSED_TICKS_350000010150,WINDOW_ACCEPTANCE,OBJECTS_40,FAILED_0,BYTES_HI_00000000,BYTES_LO_00B95000,FRAGMENTS_56505,LANE0_51880,LANE1_29015,REPLICATED_24390,FALLBACKS_10,P6_RETRIES_0,P6_RETRY_EXHAUSTED_0,P6_TX_FAIL_0,P6_CRC_BAD_0,P6_PAYLOAD_MISMATCH_0,MAX_TXD_HIGH_8,DUTY_VIOLATIONS_0,QUEUE_OCCUPANCY_8,QUEUE_HIGH_8,BACKPRESSURE_1,QUEUE_OBS_NOT_BEFORE_TICKS_365051326740,CURRENT_BPS_92530,ROLLING_BPS_96337,LATENCY_COUNT_4,LATENCY_MIN_TICKS_66481280,LATENCY_MEAN_TICKS_8627937910,LATENCY_P50_TICKS_1726577963,LATENCY_P95_TICKS_30641806203,LATENCY_P99_TICKS_30641806203,LATENCY_MAX_TICKS_30641806203,LAST_OBJECT_1032
P7_SAMPLE_00036=ELAPSED_1080.000,ELAPSED_TICKS_360000010440,WINDOW_ACCEPTANCE,OBJECTS_40,FAILED_0,BYTES_HI_00000000,BYTES_LO_00B95000,FRAGMENTS_56505,LANE0_51880,LANE1_29015,REPLICATED_24390,FALLBACKS_10,P6_RETRIES_0,P6_RETRY_EXHAUSTED_0,P6_TX_FAIL_0,P6_CRC_BAD_0,P6_PAYLOAD_MISMATCH_0,MAX_TXD_HIGH_8,DUTY_VIOLATIONS_0,QUEUE_OCCUPANCY_8,QUEUE_HIGH_8,BACKPRESSURE_1,QUEUE_OBS_NOT_BEFORE_TICKS_365051326740,CURRENT_BPS_89960,ROLLING_BPS_96337,LATENCY_COUNT_0,LATENCY_MIN_TICKS_0,LATENCY_MEAN_TICKS_0,LATENCY_P50_TICKS_0,LATENCY_P95_TICKS_0,LATENCY_P99_TICKS_0,LATENCY_MAX_TICKS_0,LAST_OBJECT_1032
P7_SAMPLE_00037=ELAPSED_1110.000,ELAPSED_TICKS_370000010730,WINDOW_ACCEPTANCE,OBJECTS_40,FAILED_0,BYTES_HI_00000000,BYTES_LO_00B95000,FRAGMENTS_56505,LANE0_51880,LANE1_29015,REPLICATED_24390,FALLBACKS_10,P6_RETRIES_0,P6_RETRY_EXHAUSTED_0,P6_TX_FAIL_0,P6_CRC_BAD_0,P6_PAYLOAD_MISMATCH_0,MAX_TXD_HIGH_8,DUTY_VIOLATIONS_0,QUEUE_OCCUPANCY_8,QUEUE_HIGH_8,BACKPRESSURE_1,QUEUE_OBS_NOT_BEFORE_TICKS_370046693577,CURRENT_BPS_87528,ROLLING_BPS_68266,LATENCY_COUNT_0,LATENCY_MIN_TICKS_0,LATENCY_MEAN_TICKS_0,LATENCY_P50_TICKS_0,LATENCY_P95_TICKS_0,LATENCY_P99_TICKS_0,LATENCY_MAX_TICKS_0,LAST_OBJECT_1032
P7_STATIONARY_OBJECT_00000041=SLOT_0,GEN_5,SESSION_50370001,OBJECT_1033,STATUS_3,ERROR_0,BYTES_1048576,FRAGMENTS_4878/4878,ATTEMPTS_4878,FALLBACKS_0,OUTSHA_FCD7923CBB8E709738F05BA8C318A4DF5C27C0451A987689FAC429A17B292737,P6_RETRY_COUNT_0,P6_RETRY_EXHAUSTED_0,P6_TX_FAIL_0,P6_CRC_BAD_0,P6_PAYLOAD_MISMATCH_0,MAX_TXD_HIGH_CYCLES_8,DUTY_VIOLATIONS_0,LANE0_4878,LANE1_0,REPLICATED_0,START_TICKS_345533875872,END_TICKS_376776689442,COMPLETION_SEQUENCE_41
P7_STATIONARY_TERMINAL_BUNDLE_00000041_CAPTURED=1
P7_STATIONARY_OBJECT_00000042=SLOT_1,GEN_5,SESSION_50370001,OBJECT_1034,STATUS_3,ERROR_0,BYTES_65536,FRAGMENTS_305/305,ATTEMPTS_305,FALLBACKS_1,OUTSHA_DD5CDD301ADFF15138B402AB190A143E8FF5FFED2D5E2FD24C3140FB652F11FF,P6_RETRY_COUNT_0,P6_RETRY_EXHAUSTED_0,P6_TX_FAIL_0,P6_CRC_BAD_0,P6_PAYLOAD_MISMATCH_0,MAX_TXD_HIGH_CYCLES_8,DUTY_VIOLATIONS_0,LANE0_1,LANE1_304,REPLICATED_0,START_TICKS_376776773821,END_TICKS_378686535522,COMPLETION_SEQUENCE_42
P7_STATIONARY_TERMINAL_BUNDLE_00000042_CAPTURED=1
P7_STATIONARY_OBJECT_00000043=SLOT_2,GEN_5,SESSION_50370001,OBJECT_1035,STATUS_3,ERROR_0,BYTES_65536,FRAGMENTS_305/305,ATTEMPTS_305,FALLBACKS_1,OUTSHA_0765B0D1A9F493355595772F5A2EBAAF700D4D2CC7D8A781729A9771A380754F,P6_RETRY_COUNT_0,P6_RETRY_EXHAUSTED_0,P6_TX_FAIL_0,P6_CRC_BAD_0,P6_PAYLOAD_MISMATCH_0,MAX_TXD_HIGH_CYCLES_8,DUTY_VIOLATIONS_0,LANE0_304,LANE1_1,REPLICATED_0,START_TICKS_378686619853,END_TICKS_380826644442,COMPLETION_SEQUENCE_43
P7_STATIONARY_TERMINAL_BUNDLE_00000043_CAPTURED=1
P7_STATIONARY_OBJECT_00000044=SLOT_3,GEN_5,SESSION_50370001,OBJECT_1036,STATUS_3,ERROR_0,BYTES_65536,FRAGMENTS_305/305,ATTEMPTS_305,FALLBACKS_0,OUTSHA_7DACA2095D0438260FA849183DFC67FAA459FDF4936E1BC91EEC6B281B27E4C2,P6_RETRY_COUNT_0,P6_RETRY_EXHAUSTED_0,P6_TX_FAIL_0,P6_CRC_BAD_0,P6_PAYLOAD_MISMATCH_0,MAX_TXD_HIGH_CYCLES_8,DUTY_VIOLATIONS_0,LANE0_0,LANE1_305,REPLICATED_0,START_TICKS_380826728787,END_TICKS_382935224919,COMPLETION_SEQUENCE_44
P7_STATIONARY_TERMINAL_BUNDLE_00000044_CAPTURED=1
P7_SAMPLE_00038=ELAPSED_1140.000,ELAPSED_TICKS_380000011020,WINDOW_ACCEPTANCE,OBJECTS_42,FAILED_0,BYTES_HI_00000000,BYTES_LO_00CA5000,FRAGMENTS_61688,LANE0_56759,LANE1_29319,REPLICATED_24390,FALLBACKS_11,P6_RETRIES_0,P6_RETRY_EXHAUSTED_0,P6_TX_FAIL_0,P6_CRC_BAD_0,P6_PAYLOAD_MISMATCH_0,MAX_TXD_HIGH_8,DUTY_VIOLATIONS_0,QUEUE_OCCUPANCY_8,QUEUE_HIGH_8,BACKPRESSURE_1,QUEUE_OBS_NOT_BEFORE_TICKS_401161629436,CURRENT_BPS_93043,ROLLING_BPS_94481,LATENCY_COUNT_2,LATENCY_MIN_TICKS_1909761701,LATENCY_MEAN_TICKS_16576287635,LATENCY_P50_TICKS_1909761701,LATENCY_P95_TICKS_31242813570,LATENCY_P99_TICKS_31242813570,LATENCY_MAX_TICKS_31242813570,LAST_OBJECT_1034
P7_SAMPLE_00039=ELAPSED_1170.000,ELAPSED_TICKS_390000011310,WINDOW_ACCEPTANCE,OBJECTS_44,FAILED_0,BYTES_HI_00000000,BYTES_LO_00CC5000,FRAGMENTS_62298,LANE0_57063,LANE1_29625,REPLICATED_24390,FALLBACKS_12,P6_RETRIES_0,P6_RETRY_EXHAUSTED_0,P6_TX_FAIL_0,P6_CRC_BAD_0,P6_PAYLOAD_MISMATCH_0,MAX_TXD_HIGH_8,DUTY_VIOLATIONS_0,QUEUE_OCCUPANCY_8,QUEUE_HIGH_8,BACKPRESSURE_1,QUEUE_OBS_NOT_BEFORE_TICKS_401161629436,CURRENT_BPS_91554,ROLLING_BPS_97976,LATENCY_COUNT_2,LATENCY_MIN_TICKS_2108496132,LATENCY_MEAN_TICKS_2124260360,LATENCY_P50_TICKS_2108496132,LATENCY_P95_TICKS_2140024589,LATENCY_P99_TICKS_2140024589,LATENCY_MAX_TICKS_2140024589,LAST_OBJECT_1036
P7_SAMPLE_00040=ELAPSED_1200.000,ELAPSED_TICKS_400000011600,WINDOW_ACCEPTANCE,OBJECTS_44,FAILED_0,BYTES_HI_00000000,BYTES_LO_00CC5000,FRAGMENTS_62298,LANE0_57063,LANE1_29625,REPLICATED_24390,FALLBACKS_12,P6_RETRIES_0,P6_RETRY_EXHAUSTED_0,P6_TX_FAIL_0,P6_CRC_BAD_0,P6_PAYLOAD_MISMATCH_0,MAX_TXD_HIGH_8,DUTY_VIOLATIONS_0,QUEUE_OCCUPANCY_8,QUEUE_HIGH_8,BACKPRESSURE_1,QUEUE_OBS_NOT_BEFORE_TICKS_401161629436,CURRENT_BPS_89265,ROLLING_BPS_97976,LATENCY_COUNT_0,LATENCY_MIN_TICKS_0,LATENCY_MEAN_TICKS_0,LATENCY_P50_TICKS_0,LATENCY_P95_TICKS_0,LATENCY_P99_TICKS_0,LATENCY_MAX_TICKS_0,LAST_OBJECT_1036
P7_SAMPLE_00041=ELAPSED_1230.000,ELAPSED_TICKS_410000011890,WINDOW_ACCEPTANCE,OBJECTS_44,FAILED_0,BYTES_HI_00000000,BYTES_LO_00CC5000,FRAGMENTS_62298,LANE0_57063,LANE1_29625,REPLICATED_24390,FALLBACKS_12,P6_RETRIES_0,P6_RETRY_EXHAUSTED_0,P6_TX_FAIL_0,P6_CRC_BAD_0,P6_PAYLOAD_MISMATCH_0,MAX_TXD_HIGH_8,DUTY_VIOLATIONS_0,QUEUE_OCCUPANCY_8,QUEUE_HIGH_8,BACKPRESSURE_1,QUEUE_OBS_NOT_BEFORE_TICKS_410060451501,CURRENT_BPS_87088,ROLLING_BPS_66519,LATENCY_COUNT_0,LATENCY_MIN_TICKS_0,LATENCY_MEAN_TICKS_0,LATENCY_P50_TICKS_0,LATENCY_P95_TICKS_0,LATENCY_P99_TICKS_0,LATENCY_MAX_TICKS_0,LAST_OBJECT_1036
P7_STATIONARY_OBJECT_00000045=SLOT_4,GEN_5,SESSION_50370001,OBJECT_1037,STATUS_3,ERROR_0,BYTES_1048576,FRAGMENTS_4878/4878,ATTEMPTS_4878,FALLBACKS_0,OUTSHA_95647E4A543FC103FFBD0D4B0CFFCBDCCB1B304581D7E609CC4D7C909491E259,P6_RETRY_COUNT_0,P6_RETRY_EXHAUSTED_0,P6_TX_FAIL_0,P6_CRC_BAD_0,P6_PAYLOAD_MISMATCH_0,MAX_TXD_HIGH_CYCLES_8,DUTY_VIOLATIONS_0,LANE0_4878,LANE1_4878,REPLICATED_4878,START_TICKS_382935309312,END_TICKS_413706598308,COMPLETION_SEQUENCE_45
P7_STATIONARY_TERMINAL_BUNDLE_00000045_CAPTURED=1
P7_STATIONARY_OBJECT_00000046=SLOT_5,GEN_5,SESSION_50370001,OBJECT_1038,STATUS_3,ERROR_0,BYTES_4096,FRAGMENTS_20/20,ATTEMPTS_20,FALLBACKS_0,OUTSHA_FEB07BD82EE49AD03FA5AD02148220E679C7457A8961CB23D1CEB146CE8D6C77,P6_RETRY_COUNT_0,P6_RETRY_EXHAUSTED_0,P6_TX_FAIL_0,P6_CRC_BAD_0,P6_PAYLOAD_MISMATCH_0,MAX_TXD_HIGH_CYCLES_8,DUTY_VIOLATIONS_0,LANE0_10,LANE1_10,REPLICATED_0,START_TICKS_413706682701,END_TICKS_413769158214,COMPLETION_SEQUENCE_46
P7_STATIONARY_TERMINAL_BUNDLE_00000046_CAPTURED=1
P7_STATIONARY_OBJECT_00000047=SLOT_6,GEN_5,SESSION_50370001,OBJECT_1039,STATUS_3,ERROR_0,BYTES_65536,FRAGMENTS_305/305,ATTEMPTS_305,FALLBACKS_0,OUTSHA_9DA06F7DA81A794CD2F75205391C6EDE1C44A6E14752AB6AFA5661982268B7DD,P6_RETRY_COUNT_0,P6_RETRY_EXHAUSTED_0,P6_TX_FAIL_0,P6_CRC_BAD_0,P6_PAYLOAD_MISMATCH_0,MAX_TXD_HIGH_CYCLES_8,DUTY_VIOLATIONS_0,LANE0_305,LANE1_0,REPLICATED_0,START_TICKS_413769242505,END_TICKS_415636104843,COMPLETION_SEQUENCE_47
P7_STATIONARY_TERMINAL_BUNDLE_00000047_CAPTURED=1
P7_STATIONARY_OBJECT_00000048=SLOT_7,GEN_5,SESSION_50370001,OBJECT_1040,STATUS_3,ERROR_0,BYTES_65536,FRAGMENTS_305/305,ATTEMPTS_305,FALLBACKS_0,OUTSHA_7DACA2095D0438260FA849183DFC67FAA459FDF4936E1BC91EEC6B281B27E4C2,P6_RETRY_COUNT_0,P6_RETRY_EXHAUSTED_0,P6_TX_FAIL_0,P6_CRC_BAD_0,P6_PAYLOAD_MISMATCH_0,MAX_TXD_HIGH_CYCLES_8,DUTY_VIOLATIONS_0,LANE0_0,LANE1_305,REPLICATED_0,START_TICKS_415636189170,END_TICKS_417747425718,COMPLETION_SEQUENCE_48
P7_STATIONARY_TERMINAL_BUNDLE_00000048_CAPTURED=1
P7_SAMPLE_00042=ELAPSED_1260.000,ELAPSED_TICKS_420000012180,WINDOW_ACCEPTANCE,OBJECTS_48,FAILED_0,BYTES_HI_00000000,BYTES_LO_00DE6000,FRAGMENTS_67806,LANE0_62256,LANE1_34818,REPLICATED_29268,FALLBACKS_12,P6_RETRIES_0,P6_RETRY_EXHAUSTED_0,P6_TX_FAIL_0,P6_CRC_BAD_0,P6_PAYLOAD_MISMATCH_0,MAX_TXD_HIGH_8,DUTY_VIOLATIONS_0,QUEUE_OCCUPANCY_8,QUEUE_HIGH_8,BACKPRESSURE_1,QUEUE_OBS_NOT_BEFORE_TICKS_437189410608,CURRENT_BPS_92530,ROLLING_BPS_96337,LATENCY_COUNT_4,LATENCY_MIN_TICKS_62475513,LATENCY_MEAN_TICKS_8702965848,LATENCY_P50_TICKS_1866862338,LATENCY_P95_TICKS_30771288996,LATENCY_P99_TICKS_30771288996,LATENCY_MAX_TICKS_30771288996,LAST_OBJECT_1040
P7_SAMPLE_00043=ELAPSED_1290.000,ELAPSED_TICKS_430000012470,WINDOW_ACCEPTANCE,OBJECTS_48,FAILED_0,BYTES_HI_00000000,BYTES_LO_00DE6000,FRAGMENTS_67806,LANE0_62256,LANE1_34818,REPLICATED_29268,FALLBACKS_12,P6_RETRIES_0,P6_RETRY_EXHAUSTED_0,P6_TX_FAIL_0,P6_CRC_BAD_0,P6_PAYLOAD_MISMATCH_0,MAX_TXD_HIGH_8,DUTY_VIOLATIONS_0,QUEUE_OCCUPANCY_8,QUEUE_HIGH_8,BACKPRESSURE_1,QUEUE_OBS_NOT_BEFORE_TICKS_437189410608,CURRENT_BPS_90378,ROLLING_BPS_96337,LATENCY_COUNT_0,LATENCY_MIN_TICKS_0,LATENCY_MEAN_TICKS_0,LATENCY_P50_TICKS_0,LATENCY_P95_TICKS_0,LATENCY_P99_TICKS_0,LATENCY_MAX_TICKS_0,LAST_OBJECT_1040
P7_SAMPLE_00044=ELAPSED_1320.000,ELAPSED_TICKS_440000012760,WINDOW_ACCEPTANCE,OBJECTS_48,FAILED_0,BYTES_HI_00000000,BYTES_LO_00DE6000,FRAGMENTS_67806,LANE0_62256,LANE1_34818,REPLICATED_29268,FALLBACKS_12,P6_RETRIES_0,P6_RETRY_EXHAUSTED_0,P6_TX_FAIL_0,P6_CRC_BAD_0,P6_PAYLOAD_MISMATCH_0,MAX_TXD_HIGH_8,DUTY_VIOLATIONS_0,QUEUE_OCCUPANCY_8,QUEUE_HIGH_8,BACKPRESSURE_1,QUEUE_OBS_NOT_BEFORE_TICKS_440114011332,CURRENT_BPS_88324,ROLLING_BPS_96337,LATENCY_COUNT_0,LATENCY_MIN_TICKS_0,LATENCY_MEAN_TICKS_0,LATENCY_P50_TICKS_0,LATENCY_P95_TICKS_0,LATENCY_P99_TICKS_0,LATENCY_MAX_TICKS_0,LAST_OBJECT_1040
P7_STATIONARY_OBJECT_00000049=SLOT_0,GEN_6,SESSION_50370001,OBJECT_1041,STATUS_3,ERROR_0,BYTES_1048576,FRAGMENTS_4878/4878,ATTEMPTS_4878,FALLBACKS_0,OUTSHA_FCD7923CBB8E709738F05BA8C318A4DF5C27C0451A987689FAC429A17B292737,P6_RETRY_COUNT_0,P6_RETRY_EXHAUSTED_0,P6_TX_FAIL_0,P6_CRC_BAD_0,P6_PAYLOAD_MISMATCH_0,MAX_TXD_HIGH_CYCLES_8,DUTY_VIOLATIONS_0,LANE0_4878,LANE1_0,REPLICATED_0,START_TICKS_417747510108,END_TICKS_448626529842,COMPLETION_SEQUENCE_49
P7_STATIONARY_TERMINAL_BUNDLE_00000049_CAPTURED=1
P7_STATIONARY_OBJECT_00000050=SLOT_1,GEN_6,SESSION_50370001,OBJECT_1042,STATUS_3,ERROR_0,BYTES_65536,FRAGMENTS_305/305,ATTEMPTS_305,FALLBACKS_1,OUTSHA_DD5CDD301ADFF15138B402AB190A143E8FF5FFED2D5E2FD24C3140FB652F11FF,P6_RETRY_COUNT_0,P6_RETRY_EXHAUSTED_0,P6_TX_FAIL_0,P6_CRC_BAD_0,P6_PAYLOAD_MISMATCH_0,MAX_TXD_HIGH_CYCLES_8,DUTY_VIOLATIONS_0,LANE0_1,LANE1_304,REPLICATED_0,START_TICKS_448626614181,END_TICKS_450428124442,COMPLETION_SEQUENCE_50
P7_STATIONARY_TERMINAL_BUNDLE_00000050_CAPTURED=1
P7_STATIONARY_OBJECT_00000051=SLOT_2,GEN_6,SESSION_50370001,OBJECT_1043,STATUS_3,ERROR_0,BYTES_65536,FRAGMENTS_305/305,ATTEMPTS_305,FALLBACKS_1,OUTSHA_0765B0D1A9F493355595772F5A2EBAAF700D4D2CC7D8A781729A9771A380754F,P6_RETRY_COUNT_0,P6_RETRY_EXHAUSTED_0,P6_TX_FAIL_0,P6_CRC_BAD_0,P6_PAYLOAD_MISMATCH_0,MAX_TXD_HIGH_CYCLES_8,DUTY_VIOLATIONS_0,LANE0_304,LANE1_1,REPLICATED_0,START_TICKS_450428208772,END_TICKS_452510291518,COMPLETION_SEQUENCE_51
P7_STATIONARY_TERMINAL_BUNDLE_00000051_CAPTURED=1
P7_STATIONARY_OBJECT_00000052=SLOT_3,GEN_6,SESSION_50370001,OBJECT_1044,STATUS_3,ERROR_0,BYTES_65536,FRAGMENTS_305/305,ATTEMPTS_305,FALLBACKS_0,OUTSHA_7DACA2095D0438260FA849183DFC67FAA459FDF4936E1BC91EEC6B281B27E4C2,P6_RETRY_COUNT_0,P6_RETRY_EXHAUSTED_0,P6_TX_FAIL_0,P6_CRC_BAD_0,P6_PAYLOAD_MISMATCH_0,MAX_TXD_HIGH_CYCLES_8,DUTY_VIOLATIONS_0,LANE0_0,LANE1_305,REPLICATED_0,START_TICKS_452510375908,END_TICKS_454462605519,COMPLETION_SEQUENCE_52
P7_STATIONARY_TERMINAL_BUNDLE_00000052_CAPTURED=1
P7_SAMPLE_00045=ELAPSED_1350.000,ELAPSED_TICKS_450000013050,WINDOW_ACCEPTANCE,OBJECTS_49,FAILED_0,BYTES_HI_00000000,BYTES_LO_00EE6000,FRAGMENTS_72684,LANE0_67134,LANE1_34818,REPLICATED_29268,FALLBACKS_12,P6_RETRIES_0,P6_RETRY_EXHAUSTED_0,P6_TX_FAIL_0,P6_CRC_BAD_0,P6_PAYLOAD_MISMATCH_0,MAX_TXD_HIGH_8,DUTY_VIOLATIONS_0,QUEUE_OCCUPANCY_8,QUEUE_HIGH_8,BACKPRESSURE_1,QUEUE_OBS_NOT_BEFORE_TICKS_473318807877,CURRENT_BPS_92575,ROLLING_BPS_92733,LATENCY_COUNT_1,LATENCY_MIN_TICKS_30879019734,LATENCY_MEAN_TICKS_30879019734,LATENCY_P50_TICKS_30879019734,LATENCY_P95_TICKS_30879019734,LATENCY_P99_TICKS_30879019734,LATENCY_MAX_TICKS_30879019734,LAST_OBJECT_1041
P7_SAMPLE_00046=ELAPSED_1380.000,ELAPSED_TICKS_460000013340,WINDOW_ACCEPTANCE,OBJECTS_52,FAILED_0,BYTES_HI_00000000,BYTES_LO_00F16000,FRAGMENTS_73599,LANE0_67439,LANE1_35428,REPLICATED_29268,FALLBACKS_14,P6_RETRIES_0,P6_RETRY_EXHAUSTED_0,P6_TX_FAIL_0,P6_CRC_BAD_0,P6_PAYLOAD_MISMATCH_0,MAX_TXD_HIGH_8,DUTY_VIOLATIONS_0,QUEUE_OCCUPANCY_8,QUEUE_HIGH_8,BACKPRESSURE_1,QUEUE_OBS_NOT_BEFORE_TICKS_473318807877,CURRENT_BPS_91702,ROLLING_BPS_97976,LATENCY_COUNT_3,LATENCY_MIN_TICKS_1801510261,LATENCY_MEAN_TICKS_1945274206,LATENCY_P50_TICKS_1952229611,LATENCY_P95_TICKS_2082082746,LATENCY_P99_TICKS_2082082746,LATENCY_MAX_TICKS_2082082746,LAST_OBJECT_1044
P7_SAMPLE_00047=ELAPSED_1410.000,ELAPSED_TICKS_470000013630,WINDOW_ACCEPTANCE,OBJECTS_52,FAILED_0,BYTES_HI_00000000,BYTES_LO_00F16000,FRAGMENTS_73599,LANE0_67439,LANE1_35428,REPLICATED_29268,FALLBACKS_14,P6_RETRIES_0,P6_RETRY_EXHAUSTED_0,P6_TX_FAIL_0,P6_CRC_BAD_0,P6_PAYLOAD_MISMATCH_0,MAX_TXD_HIGH_8,DUTY_VIOLATIONS_0,QUEUE_OCCUPANCY_8,QUEUE_HIGH_8,BACKPRESSURE_1,QUEUE_OBS_NOT_BEFORE_TICKS_473318807877,CURRENT_BPS_89751,ROLLING_BPS_97976,LATENCY_COUNT_0,LATENCY_MIN_TICKS_0,LATENCY_MEAN_TICKS_0,LATENCY_P50_TICKS_0,LATENCY_P95_TICKS_0,LATENCY_P99_TICKS_0,LATENCY_MAX_TICKS_0,LAST_OBJECT_1044
P7_SAMPLE_00048=ELAPSED_1440.000,ELAPSED_TICKS_480000013920,WINDOW_ACCEPTANCE,OBJECTS_52,FAILED_0,BYTES_HI_00000000,BYTES_LO_00F16000,FRAGMENTS_73599,LANE0_67439,LANE1_35428,REPLICATED_29268,FALLBACKS_14,P6_RETRIES_0,P6_RETRY_EXHAUSTED_0,P6_TX_FAIL_0,P6_CRC_BAD_0,P6_PAYLOAD_MISMATCH_0,MAX_TXD_HIGH_8,DUTY_VIOLATIONS_0,QUEUE_OCCUPANCY_8,QUEUE_HIGH_8,BACKPRESSURE_1,QUEUE_OBS_NOT_BEFORE_TICKS_480028118259,CURRENT_BPS_87881,ROLLING_BPS_68266,LATENCY_COUNT_0,LATENCY_MIN_TICKS_0,LATENCY_MEAN_TICKS_0,LATENCY_P50_TICKS_0,LATENCY_P95_TICKS_0,LATENCY_P99_TICKS_0,LATENCY_MAX_TICKS_0,LAST_OBJECT_1044
P7_STATIONARY_OBJECT_00000053=SLOT_4,GEN_6,SESSION_50370001,OBJECT_1045,STATUS_3,ERROR_0,BYTES_1048576,FRAGMENTS_4878/4878,ATTEMPTS_4878,FALLBACKS_0,OUTSHA_95647E4A543FC103FFBD0D4B0CFFCBDCCB1B304581D7E609CC4D7C909491E259,P6_RETRY_COUNT_0,P6_RETRY_EXHAUSTED_0,P6_TX_FAIL_0,P6_CRC_BAD_0,P6_PAYLOAD_MISMATCH_0,MAX_TXD_HIGH_CYCLES_8,DUTY_VIOLATIONS_0,LANE0_4878,LANE1_4878,REPLICATED_4878,START_TICKS_454462689922,END_TICKS_485517082828,COMPLETION_SEQUENCE_53
P7_STATIONARY_TERMINAL_BUNDLE_00000053_CAPTURED=1
P7_STATIONARY_OBJECT_00000054=SLOT_5,GEN_6,SESSION_50370001,OBJECT_1046,STATUS_3,ERROR_0,BYTES_4096,FRAGMENTS_20/20,ATTEMPTS_20,FALLBACKS_0,OUTSHA_FEB07BD82EE49AD03FA5AD02148220E679C7457A8961CB23D1CEB146CE8D6C77,P6_RETRY_COUNT_0,P6_RETRY_EXHAUSTED_0,P6_TX_FAIL_0,P6_CRC_BAD_0,P6_PAYLOAD_MISMATCH_0,MAX_TXD_HIGH_CYCLES_8,DUTY_VIOLATIONS_0,LANE0_10,LANE1_10,REPLICATED_0,START_TICKS_485517167229,END_TICKS_485594879386,COMPLETION_SEQUENCE_54
P7_STATIONARY_TERMINAL_BUNDLE_00000054_CAPTURED=1
P7_STATIONARY_OBJECT_00000055=SLOT_6,GEN_6,SESSION_50370001,OBJECT_1047,STATUS_3,ERROR_0,BYTES_65536,FRAGMENTS_305/305,ATTEMPTS_305,FALLBACKS_0,OUTSHA_9DA06F7DA81A794CD2F75205391C6EDE1C44A6E14752AB6AFA5661982268B7DD,P6_RETRY_COUNT_0,P6_RETRY_EXHAUSTED_0,P6_TX_FAIL_0,P6_CRC_BAD_0,P6_PAYLOAD_MISMATCH_0,MAX_TXD_HIGH_CYCLES_8,DUTY_VIOLATIONS_0,LANE0_305,LANE1_0,REPLICATED_0,START_TICKS_485594963734,END_TICKS_487498686519,COMPLETION_SEQUENCE_55
P7_STATIONARY_TERMINAL_BUNDLE_00000055_CAPTURED=1
P7_STATIONARY_OBJECT_00000056=SLOT_7,GEN_6,SESSION_50370001,OBJECT_1048,STATUS_3,ERROR_0,BYTES_65536,FRAGMENTS_305/305,ATTEMPTS_305,FALLBACKS_0,OUTSHA_7DACA2095D0438260FA849183DFC67FAA459FDF4936E1BC91EEC6B281B27E4C2,P6_RETRY_COUNT_0,P6_RETRY_EXHAUSTED_0,P6_TX_FAIL_0,P6_CRC_BAD_0,P6_PAYLOAD_MISMATCH_0,MAX_TXD_HIGH_CYCLES_8,DUTY_VIOLATIONS_0,LANE0_0,LANE1_305,REPLICATED_0,START_TICKS_487498770849,END_TICKS_489730174242,COMPLETION_SEQUENCE_56
P7_STATIONARY_TERMINAL_BUNDLE_00000056_CAPTURED=1
P7_SAMPLE_00049=ELAPSED_1470.000,ELAPSED_TICKS_490000014210,WINDOW_ACCEPTANCE,OBJECTS_56,FAILED_0,BYTES_HI_00000000,BYTES_LO_01037000,FRAGMENTS_79107,LANE0_72632,LANE1_40621,REPLICATED_34146,FALLBACKS_14,P6_RETRIES_0,P6_RETRY_EXHAUSTED_0,P6_TX_FAIL_0,P6_CRC_BAD_0,P6_PAYLOAD_MISMATCH_0,MAX_TXD_HIGH_8,DUTY_VIOLATIONS_0,QUEUE_OCCUPANCY_8,QUEUE_HIGH_8,BACKPRESSURE_1,QUEUE_OBS_NOT_BEFORE_TICKS_509020945488,CURRENT_BPS_92530,ROLLING_BPS_96337,LATENCY_COUNT_4,LATENCY_MIN_TICKS_77712157,LATENCY_MEAN_TICKS_8816807810,LATENCY_P50_TICKS_1903722785,LATENCY_P95_TICKS_31054392906,LATENCY_P99_TICKS_31054392906,LATENCY_MAX_TICKS_31054392906,LAST_OBJECT_1048
P7_SAMPLE_00050=ELAPSED_1500.000,ELAPSED_TICKS_500000014500,WINDOW_ACCEPTANCE,OBJECTS_56,FAILED_0,BYTES_HI_00000000,BYTES_LO_01037000,FRAGMENTS_79107,LANE0_72632,LANE1_40621,REPLICATED_34146,FALLBACKS_14,P6_RETRIES_0,P6_RETRY_EXHAUSTED_0,P6_TX_FAIL_0,P6_CRC_BAD_0,P6_PAYLOAD_MISMATCH_0,MAX_TXD_HIGH_8,DUTY_VIOLATIONS_0,QUEUE_OCCUPANCY_8,QUEUE_HIGH_8,BACKPRESSURE_1,QUEUE_OBS_NOT_BEFORE_TICKS_509020945488,CURRENT_BPS_90679,ROLLING_BPS_96337,LATENCY_COUNT_0,LATENCY_MIN_TICKS_0,LATENCY_MEAN_TICKS_0,LATENCY_P50_TICKS_0,LATENCY_P95_TICKS_0,LATENCY_P99_TICKS_0,LATENCY_MAX_TICKS_0,LAST_OBJECT_1048
P7_SAMPLE_00051=ELAPSED_1530.000,ELAPSED_TICKS_510000014790,WINDOW_ACCEPTANCE,OBJECTS_56,FAILED_0,BYTES_HI_00000000,BYTES_LO_01037000,FRAGMENTS_79107,LANE0_72632,LANE1_40621,REPLICATED_34146,FALLBACKS_14,P6_RETRIES_0,P6_RETRY_EXHAUSTED_0,P6_TX_FAIL_0,P6_CRC_BAD_0,P6_PAYLOAD_MISMATCH_0,MAX_TXD_HIGH_8,DUTY_VIOLATIONS_0,QUEUE_OCCUPANCY_8,QUEUE_HIGH_8,BACKPRESSURE_1,QUEUE_OBS_NOT_BEFORE_TICKS_510096051868,CURRENT_BPS_88901,ROLLING_BPS_96337,LATENCY_COUNT_0,LATENCY_MIN_TICKS_0,LATENCY_MEAN_TICKS_0,LATENCY_P50_TICKS_0,LATENCY_P95_TICKS_0,LATENCY_P99_TICKS_0,LATENCY_MAX_TICKS_0,LAST_OBJECT_1048
P7_SAMPLE_00052=ELAPSED_1560.000,ELAPSED_TICKS_520000015080,WINDOW_ACCEPTANCE,OBJECTS_56,FAILED_0,BYTES_HI_00000000,BYTES_LO_01037000,FRAGMENTS_79107,LANE0_72632,LANE1_40621,REPLICATED_34146,FALLBACKS_14,P6_RETRIES_0,P6_RETRY_EXHAUSTED_0,P6_TX_FAIL_0,P6_CRC_BAD_0,P6_PAYLOAD_MISMATCH_0,MAX_TXD_HIGH_8,DUTY_VIOLATIONS_0,QUEUE_OCCUPANCY_8,QUEUE_HIGH_8,BACKPRESSURE_1,QUEUE_OBS_NOT_BEFORE_TICKS_520124350684,CURRENT_BPS_87192,ROLLING_BPS_64771,LATENCY_COUNT_0,LATENCY_MIN_TICKS_0,LATENCY_MEAN_TICKS_0,LATENCY_P50_TICKS_0,LATENCY_P95_TICKS_0,LATENCY_P99_TICKS_0,LATENCY_MAX_TICKS_0,LAST_OBJECT_1048
P7_STATIONARY_OBJECT_00000057=SLOT_0,GEN_7,SESSION_50370001,OBJECT_1049,STATUS_3,ERROR_0,BYTES_1048576,FRAGMENTS_4878/4878,ATTEMPTS_4878,FALLBACKS_0,OUTSHA_FCD7923CBB8E709738F05BA8C318A4DF5C27C0451A987689FAC429A17B292737,P6_RETRY_COUNT_0,P6_RETRY_EXHAUSTED_0,P6_TX_FAIL_0,P6_CRC_BAD_0,P6_PAYLOAD_MISMATCH_0,MAX_TXD_HIGH_CYCLES_8,DUTY_VIOLATIONS_0,LANE0_4878,LANE1_0,REPLICATED_0,START_TICKS_489730258630,END_TICKS_520512984907,COMPLETION_SEQUENCE_57
P7_STATIONARY_TERMINAL_BUNDLE_00000057_CAPTURED=1
P7_STATIONARY_OBJECT_00000058=SLOT_1,GEN_7,SESSION_50370001,OBJECT_1050,STATUS_3,ERROR_0,BYTES_65536,FRAGMENTS_305/305,ATTEMPTS_305,FALLBACKS_1,OUTSHA_DD5CDD301ADFF15138B402AB190A143E8FF5FFED2D5E2FD24C3140FB652F11FF,P6_RETRY_COUNT_0,P6_RETRY_EXHAUSTED_0,P6_TX_FAIL_0,P6_CRC_BAD_0,P6_PAYLOAD_MISMATCH_0,MAX_TXD_HIGH_CYCLES_8,DUTY_VIOLATIONS_0,LANE0_1,LANE1_304,REPLICATED_0,START_TICKS_520513069237,END_TICKS_522341117518,COMPLETION_SEQUENCE_58
P7_STATIONARY_TERMINAL_BUNDLE_00000058_CAPTURED=1
P7_STATIONARY_OBJECT_00000059=SLOT_2,GEN_7,SESSION_50370001,OBJECT_1051,STATUS_3,ERROR_0,BYTES_65536,FRAGMENTS_305/305,ATTEMPTS_305,FALLBACKS_1,OUTSHA_0765B0D1A9F493355595772F5A2EBAAF700D4D2CC7D8A781729A9771A380754F,P6_RETRY_COUNT_0,P6_RETRY_EXHAUSTED_0,P6_TX_FAIL_0,P6_CRC_BAD_0,P6_PAYLOAD_MISMATCH_0,MAX_TXD_HIGH_CYCLES_8,DUTY_VIOLATIONS_0,LANE0_304,LANE1_1,REPLICATED_0,START_TICKS_522341201847,END_TICKS_524417071918,COMPLETION_SEQUENCE_59
P7_STATIONARY_TERMINAL_BUNDLE_00000059_CAPTURED=1
P7_STATIONARY_OBJECT_00000060=SLOT_3,GEN_7,SESSION_50370001,OBJECT_1052,STATUS_3,ERROR_0,BYTES_65536,FRAGMENTS_305/305,ATTEMPTS_305,FALLBACKS_0,OUTSHA_7DACA2095D0438260FA849183DFC67FAA459FDF4936E1BC91EEC6B281B27E4C2,P6_RETRY_COUNT_0,P6_RETRY_EXHAUSTED_0,P6_TX_FAIL_0,P6_CRC_BAD_0,P6_PAYLOAD_MISMATCH_0,MAX_TXD_HIGH_CYCLES_8,DUTY_VIOLATIONS_0,LANE0_0,LANE1_305,REPLICATED_0,START_TICKS_524417156307,END_TICKS_526695476643,COMPLETION_SEQUENCE_60
P7_STATIONARY_TERMINAL_BUNDLE_00000060_CAPTURED=1
P7_SAMPLE_00053=ELAPSED_1590.000,ELAPSED_TICKS_530000015370,WINDOW_ACCEPTANCE,OBJECTS_60,FAILED_0,BYTES_HI_00000000,BYTES_LO_01167000,FRAGMENTS_84900,LANE0_77815,LANE1_41231,REPLICATED_34146,FALLBACKS_16,P6_RETRIES_0,P6_RETRY_EXHAUSTED_0,P6_TX_FAIL_0,P6_CRC_BAD_0,P6_PAYLOAD_MISMATCH_0,MAX_TXD_HIGH_8,DUTY_VIOLATIONS_0,QUEUE_OCCUPANCY_8,QUEUE_HIGH_8,BACKPRESSURE_2,QUEUE_OBS_NOT_BEFORE_TICKS_544836696639,CURRENT_BPS_91812,ROLLING_BPS_97976,LATENCY_COUNT_4,LATENCY_MIN_TICKS_1828048281,LATENCY_MEAN_TICKS_9241241241,LATENCY_P50_TICKS_2075870071,LATENCY_P95_TICKS_30782726277,LATENCY_P99_TICKS_30782726277,LATENCY_MAX_TICKS_30782726277,LAST_OBJECT_1052
P7_SAMPLE_00054=ELAPSED_1620.000,ELAPSED_TICKS_540000015660,WINDOW_ACCEPTANCE,OBJECTS_60,FAILED_0,BYTES_HI_00000000,BYTES_LO_01167000,FRAGMENTS_84900,LANE0_77815,LANE1_41231,REPLICATED_34146,FALLBACKS_16,P6_RETRIES_0,P6_RETRY_EXHAUSTED_0,P6_TX_FAIL_0,P6_CRC_BAD_0,P6_PAYLOAD_MISMATCH_0,MAX_TXD_HIGH_8,DUTY_VIOLATIONS_0,QUEUE_OCCUPANCY_8,QUEUE_HIGH_8,BACKPRESSURE_2,QUEUE_OBS_NOT_BEFORE_TICKS_544836696639,CURRENT_BPS_90112,ROLLING_BPS_97976,LATENCY_COUNT_0,LATENCY_MIN_TICKS_0,LATENCY_MEAN_TICKS_0,LATENCY_P50_TICKS_0,LATENCY_P95_TICKS_0,LATENCY_P99_TICKS_0,LATENCY_MAX_TICKS_0,LAST_OBJECT_1052
P7_SAMPLE_00055=ELAPSED_1650.000,ELAPSED_TICKS_550000015950,WINDOW_ACCEPTANCE,OBJECTS_60,FAILED_0,BYTES_HI_00000000,BYTES_LO_01167000,FRAGMENTS_84900,LANE0_77815,LANE1_41231,REPLICATED_34146,FALLBACKS_16,P6_RETRIES_0,P6_RETRY_EXHAUSTED_0,P6_TX_FAIL_0,P6_CRC_BAD_0,P6_PAYLOAD_MISMATCH_0,MAX_TXD_HIGH_8,DUTY_VIOLATIONS_0,QUEUE_OCCUPANCY_8,QUEUE_HIGH_8,BACKPRESSURE_2,QUEUE_OBS_NOT_BEFORE_TICKS_550052320560,CURRENT_BPS_88473,ROLLING_BPS_70014,LATENCY_COUNT_0,LATENCY_MIN_TICKS_0,LATENCY_MEAN_TICKS_0,LATENCY_P50_TICKS_0,LATENCY_P95_TICKS_0,LATENCY_P99_TICKS_0,LATENCY_MAX_TICKS_0,LAST_OBJECT_1052
P7_SAMPLE_00056=ELAPSED_1680.000,ELAPSED_TICKS_560000016240,WINDOW_ACCEPTANCE,OBJECTS_60,FAILED_0,BYTES_HI_00000000,BYTES_LO_01167000,FRAGMENTS_84900,LANE0_77815,LANE1_41231,REPLICATED_34146,FALLBACKS_16,P6_RETRIES_0,P6_RETRY_EXHAUSTED_0,P6_TX_FAIL_0,P6_CRC_BAD_0,P6_PAYLOAD_MISMATCH_0,MAX_TXD_HIGH_8,DUTY_VIOLATIONS_0,QUEUE_OCCUPANCY_8,QUEUE_HIGH_8,BACKPRESSURE_2,QUEUE_OBS_NOT_BEFORE_TICKS_560023568595,CURRENT_BPS_86893,ROLLING_BPS_64771,LATENCY_COUNT_0,LATENCY_MIN_TICKS_0,LATENCY_MEAN_TICKS_0,LATENCY_P50_TICKS_0,LATENCY_P95_TICKS_0,LATENCY_P99_TICKS_0,LATENCY_MAX_TICKS_0,LAST_OBJECT_1052
P7_SAMPLE_00057=ELAPSED_1710.000,ELAPSED_TICKS_570000016530,WINDOW_ACCEPTANCE,OBJECTS_60,FAILED_0,BYTES_HI_00000000,BYTES_LO_01167000,FRAGMENTS_84900,LANE0_77815,LANE1_41231,REPLICATED_34146,FALLBACKS_16,P6_RETRIES_0,P6_RETRY_EXHAUSTED_0,P6_TX_FAIL_0,P6_CRC_BAD_0,P6_PAYLOAD_MISMATCH_0,MAX_TXD_HIGH_8,DUTY_VIOLATIONS_0,QUEUE_OCCUPANCY_8,QUEUE_HIGH_8,BACKPRESSURE_2,QUEUE_OBS_NOT_BEFORE_TICKS_570055020207,CURRENT_BPS_85369,ROLLING_BPS_64771,LATENCY_COUNT_0,LATENCY_MIN_TICKS_0,LATENCY_MEAN_TICKS_0,LATENCY_P50_TICKS_0,LATENCY_P95_TICKS_0,LATENCY_P99_TICKS_0,LATENCY_MAX_TICKS_0,LAST_OBJECT_1052
P7_STATIONARY_DRAIN_COMPLETE_ELAPSED=1740.258
P7_STATIONARY_DRAIN_COMPLETE_TICKS=580085873307
P7_SAMPLE_00058=ELAPSED_1740.000,ELAPSED_TICKS_580000016820,WINDOW_ACCEPTANCE,OBJECTS_60,FAILED_0,BYTES_HI_00000000,BYTES_LO_01167000,FRAGMENTS_84900,LANE0_77815,LANE1_41231,REPLICATED_34146,FALLBACKS_16,P6_RETRIES_0,P6_RETRY_EXHAUSTED_0,P6_TX_FAIL_0,P6_CRC_BAD_0,P6_PAYLOAD_MISMATCH_0,MAX_TXD_HIGH_8,DUTY_VIOLATIONS_0,QUEUE_OCCUPANCY_8,QUEUE_HIGH_8,BACKPRESSURE_2,QUEUE_OBS_NOT_BEFORE_TICKS_580085873307,CURRENT_BPS_83897,ROLLING_BPS_64771,LATENCY_COUNT_0,LATENCY_MIN_TICKS_0,LATENCY_MEAN_TICKS_0,LATENCY_P50_TICKS_0,LATENCY_P95_TICKS_0,LATENCY_P99_TICKS_0,LATENCY_MAX_TICKS_0,LAST_OBJECT_1052
P7_SAMPLE_00059=ELAPSED_1770.000,ELAPSED_TICKS_590000017110,WINDOW_ACCEPTANCE,OBJECTS_60,FAILED_0,BYTES_HI_00000000,BYTES_LO_01167000,FRAGMENTS_84900,LANE0_77815,LANE1_41231,REPLICATED_34146,FALLBACKS_16,P6_RETRIES_0,P6_RETRY_EXHAUSTED_0,P6_TX_FAIL_0,P6_CRC_BAD_0,P6_PAYLOAD_MISMATCH_0,MAX_TXD_HIGH_8,DUTY_VIOLATIONS_0,QUEUE_OCCUPANCY_8,QUEUE_HIGH_8,BACKPRESSURE_2,QUEUE_OBS_NOT_BEFORE_TICKS_590097403077,CURRENT_BPS_82475,ROLLING_BPS_33204,LATENCY_COUNT_0,LATENCY_MIN_TICKS_0,LATENCY_MEAN_TICKS_0,LATENCY_P50_TICKS_0,LATENCY_P95_TICKS_0,LATENCY_P99_TICKS_0,LATENCY_MAX_TICKS_0,LAST_OBJECT_1052
P7_STATIONARY_SERVICE_TERMINAL_OBSERVED=1
P7_STATIONARY_TERMINAL_FREEZE_CAPTURES=0
P7_STATIONARY_WALL_SECONDS=1800.038
P7_STATIONARY_HOST_WATCHDOG_CORROBORATION=PASS
P7_STATIONARY_PS_ELAPSED_TICKS=600000954718
P7_STATIONARY_PS_ELAPSED_SECONDS=1800.002812
P7_TERMINAL_UNACKNOWLEDGED_REFRESH=0
P7_TERMINAL_UNACKNOWLEDGED_CAPTURED_REQUEST=0
P7_TERMINAL_UNACKNOWLEDGED_CAPTURED_ACK=0
P7_TERMINAL_FINAL_REQUEST=1446
P7_TERMINAL_FINAL_ACK=1446
P7_STATIONARY_POST_TERMINAL_RECONSTRUCTED_SAMPLES=0
P7_SAMPLE_00060=ELAPSED_1800.000,ELAPSED_TICKS_600000017400,WINDOW_ACCEPTANCE,OBJECTS_60,FAILED_0,BYTES_HI_00000000,BYTES_LO_01167000,FRAGMENTS_84900,LANE0_77815,LANE1_41231,REPLICATED_34146,FALLBACKS_16,P6_RETRIES_0,P6_RETRY_EXHAUSTED_0,P6_TX_FAIL_0,P6_CRC_BAD_0,P6_PAYLOAD_MISMATCH_0,MAX_TXD_HIGH_8,DUTY_VIOLATIONS_0,QUEUE_OCCUPANCY_8,QUEUE_HIGH_8,BACKPRESSURE_2,QUEUE_OBS_NOT_BEFORE_TICKS_600000954718,CURRENT_BPS_81100,ROLLING_BPS_33204,LATENCY_COUNT_0,LATENCY_MIN_TICKS_0,LATENCY_MEAN_TICKS_0,LATENCY_P50_TICKS_0,LATENCY_P95_TICKS_0,LATENCY_P99_TICKS_0,LATENCY_MAX_TICKS_0,LAST_OBJECT_1052
P7_SAMPLE_00060_SAFE_TERMINAL_STATE=1
P7_SAMPLE_SEQUENCE_WRITER=HOST_POST_TERMINAL
P7_STATIONARY_REQUEUE_PUBLISH_COUNT=52
P7_STATIONARY_REQUEUE_BLOCKED_AT_CUTOFF_COUNT=8
P7_STATIONARY_REQUEUE_CUTOFF_TICKS=580000016820
P7_STATIONARY_REQUEUE_LAST_PRE_TICKS=473191986753
P7_STATIONARY_REQUEUE_LAST_POST_TICKS=473318807877
P7_STATIONARY_REQUEUE_CUTOFF_VIOLATION=0
P7_ACCEPTANCE_WINDOW_COMPLETE=1
P7_STATIONARY_TERMINAL_DESCRIPTORS=60
P7_REQUEUE_AFTER_CUTOFF=0
P7_PS_STAGE_RESULT=PASS
