#-----------------------------------------------------------
# xsim v2023.1 (64-bit)
# SW Build 3865809 on Sun May  7 15:05:29 MDT 2023
# IP Build 3864474 on Sun May  7 20:36:21 MDT 2023
# SharedData Build 3865790 on Sun May 07 13:33:03 MDT 2023
# Start of session at: Sun Aug  9 16:17:38 2026
# Process ID: 41040
# Current directory: C:/Users/user/Documents/RF_COMM_MULTILANE_P10_5/evidence/generated/p10_5_xsim/raw/20260809T080521.479920Z/tb_p10_5_dual_endpoint_integration_work
# Command line: xsim.exe -mode tcl -source {xsim.dir/tb_p10_5_dual_endpoint_integration_snapshot/xsim_script.tcl}
# Log file: C:/Users/user/Documents/RF_COMM_MULTILANE_P10_5/evidence/generated/p10_5_xsim/raw/20260809T080521.479920Z/tb_p10_5_dual_endpoint_integration_work/xsim.log
# Journal file: C:/Users/user/Documents/RF_COMM_MULTILANE_P10_5/evidence/generated/p10_5_xsim/raw/20260809T080521.479920Z/tb_p10_5_dual_endpoint_integration_work\xsim.jou
# Running On: DESKTOP-PU0AECA, OS: Windows, CPU Frequency: 3418 MHz, CPU Physical cores: 20, Host memory: 34187 MB
#-----------------------------------------------------------
source xsim.dir/tb_p10_5_dual_endpoint_integration_snapshot/xsim_script.tcl
# xsim {tb_p10_5_dual_endpoint_integration_snapshot} -autoloadwcfg -runall
Time resolution is 1 ps
run -all
P10_5_WAIT watchdog=50000 active=1/1 complete=1/0/1/0 bytes=800/0/800/0 outstanding=4/4 phase=0/0 piggy=0/0 fallback=0/0
P10_5_FIXED_SCHED attempt=0 lane=0 ready=0010 sched=0011 duty_empty=1110 schedule=1110 busy=0000 pending=0000 kill=0 armed=1 phy=00001111 faults=00000000
P10_5_FIXED_DP txvalid=1 inflight=1 req=0/0 decision=1/1/0 live=0 credit=32 reset=0 abort=0 state=0010001000100010
P10_5_FIXED_RX admission=1111 raw=0/0/0/0 preamble=0/0/1/0 good=0 bad=0 crc=0 symbol=0 pulses=0000
P10_5_ROT_SCHED attempt=0 lane=2 ready=1000 sched=1100 duty_empty=1011 schedule=1011 busy=0000 pending=0000 kill=0 armed=1 phy=11110000 faults=00000000
P10_5_ROT_DP txvalid=1 inflight=1 req=0/0 decision=1/1/0 live=0 credit=32 reset=0 abort=0 state=0010001000100010
P10_5_ROT_RX admission=1111 raw=0/0/0/0 preamble=1/0/0/0 good=0 bad=0 crc=0 symbol=0 pulses=0000
P10_5_WAIT watchdog=100000 active=1/1 complete=1/0/1/0 bytes=800/0/800/0 outstanding=4/4 phase=0/0 piggy=0/0 fallback=0/0
P10_5_FIXED_SCHED attempt=0 lane=0 ready=0000 sched=0011 duty_empty=1100 schedule=1100 busy=0011 pending=0000 kill=0 armed=1 phy=00001111 faults=00000000
P10_5_FIXED_DP txvalid=1 inflight=1 req=0/0 decision=1/1/0 live=0 credit=32 reset=0 abort=0 state=0010001001000100
P10_5_FIXED_RX admission=1100 raw=0/0/1089/1090 preamble=0/0/2/1 good=0 bad=0 crc=0 symbol=0 pulses=1000
P10_5_ROT_SCHED attempt=0 lane=2 ready=0000 sched=1100 duty_empty=0011 schedule=0011 busy=1100 pending=0000 kill=0 armed=1 phy=11110000 faults=00000000
P10_5_ROT_DP txvalid=1 inflight=1 req=0/0 decision=1/1/0 live=0 credit=32 reset=0 abort=0 state=0010001001000100
P10_5_ROT_RX admission=0011 raw=1090/1094/0/0 preamble=2/1/0/0 good=0 bad=0 crc=0 symbol=0 pulses=0000
P10_5_WAIT watchdog=150000 active=1/1 complete=1/0/1/0 bytes=800/492/800/492 outstanding=4/4 phase=1/1 piggy=1/1 fallback=0/0
P10_5_FIXED_SCHED attempt=0 lane=1 ready=0000 sched=0011 duty_empty=1100 schedule=1111 busy=0001 pending=0000 kill=0 armed=1 phy=00001111 faults=00000000
P10_5_FIXED_DP txvalid=0 inflight=0 req=0/1 decision=0/1/0 live=0 credit=32 reset=0 abort=0 state=0100010001000100
P10_5_FIXED_RX admission=1110 raw=0/0/2037/1519 preamble=0/0/3/2 good=3 bad=0 crc=0 symbol=0 pulses=0000
P10_5_ROT_SCHED attempt=0 lane=3 ready=0000 sched=1100 duty_empty=0011 schedule=1111 busy=0100 pending=0000 kill=0 armed=1 phy=11110000 faults=00000000
P10_5_ROT_DP txvalid=0 inflight=0 req=0/1 decision=0/1/0 live=0 credit=32 reset=0 abort=0 state=0100010001000100
P10_5_ROT_RX admission=1011 raw=2033/1527/0/0 preamble=3/2/0/0 good=3 bad=0 crc=0 symbol=0 pulses=0000
P10_5_WAIT watchdog=200000 active=1/1 complete=1/1/1/1 bytes=800/800/800/800 outstanding=1/1 phase=0/0 piggy=1/1 fallback=1/1
P10_5_FIXED_SCHED attempt=0 lane=1 ready=0011 sched=0011 duty_empty=1100 schedule=1111 busy=0000 pending=0000 kill=0 armed=1 phy=00001111 faults=00000000
P10_5_FIXED_DP txvalid=0 inflight=0 req=0/1 decision=0/1/0 live=1 credit=31 reset=0 abort=0 state=1001010010011001
P10_5_FIXED_RX admission=1111 raw=0/0/2230/1621 preamble=0/0/3/3 good=4 bad=0 crc=0 symbol=0 pulses=0000
P10_5_ROT_SCHED attempt=0 lane=3 ready=1100 sched=1100 duty_empty=0011 schedule=1111 busy=0000 pending=0000 kill=0 armed=1 phy=11110000 faults=00000000
P10_5_ROT_DP txvalid=0 inflight=0 req=0/1 decision=0/1/0 live=1 credit=31 reset=0 abort=0 state=1001010010011001
P10_5_ROT_RX admission=1111 raw=2230/1630/0/0 preamble=3/3/0/0 good=4 bad=0 crc=0 symbol=0 pulses=0000
P10_5_WAIT watchdog=50000 active=1/1 complete=1/0/1/0 bytes=600/0/800/0 outstanding=0/4 phase=0/0 piggy=1/1 fallback=2/2
P10_5_FIXED_SCHED attempt=0 lane=0 ready=0000 sched=0011 duty_empty=1110 schedule=1111 busy=0000 pending=0000 kill=0 armed=1 phy=00001111 faults=00000000
P10_5_FIXED_DP txvalid=0 inflight=0 req=0/1 decision=0/0/0 live=0 credit=32 reset=0 abort=1 state=1001001000100010
P10_5_FIXED_RX admission=1111 raw=0/0/3311/2596 preamble=0/0/5/4 good=4 bad=0 crc=0 symbol=0 pulses=0000
P10_5_ROT_SCHED attempt=0 lane=2 ready=0000 sched=1100 duty_empty=0011 schedule=1111 busy=1100 pending=0000 kill=0 armed=1 phy=11110000 faults=00000000
P10_5_ROT_DP txvalid=1 inflight=1 req=0/0 decision=1/1/0 live=0 credit=32 reset=0 abort=0 state=0010001001000100
P10_5_ROT_RX admission=0011 raw=2333/1630/0/0 preamble=4/3/0/0 good=4 bad=0 crc=0 symbol=0 pulses=0000
P10_5_WAIT watchdog=100000 active=1/1 complete=1/0/1/0 bytes=600/492/800/0 outstanding=0/1 phase=0/0 piggy=1/1 fallback=3/2
P10_5_FIXED_SCHED attempt=0 lane=0 ready=0000 sched=0011 duty_empty=1110 schedule=1111 busy=0000 pending=0000 kill=0 armed=1 phy=00001111 faults=00000000
P10_5_FIXED_DP txvalid=0 inflight=0 req=0/1 decision=0/0/0 live=0 credit=32 reset=0 abort=1 state=1001001000100010
P10_5_FIXED_RX admission=1111 raw=0/0/4255/3142 preamble=0/0/6/5 good=7 bad=0 crc=0 symbol=0 pulses=0000
P10_5_ROT_SCHED attempt=0 lane=3 ready=0000 sched=1100 duty_empty=0011 schedule=1111 busy=0100 pending=0000 kill=0 armed=1 phy=11110000 faults=00000000
P10_5_ROT_DP txvalid=0 inflight=0 req=0/1 decision=0/1/0 live=0 credit=31 reset=0 abort=0 state=1001010010011001
P10_5_ROT_RX admission=1011 raw=2435/1630/0/0 preamble=5/3/0/0 good=4 bad=0 crc=0 symbol=0 pulses=0000
P10_5_WAIT watchdog=150000 active=1/1 complete=1/1/1/0 bytes=600/800/800/0 outstanding=0/1 phase=0/0 piggy=1/1 fallback=3/2
P10_5_FIXED_SCHED attempt=0 lane=0 ready=0000 sched=0011 duty_empty=1110 schedule=1111 busy=0000 pending=0000 kill=0 armed=1 phy=00001111 faults=00000000
P10_5_FIXED_DP txvalid=0 inflight=0 req=0/1 decision=0/0/0 live=0 credit=32 reset=0 abort=1 state=1001001000100010
P10_5_FIXED_RX admission=1111 raw=0/0/4561/3142 preamble=0/0/6/5 good=8 bad=0 crc=0 symbol=0 pulses=0000
P10_5_ROT_SCHED attempt=0 lane=3 ready=1100 sched=1100 duty_empty=0011 schedule=1111 busy=0000 pending=0000 kill=0 armed=1 phy=11110000 faults=00000000
P10_5_ROT_DP txvalid=0 inflight=0 req=0/1 decision=0/1/0 live=1 credit=31 reset=0 abort=0 state=1001010010011001
P10_5_ROT_RX admission=1111 raw=2435/1630/0/0 preamble=5/3/0/0 good=4 bad=0 crc=0 symbol=0 pulses=0000
TB_P10_5_DUAL_DIRECTION_L2=PASS
TB_P10_5_ACK_PIGGYBACK=PASS
TB_P10_5_CONTROL_ONLY_ACK=PASS
TB_P10_5_BIDIRECTIONAL_DMA=PASS
TB_P10_5_ROLE_EPOCH_STALE=PASS
TB_P10_5_DIRECTION_ABORT_ISOLATION=PASS
TB_P10_5_DUAL_DIRECTION_FAULTS=PASS
TB_P10_5_DUAL_ENDPOINT_INTEGRATION=PASS
TB_P10_5_DUAL_DIRECTION=PASS piggy=1/1 fallback=4/2 simultaneous=17683
$finish called at time : 7915859145 ps : File "C:/Users/user/Documents/RF_COMM_MULTILANE_P10_5/sim/tb/tb_p10_5_dual_direction.sv" Line 650
run: Time (s): cpu = 00:00:00 ; elapsed = 00:00:28 . Memory (MB): peak = 211.840 ; gain = 0.000
exit
INFO: xsimkernel Simulation Memory Usage: 17824 KB (Peak: 17824 KB), Simulation CPU Usage: 28030 ms
INFO: [Common 17-206] Exiting xsim at Sun Aug  9 16:18:08 2026...
