Copyright 1986-2022 Xilinx, Inc. All Rights Reserved. Copyright 2022-2023 Advanced Micro Devices, Inc. All Rights Reserved.
---------------------------------------------------------------------------------------------------------------------------------------------------------------------------------------------------------------------------------------
| Tool Version : Vivado v.2023.1 (win64) Build 3865809 Sun May  7 15:05:29 MDT 2023
| Date         : Wed Jul 29 10:14:01 2026
| Host         : DESKTOP-PU0AECA running 64-bit major release  (build 9200)
| Command      : report_utilization -hierarchical -file C:/Users/user/Documents/RF_COMM_MULTILANE_P9/evidence/generated/p9_candidate_regression/raw/20260729T021215.750164Z_7134c0fce8a3/post_synth/post_synth_utilization_p9_core.rpt
| Design       : p9_optical_transport_core
| Device       : xc7z010clg400-1
| Speed File   : -1
| Design State : Synthesized
---------------------------------------------------------------------------------------------------------------------------------------------------------------------------------------------------------------------------------------

Utilization Design Information

Table of Contents
-----------------
1. Utilization by Hierarchy

1. Utilization by Hierarchy
---------------------------

+--------------------------------+-----------------------------------+------------+------------+---------+------+------+--------+--------+------------+
|            Instance            |               Module              | Total LUTs | Logic LUTs | LUTRAMs | SRLs |  FFs | RAMB36 | RAMB18 | DSP Blocks |
+--------------------------------+-----------------------------------+------------+------------+---------+------+------+--------+--------+------------+
| p9_optical_transport_core      |                             (top) |       9543 |       9341 |     202 |    0 | 8211 |     14 |      2 |          0 |
|   (p9_optical_transport_core)  |                             (top) |        479 |        385 |      94 |    0 | 1738 |      6 |      2 |          0 |
|   g_physical[0].u_a_phy        |                     tfdu_lane_phy |        397 |        397 |       0 |    0 |  347 |      2 |      0 |          0 |
|     (g_physical[0].u_a_phy)    |                     tfdu_lane_phy |         68 |         68 |       0 |    0 |   70 |      0 |      0 |          0 |
|     u_p8c_physical_safety      | ir_tfdu_physical_module_safety_13 |        329 |        329 |       0 |    0 |  277 |      2 |      0 |          0 |
|       (u_p8c_physical_safety)  | ir_tfdu_physical_module_safety_13 |        116 |        116 |       0 |    0 |   99 |      0 |      0 |          0 |
|       u_exact_duty_accountant  |  ir_tfdu_exact_duty_accountant_14 |        213 |        213 |       0 |    0 |  178 |      2 |      0 |          0 |
|   g_physical[0].u_b_phy        |                   tfdu_lane_phy_0 |        352 |        352 |       0 |    0 |  347 |      2 |      0 |          0 |
|     (g_physical[0].u_b_phy)    |                   tfdu_lane_phy_0 |         13 |         13 |       0 |    0 |   70 |      0 |      0 |          0 |
|     u_p8c_physical_safety      | ir_tfdu_physical_module_safety_11 |        339 |        339 |       0 |    0 |  277 |      2 |      0 |          0 |
|       (u_p8c_physical_safety)  | ir_tfdu_physical_module_safety_11 |        117 |        117 |       0 |    0 |   99 |      0 |      0 |          0 |
|       u_exact_duty_accountant  |  ir_tfdu_exact_duty_accountant_12 |        222 |        222 |       0 |    0 |  178 |      2 |      0 |          0 |
|   g_physical[1].u_a_phy        |                   tfdu_lane_phy_1 |        327 |        327 |       0 |    0 |  347 |      2 |      0 |          0 |
|     (g_physical[1].u_a_phy)    |                   tfdu_lane_phy_1 |          5 |          5 |       0 |    0 |   70 |      0 |      0 |          0 |
|     u_p8c_physical_safety      |  ir_tfdu_physical_module_safety_9 |        322 |        322 |       0 |    0 |  277 |      2 |      0 |          0 |
|       (u_p8c_physical_safety)  |  ir_tfdu_physical_module_safety_9 |        117 |        117 |       0 |    0 |   99 |      0 |      0 |          0 |
|       u_exact_duty_accountant  |  ir_tfdu_exact_duty_accountant_10 |        205 |        205 |       0 |    0 |  178 |      2 |      0 |          0 |
|   g_physical[1].u_b_phy        |                   tfdu_lane_phy_2 |        549 |        549 |       0 |    0 |  347 |      2 |      0 |          0 |
|     (g_physical[1].u_b_phy)    |                   tfdu_lane_phy_2 |        219 |        219 |       0 |    0 |   70 |      0 |      0 |          0 |
|     u_p8c_physical_safety      |    ir_tfdu_physical_module_safety |        330 |        330 |       0 |    0 |  277 |      2 |      0 |          0 |
|       (u_p8c_physical_safety)  |    ir_tfdu_physical_module_safety |        117 |        117 |       0 |    0 |   99 |      0 |      0 |          0 |
|       u_exact_duty_accountant  |     ir_tfdu_exact_duty_accountant |        213 |        213 |       0 |    0 |  178 |      2 |      0 |          0 |
|   g_receive[0].u_codec         |                   p9_rate_4ppm_rx |         69 |         69 |       0 |    0 |   63 |      0 |      0 |          0 |
|     u_rx_1mbps                 |                   ir_4ppm_codec_6 |         30 |         30 |       0 |    0 |   22 |      0 |      0 |          0 |
|     u_rx_2mbps                 |   ir_4ppm_codec__parameterized0_7 |         20 |         20 |       0 |    0 |   21 |      0 |      0 |          0 |
|     u_rx_4mbps                 |   ir_4ppm_codec__parameterized1_8 |         19 |         19 |       0 |    0 |   20 |      0 |      0 |          0 |
|   g_receive[0].u_parser        |                  p9_4ppm_frame_rx |        456 |        456 |       0 |    0 |  549 |      0 |      0 |          0 |
|   g_receive[1].u_codec         |                 p9_rate_4ppm_rx_3 |         69 |         69 |       0 |    0 |   63 |      0 |      0 |          0 |
|     u_rx_1mbps                 |                     ir_4ppm_codec |         30 |         30 |       0 |    0 |   22 |      0 |      0 |          0 |
|     u_rx_2mbps                 |     ir_4ppm_codec__parameterized0 |         20 |         20 |       0 |    0 |   21 |      0 |      0 |          0 |
|     u_rx_4mbps                 |     ir_4ppm_codec__parameterized1 |         19 |         19 |       0 |    0 |   20 |      0 |      0 |          0 |
|   g_receive[1].u_parser        |                p9_4ppm_frame_rx_4 |        478 |        478 |       0 |    0 |  549 |      0 |      0 |          0 |
|   g_serializer[0].u_serializer |                  p9_4ppm_frame_tx |        580 |        580 |       0 |    0 |  339 |      0 |      0 |          0 |
|   g_serializer[1].u_serializer |                p9_4ppm_frame_tx_5 |        684 |        684 |       0 |    0 |  340 |      0 |      0 |          0 |
|   u_data_plane                 |                 ir_data_plane_top |       5103 |       4995 |     108 |    0 | 3182 |      0 |      0 |          0 |
|     (u_data_plane)             |                 ir_data_plane_top |         68 |         68 |       0 |    0 |   38 |      0 |      0 |          0 |
|     u_ack_aggregator           |                 ir_ack_aggregator |        213 |        213 |       0 |    0 |  219 |      0 |      0 |          0 |
|     u_rx_window                |            ir_selective_repeat_rx |        749 |        697 |      52 |    0 |  300 |      0 |      0 |          0 |
|     u_scheduler                |      ir_health_weighted_scheduler |        522 |        522 |       0 |    0 |  477 |      0 |      0 |          0 |
|     u_tx_window                |            ir_selective_repeat_tx |       3551 |       3495 |      56 |    0 | 2148 |      0 |      0 |          0 |
+--------------------------------+-----------------------------------+------------+------------+---------+------+------+--------+--------+------------+


