P10_XSDB_DEBUG_DISCOVERY_ATTEMPTS=1
P10_XSDB_DEBUG_DISCOVERY_ELAPSED_MS=20
P10_XSDB_FIXED_TARGETS=APU:1,CPU0:2,FPGA:4
P10_XSDB_ROTATING_TARGETS=APU:5,CPU0:6,FPGA:8
P10_XSDB_IDENTITY=PASS
P10_XSDB_FIXED_SERIAL=210249855178
P10_XSDB_ROTATING_SERIAL=210512180081
P10_XSDB_STAGE=P10_5-FAULTS
P10_XSDB_RUN_ID=p10_5_20260830T101446Z_e1f8c01a_4015142e_79607d01
P10_XSDB_EXPECTED_BUILD_FIXED=0x50353546
P10_XSDB_EXPECTED_BUILD_ROTATING=0x50353552
P10_XSDB_DEBUG_DISCOVERY_ATTEMPTS=1
P10_XSDB_DEBUG_DISCOVERY_ELAPSED_MS=2
P10_XSDB_FIXED_TARGETS=APU:1,CPU0:2,FPGA:4
P10_XSDB_ROTATING_TARGETS=APU:5,CPU0:6,FPGA:8
P10_XSDB_DEBUG_DISCOVERY_ATTEMPTS=1
P10_XSDB_DEBUG_DISCOVERY_ELAPSED_MS=1
P10_XSDB_FIXED_TARGETS=APU:1,CPU0:2,FPGA:4
P10_XSDB_ROTATING_TARGETS=APU:5,CPU0:6,FPGA:8
P10_CANDIDATE_PROGRAMMED_FIXED=1
P10_PS7_INITIALIZED_FIXED=1
P10_CANDIDATE_PROGRAMMED_ROTATING=1
P10_PS7_INITIALIZED_ROTATING=1
P10_SAFE_STATE_FIXED_PREBOOT=id:0x5031305A,build:0x50353546,profile:0x702004F0,status:0x00000002,phy:0x00000000,physical_tx:0,0,0,0
P10_SAFE_STATE_ROTATING_PREBOOT=id:0x5031305A,build:0x50353552,profile:0x702004A0,status:0x00000002,phy:0x00000000,physical_tx:0,0,0,0
P10_PS_ELF_DOWNLOADED_FIXED=1
P10_PS_ELF_DOWNLOADED_ROTATING=1
P10_SERVICE_READY_FIXED=initial_boot
P10_SERVICE_READY_ROTATING=initial_boot
P10_INITIAL_READY_DUMP_FIXED=C:/Users/user/Documents/RF_COMM_MULTILANE_P10_5/evidence/hardware/p10_5/p10_5_20260830T101446Z_e1f8c01a_4015142e_79607d01/stages/faults/dumps/P10_5-FAULTS_ready.fixed.bin
P10_INITIAL_READY_DUMP_ROTATING=C:/Users/user/Documents/RF_COMM_MULTILANE_P10_5/evidence/hardware/p10_5/p10_5_20260830T101446Z_e1f8c01a_4015142e_79607d01/stages/faults/dumps/P10_5-FAULTS_ready.rotating.bin
P10_SAFE_STATE_FIXED_SAFE_BOOT=id:0x5031305A,build:0x50353546,profile:0x702004F0,status:0x00000002,phy:0x00000000,physical_tx:0,0,0,0
P10_SAFE_STATE_ROTATING_SAFE_BOOT=id:0x5031305A,build:0x50353552,profile:0x702004A0,status:0x00000002,phy:0x00000000,physical_tx:0,0,0,0
P10_SAFE_BOOT=PASS
P10_5_PAIRED_SUBMIT_SKEW_US=fault_data_f2r:1585
P10_5_PAIR_PRIMED=fault_data_f2r:PASS
P10_5_PAIRED_RELEASE_SKEW_US=fault_data_f2r:869
P10_CASE_PASS=fault_data_f2r
P10_3F_SAFETY_GATE_PASS=fault_data_f2r
P10_5_PAIRED_SUBMIT_SKEW_US=fault_clean_1:3400
P10_5_PAIR_PRIMED=fault_clean_1:PASS
P10_5_PAIRED_RELEASE_SKEW_US=fault_clean_1:899
P10_CASE_PASS=fault_clean_1
P10_3F_SAFETY_GATE_PASS=fault_clean_1
P10_5_PAIRED_SUBMIT_SKEW_US=fault_data_r2f:1543
P10_5_PAIR_PRIMED=fault_data_r2f:PASS
P10_5_PAIRED_RELEASE_SKEW_US=fault_data_r2f:872
P10_CASE_PASS=fault_data_r2f
P10_3F_SAFETY_GATE_PASS=fault_data_r2f
P10_5_PAIRED_SUBMIT_SKEW_US=fault_clean_2:1551
P10_5_PAIR_PRIMED=fault_clean_2:PASS
P10_5_PAIRED_RELEASE_SKEW_US=fault_clean_2:851
P10_CASE_PASS=fault_clean_2
P10_3F_SAFETY_GATE_PASS=fault_clean_2
P10_5_PAIRED_SUBMIT_SKEW_US=fault_ack_f2r:2115
P10_5_PAIR_PRIMED=fault_ack_f2r:PASS
P10_5_PAIRED_RELEASE_SKEW_US=fault_ack_f2r:846
P10_CASE_PASS=fault_ack_f2r
P10_3F_SAFETY_GATE_PASS=fault_ack_f2r
P10_5_PAIRED_SUBMIT_SKEW_US=fault_clean_3:1596
P10_5_PAIR_PRIMED=fault_clean_3:PASS
P10_5_PAIRED_RELEASE_SKEW_US=fault_clean_3:844
P10_CASE_PASS=fault_clean_3
P10_3F_SAFETY_GATE_PASS=fault_clean_3
P10_5_PAIRED_SUBMIT_SKEW_US=fault_ack_r2f:1626
P10_5_PAIR_PRIMED=fault_ack_r2f:PASS
P10_5_PAIRED_RELEASE_SKEW_US=fault_ack_r2f:919
P10_CASE_PASS=fault_ack_r2f
P10_3F_SAFETY_GATE_PASS=fault_ack_r2f
P10_5_PAIRED_SUBMIT_SKEW_US=fault_clean_4:1538
P10_5_PAIR_PRIMED=fault_clean_4:PASS
P10_5_PAIRED_RELEASE_SKEW_US=fault_clean_4:860
P10_CASE_PASS=fault_clean_4
P10_3F_SAFETY_GATE_PASS=fault_clean_4
P10_5_PAIRED_SUBMIT_SKEW_US=fault_abort_f2r:1538
P10_5_PAIR_PRIMED=fault_abort_f2r:PASS
P10_5_PAIRED_RELEASE_SKEW_US=fault_abort_f2r:1036
P10_CASE_PASS=fault_abort_f2r
P10_3F_SAFETY_GATE_PASS=fault_abort_f2r
P10_5_PAIRED_SUBMIT_SKEW_US=fault_clean_5:1585
P10_5_PAIR_PRIMED=fault_clean_5:PASS
P10_5_PAIRED_RELEASE_SKEW_US=fault_clean_5:850
P10_CASE_PASS=fault_clean_5
P10_3F_SAFETY_GATE_PASS=fault_clean_5
P10_5_PAIRED_SUBMIT_SKEW_US=fault_abort_r2f:1952
P10_5_PAIR_PRIMED=fault_abort_r2f:PASS
P10_5_PAIRED_RELEASE_SKEW_US=fault_abort_r2f:851
P10_ENDPOINT_SHUTDOWN_REQUESTED_ON_ERROR=1
P10_XSDB_STAGE_RESULT=FAIL
P10_XSDB_STAGE_ERROR=P10 paired result mismatch label_fault_abort_r2f expected_status_0 fixed_12/5 rotating_12/5
