STARTED_UTC=2026-07-31T08:35:15+00:00
COMMAND=D:\Xilinx\Vivado\2023.1\bin\xvlog.bat -sv -i C:\Users\user\Documents\RF_COMM_MULTILANE_P10_1_LED\rtl C:\Users\user\Documents\RF_COMM_MULTILANE_P10_1_LED\rtl\ir_seq_math_pkg.sv C:\Users\user\Documents\RF_COMM_MULTILANE_P10_1_LED\rtl\ir_health_weighted_scheduler.sv C:\Users\user\Documents\RF_COMM_MULTILANE_P10_1_LED\rtl\ir_selective_repeat_tx.sv C:\Users\user\Documents\RF_COMM_MULTILANE_P10_1_LED\rtl\ir_selective_repeat_rx.sv C:\Users\user\Documents\RF_COMM_MULTILANE_P10_1_LED\rtl\ir_ack_aggregator.sv C:\Users\user\Documents\RF_COMM_MULTILANE_P10_1_LED\rtl\ir_data_plane_top.sv C:\Users\user\Documents\RF_COMM_MULTILANE_P10_1_LED\rtl\ir_tfdu_exact_duty_accountant.sv C:\Users\user\Documents\RF_COMM_MULTILANE_P10_1_LED\rtl\ir_tfdu_physical_module_safety.sv C:\Users\user\Documents\RF_COMM_MULTILANE_P10_1_LED\rtl\tfdu_lane_phy.sv C:\Users\user\Documents\RF_COMM_MULTILANE_P10_1_LED\rtl\ir_4ppm_codec.sv C:\Users\user\Documents\RF_COMM_MULTILANE_P10_1_LED\rtl\p9_rate_4ppm_rx.sv C:\Users\user\Documents\RF_COMM_MULTILANE_P10_1_LED\rtl\p9_4ppm_frame_tx.sv C:\Users\user\Documents\RF_COMM_MULTILANE_P10_1_LED\rtl\p9_4ppm_frame_rx.sv C:\Users\user\Documents\RF_COMM_MULTILANE_P10_1_LED\rtl\p9_optical_transport_core.sv C:\Users\user\Documents\RF_COMM_MULTILANE_P10_1_LED\rtl\p6_axi_lite_bridge.sv C:\Users\user\Documents\RF_COMM_MULTILANE_P10_1_LED\rtl\p10_1_metric_counter.sv C:\Users\user\Documents\RF_COMM_MULTILANE_P10_1_LED\rtl\p10_1_timer_snapshot.sv C:\Users\user\Documents\RF_COMM_MULTILANE_P10_1_LED\rtl\p10_1_event_fifo.sv C:\Users\user\Documents\RF_COMM_MULTILANE_P10_1_LED\rtl\p10_1_perf_monitor.sv C:\Users\user\Documents\RF_COMM_MULTILANE_P10_1_LED\rtl\p9_axi_dma_peripheral.sv C:\Users\user\Documents\RF_COMM_MULTILANE_P10_1_LED\rtl\p10_lane_activity_leds.sv C:\Users\user\Documents\RF_COMM_MULTILANE_P10_1_LED\rtl\p10_axi_dma_endpoint_peripheral_bd.v
RETURN_CODE=0
STDOUT_BEGIN
INFO: [VRFC 10-2263] Analyzing SystemVerilog file "C:/Users/user/Documents/RF_COMM_MULTILANE_P10_1_LED/rtl/ir_seq_math_pkg.sv" into library work
INFO: [VRFC 10-2263] Analyzing SystemVerilog file "C:/Users/user/Documents/RF_COMM_MULTILANE_P10_1_LED/rtl/ir_health_weighted_scheduler.sv" into library work
INFO: [VRFC 10-311] analyzing module ir_health_weighted_scheduler
INFO: [VRFC 10-2263] Analyzing SystemVerilog file "C:/Users/user/Documents/RF_COMM_MULTILANE_P10_1_LED/rtl/ir_selective_repeat_tx.sv" into library work
INFO: [VRFC 10-311] analyzing module ir_selective_repeat_tx
INFO: [VRFC 10-2263] Analyzing SystemVerilog file "C:/Users/user/Documents/RF_COMM_MULTILANE_P10_1_LED/rtl/ir_selective_repeat_rx.sv" into library work
INFO: [VRFC 10-311] analyzing module ir_selective_repeat_rx
INFO: [VRFC 10-2263] Analyzing SystemVerilog file "C:/Users/user/Documents/RF_COMM_MULTILANE_P10_1_LED/rtl/ir_ack_aggregator.sv" into library work
INFO: [VRFC 10-311] analyzing module ir_ack_aggregator
INFO: [VRFC 10-2263] Analyzing SystemVerilog file "C:/Users/user/Documents/RF_COMM_MULTILANE_P10_1_LED/rtl/ir_data_plane_top.sv" into library work
INFO: [VRFC 10-311] analyzing module ir_data_plane_top
INFO: [VRFC 10-2263] Analyzing SystemVerilog file "C:/Users/user/Documents/RF_COMM_MULTILANE_P10_1_LED/rtl/ir_tfdu_exact_duty_accountant.sv" into library work
INFO: [VRFC 10-311] analyzing module ir_tfdu_exact_duty_accountant
INFO: [VRFC 10-2263] Analyzing SystemVerilog file "C:/Users/user/Documents/RF_COMM_MULTILANE_P10_1_LED/rtl/ir_tfdu_physical_module_safety.sv" into library work
INFO: [VRFC 10-311] analyzing module ir_tfdu_physical_module_safety
INFO: [VRFC 10-2263] Analyzing SystemVerilog file "C:/Users/user/Documents/RF_COMM_MULTILANE_P10_1_LED/rtl/tfdu_lane_phy.sv" into library work
INFO: [VRFC 10-311] analyzing module tfdu_lane_phy
INFO: [VRFC 10-2263] Analyzing SystemVerilog file "C:/Users/user/Documents/RF_COMM_MULTILANE_P10_1_LED/rtl/ir_4ppm_codec.sv" into library work
INFO: [VRFC 10-311] analyzing module ir_4ppm_codec
INFO: [VRFC 10-2263] Analyzing SystemVerilog file "C:/Users/user/Documents/RF_COMM_MULTILANE_P10_1_LED/rtl/p9_rate_4ppm_rx.sv" into library work
INFO: [VRFC 10-311] analyzing module p9_rate_4ppm_rx
INFO: [VRFC 10-2263] Analyzing SystemVerilog file "C:/Users/user/Documents/RF_COMM_MULTILANE_P10_1_LED/rtl/p9_4ppm_frame_tx.sv" into library work
INFO: [VRFC 10-311] analyzing module p9_4ppm_frame_tx
INFO: [VRFC 10-2263] Analyzing SystemVerilog file "C:/Users/user/Documents/RF_COMM_MULTILANE_P10_1_LED/rtl/p9_4ppm_frame_rx.sv" into library work
INFO: [VRFC 10-311] analyzing module p9_4ppm_frame_rx
INFO: [VRFC 10-2263] Analyzing SystemVerilog file "C:/Users/user/Documents/RF_COMM_MULTILANE_P10_1_LED/rtl/p9_optical_transport_core.sv" into library work
INFO: [VRFC 10-311] analyzing module p9_optical_transport_core
INFO: [VRFC 10-2263] Analyzing SystemVerilog file "C:/Users/user/Documents/RF_COMM_MULTILANE_P10_1_LED/rtl/p6_axi_lite_bridge.sv" into library work
INFO: [VRFC 10-311] analyzing module p6_axi_lite_bridge
INFO: [VRFC 10-2263] Analyzing SystemVerilog file "C:/Users/user/Documents/RF_COMM_MULTILANE_P10_1_LED/rtl/p10_1_metric_counter.sv" into library work
INFO: [VRFC 10-311] analyzing module p10_1_metric_counter
INFO: [VRFC 10-2263] Analyzing SystemVerilog file "C:/Users/user/Documents/RF_COMM_MULTILANE_P10_1_LED/rtl/p10_1_timer_snapshot.sv" into library work
INFO: [VRFC 10-311] analyzing module p10_1_timer_snapshot
INFO: [VRFC 10-2263] Analyzing SystemVerilog file "C:/Users/user/Documents/RF_COMM_MULTILANE_P10_1_LED/rtl/p10_1_event_fifo.sv" into library work
INFO: [VRFC 10-311] analyzing module p10_1_event_fifo
INFO: [VRFC 10-2263] Analyzing SystemVerilog file "C:/Users/user/Documents/RF_COMM_MULTILANE_P10_1_LED/rtl/p10_1_perf_monitor.sv" into library work
INFO: [VRFC 10-311] analyzing module p10_1_perf_monitor
INFO: [VRFC 10-2263] Analyzing SystemVerilog file "C:/Users/user/Documents/RF_COMM_MULTILANE_P10_1_LED/rtl/p9_axi_dma_peripheral.sv" into library work
INFO: [VRFC 10-311] analyzing module p9_axi_dma_peripheral
INFO: [VRFC 10-2263] Analyzing SystemVerilog file "C:/Users/user/Documents/RF_COMM_MULTILANE_P10_1_LED/rtl/p10_lane_activity_leds.sv" into library work
INFO: [VRFC 10-311] analyzing module p10_lane_activity_leds
INFO: [VRFC 10-2263] Analyzing SystemVerilog file "C:/Users/user/Documents/RF_COMM_MULTILANE_P10_1_LED/rtl/p10_axi_dma_endpoint_peripheral_bd.v" into library work
INFO: [VRFC 10-311] analyzing module p10_axi_dma_endpoint_peripheral_bd

STDOUT_END
STDERR_BEGIN

STDERR_END
COMMAND=D:\Xilinx\Vivado\2023.1\bin\xelab.bat p10_axi_dma_endpoint_peripheral_bd -s p10_led_full_rtl_snapshot
RETURN_CODE=0
STDOUT_BEGIN
Vivado Simulator v2023.1
Copyright 1986-2022 Xilinx, Inc. All Rights Reserved.
Copyright 2022-2023 Advanced Micro Devices, Inc. All Rights Reserved.
Running: D:/Xilinx/Vivado/2023.1/bin/unwrapped/win64.o/xelab.exe p10_axi_dma_endpoint_peripheral_bd -s p10_led_full_rtl_snapshot 
Multi-threading is on. Using 26 slave threads.
Starting static elaboration
Pass Through NonSizing Optimizer
Completed static elaboration
Starting simulation data flow analysis
Completed simulation data flow analysis
Time Resolution for simulation is 1ps
Compiling package work.ir_seq_math_pkg
Compiling module work.p6_axi_lite_bridge
Compiling module work.p10_1_timer_snapshot
Compiling module work.p10_1_event_fifo(DEPTH=32'b01000...
Compiling module work.p10_1_perf_monitor
Compiling module work.ir_selective_repeat_tx(SACK_BITS...
Compiling module work.ir_health_weighted_scheduler(LAN...
Compiling module work.ir_selective_repeat_rx(WINDOW_SI...
Compiling module work.ir_ack_aggregator(SACK_BITS=32)
Compiling module work.ir_data_plane_top(LANE_COUNT=2,W...
Compiling module work.p9_4ppm_frame_tx
Compiling module work.ir_tfdu_exact_duty_accountant_de...
Compiling module work.ir_tfdu_physical_module_safety_d...
Compiling module work.tfdu_lane_phy(CLEAR_STICKY_INVAL...
Compiling module work.ir_4ppm_codec(CNT_CHIP_MAX=31,DE...
Compiling module work.ir_4ppm_codec(CNT_CHIP_MAX=15,DE...
Compiling module work.ir_4ppm_codec(DETECT_START_CYCLE...
Compiling module work.p9_rate_4ppm_rx
Compiling module work.p9_4ppm_frame_rx
Compiling module work.p9_optical_transport_core(DEPLOY...
Compiling module work.p9_axi_dma_peripheral(DEPLOYMENT...
Compiling module work.p10_lane_activity_leds_default
Compiling module work.p10_axi_dma_endpoint_peripheral_...
Built simulation snapshot p10_led_full_rtl_snapshot

STDOUT_END
STDERR_BEGIN

STDERR_END
FINISHED_UTC=2026-07-31T08:35:19+00:00
