P10_XSDB_DEBUG_DISCOVERY_ATTEMPTS=20
P10_XSDB_DEBUG_DISCOVERY_ELAPSED_MS=2212
P10_XSDB_FIXED_TARGETS=APU:6,CPU0:7,FPGA:1
P10_XSDB_ROTATING_TARGETS=APU:2,CPU0:3,FPGA:5
P10_XSDB_IDENTITY=PASS
P10_XSDB_FIXED_SERIAL=210249855178
P10_XSDB_ROTATING_SERIAL=210512180081
P10_XSDB_STAGE=P10_5-ONE_PLUS_ONE
P10_XSDB_RUN_ID=p10_5_20260809T193616Z_33273a1a_3aa03b83_605dd1b6
P10_XSDB_EXPECTED_BUILD_FIXED=0x50353546
P10_XSDB_EXPECTED_BUILD_ROTATING=0x50353552
P10_XSDB_DEBUG_DISCOVERY_ATTEMPTS=1
P10_XSDB_DEBUG_DISCOVERY_ELAPSED_MS=17
P10_XSDB_FIXED_TARGETS=APU:6,CPU0:7,FPGA:1
P10_XSDB_ROTATING_TARGETS=APU:2,CPU0:3,FPGA:5
P10_XSDB_DEBUG_DISCOVERY_ATTEMPTS=1
P10_XSDB_DEBUG_DISCOVERY_ELAPSED_MS=3
P10_XSDB_FIXED_TARGETS=APU:6,CPU0:7,FPGA:1
P10_XSDB_ROTATING_TARGETS=APU:2,CPU0:3,FPGA:5
P10_CANDIDATE_PROGRAMMED_FIXED=1
P10_PS7_INITIALIZED_FIXED=1
P10_CANDIDATE_PROGRAMMED_ROTATING=1
P10_PS7_INITIALIZED_ROTATING=1
P10_SAFE_STATE_FIXED_PREBOOT=id:0x5031305A,build:0x50353546,profile:0x702004F0,status:0x00000002,phy:0x00000000,physical_tx:0,0,0,0
P10_SAFE_STATE_ROTATING_PREBOOT=id:0x5031305A,build:0x50353552,profile:0x702004A0,status:0x00000002,phy:0x00000000,physical_tx:0,0,0,0
P10_PS_ELF_DOWNLOADED_FIXED=1
P10_PS_ELF_DOWNLOADED_ROTATING=1
P10_SERVICE_READY_FIXED=initial_boot
P10_SERVICE_READY_ROTATING=initial_boot
P10_INITIAL_READY_DUMP_FIXED=C:/Users/user/Documents/RF_COMM_MULTILANE_P10_5/evidence/hardware/p10_5/p10_5_20260809T193616Z_33273a1a_3aa03b83_605dd1b6/stages/one_plus_one/dumps/P10_5-ONE_PLUS_ONE_ready.fixed.bin
P10_INITIAL_READY_DUMP_ROTATING=C:/Users/user/Documents/RF_COMM_MULTILANE_P10_5/evidence/hardware/p10_5/p10_5_20260809T193616Z_33273a1a_3aa03b83_605dd1b6/stages/one_plus_one/dumps/P10_5-ONE_PLUS_ONE_ready.rotating.bin
P10_SAFE_STATE_FIXED_SAFE_BOOT=id:0x5031305A,build:0x50353546,profile:0x702004F0,status:0x00000002,phy:0x00000000,physical_tx:0,0,0,0
P10_SAFE_STATE_ROTATING_SAFE_BOOT=id:0x5031305A,build:0x50353552,profile:0x702004A0,status:0x00000002,phy:0x00000000,physical_tx:0,0,0,0
P10_SAFE_BOOT=PASS
P10_5_PAIRED_SUBMIT_SKEW_US=oneplusone_f0_r1:1579
P10_5_PAIR_PRIMED=oneplusone_f0_r1:PASS
P10_5_PAIRED_RELEASE_SKEW_US=oneplusone_f0_r1:861
P10_ENDPOINT_SHUTDOWN_REQUESTED_ON_ERROR=1
P10_XSDB_STAGE_RESULT=FAIL
P10_XSDB_STAGE_ERROR=P10 paired result mismatch label_oneplusone_f0_r1 expected_status_0 fixed_12/5 rotating_12/5
