COMMAND=D:\Xilinx\Vivado\2023.1\bin\xvlog.bat -sv -i C:\Users\user\Documents\RF_COMM_MULTILANE_P10_5\rtl -i C:\Users\user\Documents\RF_COMM_MULTILANE_P10_5\sim\tb C:\Users\user\Documents\RF_COMM_MULTILANE_P10_5\rtl\ir_seq_math_pkg.sv C:\Users\user\Documents\RF_COMM_MULTILANE_P10_5\rtl\ir_selective_repeat_rx.sv C:\Users\user\Documents\RF_COMM_MULTILANE_P10_5\sim\tb\tb_p10_2_4lane_suite.sv
STDOUT_BEGIN
INFO: [VRFC 10-2263] Analyzing SystemVerilog file "C:/Users/user/Documents/RF_COMM_MULTILANE_P10_5/rtl/ir_seq_math_pkg.sv" into library work
INFO: [VRFC 10-2263] Analyzing SystemVerilog file "C:/Users/user/Documents/RF_COMM_MULTILANE_P10_5/rtl/ir_selective_repeat_rx.sv" into library work
INFO: [VRFC 10-311] analyzing module ir_selective_repeat_rx
INFO: [VRFC 10-2263] Analyzing SystemVerilog file "C:/Users/user/Documents/RF_COMM_MULTILANE_P10_5/sim/tb/tb_p10_2_4lane_suite.sv" into library work
INFO: [VRFC 10-311] analyzing module tb_ax7020_4lane_profile
INFO: [VRFC 10-311] analyzing module tb_4lane_lane_mask_matrix
INFO: [VRFC 10-311] analyzing module tb_4lane_scheduler_fairness
INFO: [VRFC 10-311] analyzing module tb_4lane_retry_migration
INFO: [VRFC 10-311] analyzing module tb_4lane_echo_admission
INFO: [VRFC 10-311] analyzing module tb_4lane_streaming
INFO: [VRFC 10-311] analyzing module tb_4lane_dual_endpoint
INFO: [VRFC 10-311] analyzing module tb_p10_3_single_lane_ack_progress
INFO: [VRFC 10-311] analyzing module tb_p10_3_atomic_lane_migration
INFO: [VRFC 10-311] analyzing module tb_2lane_4lane_regression
INFO: [VRFC 10-311] analyzing module tb_p10_4_connector_ack_quarantine

STDOUT_END
STDERR_BEGIN

STDERR_END
COMMAND=D:\Xilinx\Vivado\2023.1\bin\xelab.bat tb_4lane_streaming -debug typical -s tb_4lane_streaming_snapshot
STDOUT_BEGIN
Vivado Simulator v2023.1
Copyright 1986-2022 Xilinx, Inc. All Rights Reserved.
Copyright 2022-2023 Advanced Micro Devices, Inc. All Rights Reserved.
Running: D:/Xilinx/Vivado/2023.1/bin/unwrapped/win64.o/xelab.exe tb_4lane_streaming -debug typical -s tb_4lane_streaming_snapshot 
Multi-threading is on. Using 26 slave threads.
Starting static elaboration
Pass Through NonSizing Optimizer
WARNING: [VRFC 10-3645] port 'delivery_payload_ref_o' remains unconnected for this instance [C:/Users/user/Documents/RF_COMM_MULTILANE_P10_5/sim/tb/tb_p10_2_4lane_suite.sv:193]
Completed static elaboration
Starting simulation data flow analysis
Completed simulation data flow analysis
Time Resolution for simulation is 1ps
Compiling package work.ir_seq_math_pkg
Compiling module work.ir_selective_repeat_rx(WINDOW_SI...
Compiling module work.tb_4lane_streaming
Built simulation snapshot tb_4lane_streaming_snapshot

STDOUT_END
STDERR_BEGIN

STDERR_END
COMMAND=D:\Xilinx\Vivado\2023.1\bin\xsim.bat tb_4lane_streaming_snapshot -runall
STDOUT_BEGIN

****** xsim v2023.1 (64-bit)
  **** SW Build 3865809 on Sun May  7 15:05:29 MDT 2023
  **** IP Build 3864474 on Sun May  7 20:36:21 MDT 2023
  **** SharedData Build 3865790 on Sun May 07 13:33:03 MDT 2023
    ** Copyright 1986-2022 Xilinx, Inc. All Rights Reserved.
    ** Copyright 2022-2023 Advanced Micro Devices, Inc. All Rights Reserved.

source xsim.dir/tb_4lane_streaming_snapshot/xsim_script.tcl
# xsim {tb_4lane_streaming_snapshot} -autoloadwcfg -runall
Time resolution is 1 ps
run -all
TB_4LANE_STREAMING=PASS reorder_sequence_wrap_atomic_model
$finish called at time : 466 ns : File "C:/Users/user/Documents/RF_COMM_MULTILANE_P10_5/sim/tb/tb_p10_2_4lane_suite.sv" Line 223
exit
INFO: [Common 17-206] Exiting xsim at Mon Aug 10 11:48:37 2026...

STDOUT_END
STDERR_BEGIN

STDERR_END
RETURN_CODE=0
