COMMAND=D:\Xilinx\Vivado\2023.1\bin\xvlog.bat -sv -i C:\Users\user\Documents\RF_COMM_MULTILANE_P10_5\rtl -i C:\Users\user\Documents\RF_COMM_MULTILANE_P10_5\sim\tb C:\Users\user\Documents\RF_COMM_MULTILANE_P10_5\rtl\ir_seq_math_pkg.sv C:\Users\user\Documents\RF_COMM_MULTILANE_P10_5\rtl\ir_health_weighted_scheduler.sv C:\Users\user\Documents\RF_COMM_MULTILANE_P10_5\rtl\ir_selective_repeat_tx.sv C:\Users\user\Documents\RF_COMM_MULTILANE_P10_5\rtl\ir_selective_repeat_rx.sv C:\Users\user\Documents\RF_COMM_MULTILANE_P10_5\rtl\ir_ack_aggregator.sv C:\Users\user\Documents\RF_COMM_MULTILANE_P10_5\rtl\ir_data_plane_top.sv C:\Users\user\Documents\RF_COMM_MULTILANE_P10_5\rtl\ir_tfdu_exact_duty_accountant.sv C:\Users\user\Documents\RF_COMM_MULTILANE_P10_5\rtl\ir_tfdu_physical_module_safety.sv C:\Users\user\Documents\RF_COMM_MULTILANE_P10_5\rtl\tfdu_lane_phy.sv C:\Users\user\Documents\RF_COMM_MULTILANE_P10_5\rtl\ir_4ppm_codec.sv C:\Users\user\Documents\RF_COMM_MULTILANE_P10_5\rtl\p9_rate_4ppm_rx.sv C:\Users\user\Documents\RF_COMM_MULTILANE_P10_5\rtl\p9_4ppm_frame_tx.sv C:\Users\user\Documents\RF_COMM_MULTILANE_P10_5\rtl\p9_4ppm_frame_rx.sv C:\Users\user\Documents\RF_COMM_MULTILANE_P10_5\rtl\p10_1r_rx_admission.sv C:\Users\user\Documents\RF_COMM_MULTILANE_P10_5\rtl\p10_4_connector_ack_rx_quarantine.sv C:\Users\user\Documents\RF_COMM_MULTILANE_P10_5\rtl\p9_optical_transport_core.sv C:\Users\user\Documents\RF_COMM_MULTILANE_P10_5\sim\tb\tb_p10_2_4lane_suite.sv
STDOUT_BEGIN
INFO: [VRFC 10-2263] Analyzing SystemVerilog file "C:/Users/user/Documents/RF_COMM_MULTILANE_P10_5/rtl/ir_seq_math_pkg.sv" into library work
INFO: [VRFC 10-2263] Analyzing SystemVerilog file "C:/Users/user/Documents/RF_COMM_MULTILANE_P10_5/rtl/ir_health_weighted_scheduler.sv" into library work
INFO: [VRFC 10-311] analyzing module ir_health_weighted_scheduler
INFO: [VRFC 10-2263] Analyzing SystemVerilog file "C:/Users/user/Documents/RF_COMM_MULTILANE_P10_5/rtl/ir_selective_repeat_tx.sv" into library work
INFO: [VRFC 10-311] analyzing module ir_selective_repeat_tx
INFO: [VRFC 10-2263] Analyzing SystemVerilog file "C:/Users/user/Documents/RF_COMM_MULTILANE_P10_5/rtl/ir_selective_repeat_rx.sv" into library work
INFO: [VRFC 10-311] analyzing module ir_selective_repeat_rx
INFO: [VRFC 10-2263] Analyzing SystemVerilog file "C:/Users/user/Documents/RF_COMM_MULTILANE_P10_5/rtl/ir_ack_aggregator.sv" into library work
INFO: [VRFC 10-311] analyzing module ir_ack_aggregator
INFO: [VRFC 10-2263] Analyzing SystemVerilog file "C:/Users/user/Documents/RF_COMM_MULTILANE_P10_5/rtl/ir_data_plane_top.sv" into library work
INFO: [VRFC 10-311] analyzing module ir_data_plane_top
INFO: [VRFC 10-2263] Analyzing SystemVerilog file "C:/Users/user/Documents/RF_COMM_MULTILANE_P10_5/rtl/ir_tfdu_exact_duty_accountant.sv" into library work
INFO: [VRFC 10-311] analyzing module ir_tfdu_exact_duty_accountant
INFO: [VRFC 10-2263] Analyzing SystemVerilog file "C:/Users/user/Documents/RF_COMM_MULTILANE_P10_5/rtl/ir_tfdu_physical_module_safety.sv" into library work
INFO: [VRFC 10-311] analyzing module ir_tfdu_physical_module_safety
INFO: [VRFC 10-2263] Analyzing SystemVerilog file "C:/Users/user/Documents/RF_COMM_MULTILANE_P10_5/rtl/tfdu_lane_phy.sv" into library work
INFO: [VRFC 10-311] analyzing module tfdu_lane_phy
INFO: [VRFC 10-2263] Analyzing SystemVerilog file "C:/Users/user/Documents/RF_COMM_MULTILANE_P10_5/rtl/ir_4ppm_codec.sv" into library work
INFO: [VRFC 10-311] analyzing module ir_4ppm_codec
INFO: [VRFC 10-2263] Analyzing SystemVerilog file "C:/Users/user/Documents/RF_COMM_MULTILANE_P10_5/rtl/p9_rate_4ppm_rx.sv" into library work
INFO: [VRFC 10-311] analyzing module p9_rate_4ppm_rx
INFO: [VRFC 10-2263] Analyzing SystemVerilog file "C:/Users/user/Documents/RF_COMM_MULTILANE_P10_5/rtl/p9_4ppm_frame_tx.sv" into library work
INFO: [VRFC 10-311] analyzing module p9_4ppm_frame_tx
INFO: [VRFC 10-2263] Analyzing SystemVerilog file "C:/Users/user/Documents/RF_COMM_MULTILANE_P10_5/rtl/p9_4ppm_frame_rx.sv" into library work
INFO: [VRFC 10-311] analyzing module p9_4ppm_frame_rx
INFO: [VRFC 10-2263] Analyzing SystemVerilog file "C:/Users/user/Documents/RF_COMM_MULTILANE_P10_5/rtl/p10_1r_rx_admission.sv" into library work
INFO: [VRFC 10-311] analyzing module p10_1r_rx_admission
INFO: [VRFC 10-2263] Analyzing SystemVerilog file "C:/Users/user/Documents/RF_COMM_MULTILANE_P10_5/rtl/p10_4_connector_ack_rx_quarantine.sv" into library work
INFO: [VRFC 10-311] analyzing module p10_4_connector_ack_rx_quarantine
INFO: [VRFC 10-2263] Analyzing SystemVerilog file "C:/Users/user/Documents/RF_COMM_MULTILANE_P10_5/rtl/p9_optical_transport_core.sv" into library work
INFO: [VRFC 10-311] analyzing module p9_optical_transport_core
INFO: [VRFC 10-2263] Analyzing SystemVerilog file "C:/Users/user/Documents/RF_COMM_MULTILANE_P10_5/sim/tb/tb_p10_2_4lane_suite.sv" into library work
INFO: [VRFC 10-311] analyzing module tb_ax7020_4lane_profile
INFO: [VRFC 10-311] analyzing module tb_4lane_lane_mask_matrix
INFO: [VRFC 10-311] analyzing module tb_4lane_scheduler_fairness
INFO: [VRFC 10-311] analyzing module tb_4lane_retry_migration
INFO: [VRFC 10-311] analyzing module tb_4lane_echo_admission
INFO: [VRFC 10-311] analyzing module tb_4lane_streaming
INFO: [VRFC 10-311] analyzing module tb_4lane_dual_endpoint
INFO: [VRFC 10-311] analyzing module tb_p10_3_single_lane_ack_progress
INFO: [VRFC 10-311] analyzing module tb_p10_3_atomic_lane_migration
INFO: [VRFC 10-311] analyzing module tb_2lane_4lane_regression
INFO: [VRFC 10-311] analyzing module tb_p10_4_connector_ack_quarantine

STDOUT_END
STDERR_BEGIN

STDERR_END
COMMAND=D:\Xilinx\Vivado\2023.1\bin\xelab.bat tb_4lane_dual_endpoint -debug typical -s tb_4lane_dual_endpoint_snapshot
STDOUT_BEGIN
Vivado Simulator v2023.1
Copyright 1986-2022 Xilinx, Inc. All Rights Reserved.
Copyright 2022-2023 Advanced Micro Devices, Inc. All Rights Reserved.
Running: D:/Xilinx/Vivado/2023.1/bin/unwrapped/win64.o/xelab.exe tb_4lane_dual_endpoint -debug typical -s tb_4lane_dual_endpoint_snapshot 
Multi-threading is on. Using 26 slave threads.
Starting static elaboration
Pass Through NonSizing Optimizer
WARNING: [VRFC 10-3645] port 'cfg_p10_5_dual_direction_i' remains unconnected for this instance [C:/Users/user/Documents/RF_COMM_MULTILANE_P10_5/sim/tb/tb_p10_2_4lane_suite.sv:239]
WARNING: [VRFC 10-3645] port 'cfg_p10_5_dual_direction_i' remains unconnected for this instance [C:/Users/user/Documents/RF_COMM_MULTILANE_P10_5/sim/tb/tb_p10_2_4lane_suite.sv:255]
Completed static elaboration
Starting simulation data flow analysis
Completed simulation data flow analysis
Time Resolution for simulation is 1ps
Compiling package work.ir_seq_math_pkg
Compiling module work.ir_selective_repeat_tx(SACK_BITS...
Compiling module work.ir_health_weighted_scheduler(LAN...
Compiling module work.ir_selective_repeat_rx(WINDOW_SI...
Compiling module work.ir_ack_aggregator(SACK_BITS=32,F...
Compiling module work.ir_data_plane_top(LANE_COUNT=4,W...
Compiling module work.p10_4_connector_ack_rx_quarantin...
Compiling module work.p9_4ppm_frame_tx(LANE_COUNT=4)
Compiling module work.ir_tfdu_exact_duty_accountant_de...
Compiling module work.ir_tfdu_physical_module_safety_d...
Compiling module work.tfdu_lane_phy(CLEAR_STICKY_INVAL...
Compiling module work.p10_1r_rx_admission
Compiling module work.ir_4ppm_codec(CNT_CHIP_MAX=31,DE...
Compiling module work.ir_4ppm_codec(CNT_CHIP_MAX=15,DE...
Compiling module work.ir_4ppm_codec(DETECT_START_CYCLE...
Compiling module work.p9_rate_4ppm_rx
Compiling module work.p9_4ppm_frame_rx(LANE_COUNT=4)
Compiling module work.p9_optical_transport_core(LANE_C...
Compiling module work.p9_optical_transport_core(LANE_C...
Compiling module work.tb_4lane_dual_endpoint
Built simulation snapshot tb_4lane_dual_endpoint_snapshot

STDOUT_END
STDERR_BEGIN

STDERR_END
COMMAND=D:\Xilinx\Vivado\2023.1\bin\xsim.bat tb_4lane_dual_endpoint_snapshot -runall
STDOUT_BEGIN

****** xsim v2023.1 (64-bit)
  **** SW Build 3865809 on Sun May  7 15:05:29 MDT 2023
  **** IP Build 3864474 on Sun May  7 20:36:21 MDT 2023
  **** SharedData Build 3865790 on Sun May 07 13:33:03 MDT 2023
    ** Copyright 1986-2022 Xilinx, Inc. All Rights Reserved.
    ** Copyright 2022-2023 Advanced Micro Devices, Inc. All Rights Reserved.

source xsim.dir/tb_4lane_dual_endpoint_snapshot/xsim_script.tcl
# xsim {tb_4lane_dual_endpoint_snapshot} -autoloadwcfg -runall
Time resolution is 1 ps
run -all
TB_4LANE_DUAL_ENDPOINT=PASS four_physical_directions_parallel
$finish called at time : 1032715527 ps : File "C:/Users/user/Documents/RF_COMM_MULTILANE_P10_5/sim/tb/tb_p10_2_4lane_suite.sv" Line 300
exit
INFO: [Common 17-206] Exiting xsim at Mon Aug 10 11:48:47 2026...

STDOUT_END
STDERR_BEGIN

STDERR_END
RETURN_CODE=0
