P7_PS_MODE=ddr-external-master
P7_EXECUTION_SCOPE=STAGE62_ONLY
P7_RUN_ID=p7_20260714_ddr_external_campaign_b_03
P7_XSDB_DAP_DISTINCT_TARGET_COUNT=0
P7_XSDB_APU_DISTINCT_TARGET_COUNT=1
P7_XSDB_FPGA_DISTINCT_TARGET_COUNT=1
P7_XSDB_CPU0_DISTINCT_TARGET_COUNT=1
P7_XSDB_CABLE_ROOT_COUNT=1
P7_XSDB_JTAG_DEVICE_COUNT=2
P7_PS_RESET_TARGET=APU
P7_HW_TARGET=localhost:3121/xilinx_tcf/Digilent/210512180081
P7_HW_PART=xc7z010clg400-1
P7_HW_CANONICAL_PART=xc7z010clg400-1
P7_HW_LIVE_PART=xc7z010
P7_HW_LIVE_DEVICE=xc7z010_1
P7_HW_LIVE_IDCODE=00010011011100100010000010010011
P7_HW_BOARD_ID=210512180081
P7_XSDB_LIVE_DEVICE=xc7z010
P7_XSDB_LIVE_DEVICE_MATCH=1
P7_XSDB_LIVE_BOARD_ID=210512180081
P7_XSDB_LIVE_IDCODE=0x13722093
P7_XSDB_PREFLIGHT_IDCODE=00010011011100100010000010010011
P7_XSDB_TARGET_SELECTION=EXACT_CABLE_DEVICE_IDCODE_AND_UNIQUE_NODE_IDS
P7_PS_CANDIDATE_PROGRAMMED=1
P7_DDR_EXTERNAL_MASTER=1
P7_DDR_EXTERNAL_PATTERN=stage62_fixture
P7_DDR_EXTERNAL_ADDRESS=0x00900100
P7_DDR_EXTERNAL_ACCESS_METHOD=download
P7_DDR_EXTERNAL_LENGTH=256
P7_DDR_EXTERNAL_REPETITION=1
P7_DDR_EXTERNAL_UNALIGNED_ACCESSES=0
P7_DDR_EXTERNAL_FIXTURE_SHA256=b7ef71102905bfadd7b60c7ff310f2a9adf2a31f327c18c2c9c1411119ea7776
P7_DDR_EXTERNAL_DIAGNOSTIC_ONLY=1
P7_DDR_EXTERNAL_COVERAGE_CLAIMED=0
P7_DDR_EXTERNAL_CPU_RELEASED=0
P7_DDR_EXTERNAL_STAGE62_EXECUTED=0
P7_DDR_EXTERNAL_WRITE_ATTEMPTED=1
P7_DDR_EXTERNAL_READBACK_CAPTURED=1
P7_PS_STAGE_RESULT=FAIL
P7_PS_STAGE_ERROR=P7 DDR external-master binary readback differs from the immutable bundle input
