Copyright 1986-2022 Xilinx, Inc. All Rights Reserved. Copyright 2022-2023 Advanced Micro Devices, Inc. All Rights Reserved.
------------------------------------------------------------------------------------------------------------------------------------------------------------------------------------
| Tool Version : Vivado v.2023.1 (win64) Build 3865809 Sun May  7 15:05:29 MDT 2023
| Date         : Mon Aug  3 15:56:55 2026
| Host         : DESKTOP-PU0AECA running 64-bit major release  (build 9200)
| Command      : report_utilization -hierarchical -file C:/Users/user/Documents/RF_COMM_MULTILANE_P10_1R/evidence/generated/vivado/p10_1r_shutdown/fixed/post_route_utilization.rpt
| Design       : p10_ax7020_shutdown_top
| Device       : xc7z020clg400-2
| Speed File   : -2
| Design State : Routed
------------------------------------------------------------------------------------------------------------------------------------------------------------------------------------

Utilization Design Information

Table of Contents
-----------------
1. Utilization by Hierarchy

1. Utilization by Hierarchy
---------------------------

+-------------------------+--------+------------+------------+---------+------+-----+--------+--------+------------+
|         Instance        | Module | Total LUTs | Logic LUTs | LUTRAMs | SRLs | FFs | RAMB36 | RAMB18 | DSP Blocks |
+-------------------------+--------+------------+------------+---------+------+-----+--------+--------+------------+
| p10_ax7020_shutdown_top |  (top) |          0 |          0 |       0 |    0 |   0 |      0 |      0 |          0 |
+-------------------------+--------+------------+------------+---------+------+-----+--------+--------+------------+
* Note: The sum of lower-level cells may be larger than their parent cells total, due to cross-hierarchy LUT combining


