P10_XSDB_DEBUG_DISCOVERY_ATTEMPTS=1
P10_XSDB_DEBUG_DISCOVERY_ELAPSED_MS=16
P10_XSDB_FIXED_TARGETS=APU:5,CPU0:6,FPGA:8
P10_XSDB_ROTATING_TARGETS=APU:1,CPU0:2,FPGA:4
P10_XSDB_IDENTITY=PASS
P10_XSDB_FIXED_SERIAL=210249855178
P10_XSDB_ROTATING_SERIAL=210512180081
P10_XSDB_STAGE=P10_3F-FAULT_CAPTURE
P10_XSDB_RUN_ID=p10_3f_full_20260805T015904Z_6f7063e9_1ff0885f_82ef5093
P10_XSDB_EXPECTED_BUILD_FIXED=0x50334646
P10_XSDB_EXPECTED_BUILD_ROTATING=0x50334652
P10_XSDB_DEBUG_DISCOVERY_ATTEMPTS=1
P10_XSDB_DEBUG_DISCOVERY_ELAPSED_MS=9
P10_XSDB_FIXED_TARGETS=APU:5,CPU0:6,FPGA:8
P10_XSDB_ROTATING_TARGETS=APU:1,CPU0:2,FPGA:4
P10_XSDB_DEBUG_DISCOVERY_ATTEMPTS=1
P10_XSDB_DEBUG_DISCOVERY_ELAPSED_MS=2
P10_XSDB_FIXED_TARGETS=APU:5,CPU0:6,FPGA:8
P10_XSDB_ROTATING_TARGETS=APU:1,CPU0:2,FPGA:4
P10_CANDIDATE_PROGRAMMED_FIXED=1
P10_PS7_INITIALIZED_FIXED=1
P10_CANDIDATE_PROGRAMMED_ROTATING=1
P10_PS7_INITIALIZED_ROTATING=1
P10_SAFE_STATE_FIXED_PREBOOT=id:0x5031305A,build:0x50334646,profile:0x702004F0,status:0x00000002,phy:0x00000000,physical_tx:0,0,0,0
P10_SAFE_STATE_ROTATING_PREBOOT=id:0x5031305A,build:0x50334652,profile:0x702004A0,status:0x00000002,phy:0x00000000,physical_tx:0,0,0,0
P10_PS_ELF_DOWNLOADED_FIXED=1
P10_PS_ELF_DOWNLOADED_ROTATING=1
P10_SERVICE_READY_FIXED=initial_boot
P10_SERVICE_READY_ROTATING=initial_boot
P10_INITIAL_READY_DUMP_FIXED=C:/Users/user/Documents/RF_COMM_MULTILANE_P10_3/evidence/hardware/p10_3f_full/p10_3f_full_20260805T015904Z_6f7063e9_1ff0885f_82ef5093/stages/fault_capture/dumps/P10_3F-FAULT_CAPTURE_ready.fixed.bin
P10_INITIAL_READY_DUMP_ROTATING=C:/Users/user/Documents/RF_COMM_MULTILANE_P10_3/evidence/hardware/p10_3f_full/p10_3f_full_20260805T015904Z_6f7063e9_1ff0885f_82ef5093/stages/fault_capture/dumps/P10_3F-FAULT_CAPTURE_ready.rotating.bin
P10_SAFE_STATE_FIXED_SAFE_BOOT=id:0x5031305A,build:0x50334646,profile:0x702004F0,status:0x00000002,phy:0x00000000,physical_tx:0,0,0,0
P10_SAFE_STATE_ROTATING_SAFE_BOOT=id:0x5031305A,build:0x50334652,profile:0x702004A0,status:0x00000002,phy:0x00000000,physical_tx:0,0,0,0
P10_SAFE_BOOT=PASS
P10_3F_CHECKPOINT=controlled_fault_before_launch:0xF3FA0001
P10_3F_FAULT_KILL_BEFORE_FORENSIC_READ=PASS
P10_3F_FAULT_DIRECT_EVIDENCE=C:/Users/user/Documents/RF_COMM_MULTILANE_P10_3/evidence/hardware/p10_3f_full/p10_3f_full_20260805T015904Z_6f7063e9_1ff0885f_82ef5093/stages/fault_capture/dumps/controlled_terminal_abort.fault_before_forensic_read.psv
P10_ENDPOINT_SHUTDOWN_FIXED=PASS
P10_ENDPOINT_SHUTDOWN_ROTATING=PASS
P10_3F_FAULT_CAPTURE_LEFT_FROZEN=1
P10_XSDB_STAGE_RESULT=PASS
