COMMAND=D:\Xilinx\Vivado\2023.1\bin\xelab.bat tb_ir_selective_repeat_tx -debug typical -s tb_ir_selective_repeat_tx_snapshot
RETURN_CODE=0
STARTED_UTC=2026-07-18T17:24:12.105476Z
FINISHED_UTC=2026-07-18T17:24:13.568224Z
STDOUT_BEGIN
Vivado Simulator v2023.1
Copyright 1986-2022 Xilinx, Inc. All Rights Reserved.
Copyright 2022-2023 Advanced Micro Devices, Inc. All Rights Reserved.
Running: D:/Xilinx/Vivado/2023.1/bin/unwrapped/win64.o/xelab.exe tb_ir_selective_repeat_tx -debug typical -s tb_ir_selective_repeat_tx_snapshot 
Multi-threading is on. Using 26 slave threads.
Starting static elaboration
Pass Through NonSizing Optimizer
Completed static elaboration
Starting simulation data flow analysis
Completed simulation data flow analysis
Time Resolution for simulation is 1ps
Compiling package work.ir_seq_math_pkg
Compiling module work.ir_selective_repeat_tx(SACK_BITS...
Compiling module work.tb_ir_selective_repeat_tx
Built simulation snapshot tb_ir_selective_repeat_tx_snapshot
STDOUT_END
STDERR_BEGIN

STDERR_END
