P9_XSDB_JTAG_DISCOVERY_ATTEMPTS=1
P9_XSDB_JTAG_DISCOVERY_ELAPSED_MS=5
P9_XSDB_CABLE_ROOT_COUNT=1
P9_XSDB_JTAG_DEVICE_COUNT=2
P9_XSDB_EXACT_FPGA_MATCH_COUNT=1
P9_XSDB_ENUM_DEVICE_0=arm_dap|NODE_ID=2|IDCODE=4ba00477|NORMALIZED=4BA00477
P9_XSDB_ENUM_DEVICE_1=xc7z010|NODE_ID=3|IDCODE=13722093|NORMALIZED=13722093
P9_XSDB_DEBUG_DISCOVERY_ATTEMPTS=1
P9_XSDB_DEBUG_DISCOVERY_ELAPSED_MS=7
P9_XSDB_APU_TARGET_COUNT=1
P9_XSDB_CPU0_TARGET_COUNT=1
P9_XSDB_IDENTITY=PASS
P9_XSDB_BOARD_ID=210512180081
P9_XSDB_IDCODE=13722093
P9_XSDB_STAGE=P9-23
P9_XSDB_RUN_ID=p9_20260729T102644Z_5eb60e875e45_7ef78b55341c
P9_CANDIDATE_PROGRAMMED=1
P9_XSDB_FORCE_MEM_ACCESSES_WINDOW=PS7_INIT_ONLY
P9_XSDB_PL_PREFLIGHT=id:0x50395A10,status:0x00000002,mm2s_cr:0x00010002,mm2s_sr:0x00010009,s2mm_cr:0x00010002,s2mm_sr:0x00010009
P9_XSDB_STREAM_RESET_PREFLIGHT=id:0x50395A10,status:0x00000002,mm2s_sr:0x00010009,s2mm_sr:0x00010009
P9_PS_ELF_DOWNLOADED=1
P9_SERVICE_READY_LABEL=initial_boot
P9_INITIAL_READY_DUMP=C:/Users/user/Documents/RF_COMM_MULTILANE_P9/evidence/hardware/p9_diagnostics/p9_20260729T102644Z_5eb60e875e45_7ef78b55341c/20260729T103423Z_p9_23/rfap/p9_23/mailbox/P9-23_ready.bin
P9_DMA_DIAGNOSTIC_SNAPSHOT=C:/Users/user/Documents/RF_COMM_MULTILANE_P9/evidence/hardware/p9_diagnostics/p9_20260729T102644Z_5eb60e875e45_7ef78b55341c/20260729T103423Z_p9_23/rfap/p9_23/mailbox/object_a_to_b.dma_snapshot_00.psv
P9_DMA_DIAGNOSTIC_SNAPSHOT=C:/Users/user/Documents/RF_COMM_MULTILANE_P9/evidence/hardware/p9_diagnostics/p9_20260729T102644Z_5eb60e875e45_7ef78b55341c/20260729T103423Z_p9_23/rfap/p9_23/mailbox/object_a_to_b.dma_snapshot_01.psv
P9_DMA_DIAGNOSTIC_SNAPSHOT=C:/Users/user/Documents/RF_COMM_MULTILANE_P9/evidence/hardware/p9_diagnostics/p9_20260729T102644Z_5eb60e875e45_7ef78b55341c/20260729T103423Z_p9_23/rfap/p9_23/mailbox/object_a_to_b.dma_snapshot_02.psv
P9_CASE_PASS=object_a_to_b
P9_DMA_DIAGNOSTIC_SNAPSHOT=C:/Users/user/Documents/RF_COMM_MULTILANE_P9/evidence/hardware/p9_diagnostics/p9_20260729T102644Z_5eb60e875e45_7ef78b55341c/20260729T103423Z_p9_23/rfap/p9_23/mailbox/object_b_to_a.dma_snapshot_00.psv
P9_DMA_DIAGNOSTIC_SNAPSHOT=C:/Users/user/Documents/RF_COMM_MULTILANE_P9/evidence/hardware/p9_diagnostics/p9_20260729T102644Z_5eb60e875e45_7ef78b55341c/20260729T103423Z_p9_23/rfap/p9_23/mailbox/object_b_to_a.dma_snapshot_01.psv
P9_DMA_DIAGNOSTIC_SNAPSHOT=C:/Users/user/Documents/RF_COMM_MULTILANE_P9/evidence/hardware/p9_diagnostics/p9_20260729T102644Z_5eb60e875e45_7ef78b55341c/20260729T103423Z_p9_23/rfap/p9_23/mailbox/object_b_to_a.dma_snapshot_02.psv
P9_CASE_PASS=object_b_to_a
P9_CASE_PASS=P9-23_endpoint_shutdown
P9_ENDPOINT_SHUTDOWN=PASS
P9_XSDB_STAGE_RESULT=PASS
