{
  "P7_JTAG_AXI_SAFE_STAGE": "PASS",
  "generated_at_utc": "2026-07-16T17:28:57.456538+00:00",
  "stage_name": "p7_safe_idle",
  "semantic_mode": "safe-idle",
  "requested_execute_hardware": true,
  "hardware_actions_executed": true,
  "programmed_fpga": true,
  "programmed_candidate": true,
  "programmed_shutdown_before": true,
  "programmed_shutdown_after": true,
  "started_ps_elf": false,
  "drove_tfdu_txd": false,
  "enabled_tfdu_receiver": false,
  "uart_access": false,
  "ethernet_used": false,
  "motion_used": false,
  "hardware_acceptance": "PENDING_HW",
  "diagnostic_only": true,
  "coverage_claimed": false,
  "HARDWARE_ACCEPTANCE": "PENDING_HW",
  "stage66_diagnostic_campaign": {
    "campaign_id": "p7_stage66_stationary_diagnostic_20260715",
    "run_id": "p7_20260717_stationary_app_r73_diag_stage66_c07",
    "hardware_attempt_number": 7,
    "maximum_actual_hardware_attempts": 10,
    "full_stage_ordinal": 1,
    "formal_acceptance_coverage": false
  },
  "safety_validation": {
    "P7_HARDWARE_SAFETY": "PASS",
    "ready_for_hardware_preflight": true,
    "hardware_actions_executed": false,
    "programmed_fpga": false,
    "drove_tfdu_txd": false,
    "started_ps_elf": false,
    "authorization_environment_present": true,
    "authorization": {
      "exists": true,
      "path": "D:\\CodexWorktrees\\stage66prep_c516302\\RF_COMM_MULTILANE\\.hardware_authorization\\p7_20260717_stationary_app_r73_diag_stage66_c07_001_p7_safe_idle.txt",
      "actual_sha256": "49f1295d3f82c9e1094ec1260766b15bac4e0c20adbff3bbd4559f92af6b80b0",
      "expected_sha256": "49f1295d3f82c9e1094ec1260766b15bac4e0c20adbff3bbd4559f92af6b80b0",
      "markers": [
        "P7_STATIONARY_APP_LAYER_APPROVED"
      ],
      "duplicate_keys": []
    },
    "authorization_fields": {
      "AUTHORIZED_STAGE": "P7_STATIONARY_LOCAL_APPLICATION_LAYER_NO_ETHERNET",
      "USER_HARDWARE_AUTHORIZATION_FOR_P7": "GRANTED",
      "BOARD_ID": "210512180081",
      "EXPECTED_PART": "xc7z010clg400-1",
      "EXPECTED_TARGET": "localhost:3121/xilinx_tcf/Digilent/210512180081",
      "SOURCE_COMMIT": "c516302d3c0fd60e7eaddf2ae8904e253fc785e8",
      "MAX_RUNTIME_SEC": "600",
      "SHUTDOWN_ON_EXIT": "required",
      "NO_ETHERNET": "true",
      "NO_MOTION": "true",
      "LANE_COUNT": "2",
      "MAX_LANE_MASK": "0x3",
      "P7_EXECUTION_MODE": "DIAGNOSTIC_ONLY",
      "P7_COVERAGE_CLAIMED": "false",
      "HARDWARE_ACCEPTANCE": "PENDING_HW",
      "P7_FULL_STAGE_ORDINAL": "1",
      "P7_STAGE66_DIAGNOSTIC_CAMPAIGN": "true",
      "P7_STAGE66_CAMPAIGN_ID": "p7_stage66_stationary_diagnostic_20260715",
      "P7_STAGE66_CAMPAIGN_RUN_ID": "p7_20260717_stationary_app_r73_diag_stage66_c07",
      "P7_STAGE66_CAMPAIGN_ATTEMPT_NUMBER": "7",
      "P7_STAGE66_CAMPAIGN_MAX_HARDWARE_ATTEMPTS": "10",
      "P7_STAGE66_CAMPAIGN_POLICY_PATH": "D:\\CodexWorktrees\\stage66prep_c516302\\RF_COMM_MULTILANE\\config\\p7_stage66_diagnostic_campaign_policy.json",
      "P7_STAGE66_CAMPAIGN_POLICY_SHA256": "6d151c61f096cdc0be248d9445649c0a6898c84ecb9b5ca1684991505c844e74",
      "P7_STAGE66_CAMPAIGN_LEDGER_PATH": "D:\\CodexWorktrees\\stage66prep_c516302\\RF_COMM_MULTILANE\\evidence\\hardware\\p7\\stage66_diagnostic_campaign\\p7_stage66_stationary_diagnostic_20260715\\campaign_ledger.json",
      "P7_STAGE66_CAMPAIGN_PRIOR_LEDGER_SHA256": "abf60e10dd8744edeb161f4c4bfb8bff410137e5e7fa8cbdce577512d951b6d7",
      "P7_PLAN_PATH": "D:\\CodexWorktrees\\stage66prep_c516302\\RF_COMM_MULTILANE\\evidence\\hardware\\p7\\artifacts\\p7_plan_c6db9d8348c3bc518fa5985595adfcdada1a08f11c9246c6103ec378b43b58dd.md",
      "P7_PLAN_SHA256": "c6db9d8348c3bc518fa5985595adfcdada1a08f11c9246c6103ec378b43b58dd",
      "BITSTREAM_PATH": "D:\\CodexWorktrees\\stage66prep_c516302\\RF_COMM_MULTILANE\\evidence\\hardware\\p6\\bitstreams\\p6_jtag_dynamic_transport_798b0194029638fa27a254dd58db5d6fd28b65d91c5cf2c9e32c0f9076ee3c0f.bit",
      "BITSTREAM_SHA256": "798b0194029638fa27a254dd58db5d6fd28b65d91c5cf2c9e32c0f9076ee3c0f",
      "XSA_PATH": "D:\\CodexWorktrees\\stage66prep_c516302\\RF_COMM_MULTILANE\\evidence\\hardware\\p6\\bitstreams\\p6_ps_dynamic_transport_45e39fa92e0199eef24892968e49e8abdaa9a7d9e4f571866b188316c6dc4cf0.xsa",
      "XSA_SHA256": "45e39fa92e0199eef24892968e49e8abdaa9a7d9e4f571866b188316c6dc4cf0",
      "ELF_PATH": "D:\\CodexWorktrees\\stage66prep_c516302\\RF_COMM_MULTILANE\\evidence\\hardware\\p7\\artifacts\\p7_runtime_90adb1ba31ebb4898c35b55b6ab4e047a7945746fa84a17e7463c8ee42e16ee5.elf",
      "ELF_SHA256": "90adb1ba31ebb4898c35b55b6ab4e047a7945746fa84a17e7463c8ee42e16ee5",
      "PROFILE_PATH": "D:\\CodexWorktrees\\stage66prep_c516302\\RF_COMM_MULTILANE\\profiles\\p7\\p7_stationary_app_30min.json",
      "PROFILE_SHA256": "65a36a8318e7fd1e3b647997aceca773c69e76eee85cb8fae922148ccd8f3c94",
      "ACTIVE_XDC_PATH": "D:\\CodexWorktrees\\stage66prep_c516302\\RF_COMM_MULTILANE\\constraints\\active\\PORT1.generated.xdc",
      "ACTIVE_XDC_SHA256": "f53239e233c25509b6f15b5d0154be07f686c83c1568524a9ecf2e4bcbaa1344",
      "PINMAP_PATH": "D:\\CodexWorktrees\\stage66prep_c516302\\RF_COMM_MULTILANE\\board_profiles\\ax7010_tfdu_j10_j11_pinmap.csv",
      "PINMAP_SHA256": "583a0151cb1e968f7d0782e38d20e1e4b9df387310966561c14fb2383a8541cd",
      "REGISTER_MAP_PATH": "D:\\CodexWorktrees\\stage66prep_c516302\\RF_COMM_MULTILANE\\config\\register_map\\ir_axi_regs.yaml",
      "REGISTER_MAP_SHA256": "d5b0bf1476d815a3ed69988c72097827356d4eade48813c8913fc1b2d448983d",
      "SHUTDOWN_BITSTREAM_PATH": "D:\\CodexWorktrees\\stage66prep_c516302\\RF_COMM_MULTILANE\\shutdown_bitstream\\tfdu_shutdown_j10_j11.bit",
      "SHUTDOWN_BITSTREAM_SHA256": "bac60b58912f0acd771dc830a6761535ec8f6a92befb1ae4cb7d928745af5810",
      "LTX_PATH": "D:\\CodexWorktrees\\stage66prep_c516302\\RF_COMM_MULTILANE\\evidence\\hardware\\p6\\bitstreams\\p6_jtag_dynamic_transport_76fe1ec47871946a7d357b0caa1f669500de827b796d6154dcc54678e0ac7083.ltx",
      "LTX_SHA256": "76fe1ec47871946a7d357b0caa1f669500de827b796d6154dcc54678e0ac7083",
      "P7_JTAG_STAGE_NAME": "p7_safe_idle",
      "P7_JTAG_SEMANTIC_MODE": "safe-idle",
      "P7_JTAG_TRANSACTION_PATH": "D:\\CodexWorktrees\\stage66prep_c516302\\RF_COMM_MULTILANE\\build\\p7_authorized_sequence\\p7_20260717_stationary_app_r73_diag_stage66_c07\\transactions\\001_p7_safe_idle.transactions.txt",
      "P7_JTAG_TRANSACTION_SHA256": "c164be9bf94510474c01711914bb37bdc800f28b9f5a3134e59f344e912c391d",
      "P7_JTAG_FREQUENCY_HZ": "1000000",
      "P7_JTAG_AXI_BASE": "0x43c00000"
    },
    "source_commit_requested": "c516302d3c0fd60e7eaddf2ae8904e253fc785e8",
    "source_commit_current": "c516302d3c0fd60e7eaddf2ae8904e253fc785e8",
    "dirty_files": [
      " M evidence/generated/p7_2lane_scope_summary.md",
      " M evidence/generated/p7_application_protocol_summary.md",
      " M evidence/generated/p7_artifact_provenance_summary.json",
      " M evidence/generated/p7_artifact_provenance_summary.md",
      " M evidence/generated/p7_backend_conformance_summary.md",
      " M evidence/generated/p7_fault_recovery_summary.md",
      " M evidence/generated/p7_file_integrity_summary.md",
      " M evidence/generated/p7_fragmentation_reassembly_summary.md",
      " M evidence/generated/p7_lane1_promotion_summary.json",
      " M evidence/generated/p7_lane_scheduler_summary.md",
      " M evidence/generated/p7_no_ethernet_summary.md",
      " M evidence/generated/p7_no_motion_summary.md",
      " M evidence/generated/p7_offline_gate_summary.json",
      " M evidence/generated/p7_offline_gate_summary.md",
      " M evidence/generated/p7_offline_test_run.json",
      " M evidence/generated/p7_protocol_vector_summary.json",
      " M evidence/generated/p7_protocol_vector_summary.md",
      " M evidence/generated/p7_ps_core_hardware_readiness.json",
      " M evidence/generated/p7_ps_core_hardware_readiness.md",
      " M evidence/generated/p7_ps_runtime_build_summary.json",
      " M evidence/generated/p7_ps_runtime_build_summary.md",
      " M evidence/generated/p7_ps_runtime_summary.md",
      " M evidence/generated/p7_queue_backpressure_summary.md",
      " M evidence/generated/p7_repo_intake.md",
      " M evidence/generated/p7_repo_intake_summary.json",
      " M evidence/generated/p7_repo_intake_summary.md",
      " M evidence/generated/p7_segmentation_reassembly_summary.md",
      " M evidence/generated/vitis/p7_ps_runtime/p7_ps7_board_contract.json",
      " M evidence/generated/vitis/p7_ps_runtime/p7_ps_runtime_build.log",
      " M evidence/generated/vitis/p7_ps_runtime/p7_ps_runtime_build_summary.json",
      " M evidence/generated/vitis/p7_ps_runtime/p7_ps_runtime_build_summary.md",
      " M evidence/generated/vitis/p7_ps_runtime/p7_runtime.map",
      " M evidence/generated/vitis/p7_ps_runtime/p7_runtime_disassembly.txt",
      " M evidence/generated/vitis/p7_ps_runtime/p7_runtime_sections.txt",
      " M evidence/generated/vitis/p7_ps_runtime/p7_runtime_size.txt",
      " M evidence/generated/vitis/p7_ps_runtime/p7_runtime_stack_usage.txt",
      "?? evidence/hardware/p7/artifacts/p7_runtime_ff3e2e87ed3f4ff6338fcf2ad20c2a9552eabaade95ef23783b3798351ed00c6.map",
      "?? evidence/hardware/p7/authorized_sequence/p7_20260717_stationary_app_r73_diag_stage66_c07/",
      "?? evidence/hardware/p7/stage66_diagnostic_campaign/"
    ],
    "max_runtime_sec": 600,
    "lane_count": 2,
    "max_lane_mask": "0x3",
    "no_ethernet": true,
    "no_motion": true,
    "shutdown_on_exit": true,
    "abort_file": "D:\\CodexWorktrees\\stage66prep_c516302\\RF_COMM_MULTILANE\\.hardware_authorization\\ABORT_NOW.txt",
    "abort_file_present": false,
    "hw_server_url": "localhost:3121",
    "preflight_tcl": "D:\\CodexWorktrees\\stage66prep_c516302\\RF_COMM_MULTILANE\\scripts\\hw\\p7_hw_preflight.tcl",
    "preflight_tcl_sha256": "95bfbdf7e6c429e6637c1b4224a9dcecaa1fd756a1f665b21a797d54afbfc464",
    "artifacts": {
      "plan": {
        "path": "D:\\CodexWorktrees\\stage66prep_c516302\\RF_COMM_MULTILANE\\evidence\\hardware\\p7\\artifacts\\p7_plan_c6db9d8348c3bc518fa5985595adfcdada1a08f11c9246c6103ec378b43b58dd.md",
        "expected_sha256": "c6db9d8348c3bc518fa5985595adfcdada1a08f11c9246c6103ec378b43b58dd",
        "exists": true,
        "actual_sha256": "c6db9d8348c3bc518fa5985595adfcdada1a08f11c9246c6103ec378b43b58dd"
      },
      "bitstream": {
        "path": "D:\\CodexWorktrees\\stage66prep_c516302\\RF_COMM_MULTILANE\\evidence\\hardware\\p6\\bitstreams\\p6_jtag_dynamic_transport_798b0194029638fa27a254dd58db5d6fd28b65d91c5cf2c9e32c0f9076ee3c0f.bit",
        "expected_sha256": "798b0194029638fa27a254dd58db5d6fd28b65d91c5cf2c9e32c0f9076ee3c0f",
        "exists": true,
        "actual_sha256": "798b0194029638fa27a254dd58db5d6fd28b65d91c5cf2c9e32c0f9076ee3c0f"
      },
      "xsa": {
        "path": "D:\\CodexWorktrees\\stage66prep_c516302\\RF_COMM_MULTILANE\\evidence\\hardware\\p6\\bitstreams\\p6_ps_dynamic_transport_45e39fa92e0199eef24892968e49e8abdaa9a7d9e4f571866b188316c6dc4cf0.xsa",
        "expected_sha256": "45e39fa92e0199eef24892968e49e8abdaa9a7d9e4f571866b188316c6dc4cf0",
        "exists": true,
        "actual_sha256": "45e39fa92e0199eef24892968e49e8abdaa9a7d9e4f571866b188316c6dc4cf0"
      },
      "elf": {
        "path": "D:\\CodexWorktrees\\stage66prep_c516302\\RF_COMM_MULTILANE\\evidence\\hardware\\p7\\artifacts\\p7_runtime_90adb1ba31ebb4898c35b55b6ab4e047a7945746fa84a17e7463c8ee42e16ee5.elf",
        "expected_sha256": "90adb1ba31ebb4898c35b55b6ab4e047a7945746fa84a17e7463c8ee42e16ee5",
        "exists": true,
        "actual_sha256": "90adb1ba31ebb4898c35b55b6ab4e047a7945746fa84a17e7463c8ee42e16ee5"
      },
      "profile": {
        "path": "D:\\CodexWorktrees\\stage66prep_c516302\\RF_COMM_MULTILANE\\profiles\\p7\\p7_stationary_app_30min.json",
        "expected_sha256": "65a36a8318e7fd1e3b647997aceca773c69e76eee85cb8fae922148ccd8f3c94",
        "exists": true,
        "actual_sha256": "65a36a8318e7fd1e3b647997aceca773c69e76eee85cb8fae922148ccd8f3c94"
      },
      "active_xdc": {
        "path": "D:\\CodexWorktrees\\stage66prep_c516302\\RF_COMM_MULTILANE\\constraints\\active\\PORT1.generated.xdc",
        "expected_sha256": "f53239e233c25509b6f15b5d0154be07f686c83c1568524a9ecf2e4bcbaa1344",
        "exists": true,
        "actual_sha256": "f53239e233c25509b6f15b5d0154be07f686c83c1568524a9ecf2e4bcbaa1344"
      },
      "pinmap": {
        "path": "D:\\CodexWorktrees\\stage66prep_c516302\\RF_COMM_MULTILANE\\board_profiles\\ax7010_tfdu_j10_j11_pinmap.csv",
        "expected_sha256": "583a0151cb1e968f7d0782e38d20e1e4b9df387310966561c14fb2383a8541cd",
        "exists": true,
        "actual_sha256": "583a0151cb1e968f7d0782e38d20e1e4b9df387310966561c14fb2383a8541cd"
      },
      "register_map": {
        "path": "D:\\CodexWorktrees\\stage66prep_c516302\\RF_COMM_MULTILANE\\config\\register_map\\ir_axi_regs.yaml",
        "expected_sha256": "d5b0bf1476d815a3ed69988c72097827356d4eade48813c8913fc1b2d448983d",
        "exists": true,
        "actual_sha256": "d5b0bf1476d815a3ed69988c72097827356d4eade48813c8913fc1b2d448983d"
      },
      "shutdown_bitstream": {
        "path": "D:\\CodexWorktrees\\stage66prep_c516302\\RF_COMM_MULTILANE\\shutdown_bitstream\\tfdu_shutdown_j10_j11.bit",
        "expected_sha256": "bac60b58912f0acd771dc830a6761535ec8f6a92befb1ae4cb7d928745af5810",
        "exists": true,
        "actual_sha256": "bac60b58912f0acd771dc830a6761535ec8f6a92befb1ae4cb7d928745af5810"
      },
      "ltx": {
        "path": "D:\\CodexWorktrees\\stage66prep_c516302\\RF_COMM_MULTILANE\\evidence\\hardware\\p6\\bitstreams\\p6_jtag_dynamic_transport_76fe1ec47871946a7d357b0caa1f669500de827b796d6154dcc54678e0ac7083.ltx",
        "expected_sha256": "76fe1ec47871946a7d357b0caa1f669500de827b796d6154dcc54678e0ac7083",
        "exists": true,
        "actual_sha256": "76fe1ec47871946a7d357b0caa1f669500de827b796d6154dcc54678e0ac7083"
      }
    },
    "errors": [],
    "warnings": [
      "workspace has uncommitted changes; frozen artifact hashes remain authoritative"
    ]
  },
  "stage_validation_errors": [],
  "transaction_validation": {
    "format": "P7_JTAG_AXI_TRANSACTIONS_V1",
    "path": "D:\\CodexWorktrees\\stage66prep_c516302\\RF_COMM_MULTILANE\\build\\p7_authorized_sequence\\p7_20260717_stationary_app_r73_diag_stage66_c07\\transactions\\001_p7_safe_idle.transactions.txt",
    "expected_sha256": "c164be9bf94510474c01711914bb37bdc800f28b9f5a3134e59f344e912c391d",
    "actual_sha256": "c164be9bf94510474c01711914bb37bdc800f28b9f5a3134e59f344e912c391d",
    "operation_count": 13,
    "poll_operation_count": 0,
    "poll_iteration_ceiling": 0,
    "metadata": {
      "EVIDENCE_KIND": "safe_idle"
    },
    "errors": [],
    "size_bytes": 790,
    "start_operation_count": 0,
    "commit_operation_count": 0,
    "payload_write_count": 0,
    "logical_axi_operation_count": 13,
    "minimum_run_hw_axi_call_count": 13,
    "multi_transaction_batch_count": 0,
    "batched_single_word_transaction_count": 0,
    "max_batch_transactions": 0,
    "axi4_incr_burst_count": 0,
    "axi4_incr_burst_word_count": 0,
    "max_axi4_incr_burst_words": 0,
    "queued_single_run_hw_axi_call_count": 0,
    "queued_single_multi_transaction_batch_count": 0,
    "queued_single_transaction_count": 0,
    "max_queued_single_transactions": 0,
    "ordered_control_write_run_hw_axi_call_count": 1,
    "queued_control_write_transaction_count": 0,
    "standalone_run_hw_axi_call_count": 13,
    "result_keys": [
      "SAFE_CRC_BAD",
      "SAFE_DUTY_VIOLATION",
      "SAFE_ERROR_CODE",
      "SAFE_PAYLOAD_MISMATCH",
      "SAFE_RETRY_EXHAUSTED",
      "SAFE_RX_GOOD_L0",
      "SAFE_RX_GOOD_L1",
      "SAFE_STATUS",
      "SAFE_STICKY_ERROR",
      "SAFE_TXD_HIGH_MAX",
      "SAFE_TX_COUNT",
      "SAFE_TX_FAIL"
    ],
    "write_operations": [
      {
        "offset": "0x100",
        "value": "0x00000030"
      }
    ],
    "runtime_feasibility": {
      "jtag_frequency_hz": 1000000,
      "reference_jtag_frequency_hz": 1000000,
      "estimated_axi_operation_us_at_1mhz": 1250,
      "estimated_stage_fixed_overhead_seconds": 30.0,
      "estimate_model": "one_axi_read_per_poll_operation_global_deadline_authoritative",
      "estimated_stage_runtime_seconds": 30.01625,
      "minimum_stage_runtime_sec": 31,
      "authorized_runtime_sec": 600,
      "feasible_within_authorized_runtime": true,
      "containment_initial_empty_wait_seconds": 0,
      "expected_tool_daemon_grace_seconds": 30,
      "containment_total_exit_window_seconds": 30,
      "containment_topology_revalidation_interval_seconds": 0.1,
      "containment_forced_cleanup_wait_seconds": 10,
      "containment_failure_bound_seconds": 40,
      "jtag_wrapper_vivado_process_count": 4,
      "jtag_wrapper_containment_allowance_seconds": 120,
      "jtag_wrapper_max_forced_cleanup_events": 2,
      "jtag_wrapper_forced_cleanup_reserve_seconds": 20,
      "jtag_wrapper_other_guard_seconds": 65,
      "jtag_wrapper_bookkeeping_guard_seconds": 45,
      "jtag_wrapper_other_guard_after_forced_cleanup_seconds": 45,
      "global_runtime_budget": {
        "minimum_estimated_global_runtime_sec": 366,
        "configured_global_timeout_ceiling_sec": 425,
        "authorized_global_runtime_sec": 600,
        "containment_initial_empty_wait_seconds": 0,
        "expected_tool_daemon_grace_seconds": 30,
        "containment_total_exit_window_seconds": 30,
        "containment_topology_revalidation_interval_seconds": 0.1,
        "containment_success_bound_seconds_each": 30,
        "containment_failure_bound_seconds_each": 40,
        "contained_vivado_process_count": 4,
        "containment_allowance_seconds": 120,
        "max_forced_cleanup_events": 2,
        "forced_cleanup_wait_seconds": 10,
        "forced_cleanup_reserve_seconds": 20,
        "other_guard_seconds": 65,
        "bookkeeping_guard_seconds": 45,
        "other_guard_after_forced_cleanup_seconds": 45,
        "configured_unallocated_margin_seconds": 175,
        "estimated_unallocated_margin_seconds": 234,
        "minimum_stage_fits_configured_timeout": true,
        "feasible": true
      }
    },
    "valid": true,
    "backend_manifest": {
      "semantic_mode": "safe-idle",
      "required": false
    },
    "global_runtime_budget": {
      "minimum_estimated_global_runtime_sec": 366,
      "configured_global_timeout_ceiling_sec": 425,
      "authorized_global_runtime_sec": 600,
      "containment_initial_empty_wait_seconds": 0,
      "expected_tool_daemon_grace_seconds": 30,
      "containment_total_exit_window_seconds": 30,
      "containment_topology_revalidation_interval_seconds": 0.1,
      "containment_success_bound_seconds_each": 30,
      "containment_failure_bound_seconds_each": 40,
      "contained_vivado_process_count": 4,
      "containment_allowance_seconds": 120,
      "max_forced_cleanup_events": 2,
      "forced_cleanup_wait_seconds": 10,
      "forced_cleanup_reserve_seconds": 20,
      "other_guard_seconds": 65,
      "bookkeeping_guard_seconds": 45,
      "other_guard_after_forced_cleanup_seconds": 45,
      "configured_unallocated_margin_seconds": 175,
      "estimated_unallocated_margin_seconds": 234,
      "minimum_stage_fits_configured_timeout": true,
      "feasible": true
    }
  },
  "exit_code_policy": "returncode_must_be_exactly_zero_and_required_markers_must_match",
  "transaction_format_boundary": "strict_P7_JTAG_AXI_TRANSACTIONS_V1_no_source_no_eval_no_external_commands",
  "hardware_execution_lock": {
    "path": "D:\\CodexWorktrees\\stage66prep_c516302\\RF_COMM_MULTILANE\\.hardware_authorization\\P7_HARDWARE_EXECUTION.lock",
    "token_sha256": "57e29e5be77ad933e8e145c29f02aaa8782475312a00dfe41e76ea46009bd1ac",
    "owner": {
      "schema": "rf-comm-p7-hardware-execution-lock-v1",
      "pid": 5180,
      "wrapper": "run_p7_jtag_axi_stage_safe.py",
      "stage_name": "p7_safe_idle",
      "acquired_at_utc": "2026-07-16T17:28:57.456728+00:00",
      "evidence_dir": "D:\\CodexWorktrees\\stage66prep_c516302\\RF_COMM_MULTILANE\\evidence\\hardware\\p7\\authorized_sequence\\p7_20260717_stationary_app_r73_diag_stage66_c07\\001_p7_safe_idle"
    },
    "acquired": true,
    "stale_lock_auto_recovery": false
  },
  "global_runtime_deadline_source": "host_monotonic",
  "global_runtime_guard_seconds": 65,
  "global_runtime_budget_components": {
    "contained_vivado_process_count": 4,
    "initial_empty_wait_seconds_per_process": 0,
    "expected_tool_daemon_grace_seconds_per_process": 30,
    "total_containment_window_seconds_per_process": 30,
    "topology_revalidation_interval_seconds": 0.1,
    "containment_allowance_seconds": 120,
    "forced_cleanup_wait_seconds": 10,
    "failure_containment_bound_seconds_per_failed_process": 40,
    "max_forced_cleanup_events": 2,
    "forced_cleanup_reserve_seconds": 20,
    "bookkeeping_guard_seconds": 45,
    "other_guard_seconds": 65
  },
  "evidence_dir": "D:\\CodexWorktrees\\stage66prep_c516302\\RF_COMM_MULTILANE\\evidence\\hardware\\p7\\authorized_sequence\\p7_20260717_stationary_app_r73_diag_stage66_c07\\001_p7_safe_idle",
  "event_log": "D:\\CodexWorktrees\\stage66prep_c516302\\RF_COMM_MULTILANE\\evidence\\hardware\\p7\\authorized_sequence\\p7_20260717_stationary_app_r73_diag_stage66_c07\\001_p7_safe_idle\\p7_jtag_axi_stage_events.jsonl",
  "vivado_helper_identity_validation": {
    "schema": "rf-comm-p7-vivado-helper-identity-validation-v1",
    "phase": "VIVADO_HELPER_IDENTITY",
    "status": "PASS",
    "error_code": "NONE",
    "hardware_actions_executed": false,
    "hardware_connection_attempted": false,
    "tfdu_touched": false,
    "ethernet_transport_used": false,
    "motion_used": false,
    "campaign_lock_created": false,
    "campaign_attempt_created": false,
    "manifest": {
      "path": "D:\\CodexWorktrees\\stage66prep_c516302\\RF_COMM_MULTILANE\\config\\p7_vivado_helper_identity_profiles.json",
      "sha256": "67645bc53ae6c484204604ae3741bbce2d24fb7dbff6a5e63e8ea1a68972ed94",
      "manifest_id": "p7_vivado_2023_1_helper_identity_20260716"
    },
    "runtime_profile_id": "vivado_2023_1_windows_26200_8875_system_helpers",
    "errors": [],
    "vivado_launcher": "D:\\Xilinx\\Vivado\\2023.1\\bin\\vivado.bat",
    "derived_helper_paths": {
      "cs_server": "D:\\Xilinx\\Vivado\\2023.1\\bin\\unwrapped\\win64.o\\cs_server.exe",
      "rdi_xsdb": "D:\\Xilinx\\Vivado\\2023.1\\bin\\unwrapped\\win64.o\\rdi_xsdb.exe",
      "cmd": "C:\\Windows\\System32\\cmd.exe",
      "conhost": "C:\\Windows\\System32\\conhost.exe"
    },
    "observed_file_records": {
      "cs_server": {
        "path": "D:\\Xilinx\\Vivado\\2023.1\\bin\\unwrapped\\win64.o\\cs_server.exe",
        "sha256": "9bf0e15ffe162a96679c14b8117cf8ebe8a47b8032bee4ab8cb0317c112df536",
        "bytes": 12408496
      },
      "rdi_xsdb": {
        "path": "D:\\Xilinx\\Vivado\\2023.1\\bin\\unwrapped\\win64.o\\rdi_xsdb.exe",
        "sha256": "3193d8c4e7115e82e5b4ea6c2eb1aa8a7566bd5a9f9c78e9d901b9eab9d4ebfc",
        "bytes": 29288
      },
      "cmd": {
        "path": "C:\\Windows\\System32\\cmd.exe",
        "sha256": "65ec268add3973b6dca64222985da47caeaee44a340b0ec1466782914fd743d9",
        "bytes": 344064
      },
      "conhost": {
        "path": "C:\\Windows\\System32\\conhost.exe",
        "sha256": "32e45de7f02912f3907083690043df4abdc4705eea28300719788eaa4a339d0b",
        "bytes": 1007616
      }
    },
    "observed_sha256_by_role": {
      "cs_server": "9bf0e15ffe162a96679c14b8117cf8ebe8a47b8032bee4ab8cb0317c112df536",
      "rdi_xsdb": "3193d8c4e7115e82e5b4ea6c2eb1aa8a7566bd5a9f9c78e9d901b9eab9d4ebfc",
      "cmd": "65ec268add3973b6dca64222985da47caeaee44a340b0ec1466782914fd743d9",
      "conhost": "32e45de7f02912f3907083690043df4abdc4705eea28300719788eaa4a339d0b"
    },
    "observed_complete_hash_profile_id": "vivado_2023_1_windows_26200_8875_system_helpers",
    "identity_probe": {
      "path": "D:\\CodexWorktrees\\stage66prep_c516302\\RF_COMM_MULTILANE\\scripts\\hw\\p7_helper_identity_probe.ps1",
      "sha256": "46ae65f7eea40c1cdda5595a69b36acc6d1add7e231b6319674304100385ea25"
    },
    "probe_host_file_record": {
      "path": "C:\\Windows\\System32\\WindowsPowerShell\\v1.0\\powershell.exe",
      "sha256": "7600ffe12da441fe89d035b13801e8e91d064bc544a27b19a5cf49f6ab8b18f5",
      "bytes": 454656
    },
    "probe_exact_argv": [
      "C:\\Windows\\System32\\WindowsPowerShell\\v1.0\\powershell.exe",
      "-NoLogo",
      "-NoProfile",
      "-NonInteractive",
      "-ExecutionPolicy",
      "Bypass",
      "-File",
      "D:\\CodexWorktrees\\stage66prep_c516302\\RF_COMM_MULTILANE\\scripts\\hw\\p7_helper_identity_probe.ps1",
      "-CsServer",
      "D:\\Xilinx\\Vivado\\2023.1\\bin\\unwrapped\\win64.o\\cs_server.exe",
      "-RdiXsdb",
      "D:\\Xilinx\\Vivado\\2023.1\\bin\\unwrapped\\win64.o\\rdi_xsdb.exe",
      "-Cmd",
      "C:\\Windows\\System32\\cmd.exe",
      "-Conhost",
      "C:\\Windows\\System32\\conhost.exe"
    ],
    "probe_environment": {
      "SystemRoot": "C:\\Windows",
      "WINDIR": "C:\\Windows",
      "COMSPEC": "C:\\Windows\\System32\\cmd.exe",
      "PATH": "C:\\Windows\\System32;C:\\Windows\\System32\\WindowsPowerShell\\v1.0",
      "TEMP": "C:\\Users\\user\\AppData\\Local\\Temp",
      "TMP": "C:\\Users\\user\\AppData\\Local\\Temp",
      "ALLUSERSPROFILE": "C:\\ProgramData",
      "APPDATA": "C:\\Users\\user\\AppData\\Roaming",
      "CommonProgramFiles": "C:\\Program Files\\Common Files",
      "CommonProgramFiles(x86)": "C:\\Program Files (x86)\\Common Files",
      "CommonProgramW6432": "C:\\Program Files\\Common Files",
      "HOMEDRIVE": "C:",
      "HOMEPATH": "\\Users\\user",
      "LOCALAPPDATA": "C:\\Users\\user\\AppData\\Local",
      "NUMBER_OF_PROCESSORS": "28",
      "OS": "Windows_NT",
      "PROCESSOR_ARCHITECTURE": "AMD64",
      "PROCESSOR_IDENTIFIER": "Intel64 Family 6 Model 183 Stepping 1, GenuineIntel",
      "PROCESSOR_LEVEL": "6",
      "PROCESSOR_REVISION": "b701",
      "ProgramData": "C:\\ProgramData",
      "ProgramFiles": "C:\\Program Files",
      "ProgramFiles(x86)": "C:\\Program Files (x86)",
      "ProgramW6432": "C:\\Program Files",
      "PSModulePath": "C:\\Users\\user\\Documents\\WindowsPowerShell\\Modules;C:\\Program Files\\WindowsPowerShell\\Modules;C:\\WINDOWS\\system32\\WindowsPowerShell\\v1.0\\Modules",
      "PUBLIC": "C:\\Users\\Public",
      "SystemDrive": "C:",
      "USERDOMAIN": "DESKTOP-PU0AECA",
      "USERNAME": "user",
      "USERPROFILE": "C:\\Users\\user"
    },
    "probe_returncode": 0,
    "probe_stderr": "",
    "probe_payload": {
      "schema": "rf-comm-p7-vivado-helper-identity-probe-v1",
      "probe_host": {
        "role": "probe_host",
        "path": "C:\\Windows\\System32\\WindowsPowerShell\\v1.0\\powershell.exe",
        "bytes": 454656,
        "file_version": "10.0.26100.8875",
        "product_version": "10.0.26100.8875",
        "company_name": "Microsoft Corporation",
        "signature_status": "Valid",
        "signature_type": "Catalog",
        "signer_subject": "CN=Microsoft Windows, O=Microsoft Corporation, L=Redmond, S=Washington, C=US",
        "signer_thumbprint": "DC91E564D5BC1E3A8E02D6A8508682ABEA8A2443"
      },
      "records": [
        {
          "role": "cs_server",
          "path": "D:\\Xilinx\\Vivado\\2023.1\\bin\\unwrapped\\win64.o\\cs_server.exe",
          "bytes": 12408496,
          "file_version": "0.0.0.0",
          "product_version": "0.0.0.0",
          "company_name": "",
          "signature_status": "Valid",
          "signature_type": "Authenticode",
          "signer_subject": "CN=Xilinx Inc., O=Xilinx Inc., S=Colorado, C=US, OID.2.5.4.15=Private Organization, OID.1.3.6.1.4.1.311.60.2.1.2=Delaware, OID.1.3.6.1.4.1.311.60.2.1.3=US, SERIALNUMBER=2221167",
          "signer_thumbprint": "F5BF7E059AA73C3F69350328C95EF3C0C7B654CB"
        },
        {
          "role": "rdi_xsdb",
          "path": "D:\\Xilinx\\Vivado\\2023.1\\bin\\unwrapped\\win64.o\\rdi_xsdb.exe",
          "bytes": 29288,
          "file_version": "0.0.0.0",
          "product_version": "0.0.0.0",
          "company_name": "",
          "signature_status": "Valid",
          "signature_type": "Authenticode",
          "signer_subject": "CN=Xilinx Inc., O=Xilinx Inc., S=Colorado, C=US, OID.2.5.4.15=Private Organization, OID.1.3.6.1.4.1.311.60.2.1.2=Delaware, OID.1.3.6.1.4.1.311.60.2.1.3=US, SERIALNUMBER=2221167",
          "signer_thumbprint": "F5BF7E059AA73C3F69350328C95EF3C0C7B654CB"
        },
        {
          "role": "cmd",
          "path": "C:\\Windows\\System32\\cmd.exe",
          "bytes": 344064,
          "file_version": "10.0.26100.8737",
          "product_version": "10.0.26100.8737",
          "company_name": "Microsoft Corporation",
          "signature_status": "Valid",
          "signature_type": "Catalog",
          "signer_subject": "CN=Microsoft Windows, O=Microsoft Corporation, L=Redmond, S=Washington, C=US",
          "signer_thumbprint": "DC91E564D5BC1E3A8E02D6A8508682ABEA8A2443"
        },
        {
          "role": "conhost",
          "path": "C:\\Windows\\System32\\conhost.exe",
          "bytes": 1007616,
          "file_version": "10.0.26100.8737",
          "product_version": "10.0.26100.8737",
          "company_name": "Microsoft Corporation",
          "signature_status": "Valid",
          "signature_type": "Catalog",
          "signer_subject": "CN=Microsoft Windows, O=Microsoft Corporation, L=Redmond, S=Washington, C=US",
          "signer_thumbprint": "85DF8AC9B594E3C055692AE52D3E8E93889D9EC9"
        }
      ]
    }
  },
  "preflight_process": {
    "name": "preflight",
    "returncode": 0,
    "stdout_path": "D:\\CodexWorktrees\\stage66prep_c516302\\RF_COMM_MULTILANE\\evidence\\hardware\\p7\\authorized_sequence\\p7_20260717_stationary_app_r73_diag_stage66_c07\\001_p7_safe_idle\\p7_preflight.stdout.log",
    "stderr_path": "D:\\CodexWorktrees\\stage66prep_c516302\\RF_COMM_MULTILANE\\evidence\\hardware\\p7\\authorized_sequence\\p7_20260717_stationary_app_r73_diag_stage66_c07\\001_p7_safe_idle\\p7_preflight.stderr.log",
    "elapsed_seconds": 38.367248,
    "argv": [
      "D:\\Xilinx\\Vivado\\2023.1\\bin\\vivado.bat",
      "-mode",
      "batch",
      "-source",
      "D:\\CodexWorktrees\\stage66prep_c516302\\RF_COMM_MULTILANE\\scripts\\hw\\p7_hw_preflight.tcl",
      "-tclargs",
      "D:\\CodexWorktrees\\stage66prep_c516302\\RF_COMM_MULTILANE",
      "D:\\CodexWorktrees\\stage66prep_c516302\\RF_COMM_MULTILANE\\.hardware_authorization\\p7_20260717_stationary_app_r73_diag_stage66_c07_001_p7_safe_idle.txt",
      "210512180081",
      "xc7z010clg400-1",
      "localhost:3121/xilinx_tcf/Digilent/210512180081",
      "localhost:3121",
      "D:\\CodexWorktrees\\stage66prep_c516302\\RF_COMM_MULTILANE\\evidence\\hardware\\p7\\authorized_sequence\\p7_20260717_stationary_app_r73_diag_stage66_c07\\001_p7_safe_idle\\p7_preflight_result.txt"
    ],
    "started_at_utc": "2026-07-16T17:28:57.755137+00:00",
    "ended_at_utc": "2026-07-16T17:29:36.122391+00:00",
    "timed_out": false,
    "abort_seen": false,
    "interrupted": false,
    "process_tree_terminated": false,
    "process_tree_reaped": true,
    "containment_kind": "WINDOWS_JOB_OBJECT_KILL_ON_CLOSE",
    "containment_assigned": true,
    "containment_closed": true,
    "descendant_count_after": 0,
    "expected_tool_daemon_grace_used": true,
    "expected_tool_daemon_grace_seconds": 30.0,
    "expected_tool_daemon_paths": [
      "D:\\Xilinx\\Vivado\\2023.1\\bin\\unwrapped\\win64.o\\cs_server.exe",
      "D:\\Xilinx\\Vivado\\2023.1\\bin\\unwrapped\\win64.o\\rdi_xsdb.exe",
      "C:\\Windows\\System32\\cmd.exe",
      "C:\\Windows\\System32\\conhost.exe"
    ],
    "descendant_paths_seen": [
      "D:\\Xilinx\\Vivado\\2023.1\\bin\\unwrapped\\win64.o\\cs_server.exe",
      "C:\\Windows\\System32\\conhost.exe",
      "D:\\Xilinx\\Vivado\\2023.1\\bin\\unwrapped\\win64.o\\cs_server.exe",
      "C:\\Windows\\System32\\cmd.exe",
      "D:\\Xilinx\\Vivado\\2023.1\\bin\\unwrapped\\win64.o\\rdi_xsdb.exe",
      "C:\\Windows\\System32\\conhost.exe"
    ],
    "descendant_processes_seen": [
      {
        "pid": 3576,
        "parent_pid": 14732,
        "parent_active_globally": false,
        "image_path": "D:\\Xilinx\\Vivado\\2023.1\\bin\\unwrapped\\win64.o\\cs_server.exe",
        "creation_time_100ns": 134286965534538241
      },
      {
        "pid": 4488,
        "parent_pid": 18172,
        "parent_active_globally": true,
        "image_path": "C:\\Windows\\System32\\conhost.exe",
        "creation_time_100ns": 134286965540121573
      },
      {
        "pid": 7520,
        "parent_pid": 3576,
        "parent_active_globally": true,
        "image_path": "D:\\Xilinx\\Vivado\\2023.1\\bin\\unwrapped\\win64.o\\cs_server.exe",
        "creation_time_100ns": 134286965535476841
      },
      {
        "pid": 18172,
        "parent_pid": 8848,
        "parent_active_globally": false,
        "image_path": "C:\\Windows\\System32\\cmd.exe",
        "creation_time_100ns": 134286965540066712
      },
      {
        "pid": 18752,
        "parent_pid": 18172,
        "parent_active_globally": true,
        "image_path": "D:\\Xilinx\\Vivado\\2023.1\\bin\\unwrapped\\win64.o\\rdi_xsdb.exe",
        "creation_time_100ns": 134286965543575987
      },
      {
        "pid": 26524,
        "parent_pid": 25736,
        "parent_active_globally": false,
        "image_path": "C:\\Windows\\System32\\conhost.exe",
        "creation_time_100ns": 134286965526009056
      }
    ],
    "expected_tool_daemon_classification": "EXACT_R2_VIVADO_EXIT_HELPER_FOREST",
    "expected_tool_daemon_topology_snapshots": [
      {
        "classification": "EXACT_R2_VIVADO_EXIT_HELPER_FOREST",
        "elapsed_seconds": 0.003638,
        "processes": [
          {
            "pid": 3576,
            "parent_pid": 14732,
            "parent_active_globally": false,
            "image_path": "D:\\Xilinx\\Vivado\\2023.1\\bin\\unwrapped\\win64.o\\cs_server.exe",
            "creation_time_100ns": 134286965534538241
          },
          {
            "pid": 4488,
            "parent_pid": 18172,
            "parent_active_globally": true,
            "image_path": "C:\\Windows\\System32\\conhost.exe",
            "creation_time_100ns": 134286965540121573
          },
          {
            "pid": 7520,
            "parent_pid": 3576,
            "parent_active_globally": true,
            "image_path": "D:\\Xilinx\\Vivado\\2023.1\\bin\\unwrapped\\win64.o\\cs_server.exe",
            "creation_time_100ns": 134286965535476841
          },
          {
            "pid": 18172,
            "parent_pid": 8848,
            "parent_active_globally": false,
            "image_path": "C:\\Windows\\System32\\cmd.exe",
            "creation_time_100ns": 134286965540066712
          },
          {
            "pid": 18752,
            "parent_pid": 18172,
            "parent_active_globally": true,
            "image_path": "D:\\Xilinx\\Vivado\\2023.1\\bin\\unwrapped\\win64.o\\rdi_xsdb.exe",
            "creation_time_100ns": 134286965543575987
          },
          {
            "pid": 26524,
            "parent_pid": 25736,
            "parent_active_globally": false,
            "image_path": "C:\\Windows\\System32\\conhost.exe",
            "creation_time_100ns": 134286965526009056
          }
        ]
      },
      {
        "classification": "STRICT_SHRINK_SUBSET_OF_EXACT_R2_VIVADO_EXIT_HELPER_FOREST",
        "elapsed_seconds": 19.578772,
        "processes": [
          {
            "pid": 3576,
            "parent_pid": 14732,
            "parent_active_globally": false,
            "image_path": "D:\\Xilinx\\Vivado\\2023.1\\bin\\unwrapped\\win64.o\\cs_server.exe",
            "creation_time_100ns": 134286965534538241
          },
          {
            "pid": 7520,
            "parent_pid": 3576,
            "parent_active_globally": true,
            "image_path": "D:\\Xilinx\\Vivado\\2023.1\\bin\\unwrapped\\win64.o\\cs_server.exe",
            "creation_time_100ns": 134286965535476841
          },
          {
            "pid": 26524,
            "parent_pid": 25736,
            "parent_active_globally": false,
            "image_path": "C:\\Windows\\System32\\conhost.exe",
            "creation_time_100ns": 134286965526009056
          }
        ]
      },
      {
        "classification": "EMPTY",
        "elapsed_seconds": 20.472481,
        "processes": []
      }
    ],
    "expected_tool_daemon_topology_revalidation_count": 193,
    "expected_tool_daemon_topology_monotonic": true,
    "expected_tool_daemon_topology_sample_elapsed_seconds": [
      4.4e-05,
      0.003638,
      0.110667,
      0.216201,
      0.321,
      0.427035,
      0.532939,
      0.638016,
      0.743973,
      0.853135,
      0.962778,
      1.06853,
      1.173885,
      1.279444,
      1.385116,
      1.491137,
      1.597549,
      1.702103,
      1.80748,
      1.914247,
      2.019494,
      2.125229,
      2.231419,
      2.337742,
      2.443516,
      2.54937,
      2.6553,
      2.761226,
      2.867069,
      2.973479,
      3.078302,
      3.184081,
      3.289446,
      3.395337,
      3.501365,
      3.607608,
      3.712959,
      3.818847,
      3.927564,
      4.033528,
      4.139328,
      4.243915,
      4.349221,
      4.454909,
      4.56017,
      4.665872,
      4.771902,
      4.877485,
      4.983469,
      5.089401,
      5.1951,
      5.30091,
      5.405482,
      5.510672,
      5.61618,
      5.721781,
      5.827191,
      5.932942,
      6.038554,
      6.144337,
      6.249901,
      6.356272,
      6.462384,
      6.567331,
      6.673474,
      6.779309,
      6.884947,
      6.991268,
      7.097394,
      7.202825,
      7.308991,
      7.414468,
      7.521203,
      7.627168,
      7.733703,
      7.839412,
      7.943962,
      8.049179,
      8.154385,
      8.259486,
      8.365476,
      8.471785,
      8.577324,
      8.682837,
      8.788728,
      8.89482,
      9.000526,
      9.106312,
      9.212229,
      9.316961,
      9.422765,
      9.529211,
      9.635479,
      9.74116,
      9.847061,
      9.953623,
      10.060171,
      10.169179,
      10.274628,
      10.379588,
      10.485287,
      10.591711,
      10.697376,
      10.802693,
      10.910099,
      11.015951,
      11.122713,
      11.228497,
      11.333153,
      11.438242,
      11.543365,
      11.647734,
      11.753726,
      11.858966,
      11.964434,
      12.070025,
      12.175956,
      12.282197,
      12.387713,
      12.492908,
      12.599025,
      12.704911,
      12.810944,
      12.917088,
      13.022821,
      13.129786,
      13.235474,
      13.341162,
      13.446191,
      13.552641,
      13.657647,
      13.763674,
      13.869535,
      13.976048,
      14.082491,
      14.187195,
      14.293398,
      14.398622,
      14.503103,
      14.60915,
      14.715129,
      14.819941,
      14.926167,
      15.03213,
      15.137255,
      15.243554,
      15.349417,
      15.455036,
      15.560578,
      15.666127,
      15.771744,
      15.877522,
      15.983179,
      16.088526,
      16.19383,
      16.298944,
      16.404099,
      16.509989,
      16.616335,
      16.722335,
      16.827778,
      16.933442,
      17.039138,
      17.144706,
      17.25065,
      17.354713,
      17.461714,
      17.567509,
      17.673129,
      17.778686,
      17.883635,
      17.988403,
      18.094353,
      18.198868,
      18.304246,
      18.410071,
      18.51634,
      18.62259,
      18.728237,
      18.834983,
      18.940689,
      19.04659,
      19.152654,
      19.259519,
      19.365891,
      19.472501,
      19.578772,
      19.684283,
      19.7905,
      19.896018,
      20.000607,
      20.105679,
      20.211014,
      20.315542,
      20.472481
    ],
    "expected_tool_daemon_topology_max_sample_gap_seconds": 0.156939,
    "expected_tool_daemon_grace_elapsed_seconds": 20.472521,
    "expected_tool_daemon_hashes_verified": true,
    "expected_tool_daemon_sha256_by_role": {
      "cs_server": "9bf0e15ffe162a96679c14b8117cf8ebe8a47b8032bee4ab8cb0317c112df536",
      "rdi_xsdb": "3193d8c4e7115e82e5b4ea6c2eb1aa8a7566bd5a9f9c78e9d901b9eab9d4ebfc",
      "cmd": "65ec268add3973b6dca64222985da47caeaee44a340b0ec1466782914fd743d9",
      "conhost": "32e45de7f02912f3907083690043df4abdc4705eea28300719788eaa4a339d0b"
    },
    "expected_tool_daemon_hash_error": "",
    "expected_tool_daemon_prelaunch_hashes_verified": true,
    "expected_tool_daemon_prelaunch_sha256_by_role": {
      "cs_server": "9bf0e15ffe162a96679c14b8117cf8ebe8a47b8032bee4ab8cb0317c112df536",
      "rdi_xsdb": "3193d8c4e7115e82e5b4ea6c2eb1aa8a7566bd5a9f9c78e9d901b9eab9d4ebfc",
      "cmd": "65ec268add3973b6dca64222985da47caeaee44a340b0ec1466782914fd743d9",
      "conhost": "32e45de7f02912f3907083690043df4abdc4705eea28300719788eaa4a339d0b"
    },
    "expected_tool_daemon_prelaunch_hash_error": "",
    "expected_tool_daemon_postexit_hashes_verified": true,
    "expected_tool_daemon_postexit_sha256_by_role": {
      "cs_server": "9bf0e15ffe162a96679c14b8117cf8ebe8a47b8032bee4ab8cb0317c112df536",
      "rdi_xsdb": "3193d8c4e7115e82e5b4ea6c2eb1aa8a7566bd5a9f9c78e9d901b9eab9d4ebfc",
      "cmd": "65ec268add3973b6dca64222985da47caeaee44a340b0ec1466782914fd743d9",
      "conhost": "32e45de7f02912f3907083690043df4abdc4705eea28300719788eaa4a339d0b"
    },
    "expected_tool_daemon_postexit_hash_error": "",
    "expected_tool_daemon_topology_error": "",
    "expected_tool_daemon_topology_terminal_empty": true,
    "process_identity_query_retry_count": 0,
    "process_exit_race_recheck_count": 1,
    "process_identity_query_transient_errors": [],
    "containment_cleanup_attempted": false,
    "containment_cleanup_terminated": false,
    "process_exit_race_rechecked": true,
    "process_identity_query_retried": false,
    "containment_query_error": "",
    "launch_error": ""
  },
  "preflight_result_file": "D:\\CodexWorktrees\\stage66prep_c516302\\RF_COMM_MULTILANE\\evidence\\hardware\\p7\\authorized_sequence\\p7_20260717_stationary_app_r73_diag_stage66_c07\\001_p7_safe_idle\\p7_preflight_result.txt",
  "preflight_failures": [],
  "target_identity": {
    "P7_HW_PREFLIGHT_AUTHORIZED": "1",
    "P7_HW_PREFLIGHT_READ_ONLY": "1",
    "P7_HW_PREFLIGHT_BOARD_ID": "210512180081",
    "P7_HW_PREFLIGHT_TARGET": "localhost:3121/xilinx_tcf/Digilent/210512180081",
    "P7_HW_PREFLIGHT_DEVICE": "xc7z010_1",
    "P7_HW_PREFLIGHT_PART": "xc7z010clg400-1",
    "P7_HW_PREFLIGHT_IDCODE": "00010011011100100010000010010011",
    "P7_HW_PREFLIGHT_CANONICAL_PART": "xc7z010clg400-1",
    "P7_HW_PREFLIGHT_LIVE_PART": "xc7z010",
    "P7_HW_PREFLIGHT_LIVE_DEVICE": "xc7z010_1",
    "P7_HW_PREFLIGHT_LIVE_IDCODE": "00010011011100100010000010010011",
    "P7_HW_PREFLIGHT_RESULT": "PASS"
  },
  "shutdown_before": {
    "name": "shutdown_before",
    "returncode": 0,
    "stdout_path": "D:\\CodexWorktrees\\stage66prep_c516302\\RF_COMM_MULTILANE\\evidence\\hardware\\p7\\authorized_sequence\\p7_20260717_stationary_app_r73_diag_stage66_c07\\001_p7_safe_idle\\p7_shutdown_before.stdout.log",
    "stderr_path": "D:\\CodexWorktrees\\stage66prep_c516302\\RF_COMM_MULTILANE\\evidence\\hardware\\p7\\authorized_sequence\\p7_20260717_stationary_app_r73_diag_stage66_c07\\001_p7_safe_idle\\p7_shutdown_before.stderr.log",
    "elapsed_seconds": 48.453578,
    "argv": [
      "D:\\Xilinx\\Vivado\\2023.1\\bin\\vivado.bat",
      "-mode",
      "batch",
      "-source",
      "D:\\CodexWorktrees\\stage66prep_c516302\\RF_COMM_MULTILANE\\scripts\\hw\\p7_jtag_axi_transactions.tcl",
      "-tclargs",
      "D:\\CodexWorktrees\\stage66prep_c516302\\RF_COMM_MULTILANE",
      "SHUTDOWN",
      "D:\\CodexWorktrees\\stage66prep_c516302\\RF_COMM_MULTILANE\\.hardware_authorization\\p7_20260717_stationary_app_r73_diag_stage66_c07_001_p7_safe_idle.txt",
      "210512180081",
      "xc7z010clg400-1",
      "localhost:3121/xilinx_tcf/Digilent/210512180081",
      "localhost:3121",
      "1000000",
      "D:\\CodexWorktrees\\stage66prep_c516302\\RF_COMM_MULTILANE\\shutdown_bitstream\\tfdu_shutdown_j10_j11.bit",
      "-",
      "-",
      "D:\\CodexWorktrees\\stage66prep_c516302\\RF_COMM_MULTILANE\\evidence\\hardware\\p7\\authorized_sequence\\p7_20260717_stationary_app_r73_diag_stage66_c07\\001_p7_safe_idle\\p7_shutdown_before_result.txt",
      "0x43c00000",
      "1100000",
      "134217728",
      "90",
      "D:\\CodexWorktrees\\stage66prep_c516302\\RF_COMM_MULTILANE\\shutdown_bitstream\\tfdu_shutdown_j10_j11.bit"
    ],
    "started_at_utc": "2026-07-16T17:29:36.133023+00:00",
    "ended_at_utc": "2026-07-16T17:30:24.586607+00:00",
    "timed_out": false,
    "abort_seen": false,
    "interrupted": false,
    "process_tree_terminated": false,
    "process_tree_reaped": true,
    "containment_kind": "WINDOWS_JOB_OBJECT_KILL_ON_CLOSE",
    "containment_assigned": true,
    "containment_closed": true,
    "descendant_count_after": 0,
    "expected_tool_daemon_grace_used": true,
    "expected_tool_daemon_grace_seconds": 30.0,
    "expected_tool_daemon_paths": [
      "D:\\Xilinx\\Vivado\\2023.1\\bin\\unwrapped\\win64.o\\cs_server.exe",
      "D:\\Xilinx\\Vivado\\2023.1\\bin\\unwrapped\\win64.o\\rdi_xsdb.exe",
      "C:\\Windows\\System32\\cmd.exe",
      "C:\\Windows\\System32\\conhost.exe"
    ],
    "descendant_paths_seen": [
      "C:\\Windows\\System32\\conhost.exe",
      "D:\\Xilinx\\Vivado\\2023.1\\bin\\unwrapped\\win64.o\\cs_server.exe",
      "D:\\Xilinx\\Vivado\\2023.1\\bin\\unwrapped\\win64.o\\cs_server.exe",
      "C:\\Windows\\System32\\conhost.exe",
      "C:\\Windows\\System32\\cmd.exe",
      "D:\\Xilinx\\Vivado\\2023.1\\bin\\unwrapped\\win64.o\\rdi_xsdb.exe"
    ],
    "descendant_processes_seen": [
      {
        "pid": 9144,
        "parent_pid": 20220,
        "parent_active_globally": true,
        "image_path": "C:\\Windows\\System32\\conhost.exe",
        "creation_time_100ns": 134286965853755746
      },
      {
        "pid": 12640,
        "parent_pid": 8812,
        "parent_active_globally": false,
        "image_path": "D:\\Xilinx\\Vivado\\2023.1\\bin\\unwrapped\\win64.o\\cs_server.exe",
        "creation_time_100ns": 134286965848646308
      },
      {
        "pid": 12908,
        "parent_pid": 12640,
        "parent_active_globally": true,
        "image_path": "D:\\Xilinx\\Vivado\\2023.1\\bin\\unwrapped\\win64.o\\cs_server.exe",
        "creation_time_100ns": 134286965849571860
      },
      {
        "pid": 16960,
        "parent_pid": 20020,
        "parent_active_globally": false,
        "image_path": "C:\\Windows\\System32\\conhost.exe",
        "creation_time_100ns": 134286965841509814
      },
      {
        "pid": 20220,
        "parent_pid": 4344,
        "parent_active_globally": false,
        "image_path": "C:\\Windows\\System32\\cmd.exe",
        "creation_time_100ns": 134286965853686108
      },
      {
        "pid": 26308,
        "parent_pid": 20220,
        "parent_active_globally": true,
        "image_path": "D:\\Xilinx\\Vivado\\2023.1\\bin\\unwrapped\\win64.o\\rdi_xsdb.exe",
        "creation_time_100ns": 134286965857183777
      }
    ],
    "expected_tool_daemon_classification": "EXACT_R2_VIVADO_EXIT_HELPER_FOREST",
    "expected_tool_daemon_topology_snapshots": [
      {
        "classification": "EXACT_R2_VIVADO_EXIT_HELPER_FOREST",
        "elapsed_seconds": 0.004575,
        "processes": [
          {
            "pid": 9144,
            "parent_pid": 20220,
            "parent_active_globally": true,
            "image_path": "C:\\Windows\\System32\\conhost.exe",
            "creation_time_100ns": 134286965853755746
          },
          {
            "pid": 12640,
            "parent_pid": 8812,
            "parent_active_globally": false,
            "image_path": "D:\\Xilinx\\Vivado\\2023.1\\bin\\unwrapped\\win64.o\\cs_server.exe",
            "creation_time_100ns": 134286965848646308
          },
          {
            "pid": 12908,
            "parent_pid": 12640,
            "parent_active_globally": true,
            "image_path": "D:\\Xilinx\\Vivado\\2023.1\\bin\\unwrapped\\win64.o\\cs_server.exe",
            "creation_time_100ns": 134286965849571860
          },
          {
            "pid": 16960,
            "parent_pid": 20020,
            "parent_active_globally": false,
            "image_path": "C:\\Windows\\System32\\conhost.exe",
            "creation_time_100ns": 134286965841509814
          },
          {
            "pid": 20220,
            "parent_pid": 4344,
            "parent_active_globally": false,
            "image_path": "C:\\Windows\\System32\\cmd.exe",
            "creation_time_100ns": 134286965853686108
          },
          {
            "pid": 26308,
            "parent_pid": 20220,
            "parent_active_globally": true,
            "image_path": "D:\\Xilinx\\Vivado\\2023.1\\bin\\unwrapped\\win64.o\\rdi_xsdb.exe",
            "creation_time_100ns": 134286965857183777
          }
        ]
      },
      {
        "classification": "STRICT_SHRINK_SUBSET_OF_EXACT_R2_VIVADO_EXIT_HELPER_FOREST",
        "elapsed_seconds": 19.473029,
        "processes": [
          {
            "pid": 12640,
            "parent_pid": 8812,
            "parent_active_globally": false,
            "image_path": "D:\\Xilinx\\Vivado\\2023.1\\bin\\unwrapped\\win64.o\\cs_server.exe",
            "creation_time_100ns": 134286965848646308
          },
          {
            "pid": 12908,
            "parent_pid": 12640,
            "parent_active_globally": true,
            "image_path": "D:\\Xilinx\\Vivado\\2023.1\\bin\\unwrapped\\win64.o\\cs_server.exe",
            "creation_time_100ns": 134286965849571860
          },
          {
            "pid": 16960,
            "parent_pid": 20020,
            "parent_active_globally": false,
            "image_path": "C:\\Windows\\System32\\conhost.exe",
            "creation_time_100ns": 134286965841509814
          }
        ]
      },
      {
        "classification": "EMPTY",
        "elapsed_seconds": 20.529491,
        "processes": []
      }
    ],
    "expected_tool_daemon_topology_revalidation_count": 194,
    "expected_tool_daemon_topology_monotonic": true,
    "expected_tool_daemon_topology_sample_elapsed_seconds": [
      4.1e-05,
      0.004575,
      0.110937,
      0.216668,
      0.322351,
      0.428386,
      0.53403,
      0.640163,
      0.745705,
      0.851496,
      0.957458,
      1.062728,
      1.167961,
      1.273103,
      1.37829,
      1.483368,
      1.589407,
      1.695111,
      1.800717,
      1.906468,
      2.012306,
      2.118231,
      2.224259,
      2.330051,
      2.435473,
      2.541199,
      2.646887,
      2.753154,
      2.858959,
      2.96378,
      3.069112,
      3.17457,
      3.279907,
      3.385694,
      3.490947,
      3.596675,
      3.702671,
      3.807887,
      3.913288,
      4.018884,
      4.123941,
      4.229934,
      4.33602,
      4.441564,
      4.547098,
      4.652197,
      4.757219,
      4.862194,
      4.967476,
      5.072781,
      5.178533,
      5.28377,
      5.389041,
      5.49392,
      5.599114,
      5.704988,
      5.810367,
      5.915856,
      6.021095,
      6.126408,
      6.231882,
      6.33754,
      6.442849,
      6.548269,
      6.653349,
      6.758765,
      6.864301,
      6.969429,
      7.074769,
      7.179747,
      7.28503,
      7.39015,
      7.495105,
      7.600671,
      7.706402,
      7.811517,
      7.91702,
      8.022258,
      8.127937,
      8.233682,
      8.338971,
      8.443904,
      8.549726,
      8.655449,
      8.760796,
      8.866318,
      8.97142,
      9.076606,
      9.181877,
      9.287736,
      9.393416,
      9.500418,
      9.606074,
      9.711313,
      9.816496,
      9.921819,
      10.027262,
      10.133308,
      10.238726,
      10.344035,
      10.448937,
      10.554913,
      10.660372,
      10.7657,
      10.870987,
      10.976346,
      11.08184,
      11.187265,
      11.293479,
      11.398779,
      11.504767,
      11.610014,
      11.715242,
      11.820889,
      11.926401,
      12.032172,
      12.137633,
      12.243088,
      12.348709,
      12.453927,
      12.560428,
      12.666372,
      12.773018,
      12.878336,
      12.984309,
      13.089766,
      13.195249,
      13.300903,
      13.406127,
      13.511195,
      13.616273,
      13.72222,
      13.827391,
      13.933125,
      14.038797,
      14.145232,
      14.250905,
      14.356831,
      14.46217,
      14.567365,
      14.67261,
      14.77789,
      14.882741,
      14.987887,
      15.092808,
      15.197895,
      15.303611,
      15.409101,
      15.514784,
      15.621691,
      15.727224,
      15.832929,
      15.938492,
      16.043409,
      16.148386,
      16.253813,
      16.358874,
      16.464075,
      16.570241,
      16.675346,
      16.780917,
      16.885968,
      16.991795,
      17.097273,
      17.202432,
      17.308145,
      17.414106,
      17.51976,
      17.625465,
      17.730908,
      17.836329,
      17.941949,
      18.047155,
      18.152543,
      18.258439,
      18.364142,
      18.470054,
      18.575312,
      18.680739,
      18.785822,
      18.891125,
      18.996688,
      19.101958,
      19.207375,
      19.312832,
      19.473029,
      19.578048,
      19.683535,
      19.788725,
      19.894906,
      20.000833,
      20.106512,
      20.211989,
      20.318196,
      20.423998,
      20.529491
    ],
    "expected_tool_daemon_topology_max_sample_gap_seconds": 0.160197,
    "expected_tool_daemon_grace_elapsed_seconds": 20.529507,
    "expected_tool_daemon_hashes_verified": true,
    "expected_tool_daemon_sha256_by_role": {
      "cs_server": "9bf0e15ffe162a96679c14b8117cf8ebe8a47b8032bee4ab8cb0317c112df536",
      "rdi_xsdb": "3193d8c4e7115e82e5b4ea6c2eb1aa8a7566bd5a9f9c78e9d901b9eab9d4ebfc",
      "cmd": "65ec268add3973b6dca64222985da47caeaee44a340b0ec1466782914fd743d9",
      "conhost": "32e45de7f02912f3907083690043df4abdc4705eea28300719788eaa4a339d0b"
    },
    "expected_tool_daemon_hash_error": "",
    "expected_tool_daemon_prelaunch_hashes_verified": true,
    "expected_tool_daemon_prelaunch_sha256_by_role": {
      "cs_server": "9bf0e15ffe162a96679c14b8117cf8ebe8a47b8032bee4ab8cb0317c112df536",
      "rdi_xsdb": "3193d8c4e7115e82e5b4ea6c2eb1aa8a7566bd5a9f9c78e9d901b9eab9d4ebfc",
      "cmd": "65ec268add3973b6dca64222985da47caeaee44a340b0ec1466782914fd743d9",
      "conhost": "32e45de7f02912f3907083690043df4abdc4705eea28300719788eaa4a339d0b"
    },
    "expected_tool_daemon_prelaunch_hash_error": "",
    "expected_tool_daemon_postexit_hashes_verified": true,
    "expected_tool_daemon_postexit_sha256_by_role": {
      "cs_server": "9bf0e15ffe162a96679c14b8117cf8ebe8a47b8032bee4ab8cb0317c112df536",
      "rdi_xsdb": "3193d8c4e7115e82e5b4ea6c2eb1aa8a7566bd5a9f9c78e9d901b9eab9d4ebfc",
      "cmd": "65ec268add3973b6dca64222985da47caeaee44a340b0ec1466782914fd743d9",
      "conhost": "32e45de7f02912f3907083690043df4abdc4705eea28300719788eaa4a339d0b"
    },
    "expected_tool_daemon_postexit_hash_error": "",
    "expected_tool_daemon_topology_error": "",
    "expected_tool_daemon_topology_terminal_empty": true,
    "process_identity_query_retry_count": 1,
    "process_exit_race_recheck_count": 2,
    "process_identity_query_transient_errors": [],
    "containment_cleanup_attempted": false,
    "containment_cleanup_terminated": false,
    "process_exit_race_rechecked": true,
    "process_identity_query_retried": true,
    "containment_query_error": "",
    "launch_error": "",
    "attempted": true,
    "programming_attempted": true,
    "result_file": "D:\\CodexWorktrees\\stage66prep_c516302\\RF_COMM_MULTILANE\\evidence\\hardware\\p7\\authorized_sequence\\p7_20260717_stationary_app_r73_diag_stage66_c07\\001_p7_safe_idle\\p7_shutdown_before_result.txt",
    "passed": true,
    "failures": []
  },
  "shutdown_after": {
    "name": "shutdown_after",
    "returncode": 0,
    "stdout_path": "D:\\CodexWorktrees\\stage66prep_c516302\\RF_COMM_MULTILANE\\evidence\\hardware\\p7\\authorized_sequence\\p7_20260717_stationary_app_r73_diag_stage66_c07\\001_p7_safe_idle\\p7_shutdown_after.stdout.log",
    "stderr_path": "D:\\CodexWorktrees\\stage66prep_c516302\\RF_COMM_MULTILANE\\evidence\\hardware\\p7\\authorized_sequence\\p7_20260717_stationary_app_r73_diag_stage66_c07\\001_p7_safe_idle\\p7_shutdown_after.stderr.log",
    "elapsed_seconds": 48.373844,
    "argv": [
      "D:\\Xilinx\\Vivado\\2023.1\\bin\\vivado.bat",
      "-mode",
      "batch",
      "-source",
      "D:\\CodexWorktrees\\stage66prep_c516302\\RF_COMM_MULTILANE\\scripts\\hw\\p7_jtag_axi_transactions.tcl",
      "-tclargs",
      "D:\\CodexWorktrees\\stage66prep_c516302\\RF_COMM_MULTILANE",
      "SHUTDOWN",
      "D:\\CodexWorktrees\\stage66prep_c516302\\RF_COMM_MULTILANE\\.hardware_authorization\\p7_20260717_stationary_app_r73_diag_stage66_c07_001_p7_safe_idle.txt",
      "210512180081",
      "xc7z010clg400-1",
      "localhost:3121/xilinx_tcf/Digilent/210512180081",
      "localhost:3121",
      "1000000",
      "D:\\CodexWorktrees\\stage66prep_c516302\\RF_COMM_MULTILANE\\shutdown_bitstream\\tfdu_shutdown_j10_j11.bit",
      "-",
      "-",
      "D:\\CodexWorktrees\\stage66prep_c516302\\RF_COMM_MULTILANE\\evidence\\hardware\\p7\\authorized_sequence\\p7_20260717_stationary_app_r73_diag_stage66_c07\\001_p7_safe_idle\\p7_shutdown_after_result.txt",
      "0x43c00000",
      "1100000",
      "134217728",
      "90",
      "D:\\CodexWorktrees\\stage66prep_c516302\\RF_COMM_MULTILANE\\shutdown_bitstream\\tfdu_shutdown_j10_j11.bit"
    ],
    "started_at_utc": "2026-07-16T17:31:12.946536+00:00",
    "ended_at_utc": "2026-07-16T17:32:01.320387+00:00",
    "timed_out": false,
    "abort_seen": false,
    "interrupted": false,
    "process_tree_terminated": false,
    "process_tree_reaped": true,
    "containment_kind": "WINDOWS_JOB_OBJECT_KILL_ON_CLOSE",
    "containment_assigned": true,
    "containment_closed": true,
    "descendant_count_after": 0,
    "expected_tool_daemon_grace_used": true,
    "expected_tool_daemon_grace_seconds": 30.0,
    "expected_tool_daemon_paths": [
      "D:\\Xilinx\\Vivado\\2023.1\\bin\\unwrapped\\win64.o\\cs_server.exe",
      "D:\\Xilinx\\Vivado\\2023.1\\bin\\unwrapped\\win64.o\\rdi_xsdb.exe",
      "C:\\Windows\\System32\\cmd.exe",
      "C:\\Windows\\System32\\conhost.exe"
    ],
    "descendant_paths_seen": [
      "C:\\Windows\\System32\\conhost.exe",
      "D:\\Xilinx\\Vivado\\2023.1\\bin\\unwrapped\\win64.o\\cs_server.exe",
      "C:\\Windows\\System32\\cmd.exe",
      "D:\\Xilinx\\Vivado\\2023.1\\bin\\unwrapped\\win64.o\\cs_server.exe",
      "D:\\Xilinx\\Vivado\\2023.1\\bin\\unwrapped\\win64.o\\rdi_xsdb.exe",
      "C:\\Windows\\System32\\conhost.exe"
    ],
    "descendant_processes_seen": [
      {
        "pid": 6512,
        "parent_pid": 13804,
        "parent_active_globally": true,
        "image_path": "C:\\Windows\\System32\\conhost.exe",
        "creation_time_100ns": 134286966820504086
      },
      {
        "pid": 9900,
        "parent_pid": 21204,
        "parent_active_globally": true,
        "image_path": "D:\\Xilinx\\Vivado\\2023.1\\bin\\unwrapped\\win64.o\\cs_server.exe",
        "creation_time_100ns": 134286966816275473
      },
      {
        "pid": 13804,
        "parent_pid": 13684,
        "parent_active_globally": false,
        "image_path": "C:\\Windows\\System32\\cmd.exe",
        "creation_time_100ns": 134286966820444535
      },
      {
        "pid": 21204,
        "parent_pid": 22536,
        "parent_active_globally": false,
        "image_path": "D:\\Xilinx\\Vivado\\2023.1\\bin\\unwrapped\\win64.o\\cs_server.exe",
        "creation_time_100ns": 134286966815360064
      },
      {
        "pid": 24348,
        "parent_pid": 13804,
        "parent_active_globally": true,
        "image_path": "D:\\Xilinx\\Vivado\\2023.1\\bin\\unwrapped\\win64.o\\rdi_xsdb.exe",
        "creation_time_100ns": 134286966823753571
      },
      {
        "pid": 25224,
        "parent_pid": 23368,
        "parent_active_globally": false,
        "image_path": "C:\\Windows\\System32\\conhost.exe",
        "creation_time_100ns": 134286966808437189
      }
    ],
    "expected_tool_daemon_classification": "EXACT_R2_VIVADO_EXIT_HELPER_FOREST",
    "expected_tool_daemon_topology_snapshots": [
      {
        "classification": "EXACT_R2_VIVADO_EXIT_HELPER_FOREST",
        "elapsed_seconds": 0.005026,
        "processes": [
          {
            "pid": 6512,
            "parent_pid": 13804,
            "parent_active_globally": true,
            "image_path": "C:\\Windows\\System32\\conhost.exe",
            "creation_time_100ns": 134286966820504086
          },
          {
            "pid": 9900,
            "parent_pid": 21204,
            "parent_active_globally": true,
            "image_path": "D:\\Xilinx\\Vivado\\2023.1\\bin\\unwrapped\\win64.o\\cs_server.exe",
            "creation_time_100ns": 134286966816275473
          },
          {
            "pid": 13804,
            "parent_pid": 13684,
            "parent_active_globally": false,
            "image_path": "C:\\Windows\\System32\\cmd.exe",
            "creation_time_100ns": 134286966820444535
          },
          {
            "pid": 21204,
            "parent_pid": 22536,
            "parent_active_globally": false,
            "image_path": "D:\\Xilinx\\Vivado\\2023.1\\bin\\unwrapped\\win64.o\\cs_server.exe",
            "creation_time_100ns": 134286966815360064
          },
          {
            "pid": 24348,
            "parent_pid": 13804,
            "parent_active_globally": true,
            "image_path": "D:\\Xilinx\\Vivado\\2023.1\\bin\\unwrapped\\win64.o\\rdi_xsdb.exe",
            "creation_time_100ns": 134286966823753571
          },
          {
            "pid": 25224,
            "parent_pid": 23368,
            "parent_active_globally": false,
            "image_path": "C:\\Windows\\System32\\conhost.exe",
            "creation_time_100ns": 134286966808437189
          }
        ]
      },
      {
        "classification": "STRICT_SHRINK_SUBSET_OF_EXACT_R2_VIVADO_EXIT_HELPER_FOREST",
        "elapsed_seconds": 19.547078,
        "processes": [
          {
            "pid": 9900,
            "parent_pid": 21204,
            "parent_active_globally": true,
            "image_path": "D:\\Xilinx\\Vivado\\2023.1\\bin\\unwrapped\\win64.o\\cs_server.exe",
            "creation_time_100ns": 134286966816275473
          },
          {
            "pid": 21204,
            "parent_pid": 22536,
            "parent_active_globally": false,
            "image_path": "D:\\Xilinx\\Vivado\\2023.1\\bin\\unwrapped\\win64.o\\cs_server.exe",
            "creation_time_100ns": 134286966815360064
          },
          {
            "pid": 25224,
            "parent_pid": 23368,
            "parent_active_globally": false,
            "image_path": "C:\\Windows\\System32\\conhost.exe",
            "creation_time_100ns": 134286966808437189
          }
        ]
      },
      {
        "classification": "EMPTY",
        "elapsed_seconds": 20.656282,
        "processes": []
      }
    ],
    "expected_tool_daemon_topology_revalidation_count": 196,
    "expected_tool_daemon_topology_monotonic": true,
    "expected_tool_daemon_topology_sample_elapsed_seconds": [
      4.8e-05,
      0.005026,
      0.111619,
      0.217218,
      0.322861,
      0.428383,
      0.533927,
      0.639449,
      0.745139,
      0.85089,
      0.956549,
      1.062131,
      1.167816,
      1.274311,
      1.379626,
      1.486,
      1.591067,
      1.697314,
      1.803375,
      1.909349,
      2.014707,
      2.120023,
      2.225508,
      2.331193,
      2.436803,
      2.54227,
      2.647635,
      2.753143,
      2.858498,
      2.964413,
      3.069783,
      3.175809,
      3.281919,
      3.386904,
      3.491838,
      3.59728,
      3.70269,
      3.807926,
      3.913489,
      4.019667,
      4.12518,
      4.230816,
      4.336228,
      4.441729,
      4.547095,
      4.652154,
      4.757288,
      4.862508,
      4.968118,
      5.07352,
      5.179,
      5.284939,
      5.390088,
      5.495116,
      5.600329,
      5.705687,
      5.810905,
      5.916526,
      6.022112,
      6.127873,
      6.234423,
      6.340183,
      6.446483,
      6.552071,
      6.657658,
      6.762721,
      6.868308,
      6.974529,
      7.080122,
      7.185857,
      7.29281,
      7.397905,
      7.503014,
      7.611432,
      7.716842,
      7.822079,
      7.928018,
      8.033571,
      8.138724,
      8.24456,
      8.349816,
      8.455071,
      8.560565,
      8.665615,
      8.770779,
      8.87589,
      8.981231,
      9.087079,
      9.192909,
      9.298271,
      9.403459,
      9.509126,
      9.61425,
      9.719363,
      9.824757,
      9.930734,
      10.036093,
      10.142088,
      10.247863,
      10.354595,
      10.46009,
      10.565971,
      10.670749,
      10.775752,
      10.881108,
      10.986905,
      11.09184,
      11.19752,
      11.303036,
      11.408824,
      11.513928,
      11.619355,
      11.724564,
      11.829973,
      11.935804,
      12.040904,
      12.145872,
      12.251054,
      12.356618,
      12.461989,
      12.568518,
      12.674046,
      12.780313,
      12.885152,
      12.990743,
      13.095943,
      13.201214,
      13.306075,
      13.410949,
      13.516251,
      13.621625,
      13.726942,
      13.831757,
      13.938178,
      14.043725,
      14.14892,
      14.255033,
      14.360763,
      14.466782,
      14.572714,
      14.678204,
      14.784515,
      14.890895,
      14.997634,
      15.103329,
      15.209769,
      15.316802,
      15.422214,
      15.527673,
      15.633792,
      15.739185,
      15.844646,
      15.95,
      16.055542,
      16.16077,
      16.266023,
      16.371683,
      16.477407,
      16.583283,
      16.688369,
      16.79453,
      16.900854,
      17.006897,
      17.112722,
      17.218196,
      17.324166,
      17.43027,
      17.536243,
      17.641625,
      17.74708,
      17.853153,
      17.959126,
      18.065506,
      18.170234,
      18.275399,
      18.381871,
      18.487702,
      18.593989,
      18.69986,
      18.806138,
      18.912063,
      19.017794,
      19.123578,
      19.229887,
      19.335269,
      19.441342,
      19.547078,
      19.652695,
      19.758597,
      19.864124,
      19.96993,
      20.076519,
      20.182422,
      20.287868,
      20.393402,
      20.499247,
      20.605565,
      20.656282
    ],
    "expected_tool_daemon_topology_max_sample_gap_seconds": 0.108418,
    "expected_tool_daemon_grace_elapsed_seconds": 20.656299,
    "expected_tool_daemon_hashes_verified": true,
    "expected_tool_daemon_sha256_by_role": {
      "cs_server": "9bf0e15ffe162a96679c14b8117cf8ebe8a47b8032bee4ab8cb0317c112df536",
      "rdi_xsdb": "3193d8c4e7115e82e5b4ea6c2eb1aa8a7566bd5a9f9c78e9d901b9eab9d4ebfc",
      "cmd": "65ec268add3973b6dca64222985da47caeaee44a340b0ec1466782914fd743d9",
      "conhost": "32e45de7f02912f3907083690043df4abdc4705eea28300719788eaa4a339d0b"
    },
    "expected_tool_daemon_hash_error": "",
    "expected_tool_daemon_prelaunch_hashes_verified": true,
    "expected_tool_daemon_prelaunch_sha256_by_role": {
      "cs_server": "9bf0e15ffe162a96679c14b8117cf8ebe8a47b8032bee4ab8cb0317c112df536",
      "rdi_xsdb": "3193d8c4e7115e82e5b4ea6c2eb1aa8a7566bd5a9f9c78e9d901b9eab9d4ebfc",
      "cmd": "65ec268add3973b6dca64222985da47caeaee44a340b0ec1466782914fd743d9",
      "conhost": "32e45de7f02912f3907083690043df4abdc4705eea28300719788eaa4a339d0b"
    },
    "expected_tool_daemon_prelaunch_hash_error": "",
    "expected_tool_daemon_postexit_hashes_verified": true,
    "expected_tool_daemon_postexit_sha256_by_role": {
      "cs_server": "9bf0e15ffe162a96679c14b8117cf8ebe8a47b8032bee4ab8cb0317c112df536",
      "rdi_xsdb": "3193d8c4e7115e82e5b4ea6c2eb1aa8a7566bd5a9f9c78e9d901b9eab9d4ebfc",
      "cmd": "65ec268add3973b6dca64222985da47caeaee44a340b0ec1466782914fd743d9",
      "conhost": "32e45de7f02912f3907083690043df4abdc4705eea28300719788eaa4a339d0b"
    },
    "expected_tool_daemon_postexit_hash_error": "",
    "expected_tool_daemon_topology_error": "",
    "expected_tool_daemon_topology_terminal_empty": true,
    "process_identity_query_retry_count": 0,
    "process_exit_race_recheck_count": 0,
    "process_identity_query_transient_errors": [],
    "containment_cleanup_attempted": false,
    "containment_cleanup_terminated": false,
    "process_exit_race_rechecked": false,
    "process_identity_query_retried": false,
    "containment_query_error": "",
    "launch_error": "",
    "passed": true,
    "failures": [],
    "attempted": true,
    "programming_attempted": true,
    "result_file": "D:\\CodexWorktrees\\stage66prep_c516302\\RF_COMM_MULTILANE\\evidence\\hardware\\p7\\authorized_sequence\\p7_20260717_stationary_app_r73_diag_stage66_c07\\001_p7_safe_idle\\p7_shutdown_after_result.txt"
  },
  "stage_process": {
    "name": "jtag_axi_stage",
    "returncode": 0,
    "stdout_path": "D:\\CodexWorktrees\\stage66prep_c516302\\RF_COMM_MULTILANE\\evidence\\hardware\\p7\\authorized_sequence\\p7_20260717_stationary_app_r73_diag_stage66_c07\\001_p7_safe_idle\\p7_jtag_axi_stage.stdout.log",
    "stderr_path": "D:\\CodexWorktrees\\stage66prep_c516302\\RF_COMM_MULTILANE\\evidence\\hardware\\p7\\authorized_sequence\\p7_20260717_stationary_app_r73_diag_stage66_c07\\001_p7_safe_idle\\p7_jtag_axi_stage.stderr.log",
    "elapsed_seconds": 48.33965,
    "argv": [
      "D:\\Xilinx\\Vivado\\2023.1\\bin\\vivado.bat",
      "-mode",
      "batch",
      "-source",
      "D:\\CodexWorktrees\\stage66prep_c516302\\RF_COMM_MULTILANE\\scripts\\hw\\p7_jtag_axi_transactions.tcl",
      "-tclargs",
      "D:\\CodexWorktrees\\stage66prep_c516302\\RF_COMM_MULTILANE",
      "STAGE",
      "D:\\CodexWorktrees\\stage66prep_c516302\\RF_COMM_MULTILANE\\.hardware_authorization\\p7_20260717_stationary_app_r73_diag_stage66_c07_001_p7_safe_idle.txt",
      "210512180081",
      "xc7z010clg400-1",
      "localhost:3121/xilinx_tcf/Digilent/210512180081",
      "localhost:3121",
      "1000000",
      "D:\\CodexWorktrees\\stage66prep_c516302\\RF_COMM_MULTILANE\\evidence\\hardware\\p6\\bitstreams\\p6_jtag_dynamic_transport_798b0194029638fa27a254dd58db5d6fd28b65d91c5cf2c9e32c0f9076ee3c0f.bit",
      "D:\\CodexWorktrees\\stage66prep_c516302\\RF_COMM_MULTILANE\\evidence\\hardware\\p6\\bitstreams\\p6_jtag_dynamic_transport_76fe1ec47871946a7d357b0caa1f669500de827b796d6154dcc54678e0ac7083.ltx",
      "D:\\CodexWorktrees\\stage66prep_c516302\\RF_COMM_MULTILANE\\build\\p7_authorized_sequence\\p7_20260717_stationary_app_r73_diag_stage66_c07\\transactions\\001_p7_safe_idle.transactions.txt",
      "D:\\CodexWorktrees\\stage66prep_c516302\\RF_COMM_MULTILANE\\evidence\\hardware\\p7\\authorized_sequence\\p7_20260717_stationary_app_r73_diag_stage66_c07\\001_p7_safe_idle\\p7_jtag_axi_raw_result.txt",
      "0x43c00000",
      "1100000",
      "134217728",
      "90",
      "D:\\CodexWorktrees\\stage66prep_c516302\\RF_COMM_MULTILANE\\shutdown_bitstream\\tfdu_shutdown_j10_j11.bit"
    ],
    "started_at_utc": "2026-07-16T17:30:24.594467+00:00",
    "ended_at_utc": "2026-07-16T17:31:12.934123+00:00",
    "timed_out": false,
    "abort_seen": false,
    "interrupted": false,
    "process_tree_terminated": false,
    "process_tree_reaped": true,
    "containment_kind": "WINDOWS_JOB_OBJECT_KILL_ON_CLOSE",
    "containment_assigned": true,
    "containment_closed": true,
    "descendant_count_after": 0,
    "expected_tool_daemon_grace_used": true,
    "expected_tool_daemon_grace_seconds": 30.0,
    "expected_tool_daemon_paths": [
      "D:\\Xilinx\\Vivado\\2023.1\\bin\\unwrapped\\win64.o\\cs_server.exe",
      "D:\\Xilinx\\Vivado\\2023.1\\bin\\unwrapped\\win64.o\\rdi_xsdb.exe",
      "C:\\Windows\\System32\\cmd.exe",
      "C:\\Windows\\System32\\conhost.exe"
    ],
    "descendant_paths_seen": [
      "C:\\Windows\\System32\\conhost.exe",
      "D:\\Xilinx\\Vivado\\2023.1\\bin\\unwrapped\\win64.o\\cs_server.exe",
      "C:\\Windows\\System32\\conhost.exe",
      "C:\\Windows\\System32\\cmd.exe",
      "D:\\Xilinx\\Vivado\\2023.1\\bin\\unwrapped\\win64.o\\rdi_xsdb.exe",
      "D:\\Xilinx\\Vivado\\2023.1\\bin\\unwrapped\\win64.o\\cs_server.exe"
    ],
    "descendant_processes_seen": [
      {
        "pid": 2172,
        "parent_pid": 15816,
        "parent_active_globally": false,
        "image_path": "C:\\Windows\\System32\\conhost.exe",
        "creation_time_100ns": 134286966324053512
      },
      {
        "pid": 9612,
        "parent_pid": 15380,
        "parent_active_globally": false,
        "image_path": "D:\\Xilinx\\Vivado\\2023.1\\bin\\unwrapped\\win64.o\\cs_server.exe",
        "creation_time_100ns": 134286966330962089
      },
      {
        "pid": 10500,
        "parent_pid": 11008,
        "parent_active_globally": true,
        "image_path": "C:\\Windows\\System32\\conhost.exe",
        "creation_time_100ns": 134286966336218468
      },
      {
        "pid": 11008,
        "parent_pid": 23960,
        "parent_active_globally": false,
        "image_path": "C:\\Windows\\System32\\cmd.exe",
        "creation_time_100ns": 134286966336161159
      },
      {
        "pid": 11744,
        "parent_pid": 11008,
        "parent_active_globally": true,
        "image_path": "D:\\Xilinx\\Vivado\\2023.1\\bin\\unwrapped\\win64.o\\rdi_xsdb.exe",
        "creation_time_100ns": 134286966339433719
      },
      {
        "pid": 26320,
        "parent_pid": 9612,
        "parent_active_globally": true,
        "image_path": "D:\\Xilinx\\Vivado\\2023.1\\bin\\unwrapped\\win64.o\\cs_server.exe",
        "creation_time_100ns": 134286966331901395
      }
    ],
    "expected_tool_daemon_classification": "EXACT_R2_VIVADO_EXIT_HELPER_FOREST",
    "expected_tool_daemon_topology_snapshots": [
      {
        "classification": "EXACT_R2_VIVADO_EXIT_HELPER_FOREST",
        "elapsed_seconds": 0.004777,
        "processes": [
          {
            "pid": 2172,
            "parent_pid": 15816,
            "parent_active_globally": false,
            "image_path": "C:\\Windows\\System32\\conhost.exe",
            "creation_time_100ns": 134286966324053512
          },
          {
            "pid": 9612,
            "parent_pid": 15380,
            "parent_active_globally": false,
            "image_path": "D:\\Xilinx\\Vivado\\2023.1\\bin\\unwrapped\\win64.o\\cs_server.exe",
            "creation_time_100ns": 134286966330962089
          },
          {
            "pid": 10500,
            "parent_pid": 11008,
            "parent_active_globally": true,
            "image_path": "C:\\Windows\\System32\\conhost.exe",
            "creation_time_100ns": 134286966336218468
          },
          {
            "pid": 11008,
            "parent_pid": 23960,
            "parent_active_globally": false,
            "image_path": "C:\\Windows\\System32\\cmd.exe",
            "creation_time_100ns": 134286966336161159
          },
          {
            "pid": 11744,
            "parent_pid": 11008,
            "parent_active_globally": true,
            "image_path": "D:\\Xilinx\\Vivado\\2023.1\\bin\\unwrapped\\win64.o\\rdi_xsdb.exe",
            "creation_time_100ns": 134286966339433719
          },
          {
            "pid": 26320,
            "parent_pid": 9612,
            "parent_active_globally": true,
            "image_path": "D:\\Xilinx\\Vivado\\2023.1\\bin\\unwrapped\\win64.o\\cs_server.exe",
            "creation_time_100ns": 134286966331901395
          }
        ]
      },
      {
        "classification": "STRICT_SHRINK_SUBSET_OF_EXACT_R2_VIVADO_EXIT_HELPER_FOREST",
        "elapsed_seconds": 19.106708,
        "processes": [
          {
            "pid": 2172,
            "parent_pid": 15816,
            "parent_active_globally": false,
            "image_path": "C:\\Windows\\System32\\conhost.exe",
            "creation_time_100ns": 134286966324053512
          },
          {
            "pid": 9612,
            "parent_pid": 15380,
            "parent_active_globally": false,
            "image_path": "D:\\Xilinx\\Vivado\\2023.1\\bin\\unwrapped\\win64.o\\cs_server.exe",
            "creation_time_100ns": 134286966330962089
          },
          {
            "pid": 26320,
            "parent_pid": 9612,
            "parent_active_globally": true,
            "image_path": "D:\\Xilinx\\Vivado\\2023.1\\bin\\unwrapped\\win64.o\\cs_server.exe",
            "creation_time_100ns": 134286966331901395
          }
        ]
      },
      {
        "classification": "EMPTY",
        "elapsed_seconds": 20.20971,
        "processes": []
      }
    ],
    "expected_tool_daemon_topology_revalidation_count": 192,
    "expected_tool_daemon_topology_monotonic": true,
    "expected_tool_daemon_topology_sample_elapsed_seconds": [
      3.7e-05,
      0.004777,
      0.110991,
      0.216525,
      0.322238,
      0.427641,
      0.532952,
      0.638669,
      0.744214,
      0.849946,
      0.955691,
      1.061158,
      1.166579,
      1.272122,
      1.377295,
      1.482867,
      1.588188,
      1.69372,
      1.799322,
      1.906583,
      2.012353,
      2.117706,
      2.223829,
      2.329545,
      2.43503,
      2.541508,
      2.646759,
      2.751865,
      2.857233,
      2.962896,
      3.068469,
      3.173606,
      3.278563,
      3.383958,
      3.488936,
      3.594215,
      3.699197,
      3.804405,
      3.909883,
      4.015566,
      4.121083,
      4.226739,
      4.331942,
      4.437213,
      4.54293,
      4.648454,
      4.753748,
      4.85961,
      4.964541,
      5.070297,
      5.175648,
      5.281013,
      5.387462,
      5.492874,
      5.599132,
      5.704743,
      5.810293,
      5.915901,
      6.021966,
      6.127759,
      6.232933,
      6.337721,
      6.442845,
      6.547865,
      6.652895,
      6.758873,
      6.864591,
      6.969953,
      7.07535,
      7.182032,
      7.286881,
      7.392456,
      7.497444,
      7.60262,
      7.707734,
      7.813072,
      7.91975,
      8.02478,
      8.130651,
      8.236489,
      8.341681,
      8.446528,
      8.551533,
      8.656702,
      8.761611,
      8.867395,
      8.973265,
      9.0788,
      9.183936,
      9.28936,
      9.394393,
      9.499545,
      9.604447,
      9.709777,
      9.814565,
      9.921067,
      10.026252,
      10.131533,
      10.236642,
      10.342365,
      10.449286,
      10.554381,
      10.660549,
      10.765645,
      10.871766,
      10.977166,
      11.082802,
      11.188606,
      11.294099,
      11.399237,
      11.50459,
      11.609906,
      11.714847,
      11.819642,
      11.925376,
      12.030829,
      12.136231,
      12.242289,
      12.3476,
      12.452976,
      12.557945,
      12.663112,
      12.768872,
      12.874627,
      12.980018,
      13.085768,
      13.191295,
      13.296975,
      13.402638,
      13.508575,
      13.614072,
      13.720883,
      13.826597,
      13.933238,
      14.039586,
      14.145173,
      14.250769,
      14.356874,
      14.462374,
      14.56832,
      14.674441,
      14.779718,
      14.885399,
      14.991617,
      15.097376,
      15.203138,
      15.308245,
      15.41401,
      15.519763,
      15.62545,
      15.730843,
      15.837292,
      15.942657,
      16.047982,
      16.153422,
      16.258716,
      16.364227,
      16.46921,
      16.574228,
      16.679322,
      16.784454,
      16.889834,
      16.994975,
      17.101015,
      17.206935,
      17.312438,
      17.418693,
      17.524079,
      17.629318,
      17.734929,
      17.841183,
      17.947247,
      18.052739,
      18.158757,
      18.264036,
      18.369626,
      18.475025,
      18.579906,
      18.685271,
      18.790422,
      18.895974,
      19.001272,
      19.106708,
      19.212024,
      19.316851,
      19.421956,
      19.526863,
      19.631932,
      19.737232,
      19.842524,
      19.948199,
      20.053504,
      20.158805,
      20.20971
    ],
    "expected_tool_daemon_topology_max_sample_gap_seconds": 0.107261,
    "expected_tool_daemon_grace_elapsed_seconds": 20.209726,
    "expected_tool_daemon_hashes_verified": true,
    "expected_tool_daemon_sha256_by_role": {
      "cs_server": "9bf0e15ffe162a96679c14b8117cf8ebe8a47b8032bee4ab8cb0317c112df536",
      "rdi_xsdb": "3193d8c4e7115e82e5b4ea6c2eb1aa8a7566bd5a9f9c78e9d901b9eab9d4ebfc",
      "cmd": "65ec268add3973b6dca64222985da47caeaee44a340b0ec1466782914fd743d9",
      "conhost": "32e45de7f02912f3907083690043df4abdc4705eea28300719788eaa4a339d0b"
    },
    "expected_tool_daemon_hash_error": "",
    "expected_tool_daemon_prelaunch_hashes_verified": true,
    "expected_tool_daemon_prelaunch_sha256_by_role": {
      "cs_server": "9bf0e15ffe162a96679c14b8117cf8ebe8a47b8032bee4ab8cb0317c112df536",
      "rdi_xsdb": "3193d8c4e7115e82e5b4ea6c2eb1aa8a7566bd5a9f9c78e9d901b9eab9d4ebfc",
      "cmd": "65ec268add3973b6dca64222985da47caeaee44a340b0ec1466782914fd743d9",
      "conhost": "32e45de7f02912f3907083690043df4abdc4705eea28300719788eaa4a339d0b"
    },
    "expected_tool_daemon_prelaunch_hash_error": "",
    "expected_tool_daemon_postexit_hashes_verified": true,
    "expected_tool_daemon_postexit_sha256_by_role": {
      "cs_server": "9bf0e15ffe162a96679c14b8117cf8ebe8a47b8032bee4ab8cb0317c112df536",
      "rdi_xsdb": "3193d8c4e7115e82e5b4ea6c2eb1aa8a7566bd5a9f9c78e9d901b9eab9d4ebfc",
      "cmd": "65ec268add3973b6dca64222985da47caeaee44a340b0ec1466782914fd743d9",
      "conhost": "32e45de7f02912f3907083690043df4abdc4705eea28300719788eaa4a339d0b"
    },
    "expected_tool_daemon_postexit_hash_error": "",
    "expected_tool_daemon_topology_error": "",
    "expected_tool_daemon_topology_terminal_empty": true,
    "process_identity_query_retry_count": 0,
    "process_exit_race_recheck_count": 0,
    "process_identity_query_transient_errors": [],
    "containment_cleanup_attempted": false,
    "containment_cleanup_terminated": false,
    "process_exit_race_rechecked": false,
    "process_identity_query_retried": false,
    "containment_query_error": "",
    "launch_error": "",
    "passed": true,
    "failures": [],
    "result_file": "D:\\CodexWorktrees\\stage66prep_c516302\\RF_COMM_MULTILANE\\evidence\\hardware\\p7\\authorized_sequence\\p7_20260717_stationary_app_r73_diag_stage66_c07\\001_p7_safe_idle\\p7_jtag_axi_raw_result.txt"
  },
  "stage_result_markers": {
    "P7_HW_TARGET": "localhost:3121/xilinx_tcf/Digilent/210512180081",
    "P7_HW_DEVICE": "xc7z010_1",
    "P7_HW_PART": "xc7z010clg400-1",
    "P7_HW_IDCODE": "00010011011100100010000010010011",
    "P7_HW_CANONICAL_PART": "xc7z010clg400-1",
    "P7_HW_LIVE_PART": "xc7z010",
    "P7_HW_LIVE_DEVICE": "xc7z010_1",
    "P7_HW_LIVE_IDCODE": "00010011011100100010000010010011",
    "P7_CANDIDATE_PROGRAMMED": "1",
    "P7_HW_AXI": "hw_axi_1",
    "P7_TXN_META_EVIDENCE_KIND": "safe_idle",
    "SAFE_STATUS": "00000000",
    "SAFE_TX_COUNT": "00000000",
    "SAFE_RX_GOOD_L0": "00000000",
    "SAFE_RX_GOOD_L1": "00000000",
    "SAFE_CRC_BAD": "00000000",
    "SAFE_PAYLOAD_MISMATCH": "00000000",
    "SAFE_RETRY_EXHAUSTED": "00000000",
    "SAFE_TX_FAIL": "00000000",
    "SAFE_TXD_HIGH_MAX": "00000000",
    "SAFE_DUTY_VIOLATION": "00000000",
    "SAFE_ERROR_CODE": "00000000",
    "SAFE_STICKY_ERROR": "00000000",
    "P7_TCL_PROGRAMMING_ATTEMPTED": "1",
    "P7_TRANSACTION_COUNT": "13",
    "P7_JTAG_AXI_TRANSACTIONS": "PASS",
    "P7_JTAG_STAGE_RESULT": "PASS"
  },
  "child_reaped_before_shutdown_after": true,
  "backend_parse": {
    "passed": true,
    "semantic_mode": "safe-idle",
    "summary_file": "D:\\CodexWorktrees\\stage66prep_c516302\\RF_COMM_MULTILANE\\evidence\\hardware\\p7\\authorized_sequence\\p7_20260717_stationary_app_r73_diag_stage66_c07\\001_p7_safe_idle\\p7_safe_idle_parse_summary.json",
    "summary_sha256": "3991bcae4b2f298c8be2154c634b5180d1751df472c7cdece3aa168622e6c8d7",
    "required_values": {
      "SAFE_CRC_BAD": "0x00000000",
      "SAFE_DUTY_VIOLATION": "0x00000000",
      "SAFE_ERROR_CODE": "0x00000000",
      "SAFE_PAYLOAD_MISMATCH": "0x00000000",
      "SAFE_RETRY_EXHAUSTED": "0x00000000",
      "SAFE_RX_GOOD_L0": "0x00000000",
      "SAFE_RX_GOOD_L1": "0x00000000",
      "SAFE_STATUS": "0x00000000",
      "SAFE_STICKY_ERROR": "0x00000000",
      "SAFE_TXD_HIGH_MAX": "0x00000000",
      "SAFE_TX_COUNT": "0x00000000",
      "SAFE_TX_FAIL": "0x00000000"
    },
    "raw_log_bound_to_this_hardware_process": true
  },
  "internal_error": "",
  "stage_failures": [],
  "backend_parse_failure": "",
  "global_runtime": {
    "elapsed_seconds": 183.870611,
    "authorized_max_seconds": 600,
    "within_authorized_limit": true
  },
  "reason": "authorized non-transmitting safe-idle checks and both shutdown barriers passed"
}
