COMMAND=D:\Xilinx\Vivado\2023.1\bin\xsim.bat tb_ir_scheduler_migration_snapshot -runall
RETURN_CODE=0
STARTED_UTC=2026-08-05T00:49:14+00:00
FINISHED_UTC=2026-08-05T00:49:17+00:00
TIMED_OUT=0
STDOUT_BEGIN

****** xsim v2023.1 (64-bit)
  **** SW Build 3865809 on Sun May  7 15:05:29 MDT 2023
  **** IP Build 3864474 on Sun May  7 20:36:21 MDT 2023
  **** SharedData Build 3865790 on Sun May 07 13:33:03 MDT 2023
    ** Copyright 1986-2022 Xilinx, Inc. All Rights Reserved.
    ** Copyright 2022-2023 Advanced Micro Devices, Inc. All Rights Reserved.

source xsim.dir/tb_ir_scheduler_migration_snapshot/xsim_script.tcl
# xsim {tb_ir_scheduler_migration_snapshot} -autoloadwcfg -runall
Time resolution is 1 ps
run -all
SCHED_WEIGHT_1_TO_3_COUNTS=129,383
SCHED_WEIGHT_3_TO_1_COUNTS=383,129
P8D_HEALTH_AWARE_WEIGHTED_SCHEDULER_PASS=1
P8D_SCHEDULER_FAIRNESS_PASS=1
P8D_SCHEDULER_UNEQUAL_WEIGHT_PASS=1
P8D_RETRY_ALTERNATE_LANE_PASS=1
P8D_RETRY_MIGRATION_ACKED_BLOCK_PASS=1
TB_IR_SCHEDULER_MIGRATION_PASS=1
$finish called at time : 50749 ns : File "C:/Users/user/Documents/RF_COMM_MULTILANE_P10_3/sim/tb/tb_ir_scheduler_migration.sv" Line 200
exit
INFO: [Common 17-206] Exiting xsim at Wed Aug  5 08:49:17 2026...
STDOUT_END
STDERR_BEGIN

STDERR_END
