{
  "P7_JTAG_AXI_SAFE_STAGE": "PASS",
  "generated_at_utc": "2026-07-11T11:09:54.545829+00:00",
  "stage_name": "p7_safe_idle",
  "semantic_mode": "safe-idle",
  "requested_execute_hardware": true,
  "hardware_actions_executed": true,
  "programmed_fpga": true,
  "programmed_candidate": true,
  "programmed_shutdown_before": true,
  "programmed_shutdown_after": true,
  "started_ps_elf": false,
  "drove_tfdu_txd": false,
  "enabled_tfdu_receiver": false,
  "uart_access": false,
  "ethernet_used": false,
  "motion_used": false,
  "hardware_acceptance": "PENDING_HW",
  "safety_validation": {
    "P7_HARDWARE_SAFETY": "PASS",
    "ready_for_hardware_preflight": true,
    "hardware_actions_executed": false,
    "programmed_fpga": false,
    "drove_tfdu_txd": false,
    "started_ps_elf": false,
    "authorization_environment_present": true,
    "authorization": {
      "exists": true,
      "path": "C:\\Users\\user\\Documents\\RF_COMM_MULTILANE\\.hardware_authorization\\p7_20260711_stationary_app_r9_001_p7_safe_idle.txt",
      "actual_sha256": "15e3480fa88c9658e8b42fab4eae7d7327578d7aa05a85fa7541adde90f4f87e",
      "expected_sha256": "15e3480fa88c9658e8b42fab4eae7d7327578d7aa05a85fa7541adde90f4f87e",
      "markers": [
        "P7_STATIONARY_APP_LAYER_APPROVED"
      ],
      "duplicate_keys": []
    },
    "authorization_fields": {
      "AUTHORIZED_STAGE": "P7_STATIONARY_LOCAL_APPLICATION_LAYER_NO_ETHERNET",
      "USER_HARDWARE_AUTHORIZATION_FOR_P7": "GRANTED",
      "BOARD_ID": "210512180081",
      "EXPECTED_PART": "xc7z010clg400-1",
      "EXPECTED_TARGET": "localhost:3121/xilinx_tcf/Digilent/210512180081",
      "SOURCE_COMMIT": "91b8fbd45f339dfb143bac8374000486bd4a37a0",
      "MAX_RUNTIME_SEC": "600",
      "SHUTDOWN_ON_EXIT": "required",
      "NO_ETHERNET": "true",
      "NO_MOTION": "true",
      "LANE_COUNT": "2",
      "MAX_LANE_MASK": "0x3",
      "P7_PLAN_PATH": "C:\\Users\\user\\Documents\\RF_COMM_MULTILANE\\evidence\\hardware\\p7\\artifacts\\p7_plan_c6db9d8348c3bc518fa5985595adfcdada1a08f11c9246c6103ec378b43b58dd.md",
      "P7_PLAN_SHA256": "c6db9d8348c3bc518fa5985595adfcdada1a08f11c9246c6103ec378b43b58dd",
      "BITSTREAM_PATH": "C:\\Users\\user\\Documents\\RF_COMM_MULTILANE\\evidence\\hardware\\p6\\bitstreams\\p6_jtag_dynamic_transport_4830d547d6a667edda8deebae855c3a7154478e298efca70e2526e6f3570b23c.bit",
      "BITSTREAM_SHA256": "4830d547d6a667edda8deebae855c3a7154478e298efca70e2526e6f3570b23c",
      "XSA_PATH": "C:\\Users\\user\\Documents\\RF_COMM_MULTILANE\\evidence\\hardware\\p6\\bitstreams\\p6_ps_dynamic_transport_b5d1174eb46d12eb395ceabbbea3c132c5771ca6777194138e68c2eacb2e4fc9.xsa",
      "XSA_SHA256": "b5d1174eb46d12eb395ceabbbea3c132c5771ca6777194138e68c2eacb2e4fc9",
      "ELF_PATH": "C:\\Users\\user\\Documents\\RF_COMM_MULTILANE\\evidence\\hardware\\p7\\artifacts\\p7_runtime_14450369d4c6cbe27899bc69f210278e3b2076573e0122859d266fe63cc8e0ce.elf",
      "ELF_SHA256": "14450369d4c6cbe27899bc69f210278e3b2076573e0122859d266fe63cc8e0ce",
      "PROFILE_PATH": "C:\\Users\\user\\Documents\\RF_COMM_MULTILANE\\profiles\\p7\\p7_stationary_app_30min.json",
      "PROFILE_SHA256": "65a36a8318e7fd1e3b647997aceca773c69e76eee85cb8fae922148ccd8f3c94",
      "ACTIVE_XDC_PATH": "C:\\Users\\user\\Documents\\RF_COMM_MULTILANE\\constraints\\active\\PORT1.generated.xdc",
      "ACTIVE_XDC_SHA256": "cf23a0d34a2fa76521faf4c91f3858cff2117fa6020d302d1a6109f10254f990",
      "PINMAP_PATH": "C:\\Users\\user\\Documents\\RF_COMM_MULTILANE\\board_profiles\\ax7010_tfdu_j10_j11_pinmap.csv",
      "PINMAP_SHA256": "4c7d5f0836a2ab48df7672e00f99455e582fbf477b04ed2b3b44ef38506a8a6a",
      "REGISTER_MAP_PATH": "C:\\Users\\user\\Documents\\RF_COMM_MULTILANE\\config\\register_map\\ir_axi_regs.yaml",
      "REGISTER_MAP_SHA256": "d5b0bf1476d815a3ed69988c72097827356d4eade48813c8913fc1b2d448983d",
      "SHUTDOWN_BITSTREAM_PATH": "C:\\Users\\user\\Documents\\RF_COMM_MULTILANE\\shutdown_bitstream\\tfdu_shutdown_j10_j11.bit",
      "SHUTDOWN_BITSTREAM_SHA256": "bac60b58912f0acd771dc830a6761535ec8f6a92befb1ae4cb7d928745af5810",
      "LTX_PATH": "C:\\Users\\user\\Documents\\RF_COMM_MULTILANE\\evidence\\hardware\\p6\\bitstreams\\p6_jtag_dynamic_transport_76fe1ec47871946a7d357b0caa1f669500de827b796d6154dcc54678e0ac7083.ltx",
      "LTX_SHA256": "76fe1ec47871946a7d357b0caa1f669500de827b796d6154dcc54678e0ac7083",
      "P7_JTAG_STAGE_NAME": "p7_safe_idle",
      "P7_JTAG_SEMANTIC_MODE": "safe-idle",
      "P7_JTAG_TRANSACTION_PATH": "C:\\Users\\user\\Documents\\RF_COMM_MULTILANE\\build\\p7_authorized_sequence\\p7_20260711_stationary_app_r9\\transactions\\001_p7_safe_idle.transactions.txt",
      "P7_JTAG_TRANSACTION_SHA256": "c164be9bf94510474c01711914bb37bdc800f28b9f5a3134e59f344e912c391d",
      "P7_JTAG_FREQUENCY_HZ": "1000000",
      "P7_JTAG_AXI_BASE": "0x43c00000"
    },
    "source_commit_requested": "91b8fbd45f339dfb143bac8374000486bd4a37a0",
    "source_commit_current": "91b8fbd45f339dfb143bac8374000486bd4a37a0",
    "dirty_files": [
      " M evidence/generated/p7_ps_runtime_build_summary.json",
      " M evidence/generated/p7_ps_runtime_build_summary.md",
      " M evidence/generated/vitis/p7_ps_runtime/p7_ps_runtime_build_summary.json",
      "?? evidence/generated/p7_2lane_scope_summary.md",
      "?? evidence/generated/p7_application_protocol_summary.md",
      "?? evidence/generated/p7_artifact_provenance_summary.json",
      "?? evidence/generated/p7_artifact_provenance_summary.md",
      "?? evidence/generated/p7_backend_conformance_summary.md",
      "?? evidence/generated/p7_fault_recovery_summary.md",
      "?? evidence/generated/p7_file_integrity_summary.md",
      "?? evidence/generated/p7_fragmentation_reassembly_summary.md",
      "?? evidence/generated/p7_lane1_promotion_summary.json",
      "?? evidence/generated/p7_lane1_promotion_summary.md",
      "?? evidence/generated/p7_lane_scheduler_summary.md",
      "?? evidence/generated/p7_no_ethernet_summary.md",
      "?? evidence/generated/p7_no_motion_summary.md",
      "?? evidence/generated/p7_offline_gate_summary.json",
      "?? evidence/generated/p7_offline_gate_summary.md",
      "?? evidence/generated/p7_offline_test_run.json",
      "?? evidence/generated/p7_protocol_vector_summary.json",
      "?? evidence/generated/p7_protocol_vector_summary.md",
      "?? evidence/generated/p7_ps_core_hardware_readiness.json",
      "?? evidence/generated/p7_ps_core_hardware_readiness.md",
      "?? evidence/generated/p7_ps_runtime_summary.md",
      "?? evidence/generated/p7_queue_backpressure_summary.md",
      "?? evidence/generated/p7_repo_intake.md",
      "?? evidence/generated/p7_repo_intake_summary.json",
      "?? evidence/generated/p7_repo_intake_summary.md",
      "?? evidence/generated/p7_segmentation_reassembly_summary.md",
      "?? evidence/hardware/p7/authorized_sequence/p7_20260711_stationary_app_r9/"
    ],
    "max_runtime_sec": 600,
    "lane_count": 2,
    "max_lane_mask": "0x3",
    "no_ethernet": true,
    "no_motion": true,
    "shutdown_on_exit": true,
    "abort_file": "C:\\Users\\user\\Documents\\RF_COMM_MULTILANE\\.hardware_authorization\\ABORT_NOW.txt",
    "abort_file_present": false,
    "hw_server_url": "localhost:3121",
    "preflight_tcl": "C:\\Users\\user\\Documents\\RF_COMM_MULTILANE\\scripts\\hw\\p7_hw_preflight.tcl",
    "preflight_tcl_sha256": "95bfbdf7e6c429e6637c1b4224a9dcecaa1fd756a1f665b21a797d54afbfc464",
    "artifacts": {
      "plan": {
        "path": "C:\\Users\\user\\Documents\\RF_COMM_MULTILANE\\evidence\\hardware\\p7\\artifacts\\p7_plan_c6db9d8348c3bc518fa5985595adfcdada1a08f11c9246c6103ec378b43b58dd.md",
        "expected_sha256": "c6db9d8348c3bc518fa5985595adfcdada1a08f11c9246c6103ec378b43b58dd",
        "exists": true,
        "actual_sha256": "c6db9d8348c3bc518fa5985595adfcdada1a08f11c9246c6103ec378b43b58dd"
      },
      "bitstream": {
        "path": "C:\\Users\\user\\Documents\\RF_COMM_MULTILANE\\evidence\\hardware\\p6\\bitstreams\\p6_jtag_dynamic_transport_4830d547d6a667edda8deebae855c3a7154478e298efca70e2526e6f3570b23c.bit",
        "expected_sha256": "4830d547d6a667edda8deebae855c3a7154478e298efca70e2526e6f3570b23c",
        "exists": true,
        "actual_sha256": "4830d547d6a667edda8deebae855c3a7154478e298efca70e2526e6f3570b23c"
      },
      "xsa": {
        "path": "C:\\Users\\user\\Documents\\RF_COMM_MULTILANE\\evidence\\hardware\\p6\\bitstreams\\p6_ps_dynamic_transport_b5d1174eb46d12eb395ceabbbea3c132c5771ca6777194138e68c2eacb2e4fc9.xsa",
        "expected_sha256": "b5d1174eb46d12eb395ceabbbea3c132c5771ca6777194138e68c2eacb2e4fc9",
        "exists": true,
        "actual_sha256": "b5d1174eb46d12eb395ceabbbea3c132c5771ca6777194138e68c2eacb2e4fc9"
      },
      "elf": {
        "path": "C:\\Users\\user\\Documents\\RF_COMM_MULTILANE\\evidence\\hardware\\p7\\artifacts\\p7_runtime_14450369d4c6cbe27899bc69f210278e3b2076573e0122859d266fe63cc8e0ce.elf",
        "expected_sha256": "14450369d4c6cbe27899bc69f210278e3b2076573e0122859d266fe63cc8e0ce",
        "exists": true,
        "actual_sha256": "14450369d4c6cbe27899bc69f210278e3b2076573e0122859d266fe63cc8e0ce"
      },
      "profile": {
        "path": "C:\\Users\\user\\Documents\\RF_COMM_MULTILANE\\profiles\\p7\\p7_stationary_app_30min.json",
        "expected_sha256": "65a36a8318e7fd1e3b647997aceca773c69e76eee85cb8fae922148ccd8f3c94",
        "exists": true,
        "actual_sha256": "65a36a8318e7fd1e3b647997aceca773c69e76eee85cb8fae922148ccd8f3c94"
      },
      "active_xdc": {
        "path": "C:\\Users\\user\\Documents\\RF_COMM_MULTILANE\\constraints\\active\\PORT1.generated.xdc",
        "expected_sha256": "cf23a0d34a2fa76521faf4c91f3858cff2117fa6020d302d1a6109f10254f990",
        "exists": true,
        "actual_sha256": "cf23a0d34a2fa76521faf4c91f3858cff2117fa6020d302d1a6109f10254f990"
      },
      "pinmap": {
        "path": "C:\\Users\\user\\Documents\\RF_COMM_MULTILANE\\board_profiles\\ax7010_tfdu_j10_j11_pinmap.csv",
        "expected_sha256": "4c7d5f0836a2ab48df7672e00f99455e582fbf477b04ed2b3b44ef38506a8a6a",
        "exists": true,
        "actual_sha256": "4c7d5f0836a2ab48df7672e00f99455e582fbf477b04ed2b3b44ef38506a8a6a"
      },
      "register_map": {
        "path": "C:\\Users\\user\\Documents\\RF_COMM_MULTILANE\\config\\register_map\\ir_axi_regs.yaml",
        "expected_sha256": "d5b0bf1476d815a3ed69988c72097827356d4eade48813c8913fc1b2d448983d",
        "exists": true,
        "actual_sha256": "d5b0bf1476d815a3ed69988c72097827356d4eade48813c8913fc1b2d448983d"
      },
      "shutdown_bitstream": {
        "path": "C:\\Users\\user\\Documents\\RF_COMM_MULTILANE\\shutdown_bitstream\\tfdu_shutdown_j10_j11.bit",
        "expected_sha256": "bac60b58912f0acd771dc830a6761535ec8f6a92befb1ae4cb7d928745af5810",
        "exists": true,
        "actual_sha256": "bac60b58912f0acd771dc830a6761535ec8f6a92befb1ae4cb7d928745af5810"
      },
      "ltx": {
        "path": "C:\\Users\\user\\Documents\\RF_COMM_MULTILANE\\evidence\\hardware\\p6\\bitstreams\\p6_jtag_dynamic_transport_76fe1ec47871946a7d357b0caa1f669500de827b796d6154dcc54678e0ac7083.ltx",
        "expected_sha256": "76fe1ec47871946a7d357b0caa1f669500de827b796d6154dcc54678e0ac7083",
        "exists": true,
        "actual_sha256": "76fe1ec47871946a7d357b0caa1f669500de827b796d6154dcc54678e0ac7083"
      }
    },
    "errors": [],
    "warnings": [
      "workspace has uncommitted changes; frozen artifact hashes remain authoritative"
    ]
  },
  "stage_validation_errors": [],
  "transaction_validation": {
    "format": "P7_JTAG_AXI_TRANSACTIONS_V1",
    "path": "C:\\Users\\user\\Documents\\RF_COMM_MULTILANE\\build\\p7_authorized_sequence\\p7_20260711_stationary_app_r9\\transactions\\001_p7_safe_idle.transactions.txt",
    "expected_sha256": "c164be9bf94510474c01711914bb37bdc800f28b9f5a3134e59f344e912c391d",
    "actual_sha256": "c164be9bf94510474c01711914bb37bdc800f28b9f5a3134e59f344e912c391d",
    "operation_count": 13,
    "poll_operation_count": 0,
    "poll_iteration_ceiling": 0,
    "metadata": {
      "EVIDENCE_KIND": "safe_idle"
    },
    "errors": [],
    "size_bytes": 790,
    "start_operation_count": 0,
    "commit_operation_count": 0,
    "payload_write_count": 0,
    "result_keys": [
      "SAFE_CRC_BAD",
      "SAFE_DUTY_VIOLATION",
      "SAFE_ERROR_CODE",
      "SAFE_PAYLOAD_MISMATCH",
      "SAFE_RETRY_EXHAUSTED",
      "SAFE_RX_GOOD_L0",
      "SAFE_RX_GOOD_L1",
      "SAFE_STATUS",
      "SAFE_STICKY_ERROR",
      "SAFE_TXD_HIGH_MAX",
      "SAFE_TX_COUNT",
      "SAFE_TX_FAIL"
    ],
    "write_operations": [
      {
        "offset": "0x100",
        "value": "0x00000030"
      }
    ],
    "runtime_feasibility": {
      "jtag_frequency_hz": 1000000,
      "reference_jtag_frequency_hz": 1000000,
      "estimated_axi_operation_us_at_1mhz": 1250,
      "estimated_stage_fixed_overhead_seconds": 30.0,
      "estimate_model": "one_axi_read_per_poll_operation_global_deadline_authoritative",
      "estimated_stage_runtime_seconds": 30.01625,
      "minimum_stage_runtime_sec": 31,
      "authorized_runtime_sec": 600,
      "feasible_within_authorized_runtime": true,
      "containment_initial_empty_wait_seconds": 0,
      "expected_tool_daemon_grace_seconds": 30,
      "containment_total_exit_window_seconds": 30,
      "containment_topology_revalidation_interval_seconds": 0.1,
      "containment_forced_cleanup_wait_seconds": 10,
      "containment_failure_bound_seconds": 40,
      "jtag_wrapper_vivado_process_count": 4,
      "jtag_wrapper_containment_allowance_seconds": 120,
      "jtag_wrapper_max_forced_cleanup_events": 2,
      "jtag_wrapper_forced_cleanup_reserve_seconds": 20,
      "jtag_wrapper_other_guard_seconds": 65,
      "jtag_wrapper_bookkeeping_guard_seconds": 45,
      "jtag_wrapper_other_guard_after_forced_cleanup_seconds": 45,
      "global_runtime_budget": {
        "minimum_estimated_global_runtime_sec": 366,
        "configured_global_timeout_ceiling_sec": 425,
        "authorized_global_runtime_sec": 600,
        "containment_initial_empty_wait_seconds": 0,
        "expected_tool_daemon_grace_seconds": 30,
        "containment_total_exit_window_seconds": 30,
        "containment_topology_revalidation_interval_seconds": 0.1,
        "containment_success_bound_seconds_each": 30,
        "containment_failure_bound_seconds_each": 40,
        "contained_vivado_process_count": 4,
        "containment_allowance_seconds": 120,
        "max_forced_cleanup_events": 2,
        "forced_cleanup_wait_seconds": 10,
        "forced_cleanup_reserve_seconds": 20,
        "other_guard_seconds": 65,
        "bookkeeping_guard_seconds": 45,
        "other_guard_after_forced_cleanup_seconds": 45,
        "configured_unallocated_margin_seconds": 175,
        "estimated_unallocated_margin_seconds": 234,
        "minimum_stage_fits_configured_timeout": true,
        "feasible": true
      }
    },
    "valid": true,
    "backend_manifest": {
      "semantic_mode": "safe-idle",
      "required": false
    },
    "global_runtime_budget": {
      "minimum_estimated_global_runtime_sec": 366,
      "configured_global_timeout_ceiling_sec": 425,
      "authorized_global_runtime_sec": 600,
      "containment_initial_empty_wait_seconds": 0,
      "expected_tool_daemon_grace_seconds": 30,
      "containment_total_exit_window_seconds": 30,
      "containment_topology_revalidation_interval_seconds": 0.1,
      "containment_success_bound_seconds_each": 30,
      "containment_failure_bound_seconds_each": 40,
      "contained_vivado_process_count": 4,
      "containment_allowance_seconds": 120,
      "max_forced_cleanup_events": 2,
      "forced_cleanup_wait_seconds": 10,
      "forced_cleanup_reserve_seconds": 20,
      "other_guard_seconds": 65,
      "bookkeeping_guard_seconds": 45,
      "other_guard_after_forced_cleanup_seconds": 45,
      "configured_unallocated_margin_seconds": 175,
      "estimated_unallocated_margin_seconds": 234,
      "minimum_stage_fits_configured_timeout": true,
      "feasible": true
    }
  },
  "exit_code_policy": "returncode_must_be_exactly_zero_and_required_markers_must_match",
  "transaction_format_boundary": "strict_P7_JTAG_AXI_TRANSACTIONS_V1_no_source_no_eval_no_external_commands",
  "hardware_execution_lock": {
    "path": "C:\\Users\\user\\Documents\\RF_COMM_MULTILANE\\.hardware_authorization\\P7_HARDWARE_EXECUTION.lock",
    "token_sha256": "aa9ac7eded8b199c0290b1bac8532b662143d44c424298fd25dc378545aadc91",
    "owner": {
      "schema": "rf-comm-p7-hardware-execution-lock-v1",
      "pid": 22552,
      "wrapper": "run_p7_jtag_axi_stage_safe.py",
      "stage_name": "p7_safe_idle",
      "acquired_at_utc": "2026-07-11T11:09:54.546087+00:00",
      "evidence_dir": "C:\\Users\\user\\Documents\\RF_COMM_MULTILANE\\evidence\\hardware\\p7\\authorized_sequence\\p7_20260711_stationary_app_r9\\001_p7_safe_idle"
    },
    "acquired": true,
    "stale_lock_auto_recovery": false
  },
  "global_runtime_deadline_source": "host_monotonic",
  "global_runtime_guard_seconds": 65,
  "global_runtime_budget_components": {
    "contained_vivado_process_count": 4,
    "initial_empty_wait_seconds_per_process": 0,
    "expected_tool_daemon_grace_seconds_per_process": 30,
    "total_containment_window_seconds_per_process": 30,
    "topology_revalidation_interval_seconds": 0.1,
    "containment_allowance_seconds": 120,
    "forced_cleanup_wait_seconds": 10,
    "failure_containment_bound_seconds_per_failed_process": 40,
    "max_forced_cleanup_events": 2,
    "forced_cleanup_reserve_seconds": 20,
    "bookkeeping_guard_seconds": 45,
    "other_guard_seconds": 65
  },
  "evidence_dir": "C:\\Users\\user\\Documents\\RF_COMM_MULTILANE\\evidence\\hardware\\p7\\authorized_sequence\\p7_20260711_stationary_app_r9\\001_p7_safe_idle",
  "event_log": "C:\\Users\\user\\Documents\\RF_COMM_MULTILANE\\evidence\\hardware\\p7\\authorized_sequence\\p7_20260711_stationary_app_r9\\001_p7_safe_idle\\p7_jtag_axi_stage_events.jsonl",
  "preflight_process": {
    "name": "preflight",
    "returncode": 0,
    "stdout_path": "C:\\Users\\user\\Documents\\RF_COMM_MULTILANE\\evidence\\hardware\\p7\\authorized_sequence\\p7_20260711_stationary_app_r9\\001_p7_safe_idle\\p7_preflight.stdout.log",
    "stderr_path": "C:\\Users\\user\\Documents\\RF_COMM_MULTILANE\\evidence\\hardware\\p7\\authorized_sequence\\p7_20260711_stationary_app_r9\\001_p7_safe_idle\\p7_preflight.stderr.log",
    "elapsed_seconds": 31.310358,
    "argv": [
      "D:\\Xilinx\\Vivado\\2023.1\\bin\\vivado.bat",
      "-mode",
      "batch",
      "-source",
      "C:\\Users\\user\\Documents\\RF_COMM_MULTILANE\\scripts\\hw\\p7_hw_preflight.tcl",
      "-tclargs",
      "C:\\Users\\user\\Documents\\RF_COMM_MULTILANE",
      "C:\\Users\\user\\Documents\\RF_COMM_MULTILANE\\.hardware_authorization\\p7_20260711_stationary_app_r9_001_p7_safe_idle.txt",
      "210512180081",
      "xc7z010clg400-1",
      "localhost:3121/xilinx_tcf/Digilent/210512180081",
      "localhost:3121",
      "C:\\Users\\user\\Documents\\RF_COMM_MULTILANE\\evidence\\hardware\\p7\\authorized_sequence\\p7_20260711_stationary_app_r9\\001_p7_safe_idle\\p7_preflight_result.txt"
    ],
    "started_at_utc": "2026-07-11T11:09:54.549082+00:00",
    "ended_at_utc": "2026-07-11T11:10:25.859449+00:00",
    "timed_out": false,
    "abort_seen": false,
    "interrupted": false,
    "process_tree_terminated": false,
    "process_tree_reaped": true,
    "containment_kind": "WINDOWS_JOB_OBJECT_KILL_ON_CLOSE",
    "containment_assigned": true,
    "containment_closed": true,
    "descendant_count_after": 0,
    "expected_tool_daemon_grace_used": true,
    "expected_tool_daemon_grace_seconds": 30.0,
    "expected_tool_daemon_paths": [
      "D:\\Xilinx\\Vivado\\2023.1\\bin\\unwrapped\\win64.o\\cs_server.exe",
      "D:\\Xilinx\\Vivado\\2023.1\\bin\\unwrapped\\win64.o\\rdi_xsdb.exe",
      "C:\\Windows\\System32\\cmd.exe",
      "C:\\Windows\\System32\\conhost.exe"
    ],
    "descendant_paths_seen": [
      "D:\\Xilinx\\Vivado\\2023.1\\bin\\unwrapped\\win64.o\\cs_server.exe",
      "C:\\Windows\\System32\\cmd.exe",
      "D:\\Xilinx\\Vivado\\2023.1\\bin\\unwrapped\\win64.o\\rdi_xsdb.exe",
      "C:\\Windows\\System32\\conhost.exe",
      "C:\\Windows\\System32\\conhost.exe",
      "D:\\Xilinx\\Vivado\\2023.1\\bin\\unwrapped\\win64.o\\cs_server.exe"
    ],
    "descendant_processes_seen": [
      {
        "pid": 4056,
        "parent_pid": 836,
        "parent_active_globally": false,
        "image_path": "D:\\Xilinx\\Vivado\\2023.1\\bin\\unwrapped\\win64.o\\cs_server.exe",
        "creation_time_100ns": 134282418031880844
      },
      {
        "pid": 18060,
        "parent_pid": 14008,
        "parent_active_globally": false,
        "image_path": "C:\\Windows\\System32\\cmd.exe",
        "creation_time_100ns": 134282418036907832
      },
      {
        "pid": 30900,
        "parent_pid": 18060,
        "parent_active_globally": true,
        "image_path": "D:\\Xilinx\\Vivado\\2023.1\\bin\\unwrapped\\win64.o\\rdi_xsdb.exe",
        "creation_time_100ns": 134282418040062201
      },
      {
        "pid": 31576,
        "parent_pid": 47892,
        "parent_active_globally": false,
        "image_path": "C:\\Windows\\System32\\conhost.exe",
        "creation_time_100ns": 134282418025066138
      },
      {
        "pid": 38872,
        "parent_pid": 18060,
        "parent_active_globally": true,
        "image_path": "C:\\Windows\\System32\\conhost.exe",
        "creation_time_100ns": 134282418036966130
      },
      {
        "pid": 47340,
        "parent_pid": 4056,
        "parent_active_globally": true,
        "image_path": "D:\\Xilinx\\Vivado\\2023.1\\bin\\unwrapped\\win64.o\\cs_server.exe",
        "creation_time_100ns": 134282418032849651
      }
    ],
    "expected_tool_daemon_classification": "EXACT_R2_VIVADO_EXIT_HELPER_FOREST",
    "expected_tool_daemon_topology_snapshots": [
      {
        "classification": "EXACT_R2_VIVADO_EXIT_HELPER_FOREST",
        "elapsed_seconds": 0.007148,
        "processes": [
          {
            "pid": 4056,
            "parent_pid": 836,
            "parent_active_globally": false,
            "image_path": "D:\\Xilinx\\Vivado\\2023.1\\bin\\unwrapped\\win64.o\\cs_server.exe",
            "creation_time_100ns": 134282418031880844
          },
          {
            "pid": 18060,
            "parent_pid": 14008,
            "parent_active_globally": false,
            "image_path": "C:\\Windows\\System32\\cmd.exe",
            "creation_time_100ns": 134282418036907832
          },
          {
            "pid": 30900,
            "parent_pid": 18060,
            "parent_active_globally": true,
            "image_path": "D:\\Xilinx\\Vivado\\2023.1\\bin\\unwrapped\\win64.o\\rdi_xsdb.exe",
            "creation_time_100ns": 134282418040062201
          },
          {
            "pid": 31576,
            "parent_pid": 47892,
            "parent_active_globally": false,
            "image_path": "C:\\Windows\\System32\\conhost.exe",
            "creation_time_100ns": 134282418025066138
          },
          {
            "pid": 38872,
            "parent_pid": 18060,
            "parent_active_globally": true,
            "image_path": "C:\\Windows\\System32\\conhost.exe",
            "creation_time_100ns": 134282418036966130
          },
          {
            "pid": 47340,
            "parent_pid": 4056,
            "parent_active_globally": true,
            "image_path": "D:\\Xilinx\\Vivado\\2023.1\\bin\\unwrapped\\win64.o\\cs_server.exe",
            "creation_time_100ns": 134282418032849651
          }
        ]
      },
      {
        "classification": "STRICT_SHRINK_SUBSET_OF_EXACT_R2_VIVADO_EXIT_HELPER_FOREST",
        "elapsed_seconds": 19.612091,
        "processes": [
          {
            "pid": 4056,
            "parent_pid": 836,
            "parent_active_globally": false,
            "image_path": "D:\\Xilinx\\Vivado\\2023.1\\bin\\unwrapped\\win64.o\\cs_server.exe",
            "creation_time_100ns": 134282418031880844
          },
          {
            "pid": 31576,
            "parent_pid": 47892,
            "parent_active_globally": false,
            "image_path": "C:\\Windows\\System32\\conhost.exe",
            "creation_time_100ns": 134282418025066138
          },
          {
            "pid": 47340,
            "parent_pid": 4056,
            "parent_active_globally": true,
            "image_path": "D:\\Xilinx\\Vivado\\2023.1\\bin\\unwrapped\\win64.o\\cs_server.exe",
            "creation_time_100ns": 134282418032849651
          }
        ]
      },
      {
        "classification": "EMPTY",
        "elapsed_seconds": 20.746821,
        "processes": []
      }
    ],
    "expected_tool_daemon_topology_revalidation_count": 192,
    "expected_tool_daemon_topology_monotonic": true,
    "expected_tool_daemon_topology_sample_elapsed_seconds": [
      4.7e-05,
      0.007148,
      0.114734,
      0.22283,
      0.331264,
      0.439228,
      0.546582,
      0.655307,
      0.763932,
      0.872015,
      0.980533,
      1.089509,
      1.197992,
      1.306533,
      1.413765,
      1.522108,
      1.629924,
      1.738697,
      1.847437,
      1.955866,
      2.06447,
      2.172837,
      2.281775,
      2.390612,
      2.499275,
      2.607485,
      2.716077,
      2.824316,
      2.931707,
      3.040413,
      3.15047,
      3.259062,
      3.366389,
      3.472979,
      3.581694,
      3.690053,
      3.798282,
      3.906287,
      4.014535,
      4.12239,
      4.229868,
      4.339133,
      4.446545,
      4.55572,
      4.665618,
      4.77346,
      4.881793,
      4.990391,
      5.097671,
      5.205549,
      5.313726,
      5.422348,
      5.531775,
      5.640422,
      5.748899,
      5.856984,
      5.964792,
      6.073223,
      6.186806,
      6.294084,
      6.403035,
      6.512373,
      6.6202,
      6.728255,
      6.83587,
      6.94494,
      7.053985,
      7.16087,
      7.269193,
      7.377666,
      7.486044,
      7.594012,
      7.702308,
      7.810927,
      7.919627,
      8.028224,
      8.136444,
      8.245651,
      8.354538,
      8.461662,
      8.570318,
      8.678853,
      8.786871,
      8.894761,
      9.002158,
      9.108979,
      9.217862,
      9.326025,
      9.433956,
      9.542217,
      9.64982,
      9.758402,
      9.866503,
      9.974315,
      10.080921,
      10.189702,
      10.298115,
      10.406368,
      10.514904,
      10.622284,
      10.729799,
      10.837892,
      10.947407,
      11.055717,
      11.164625,
      11.272948,
      11.380871,
      11.489324,
      11.59713,
      11.705331,
      11.813597,
      11.921941,
      12.029904,
      12.137362,
      12.246546,
      12.363729,
      12.471335,
      12.579746,
      12.687697,
      12.796247,
      12.904441,
      13.011258,
      13.119695,
      13.227999,
      13.336413,
      13.445426,
      13.553114,
      13.66073,
      13.769443,
      13.876535,
      13.985138,
      14.093672,
      14.200289,
      14.309789,
      14.418464,
      14.526196,
      14.632835,
      14.741086,
      14.849219,
      14.958188,
      15.067064,
      15.174484,
      15.280702,
      15.389327,
      15.49776,
      15.604766,
      15.7133,
      15.821996,
      15.929728,
      16.038853,
      16.14728,
      16.255923,
      16.36375,
      16.472479,
      16.581144,
      16.688753,
      16.797513,
      16.906249,
      17.013559,
      17.121701,
      17.229796,
      17.338413,
      17.445457,
      17.553378,
      17.661435,
      17.770226,
      17.878283,
      17.987046,
      18.095109,
      18.203577,
      18.312189,
      18.420544,
      18.529717,
      18.63812,
      18.746403,
      18.854995,
      18.962698,
      19.071084,
      19.178926,
      19.28795,
      19.395445,
      19.503506,
      19.612091,
      19.720434,
      19.828337,
      19.935175,
      20.04443,
      20.153239,
      20.262318,
      20.369347,
      20.478435,
      20.587354,
      20.696126,
      20.746821
    ],
    "expected_tool_daemon_topology_max_sample_gap_seconds": 0.117183,
    "expected_tool_daemon_grace_elapsed_seconds": 20.746841,
    "expected_tool_daemon_hashes_verified": true,
    "expected_tool_daemon_sha256_by_role": {
      "cs_server": "9bf0e15ffe162a96679c14b8117cf8ebe8a47b8032bee4ab8cb0317c112df536",
      "rdi_xsdb": "3193d8c4e7115e82e5b4ea6c2eb1aa8a7566bd5a9f9c78e9d901b9eab9d4ebfc",
      "cmd": "75320a519959cc6d089ea3eba33c38caccb7f138a025ea439bc9686cdb79ded4",
      "conhost": "a93cbb36b9c02364be6a72817174c46f94b66715549f279c6592ed659d237911"
    },
    "expected_tool_daemon_hash_error": "",
    "expected_tool_daemon_prelaunch_hashes_verified": true,
    "expected_tool_daemon_prelaunch_sha256_by_role": {
      "cs_server": "9bf0e15ffe162a96679c14b8117cf8ebe8a47b8032bee4ab8cb0317c112df536",
      "rdi_xsdb": "3193d8c4e7115e82e5b4ea6c2eb1aa8a7566bd5a9f9c78e9d901b9eab9d4ebfc",
      "cmd": "75320a519959cc6d089ea3eba33c38caccb7f138a025ea439bc9686cdb79ded4",
      "conhost": "a93cbb36b9c02364be6a72817174c46f94b66715549f279c6592ed659d237911"
    },
    "expected_tool_daemon_prelaunch_hash_error": "",
    "expected_tool_daemon_postexit_hashes_verified": true,
    "expected_tool_daemon_postexit_sha256_by_role": {
      "cs_server": "9bf0e15ffe162a96679c14b8117cf8ebe8a47b8032bee4ab8cb0317c112df536",
      "rdi_xsdb": "3193d8c4e7115e82e5b4ea6c2eb1aa8a7566bd5a9f9c78e9d901b9eab9d4ebfc",
      "cmd": "75320a519959cc6d089ea3eba33c38caccb7f138a025ea439bc9686cdb79ded4",
      "conhost": "a93cbb36b9c02364be6a72817174c46f94b66715549f279c6592ed659d237911"
    },
    "expected_tool_daemon_postexit_hash_error": "",
    "expected_tool_daemon_topology_error": "",
    "expected_tool_daemon_topology_terminal_empty": true,
    "process_identity_query_retry_count": 0,
    "process_exit_race_recheck_count": 0,
    "process_identity_query_transient_errors": [],
    "containment_cleanup_attempted": false,
    "containment_cleanup_terminated": false,
    "process_exit_race_rechecked": false,
    "process_identity_query_retried": false,
    "containment_query_error": "",
    "launch_error": ""
  },
  "preflight_result_file": "C:\\Users\\user\\Documents\\RF_COMM_MULTILANE\\evidence\\hardware\\p7\\authorized_sequence\\p7_20260711_stationary_app_r9\\001_p7_safe_idle\\p7_preflight_result.txt",
  "preflight_failures": [],
  "target_identity": {
    "P7_HW_PREFLIGHT_AUTHORIZED": "1",
    "P7_HW_PREFLIGHT_READ_ONLY": "1",
    "P7_HW_PREFLIGHT_BOARD_ID": "210512180081",
    "P7_HW_PREFLIGHT_TARGET": "localhost:3121/xilinx_tcf/Digilent/210512180081",
    "P7_HW_PREFLIGHT_DEVICE": "xc7z010_1",
    "P7_HW_PREFLIGHT_PART": "xc7z010clg400-1",
    "P7_HW_PREFLIGHT_IDCODE": "00010011011100100010000010010011",
    "P7_HW_PREFLIGHT_CANONICAL_PART": "xc7z010clg400-1",
    "P7_HW_PREFLIGHT_LIVE_PART": "xc7z010",
    "P7_HW_PREFLIGHT_LIVE_DEVICE": "xc7z010_1",
    "P7_HW_PREFLIGHT_LIVE_IDCODE": "00010011011100100010000010010011",
    "P7_HW_PREFLIGHT_RESULT": "PASS"
  },
  "shutdown_before": {
    "name": "shutdown_before",
    "returncode": 0,
    "stdout_path": "C:\\Users\\user\\Documents\\RF_COMM_MULTILANE\\evidence\\hardware\\p7\\authorized_sequence\\p7_20260711_stationary_app_r9\\001_p7_safe_idle\\p7_shutdown_before.stdout.log",
    "stderr_path": "C:\\Users\\user\\Documents\\RF_COMM_MULTILANE\\evidence\\hardware\\p7\\authorized_sequence\\p7_20260711_stationary_app_r9\\001_p7_safe_idle\\p7_shutdown_before.stderr.log",
    "elapsed_seconds": 48.426228,
    "argv": [
      "D:\\Xilinx\\Vivado\\2023.1\\bin\\vivado.bat",
      "-mode",
      "batch",
      "-source",
      "C:\\Users\\user\\Documents\\RF_COMM_MULTILANE\\scripts\\hw\\p7_jtag_axi_transactions.tcl",
      "-tclargs",
      "C:\\Users\\user\\Documents\\RF_COMM_MULTILANE",
      "SHUTDOWN",
      "C:\\Users\\user\\Documents\\RF_COMM_MULTILANE\\.hardware_authorization\\p7_20260711_stationary_app_r9_001_p7_safe_idle.txt",
      "210512180081",
      "xc7z010clg400-1",
      "localhost:3121/xilinx_tcf/Digilent/210512180081",
      "localhost:3121",
      "1000000",
      "C:\\Users\\user\\Documents\\RF_COMM_MULTILANE\\shutdown_bitstream\\tfdu_shutdown_j10_j11.bit",
      "-",
      "-",
      "C:\\Users\\user\\Documents\\RF_COMM_MULTILANE\\evidence\\hardware\\p7\\authorized_sequence\\p7_20260711_stationary_app_r9\\001_p7_safe_idle\\p7_shutdown_before_result.txt",
      "0x43c00000",
      "1100000",
      "134217728",
      "90",
      "C:\\Users\\user\\Documents\\RF_COMM_MULTILANE\\shutdown_bitstream\\tfdu_shutdown_j10_j11.bit"
    ],
    "started_at_utc": "2026-07-11T11:10:25.871244+00:00",
    "ended_at_utc": "2026-07-11T11:11:14.297480+00:00",
    "timed_out": false,
    "abort_seen": false,
    "interrupted": false,
    "process_tree_terminated": false,
    "process_tree_reaped": true,
    "containment_kind": "WINDOWS_JOB_OBJECT_KILL_ON_CLOSE",
    "containment_assigned": true,
    "containment_closed": true,
    "descendant_count_after": 0,
    "expected_tool_daemon_grace_used": true,
    "expected_tool_daemon_grace_seconds": 30.0,
    "expected_tool_daemon_paths": [
      "D:\\Xilinx\\Vivado\\2023.1\\bin\\unwrapped\\win64.o\\cs_server.exe",
      "D:\\Xilinx\\Vivado\\2023.1\\bin\\unwrapped\\win64.o\\rdi_xsdb.exe",
      "C:\\Windows\\System32\\cmd.exe",
      "C:\\Windows\\System32\\conhost.exe"
    ],
    "descendant_paths_seen": [
      "D:\\Xilinx\\Vivado\\2023.1\\bin\\unwrapped\\win64.o\\cs_server.exe",
      "D:\\Xilinx\\Vivado\\2023.1\\bin\\unwrapped\\win64.o\\rdi_xsdb.exe",
      "C:\\Windows\\System32\\conhost.exe",
      "C:\\Windows\\System32\\conhost.exe",
      "D:\\Xilinx\\Vivado\\2023.1\\bin\\unwrapped\\win64.o\\cs_server.exe",
      "C:\\Windows\\System32\\cmd.exe"
    ],
    "descendant_processes_seen": [
      {
        "pid": 20272,
        "parent_pid": 47688,
        "parent_active_globally": false,
        "image_path": "D:\\Xilinx\\Vivado\\2023.1\\bin\\unwrapped\\win64.o\\cs_server.exe",
        "creation_time_100ns": 134282418344899879
      },
      {
        "pid": 22292,
        "parent_pid": 47172,
        "parent_active_globally": true,
        "image_path": "D:\\Xilinx\\Vivado\\2023.1\\bin\\unwrapped\\win64.o\\rdi_xsdb.exe",
        "creation_time_100ns": 134282418353360612
      },
      {
        "pid": 34172,
        "parent_pid": 37580,
        "parent_active_globally": false,
        "image_path": "C:\\Windows\\System32\\conhost.exe",
        "creation_time_100ns": 134282418338108416
      },
      {
        "pid": 39948,
        "parent_pid": 47172,
        "parent_active_globally": true,
        "image_path": "C:\\Windows\\System32\\conhost.exe",
        "creation_time_100ns": 134282418350235977
      },
      {
        "pid": 43532,
        "parent_pid": 20272,
        "parent_active_globally": true,
        "image_path": "D:\\Xilinx\\Vivado\\2023.1\\bin\\unwrapped\\win64.o\\cs_server.exe",
        "creation_time_100ns": 134282418345876959
      },
      {
        "pid": 47172,
        "parent_pid": 24244,
        "parent_active_globally": false,
        "image_path": "C:\\Windows\\System32\\cmd.exe",
        "creation_time_100ns": 134282418350165749
      }
    ],
    "expected_tool_daemon_classification": "EXACT_R2_VIVADO_EXIT_HELPER_FOREST",
    "expected_tool_daemon_topology_snapshots": [
      {
        "classification": "EXACT_R2_VIVADO_EXIT_HELPER_FOREST",
        "elapsed_seconds": 0.005604,
        "processes": [
          {
            "pid": 20272,
            "parent_pid": 47688,
            "parent_active_globally": false,
            "image_path": "D:\\Xilinx\\Vivado\\2023.1\\bin\\unwrapped\\win64.o\\cs_server.exe",
            "creation_time_100ns": 134282418344899879
          },
          {
            "pid": 22292,
            "parent_pid": 47172,
            "parent_active_globally": true,
            "image_path": "D:\\Xilinx\\Vivado\\2023.1\\bin\\unwrapped\\win64.o\\rdi_xsdb.exe",
            "creation_time_100ns": 134282418353360612
          },
          {
            "pid": 34172,
            "parent_pid": 37580,
            "parent_active_globally": false,
            "image_path": "C:\\Windows\\System32\\conhost.exe",
            "creation_time_100ns": 134282418338108416
          },
          {
            "pid": 39948,
            "parent_pid": 47172,
            "parent_active_globally": true,
            "image_path": "C:\\Windows\\System32\\conhost.exe",
            "creation_time_100ns": 134282418350235977
          },
          {
            "pid": 43532,
            "parent_pid": 20272,
            "parent_active_globally": true,
            "image_path": "D:\\Xilinx\\Vivado\\2023.1\\bin\\unwrapped\\win64.o\\cs_server.exe",
            "creation_time_100ns": 134282418345876959
          },
          {
            "pid": 47172,
            "parent_pid": 24244,
            "parent_active_globally": false,
            "image_path": "C:\\Windows\\System32\\cmd.exe",
            "creation_time_100ns": 134282418350165749
          }
        ]
      },
      {
        "classification": "STRICT_SHRINK_SUBSET_OF_EXACT_R2_VIVADO_EXIT_HELPER_FOREST",
        "elapsed_seconds": 19.271761,
        "processes": [
          {
            "pid": 20272,
            "parent_pid": 47688,
            "parent_active_globally": false,
            "image_path": "D:\\Xilinx\\Vivado\\2023.1\\bin\\unwrapped\\win64.o\\cs_server.exe",
            "creation_time_100ns": 134282418344899879
          },
          {
            "pid": 34172,
            "parent_pid": 37580,
            "parent_active_globally": false,
            "image_path": "C:\\Windows\\System32\\conhost.exe",
            "creation_time_100ns": 134282418338108416
          },
          {
            "pid": 43532,
            "parent_pid": 20272,
            "parent_active_globally": true,
            "image_path": "D:\\Xilinx\\Vivado\\2023.1\\bin\\unwrapped\\win64.o\\cs_server.exe",
            "creation_time_100ns": 134282418345876959
          }
        ]
      },
      {
        "classification": "EMPTY",
        "elapsed_seconds": 20.40517,
        "processes": []
      }
    ],
    "expected_tool_daemon_topology_revalidation_count": 189,
    "expected_tool_daemon_topology_monotonic": true,
    "expected_tool_daemon_topology_sample_elapsed_seconds": [
      4.2e-05,
      0.005604,
      0.114941,
      0.223453,
      0.331404,
      0.439592,
      0.546778,
      0.654121,
      0.76293,
      0.871897,
      0.980373,
      1.088704,
      1.197597,
      1.306689,
      1.415024,
      1.521935,
      1.628738,
      1.738384,
      1.846798,
      1.955331,
      2.062553,
      2.170579,
      2.27922,
      2.387833,
      2.496591,
      2.604882,
      2.712115,
      2.820365,
      2.928358,
      3.035995,
      3.144658,
      3.253175,
      3.362347,
      3.470837,
      3.577793,
      3.685925,
      3.793517,
      3.90219,
      4.010503,
      4.119609,
      4.227855,
      4.335735,
      4.443293,
      4.551132,
      4.659291,
      4.76784,
      4.87393,
      4.982332,
      5.090248,
      5.198639,
      5.306924,
      5.414892,
      5.523405,
      5.631378,
      5.739278,
      5.848209,
      5.956868,
      6.065171,
      6.173765,
      6.281283,
      6.390732,
      6.499294,
      6.607795,
      6.716131,
      6.824872,
      6.931829,
      7.039608,
      7.147522,
      7.255708,
      7.36278,
      7.471372,
      7.580116,
      7.688618,
      7.796746,
      7.905524,
      8.0119,
      8.119655,
      8.227092,
      8.335319,
      8.444127,
      8.552909,
      8.662396,
      8.770647,
      8.879637,
      8.986997,
      9.095341,
      9.203588,
      9.312616,
      9.420756,
      9.528843,
      9.634963,
      9.743792,
      9.85191,
      9.96078,
      10.068915,
      10.177268,
      10.285631,
      10.394455,
      10.503087,
      10.611631,
      10.719923,
      10.826675,
      10.935303,
      11.0439,
      11.151795,
      11.260003,
      11.36841,
      11.476695,
      11.585343,
      11.693775,
      11.800952,
      11.909345,
      12.017136,
      12.125497,
      12.234069,
      12.342269,
      12.448823,
      12.557174,
      12.665507,
      12.773013,
      12.881002,
      12.988979,
      13.096554,
      13.20463,
      13.312893,
      13.421383,
      13.528475,
      13.637667,
      13.746018,
      13.853977,
      13.962535,
      14.069655,
      14.176835,
      14.285366,
      14.393465,
      14.501125,
      14.609835,
      14.718244,
      14.827535,
      14.936628,
      15.043724,
      15.151773,
      15.260449,
      15.369216,
      15.477405,
      15.584817,
      15.693272,
      15.801771,
      15.910113,
      16.01792,
      16.13096,
      16.239008,
      16.34688,
      16.455164,
      16.563047,
      16.671638,
      16.780517,
      16.888425,
      16.995228,
      17.102681,
      17.212943,
      17.32104,
      17.428934,
      17.536871,
      17.644059,
      17.752815,
      17.861611,
      17.970281,
      18.079404,
      18.18787,
      18.295414,
      18.402939,
      18.510405,
      18.61901,
      18.727537,
      18.835512,
      18.944637,
      19.054453,
      19.163326,
      19.271761,
      19.379333,
      19.486684,
      19.594858,
      19.703298,
      19.811291,
      19.918964,
      20.026802,
      20.135413,
      20.24383,
      20.35437,
      20.40517
    ],
    "expected_tool_daemon_topology_max_sample_gap_seconds": 0.11304,
    "expected_tool_daemon_grace_elapsed_seconds": 20.405189,
    "expected_tool_daemon_hashes_verified": true,
    "expected_tool_daemon_sha256_by_role": {
      "cs_server": "9bf0e15ffe162a96679c14b8117cf8ebe8a47b8032bee4ab8cb0317c112df536",
      "rdi_xsdb": "3193d8c4e7115e82e5b4ea6c2eb1aa8a7566bd5a9f9c78e9d901b9eab9d4ebfc",
      "cmd": "75320a519959cc6d089ea3eba33c38caccb7f138a025ea439bc9686cdb79ded4",
      "conhost": "a93cbb36b9c02364be6a72817174c46f94b66715549f279c6592ed659d237911"
    },
    "expected_tool_daemon_hash_error": "",
    "expected_tool_daemon_prelaunch_hashes_verified": true,
    "expected_tool_daemon_prelaunch_sha256_by_role": {
      "cs_server": "9bf0e15ffe162a96679c14b8117cf8ebe8a47b8032bee4ab8cb0317c112df536",
      "rdi_xsdb": "3193d8c4e7115e82e5b4ea6c2eb1aa8a7566bd5a9f9c78e9d901b9eab9d4ebfc",
      "cmd": "75320a519959cc6d089ea3eba33c38caccb7f138a025ea439bc9686cdb79ded4",
      "conhost": "a93cbb36b9c02364be6a72817174c46f94b66715549f279c6592ed659d237911"
    },
    "expected_tool_daemon_prelaunch_hash_error": "",
    "expected_tool_daemon_postexit_hashes_verified": true,
    "expected_tool_daemon_postexit_sha256_by_role": {
      "cs_server": "9bf0e15ffe162a96679c14b8117cf8ebe8a47b8032bee4ab8cb0317c112df536",
      "rdi_xsdb": "3193d8c4e7115e82e5b4ea6c2eb1aa8a7566bd5a9f9c78e9d901b9eab9d4ebfc",
      "cmd": "75320a519959cc6d089ea3eba33c38caccb7f138a025ea439bc9686cdb79ded4",
      "conhost": "a93cbb36b9c02364be6a72817174c46f94b66715549f279c6592ed659d237911"
    },
    "expected_tool_daemon_postexit_hash_error": "",
    "expected_tool_daemon_topology_error": "",
    "expected_tool_daemon_topology_terminal_empty": true,
    "process_identity_query_retry_count": 0,
    "process_exit_race_recheck_count": 0,
    "process_identity_query_transient_errors": [],
    "containment_cleanup_attempted": false,
    "containment_cleanup_terminated": false,
    "process_exit_race_rechecked": false,
    "process_identity_query_retried": false,
    "containment_query_error": "",
    "launch_error": "",
    "attempted": true,
    "programming_attempted": true,
    "result_file": "C:\\Users\\user\\Documents\\RF_COMM_MULTILANE\\evidence\\hardware\\p7\\authorized_sequence\\p7_20260711_stationary_app_r9\\001_p7_safe_idle\\p7_shutdown_before_result.txt",
    "passed": true,
    "failures": []
  },
  "shutdown_after": {
    "name": "shutdown_after",
    "returncode": 0,
    "stdout_path": "C:\\Users\\user\\Documents\\RF_COMM_MULTILANE\\evidence\\hardware\\p7\\authorized_sequence\\p7_20260711_stationary_app_r9\\001_p7_safe_idle\\p7_shutdown_after.stdout.log",
    "stderr_path": "C:\\Users\\user\\Documents\\RF_COMM_MULTILANE\\evidence\\hardware\\p7\\authorized_sequence\\p7_20260711_stationary_app_r9\\001_p7_safe_idle\\p7_shutdown_after.stderr.log",
    "elapsed_seconds": 48.424002,
    "argv": [
      "D:\\Xilinx\\Vivado\\2023.1\\bin\\vivado.bat",
      "-mode",
      "batch",
      "-source",
      "C:\\Users\\user\\Documents\\RF_COMM_MULTILANE\\scripts\\hw\\p7_jtag_axi_transactions.tcl",
      "-tclargs",
      "C:\\Users\\user\\Documents\\RF_COMM_MULTILANE",
      "SHUTDOWN",
      "C:\\Users\\user\\Documents\\RF_COMM_MULTILANE\\.hardware_authorization\\p7_20260711_stationary_app_r9_001_p7_safe_idle.txt",
      "210512180081",
      "xc7z010clg400-1",
      "localhost:3121/xilinx_tcf/Digilent/210512180081",
      "localhost:3121",
      "1000000",
      "C:\\Users\\user\\Documents\\RF_COMM_MULTILANE\\shutdown_bitstream\\tfdu_shutdown_j10_j11.bit",
      "-",
      "-",
      "C:\\Users\\user\\Documents\\RF_COMM_MULTILANE\\evidence\\hardware\\p7\\authorized_sequence\\p7_20260711_stationary_app_r9\\001_p7_safe_idle\\p7_shutdown_after_result.txt",
      "0x43c00000",
      "1100000",
      "134217728",
      "90",
      "C:\\Users\\user\\Documents\\RF_COMM_MULTILANE\\shutdown_bitstream\\tfdu_shutdown_j10_j11.bit"
    ],
    "started_at_utc": "2026-07-11T11:12:02.683969+00:00",
    "ended_at_utc": "2026-07-11T11:12:51.107977+00:00",
    "timed_out": false,
    "abort_seen": false,
    "interrupted": false,
    "process_tree_terminated": false,
    "process_tree_reaped": true,
    "containment_kind": "WINDOWS_JOB_OBJECT_KILL_ON_CLOSE",
    "containment_assigned": true,
    "containment_closed": true,
    "descendant_count_after": 0,
    "expected_tool_daemon_grace_used": true,
    "expected_tool_daemon_grace_seconds": 30.0,
    "expected_tool_daemon_paths": [
      "D:\\Xilinx\\Vivado\\2023.1\\bin\\unwrapped\\win64.o\\cs_server.exe",
      "D:\\Xilinx\\Vivado\\2023.1\\bin\\unwrapped\\win64.o\\rdi_xsdb.exe",
      "C:\\Windows\\System32\\cmd.exe",
      "C:\\Windows\\System32\\conhost.exe"
    ],
    "descendant_paths_seen": [
      "C:\\Windows\\System32\\conhost.exe",
      "D:\\Xilinx\\Vivado\\2023.1\\bin\\unwrapped\\win64.o\\cs_server.exe",
      "C:\\Windows\\System32\\conhost.exe",
      "C:\\Windows\\System32\\cmd.exe",
      "D:\\Xilinx\\Vivado\\2023.1\\bin\\unwrapped\\win64.o\\rdi_xsdb.exe",
      "D:\\Xilinx\\Vivado\\2023.1\\bin\\unwrapped\\win64.o\\cs_server.exe"
    ],
    "descendant_processes_seen": [
      {
        "pid": 11448,
        "parent_pid": 27632,
        "parent_active_globally": true,
        "image_path": "C:\\Windows\\System32\\conhost.exe",
        "creation_time_100ns": 134282419318312461
      },
      {
        "pid": 20980,
        "parent_pid": 28448,
        "parent_active_globally": false,
        "image_path": "D:\\Xilinx\\Vivado\\2023.1\\bin\\unwrapped\\win64.o\\cs_server.exe",
        "creation_time_100ns": 134282419313310991
      },
      {
        "pid": 21100,
        "parent_pid": 31568,
        "parent_active_globally": false,
        "image_path": "C:\\Windows\\System32\\conhost.exe",
        "creation_time_100ns": 134282419306471879
      },
      {
        "pid": 27632,
        "parent_pid": 18496,
        "parent_active_globally": false,
        "image_path": "C:\\Windows\\System32\\cmd.exe",
        "creation_time_100ns": 134282419318255176
      },
      {
        "pid": 36764,
        "parent_pid": 27632,
        "parent_active_globally": true,
        "image_path": "D:\\Xilinx\\Vivado\\2023.1\\bin\\unwrapped\\win64.o\\rdi_xsdb.exe",
        "creation_time_100ns": 134282419321440673
      },
      {
        "pid": 39876,
        "parent_pid": 20980,
        "parent_active_globally": true,
        "image_path": "D:\\Xilinx\\Vivado\\2023.1\\bin\\unwrapped\\win64.o\\cs_server.exe",
        "creation_time_100ns": 134282419314230384
      }
    ],
    "expected_tool_daemon_classification": "EXACT_R2_VIVADO_EXIT_HELPER_FOREST",
    "expected_tool_daemon_topology_snapshots": [
      {
        "classification": "EXACT_R2_VIVADO_EXIT_HELPER_FOREST",
        "elapsed_seconds": 0.007749,
        "processes": [
          {
            "pid": 11448,
            "parent_pid": 27632,
            "parent_active_globally": true,
            "image_path": "C:\\Windows\\System32\\conhost.exe",
            "creation_time_100ns": 134282419318312461
          },
          {
            "pid": 20980,
            "parent_pid": 28448,
            "parent_active_globally": false,
            "image_path": "D:\\Xilinx\\Vivado\\2023.1\\bin\\unwrapped\\win64.o\\cs_server.exe",
            "creation_time_100ns": 134282419313310991
          },
          {
            "pid": 21100,
            "parent_pid": 31568,
            "parent_active_globally": false,
            "image_path": "C:\\Windows\\System32\\conhost.exe",
            "creation_time_100ns": 134282419306471879
          },
          {
            "pid": 27632,
            "parent_pid": 18496,
            "parent_active_globally": false,
            "image_path": "C:\\Windows\\System32\\cmd.exe",
            "creation_time_100ns": 134282419318255176
          },
          {
            "pid": 36764,
            "parent_pid": 27632,
            "parent_active_globally": true,
            "image_path": "D:\\Xilinx\\Vivado\\2023.1\\bin\\unwrapped\\win64.o\\rdi_xsdb.exe",
            "creation_time_100ns": 134282419321440673
          },
          {
            "pid": 39876,
            "parent_pid": 20980,
            "parent_active_globally": true,
            "image_path": "D:\\Xilinx\\Vivado\\2023.1\\bin\\unwrapped\\win64.o\\cs_server.exe",
            "creation_time_100ns": 134282419314230384
          }
        ]
      },
      {
        "classification": "STRICT_SHRINK_SUBSET_OF_EXACT_R2_VIVADO_EXIT_HELPER_FOREST",
        "elapsed_seconds": 19.373118,
        "processes": [
          {
            "pid": 20980,
            "parent_pid": 28448,
            "parent_active_globally": false,
            "image_path": "D:\\Xilinx\\Vivado\\2023.1\\bin\\unwrapped\\win64.o\\cs_server.exe",
            "creation_time_100ns": 134282419313310991
          },
          {
            "pid": 21100,
            "parent_pid": 31568,
            "parent_active_globally": false,
            "image_path": "C:\\Windows\\System32\\conhost.exe",
            "creation_time_100ns": 134282419306471879
          },
          {
            "pid": 39876,
            "parent_pid": 20980,
            "parent_active_globally": true,
            "image_path": "D:\\Xilinx\\Vivado\\2023.1\\bin\\unwrapped\\win64.o\\cs_server.exe",
            "creation_time_100ns": 134282419314230384
          }
        ]
      },
      {
        "classification": "EMPTY",
        "elapsed_seconds": 20.505569,
        "processes": []
      }
    ],
    "expected_tool_daemon_topology_revalidation_count": 190,
    "expected_tool_daemon_topology_monotonic": true,
    "expected_tool_daemon_topology_sample_elapsed_seconds": [
      6.7e-05,
      0.007749,
      0.116747,
      0.22458,
      0.333344,
      0.442,
      0.551171,
      0.659079,
      0.767925,
      0.877715,
      0.987174,
      1.096149,
      1.204401,
      1.312975,
      1.421659,
      1.53066,
      1.638499,
      1.746988,
      1.85565,
      1.962626,
      2.071326,
      2.180076,
      2.289096,
      2.397193,
      2.505283,
      2.61356,
      2.72281,
      2.831649,
      2.939182,
      3.047442,
      3.156128,
      3.263716,
      3.372025,
      3.479567,
      3.586837,
      3.693932,
      3.800921,
      3.909084,
      4.016832,
      4.125073,
      4.232892,
      4.341853,
      4.44882,
      4.556739,
      4.666572,
      4.773066,
      4.881338,
      4.989438,
      5.097923,
      5.206644,
      5.314035,
      5.421361,
      5.530087,
      5.638519,
      5.746882,
      5.854299,
      5.962927,
      6.071533,
      6.179269,
      6.28751,
      6.395963,
      6.50286,
      6.611405,
      6.719219,
      6.826506,
      6.935218,
      7.043031,
      7.151805,
      7.260052,
      7.367431,
      7.475193,
      7.582785,
      7.691445,
      7.799501,
      7.907781,
      8.016203,
      8.124205,
      8.232063,
      8.339882,
      8.452193,
      8.561174,
      8.669929,
      8.778891,
      8.886753,
      8.995075,
      9.103126,
      9.210273,
      9.317358,
      9.425794,
      9.535024,
      9.643555,
      9.75188,
      9.861011,
      9.967853,
      10.076864,
      10.185221,
      10.293719,
      10.401947,
      10.508224,
      10.618701,
      10.726721,
      10.834705,
      10.942843,
      11.050359,
      11.158909,
      11.268348,
      11.376572,
      11.484911,
      11.593315,
      11.700095,
      11.807929,
      11.916244,
      12.023919,
      12.131848,
      12.240174,
      12.348015,
      12.455775,
      12.563519,
      12.670726,
      12.778703,
      12.887439,
      12.995125,
      13.103554,
      13.211972,
      13.319867,
      13.429828,
      13.538189,
      13.645937,
      13.755669,
      13.863458,
      13.971718,
      14.079146,
      14.187807,
      14.295957,
      14.403959,
      14.512674,
      14.62106,
      14.728928,
      14.836172,
      14.942871,
      15.051622,
      15.160157,
      15.268256,
      15.376699,
      15.484944,
      15.593328,
      15.701954,
      15.81156,
      15.920182,
      16.029034,
      16.135899,
      16.242901,
      16.351406,
      16.460116,
      16.567103,
      16.673475,
      16.782247,
      16.890374,
      16.998541,
      17.105786,
      17.213809,
      17.322444,
      17.431055,
      17.538856,
      17.646425,
      17.753522,
      17.860325,
      17.968866,
      18.076778,
      18.184689,
      18.29279,
      18.40086,
      18.508161,
      18.616665,
      18.725371,
      18.833256,
      18.941806,
      19.049449,
      19.156552,
      19.264579,
      19.373118,
      19.480376,
      19.587859,
      19.694838,
      19.802766,
      19.910856,
      20.0181,
      20.126618,
      20.235072,
      20.345656,
      20.454471,
      20.505569
    ],
    "expected_tool_daemon_topology_max_sample_gap_seconds": 0.112311,
    "expected_tool_daemon_grace_elapsed_seconds": 20.505597,
    "expected_tool_daemon_hashes_verified": true,
    "expected_tool_daemon_sha256_by_role": {
      "cs_server": "9bf0e15ffe162a96679c14b8117cf8ebe8a47b8032bee4ab8cb0317c112df536",
      "rdi_xsdb": "3193d8c4e7115e82e5b4ea6c2eb1aa8a7566bd5a9f9c78e9d901b9eab9d4ebfc",
      "cmd": "75320a519959cc6d089ea3eba33c38caccb7f138a025ea439bc9686cdb79ded4",
      "conhost": "a93cbb36b9c02364be6a72817174c46f94b66715549f279c6592ed659d237911"
    },
    "expected_tool_daemon_hash_error": "",
    "expected_tool_daemon_prelaunch_hashes_verified": true,
    "expected_tool_daemon_prelaunch_sha256_by_role": {
      "cs_server": "9bf0e15ffe162a96679c14b8117cf8ebe8a47b8032bee4ab8cb0317c112df536",
      "rdi_xsdb": "3193d8c4e7115e82e5b4ea6c2eb1aa8a7566bd5a9f9c78e9d901b9eab9d4ebfc",
      "cmd": "75320a519959cc6d089ea3eba33c38caccb7f138a025ea439bc9686cdb79ded4",
      "conhost": "a93cbb36b9c02364be6a72817174c46f94b66715549f279c6592ed659d237911"
    },
    "expected_tool_daemon_prelaunch_hash_error": "",
    "expected_tool_daemon_postexit_hashes_verified": true,
    "expected_tool_daemon_postexit_sha256_by_role": {
      "cs_server": "9bf0e15ffe162a96679c14b8117cf8ebe8a47b8032bee4ab8cb0317c112df536",
      "rdi_xsdb": "3193d8c4e7115e82e5b4ea6c2eb1aa8a7566bd5a9f9c78e9d901b9eab9d4ebfc",
      "cmd": "75320a519959cc6d089ea3eba33c38caccb7f138a025ea439bc9686cdb79ded4",
      "conhost": "a93cbb36b9c02364be6a72817174c46f94b66715549f279c6592ed659d237911"
    },
    "expected_tool_daemon_postexit_hash_error": "",
    "expected_tool_daemon_topology_error": "",
    "expected_tool_daemon_topology_terminal_empty": true,
    "process_identity_query_retry_count": 0,
    "process_exit_race_recheck_count": 0,
    "process_identity_query_transient_errors": [],
    "containment_cleanup_attempted": false,
    "containment_cleanup_terminated": false,
    "process_exit_race_rechecked": false,
    "process_identity_query_retried": false,
    "containment_query_error": "",
    "launch_error": "",
    "passed": true,
    "failures": [],
    "attempted": true,
    "programming_attempted": true,
    "result_file": "C:\\Users\\user\\Documents\\RF_COMM_MULTILANE\\evidence\\hardware\\p7\\authorized_sequence\\p7_20260711_stationary_app_r9\\001_p7_safe_idle\\p7_shutdown_after_result.txt"
  },
  "stage_process": {
    "name": "jtag_axi_stage",
    "returncode": 0,
    "stdout_path": "C:\\Users\\user\\Documents\\RF_COMM_MULTILANE\\evidence\\hardware\\p7\\authorized_sequence\\p7_20260711_stationary_app_r9\\001_p7_safe_idle\\p7_jtag_axi_stage.stdout.log",
    "stderr_path": "C:\\Users\\user\\Documents\\RF_COMM_MULTILANE\\evidence\\hardware\\p7\\authorized_sequence\\p7_20260711_stationary_app_r9\\001_p7_safe_idle\\p7_jtag_axi_stage.stderr.log",
    "elapsed_seconds": 48.366922,
    "argv": [
      "D:\\Xilinx\\Vivado\\2023.1\\bin\\vivado.bat",
      "-mode",
      "batch",
      "-source",
      "C:\\Users\\user\\Documents\\RF_COMM_MULTILANE\\scripts\\hw\\p7_jtag_axi_transactions.tcl",
      "-tclargs",
      "C:\\Users\\user\\Documents\\RF_COMM_MULTILANE",
      "STAGE",
      "C:\\Users\\user\\Documents\\RF_COMM_MULTILANE\\.hardware_authorization\\p7_20260711_stationary_app_r9_001_p7_safe_idle.txt",
      "210512180081",
      "xc7z010clg400-1",
      "localhost:3121/xilinx_tcf/Digilent/210512180081",
      "localhost:3121",
      "1000000",
      "C:\\Users\\user\\Documents\\RF_COMM_MULTILANE\\evidence\\hardware\\p6\\bitstreams\\p6_jtag_dynamic_transport_4830d547d6a667edda8deebae855c3a7154478e298efca70e2526e6f3570b23c.bit",
      "C:\\Users\\user\\Documents\\RF_COMM_MULTILANE\\evidence\\hardware\\p6\\bitstreams\\p6_jtag_dynamic_transport_76fe1ec47871946a7d357b0caa1f669500de827b796d6154dcc54678e0ac7083.ltx",
      "C:\\Users\\user\\Documents\\RF_COMM_MULTILANE\\build\\p7_authorized_sequence\\p7_20260711_stationary_app_r9\\transactions\\001_p7_safe_idle.transactions.txt",
      "C:\\Users\\user\\Documents\\RF_COMM_MULTILANE\\evidence\\hardware\\p7\\authorized_sequence\\p7_20260711_stationary_app_r9\\001_p7_safe_idle\\p7_jtag_axi_raw_result.txt",
      "0x43c00000",
      "1100000",
      "134217728",
      "90",
      "C:\\Users\\user\\Documents\\RF_COMM_MULTILANE\\shutdown_bitstream\\tfdu_shutdown_j10_j11.bit"
    ],
    "started_at_utc": "2026-07-11T11:11:14.305727+00:00",
    "ended_at_utc": "2026-07-11T11:12:02.672655+00:00",
    "timed_out": false,
    "abort_seen": false,
    "interrupted": false,
    "process_tree_terminated": false,
    "process_tree_reaped": true,
    "containment_kind": "WINDOWS_JOB_OBJECT_KILL_ON_CLOSE",
    "containment_assigned": true,
    "containment_closed": true,
    "descendant_count_after": 0,
    "expected_tool_daemon_grace_used": true,
    "expected_tool_daemon_grace_seconds": 30.0,
    "expected_tool_daemon_paths": [
      "D:\\Xilinx\\Vivado\\2023.1\\bin\\unwrapped\\win64.o\\cs_server.exe",
      "D:\\Xilinx\\Vivado\\2023.1\\bin\\unwrapped\\win64.o\\rdi_xsdb.exe",
      "C:\\Windows\\System32\\cmd.exe",
      "C:\\Windows\\System32\\conhost.exe"
    ],
    "descendant_paths_seen": [
      "C:\\Windows\\System32\\cmd.exe",
      "D:\\Xilinx\\Vivado\\2023.1\\bin\\unwrapped\\win64.o\\rdi_xsdb.exe",
      "C:\\Windows\\System32\\conhost.exe",
      "D:\\Xilinx\\Vivado\\2023.1\\bin\\unwrapped\\win64.o\\cs_server.exe",
      "D:\\Xilinx\\Vivado\\2023.1\\bin\\unwrapped\\win64.o\\cs_server.exe",
      "C:\\Windows\\System32\\conhost.exe"
    ],
    "descendant_processes_seen": [
      {
        "pid": 4896,
        "parent_pid": 48860,
        "parent_active_globally": false,
        "image_path": "C:\\Windows\\System32\\cmd.exe",
        "creation_time_100ns": 134282418834393579
      },
      {
        "pid": 14636,
        "parent_pid": 4896,
        "parent_active_globally": true,
        "image_path": "D:\\Xilinx\\Vivado\\2023.1\\bin\\unwrapped\\win64.o\\rdi_xsdb.exe",
        "creation_time_100ns": 134282418837579909
      },
      {
        "pid": 17420,
        "parent_pid": 4896,
        "parent_active_globally": true,
        "image_path": "C:\\Windows\\System32\\conhost.exe",
        "creation_time_100ns": 134282418834452365
      },
      {
        "pid": 34248,
        "parent_pid": 47120,
        "parent_active_globally": false,
        "image_path": "D:\\Xilinx\\Vivado\\2023.1\\bin\\unwrapped\\win64.o\\cs_server.exe",
        "creation_time_100ns": 134282418829346753
      },
      {
        "pid": 41024,
        "parent_pid": 34248,
        "parent_active_globally": true,
        "image_path": "D:\\Xilinx\\Vivado\\2023.1\\bin\\unwrapped\\win64.o\\cs_server.exe",
        "creation_time_100ns": 134282418830258094
      },
      {
        "pid": 41900,
        "parent_pid": 48328,
        "parent_active_globally": false,
        "image_path": "C:\\Windows\\System32\\conhost.exe",
        "creation_time_100ns": 134282418822552783
      }
    ],
    "expected_tool_daemon_classification": "EXACT_R2_VIVADO_EXIT_HELPER_FOREST",
    "expected_tool_daemon_topology_snapshots": [
      {
        "classification": "EXACT_R2_VIVADO_EXIT_HELPER_FOREST",
        "elapsed_seconds": 0.007442,
        "processes": [
          {
            "pid": 4896,
            "parent_pid": 48860,
            "parent_active_globally": false,
            "image_path": "C:\\Windows\\System32\\cmd.exe",
            "creation_time_100ns": 134282418834393579
          },
          {
            "pid": 14636,
            "parent_pid": 4896,
            "parent_active_globally": true,
            "image_path": "D:\\Xilinx\\Vivado\\2023.1\\bin\\unwrapped\\win64.o\\rdi_xsdb.exe",
            "creation_time_100ns": 134282418837579909
          },
          {
            "pid": 17420,
            "parent_pid": 4896,
            "parent_active_globally": true,
            "image_path": "C:\\Windows\\System32\\conhost.exe",
            "creation_time_100ns": 134282418834452365
          },
          {
            "pid": 34248,
            "parent_pid": 47120,
            "parent_active_globally": false,
            "image_path": "D:\\Xilinx\\Vivado\\2023.1\\bin\\unwrapped\\win64.o\\cs_server.exe",
            "creation_time_100ns": 134282418829346753
          },
          {
            "pid": 41024,
            "parent_pid": 34248,
            "parent_active_globally": true,
            "image_path": "D:\\Xilinx\\Vivado\\2023.1\\bin\\unwrapped\\win64.o\\cs_server.exe",
            "creation_time_100ns": 134282418830258094
          },
          {
            "pid": 41900,
            "parent_pid": 48328,
            "parent_active_globally": false,
            "image_path": "C:\\Windows\\System32\\conhost.exe",
            "creation_time_100ns": 134282418822552783
          }
        ]
      },
      {
        "classification": "STRICT_SHRINK_SUBSET_OF_EXACT_R2_VIVADO_EXIT_HELPER_FOREST",
        "elapsed_seconds": 19.967509,
        "processes": [
          {
            "pid": 34248,
            "parent_pid": 47120,
            "parent_active_globally": false,
            "image_path": "D:\\Xilinx\\Vivado\\2023.1\\bin\\unwrapped\\win64.o\\cs_server.exe",
            "creation_time_100ns": 134282418829346753
          },
          {
            "pid": 41024,
            "parent_pid": 34248,
            "parent_active_globally": true,
            "image_path": "D:\\Xilinx\\Vivado\\2023.1\\bin\\unwrapped\\win64.o\\cs_server.exe",
            "creation_time_100ns": 134282418830258094
          },
          {
            "pid": 41900,
            "parent_pid": 48328,
            "parent_active_globally": false,
            "image_path": "C:\\Windows\\System32\\conhost.exe",
            "creation_time_100ns": 134282418822552783
          }
        ]
      },
      {
        "classification": "EMPTY",
        "elapsed_seconds": 20.018474,
        "processes": []
      }
    ],
    "expected_tool_daemon_topology_revalidation_count": 185,
    "expected_tool_daemon_topology_monotonic": true,
    "expected_tool_daemon_topology_sample_elapsed_seconds": [
      4.6e-05,
      0.007442,
      0.116786,
      0.225113,
      0.333961,
      0.440745,
      0.549613,
      0.658012,
      0.76514,
      0.872323,
      0.981191,
      1.090183,
      1.197224,
      1.305583,
      1.413849,
      1.521868,
      1.629901,
      1.738172,
      1.847306,
      1.955903,
      2.064355,
      2.177698,
      2.286005,
      2.394097,
      2.502576,
      2.611013,
      2.71968,
      2.827344,
      2.934096,
      3.041586,
      3.150184,
      3.257515,
      3.36526,
      3.473979,
      3.582441,
      3.690337,
      3.797852,
      3.906138,
      4.015139,
      4.123501,
      4.231005,
      4.338487,
      4.447235,
      4.555822,
      4.668163,
      4.776576,
      4.88432,
      4.991835,
      5.100498,
      5.208425,
      5.316,
      5.425631,
      5.53369,
      5.641508,
      5.749128,
      5.857653,
      5.965442,
      6.073758,
      6.181228,
      6.289177,
      6.397352,
      6.504859,
      6.612489,
      6.720943,
      6.827567,
      6.936679,
      7.044618,
      7.152881,
      7.2612,
      7.368117,
      7.474507,
      7.58346,
      7.691426,
      7.798456,
      7.907381,
      8.015683,
      8.124412,
      8.233384,
      8.341844,
      8.448768,
      8.557053,
      8.666063,
      8.774643,
      8.883539,
      8.991653,
      9.099347,
      9.20771,
      9.315371,
      9.423161,
      9.530053,
      9.638811,
      9.746477,
      9.854882,
      9.963061,
      10.070777,
      10.179722,
      10.288373,
      10.395112,
      10.502883,
      10.610465,
      10.718472,
      10.826216,
      10.93429,
      11.041982,
      11.151397,
      11.260498,
      11.368078,
      11.476853,
      11.585186,
      11.69343,
      11.802027,
      11.90997,
      12.019582,
      12.126994,
      12.235725,
      12.343521,
      12.451391,
      12.558932,
      12.668269,
      12.776619,
      12.885146,
      12.992088,
      13.101019,
      13.209093,
      13.316126,
      13.424596,
      13.532851,
      13.640718,
      13.748628,
      13.855859,
      13.964559,
      14.072844,
      14.181167,
      14.289861,
      14.39853,
      14.507653,
      14.613948,
      14.722904,
      14.831301,
      14.939589,
      15.046952,
      15.154732,
      15.262319,
      15.370347,
      15.478294,
      15.584806,
      15.693433,
      15.801734,
      15.910143,
      16.017801,
      16.124569,
      16.231821,
      16.340915,
      16.448455,
      16.556274,
      16.664414,
      16.772216,
      16.879842,
      16.989289,
      17.097749,
      17.206199,
      17.314472,
      17.420747,
      17.528729,
      17.636489,
      17.744849,
      17.852836,
      17.961078,
      18.068499,
      18.176863,
      18.284523,
      18.392692,
      18.500511,
      18.609351,
      18.717664,
      18.827285,
      18.935407,
      19.042087,
      19.15007,
      19.258492,
      19.366678,
      19.473746,
      19.581808,
      19.690484,
      19.798615,
      19.967509,
      20.018474
    ],
    "expected_tool_daemon_topology_max_sample_gap_seconds": 0.168894,
    "expected_tool_daemon_grace_elapsed_seconds": 20.01849,
    "expected_tool_daemon_hashes_verified": true,
    "expected_tool_daemon_sha256_by_role": {
      "cs_server": "9bf0e15ffe162a96679c14b8117cf8ebe8a47b8032bee4ab8cb0317c112df536",
      "rdi_xsdb": "3193d8c4e7115e82e5b4ea6c2eb1aa8a7566bd5a9f9c78e9d901b9eab9d4ebfc",
      "cmd": "75320a519959cc6d089ea3eba33c38caccb7f138a025ea439bc9686cdb79ded4",
      "conhost": "a93cbb36b9c02364be6a72817174c46f94b66715549f279c6592ed659d237911"
    },
    "expected_tool_daemon_hash_error": "",
    "expected_tool_daemon_prelaunch_hashes_verified": true,
    "expected_tool_daemon_prelaunch_sha256_by_role": {
      "cs_server": "9bf0e15ffe162a96679c14b8117cf8ebe8a47b8032bee4ab8cb0317c112df536",
      "rdi_xsdb": "3193d8c4e7115e82e5b4ea6c2eb1aa8a7566bd5a9f9c78e9d901b9eab9d4ebfc",
      "cmd": "75320a519959cc6d089ea3eba33c38caccb7f138a025ea439bc9686cdb79ded4",
      "conhost": "a93cbb36b9c02364be6a72817174c46f94b66715549f279c6592ed659d237911"
    },
    "expected_tool_daemon_prelaunch_hash_error": "",
    "expected_tool_daemon_postexit_hashes_verified": true,
    "expected_tool_daemon_postexit_sha256_by_role": {
      "cs_server": "9bf0e15ffe162a96679c14b8117cf8ebe8a47b8032bee4ab8cb0317c112df536",
      "rdi_xsdb": "3193d8c4e7115e82e5b4ea6c2eb1aa8a7566bd5a9f9c78e9d901b9eab9d4ebfc",
      "cmd": "75320a519959cc6d089ea3eba33c38caccb7f138a025ea439bc9686cdb79ded4",
      "conhost": "a93cbb36b9c02364be6a72817174c46f94b66715549f279c6592ed659d237911"
    },
    "expected_tool_daemon_postexit_hash_error": "",
    "expected_tool_daemon_topology_error": "",
    "expected_tool_daemon_topology_terminal_empty": true,
    "process_identity_query_retry_count": 1,
    "process_exit_race_recheck_count": 1,
    "process_identity_query_transient_errors": [],
    "containment_cleanup_attempted": false,
    "containment_cleanup_terminated": false,
    "process_exit_race_rechecked": true,
    "process_identity_query_retried": true,
    "containment_query_error": "",
    "launch_error": "",
    "passed": true,
    "failures": [],
    "result_file": "C:\\Users\\user\\Documents\\RF_COMM_MULTILANE\\evidence\\hardware\\p7\\authorized_sequence\\p7_20260711_stationary_app_r9\\001_p7_safe_idle\\p7_jtag_axi_raw_result.txt"
  },
  "stage_result_markers": {
    "P7_HW_TARGET": "localhost:3121/xilinx_tcf/Digilent/210512180081",
    "P7_HW_DEVICE": "xc7z010_1",
    "P7_HW_PART": "xc7z010clg400-1",
    "P7_HW_IDCODE": "00010011011100100010000010010011",
    "P7_HW_CANONICAL_PART": "xc7z010clg400-1",
    "P7_HW_LIVE_PART": "xc7z010",
    "P7_HW_LIVE_DEVICE": "xc7z010_1",
    "P7_HW_LIVE_IDCODE": "00010011011100100010000010010011",
    "P7_CANDIDATE_PROGRAMMED": "1",
    "P7_HW_AXI": "hw_axi_1",
    "P7_TXN_META_EVIDENCE_KIND": "safe_idle",
    "SAFE_STATUS": "00000000",
    "SAFE_TX_COUNT": "00000000",
    "SAFE_RX_GOOD_L0": "00000000",
    "SAFE_RX_GOOD_L1": "00000000",
    "SAFE_CRC_BAD": "00000000",
    "SAFE_PAYLOAD_MISMATCH": "00000000",
    "SAFE_RETRY_EXHAUSTED": "00000000",
    "SAFE_TX_FAIL": "00000000",
    "SAFE_TXD_HIGH_MAX": "00000000",
    "SAFE_DUTY_VIOLATION": "00000000",
    "SAFE_ERROR_CODE": "00000000",
    "SAFE_STICKY_ERROR": "00000000",
    "P7_TCL_PROGRAMMING_ATTEMPTED": "1",
    "P7_TRANSACTION_COUNT": "13",
    "P7_JTAG_AXI_TRANSACTIONS": "PASS",
    "P7_JTAG_STAGE_RESULT": "PASS"
  },
  "child_reaped_before_shutdown_after": true,
  "backend_parse": {
    "passed": true,
    "semantic_mode": "safe-idle",
    "summary_file": "C:\\Users\\user\\Documents\\RF_COMM_MULTILANE\\evidence\\hardware\\p7\\authorized_sequence\\p7_20260711_stationary_app_r9\\001_p7_safe_idle\\p7_safe_idle_parse_summary.json",
    "summary_sha256": "3991bcae4b2f298c8be2154c634b5180d1751df472c7cdece3aa168622e6c8d7",
    "required_values": {
      "SAFE_CRC_BAD": "0x00000000",
      "SAFE_DUTY_VIOLATION": "0x00000000",
      "SAFE_ERROR_CODE": "0x00000000",
      "SAFE_PAYLOAD_MISMATCH": "0x00000000",
      "SAFE_RETRY_EXHAUSTED": "0x00000000",
      "SAFE_RX_GOOD_L0": "0x00000000",
      "SAFE_RX_GOOD_L1": "0x00000000",
      "SAFE_STATUS": "0x00000000",
      "SAFE_STICKY_ERROR": "0x00000000",
      "SAFE_TXD_HIGH_MAX": "0x00000000",
      "SAFE_TX_COUNT": "0x00000000",
      "SAFE_TX_FAIL": "0x00000000"
    },
    "raw_log_bound_to_this_hardware_process": true
  },
  "internal_error": "",
  "stage_failures": [],
  "backend_parse_failure": "",
  "global_runtime": {
    "elapsed_seconds": 176.568738,
    "authorized_max_seconds": 600,
    "within_authorized_limit": true
  },
  "reason": "authorized non-transmitting safe-idle checks and both shutdown barriers passed"
}
