Archive member included to satisfy reference by file (symbol)

C:/Users/user/.codex/worktrees/c9ed/RF_COMM_MULTILANE/build/p7_ps_vitis_workspace/p7_platform/export/p7_platform/sw/p7_platform/standalone_domain/bsplib/lib\libxil.a(asm_vectors.o)
                              (_vector_table)
C:/Users/user/.codex/worktrees/c9ed/RF_COMM_MULTILANE/build/p7_ps_vitis_workspace/p7_platform/export/p7_platform/sw/p7_platform/standalone_domain/bsplib/lib\libxil.a(boot.o)
                              C:/Users/user/.codex/worktrees/c9ed/RF_COMM_MULTILANE/build/p7_ps_vitis_workspace/p7_platform/export/p7_platform/sw/p7_platform/standalone_domain/bsplib/lib\libxil.a(asm_vectors.o) (_boot)
C:/Users/user/.codex/worktrees/c9ed/RF_COMM_MULTILANE/build/p7_ps_vitis_workspace/p7_platform/export/p7_platform/sw/p7_platform/standalone_domain/bsplib/lib\libxil.a(translation_table.o)
                              C:/Users/user/.codex/worktrees/c9ed/RF_COMM_MULTILANE/build/p7_ps_vitis_workspace/p7_platform/export/p7_platform/sw/p7_platform/standalone_domain/bsplib/lib\libxil.a(boot.o) (MMUTable)
C:/Users/user/.codex/worktrees/c9ed/RF_COMM_MULTILANE/build/p7_ps_vitis_workspace/p7_platform/export/p7_platform/sw/p7_platform/standalone_domain/bsplib/lib\libxil.a(vectors.o)
                              C:/Users/user/.codex/worktrees/c9ed/RF_COMM_MULTILANE/build/p7_ps_vitis_workspace/p7_platform/export/p7_platform/sw/p7_platform/standalone_domain/bsplib/lib\libxil.a(asm_vectors.o) (FIQInterrupt)
C:/Users/user/.codex/worktrees/c9ed/RF_COMM_MULTILANE/build/p7_ps_vitis_workspace/p7_platform/export/p7_platform/sw/p7_platform/standalone_domain/bsplib/lib\libxil.a(xil-crt0.o)
                              C:/Users/user/.codex/worktrees/c9ed/RF_COMM_MULTILANE/build/p7_ps_vitis_workspace/p7_platform/export/p7_platform/sw/p7_platform/standalone_domain/bsplib/lib\libxil.a(boot.o) (_start)
C:/Users/user/.codex/worktrees/c9ed/RF_COMM_MULTILANE/build/p7_ps_vitis_workspace/p7_platform/export/p7_platform/sw/p7_platform/standalone_domain/bsplib/lib\libxil.a(xil_cache.o)
                              ./src/p7_app_service.o (Xil_DCacheInvalidateRange)
C:/Users/user/.codex/worktrees/c9ed/RF_COMM_MULTILANE/build/p7_ps_vitis_workspace/p7_platform/export/p7_platform/sw/p7_platform/standalone_domain/bsplib/lib\libxil.a(xil_exception.o)
                              C:/Users/user/.codex/worktrees/c9ed/RF_COMM_MULTILANE/build/p7_ps_vitis_workspace/p7_platform/export/p7_platform/sw/p7_platform/standalone_domain/bsplib/lib\libxil.a(asm_vectors.o) (UndefinedExceptionAddr)
C:/Users/user/.codex/worktrees/c9ed/RF_COMM_MULTILANE/build/p7_ps_vitis_workspace/p7_platform/export/p7_platform/sw/p7_platform/standalone_domain/bsplib/lib\libxil.a(xtime_l.o)
                              C:/Users/user/.codex/worktrees/c9ed/RF_COMM_MULTILANE/build/p7_ps_vitis_workspace/p7_platform/export/p7_platform/sw/p7_platform/standalone_domain/bsplib/lib\libxil.a(xil-crt0.o) (XTime_SetTime)
C:/Users/user/.codex/worktrees/c9ed/RF_COMM_MULTILANE/build/p7_ps_vitis_workspace/p7_platform/export/p7_platform/sw/p7_platform/standalone_domain/bsplib/lib\libxil.a(cpu_init.o)
                              C:/Users/user/.codex/worktrees/c9ed/RF_COMM_MULTILANE/build/p7_ps_vitis_workspace/p7_platform/export/p7_platform/sw/p7_platform/standalone_domain/bsplib/lib\libxil.a(xil-crt0.o) (__cpu_init)
D:/Xilinx/Vitis/2023.1/gnu/aarch32/nt/gcc-arm-none-eabi/bin//../aarch32-xilinx-eabi/usr/lib/thumb/v7-a+fp/hard\libgcc.a(_udivsi3.o)
                              C:/Users/user/.codex/worktrees/c9ed/RF_COMM_MULTILANE/build/p7_ps_vitis_workspace/p7_platform/export/p7_platform/sw/p7_platform/standalone_domain/bsplib/lib\libxil.a(xil_cache.o) (__aeabi_uidiv)
D:/Xilinx/Vitis/2023.1/gnu/aarch32/nt/gcc-arm-none-eabi/bin//../aarch32-xilinx-eabi/usr/lib/thumb/v7-a+fp/hard\libgcc.a(_divsi3.o)
                              C:/Users/user/.codex/worktrees/c9ed/RF_COMM_MULTILANE/build/p7_ps_vitis_workspace/p7_platform/export/p7_platform/sw/p7_platform/standalone_domain/bsplib/lib\libxil.a(xil_cache.o) (__aeabi_idiv)
D:/Xilinx/Vitis/2023.1/gnu/aarch32/nt/gcc-arm-none-eabi/bin//../aarch32-xilinx-eabi/usr/lib/thumb/v7-a+fp/hard\libgcc.a(_dvmd_tls.o)
                              D:/Xilinx/Vitis/2023.1/gnu/aarch32/nt/gcc-arm-none-eabi/bin//../aarch32-xilinx-eabi/usr/lib/thumb/v7-a+fp/hard\libgcc.a(_udivsi3.o) (__aeabi_idiv0)
D:/Xilinx/Vitis/2023.1/gnu/aarch32/nt/gcc-arm-none-eabi/bin//../aarch32-xilinx-eabi/usr/lib/thumb/v7-a+fp/hard\libc.a(lib_a-exit.o)
                              C:/Users/user/.codex/worktrees/c9ed/RF_COMM_MULTILANE/build/p7_ps_vitis_workspace/p7_platform/export/p7_platform/sw/p7_platform/standalone_domain/bsplib/lib\libxil.a(xil-crt0.o) (exit)
D:/Xilinx/Vitis/2023.1/gnu/aarch32/nt/gcc-arm-none-eabi/bin//../aarch32-xilinx-eabi/usr/lib/thumb/v7-a+fp/hard\libc.a(lib_a-fini.o)
                              C:/Users/user/.codex/worktrees/c9ed/RF_COMM_MULTILANE/build/p7_ps_vitis_workspace/p7_platform/export/p7_platform/sw/p7_platform/standalone_domain/bsplib/lib\libxil.a(xil-crt0.o) (__libc_fini_array)
D:/Xilinx/Vitis/2023.1/gnu/aarch32/nt/gcc-arm-none-eabi/bin//../aarch32-xilinx-eabi/usr/lib/thumb/v7-a+fp/hard\libc.a(lib_a-impure.o)
                              D:/Xilinx/Vitis/2023.1/gnu/aarch32/nt/gcc-arm-none-eabi/bin//../aarch32-xilinx-eabi/usr/lib/thumb/v7-a+fp/hard\libc.a(lib_a-exit.o) (_global_impure_ptr)
D:/Xilinx/Vitis/2023.1/gnu/aarch32/nt/gcc-arm-none-eabi/bin//../aarch32-xilinx-eabi/usr/lib/thumb/v7-a+fp/hard\libc.a(lib_a-init.o)
                              C:/Users/user/.codex/worktrees/c9ed/RF_COMM_MULTILANE/build/p7_ps_vitis_workspace/p7_platform/export/p7_platform/sw/p7_platform/standalone_domain/bsplib/lib\libxil.a(xil-crt0.o) (__libc_init_array)
D:/Xilinx/Vitis/2023.1/gnu/aarch32/nt/gcc-arm-none-eabi/bin//../aarch32-xilinx-eabi/usr/lib/thumb/v7-a+fp/hard\libc.a(lib_a-memcpy.o)
                              ./src/p7_app_service.o (memcpy)
D:/Xilinx/Vitis/2023.1/gnu/aarch32/nt/gcc-arm-none-eabi/bin//../aarch32-xilinx-eabi/usr/lib/thumb/v7-a+fp/hard\libc.a(lib_a-memset.o)
                              ./src/p7_app_service.o (memset)
D:/Xilinx/Vitis/2023.1/gnu/aarch32/nt/gcc-arm-none-eabi/bin//../aarch32-xilinx-eabi/usr/lib/thumb/v7-a+fp/hard\libc.a(lib_a-__call_atexit.o)
                              D:/Xilinx/Vitis/2023.1/gnu/aarch32/nt/gcc-arm-none-eabi/bin//../aarch32-xilinx-eabi/usr/lib/thumb/v7-a+fp/hard\libc.a(lib_a-exit.o) (__call_exitprocs)
C:/Users/user/.codex/worktrees/c9ed/RF_COMM_MULTILANE/build/p7_ps_vitis_workspace/p7_platform/export/p7_platform/sw/p7_platform/standalone_domain/bsplib/lib\libxil.a(_exit.o)
                              D:/Xilinx/Vitis/2023.1/gnu/aarch32/nt/gcc-arm-none-eabi/bin//../aarch32-xilinx-eabi/usr/lib/thumb/v7-a+fp/hard\libc.a(lib_a-exit.o) (_exit)

Discarded input sections

 .group         0x0000000000000000        0xc ./src/ir_driver.o
 .group         0x0000000000000000        0xc ./src/ir_driver.o
 .group         0x0000000000000000        0xc ./src/ir_driver.o
 .group         0x0000000000000000        0xc ./src/ir_driver.o
 .group         0x0000000000000000        0xc ./src/ir_driver.o
 .group         0x0000000000000000        0xc ./src/ir_driver.o
 .group         0x0000000000000000        0xc ./src/ir_driver.o
 .group         0x0000000000000000        0xc ./src/ir_driver.o
 .group         0x0000000000000000        0xc ./src/p7_app_service.o
 .group         0x0000000000000000        0xc ./src/p7_app_service.o
 .group         0x0000000000000000        0xc ./src/p7_app_service.o
 .group         0x0000000000000000        0xc ./src/p7_app_service.o
 .group         0x0000000000000000        0xc ./src/p7_app_service.o
 .group         0x0000000000000000        0xc ./src/p7_app_service.o
 .group         0x0000000000000000        0xc ./src/p7_app_service.o
 .group         0x0000000000000000        0xc ./src/p7_app_service.o
 .group         0x0000000000000000        0xc ./src/p7_app_service.o
 .group         0x0000000000000000        0xc ./src/p7_app_service.o
 .group         0x0000000000000000        0xc ./src/p7_app_service.o
 .group         0x0000000000000000        0xc ./src/p7_app_service.o
 .group         0x0000000000000000        0xc ./src/p7_app_service.o
 .group         0x0000000000000000        0xc ./src/p7_app_service.o
 .group         0x0000000000000000        0xc ./src/p7_app_service.o
 .group         0x0000000000000000        0xc ./src/p7_app_service.o
 .group         0x0000000000000000        0xc ./src/p7_app_service.o
 .group         0x0000000000000000        0xc ./src/p7_app_service.o
 .group         0x0000000000000000        0xc ./src/p7_app_service.o
 .group         0x0000000000000000        0xc ./src/p7_app_service.o
 .group         0x0000000000000000        0xc ./src/p7_app_service.o
 .group         0x0000000000000000        0xc ./src/p7_app_service.o
 .group         0x0000000000000000        0xc ./src/p7_app_service.o
 .group         0x0000000000000000        0xc ./src/p7_app_service.o
 .group         0x0000000000000000        0xc ./src/p7_app_service.o
 .group         0x0000000000000000        0xc ./src/p7_app_service.o
 .group         0x0000000000000000        0xc ./src/p7_app_service.o
 .group         0x0000000000000000        0xc ./src/p7_app_service.o
 .group         0x0000000000000000        0xc ./src/p7_app_service.o
 .group         0x0000000000000000        0xc ./src/p7_app_service.o
 .group         0x0000000000000000        0xc ./src/p7_app_service.o
 .group         0x0000000000000000        0xc ./src/p7_app_service.o
 .group         0x0000000000000000        0xc ./src/p7_app_service.o
 .group         0x0000000000000000        0xc ./src/p7_app_service.o
 .group         0x0000000000000000        0xc ./src/p7_app_service.o
 .group         0x0000000000000000        0xc ./src/p7_app_service.o
 .group         0x0000000000000000        0xc ./src/p7_app_service.o
 .group         0x0000000000000000        0xc ./src/p7_app_service.o
 .debug_macro   0x0000000000000000      0xaa2 ./src/p7_app_service.o
 .debug_macro   0x0000000000000000       0x22 ./src/p7_app_service.o
 .debug_macro   0x0000000000000000       0x8e ./src/p7_app_service.o
 .debug_macro   0x0000000000000000       0x51 ./src/p7_app_service.o
 .debug_macro   0x0000000000000000      0x103 ./src/p7_app_service.o
 .debug_macro   0x0000000000000000       0x6a ./src/p7_app_service.o
 .debug_macro   0x0000000000000000      0x1df ./src/p7_app_service.o
 .group         0x0000000000000000        0xc ./src/p7_runtime_main.o
 .group         0x0000000000000000        0xc ./src/p7_runtime_main.o
 .group         0x0000000000000000        0xc ./src/p7_runtime_main.o
 .group         0x0000000000000000        0xc ./src/p7_runtime_main.o
 .group         0x0000000000000000        0xc ./src/p7_runtime_main.o
 .group         0x0000000000000000        0xc ./src/p7_runtime_main.o
 .group         0x0000000000000000        0xc ./src/p7_runtime_main.o
 .group         0x0000000000000000        0xc ./src/p7_runtime_main.o
 .group         0x0000000000000000        0xc ./src/p7_runtime_main.o
 .group         0x0000000000000000        0xc ./src/p7_runtime_main.o
 .group         0x0000000000000000        0xc ./src/p7_runtime_main.o
 .group         0x0000000000000000        0xc ./src/p7_runtime_main.o
 .group         0x0000000000000000        0xc ./src/p7_runtime_main.o
 .group         0x0000000000000000        0xc ./src/p7_runtime_main.o
 .group         0x0000000000000000        0xc ./src/p7_runtime_main.o
 .group         0x0000000000000000        0xc ./src/p7_runtime_main.o
 .group         0x0000000000000000        0xc ./src/p7_runtime_main.o
 .group         0x0000000000000000        0xc ./src/p7_runtime_main.o
 .group         0x0000000000000000        0xc ./src/p7_runtime_main.o
 .group         0x0000000000000000        0xc ./src/p7_runtime_main.o
 .group         0x0000000000000000        0xc ./src/p7_runtime_main.o
 .group         0x0000000000000000        0xc ./src/p7_runtime_main.o
 .group         0x0000000000000000        0xc ./src/p7_runtime_main.o
 .group         0x0000000000000000        0xc ./src/p7_runtime_main.o
 .group         0x0000000000000000        0xc ./src/p7_runtime_main.o
 .group         0x0000000000000000        0xc ./src/p7_runtime_main.o
 .group         0x0000000000000000        0xc ./src/p7_runtime_main.o
 .group         0x0000000000000000        0xc ./src/p7_runtime_main.o
 .group         0x0000000000000000        0xc ./src/p7_runtime_main.o
 .group         0x0000000000000000        0xc ./src/p7_runtime_main.o
 .group         0x0000000000000000        0xc ./src/p7_runtime_main.o
 .group         0x0000000000000000        0xc ./src/p7_runtime_main.o
 .group         0x0000000000000000        0xc ./src/p7_runtime_main.o
 .group         0x0000000000000000        0xc ./src/p7_runtime_main.o
 .group         0x0000000000000000        0xc ./src/p7_runtime_main.o
 .group         0x0000000000000000        0xc ./src/p7_runtime_main.o
 .group         0x0000000000000000        0xc ./src/p7_runtime_main.o
 .group         0x0000000000000000        0xc ./src/p7_runtime_main.o
 .debug_macro   0x0000000000000000      0xaa2 ./src/p7_runtime_main.o
 .debug_macro   0x0000000000000000      0x189 ./src/p7_runtime_main.o
 .debug_macro   0x0000000000000000       0x22 ./src/p7_runtime_main.o
 .debug_macro   0x0000000000000000       0x8e ./src/p7_runtime_main.o
 .debug_macro   0x0000000000000000       0x51 ./src/p7_runtime_main.o
 .debug_macro   0x0000000000000000      0x103 ./src/p7_runtime_main.o
 .debug_macro   0x0000000000000000       0x6a ./src/p7_runtime_main.o
 .debug_macro   0x0000000000000000      0x1df ./src/p7_runtime_main.o
 .debug_macro   0x0000000000000000       0x76 ./src/p7_runtime_main.o
 .debug_macro   0x0000000000000000       0x10 ./src/p7_runtime_main.o
 .debug_macro   0x0000000000000000      0x10c ./src/p7_runtime_main.o
 .debug_macro   0x0000000000000000       0x1c ./src/p7_runtime_main.o
 .debug_macro   0x0000000000000000      0x5ae ./src/p7_runtime_main.o
 .debug_macro   0x0000000000000000      0x27c ./src/p7_runtime_main.o
 .debug_macro   0x0000000000000000       0x51 ./src/p7_runtime_main.o
 .debug_macro   0x0000000000000000       0x22 ./src/p7_runtime_main.o
 .debug_macro   0x0000000000000000       0x64 ./src/p7_runtime_main.o
 .debug_macro   0x0000000000000000       0x1d ./src/p7_runtime_main.o
 .debug_macro   0x0000000000000000       0x3c ./src/p7_runtime_main.o
 .debug_macro   0x0000000000000000       0x34 ./src/p7_runtime_main.o
 .debug_macro   0x0000000000000000      0x341 ./src/p7_runtime_main.o
 .debug_macro   0x0000000000000000      0x119 ./src/p7_runtime_main.o
 .debug_macro   0x0000000000000000       0x16 ./src/p7_runtime_main.o
 .debug_macro   0x0000000000000000       0x43 ./src/p7_runtime_main.o
 .debug_macro   0x0000000000000000       0x34 ./src/p7_runtime_main.o
 .debug_macro   0x0000000000000000       0x10 ./src/p7_runtime_main.o
 .debug_macro   0x0000000000000000       0x52 ./src/p7_runtime_main.o
 .debug_macro   0x0000000000000000      0x182 ./src/p7_runtime_main.o
 .debug_macro   0x0000000000000000       0x10 ./src/p7_runtime_main.o
 .debug_macro   0x0000000000000000       0x35 ./src/p7_runtime_main.o
 .debug_macro   0x0000000000000000       0x58 ./src/p7_runtime_main.o
 .debug_macro   0x0000000000000000       0x16 ./src/p7_runtime_main.o
 .debug_macro   0x0000000000000000       0x36 ./src/p7_runtime_main.o
 .debug_macro   0x0000000000000000      0x414 ./src/p7_runtime_main.o
 .debug_macro   0x0000000000000000      0x686 ./src/p7_runtime_main.o
 .debug_macro   0x0000000000000000       0x9b ./src/p7_runtime_main.o
 .debug_macro   0x0000000000000000       0x54 ./src/p7_runtime_main.o
 .group         0x0000000000000000        0xc ./src/p7_stage62_diagnostic.o
 .group         0x0000000000000000        0xc ./src/p7_stage62_diagnostic.o
 .group         0x0000000000000000        0xc ./src/p7_stage62_diagnostic.o
 .group         0x0000000000000000        0xc ./src/p7_stage62_diagnostic.o
 .group         0x0000000000000000        0xc ./src/p7_stage62_diagnostic.o
 .group         0x0000000000000000        0xc ./src/p7_stage62_diagnostic.o
 .group         0x0000000000000000        0xc ./src/p7_stage62_diagnostic.o
 .group         0x0000000000000000        0xc ./src/p7_stage62_diagnostic.o
 .debug_macro   0x0000000000000000      0xaa2 ./src/p7_stage62_diagnostic.o
 .debug_macro   0x0000000000000000       0x22 ./src/p7_stage62_diagnostic.o
 .debug_macro   0x0000000000000000       0x8e ./src/p7_stage62_diagnostic.o
 .debug_macro   0x0000000000000000       0x51 ./src/p7_stage62_diagnostic.o
 .debug_macro   0x0000000000000000      0x103 ./src/p7_stage62_diagnostic.o
 .debug_macro   0x0000000000000000       0x6a ./src/p7_stage62_diagnostic.o
 .debug_macro   0x0000000000000000      0x1df ./src/p7_stage62_diagnostic.o
 .debug_macro   0x0000000000000000      0x189 ./src/p7_stage62_diagnostic.o
 .group         0x0000000000000000        0xc ./src/p7_stage62_microtest.o
 .group         0x0000000000000000        0xc ./src/p7_stage62_microtest.o
 .group         0x0000000000000000        0xc ./src/p7_stage62_microtest.o
 .group         0x0000000000000000        0xc ./src/p7_stage62_microtest.o
 .group         0x0000000000000000        0xc ./src/p7_stage62_microtest.o
 .group         0x0000000000000000        0xc ./src/p7_stage62_microtest.o
 .group         0x0000000000000000        0xc ./src/p7_stage62_microtest.o
 .group         0x0000000000000000        0xc ./src/p7_stage62_microtest.o
 .group         0x0000000000000000        0xc ./src/p7_stage62_microtest.o
 .group         0x0000000000000000        0xc ./src/p7_stage62_microtest.o
 .group         0x0000000000000000        0xc ./src/p7_stage62_microtest.o
 .group         0x0000000000000000        0xc ./src/p7_stage62_microtest.o
 .group         0x0000000000000000        0xc ./src/p7_stage62_microtest.o
 .group         0x0000000000000000        0xc ./src/p7_stage62_microtest.o
 .group         0x0000000000000000        0xc ./src/p7_stage62_microtest.o
 .group         0x0000000000000000        0xc ./src/p7_stage62_microtest.o
 .group         0x0000000000000000        0xc ./src/p7_stage62_microtest.o
 .group         0x0000000000000000        0xc ./src/p7_stage62_microtest.o
 .group         0x0000000000000000        0xc ./src/p7_stage62_microtest.o
 .group         0x0000000000000000        0xc ./src/p7_stage62_microtest.o
 .group         0x0000000000000000        0xc ./src/p7_stage62_microtest.o
 .group         0x0000000000000000        0xc ./src/p7_stage62_microtest.o
 .group         0x0000000000000000        0xc ./src/p7_stage62_microtest.o
 .group         0x0000000000000000        0xc ./src/p7_stage62_microtest.o
 .group         0x0000000000000000        0xc ./src/p7_stage62_microtest.o
 .group         0x0000000000000000        0xc ./src/p7_stage62_microtest.o
 .group         0x0000000000000000        0xc ./src/p7_stage62_microtest.o
 .group         0x0000000000000000        0xc ./src/p7_stage62_microtest.o
 .group         0x0000000000000000        0xc ./src/p7_stage62_microtest.o
 .group         0x0000000000000000        0xc ./src/p7_stage62_microtest.o
 .group         0x0000000000000000        0xc ./src/p7_stage62_microtest.o
 .group         0x0000000000000000        0xc ./src/p7_stage62_microtest.o
 .group         0x0000000000000000        0xc ./src/p7_stage62_microtest.o
 .group         0x0000000000000000        0xc ./src/p7_stage62_microtest.o
 .group         0x0000000000000000        0xc ./src/p7_stage62_microtest.o
 .group         0x0000000000000000        0xc ./src/p7_stage62_microtest.o
 .group         0x0000000000000000        0xc ./src/p7_stage62_microtest.o
 .debug_macro   0x0000000000000000      0xaa2 ./src/p7_stage62_microtest.o
 .debug_macro   0x0000000000000000       0x22 ./src/p7_stage62_microtest.o
 .debug_macro   0x0000000000000000       0x8e ./src/p7_stage62_microtest.o
 .debug_macro   0x0000000000000000       0x51 ./src/p7_stage62_microtest.o
 .debug_macro   0x0000000000000000      0x103 ./src/p7_stage62_microtest.o
 .debug_macro   0x0000000000000000       0x6a ./src/p7_stage62_microtest.o
 .debug_macro   0x0000000000000000      0x1df ./src/p7_stage62_microtest.o
 .debug_macro   0x0000000000000000      0x189 ./src/p7_stage62_microtest.o
 .debug_macro   0x0000000000000000       0x76 ./src/p7_stage62_microtest.o
 .debug_macro   0x0000000000000000       0x10 ./src/p7_stage62_microtest.o
 .debug_macro   0x0000000000000000      0x10c ./src/p7_stage62_microtest.o
 .debug_macro   0x0000000000000000       0x1c ./src/p7_stage62_microtest.o
 .debug_macro   0x0000000000000000      0x5ae ./src/p7_stage62_microtest.o
 .debug_macro   0x0000000000000000      0x27c ./src/p7_stage62_microtest.o
 .debug_macro   0x0000000000000000       0x51 ./src/p7_stage62_microtest.o
 .debug_macro   0x0000000000000000       0x64 ./src/p7_stage62_microtest.o
 .debug_macro   0x0000000000000000       0x1d ./src/p7_stage62_microtest.o
 .debug_macro   0x0000000000000000       0x3c ./src/p7_stage62_microtest.o
 .debug_macro   0x0000000000000000       0x34 ./src/p7_stage62_microtest.o
 .debug_macro   0x0000000000000000      0x341 ./src/p7_stage62_microtest.o
 .debug_macro   0x0000000000000000      0x119 ./src/p7_stage62_microtest.o
 .debug_macro   0x0000000000000000       0x16 ./src/p7_stage62_microtest.o
 .debug_macro   0x0000000000000000       0x43 ./src/p7_stage62_microtest.o
 .debug_macro   0x0000000000000000       0x34 ./src/p7_stage62_microtest.o
 .debug_macro   0x0000000000000000       0x10 ./src/p7_stage62_microtest.o
 .debug_macro   0x0000000000000000       0x52 ./src/p7_stage62_microtest.o
 .debug_macro   0x0000000000000000      0x182 ./src/p7_stage62_microtest.o
 .debug_macro   0x0000000000000000       0x10 ./src/p7_stage62_microtest.o
 .debug_macro   0x0000000000000000       0x35 ./src/p7_stage62_microtest.o
 .debug_macro   0x0000000000000000       0x58 ./src/p7_stage62_microtest.o
 .debug_macro   0x0000000000000000       0x16 ./src/p7_stage62_microtest.o
 .debug_macro   0x0000000000000000       0x36 ./src/p7_stage62_microtest.o
 .debug_macro   0x0000000000000000      0x414 ./src/p7_stage62_microtest.o
 .debug_macro   0x0000000000000000      0x686 ./src/p7_stage62_microtest.o
 .debug_macro   0x0000000000000000       0x9b ./src/p7_stage62_microtest.o
 .debug_macro   0x0000000000000000       0x54 ./src/p7_stage62_microtest.o
 .group         0x0000000000000000        0xc ./src/rf_app_protocol.o
 .group         0x0000000000000000        0xc ./src/rf_app_protocol.o
 .group         0x0000000000000000        0xc ./src/rf_app_protocol.o
 .group         0x0000000000000000        0xc ./src/rf_app_protocol.o
 .group         0x0000000000000000        0xc ./src/rf_app_protocol.o
 .group         0x0000000000000000        0xc ./src/rf_app_protocol.o
 .group         0x0000000000000000        0xc ./src/rf_app_protocol.o
 .group         0x0000000000000000        0xc ./src/rf_app_protocol.o
 .group         0x0000000000000000        0xc ./src/rf_app_protocol.o
 .group         0x0000000000000000        0xc ./src/rf_app_protocol.o
 .group         0x0000000000000000        0xc ./src/rf_app_protocol.o
 .group         0x0000000000000000        0xc ./src/rf_app_protocol.o
 .group         0x0000000000000000        0xc ./src/rf_app_protocol.o
 .group         0x0000000000000000        0xc ./src/rf_app_protocol.o
 .group         0x0000000000000000        0xc ./src/rf_app_protocol.o
 .group         0x0000000000000000        0xc ./src/rf_app_protocol.o
 .group         0x0000000000000000        0xc ./src/rf_app_protocol.o
 .group         0x0000000000000000        0xc ./src/rf_app_protocol.o
 .group         0x0000000000000000        0xc ./src/rf_app_protocol.o
 .group         0x0000000000000000        0xc ./src/rf_app_protocol.o
 .group         0x0000000000000000        0xc ./src/rf_app_protocol.o
 .group         0x0000000000000000        0xc ./src/rf_app_protocol.o
 .debug_macro   0x0000000000000000      0xaa2 ./src/rf_app_protocol.o
 .debug_macro   0x0000000000000000      0x189 ./src/rf_app_protocol.o
 .debug_macro   0x0000000000000000       0x22 ./src/rf_app_protocol.o
 .debug_macro   0x0000000000000000       0x8e ./src/rf_app_protocol.o
 .debug_macro   0x0000000000000000       0x51 ./src/rf_app_protocol.o
 .debug_macro   0x0000000000000000      0x103 ./src/rf_app_protocol.o
 .debug_macro   0x0000000000000000       0x6a ./src/rf_app_protocol.o
 .debug_macro   0x0000000000000000      0x1df ./src/rf_app_protocol.o
 .debug_macro   0x0000000000000000       0x76 ./src/rf_app_protocol.o
 .debug_macro   0x0000000000000000       0x64 ./src/rf_app_protocol.o
 .debug_macro   0x0000000000000000       0x1d ./src/rf_app_protocol.o
 .debug_macro   0x0000000000000000       0x3c ./src/rf_app_protocol.o
 .debug_macro   0x0000000000000000       0x34 ./src/rf_app_protocol.o
 .debug_macro   0x0000000000000000       0x16 ./src/rf_app_protocol.o
 .debug_macro   0x0000000000000000       0x43 ./src/rf_app_protocol.o
 .debug_macro   0x0000000000000000       0x34 ./src/rf_app_protocol.o
 .debug_macro   0x0000000000000000       0x10 ./src/rf_app_protocol.o
 .debug_macro   0x0000000000000000       0x52 ./src/rf_app_protocol.o
 .debug_macro   0x0000000000000000      0x182 ./src/rf_app_protocol.o
 .debug_macro   0x0000000000000000      0x341 ./src/rf_app_protocol.o
 .debug_macro   0x0000000000000000       0x10 ./src/rf_app_protocol.o
 .debug_macro   0x0000000000000000       0x35 ./src/rf_app_protocol.o
 .group         0x0000000000000000        0xc ./src/rf_transport_backend.o
 .group         0x0000000000000000        0xc ./src/rf_transport_backend.o
 .group         0x0000000000000000        0xc ./src/rf_transport_backend.o
 .group         0x0000000000000000        0xc ./src/rf_transport_backend.o
 .group         0x0000000000000000        0xc ./src/rf_transport_backend.o
 .group         0x0000000000000000        0xc ./src/rf_transport_backend.o
 .group         0x0000000000000000        0xc ./src/rf_transport_backend.o
 .group         0x0000000000000000        0xc ./src/rf_transport_backend.o
 .group         0x0000000000000000        0xc ./src/rf_transport_backend.o
 .debug_macro   0x0000000000000000      0xaa2 ./src/rf_transport_backend.o
 .debug_macro   0x0000000000000000      0x189 ./src/rf_transport_backend.o
 .debug_macro   0x0000000000000000       0x22 ./src/rf_transport_backend.o
 .debug_macro   0x0000000000000000       0x8e ./src/rf_transport_backend.o
 .debug_macro   0x0000000000000000       0x51 ./src/rf_transport_backend.o
 .debug_macro   0x0000000000000000      0x103 ./src/rf_transport_backend.o
 .debug_macro   0x0000000000000000       0x6a ./src/rf_transport_backend.o
 .debug_macro   0x0000000000000000      0x1df ./src/rf_transport_backend.o
 .debug_macro   0x0000000000000000       0x10 ./src/rf_transport_backend.o

Memory Configuration

Name             Origin             Length             Attributes
ps7_ddr_0        0x0000000000100000 0x000000001ff00000
ps7_ram_0        0x0000000000000000 0x0000000000020000
p7_stage62_diag  0x0000000000021000 0x0000000000001000
ps7_ram_1        0x00000000ffff0000 0x000000000000fe00
*default*        0x0000000000000000 0xffffffffffffffff

Linker script and memory map

LOAD D:/Xilinx/Vitis/2023.1/gnu/aarch32/nt/gcc-arm-none-eabi/bin//../aarch32-xilinx-eabi/usr/lib/thumb/v7-a+fp/hard/crti.o
LOAD D:/Xilinx/Vitis/2023.1/gnu/aarch32/nt/gcc-arm-none-eabi/bin//../aarch32-xilinx-eabi/usr/lib/thumb/v7-a+fp/hard/crtbegin.o
                0x0000000000002000                _STACK_SIZE = DEFINED (_STACK_SIZE)?_STACK_SIZE:0x2000
                0x0000000000002000                _HEAP_SIZE = DEFINED (_HEAP_SIZE)?_HEAP_SIZE:0x2000
                0x0000000000000400                _ABORT_STACK_SIZE = DEFINED (_ABORT_STACK_SIZE)?_ABORT_STACK_SIZE:0x400
                0x0000000000000800                _SUPERVISOR_STACK_SIZE = DEFINED (_SUPERVISOR_STACK_SIZE)?_SUPERVISOR_STACK_SIZE:0x800
                0x0000000000000400                _IRQ_STACK_SIZE = DEFINED (_IRQ_STACK_SIZE)?_IRQ_STACK_SIZE:0x400
                0x0000000000000400                _FIQ_STACK_SIZE = DEFINED (_FIQ_STACK_SIZE)?_FIQ_STACK_SIZE:0x400
                0x0000000000000400                _UNDEF_STACK_SIZE = DEFINED (_UNDEF_STACK_SIZE)?_UNDEF_STACK_SIZE:0x400

.text           0x0000000000000000     0xdeb0
                0x0000000000000000                . = ALIGN (0x800)
 *(.vectors)
 .vectors       0x0000000000000000      0x12c C:/Users/user/.codex/worktrees/c9ed/RF_COMM_MULTILANE/build/p7_ps_vitis_workspace/p7_platform/export/p7_platform/sw/p7_platform/standalone_domain/bsplib/lib\libxil.a(asm_vectors.o)
                0x0000000000000000                _vector_table
 *(.boot)
 .boot          0x000000000000012c      0x390 C:/Users/user/.codex/worktrees/c9ed/RF_COMM_MULTILANE/build/p7_ps_vitis_workspace/p7_platform/export/p7_platform/sw/p7_platform/standalone_domain/bsplib/lib\libxil.a(boot.o)
                0x000000000000012c                _prestart
                0x000000000000012c                _boot
 *(.text)
 .text          0x00000000000004bc        0x0 D:/Xilinx/Vitis/2023.1/gnu/aarch32/nt/gcc-arm-none-eabi/bin//../aarch32-xilinx-eabi/usr/lib/thumb/v7-a+fp/hard/crti.o
 .text          0x00000000000004bc       0xa8 D:/Xilinx/Vitis/2023.1/gnu/aarch32/nt/gcc-arm-none-eabi/bin//../aarch32-xilinx-eabi/usr/lib/thumb/v7-a+fp/hard/crtbegin.o
 .text          0x0000000000000564     0x1bbc ./src/ir_driver.o
                0x0000000000000b14                ir_driver_wait_startup
                0x0000000000000bd4                ir_driver_initialize
                0x0000000000000d20                ir_driver_apply_profile
                0x0000000000000d54                ir_driver_start_transaction
                0x0000000000000db4                ir_driver_poll_done
                0x0000000000000e84                ir_driver_read_final_counters
                0x0000000000001040                ir_driver_run_transaction
                0x00000000000010e8                ir_driver_stop
                0x0000000000001148                ir_driver_shutdown
                0x000000000000136c                ir_driver_p6_write_payload
                0x0000000000001488                ir_driver_p6_read_tx_payload
                0x00000000000015ac                ir_driver_p6_read_rx_payload
                0x0000000000001704                ir_driver_p6_commit_payload
                0x000000000000195c                ir_driver_p6_read_result
                0x0000000000001ca8                ir_driver_p6_start
                0x0000000000001d18                ir_driver_p6_get_status
                0x0000000000001d94                ir_driver_p6_start_and_poll
                0x0000000000001edc                ir_driver_p6_reset
                0x0000000000001f3c                ir_driver_p6_stop
                0x0000000000001f9c                ir_driver_p6_run_payload_no_shutdown
                0x000000000000208c                ir_driver_p6_run_mailbox_payload
 .text          0x0000000000002120     0x74d0 ./src/p7_app_service.o
                0x00000000000021fc                p7_stage62_diagnostic_storage
                0x0000000000002a88                p7_sha256_bytes
                0x00000000000089c8                p7_app_service_run
 .text          0x00000000000095f0      0x1a0 ./src/p7_runtime_main.o
                0x00000000000096dc                main
 .text          0x0000000000009790      0x49c ./src/p7_stage62_diagnostic.o
                0x000000000000981c                p7_stage62_classify_copy_observation
                0x00000000000099c8                p7_stage62_snapshot_matches_byte
                0x0000000000009a9c                p7_stage62_reconcile_independent_readback
                0x0000000000009b14                p7_stage62_record_crc32
 .text          0x0000000000009c2c     0x1768 ./src/p7_stage62_microtest.o
                0x000000000000a0d4                p7_stage62_microtest_copy_bytes
                0x000000000000a6d4                p7_stage62_microtest_try_run
 .text          0x000000000000b394      0xd2c ./src/rf_app_protocol.o
                0x000000000000b518                rf_app_error_code
                0x000000000000b6a4                rf_app_crc32
                0x000000000000b788                rf_app_fragment_count
                0x000000000000b838                rf_app_validate_header
                0x000000000000bae0                rf_app_encode_header
                0x000000000000bc9c                rf_app_decode_header
                0x000000000000bea0                rf_app_encode_fragment
                0x000000000000bff0                rf_app_decode_fragment
 .text          0x000000000000c0c0      0x424 ./src/rf_transport_backend.o
                0x000000000000c108                rf_transport_open
                0x000000000000c16c                rf_transport_get_capabilities
                0x000000000000c1e4                rf_transport_submit_fragment
                0x000000000000c280                rf_transport_poll_fragment_result
                0x000000000000c308                rf_transport_read_fragment
                0x000000000000c3a4                rf_transport_abort
                0x000000000000c408                rf_transport_close
                0x000000000000c46c                rf_transport_get_metrics
 .text          0x000000000000c4e4        0x0 C:/Users/user/.codex/worktrees/c9ed/RF_COMM_MULTILANE/build/p7_ps_vitis_workspace/p7_platform/export/p7_platform/sw/p7_platform/standalone_domain/bsplib/lib\libxil.a(asm_vectors.o)
 .text          0x000000000000c4e4        0x0 C:/Users/user/.codex/worktrees/c9ed/RF_COMM_MULTILANE/build/p7_ps_vitis_workspace/p7_platform/export/p7_platform/sw/p7_platform/standalone_domain/bsplib/lib\libxil.a(boot.o)
 .text          0x000000000000c4e4        0x0 C:/Users/user/.codex/worktrees/c9ed/RF_COMM_MULTILANE/build/p7_ps_vitis_workspace/p7_platform/export/p7_platform/sw/p7_platform/standalone_domain/bsplib/lib\libxil.a(translation_table.o)
 .text          0x000000000000c4e4       0x78 C:/Users/user/.codex/worktrees/c9ed/RF_COMM_MULTILANE/build/p7_ps_vitis_workspace/p7_platform/export/p7_platform/sw/p7_platform/standalone_domain/bsplib/lib\libxil.a(vectors.o)
                0x000000000000c4e4                FIQInterrupt
                0x000000000000c4f8                IRQInterrupt
                0x000000000000c50c                UndefinedException
                0x000000000000c520                SWInterrupt
                0x000000000000c534                DataAbortInterrupt
                0x000000000000c548                PrefetchAbortInterrupt
 .text          0x000000000000c55c       0x78 C:/Users/user/.codex/worktrees/c9ed/RF_COMM_MULTILANE/build/p7_ps_vitis_workspace/p7_platform/export/p7_platform/sw/p7_platform/standalone_domain/bsplib/lib\libxil.a(xil-crt0.o)
                0x000000000000c570                _start
 .text          0x000000000000c5d4      0xabc C:/Users/user/.codex/worktrees/c9ed/RF_COMM_MULTILANE/build/p7_ps_vitis_workspace/p7_platform/export/p7_platform/sw/p7_platform/standalone_domain/bsplib/lib\libxil.a(xil_cache.o)
                0x000000000000c5d4                Xil_DCacheInvalidateLine
                0x000000000000c60c                Xil_DCacheInvalidateRange
                0x000000000000c6fc                Xil_DCacheFlushLine
                0x000000000000c744                Xil_DCacheFlushRange
                0x000000000000c7d8                Xil_DCacheStoreLine
                0x000000000000c810                Xil_ICacheDisable
                0x000000000000c88c                Xil_ICacheInvalidateLine
                0x000000000000c8c4                Xil_ICacheInvalidateRange
                0x000000000000c918                Xil_L1DCacheInvalidate
                0x000000000000c9c8                Xil_L1DCacheEnable
                0x000000000000c9e8                Xil_L1DCacheInvalidateLine
                0x000000000000ca00                Xil_L1DCacheInvalidateRange
                0x000000000000ca40                Xil_L1DCacheFlush
                0x000000000000cac8                Xil_L1DCacheDisable
                0x000000000000cae0                Xil_DCacheFlush
                0x000000000000cb3c                Xil_DCacheDisable
                0x000000000000cbb4                Xil_L1DCacheFlushLine
                0x000000000000cbcc                Xil_L1DCacheFlushRange
                0x000000000000cc0c                Xil_L1DCacheStoreLine
                0x000000000000cc24                Xil_L1ICacheEnable
                0x000000000000cc40                Xil_L1ICacheDisable
                0x000000000000cc5c                Xil_L1ICacheInvalidate
                0x000000000000cc74                Xil_L1ICacheInvalidateLine
                0x000000000000cc8c                Xil_L1ICacheInvalidateRange
                0x000000000000cccc                Xil_L2CacheDisable
                0x000000000000cd2c                Xil_L2CacheInvalidate
                0x000000000000cd98                Xil_DCacheInvalidate
                0x000000000000cdb8                Xil_ICacheInvalidate
                0x000000000000cde8                Xil_L2CacheEnable
                0x000000000000ce48                Xil_ICacheEnable
                0x000000000000cec0                Xil_DCacheEnable
                0x000000000000cf38                Xil_L2CacheInvalidateLine
                0x000000000000cf4c                Xil_L2CacheInvalidateRange
                0x000000000000cfb4                Xil_L2CacheFlush
                0x000000000000cff8                Xil_L2CacheFlushLine
                0x000000000000d014                Xil_L2CacheFlushRange
                0x000000000000d078                Xil_L2CacheStoreLine
 .text          0x000000000000d090       0x70 C:/Users/user/.codex/worktrees/c9ed/RF_COMM_MULTILANE/build/p7_ps_vitis_workspace/p7_platform/export/p7_platform/sw/p7_platform/standalone_domain/bsplib/lib\libxil.a(xil_exception.o)
                0x000000000000d0a0                Xil_ExceptionInit
                0x000000000000d0a4                Xil_ExceptionRegisterHandler
                0x000000000000d0bc                Xil_GetExceptionRegisterHandler
                0x000000000000d0dc                Xil_ExceptionRemoveHandler
 .text          0x000000000000d100       0x4c C:/Users/user/.codex/worktrees/c9ed/RF_COMM_MULTILANE/build/p7_ps_vitis_workspace/p7_platform/export/p7_platform/sw/p7_platform/standalone_domain/bsplib/lib\libxil.a(xtime_l.o)
                0x000000000000d100                XTime_SetTime
                0x000000000000d124                XTime_GetTime
 .text          0x000000000000d14c       0x3c C:/Users/user/.codex/worktrees/c9ed/RF_COMM_MULTILANE/build/p7_ps_vitis_workspace/p7_platform/export/p7_platform/sw/p7_platform/standalone_domain/bsplib/lib\libxil.a(cpu_init.o)
                0x000000000000d14c                __cpu_init
 .text          0x000000000000d188      0x278 D:/Xilinx/Vitis/2023.1/gnu/aarch32/nt/gcc-arm-none-eabi/bin//../aarch32-xilinx-eabi/usr/lib/thumb/v7-a+fp/hard\libgcc.a(_udivsi3.o)
                0x000000000000d188                __aeabi_uidiv
                0x000000000000d188                __udivsi3
                0x000000000000d3e4                __aeabi_uidivmod
 .text          0x000000000000d400      0x2b0 D:/Xilinx/Vitis/2023.1/gnu/aarch32/nt/gcc-arm-none-eabi/bin//../aarch32-xilinx-eabi/usr/lib/thumb/v7-a+fp/hard\libgcc.a(_divsi3.o)
                0x000000000000d400                __divsi3
                0x000000000000d400                __aeabi_idiv
                0x000000000000d694                __aeabi_idivmod
 .text          0x000000000000d6b0        0x4 D:/Xilinx/Vitis/2023.1/gnu/aarch32/nt/gcc-arm-none-eabi/bin//../aarch32-xilinx-eabi/usr/lib/thumb/v7-a+fp/hard\libgcc.a(_dvmd_tls.o)
                0x000000000000d6b0                __aeabi_idiv0
                0x000000000000d6b0                __aeabi_ldiv0
 .text          0x000000000000d6b4       0x20 D:/Xilinx/Vitis/2023.1/gnu/aarch32/nt/gcc-arm-none-eabi/bin//../aarch32-xilinx-eabi/usr/lib/thumb/v7-a+fp/hard\libc.a(lib_a-exit.o)
                0x000000000000d6b4                exit
 .text          0x000000000000d6d4       0x2c D:/Xilinx/Vitis/2023.1/gnu/aarch32/nt/gcc-arm-none-eabi/bin//../aarch32-xilinx-eabi/usr/lib/thumb/v7-a+fp/hard\libc.a(lib_a-fini.o)
                0x000000000000d6d4                __libc_fini_array
 .text          0x000000000000d700        0x0 D:/Xilinx/Vitis/2023.1/gnu/aarch32/nt/gcc-arm-none-eabi/bin//../aarch32-xilinx-eabi/usr/lib/thumb/v7-a+fp/hard\libc.a(lib_a-impure.o)
 .text          0x000000000000d700       0x58 D:/Xilinx/Vitis/2023.1/gnu/aarch32/nt/gcc-arm-none-eabi/bin//../aarch32-xilinx-eabi/usr/lib/thumb/v7-a+fp/hard\libc.a(lib_a-init.o)
                0x000000000000d700                __libc_init_array
 *fill*         0x000000000000d758       0x28 
 .text          0x000000000000d780      0x5e0 D:/Xilinx/Vitis/2023.1/gnu/aarch32/nt/gcc-arm-none-eabi/bin//../aarch32-xilinx-eabi/usr/lib/thumb/v7-a+fp/hard\libc.a(lib_a-memcpy.o)
                0x000000000000d780                memcpy
 .text          0x000000000000dd60       0xa8 D:/Xilinx/Vitis/2023.1/gnu/aarch32/nt/gcc-arm-none-eabi/bin//../aarch32-xilinx-eabi/usr/lib/thumb/v7-a+fp/hard\libc.a(lib_a-memset.o)
                0x000000000000dd60                memset
 .text          0x000000000000de08       0xa4 D:/Xilinx/Vitis/2023.1/gnu/aarch32/nt/gcc-arm-none-eabi/bin//../aarch32-xilinx-eabi/usr/lib/thumb/v7-a+fp/hard\libc.a(lib_a-__call_atexit.o)
                0x000000000000de08                __call_exitprocs
 .text          0x000000000000deac        0x4 C:/Users/user/.codex/worktrees/c9ed/RF_COMM_MULTILANE/build/p7_ps_vitis_workspace/p7_platform/export/p7_platform/sw/p7_platform/standalone_domain/bsplib/lib\libxil.a(_exit.o)
                0x000000000000deac                _exit
 .text          0x000000000000deb0        0x0 D:/Xilinx/Vitis/2023.1/gnu/aarch32/nt/gcc-arm-none-eabi/bin//../aarch32-xilinx-eabi/usr/lib/thumb/v7-a+fp/hard/crtend.o
 .text          0x000000000000deb0        0x0 D:/Xilinx/Vitis/2023.1/gnu/aarch32/nt/gcc-arm-none-eabi/bin//../aarch32-xilinx-eabi/usr/lib/thumb/v7-a+fp/hard/crtn.o
 *(.text.*)
 *(.gnu.linkonce.t.*)
 *(.plt)
 *(.gnu_warning)
 *(.gcc_execpt_table)
 *(.glue_7)
 .glue_7        0x000000000000deb0        0x0 linker stubs
 *(.glue_7t)
 .glue_7t       0x000000000000deb0        0x0 linker stubs
 *(.vfp11_veneer)
 .vfp11_veneer  0x000000000000deb0        0x0 linker stubs
 *(.ARM.extab)
 *(.gnu.linkonce.armextab.*)

.v4_bx          0x000000000000deb0        0x0
 .v4_bx         0x000000000000deb0        0x0 linker stubs

.iplt           0x000000000000deb0        0x0
 .iplt          0x000000000000deb0        0x0 D:/Xilinx/Vitis/2023.1/gnu/aarch32/nt/gcc-arm-none-eabi/bin//../aarch32-xilinx-eabi/usr/lib/thumb/v7-a+fp/hard/crtbegin.o

.init           0x000000000000deb0        0xc
 *(.init)
 .init          0x000000000000deb0        0x4 D:/Xilinx/Vitis/2023.1/gnu/aarch32/nt/gcc-arm-none-eabi/bin//../aarch32-xilinx-eabi/usr/lib/thumb/v7-a+fp/hard/crti.o
                0x000000000000deb0                _init
 .init          0x000000000000deb4        0x8 D:/Xilinx/Vitis/2023.1/gnu/aarch32/nt/gcc-arm-none-eabi/bin//../aarch32-xilinx-eabi/usr/lib/thumb/v7-a+fp/hard/crtn.o

.fini           0x000000000000debc        0xc
 *(.fini)
 .fini          0x000000000000debc        0x4 D:/Xilinx/Vitis/2023.1/gnu/aarch32/nt/gcc-arm-none-eabi/bin//../aarch32-xilinx-eabi/usr/lib/thumb/v7-a+fp/hard/crti.o
                0x000000000000debc                _fini
 .fini          0x000000000000dec0        0x8 D:/Xilinx/Vitis/2023.1/gnu/aarch32/nt/gcc-arm-none-eabi/bin//../aarch32-xilinx-eabi/usr/lib/thumb/v7-a+fp/hard/crtn.o

.rodata         0x000000000000dec8      0x410
                0x000000000000dec8                __rodata_start = .
 *(.rodata)
 .rodata        0x000000000000dec8       0x24 D:/Xilinx/Vitis/2023.1/gnu/aarch32/nt/gcc-arm-none-eabi/bin//../aarch32-xilinx-eabi/usr/lib/thumb/v7-a+fp/hard/crtbegin.o
 .rodata        0x000000000000deec      0x1c0 ./src/p7_app_service.o
 .rodata        0x000000000000e0ac       0x40 ./src/p7_stage62_diagnostic.o
 .rodata        0x000000000000e0ec       0x44 ./src/p7_stage62_microtest.o
 .rodata        0x000000000000e130      0x180 ./src/rf_app_protocol.o
 .rodata        0x000000000000e2b0        0x4 D:/Xilinx/Vitis/2023.1/gnu/aarch32/nt/gcc-arm-none-eabi/bin//../aarch32-xilinx-eabi/usr/lib/thumb/v7-a+fp/hard\libc.a(lib_a-impure.o)
                0x000000000000e2b0                _global_impure_ptr
 .rodata        0x000000000000e2b4       0x24 D:/Xilinx/Vitis/2023.1/gnu/aarch32/nt/gcc-arm-none-eabi/bin//../aarch32-xilinx-eabi/usr/lib/thumb/v7-a+fp/hard/crtend.o
 *(.rodata.*)
 *(.gnu.linkonce.r.*)
                0x000000000000e2d8                __rodata_end = .

.rodata1        0x000000000000e2d8        0x0
                0x000000000000e2d8                __rodata1_start = .
 *(.rodata1)
 *(.rodata1.*)
                0x000000000000e2d8                __rodata1_end = .

.sdata2         0x000000000000e2d8        0x0
                0x000000000000e2d8                __sdata2_start = .
 *(.sdata2)
 *(.sdata2.*)
 *(.gnu.linkonce.s2.*)
                0x000000000000e2d8                __sdata2_end = .

.sbss2          0x000000000000e2d8        0x0
                0x000000000000e2d8                __sbss2_start = .
 *(.sbss2)
 *(.sbss2.*)
 *(.gnu.linkonce.sb2.*)
                0x000000000000e2d8                __sbss2_end = .

.data           0x000000000000e2d8      0x470
                0x000000000000e2d8                __data_start = .
 *(.data)
 .data          0x000000000000e2d8        0x0 D:/Xilinx/Vitis/2023.1/gnu/aarch32/nt/gcc-arm-none-eabi/bin//../aarch32-xilinx-eabi/usr/lib/thumb/v7-a+fp/hard/crti.o
 .data          0x000000000000e2d8        0x4 D:/Xilinx/Vitis/2023.1/gnu/aarch32/nt/gcc-arm-none-eabi/bin//../aarch32-xilinx-eabi/usr/lib/thumb/v7-a+fp/hard/crtbegin.o
                0x000000000000e2d8                __dso_handle
 .data          0x000000000000e2dc        0x0 ./src/ir_driver.o
 .data          0x000000000000e2dc        0x0 ./src/p7_app_service.o
 .data          0x000000000000e2dc        0x0 ./src/p7_runtime_main.o
 .data          0x000000000000e2dc        0x0 ./src/p7_stage62_diagnostic.o
 .data          0x000000000000e2dc        0x0 ./src/p7_stage62_microtest.o
 .data          0x000000000000e2dc        0x0 ./src/rf_app_protocol.o
 .data          0x000000000000e2dc        0x0 ./src/rf_transport_backend.o
 .data          0x000000000000e2dc        0x0 C:/Users/user/.codex/worktrees/c9ed/RF_COMM_MULTILANE/build/p7_ps_vitis_workspace/p7_platform/export/p7_platform/sw/p7_platform/standalone_domain/bsplib/lib\libxil.a(asm_vectors.o)
 .data          0x000000000000e2dc        0x0 C:/Users/user/.codex/worktrees/c9ed/RF_COMM_MULTILANE/build/p7_ps_vitis_workspace/p7_platform/export/p7_platform/sw/p7_platform/standalone_domain/bsplib/lib\libxil.a(boot.o)
 .data          0x000000000000e2dc        0x0 C:/Users/user/.codex/worktrees/c9ed/RF_COMM_MULTILANE/build/p7_ps_vitis_workspace/p7_platform/export/p7_platform/sw/p7_platform/standalone_domain/bsplib/lib\libxil.a(translation_table.o)
 .data          0x000000000000e2dc        0x0 C:/Users/user/.codex/worktrees/c9ed/RF_COMM_MULTILANE/build/p7_ps_vitis_workspace/p7_platform/export/p7_platform/sw/p7_platform/standalone_domain/bsplib/lib\libxil.a(vectors.o)
 .data          0x000000000000e2dc        0x0 C:/Users/user/.codex/worktrees/c9ed/RF_COMM_MULTILANE/build/p7_ps_vitis_workspace/p7_platform/export/p7_platform/sw/p7_platform/standalone_domain/bsplib/lib\libxil.a(xil-crt0.o)
 .data          0x000000000000e2dc        0x0 C:/Users/user/.codex/worktrees/c9ed/RF_COMM_MULTILANE/build/p7_ps_vitis_workspace/p7_platform/export/p7_platform/sw/p7_platform/standalone_domain/bsplib/lib\libxil.a(xil_cache.o)
 .data          0x000000000000e2dc       0x38 C:/Users/user/.codex/worktrees/c9ed/RF_COMM_MULTILANE/build/p7_ps_vitis_workspace/p7_platform/export/p7_platform/sw/p7_platform/standalone_domain/bsplib/lib\libxil.a(xil_exception.o)
                0x000000000000e2dc                XExc_VectorTable
 .data          0x000000000000e314        0x0 C:/Users/user/.codex/worktrees/c9ed/RF_COMM_MULTILANE/build/p7_ps_vitis_workspace/p7_platform/export/p7_platform/sw/p7_platform/standalone_domain/bsplib/lib\libxil.a(xtime_l.o)
 .data          0x000000000000e314        0x0 C:/Users/user/.codex/worktrees/c9ed/RF_COMM_MULTILANE/build/p7_ps_vitis_workspace/p7_platform/export/p7_platform/sw/p7_platform/standalone_domain/bsplib/lib\libxil.a(cpu_init.o)
 .data          0x000000000000e314        0x0 D:/Xilinx/Vitis/2023.1/gnu/aarch32/nt/gcc-arm-none-eabi/bin//../aarch32-xilinx-eabi/usr/lib/thumb/v7-a+fp/hard\libgcc.a(_udivsi3.o)
 .data          0x000000000000e314        0x0 D:/Xilinx/Vitis/2023.1/gnu/aarch32/nt/gcc-arm-none-eabi/bin//../aarch32-xilinx-eabi/usr/lib/thumb/v7-a+fp/hard\libgcc.a(_divsi3.o)
 .data          0x000000000000e314        0x0 D:/Xilinx/Vitis/2023.1/gnu/aarch32/nt/gcc-arm-none-eabi/bin//../aarch32-xilinx-eabi/usr/lib/thumb/v7-a+fp/hard\libgcc.a(_dvmd_tls.o)
 .data          0x000000000000e314        0x0 D:/Xilinx/Vitis/2023.1/gnu/aarch32/nt/gcc-arm-none-eabi/bin//../aarch32-xilinx-eabi/usr/lib/thumb/v7-a+fp/hard\libc.a(lib_a-exit.o)
 .data          0x000000000000e314        0x0 D:/Xilinx/Vitis/2023.1/gnu/aarch32/nt/gcc-arm-none-eabi/bin//../aarch32-xilinx-eabi/usr/lib/thumb/v7-a+fp/hard\libc.a(lib_a-fini.o)
 *fill*         0x000000000000e314        0x4 
 .data          0x000000000000e318      0x430 D:/Xilinx/Vitis/2023.1/gnu/aarch32/nt/gcc-arm-none-eabi/bin//../aarch32-xilinx-eabi/usr/lib/thumb/v7-a+fp/hard\libc.a(lib_a-impure.o)
                0x000000000000e318                _impure_ptr
 .data          0x000000000000e748        0x0 D:/Xilinx/Vitis/2023.1/gnu/aarch32/nt/gcc-arm-none-eabi/bin//../aarch32-xilinx-eabi/usr/lib/thumb/v7-a+fp/hard\libc.a(lib_a-init.o)
 .data          0x000000000000e748        0x0 D:/Xilinx/Vitis/2023.1/gnu/aarch32/nt/gcc-arm-none-eabi/bin//../aarch32-xilinx-eabi/usr/lib/thumb/v7-a+fp/hard\libc.a(lib_a-memcpy.o)
 .data          0x000000000000e748        0x0 D:/Xilinx/Vitis/2023.1/gnu/aarch32/nt/gcc-arm-none-eabi/bin//../aarch32-xilinx-eabi/usr/lib/thumb/v7-a+fp/hard\libc.a(lib_a-memset.o)
 .data          0x000000000000e748        0x0 D:/Xilinx/Vitis/2023.1/gnu/aarch32/nt/gcc-arm-none-eabi/bin//../aarch32-xilinx-eabi/usr/lib/thumb/v7-a+fp/hard\libc.a(lib_a-__call_atexit.o)
 .data          0x000000000000e748        0x0 C:/Users/user/.codex/worktrees/c9ed/RF_COMM_MULTILANE/build/p7_ps_vitis_workspace/p7_platform/export/p7_platform/sw/p7_platform/standalone_domain/bsplib/lib\libxil.a(_exit.o)
 .data          0x000000000000e748        0x0 D:/Xilinx/Vitis/2023.1/gnu/aarch32/nt/gcc-arm-none-eabi/bin//../aarch32-xilinx-eabi/usr/lib/thumb/v7-a+fp/hard/crtend.o
 .data          0x000000000000e748        0x0 D:/Xilinx/Vitis/2023.1/gnu/aarch32/nt/gcc-arm-none-eabi/bin//../aarch32-xilinx-eabi/usr/lib/thumb/v7-a+fp/hard/crtn.o
 *(.data.*)
 *(.gnu.linkonce.d.*)
 *(.jcr)
 *(.got)
 *(.got.plt)
                0x000000000000e748                __data_end = .

.tm_clone_table
                0x000000000000e748        0x0
 .tm_clone_table
                0x000000000000e748        0x0 D:/Xilinx/Vitis/2023.1/gnu/aarch32/nt/gcc-arm-none-eabi/bin//../aarch32-xilinx-eabi/usr/lib/thumb/v7-a+fp/hard/crtbegin.o
 .tm_clone_table
                0x000000000000e748        0x0 D:/Xilinx/Vitis/2023.1/gnu/aarch32/nt/gcc-arm-none-eabi/bin//../aarch32-xilinx-eabi/usr/lib/thumb/v7-a+fp/hard/crtend.o

.igot.plt       0x000000000000e748        0x0
 .igot.plt      0x000000000000e748        0x0 D:/Xilinx/Vitis/2023.1/gnu/aarch32/nt/gcc-arm-none-eabi/bin//../aarch32-xilinx-eabi/usr/lib/thumb/v7-a+fp/hard/crtbegin.o

.got2           0x000000000000e748        0x0
 .got2          0x000000000000e748        0x0 C:/Users/user/.codex/worktrees/c9ed/RF_COMM_MULTILANE/build/p7_ps_vitis_workspace/p7_platform/export/p7_platform/sw/p7_platform/standalone_domain/bsplib/lib\libxil.a(xil-crt0.o)

.data1          0x000000000000e748        0x0
                0x000000000000e748                __data1_start = .
 *(.data1)
 *(.data1.*)
                0x000000000000e748                __data1_end = .

.got
 *(.got)

.note.gnu.build-id
 *(.note.gnu.build-id)

.ctors          0x000000000000e748        0x0
                0x000000000000e748                __CTOR_LIST__ = .
                0x000000000000e748                ___CTORS_LIST___ = .
 *crtbegin.o(.ctors)
 *(EXCLUDE_FILE(*crtend.o) .ctors)
 *(SORT_BY_NAME(.ctors.*))
 *(.ctors)
                0x000000000000e748                __CTOR_END__ = .
                0x000000000000e748                ___CTORS_END___ = .

.dtors          0x000000000000e748        0x0
                0x000000000000e748                __DTOR_LIST__ = .
                0x000000000000e748                ___DTORS_LIST___ = .
 *crtbegin.o(.dtors)
 *(EXCLUDE_FILE(*crtend.o) .dtors)
 *(SORT_BY_NAME(.dtors.*))
 *(.dtors)
                0x000000000000e748                __DTOR_END__ = .
                0x000000000000e748                ___DTORS_END___ = .

.fixup          0x000000000000e748        0x0
                0x000000000000e748                __fixup_start = .
 *(.fixup)
                0x000000000000e748                __fixup_end = .

.eh_frame       0x000000000000e748        0x4
 *(.eh_frame)
 .eh_frame      0x000000000000e748        0x0 D:/Xilinx/Vitis/2023.1/gnu/aarch32/nt/gcc-arm-none-eabi/bin//../aarch32-xilinx-eabi/usr/lib/thumb/v7-a+fp/hard/crtbegin.o
 .eh_frame      0x000000000000e748        0x4 D:/Xilinx/Vitis/2023.1/gnu/aarch32/nt/gcc-arm-none-eabi/bin//../aarch32-xilinx-eabi/usr/lib/thumb/v7-a+fp/hard/crtend.o

.eh_framehdr    0x000000000000e74c        0x0
                0x000000000000e74c                __eh_framehdr_start = .
 *(.eh_framehdr)
                0x000000000000e74c                __eh_framehdr_end = .

.gcc_except_table
 *(.gcc_except_table)

.mmu_tbl        0x0000000000010000     0x4000
                0x0000000000010000                __mmu_tbl_start = .
 *(.mmu_tbl)
 .mmu_tbl       0x0000000000010000     0x4000 C:/Users/user/.codex/worktrees/c9ed/RF_COMM_MULTILANE/build/p7_ps_vitis_workspace/p7_platform/export/p7_platform/sw/p7_platform/standalone_domain/bsplib/lib\libxil.a(translation_table.o)
                0x0000000000010000                MMUTable
                0x0000000000014000                __mmu_tbl_end = .

.rel.dyn        0x0000000000014000        0x0
 .rel.iplt      0x0000000000014000        0x0 D:/Xilinx/Vitis/2023.1/gnu/aarch32/nt/gcc-arm-none-eabi/bin//../aarch32-xilinx-eabi/usr/lib/thumb/v7-a+fp/hard/crtbegin.o

.ARM.exidx      0x0000000000014000        0x0
                0x0000000000014000                __exidx_start = .
 *(.ARM.exidx*)
 *(.gnu.linkonce.armexidix.*.*)
                0x0000000000014000                __exidx_end = .

.preinit_array  0x0000000000014000        0x0
                0x0000000000014000                __preinit_array_start = .
 *(SORT_BY_NAME(.preinit_array.*))
 *(.preinit_array)
                0x0000000000014000                __preinit_array_end = .

.init_array     0x0000000000014000        0x4
                0x0000000000014000                __init_array_start = .
 *(SORT_BY_NAME(.init_array.*))
 *(.init_array)
 .init_array    0x0000000000014000        0x4 D:/Xilinx/Vitis/2023.1/gnu/aarch32/nt/gcc-arm-none-eabi/bin//../aarch32-xilinx-eabi/usr/lib/thumb/v7-a+fp/hard/crtbegin.o
                0x0000000000014004                __init_array_end = .

.fini_array     0x0000000000014004        0x4
                0x0000000000014004                __fini_array_start = .
 *(SORT_BY_NAME(.fini_array.*))
 *(.fini_array)
 .fini_array    0x0000000000014004        0x4 D:/Xilinx/Vitis/2023.1/gnu/aarch32/nt/gcc-arm-none-eabi/bin//../aarch32-xilinx-eabi/usr/lib/thumb/v7-a+fp/hard/crtbegin.o
                0x0000000000014008                __fini_array_end = .

.ARM.attributes
                0x0000000000014008       0x33
                0x0000000000014008                __ARM.attributes_start = .
 *(.ARM.attributes)
 .ARM.attributes
                0x0000000000014008       0x21 D:/Xilinx/Vitis/2023.1/gnu/aarch32/nt/gcc-arm-none-eabi/bin//../aarch32-xilinx-eabi/usr/lib/thumb/v7-a+fp/hard/crti.o
 .ARM.attributes
                0x0000000000014029       0x33 D:/Xilinx/Vitis/2023.1/gnu/aarch32/nt/gcc-arm-none-eabi/bin//../aarch32-xilinx-eabi/usr/lib/thumb/v7-a+fp/hard/crtbegin.o
 .ARM.attributes
                0x000000000001405c       0x37 ./src/ir_driver.o
 .ARM.attributes
                0x0000000000014093       0x37 ./src/p7_app_service.o
 .ARM.attributes
                0x00000000000140ca       0x37 ./src/p7_runtime_main.o
 .ARM.attributes
                0x0000000000014101       0x37 ./src/p7_stage62_diagnostic.o
 .ARM.attributes
                0x0000000000014138       0x37 ./src/p7_stage62_microtest.o
 .ARM.attributes
                0x000000000001416f       0x37 ./src/rf_app_protocol.o
 .ARM.attributes
                0x00000000000141a6       0x37 ./src/rf_transport_backend.o
 .ARM.attributes
                0x00000000000141dd       0x23 C:/Users/user/.codex/worktrees/c9ed/RF_COMM_MULTILANE/build/p7_ps_vitis_workspace/p7_platform/export/p7_platform/sw/p7_platform/standalone_domain/bsplib/lib\libxil.a(asm_vectors.o)
 .ARM.attributes
                0x0000000000014200       0x23 C:/Users/user/.codex/worktrees/c9ed/RF_COMM_MULTILANE/build/p7_ps_vitis_workspace/p7_platform/export/p7_platform/sw/p7_platform/standalone_domain/bsplib/lib\libxil.a(boot.o)
 .ARM.attributes
                0x0000000000014223       0x23 C:/Users/user/.codex/worktrees/c9ed/RF_COMM_MULTILANE/build/p7_ps_vitis_workspace/p7_platform/export/p7_platform/sw/p7_platform/standalone_domain/bsplib/lib\libxil.a(translation_table.o)
 .ARM.attributes
                0x0000000000014246       0x37 C:/Users/user/.codex/worktrees/c9ed/RF_COMM_MULTILANE/build/p7_ps_vitis_workspace/p7_platform/export/p7_platform/sw/p7_platform/standalone_domain/bsplib/lib\libxil.a(vectors.o)
 .ARM.attributes
                0x000000000001427d       0x23 C:/Users/user/.codex/worktrees/c9ed/RF_COMM_MULTILANE/build/p7_ps_vitis_workspace/p7_platform/export/p7_platform/sw/p7_platform/standalone_domain/bsplib/lib\libxil.a(xil-crt0.o)
 .ARM.attributes
                0x00000000000142a0       0x37 C:/Users/user/.codex/worktrees/c9ed/RF_COMM_MULTILANE/build/p7_ps_vitis_workspace/p7_platform/export/p7_platform/sw/p7_platform/standalone_domain/bsplib/lib\libxil.a(xil_cache.o)
 .ARM.attributes
                0x00000000000142d7       0x37 C:/Users/user/.codex/worktrees/c9ed/RF_COMM_MULTILANE/build/p7_ps_vitis_workspace/p7_platform/export/p7_platform/sw/p7_platform/standalone_domain/bsplib/lib\libxil.a(xil_exception.o)
 .ARM.attributes
                0x000000000001430e       0x37 C:/Users/user/.codex/worktrees/c9ed/RF_COMM_MULTILANE/build/p7_ps_vitis_workspace/p7_platform/export/p7_platform/sw/p7_platform/standalone_domain/bsplib/lib\libxil.a(xtime_l.o)
 .ARM.attributes
                0x0000000000014345       0x23 C:/Users/user/.codex/worktrees/c9ed/RF_COMM_MULTILANE/build/p7_ps_vitis_workspace/p7_platform/export/p7_platform/sw/p7_platform/standalone_domain/bsplib/lib\libxil.a(cpu_init.o)
 .ARM.attributes
                0x0000000000014368       0x21 D:/Xilinx/Vitis/2023.1/gnu/aarch32/nt/gcc-arm-none-eabi/bin//../aarch32-xilinx-eabi/usr/lib/thumb/v7-a+fp/hard\libgcc.a(_udivsi3.o)
 .ARM.attributes
                0x0000000000014389       0x21 D:/Xilinx/Vitis/2023.1/gnu/aarch32/nt/gcc-arm-none-eabi/bin//../aarch32-xilinx-eabi/usr/lib/thumb/v7-a+fp/hard\libgcc.a(_divsi3.o)
 .ARM.attributes
                0x00000000000143aa       0x21 D:/Xilinx/Vitis/2023.1/gnu/aarch32/nt/gcc-arm-none-eabi/bin//../aarch32-xilinx-eabi/usr/lib/thumb/v7-a+fp/hard\libgcc.a(_dvmd_tls.o)
 .ARM.attributes
                0x00000000000143cb       0x33 D:/Xilinx/Vitis/2023.1/gnu/aarch32/nt/gcc-arm-none-eabi/bin//../aarch32-xilinx-eabi/usr/lib/thumb/v7-a+fp/hard\libc.a(lib_a-exit.o)
 .ARM.attributes
                0x00000000000143fe       0x33 D:/Xilinx/Vitis/2023.1/gnu/aarch32/nt/gcc-arm-none-eabi/bin//../aarch32-xilinx-eabi/usr/lib/thumb/v7-a+fp/hard\libc.a(lib_a-fini.o)
 .ARM.attributes
                0x0000000000014431       0x33 D:/Xilinx/Vitis/2023.1/gnu/aarch32/nt/gcc-arm-none-eabi/bin//../aarch32-xilinx-eabi/usr/lib/thumb/v7-a+fp/hard\libc.a(lib_a-impure.o)
 .ARM.attributes
                0x0000000000014464       0x33 D:/Xilinx/Vitis/2023.1/gnu/aarch32/nt/gcc-arm-none-eabi/bin//../aarch32-xilinx-eabi/usr/lib/thumb/v7-a+fp/hard\libc.a(lib_a-init.o)
 .ARM.attributes
                0x0000000000014497       0x1b D:/Xilinx/Vitis/2023.1/gnu/aarch32/nt/gcc-arm-none-eabi/bin//../aarch32-xilinx-eabi/usr/lib/thumb/v7-a+fp/hard\libc.a(lib_a-memcpy.o)
 .ARM.attributes
                0x00000000000144b2       0x33 D:/Xilinx/Vitis/2023.1/gnu/aarch32/nt/gcc-arm-none-eabi/bin//../aarch32-xilinx-eabi/usr/lib/thumb/v7-a+fp/hard\libc.a(lib_a-memset.o)
 .ARM.attributes
                0x00000000000144e5       0x33 D:/Xilinx/Vitis/2023.1/gnu/aarch32/nt/gcc-arm-none-eabi/bin//../aarch32-xilinx-eabi/usr/lib/thumb/v7-a+fp/hard\libc.a(lib_a-__call_atexit.o)
 .ARM.attributes
                0x0000000000014518       0x37 C:/Users/user/.codex/worktrees/c9ed/RF_COMM_MULTILANE/build/p7_ps_vitis_workspace/p7_platform/export/p7_platform/sw/p7_platform/standalone_domain/bsplib/lib\libxil.a(_exit.o)
 .ARM.attributes
                0x000000000001454f       0x33 D:/Xilinx/Vitis/2023.1/gnu/aarch32/nt/gcc-arm-none-eabi/bin//../aarch32-xilinx-eabi/usr/lib/thumb/v7-a+fp/hard/crtend.o
 .ARM.attributes
                0x0000000000014582       0x21 D:/Xilinx/Vitis/2023.1/gnu/aarch32/nt/gcc-arm-none-eabi/bin//../aarch32-xilinx-eabi/usr/lib/thumb/v7-a+fp/hard/crtn.o
                0x00000000000145a3                __ARM.attributes_end = .

.sdata          0x0000000000014008        0x0
                0x0000000000014008                __sdata_start = .
 *(.sdata)
 *(.sdata.*)
 *(.gnu.linkonce.s.*)
                0x0000000000014008                __sdata_end = .

.sbss           0x0000000000014008        0x0
                0x0000000000014008                __sbss_start = .
 *(.sbss)
 *(.sbss.*)
 *(.gnu.linkonce.sb.*)
                0x0000000000014008                __sbss_end = .

.tdata          0x0000000000014008        0x0
                0x0000000000014008                __tdata_start = .
 *(.tdata)
 *(.tdata.*)
 *(.gnu.linkonce.td.*)
                0x0000000000014008                __tdata_end = .

.tbss           0x0000000000014008        0x0
                0x0000000000014008                __tbss_start = .
 *(.tbss)
 *(.tbss.*)
 *(.gnu.linkonce.tb.*)
                0x0000000000014008                __tbss_end = .

.bss            0x0000000000014008       0x2c
                0x0000000000014008                __bss_start = .
 *(.bss)
 .bss           0x0000000000014008        0x0 D:/Xilinx/Vitis/2023.1/gnu/aarch32/nt/gcc-arm-none-eabi/bin//../aarch32-xilinx-eabi/usr/lib/thumb/v7-a+fp/hard/crti.o
 .bss           0x0000000000014008       0x1c D:/Xilinx/Vitis/2023.1/gnu/aarch32/nt/gcc-arm-none-eabi/bin//../aarch32-xilinx-eabi/usr/lib/thumb/v7-a+fp/hard/crtbegin.o
 .bss           0x0000000000014024        0x0 ./src/ir_driver.o
 .bss           0x0000000000014024        0x4 ./src/p7_app_service.o
 .bss           0x0000000000014028        0x0 ./src/p7_runtime_main.o
 .bss           0x0000000000014028        0x0 ./src/p7_stage62_diagnostic.o
 .bss           0x0000000000014028        0x0 ./src/p7_stage62_microtest.o
 .bss           0x0000000000014028        0x0 ./src/rf_app_protocol.o
 .bss           0x0000000000014028        0x0 ./src/rf_transport_backend.o
 .bss           0x0000000000014028        0x0 C:/Users/user/.codex/worktrees/c9ed/RF_COMM_MULTILANE/build/p7_ps_vitis_workspace/p7_platform/export/p7_platform/sw/p7_platform/standalone_domain/bsplib/lib\libxil.a(asm_vectors.o)
 .bss           0x0000000000014028        0x0 C:/Users/user/.codex/worktrees/c9ed/RF_COMM_MULTILANE/build/p7_ps_vitis_workspace/p7_platform/export/p7_platform/sw/p7_platform/standalone_domain/bsplib/lib\libxil.a(boot.o)
 .bss           0x0000000000014028        0x0 C:/Users/user/.codex/worktrees/c9ed/RF_COMM_MULTILANE/build/p7_ps_vitis_workspace/p7_platform/export/p7_platform/sw/p7_platform/standalone_domain/bsplib/lib\libxil.a(translation_table.o)
 .bss           0x0000000000014028        0x0 C:/Users/user/.codex/worktrees/c9ed/RF_COMM_MULTILANE/build/p7_ps_vitis_workspace/p7_platform/export/p7_platform/sw/p7_platform/standalone_domain/bsplib/lib\libxil.a(vectors.o)
 .bss           0x0000000000014028        0x0 C:/Users/user/.codex/worktrees/c9ed/RF_COMM_MULTILANE/build/p7_ps_vitis_workspace/p7_platform/export/p7_platform/sw/p7_platform/standalone_domain/bsplib/lib\libxil.a(xil-crt0.o)
 .bss           0x0000000000014028        0x0 C:/Users/user/.codex/worktrees/c9ed/RF_COMM_MULTILANE/build/p7_ps_vitis_workspace/p7_platform/export/p7_platform/sw/p7_platform/standalone_domain/bsplib/lib\libxil.a(xil_cache.o)
 .bss           0x0000000000014028        0xc C:/Users/user/.codex/worktrees/c9ed/RF_COMM_MULTILANE/build/p7_ps_vitis_workspace/p7_platform/export/p7_platform/sw/p7_platform/standalone_domain/bsplib/lib\libxil.a(xil_exception.o)
                0x0000000000014028                UndefinedExceptionAddr
                0x000000000001402c                PrefetchAbortAddr
                0x0000000000014030                DataAbortAddr
 .bss           0x0000000000014034        0x0 C:/Users/user/.codex/worktrees/c9ed/RF_COMM_MULTILANE/build/p7_ps_vitis_workspace/p7_platform/export/p7_platform/sw/p7_platform/standalone_domain/bsplib/lib\libxil.a(xtime_l.o)
 .bss           0x0000000000014034        0x0 C:/Users/user/.codex/worktrees/c9ed/RF_COMM_MULTILANE/build/p7_ps_vitis_workspace/p7_platform/export/p7_platform/sw/p7_platform/standalone_domain/bsplib/lib\libxil.a(cpu_init.o)
 .bss           0x0000000000014034        0x0 D:/Xilinx/Vitis/2023.1/gnu/aarch32/nt/gcc-arm-none-eabi/bin//../aarch32-xilinx-eabi/usr/lib/thumb/v7-a+fp/hard\libgcc.a(_udivsi3.o)
 .bss           0x0000000000014034        0x0 D:/Xilinx/Vitis/2023.1/gnu/aarch32/nt/gcc-arm-none-eabi/bin//../aarch32-xilinx-eabi/usr/lib/thumb/v7-a+fp/hard\libgcc.a(_divsi3.o)
 .bss           0x0000000000014034        0x0 D:/Xilinx/Vitis/2023.1/gnu/aarch32/nt/gcc-arm-none-eabi/bin//../aarch32-xilinx-eabi/usr/lib/thumb/v7-a+fp/hard\libgcc.a(_dvmd_tls.o)
 .bss           0x0000000000014034        0x0 D:/Xilinx/Vitis/2023.1/gnu/aarch32/nt/gcc-arm-none-eabi/bin//../aarch32-xilinx-eabi/usr/lib/thumb/v7-a+fp/hard\libc.a(lib_a-exit.o)
 .bss           0x0000000000014034        0x0 D:/Xilinx/Vitis/2023.1/gnu/aarch32/nt/gcc-arm-none-eabi/bin//../aarch32-xilinx-eabi/usr/lib/thumb/v7-a+fp/hard\libc.a(lib_a-fini.o)
 .bss           0x0000000000014034        0x0 D:/Xilinx/Vitis/2023.1/gnu/aarch32/nt/gcc-arm-none-eabi/bin//../aarch32-xilinx-eabi/usr/lib/thumb/v7-a+fp/hard\libc.a(lib_a-impure.o)
 .bss           0x0000000000014034        0x0 D:/Xilinx/Vitis/2023.1/gnu/aarch32/nt/gcc-arm-none-eabi/bin//../aarch32-xilinx-eabi/usr/lib/thumb/v7-a+fp/hard\libc.a(lib_a-init.o)
 .bss           0x0000000000014034        0x0 D:/Xilinx/Vitis/2023.1/gnu/aarch32/nt/gcc-arm-none-eabi/bin//../aarch32-xilinx-eabi/usr/lib/thumb/v7-a+fp/hard\libc.a(lib_a-memcpy.o)
 .bss           0x0000000000014034        0x0 D:/Xilinx/Vitis/2023.1/gnu/aarch32/nt/gcc-arm-none-eabi/bin//../aarch32-xilinx-eabi/usr/lib/thumb/v7-a+fp/hard\libc.a(lib_a-memset.o)
 .bss           0x0000000000014034        0x0 D:/Xilinx/Vitis/2023.1/gnu/aarch32/nt/gcc-arm-none-eabi/bin//../aarch32-xilinx-eabi/usr/lib/thumb/v7-a+fp/hard\libc.a(lib_a-__call_atexit.o)
 .bss           0x0000000000014034        0x0 C:/Users/user/.codex/worktrees/c9ed/RF_COMM_MULTILANE/build/p7_ps_vitis_workspace/p7_platform/export/p7_platform/sw/p7_platform/standalone_domain/bsplib/lib\libxil.a(_exit.o)
 .bss           0x0000000000014034        0x0 D:/Xilinx/Vitis/2023.1/gnu/aarch32/nt/gcc-arm-none-eabi/bin//../aarch32-xilinx-eabi/usr/lib/thumb/v7-a+fp/hard/crtend.o
 .bss           0x0000000000014034        0x0 D:/Xilinx/Vitis/2023.1/gnu/aarch32/nt/gcc-arm-none-eabi/bin//../aarch32-xilinx-eabi/usr/lib/thumb/v7-a+fp/hard/crtn.o
 *(.bss.*)
 *(.gnu.linkonce.b.*)
 *(COMMON)
                0x0000000000014034                __bss_end = .
                0x0000000000014008                _SDA_BASE_ = (__sdata_start + ((__sbss_end - __sdata_start) / 0x2))
                0x000000000000e2d8                _SDA2_BASE_ = (__sdata2_start + ((__sbss2_end - __sdata2_start) / 0x2))

.heap           0x0000000000014034     0x200c
                0x0000000000014040                . = ALIGN (0x10)
 *fill*         0x0000000000014034        0xc 
                0x0000000000014040                _heap = .
                0x0000000000014040                HeapBase = .
                0x0000000000014040                _heap_start = .
                0x0000000000016040                . = (. + _HEAP_SIZE)
 *fill*         0x0000000000014040     0x2000 
                0x0000000000016040                _heap_end = .
                0x0000000000016040                HeapLimit = .

.stack          0x0000000000016040     0x3800
                0x0000000000016040                . = ALIGN (0x10)
                0x0000000000016040                _stack_end = .
                0x0000000000018040                . = (. + _STACK_SIZE)
 *fill*         0x0000000000016040     0x2000 
                0x0000000000018040                . = ALIGN (0x10)
                0x0000000000018040                _stack = .
                0x0000000000018040                __stack = _stack
                0x0000000000018040                . = ALIGN (0x10)
                0x0000000000018040                _irq_stack_end = .
                0x0000000000018440                . = (. + _IRQ_STACK_SIZE)
 *fill*         0x0000000000018040      0x400 
                0x0000000000018440                . = ALIGN (0x10)
                0x0000000000018440                __irq_stack = .
                0x0000000000018440                _supervisor_stack_end = .
                0x0000000000018c40                . = (. + _SUPERVISOR_STACK_SIZE)
 *fill*         0x0000000000018440      0x800 
                0x0000000000018c40                . = ALIGN (0x10)
                0x0000000000018c40                __supervisor_stack = .
                0x0000000000018c40                _abort_stack_end = .
                0x0000000000019040                . = (. + _ABORT_STACK_SIZE)
 *fill*         0x0000000000018c40      0x400 
                0x0000000000019040                . = ALIGN (0x10)
                0x0000000000019040                __abort_stack = .
                0x0000000000019040                _fiq_stack_end = .
                0x0000000000019440                . = (. + _FIQ_STACK_SIZE)
 *fill*         0x0000000000019040      0x400 
                0x0000000000019440                . = ALIGN (0x10)
                0x0000000000019440                __fiq_stack = .
                0x0000000000019440                _undef_stack_end = .
                0x0000000000019840                . = (. + _UNDEF_STACK_SIZE)
 *fill*         0x0000000000019440      0x400 
                0x0000000000019840                . = ALIGN (0x10)
                0x0000000000019840                __undef_stack = .
                0x0000000000019840                _end = .

.p7_stage62_diagnostic
                0x0000000000021000      0x600
                0x0000000000021000                . = ALIGN (0x40)
                0x0000000000021000                __p7_stage62_diagnostic_start = .
 *(.p7_stage62_diagnostic)
 .p7_stage62_diagnostic
                0x0000000000021000      0x600 ./src/p7_app_service.o
                0x0000000000021600                . = ALIGN (0x40)
                0x0000000000021600                __p7_stage62_diagnostic_end = .
                0x0000000000000001                ASSERT ((ADDR (.p7_stage62_diagnostic) == 0x21000), P7 Stage62 diagnostic address mismatch)
                0x0000000000000001                ASSERT ((SIZEOF (.p7_stage62_diagnostic) == 0x600), P7 Stage62 diagnostic size mismatch)
                0x0000000000000001                ASSERT ((__p7_stage62_diagnostic_end <= 0x22000), P7 Stage62 diagnostic overlaps fixed input reference)
LOAD ./src/ir_driver.o
LOAD ./src/p7_app_service.o
LOAD ./src/p7_runtime_main.o
LOAD ./src/p7_stage62_diagnostic.o
LOAD ./src/p7_stage62_microtest.o
LOAD ./src/rf_app_protocol.o
LOAD ./src/rf_transport_backend.o
START GROUP
LOAD C:/Users/user/.codex/worktrees/c9ed/RF_COMM_MULTILANE/build/p7_ps_vitis_workspace/p7_platform/export/p7_platform/sw/p7_platform/standalone_domain/bsplib/lib\libxil.a
LOAD D:/Xilinx/Vitis/2023.1/gnu/aarch32/nt/gcc-arm-none-eabi/bin//../aarch32-xilinx-eabi/usr/lib/thumb/v7-a+fp/hard\libgcc.a
LOAD D:/Xilinx/Vitis/2023.1/gnu/aarch32/nt/gcc-arm-none-eabi/bin//../aarch32-xilinx-eabi/usr/lib/thumb/v7-a+fp/hard\libc.a
END GROUP
START GROUP
LOAD D:/Xilinx/Vitis/2023.1/gnu/aarch32/nt/gcc-arm-none-eabi/bin//../aarch32-xilinx-eabi/usr/lib/thumb/v7-a+fp/hard\libgcc.a
LOAD D:/Xilinx/Vitis/2023.1/gnu/aarch32/nt/gcc-arm-none-eabi/bin//../aarch32-xilinx-eabi/usr/lib/thumb/v7-a+fp/hard\libc.a
END GROUP
LOAD D:/Xilinx/Vitis/2023.1/gnu/aarch32/nt/gcc-arm-none-eabi/bin//../aarch32-xilinx-eabi/usr/lib/thumb/v7-a+fp/hard/crtend.o
LOAD D:/Xilinx/Vitis/2023.1/gnu/aarch32/nt/gcc-arm-none-eabi/bin//../aarch32-xilinx-eabi/usr/lib/thumb/v7-a+fp/hard/crtn.o
OUTPUT(p7_runtime.elf elf32-littlearm)
LOAD linker stubs

.comment        0x0000000000000000       0x12
 .comment       0x0000000000000000       0x12 D:/Xilinx/Vitis/2023.1/gnu/aarch32/nt/gcc-arm-none-eabi/bin//../aarch32-xilinx-eabi/usr/lib/thumb/v7-a+fp/hard/crtbegin.o
                                         0x13 (size before relaxing)
 .comment       0x0000000000000012       0x13 ./src/ir_driver.o
 .comment       0x0000000000000012       0x13 ./src/p7_app_service.o
 .comment       0x0000000000000012       0x13 ./src/p7_runtime_main.o
 .comment       0x0000000000000012       0x13 ./src/p7_stage62_diagnostic.o
 .comment       0x0000000000000012       0x13 ./src/p7_stage62_microtest.o
 .comment       0x0000000000000012       0x13 ./src/rf_app_protocol.o
 .comment       0x0000000000000012       0x13 ./src/rf_transport_backend.o
 .comment       0x0000000000000012       0x13 C:/Users/user/.codex/worktrees/c9ed/RF_COMM_MULTILANE/build/p7_ps_vitis_workspace/p7_platform/export/p7_platform/sw/p7_platform/standalone_domain/bsplib/lib\libxil.a(vectors.o)
 .comment       0x0000000000000012       0x13 C:/Users/user/.codex/worktrees/c9ed/RF_COMM_MULTILANE/build/p7_ps_vitis_workspace/p7_platform/export/p7_platform/sw/p7_platform/standalone_domain/bsplib/lib\libxil.a(xil_cache.o)
 .comment       0x0000000000000012       0x13 C:/Users/user/.codex/worktrees/c9ed/RF_COMM_MULTILANE/build/p7_ps_vitis_workspace/p7_platform/export/p7_platform/sw/p7_platform/standalone_domain/bsplib/lib\libxil.a(xil_exception.o)
 .comment       0x0000000000000012       0x13 C:/Users/user/.codex/worktrees/c9ed/RF_COMM_MULTILANE/build/p7_ps_vitis_workspace/p7_platform/export/p7_platform/sw/p7_platform/standalone_domain/bsplib/lib\libxil.a(xtime_l.o)
 .comment       0x0000000000000012       0x13 C:/Users/user/.codex/worktrees/c9ed/RF_COMM_MULTILANE/build/p7_ps_vitis_workspace/p7_platform/export/p7_platform/sw/p7_platform/standalone_domain/bsplib/lib\libxil.a(_exit.o)
 .comment       0x0000000000000012       0x13 D:/Xilinx/Vitis/2023.1/gnu/aarch32/nt/gcc-arm-none-eabi/bin//../aarch32-xilinx-eabi/usr/lib/thumb/v7-a+fp/hard/crtend.o

.debug_info     0x0000000000000000     0xaf68
 .debug_info    0x0000000000000000      0xdb3 ./src/ir_driver.o
 .debug_info    0x0000000000000db3     0x3ebf ./src/p7_app_service.o
 .debug_info    0x0000000000004c72      0x816 ./src/p7_runtime_main.o
 .debug_info    0x0000000000005488      0x338 ./src/p7_stage62_diagnostic.o
 .debug_info    0x00000000000057c0      0xfa6 ./src/p7_stage62_microtest.o
 .debug_info    0x0000000000006766      0x66e ./src/rf_app_protocol.o
 .debug_info    0x0000000000006dd4      0x668 ./src/rf_transport_backend.o
 .debug_info    0x000000000000743c       0x25 C:/Users/user/.codex/worktrees/c9ed/RF_COMM_MULTILANE/build/p7_ps_vitis_workspace/p7_platform/export/p7_platform/sw/p7_platform/standalone_domain/bsplib/lib\libxil.a(boot.o)
 .debug_info    0x0000000000007461      0x13d C:/Users/user/.codex/worktrees/c9ed/RF_COMM_MULTILANE/build/p7_ps_vitis_workspace/p7_platform/export/p7_platform/sw/p7_platform/standalone_domain/bsplib/lib\libxil.a(vectors.o)
 .debug_info    0x000000000000759e       0x24 C:/Users/user/.codex/worktrees/c9ed/RF_COMM_MULTILANE/build/p7_ps_vitis_workspace/p7_platform/export/p7_platform/sw/p7_platform/standalone_domain/bsplib/lib\libxil.a(xil-crt0.o)
 .debug_info    0x00000000000075c2     0x329e C:/Users/user/.codex/worktrees/c9ed/RF_COMM_MULTILANE/build/p7_ps_vitis_workspace/p7_platform/export/p7_platform/sw/p7_platform/standalone_domain/bsplib/lib\libxil.a(xil_cache.o)
 .debug_info    0x000000000000a860      0x314 C:/Users/user/.codex/worktrees/c9ed/RF_COMM_MULTILANE/build/p7_ps_vitis_workspace/p7_platform/export/p7_platform/sw/p7_platform/standalone_domain/bsplib/lib\libxil.a(xil_exception.o)
 .debug_info    0x000000000000ab74      0x322 C:/Users/user/.codex/worktrees/c9ed/RF_COMM_MULTILANE/build/p7_ps_vitis_workspace/p7_platform/export/p7_platform/sw/p7_platform/standalone_domain/bsplib/lib\libxil.a(xtime_l.o)
 .debug_info    0x000000000000ae96       0x24 C:/Users/user/.codex/worktrees/c9ed/RF_COMM_MULTILANE/build/p7_ps_vitis_workspace/p7_platform/export/p7_platform/sw/p7_platform/standalone_domain/bsplib/lib\libxil.a(cpu_init.o)
 .debug_info    0x000000000000aeba       0xae C:/Users/user/.codex/worktrees/c9ed/RF_COMM_MULTILANE/build/p7_ps_vitis_workspace/p7_platform/export/p7_platform/sw/p7_platform/standalone_domain/bsplib/lib\libxil.a(_exit.o)

.debug_abbrev   0x0000000000000000     0x16fe
 .debug_abbrev  0x0000000000000000      0x1ef ./src/ir_driver.o
 .debug_abbrev  0x00000000000001ef      0x45c ./src/p7_app_service.o
 .debug_abbrev  0x000000000000064b      0x21b ./src/p7_runtime_main.o
 .debug_abbrev  0x0000000000000866      0x117 ./src/p7_stage62_diagnostic.o
 .debug_abbrev  0x000000000000097d      0x272 ./src/p7_stage62_microtest.o
 .debug_abbrev  0x0000000000000bef      0x1d8 ./src/rf_app_protocol.o
 .debug_abbrev  0x0000000000000dc7      0x10d ./src/rf_transport_backend.o
 .debug_abbrev  0x0000000000000ed4       0x14 C:/Users/user/.codex/worktrees/c9ed/RF_COMM_MULTILANE/build/p7_ps_vitis_workspace/p7_platform/export/p7_platform/sw/p7_platform/standalone_domain/bsplib/lib\libxil.a(boot.o)
 .debug_abbrev  0x0000000000000ee8       0xb5 C:/Users/user/.codex/worktrees/c9ed/RF_COMM_MULTILANE/build/p7_ps_vitis_workspace/p7_platform/export/p7_platform/sw/p7_platform/standalone_domain/bsplib/lib\libxil.a(vectors.o)
 .debug_abbrev  0x0000000000000f9d       0x14 C:/Users/user/.codex/worktrees/c9ed/RF_COMM_MULTILANE/build/p7_ps_vitis_workspace/p7_platform/export/p7_platform/sw/p7_platform/standalone_domain/bsplib/lib\libxil.a(xil-crt0.o)
 .debug_abbrev  0x0000000000000fb1      0x386 C:/Users/user/.codex/worktrees/c9ed/RF_COMM_MULTILANE/build/p7_ps_vitis_workspace/p7_platform/export/p7_platform/sw/p7_platform/standalone_domain/bsplib/lib\libxil.a(xil_cache.o)
 .debug_abbrev  0x0000000000001337      0x1ed C:/Users/user/.codex/worktrees/c9ed/RF_COMM_MULTILANE/build/p7_ps_vitis_workspace/p7_platform/export/p7_platform/sw/p7_platform/standalone_domain/bsplib/lib\libxil.a(xil_exception.o)
 .debug_abbrev  0x0000000000001524      0x15d C:/Users/user/.codex/worktrees/c9ed/RF_COMM_MULTILANE/build/p7_ps_vitis_workspace/p7_platform/export/p7_platform/sw/p7_platform/standalone_domain/bsplib/lib\libxil.a(xtime_l.o)
 .debug_abbrev  0x0000000000001681       0x14 C:/Users/user/.codex/worktrees/c9ed/RF_COMM_MULTILANE/build/p7_ps_vitis_workspace/p7_platform/export/p7_platform/sw/p7_platform/standalone_domain/bsplib/lib\libxil.a(cpu_init.o)
 .debug_abbrev  0x0000000000001695       0x69 C:/Users/user/.codex/worktrees/c9ed/RF_COMM_MULTILANE/build/p7_ps_vitis_workspace/p7_platform/export/p7_platform/sw/p7_platform/standalone_domain/bsplib/lib\libxil.a(_exit.o)

.debug_aranges  0x0000000000000000      0x1e0
 .debug_aranges
                0x0000000000000000       0x20 ./src/ir_driver.o
 .debug_aranges
                0x0000000000000020       0x20 ./src/p7_app_service.o
 .debug_aranges
                0x0000000000000040       0x20 ./src/p7_runtime_main.o
 .debug_aranges
                0x0000000000000060       0x20 ./src/p7_stage62_diagnostic.o
 .debug_aranges
                0x0000000000000080       0x20 ./src/p7_stage62_microtest.o
 .debug_aranges
                0x00000000000000a0       0x20 ./src/rf_app_protocol.o
 .debug_aranges
                0x00000000000000c0       0x20 ./src/rf_transport_backend.o
 .debug_aranges
                0x00000000000000e0       0x20 C:/Users/user/.codex/worktrees/c9ed/RF_COMM_MULTILANE/build/p7_ps_vitis_workspace/p7_platform/export/p7_platform/sw/p7_platform/standalone_domain/bsplib/lib\libxil.a(boot.o)
 .debug_aranges
                0x0000000000000100       0x20 C:/Users/user/.codex/worktrees/c9ed/RF_COMM_MULTILANE/build/p7_ps_vitis_workspace/p7_platform/export/p7_platform/sw/p7_platform/standalone_domain/bsplib/lib\libxil.a(vectors.o)
 .debug_aranges
                0x0000000000000120       0x20 C:/Users/user/.codex/worktrees/c9ed/RF_COMM_MULTILANE/build/p7_ps_vitis_workspace/p7_platform/export/p7_platform/sw/p7_platform/standalone_domain/bsplib/lib\libxil.a(xil-crt0.o)
 .debug_aranges
                0x0000000000000140       0x20 C:/Users/user/.codex/worktrees/c9ed/RF_COMM_MULTILANE/build/p7_ps_vitis_workspace/p7_platform/export/p7_platform/sw/p7_platform/standalone_domain/bsplib/lib\libxil.a(xil_cache.o)
 .debug_aranges
                0x0000000000000160       0x20 C:/Users/user/.codex/worktrees/c9ed/RF_COMM_MULTILANE/build/p7_ps_vitis_workspace/p7_platform/export/p7_platform/sw/p7_platform/standalone_domain/bsplib/lib\libxil.a(xil_exception.o)
 .debug_aranges
                0x0000000000000180       0x20 C:/Users/user/.codex/worktrees/c9ed/RF_COMM_MULTILANE/build/p7_ps_vitis_workspace/p7_platform/export/p7_platform/sw/p7_platform/standalone_domain/bsplib/lib\libxil.a(xtime_l.o)
 .debug_aranges
                0x00000000000001a0       0x20 C:/Users/user/.codex/worktrees/c9ed/RF_COMM_MULTILANE/build/p7_ps_vitis_workspace/p7_platform/export/p7_platform/sw/p7_platform/standalone_domain/bsplib/lib\libxil.a(cpu_init.o)
 .debug_aranges
                0x00000000000001c0       0x20 C:/Users/user/.codex/worktrees/c9ed/RF_COMM_MULTILANE/build/p7_ps_vitis_workspace/p7_platform/export/p7_platform/sw/p7_platform/standalone_domain/bsplib/lib\libxil.a(_exit.o)

.debug_macro    0x0000000000000000     0x3a9b
 .debug_macro   0x0000000000000000       0x70 ./src/ir_driver.o
 .debug_macro   0x0000000000000070      0xaa2 ./src/ir_driver.o
 .debug_macro   0x0000000000000b12       0x22 ./src/ir_driver.o
 .debug_macro   0x0000000000000b34       0x8e ./src/ir_driver.o
 .debug_macro   0x0000000000000bc2       0x51 ./src/ir_driver.o
 .debug_macro   0x0000000000000c13      0x103 ./src/ir_driver.o
 .debug_macro   0x0000000000000d16       0x6a ./src/ir_driver.o
 .debug_macro   0x0000000000000d80      0x1df ./src/ir_driver.o
 .debug_macro   0x0000000000000f5f      0x172 ./src/ir_driver.o
 .debug_macro   0x00000000000010d1      0x267 ./src/p7_app_service.o
 .debug_macro   0x0000000000001338      0x189 ./src/p7_app_service.o
 .debug_macro   0x00000000000014c1       0x76 ./src/p7_app_service.o
 .debug_macro   0x0000000000001537       0x10 ./src/p7_app_service.o
 .debug_macro   0x0000000000001547      0x10c ./src/p7_app_service.o
 .debug_macro   0x0000000000001653       0x1c ./src/p7_app_service.o
 .debug_macro   0x000000000000166f      0x5ae ./src/p7_app_service.o
 .debug_macro   0x0000000000001c1d      0x27c ./src/p7_app_service.o
 .debug_macro   0x0000000000001e99       0x51 ./src/p7_app_service.o
 .debug_macro   0x0000000000001eea       0x22 ./src/p7_app_service.o
 .debug_macro   0x0000000000001f0c       0x64 ./src/p7_app_service.o
 .debug_macro   0x0000000000001f70       0x1d ./src/p7_app_service.o
 .debug_macro   0x0000000000001f8d       0x3c ./src/p7_app_service.o
 .debug_macro   0x0000000000001fc9       0x34 ./src/p7_app_service.o
 .debug_macro   0x0000000000001ffd      0x341 ./src/p7_app_service.o
 .debug_macro   0x000000000000233e      0x119 ./src/p7_app_service.o
 .debug_macro   0x0000000000002457       0x16 ./src/p7_app_service.o
 .debug_macro   0x000000000000246d       0x43 ./src/p7_app_service.o
 .debug_macro   0x00000000000024b0       0x34 ./src/p7_app_service.o
 .debug_macro   0x00000000000024e4       0x10 ./src/p7_app_service.o
 .debug_macro   0x00000000000024f4       0x52 ./src/p7_app_service.o
 .debug_macro   0x0000000000002546      0x182 ./src/p7_app_service.o
 .debug_macro   0x00000000000026c8       0x10 ./src/p7_app_service.o
 .debug_macro   0x00000000000026d8       0x35 ./src/p7_app_service.o
 .debug_macro   0x000000000000270d       0x58 ./src/p7_app_service.o
 .debug_macro   0x0000000000002765       0x16 ./src/p7_app_service.o
 .debug_macro   0x000000000000277b       0x36 ./src/p7_app_service.o
 .debug_macro   0x00000000000027b1      0x414 ./src/p7_app_service.o
 .debug_macro   0x0000000000002bc5      0x686 ./src/p7_app_service.o
 .debug_macro   0x000000000000324b       0x9b ./src/p7_app_service.o
 .debug_macro   0x00000000000032e6       0x54 ./src/p7_app_service.o
 .debug_macro   0x000000000000333a       0x28 ./src/p7_app_service.o
 .debug_macro   0x0000000000003362      0x21f ./src/p7_runtime_main.o
 .debug_macro   0x0000000000003581       0x64 ./src/p7_runtime_main.o
 .debug_macro   0x00000000000035e5       0x76 ./src/p7_stage62_diagnostic.o
 .debug_macro   0x000000000000365b      0x232 ./src/p7_stage62_microtest.o
 .debug_macro   0x000000000000388d       0x5e ./src/p7_stage62_microtest.o
 .debug_macro   0x00000000000038eb      0x135 ./src/rf_app_protocol.o
 .debug_macro   0x0000000000003a20       0x7b ./src/rf_transport_backend.o

.debug_line     0x0000000000000000     0x79cd
 .debug_line    0x0000000000000000      0xd4f ./src/ir_driver.o
 .debug_line    0x0000000000000d4f     0x29dd ./src/p7_app_service.o
 .debug_line    0x000000000000372c      0x565 ./src/p7_runtime_main.o
 .debug_line    0x0000000000003c91      0x437 ./src/p7_stage62_diagnostic.o
 .debug_line    0x00000000000040c8      0xc90 ./src/p7_stage62_microtest.o
 .debug_line    0x0000000000004d58      0x6eb ./src/rf_app_protocol.o
 .debug_line    0x0000000000005443      0x44f ./src/rf_transport_backend.o
 .debug_line    0x0000000000005892      0x145 C:/Users/user/.codex/worktrees/c9ed/RF_COMM_MULTILANE/build/p7_ps_vitis_workspace/p7_platform/export/p7_platform/sw/p7_platform/standalone_domain/bsplib/lib\libxil.a(boot.o)
 .debug_line    0x00000000000059d7       0x79 C:/Users/user/.codex/worktrees/c9ed/RF_COMM_MULTILANE/build/p7_ps_vitis_workspace/p7_platform/export/p7_platform/sw/p7_platform/standalone_domain/bsplib/lib\libxil.a(vectors.o)
 .debug_line    0x0000000000005a50       0x61 C:/Users/user/.codex/worktrees/c9ed/RF_COMM_MULTILANE/build/p7_ps_vitis_workspace/p7_platform/export/p7_platform/sw/p7_platform/standalone_domain/bsplib/lib\libxil.a(xil-crt0.o)
 .debug_line    0x0000000000005ab1     0x1973 C:/Users/user/.codex/worktrees/c9ed/RF_COMM_MULTILANE/build/p7_ps_vitis_workspace/p7_platform/export/p7_platform/sw/p7_platform/standalone_domain/bsplib/lib\libxil.a(xil_cache.o)
 .debug_line    0x0000000000007424      0x22e C:/Users/user/.codex/worktrees/c9ed/RF_COMM_MULTILANE/build/p7_ps_vitis_workspace/p7_platform/export/p7_platform/sw/p7_platform/standalone_domain/bsplib/lib\libxil.a(xil_exception.o)
 .debug_line    0x0000000000007652      0x25e C:/Users/user/.codex/worktrees/c9ed/RF_COMM_MULTILANE/build/p7_ps_vitis_workspace/p7_platform/export/p7_platform/sw/p7_platform/standalone_domain/bsplib/lib\libxil.a(xtime_l.o)
 .debug_line    0x00000000000078b0       0x53 C:/Users/user/.codex/worktrees/c9ed/RF_COMM_MULTILANE/build/p7_ps_vitis_workspace/p7_platform/export/p7_platform/sw/p7_platform/standalone_domain/bsplib/lib\libxil.a(cpu_init.o)
 .debug_line    0x0000000000007903       0xca C:/Users/user/.codex/worktrees/c9ed/RF_COMM_MULTILANE/build/p7_ps_vitis_workspace/p7_platform/export/p7_platform/sw/p7_platform/standalone_domain/bsplib/lib\libxil.a(_exit.o)

.debug_str      0x0000000000000000    0x13600
 .debug_str     0x0000000000000000     0x4ae3 ./src/ir_driver.o
                                       0x4d4e (size before relaxing)
 .debug_str     0x0000000000004ae3     0xd4e1 ./src/p7_app_service.o
                                      0x118e7 (size before relaxing)
 .debug_str     0x0000000000011fc4      0x401 ./src/p7_runtime_main.o
                                       0xf1f7 (size before relaxing)
 .debug_str     0x00000000000123c5       0x84 ./src/p7_stage62_diagnostic.o
                                       0x4316 (size before relaxing)
 .debug_str     0x0000000000012449      0x8c4 ./src/p7_stage62_microtest.o
                                       0xfacb (size before relaxing)
 .debug_str     0x0000000000012d0d      0x120 ./src/rf_app_protocol.o
                                       0x6f3d (size before relaxing)
 .debug_str     0x0000000000012e2d       0x37 ./src/rf_transport_backend.o
                                       0x4571 (size before relaxing)
 .debug_str     0x0000000000012e64       0xc2 C:/Users/user/.codex/worktrees/c9ed/RF_COMM_MULTILANE/build/p7_ps_vitis_workspace/p7_platform/export/p7_platform/sw/p7_platform/standalone_domain/bsplib/lib\libxil.a(boot.o)
 .debug_str     0x0000000000012f26      0x136 C:/Users/user/.codex/worktrees/c9ed/RF_COMM_MULTILANE/build/p7_ps_vitis_workspace/p7_platform/export/p7_platform/sw/p7_platform/standalone_domain/bsplib/lib\libxil.a(vectors.o)
                                        0x280 (size before relaxing)
 .debug_str     0x000000000001305c        0xb C:/Users/user/.codex/worktrees/c9ed/RF_COMM_MULTILANE/build/p7_ps_vitis_workspace/p7_platform/export/p7_platform/sw/p7_platform/standalone_domain/bsplib/lib\libxil.a(xil-crt0.o)
                                         0xc6 (size before relaxing)
 .debug_str     0x0000000000013067      0x41d C:/Users/user/.codex/worktrees/c9ed/RF_COMM_MULTILANE/build/p7_ps_vitis_workspace/p7_platform/export/p7_platform/sw/p7_platform/standalone_domain/bsplib/lib\libxil.a(xil_cache.o)
                                        0x6b7 (size before relaxing)
 .debug_str     0x0000000000013484      0x137 C:/Users/user/.codex/worktrees/c9ed/RF_COMM_MULTILANE/build/p7_ps_vitis_workspace/p7_platform/export/p7_platform/sw/p7_platform/standalone_domain/bsplib/lib\libxil.a(xil_exception.o)
                                        0x35e (size before relaxing)
 .debug_str     0x00000000000135bb       0x25 C:/Users/user/.codex/worktrees/c9ed/RF_COMM_MULTILANE/build/p7_ps_vitis_workspace/p7_platform/export/p7_platform/sw/p7_platform/standalone_domain/bsplib/lib\libxil.a(xtime_l.o)
                                        0x276 (size before relaxing)
 .debug_str     0x00000000000135e0        0xb C:/Users/user/.codex/worktrees/c9ed/RF_COMM_MULTILANE/build/p7_ps_vitis_workspace/p7_platform/export/p7_platform/sw/p7_platform/standalone_domain/bsplib/lib\libxil.a(cpu_init.o)
                                         0xc6 (size before relaxing)
 .debug_str     0x00000000000135eb       0x15 C:/Users/user/.codex/worktrees/c9ed/RF_COMM_MULTILANE/build/p7_ps_vitis_workspace/p7_platform/export/p7_platform/sw/p7_platform/standalone_domain/bsplib/lib\libxil.a(_exit.o)
                                        0x1e6 (size before relaxing)

.debug_frame    0x0000000000000000     0x1920
 .debug_frame   0x0000000000000000      0x360 ./src/ir_driver.o
 .debug_frame   0x0000000000000360      0xabc ./src/p7_app_service.o
 .debug_frame   0x0000000000000e1c       0xb0 ./src/p7_runtime_main.o
 .debug_frame   0x0000000000000ecc       0xb0 ./src/p7_stage62_diagnostic.o
 .debug_frame   0x0000000000000f7c      0x29c ./src/p7_stage62_microtest.o
 .debug_frame   0x0000000000001218      0x1a0 ./src/rf_app_protocol.o
 .debug_frame   0x00000000000013b8      0x13c ./src/rf_transport_backend.o
 .debug_frame   0x00000000000014f4       0x70 C:/Users/user/.codex/worktrees/c9ed/RF_COMM_MULTILANE/build/p7_ps_vitis_workspace/p7_platform/export/p7_platform/sw/p7_platform/standalone_domain/bsplib/lib\libxil.a(vectors.o)
 .debug_frame   0x0000000000001564      0x2dc C:/Users/user/.codex/worktrees/c9ed/RF_COMM_MULTILANE/build/p7_ps_vitis_workspace/p7_platform/export/p7_platform/sw/p7_platform/standalone_domain/bsplib/lib\libxil.a(xil_cache.o)
 .debug_frame   0x0000000000001840       0x90 C:/Users/user/.codex/worktrees/c9ed/RF_COMM_MULTILANE/build/p7_ps_vitis_workspace/p7_platform/export/p7_platform/sw/p7_platform/standalone_domain/bsplib/lib\libxil.a(xil_exception.o)
 .debug_frame   0x00000000000018d0       0x30 C:/Users/user/.codex/worktrees/c9ed/RF_COMM_MULTILANE/build/p7_ps_vitis_workspace/p7_platform/export/p7_platform/sw/p7_platform/standalone_domain/bsplib/lib\libxil.a(xtime_l.o)
 .debug_frame   0x0000000000001900       0x20 C:/Users/user/.codex/worktrees/c9ed/RF_COMM_MULTILANE/build/p7_ps_vitis_workspace/p7_platform/export/p7_platform/sw/p7_platform/standalone_domain/bsplib/lib\libxil.a(_exit.o)

.debug_rnglists
                0x0000000000000000      0x2a5
 .debug_rnglists
                0x0000000000000000       0x1b ./src/p7_app_service.o
 .debug_rnglists
                0x000000000000001b      0x269 C:/Users/user/.codex/worktrees/c9ed/RF_COMM_MULTILANE/build/p7_ps_vitis_workspace/p7_platform/export/p7_platform/sw/p7_platform/standalone_domain/bsplib/lib\libxil.a(xil_cache.o)
 .debug_rnglists
                0x0000000000000284       0x21 C:/Users/user/.codex/worktrees/c9ed/RF_COMM_MULTILANE/build/p7_ps_vitis_workspace/p7_platform/export/p7_platform/sw/p7_platform/standalone_domain/bsplib/lib\libxil.a(xtime_l.o)

.debug_line_str
                0x0000000000000000       0xca
 .debug_line_str
                0x0000000000000000       0xb4 C:/Users/user/.codex/worktrees/c9ed/RF_COMM_MULTILANE/build/p7_ps_vitis_workspace/p7_platform/export/p7_platform/sw/p7_platform/standalone_domain/bsplib/lib\libxil.a(boot.o)
 .debug_line_str
                0x00000000000000b4        0xb C:/Users/user/.codex/worktrees/c9ed/RF_COMM_MULTILANE/build/p7_ps_vitis_workspace/p7_platform/export/p7_platform/sw/p7_platform/standalone_domain/bsplib/lib\libxil.a(xil-crt0.o)
                                         0xb8 (size before relaxing)
 .debug_line_str
                0x00000000000000bf        0xb C:/Users/user/.codex/worktrees/c9ed/RF_COMM_MULTILANE/build/p7_ps_vitis_workspace/p7_platform/export/p7_platform/sw/p7_platform/standalone_domain/bsplib/lib\libxil.a(cpu_init.o)
                                         0xb8 (size before relaxing)

.debug_loclists
                0x0000000000000000     0x1d80
 .debug_loclists
                0x0000000000000000     0x1c55 C:/Users/user/.codex/worktrees/c9ed/RF_COMM_MULTILANE/build/p7_ps_vitis_workspace/p7_platform/export/p7_platform/sw/p7_platform/standalone_domain/bsplib/lib\libxil.a(xil_cache.o)
 .debug_loclists
                0x0000000000001c55       0x4a C:/Users/user/.codex/worktrees/c9ed/RF_COMM_MULTILANE/build/p7_ps_vitis_workspace/p7_platform/export/p7_platform/sw/p7_platform/standalone_domain/bsplib/lib\libxil.a(xil_exception.o)
 .debug_loclists
                0x0000000000001c9f       0xcd C:/Users/user/.codex/worktrees/c9ed/RF_COMM_MULTILANE/build/p7_ps_vitis_workspace/p7_platform/export/p7_platform/sw/p7_platform/standalone_domain/bsplib/lib\libxil.a(xtime_l.o)
 .debug_loclists
                0x0000000000001d6c       0x14 C:/Users/user/.codex/worktrees/c9ed/RF_COMM_MULTILANE/build/p7_ps_vitis_workspace/p7_platform/export/p7_platform/sw/p7_platform/standalone_domain/bsplib/lib\libxil.a(_exit.o)
