Archive member included to satisfy reference by file (symbol)

C:/Users/user/Documents/RF_COMM_MULTILANE/build/p7_ps_vitis_workspace/p7_platform/export/p7_platform/sw/p7_platform/standalone_domain/bsplib/lib\libxil.a(asm_vectors.o)
                              (_vector_table)
C:/Users/user/Documents/RF_COMM_MULTILANE/build/p7_ps_vitis_workspace/p7_platform/export/p7_platform/sw/p7_platform/standalone_domain/bsplib/lib\libxil.a(boot.o)
                              C:/Users/user/Documents/RF_COMM_MULTILANE/build/p7_ps_vitis_workspace/p7_platform/export/p7_platform/sw/p7_platform/standalone_domain/bsplib/lib\libxil.a(asm_vectors.o) (_boot)
C:/Users/user/Documents/RF_COMM_MULTILANE/build/p7_ps_vitis_workspace/p7_platform/export/p7_platform/sw/p7_platform/standalone_domain/bsplib/lib\libxil.a(translation_table.o)
                              C:/Users/user/Documents/RF_COMM_MULTILANE/build/p7_ps_vitis_workspace/p7_platform/export/p7_platform/sw/p7_platform/standalone_domain/bsplib/lib\libxil.a(boot.o) (MMUTable)
C:/Users/user/Documents/RF_COMM_MULTILANE/build/p7_ps_vitis_workspace/p7_platform/export/p7_platform/sw/p7_platform/standalone_domain/bsplib/lib\libxil.a(vectors.o)
                              C:/Users/user/Documents/RF_COMM_MULTILANE/build/p7_ps_vitis_workspace/p7_platform/export/p7_platform/sw/p7_platform/standalone_domain/bsplib/lib\libxil.a(asm_vectors.o) (FIQInterrupt)
C:/Users/user/Documents/RF_COMM_MULTILANE/build/p7_ps_vitis_workspace/p7_platform/export/p7_platform/sw/p7_platform/standalone_domain/bsplib/lib\libxil.a(xil-crt0.o)
                              C:/Users/user/Documents/RF_COMM_MULTILANE/build/p7_ps_vitis_workspace/p7_platform/export/p7_platform/sw/p7_platform/standalone_domain/bsplib/lib\libxil.a(boot.o) (_start)
C:/Users/user/Documents/RF_COMM_MULTILANE/build/p7_ps_vitis_workspace/p7_platform/export/p7_platform/sw/p7_platform/standalone_domain/bsplib/lib\libxil.a(xil_cache.o)
                              ./src/p7_app_service.o (Xil_DCacheInvalidateRange)
C:/Users/user/Documents/RF_COMM_MULTILANE/build/p7_ps_vitis_workspace/p7_platform/export/p7_platform/sw/p7_platform/standalone_domain/bsplib/lib\libxil.a(xil_exception.o)
                              C:/Users/user/Documents/RF_COMM_MULTILANE/build/p7_ps_vitis_workspace/p7_platform/export/p7_platform/sw/p7_platform/standalone_domain/bsplib/lib\libxil.a(asm_vectors.o) (UndefinedExceptionAddr)
C:/Users/user/Documents/RF_COMM_MULTILANE/build/p7_ps_vitis_workspace/p7_platform/export/p7_platform/sw/p7_platform/standalone_domain/bsplib/lib\libxil.a(xtime_l.o)
                              C:/Users/user/Documents/RF_COMM_MULTILANE/build/p7_ps_vitis_workspace/p7_platform/export/p7_platform/sw/p7_platform/standalone_domain/bsplib/lib\libxil.a(xil-crt0.o) (XTime_SetTime)
C:/Users/user/Documents/RF_COMM_MULTILANE/build/p7_ps_vitis_workspace/p7_platform/export/p7_platform/sw/p7_platform/standalone_domain/bsplib/lib\libxil.a(cpu_init.o)
                              C:/Users/user/Documents/RF_COMM_MULTILANE/build/p7_ps_vitis_workspace/p7_platform/export/p7_platform/sw/p7_platform/standalone_domain/bsplib/lib\libxil.a(xil-crt0.o) (__cpu_init)
D:/Xilinx/Vitis/2023.1/gnu/aarch32/nt/gcc-arm-none-eabi/bin//../aarch32-xilinx-eabi/usr/lib/thumb/v7-a+fp/hard\libgcc.a(_udivsi3.o)
                              C:/Users/user/Documents/RF_COMM_MULTILANE/build/p7_ps_vitis_workspace/p7_platform/export/p7_platform/sw/p7_platform/standalone_domain/bsplib/lib\libxil.a(xil_cache.o) (__aeabi_uidiv)
D:/Xilinx/Vitis/2023.1/gnu/aarch32/nt/gcc-arm-none-eabi/bin//../aarch32-xilinx-eabi/usr/lib/thumb/v7-a+fp/hard\libgcc.a(_divsi3.o)
                              C:/Users/user/Documents/RF_COMM_MULTILANE/build/p7_ps_vitis_workspace/p7_platform/export/p7_platform/sw/p7_platform/standalone_domain/bsplib/lib\libxil.a(xil_cache.o) (__aeabi_idiv)
D:/Xilinx/Vitis/2023.1/gnu/aarch32/nt/gcc-arm-none-eabi/bin//../aarch32-xilinx-eabi/usr/lib/thumb/v7-a+fp/hard\libgcc.a(_dvmd_tls.o)
                              D:/Xilinx/Vitis/2023.1/gnu/aarch32/nt/gcc-arm-none-eabi/bin//../aarch32-xilinx-eabi/usr/lib/thumb/v7-a+fp/hard\libgcc.a(_udivsi3.o) (__aeabi_idiv0)
D:/Xilinx/Vitis/2023.1/gnu/aarch32/nt/gcc-arm-none-eabi/bin//../aarch32-xilinx-eabi/usr/lib/thumb/v7-a+fp/hard\libc.a(lib_a-exit.o)
                              C:/Users/user/Documents/RF_COMM_MULTILANE/build/p7_ps_vitis_workspace/p7_platform/export/p7_platform/sw/p7_platform/standalone_domain/bsplib/lib\libxil.a(xil-crt0.o) (exit)
D:/Xilinx/Vitis/2023.1/gnu/aarch32/nt/gcc-arm-none-eabi/bin//../aarch32-xilinx-eabi/usr/lib/thumb/v7-a+fp/hard\libc.a(lib_a-fini.o)
                              C:/Users/user/Documents/RF_COMM_MULTILANE/build/p7_ps_vitis_workspace/p7_platform/export/p7_platform/sw/p7_platform/standalone_domain/bsplib/lib\libxil.a(xil-crt0.o) (__libc_fini_array)
D:/Xilinx/Vitis/2023.1/gnu/aarch32/nt/gcc-arm-none-eabi/bin//../aarch32-xilinx-eabi/usr/lib/thumb/v7-a+fp/hard\libc.a(lib_a-impure.o)
                              D:/Xilinx/Vitis/2023.1/gnu/aarch32/nt/gcc-arm-none-eabi/bin//../aarch32-xilinx-eabi/usr/lib/thumb/v7-a+fp/hard\libc.a(lib_a-exit.o) (_global_impure_ptr)
D:/Xilinx/Vitis/2023.1/gnu/aarch32/nt/gcc-arm-none-eabi/bin//../aarch32-xilinx-eabi/usr/lib/thumb/v7-a+fp/hard\libc.a(lib_a-init.o)
                              C:/Users/user/Documents/RF_COMM_MULTILANE/build/p7_ps_vitis_workspace/p7_platform/export/p7_platform/sw/p7_platform/standalone_domain/bsplib/lib\libxil.a(xil-crt0.o) (__libc_init_array)
D:/Xilinx/Vitis/2023.1/gnu/aarch32/nt/gcc-arm-none-eabi/bin//../aarch32-xilinx-eabi/usr/lib/thumb/v7-a+fp/hard\libc.a(lib_a-memcpy.o)
                              ./src/p7_app_service.o (memcpy)
D:/Xilinx/Vitis/2023.1/gnu/aarch32/nt/gcc-arm-none-eabi/bin//../aarch32-xilinx-eabi/usr/lib/thumb/v7-a+fp/hard\libc.a(lib_a-memset.o)
                              ./src/p7_app_service.o (memset)
D:/Xilinx/Vitis/2023.1/gnu/aarch32/nt/gcc-arm-none-eabi/bin//../aarch32-xilinx-eabi/usr/lib/thumb/v7-a+fp/hard\libc.a(lib_a-__call_atexit.o)
                              D:/Xilinx/Vitis/2023.1/gnu/aarch32/nt/gcc-arm-none-eabi/bin//../aarch32-xilinx-eabi/usr/lib/thumb/v7-a+fp/hard\libc.a(lib_a-exit.o) (__call_exitprocs)
C:/Users/user/Documents/RF_COMM_MULTILANE/build/p7_ps_vitis_workspace/p7_platform/export/p7_platform/sw/p7_platform/standalone_domain/bsplib/lib\libxil.a(_exit.o)
                              D:/Xilinx/Vitis/2023.1/gnu/aarch32/nt/gcc-arm-none-eabi/bin//../aarch32-xilinx-eabi/usr/lib/thumb/v7-a+fp/hard\libc.a(lib_a-exit.o) (_exit)

Discarded input sections

 .group         0x0000000000000000        0xc ./src/ir_driver.o
 .group         0x0000000000000000        0xc ./src/ir_driver.o
 .group         0x0000000000000000        0xc ./src/ir_driver.o
 .group         0x0000000000000000        0xc ./src/ir_driver.o
 .group         0x0000000000000000        0xc ./src/ir_driver.o
 .group         0x0000000000000000        0xc ./src/ir_driver.o
 .group         0x0000000000000000        0xc ./src/ir_driver.o
 .group         0x0000000000000000        0xc ./src/ir_driver.o
 .group         0x0000000000000000        0xc ./src/p7_app_service.o
 .group         0x0000000000000000        0xc ./src/p7_app_service.o
 .group         0x0000000000000000        0xc ./src/p7_app_service.o
 .group         0x0000000000000000        0xc ./src/p7_app_service.o
 .group         0x0000000000000000        0xc ./src/p7_app_service.o
 .group         0x0000000000000000        0xc ./src/p7_app_service.o
 .group         0x0000000000000000        0xc ./src/p7_app_service.o
 .group         0x0000000000000000        0xc ./src/p7_app_service.o
 .group         0x0000000000000000        0xc ./src/p7_app_service.o
 .group         0x0000000000000000        0xc ./src/p7_app_service.o
 .group         0x0000000000000000        0xc ./src/p7_app_service.o
 .group         0x0000000000000000        0xc ./src/p7_app_service.o
 .group         0x0000000000000000        0xc ./src/p7_app_service.o
 .group         0x0000000000000000        0xc ./src/p7_app_service.o
 .group         0x0000000000000000        0xc ./src/p7_app_service.o
 .group         0x0000000000000000        0xc ./src/p7_app_service.o
 .group         0x0000000000000000        0xc ./src/p7_app_service.o
 .group         0x0000000000000000        0xc ./src/p7_app_service.o
 .group         0x0000000000000000        0xc ./src/p7_app_service.o
 .group         0x0000000000000000        0xc ./src/p7_app_service.o
 .group         0x0000000000000000        0xc ./src/p7_app_service.o
 .group         0x0000000000000000        0xc ./src/p7_app_service.o
 .group         0x0000000000000000        0xc ./src/p7_app_service.o
 .group         0x0000000000000000        0xc ./src/p7_app_service.o
 .group         0x0000000000000000        0xc ./src/p7_app_service.o
 .group         0x0000000000000000        0xc ./src/p7_app_service.o
 .group         0x0000000000000000        0xc ./src/p7_app_service.o
 .group         0x0000000000000000        0xc ./src/p7_app_service.o
 .group         0x0000000000000000        0xc ./src/p7_app_service.o
 .group         0x0000000000000000        0xc ./src/p7_app_service.o
 .group         0x0000000000000000        0xc ./src/p7_app_service.o
 .group         0x0000000000000000        0xc ./src/p7_app_service.o
 .group         0x0000000000000000        0xc ./src/p7_app_service.o
 .group         0x0000000000000000        0xc ./src/p7_app_service.o
 .group         0x0000000000000000        0xc ./src/p7_app_service.o
 .group         0x0000000000000000        0xc ./src/p7_app_service.o
 .group         0x0000000000000000        0xc ./src/p7_app_service.o
 .group         0x0000000000000000        0xc ./src/p7_app_service.o
 .debug_macro   0x0000000000000000      0xaa2 ./src/p7_app_service.o
 .debug_macro   0x0000000000000000       0x22 ./src/p7_app_service.o
 .debug_macro   0x0000000000000000       0x8e ./src/p7_app_service.o
 .debug_macro   0x0000000000000000       0x51 ./src/p7_app_service.o
 .debug_macro   0x0000000000000000      0x103 ./src/p7_app_service.o
 .debug_macro   0x0000000000000000       0x6a ./src/p7_app_service.o
 .debug_macro   0x0000000000000000      0x1df ./src/p7_app_service.o
 .group         0x0000000000000000        0xc ./src/p7_runtime_main.o
 .group         0x0000000000000000        0xc ./src/p7_runtime_main.o
 .group         0x0000000000000000        0xc ./src/p7_runtime_main.o
 .group         0x0000000000000000        0xc ./src/p7_runtime_main.o
 .group         0x0000000000000000        0xc ./src/p7_runtime_main.o
 .group         0x0000000000000000        0xc ./src/p7_runtime_main.o
 .group         0x0000000000000000        0xc ./src/p7_runtime_main.o
 .group         0x0000000000000000        0xc ./src/p7_runtime_main.o
 .group         0x0000000000000000        0xc ./src/p7_runtime_main.o
 .group         0x0000000000000000        0xc ./src/p7_runtime_main.o
 .group         0x0000000000000000        0xc ./src/p7_runtime_main.o
 .group         0x0000000000000000        0xc ./src/p7_runtime_main.o
 .group         0x0000000000000000        0xc ./src/p7_runtime_main.o
 .group         0x0000000000000000        0xc ./src/p7_runtime_main.o
 .group         0x0000000000000000        0xc ./src/p7_runtime_main.o
 .group         0x0000000000000000        0xc ./src/p7_runtime_main.o
 .group         0x0000000000000000        0xc ./src/p7_runtime_main.o
 .group         0x0000000000000000        0xc ./src/p7_runtime_main.o
 .group         0x0000000000000000        0xc ./src/p7_runtime_main.o
 .group         0x0000000000000000        0xc ./src/p7_runtime_main.o
 .group         0x0000000000000000        0xc ./src/p7_runtime_main.o
 .group         0x0000000000000000        0xc ./src/p7_runtime_main.o
 .group         0x0000000000000000        0xc ./src/p7_runtime_main.o
 .group         0x0000000000000000        0xc ./src/p7_runtime_main.o
 .group         0x0000000000000000        0xc ./src/p7_runtime_main.o
 .group         0x0000000000000000        0xc ./src/p7_runtime_main.o
 .group         0x0000000000000000        0xc ./src/p7_runtime_main.o
 .group         0x0000000000000000        0xc ./src/p7_runtime_main.o
 .group         0x0000000000000000        0xc ./src/p7_runtime_main.o
 .group         0x0000000000000000        0xc ./src/p7_runtime_main.o
 .group         0x0000000000000000        0xc ./src/p7_runtime_main.o
 .group         0x0000000000000000        0xc ./src/p7_runtime_main.o
 .group         0x0000000000000000        0xc ./src/p7_runtime_main.o
 .group         0x0000000000000000        0xc ./src/p7_runtime_main.o
 .group         0x0000000000000000        0xc ./src/p7_runtime_main.o
 .group         0x0000000000000000        0xc ./src/p7_runtime_main.o
 .group         0x0000000000000000        0xc ./src/p7_runtime_main.o
 .debug_macro   0x0000000000000000      0xaa2 ./src/p7_runtime_main.o
 .debug_macro   0x0000000000000000      0x189 ./src/p7_runtime_main.o
 .debug_macro   0x0000000000000000       0x22 ./src/p7_runtime_main.o
 .debug_macro   0x0000000000000000       0x8e ./src/p7_runtime_main.o
 .debug_macro   0x0000000000000000       0x51 ./src/p7_runtime_main.o
 .debug_macro   0x0000000000000000      0x103 ./src/p7_runtime_main.o
 .debug_macro   0x0000000000000000       0x6a ./src/p7_runtime_main.o
 .debug_macro   0x0000000000000000      0x1df ./src/p7_runtime_main.o
 .debug_macro   0x0000000000000000       0x76 ./src/p7_runtime_main.o
 .debug_macro   0x0000000000000000       0x10 ./src/p7_runtime_main.o
 .debug_macro   0x0000000000000000       0xfa ./src/p7_runtime_main.o
 .debug_macro   0x0000000000000000       0x1c ./src/p7_runtime_main.o
 .debug_macro   0x0000000000000000      0x5ae ./src/p7_runtime_main.o
 .debug_macro   0x0000000000000000      0x27c ./src/p7_runtime_main.o
 .debug_macro   0x0000000000000000       0x51 ./src/p7_runtime_main.o
 .debug_macro   0x0000000000000000       0x22 ./src/p7_runtime_main.o
 .debug_macro   0x0000000000000000       0x64 ./src/p7_runtime_main.o
 .debug_macro   0x0000000000000000       0x1d ./src/p7_runtime_main.o
 .debug_macro   0x0000000000000000       0x3c ./src/p7_runtime_main.o
 .debug_macro   0x0000000000000000       0x34 ./src/p7_runtime_main.o
 .debug_macro   0x0000000000000000      0x341 ./src/p7_runtime_main.o
 .debug_macro   0x0000000000000000      0x119 ./src/p7_runtime_main.o
 .debug_macro   0x0000000000000000       0x16 ./src/p7_runtime_main.o
 .debug_macro   0x0000000000000000       0x43 ./src/p7_runtime_main.o
 .debug_macro   0x0000000000000000       0x34 ./src/p7_runtime_main.o
 .debug_macro   0x0000000000000000       0x10 ./src/p7_runtime_main.o
 .debug_macro   0x0000000000000000       0x52 ./src/p7_runtime_main.o
 .debug_macro   0x0000000000000000      0x182 ./src/p7_runtime_main.o
 .debug_macro   0x0000000000000000       0x10 ./src/p7_runtime_main.o
 .debug_macro   0x0000000000000000       0x35 ./src/p7_runtime_main.o
 .debug_macro   0x0000000000000000       0x58 ./src/p7_runtime_main.o
 .debug_macro   0x0000000000000000       0x16 ./src/p7_runtime_main.o
 .debug_macro   0x0000000000000000       0x36 ./src/p7_runtime_main.o
 .debug_macro   0x0000000000000000      0x414 ./src/p7_runtime_main.o
 .debug_macro   0x0000000000000000      0x686 ./src/p7_runtime_main.o
 .debug_macro   0x0000000000000000       0x9b ./src/p7_runtime_main.o
 .debug_macro   0x0000000000000000       0x54 ./src/p7_runtime_main.o
 .group         0x0000000000000000        0xc ./src/rf_app_protocol.o
 .group         0x0000000000000000        0xc ./src/rf_app_protocol.o
 .group         0x0000000000000000        0xc ./src/rf_app_protocol.o
 .group         0x0000000000000000        0xc ./src/rf_app_protocol.o
 .group         0x0000000000000000        0xc ./src/rf_app_protocol.o
 .group         0x0000000000000000        0xc ./src/rf_app_protocol.o
 .group         0x0000000000000000        0xc ./src/rf_app_protocol.o
 .group         0x0000000000000000        0xc ./src/rf_app_protocol.o
 .group         0x0000000000000000        0xc ./src/rf_app_protocol.o
 .group         0x0000000000000000        0xc ./src/rf_app_protocol.o
 .group         0x0000000000000000        0xc ./src/rf_app_protocol.o
 .group         0x0000000000000000        0xc ./src/rf_app_protocol.o
 .group         0x0000000000000000        0xc ./src/rf_app_protocol.o
 .group         0x0000000000000000        0xc ./src/rf_app_protocol.o
 .group         0x0000000000000000        0xc ./src/rf_app_protocol.o
 .group         0x0000000000000000        0xc ./src/rf_app_protocol.o
 .group         0x0000000000000000        0xc ./src/rf_app_protocol.o
 .group         0x0000000000000000        0xc ./src/rf_app_protocol.o
 .group         0x0000000000000000        0xc ./src/rf_app_protocol.o
 .group         0x0000000000000000        0xc ./src/rf_app_protocol.o
 .group         0x0000000000000000        0xc ./src/rf_app_protocol.o
 .group         0x0000000000000000        0xc ./src/rf_app_protocol.o
 .debug_macro   0x0000000000000000      0xaa2 ./src/rf_app_protocol.o
 .debug_macro   0x0000000000000000      0x189 ./src/rf_app_protocol.o
 .debug_macro   0x0000000000000000       0x22 ./src/rf_app_protocol.o
 .debug_macro   0x0000000000000000       0x8e ./src/rf_app_protocol.o
 .debug_macro   0x0000000000000000       0x51 ./src/rf_app_protocol.o
 .debug_macro   0x0000000000000000      0x103 ./src/rf_app_protocol.o
 .debug_macro   0x0000000000000000       0x6a ./src/rf_app_protocol.o
 .debug_macro   0x0000000000000000      0x1df ./src/rf_app_protocol.o
 .debug_macro   0x0000000000000000       0x76 ./src/rf_app_protocol.o
 .debug_macro   0x0000000000000000       0x64 ./src/rf_app_protocol.o
 .debug_macro   0x0000000000000000       0x1d ./src/rf_app_protocol.o
 .debug_macro   0x0000000000000000       0x3c ./src/rf_app_protocol.o
 .debug_macro   0x0000000000000000       0x34 ./src/rf_app_protocol.o
 .debug_macro   0x0000000000000000       0x16 ./src/rf_app_protocol.o
 .debug_macro   0x0000000000000000       0x43 ./src/rf_app_protocol.o
 .debug_macro   0x0000000000000000       0x34 ./src/rf_app_protocol.o
 .debug_macro   0x0000000000000000       0x10 ./src/rf_app_protocol.o
 .debug_macro   0x0000000000000000       0x52 ./src/rf_app_protocol.o
 .debug_macro   0x0000000000000000      0x182 ./src/rf_app_protocol.o
 .debug_macro   0x0000000000000000      0x341 ./src/rf_app_protocol.o
 .debug_macro   0x0000000000000000       0x10 ./src/rf_app_protocol.o
 .debug_macro   0x0000000000000000       0x35 ./src/rf_app_protocol.o
 .group         0x0000000000000000        0xc ./src/rf_transport_backend.o
 .group         0x0000000000000000        0xc ./src/rf_transport_backend.o
 .group         0x0000000000000000        0xc ./src/rf_transport_backend.o
 .group         0x0000000000000000        0xc ./src/rf_transport_backend.o
 .group         0x0000000000000000        0xc ./src/rf_transport_backend.o
 .group         0x0000000000000000        0xc ./src/rf_transport_backend.o
 .group         0x0000000000000000        0xc ./src/rf_transport_backend.o
 .group         0x0000000000000000        0xc ./src/rf_transport_backend.o
 .group         0x0000000000000000        0xc ./src/rf_transport_backend.o
 .debug_macro   0x0000000000000000      0xaa2 ./src/rf_transport_backend.o
 .debug_macro   0x0000000000000000      0x189 ./src/rf_transport_backend.o
 .debug_macro   0x0000000000000000       0x22 ./src/rf_transport_backend.o
 .debug_macro   0x0000000000000000       0x8e ./src/rf_transport_backend.o
 .debug_macro   0x0000000000000000       0x51 ./src/rf_transport_backend.o
 .debug_macro   0x0000000000000000      0x103 ./src/rf_transport_backend.o
 .debug_macro   0x0000000000000000       0x6a ./src/rf_transport_backend.o
 .debug_macro   0x0000000000000000      0x1df ./src/rf_transport_backend.o
 .debug_macro   0x0000000000000000       0x10 ./src/rf_transport_backend.o

Memory Configuration

Name             Origin             Length             Attributes
ps7_ddr_0        0x0000000000100000 0x000000001ff00000
ps7_ram_0        0x0000000000000000 0x0000000000020000
ps7_ram_1        0x00000000ffff0000 0x000000000000fe00
*default*        0x0000000000000000 0xffffffffffffffff

Linker script and memory map

LOAD D:/Xilinx/Vitis/2023.1/gnu/aarch32/nt/gcc-arm-none-eabi/bin//../aarch32-xilinx-eabi/usr/lib/thumb/v7-a+fp/hard/crti.o
LOAD D:/Xilinx/Vitis/2023.1/gnu/aarch32/nt/gcc-arm-none-eabi/bin//../aarch32-xilinx-eabi/usr/lib/thumb/v7-a+fp/hard/crtbegin.o
                0x0000000000002000                _STACK_SIZE = DEFINED (_STACK_SIZE)?_STACK_SIZE:0x2000
                0x0000000000002000                _HEAP_SIZE = DEFINED (_HEAP_SIZE)?_HEAP_SIZE:0x2000
                0x0000000000000400                _ABORT_STACK_SIZE = DEFINED (_ABORT_STACK_SIZE)?_ABORT_STACK_SIZE:0x400
                0x0000000000000800                _SUPERVISOR_STACK_SIZE = DEFINED (_SUPERVISOR_STACK_SIZE)?_SUPERVISOR_STACK_SIZE:0x800
                0x0000000000000400                _IRQ_STACK_SIZE = DEFINED (_IRQ_STACK_SIZE)?_IRQ_STACK_SIZE:0x400
                0x0000000000000400                _FIQ_STACK_SIZE = DEFINED (_FIQ_STACK_SIZE)?_FIQ_STACK_SIZE:0x400
                0x0000000000000400                _UNDEF_STACK_SIZE = DEFINED (_UNDEF_STACK_SIZE)?_UNDEF_STACK_SIZE:0x400

.text           0x0000000000000000     0xae30
                0x0000000000000000                . = ALIGN (0x800)
 *(.vectors)
 .vectors       0x0000000000000000      0x12c C:/Users/user/Documents/RF_COMM_MULTILANE/build/p7_ps_vitis_workspace/p7_platform/export/p7_platform/sw/p7_platform/standalone_domain/bsplib/lib\libxil.a(asm_vectors.o)
                0x0000000000000000                _vector_table
 *(.boot)
 .boot          0x000000000000012c      0x390 C:/Users/user/Documents/RF_COMM_MULTILANE/build/p7_ps_vitis_workspace/p7_platform/export/p7_platform/sw/p7_platform/standalone_domain/bsplib/lib\libxil.a(boot.o)
                0x000000000000012c                _prestart
                0x000000000000012c                _boot
 *(.text)
 .text          0x00000000000004bc        0x0 D:/Xilinx/Vitis/2023.1/gnu/aarch32/nt/gcc-arm-none-eabi/bin//../aarch32-xilinx-eabi/usr/lib/thumb/v7-a+fp/hard/crti.o
 .text          0x00000000000004bc       0xa8 D:/Xilinx/Vitis/2023.1/gnu/aarch32/nt/gcc-arm-none-eabi/bin//../aarch32-xilinx-eabi/usr/lib/thumb/v7-a+fp/hard/crtbegin.o
 .text          0x0000000000000564     0x1bbc ./src/ir_driver.o
                0x0000000000000b14                ir_driver_wait_startup
                0x0000000000000bd4                ir_driver_initialize
                0x0000000000000d20                ir_driver_apply_profile
                0x0000000000000d54                ir_driver_start_transaction
                0x0000000000000db4                ir_driver_poll_done
                0x0000000000000e84                ir_driver_read_final_counters
                0x0000000000001040                ir_driver_run_transaction
                0x00000000000010e8                ir_driver_stop
                0x0000000000001148                ir_driver_shutdown
                0x000000000000136c                ir_driver_p6_write_payload
                0x0000000000001488                ir_driver_p6_read_tx_payload
                0x00000000000015ac                ir_driver_p6_read_rx_payload
                0x0000000000001704                ir_driver_p6_commit_payload
                0x000000000000195c                ir_driver_p6_read_result
                0x0000000000001ca8                ir_driver_p6_start
                0x0000000000001d18                ir_driver_p6_get_status
                0x0000000000001d94                ir_driver_p6_start_and_poll
                0x0000000000001edc                ir_driver_p6_reset
                0x0000000000001f3c                ir_driver_p6_stop
                0x0000000000001f9c                ir_driver_p6_run_payload_no_shutdown
                0x000000000000208c                ir_driver_p6_run_mailbox_payload
 .text          0x0000000000002120     0x6080 ./src/p7_app_service.o
                0x0000000000007578                p7_app_service_run
 .text          0x00000000000081a0      0x174 ./src/p7_runtime_main.o
                0x000000000000828c                main
 .text          0x0000000000008314      0xd2c ./src/rf_app_protocol.o
                0x0000000000008498                rf_app_error_code
                0x0000000000008624                rf_app_crc32
                0x0000000000008708                rf_app_fragment_count
                0x00000000000087b8                rf_app_validate_header
                0x0000000000008a60                rf_app_encode_header
                0x0000000000008c1c                rf_app_decode_header
                0x0000000000008e20                rf_app_encode_fragment
                0x0000000000008f70                rf_app_decode_fragment
 .text          0x0000000000009040      0x424 ./src/rf_transport_backend.o
                0x0000000000009088                rf_transport_open
                0x00000000000090ec                rf_transport_get_capabilities
                0x0000000000009164                rf_transport_submit_fragment
                0x0000000000009200                rf_transport_poll_fragment_result
                0x0000000000009288                rf_transport_read_fragment
                0x0000000000009324                rf_transport_abort
                0x0000000000009388                rf_transport_close
                0x00000000000093ec                rf_transport_get_metrics
 .text          0x0000000000009464        0x0 C:/Users/user/Documents/RF_COMM_MULTILANE/build/p7_ps_vitis_workspace/p7_platform/export/p7_platform/sw/p7_platform/standalone_domain/bsplib/lib\libxil.a(asm_vectors.o)
 .text          0x0000000000009464        0x0 C:/Users/user/Documents/RF_COMM_MULTILANE/build/p7_ps_vitis_workspace/p7_platform/export/p7_platform/sw/p7_platform/standalone_domain/bsplib/lib\libxil.a(boot.o)
 .text          0x0000000000009464        0x0 C:/Users/user/Documents/RF_COMM_MULTILANE/build/p7_ps_vitis_workspace/p7_platform/export/p7_platform/sw/p7_platform/standalone_domain/bsplib/lib\libxil.a(translation_table.o)
 .text          0x0000000000009464       0x78 C:/Users/user/Documents/RF_COMM_MULTILANE/build/p7_ps_vitis_workspace/p7_platform/export/p7_platform/sw/p7_platform/standalone_domain/bsplib/lib\libxil.a(vectors.o)
                0x0000000000009464                FIQInterrupt
                0x0000000000009478                IRQInterrupt
                0x000000000000948c                UndefinedException
                0x00000000000094a0                SWInterrupt
                0x00000000000094b4                DataAbortInterrupt
                0x00000000000094c8                PrefetchAbortInterrupt
 .text          0x00000000000094dc       0x78 C:/Users/user/Documents/RF_COMM_MULTILANE/build/p7_ps_vitis_workspace/p7_platform/export/p7_platform/sw/p7_platform/standalone_domain/bsplib/lib\libxil.a(xil-crt0.o)
                0x00000000000094f0                _start
 .text          0x0000000000009554      0xabc C:/Users/user/Documents/RF_COMM_MULTILANE/build/p7_ps_vitis_workspace/p7_platform/export/p7_platform/sw/p7_platform/standalone_domain/bsplib/lib\libxil.a(xil_cache.o)
                0x0000000000009554                Xil_DCacheInvalidateLine
                0x000000000000958c                Xil_DCacheInvalidateRange
                0x000000000000967c                Xil_DCacheFlushLine
                0x00000000000096c4                Xil_DCacheFlushRange
                0x0000000000009758                Xil_DCacheStoreLine
                0x0000000000009790                Xil_ICacheDisable
                0x000000000000980c                Xil_ICacheInvalidateLine
                0x0000000000009844                Xil_ICacheInvalidateRange
                0x0000000000009898                Xil_L1DCacheInvalidate
                0x0000000000009948                Xil_L1DCacheEnable
                0x0000000000009968                Xil_L1DCacheInvalidateLine
                0x0000000000009980                Xil_L1DCacheInvalidateRange
                0x00000000000099c0                Xil_L1DCacheFlush
                0x0000000000009a48                Xil_L1DCacheDisable
                0x0000000000009a60                Xil_DCacheFlush
                0x0000000000009abc                Xil_DCacheDisable
                0x0000000000009b34                Xil_L1DCacheFlushLine
                0x0000000000009b4c                Xil_L1DCacheFlushRange
                0x0000000000009b8c                Xil_L1DCacheStoreLine
                0x0000000000009ba4                Xil_L1ICacheEnable
                0x0000000000009bc0                Xil_L1ICacheDisable
                0x0000000000009bdc                Xil_L1ICacheInvalidate
                0x0000000000009bf4                Xil_L1ICacheInvalidateLine
                0x0000000000009c0c                Xil_L1ICacheInvalidateRange
                0x0000000000009c4c                Xil_L2CacheDisable
                0x0000000000009cac                Xil_L2CacheInvalidate
                0x0000000000009d18                Xil_DCacheInvalidate
                0x0000000000009d38                Xil_ICacheInvalidate
                0x0000000000009d68                Xil_L2CacheEnable
                0x0000000000009dc8                Xil_ICacheEnable
                0x0000000000009e40                Xil_DCacheEnable
                0x0000000000009eb8                Xil_L2CacheInvalidateLine
                0x0000000000009ecc                Xil_L2CacheInvalidateRange
                0x0000000000009f34                Xil_L2CacheFlush
                0x0000000000009f78                Xil_L2CacheFlushLine
                0x0000000000009f94                Xil_L2CacheFlushRange
                0x0000000000009ff8                Xil_L2CacheStoreLine
 .text          0x000000000000a010       0x70 C:/Users/user/Documents/RF_COMM_MULTILANE/build/p7_ps_vitis_workspace/p7_platform/export/p7_platform/sw/p7_platform/standalone_domain/bsplib/lib\libxil.a(xil_exception.o)
                0x000000000000a020                Xil_ExceptionInit
                0x000000000000a024                Xil_ExceptionRegisterHandler
                0x000000000000a03c                Xil_GetExceptionRegisterHandler
                0x000000000000a05c                Xil_ExceptionRemoveHandler
 .text          0x000000000000a080       0x4c C:/Users/user/Documents/RF_COMM_MULTILANE/build/p7_ps_vitis_workspace/p7_platform/export/p7_platform/sw/p7_platform/standalone_domain/bsplib/lib\libxil.a(xtime_l.o)
                0x000000000000a080                XTime_SetTime
                0x000000000000a0a4                XTime_GetTime
 .text          0x000000000000a0cc       0x3c C:/Users/user/Documents/RF_COMM_MULTILANE/build/p7_ps_vitis_workspace/p7_platform/export/p7_platform/sw/p7_platform/standalone_domain/bsplib/lib\libxil.a(cpu_init.o)
                0x000000000000a0cc                __cpu_init
 .text          0x000000000000a108      0x278 D:/Xilinx/Vitis/2023.1/gnu/aarch32/nt/gcc-arm-none-eabi/bin//../aarch32-xilinx-eabi/usr/lib/thumb/v7-a+fp/hard\libgcc.a(_udivsi3.o)
                0x000000000000a108                __aeabi_uidiv
                0x000000000000a108                __udivsi3
                0x000000000000a364                __aeabi_uidivmod
 .text          0x000000000000a380      0x2b0 D:/Xilinx/Vitis/2023.1/gnu/aarch32/nt/gcc-arm-none-eabi/bin//../aarch32-xilinx-eabi/usr/lib/thumb/v7-a+fp/hard\libgcc.a(_divsi3.o)
                0x000000000000a380                __divsi3
                0x000000000000a380                __aeabi_idiv
                0x000000000000a614                __aeabi_idivmod
 .text          0x000000000000a630        0x4 D:/Xilinx/Vitis/2023.1/gnu/aarch32/nt/gcc-arm-none-eabi/bin//../aarch32-xilinx-eabi/usr/lib/thumb/v7-a+fp/hard\libgcc.a(_dvmd_tls.o)
                0x000000000000a630                __aeabi_idiv0
                0x000000000000a630                __aeabi_ldiv0
 .text          0x000000000000a634       0x20 D:/Xilinx/Vitis/2023.1/gnu/aarch32/nt/gcc-arm-none-eabi/bin//../aarch32-xilinx-eabi/usr/lib/thumb/v7-a+fp/hard\libc.a(lib_a-exit.o)
                0x000000000000a634                exit
 .text          0x000000000000a654       0x2c D:/Xilinx/Vitis/2023.1/gnu/aarch32/nt/gcc-arm-none-eabi/bin//../aarch32-xilinx-eabi/usr/lib/thumb/v7-a+fp/hard\libc.a(lib_a-fini.o)
                0x000000000000a654                __libc_fini_array
 .text          0x000000000000a680        0x0 D:/Xilinx/Vitis/2023.1/gnu/aarch32/nt/gcc-arm-none-eabi/bin//../aarch32-xilinx-eabi/usr/lib/thumb/v7-a+fp/hard\libc.a(lib_a-impure.o)
 .text          0x000000000000a680       0x58 D:/Xilinx/Vitis/2023.1/gnu/aarch32/nt/gcc-arm-none-eabi/bin//../aarch32-xilinx-eabi/usr/lib/thumb/v7-a+fp/hard\libc.a(lib_a-init.o)
                0x000000000000a680                __libc_init_array
 *fill*         0x000000000000a6d8       0x28 
 .text          0x000000000000a700      0x5e0 D:/Xilinx/Vitis/2023.1/gnu/aarch32/nt/gcc-arm-none-eabi/bin//../aarch32-xilinx-eabi/usr/lib/thumb/v7-a+fp/hard\libc.a(lib_a-memcpy.o)
                0x000000000000a700                memcpy
 .text          0x000000000000ace0       0xa8 D:/Xilinx/Vitis/2023.1/gnu/aarch32/nt/gcc-arm-none-eabi/bin//../aarch32-xilinx-eabi/usr/lib/thumb/v7-a+fp/hard\libc.a(lib_a-memset.o)
                0x000000000000ace0                memset
 .text          0x000000000000ad88       0xa4 D:/Xilinx/Vitis/2023.1/gnu/aarch32/nt/gcc-arm-none-eabi/bin//../aarch32-xilinx-eabi/usr/lib/thumb/v7-a+fp/hard\libc.a(lib_a-__call_atexit.o)
                0x000000000000ad88                __call_exitprocs
 .text          0x000000000000ae2c        0x4 C:/Users/user/Documents/RF_COMM_MULTILANE/build/p7_ps_vitis_workspace/p7_platform/export/p7_platform/sw/p7_platform/standalone_domain/bsplib/lib\libxil.a(_exit.o)
                0x000000000000ae2c                _exit
 .text          0x000000000000ae30        0x0 D:/Xilinx/Vitis/2023.1/gnu/aarch32/nt/gcc-arm-none-eabi/bin//../aarch32-xilinx-eabi/usr/lib/thumb/v7-a+fp/hard/crtend.o
 .text          0x000000000000ae30        0x0 D:/Xilinx/Vitis/2023.1/gnu/aarch32/nt/gcc-arm-none-eabi/bin//../aarch32-xilinx-eabi/usr/lib/thumb/v7-a+fp/hard/crtn.o
 *(.text.*)
 *(.gnu.linkonce.t.*)
 *(.plt)
 *(.gnu_warning)
 *(.gcc_execpt_table)
 *(.glue_7)
 .glue_7        0x000000000000ae30        0x0 linker stubs
 *(.glue_7t)
 .glue_7t       0x000000000000ae30        0x0 linker stubs
 *(.vfp11_veneer)
 .vfp11_veneer  0x000000000000ae30        0x0 linker stubs
 *(.ARM.extab)
 *(.gnu.linkonce.armextab.*)

.v4_bx          0x000000000000ae30        0x0
 .v4_bx         0x000000000000ae30        0x0 linker stubs

.iplt           0x000000000000ae30        0x0
 .iplt          0x000000000000ae30        0x0 D:/Xilinx/Vitis/2023.1/gnu/aarch32/nt/gcc-arm-none-eabi/bin//../aarch32-xilinx-eabi/usr/lib/thumb/v7-a+fp/hard/crtbegin.o

.init           0x000000000000ae30        0xc
 *(.init)
 .init          0x000000000000ae30        0x4 D:/Xilinx/Vitis/2023.1/gnu/aarch32/nt/gcc-arm-none-eabi/bin//../aarch32-xilinx-eabi/usr/lib/thumb/v7-a+fp/hard/crti.o
                0x000000000000ae30                _init
 .init          0x000000000000ae34        0x8 D:/Xilinx/Vitis/2023.1/gnu/aarch32/nt/gcc-arm-none-eabi/bin//../aarch32-xilinx-eabi/usr/lib/thumb/v7-a+fp/hard/crtn.o

.fini           0x000000000000ae3c        0xc
 *(.fini)
 .fini          0x000000000000ae3c        0x4 D:/Xilinx/Vitis/2023.1/gnu/aarch32/nt/gcc-arm-none-eabi/bin//../aarch32-xilinx-eabi/usr/lib/thumb/v7-a+fp/hard/crti.o
                0x000000000000ae3c                _fini
 .fini          0x000000000000ae40        0x8 D:/Xilinx/Vitis/2023.1/gnu/aarch32/nt/gcc-arm-none-eabi/bin//../aarch32-xilinx-eabi/usr/lib/thumb/v7-a+fp/hard/crtn.o

.rodata         0x000000000000ae48      0x38c
                0x000000000000ae48                __rodata_start = .
 *(.rodata)
 .rodata        0x000000000000ae48       0x24 D:/Xilinx/Vitis/2023.1/gnu/aarch32/nt/gcc-arm-none-eabi/bin//../aarch32-xilinx-eabi/usr/lib/thumb/v7-a+fp/hard/crtbegin.o
 .rodata        0x000000000000ae6c      0x1c0 ./src/p7_app_service.o
 .rodata        0x000000000000b02c      0x180 ./src/rf_app_protocol.o
 .rodata        0x000000000000b1ac        0x4 D:/Xilinx/Vitis/2023.1/gnu/aarch32/nt/gcc-arm-none-eabi/bin//../aarch32-xilinx-eabi/usr/lib/thumb/v7-a+fp/hard\libc.a(lib_a-impure.o)
                0x000000000000b1ac                _global_impure_ptr
 .rodata        0x000000000000b1b0       0x24 D:/Xilinx/Vitis/2023.1/gnu/aarch32/nt/gcc-arm-none-eabi/bin//../aarch32-xilinx-eabi/usr/lib/thumb/v7-a+fp/hard/crtend.o
 *(.rodata.*)
 *(.gnu.linkonce.r.*)
                0x000000000000b1d4                __rodata_end = .

.rodata1        0x000000000000b1d4        0x0
                0x000000000000b1d4                __rodata1_start = .
 *(.rodata1)
 *(.rodata1.*)
                0x000000000000b1d4                __rodata1_end = .

.sdata2         0x000000000000b1d4        0x0
                0x000000000000b1d4                __sdata2_start = .
 *(.sdata2)
 *(.sdata2.*)
 *(.gnu.linkonce.s2.*)
                0x000000000000b1d4                __sdata2_end = .

.sbss2          0x000000000000b1d4        0x0
                0x000000000000b1d4                __sbss2_start = .
 *(.sbss2)
 *(.sbss2.*)
 *(.gnu.linkonce.sb2.*)
                0x000000000000b1d4                __sbss2_end = .

.data           0x000000000000b1d8      0x470
                0x000000000000b1d8                __data_start = .
 *(.data)
 .data          0x000000000000b1d8        0x0 D:/Xilinx/Vitis/2023.1/gnu/aarch32/nt/gcc-arm-none-eabi/bin//../aarch32-xilinx-eabi/usr/lib/thumb/v7-a+fp/hard/crti.o
 .data          0x000000000000b1d8        0x4 D:/Xilinx/Vitis/2023.1/gnu/aarch32/nt/gcc-arm-none-eabi/bin//../aarch32-xilinx-eabi/usr/lib/thumb/v7-a+fp/hard/crtbegin.o
                0x000000000000b1d8                __dso_handle
 .data          0x000000000000b1dc        0x0 ./src/ir_driver.o
 .data          0x000000000000b1dc        0x0 ./src/p7_app_service.o
 .data          0x000000000000b1dc        0x0 ./src/p7_runtime_main.o
 .data          0x000000000000b1dc        0x0 ./src/rf_app_protocol.o
 .data          0x000000000000b1dc        0x0 ./src/rf_transport_backend.o
 .data          0x000000000000b1dc        0x0 C:/Users/user/Documents/RF_COMM_MULTILANE/build/p7_ps_vitis_workspace/p7_platform/export/p7_platform/sw/p7_platform/standalone_domain/bsplib/lib\libxil.a(asm_vectors.o)
 .data          0x000000000000b1dc        0x0 C:/Users/user/Documents/RF_COMM_MULTILANE/build/p7_ps_vitis_workspace/p7_platform/export/p7_platform/sw/p7_platform/standalone_domain/bsplib/lib\libxil.a(boot.o)
 .data          0x000000000000b1dc        0x0 C:/Users/user/Documents/RF_COMM_MULTILANE/build/p7_ps_vitis_workspace/p7_platform/export/p7_platform/sw/p7_platform/standalone_domain/bsplib/lib\libxil.a(translation_table.o)
 .data          0x000000000000b1dc        0x0 C:/Users/user/Documents/RF_COMM_MULTILANE/build/p7_ps_vitis_workspace/p7_platform/export/p7_platform/sw/p7_platform/standalone_domain/bsplib/lib\libxil.a(vectors.o)
 .data          0x000000000000b1dc        0x0 C:/Users/user/Documents/RF_COMM_MULTILANE/build/p7_ps_vitis_workspace/p7_platform/export/p7_platform/sw/p7_platform/standalone_domain/bsplib/lib\libxil.a(xil-crt0.o)
 .data          0x000000000000b1dc        0x0 C:/Users/user/Documents/RF_COMM_MULTILANE/build/p7_ps_vitis_workspace/p7_platform/export/p7_platform/sw/p7_platform/standalone_domain/bsplib/lib\libxil.a(xil_cache.o)
 .data          0x000000000000b1dc       0x38 C:/Users/user/Documents/RF_COMM_MULTILANE/build/p7_ps_vitis_workspace/p7_platform/export/p7_platform/sw/p7_platform/standalone_domain/bsplib/lib\libxil.a(xil_exception.o)
                0x000000000000b1dc                XExc_VectorTable
 .data          0x000000000000b214        0x0 C:/Users/user/Documents/RF_COMM_MULTILANE/build/p7_ps_vitis_workspace/p7_platform/export/p7_platform/sw/p7_platform/standalone_domain/bsplib/lib\libxil.a(xtime_l.o)
 .data          0x000000000000b214        0x0 C:/Users/user/Documents/RF_COMM_MULTILANE/build/p7_ps_vitis_workspace/p7_platform/export/p7_platform/sw/p7_platform/standalone_domain/bsplib/lib\libxil.a(cpu_init.o)
 .data          0x000000000000b214        0x0 D:/Xilinx/Vitis/2023.1/gnu/aarch32/nt/gcc-arm-none-eabi/bin//../aarch32-xilinx-eabi/usr/lib/thumb/v7-a+fp/hard\libgcc.a(_udivsi3.o)
 .data          0x000000000000b214        0x0 D:/Xilinx/Vitis/2023.1/gnu/aarch32/nt/gcc-arm-none-eabi/bin//../aarch32-xilinx-eabi/usr/lib/thumb/v7-a+fp/hard\libgcc.a(_divsi3.o)
 .data          0x000000000000b214        0x0 D:/Xilinx/Vitis/2023.1/gnu/aarch32/nt/gcc-arm-none-eabi/bin//../aarch32-xilinx-eabi/usr/lib/thumb/v7-a+fp/hard\libgcc.a(_dvmd_tls.o)
 .data          0x000000000000b214        0x0 D:/Xilinx/Vitis/2023.1/gnu/aarch32/nt/gcc-arm-none-eabi/bin//../aarch32-xilinx-eabi/usr/lib/thumb/v7-a+fp/hard\libc.a(lib_a-exit.o)
 .data          0x000000000000b214        0x0 D:/Xilinx/Vitis/2023.1/gnu/aarch32/nt/gcc-arm-none-eabi/bin//../aarch32-xilinx-eabi/usr/lib/thumb/v7-a+fp/hard\libc.a(lib_a-fini.o)
 *fill*         0x000000000000b214        0x4 
 .data          0x000000000000b218      0x430 D:/Xilinx/Vitis/2023.1/gnu/aarch32/nt/gcc-arm-none-eabi/bin//../aarch32-xilinx-eabi/usr/lib/thumb/v7-a+fp/hard\libc.a(lib_a-impure.o)
                0x000000000000b218                _impure_ptr
 .data          0x000000000000b648        0x0 D:/Xilinx/Vitis/2023.1/gnu/aarch32/nt/gcc-arm-none-eabi/bin//../aarch32-xilinx-eabi/usr/lib/thumb/v7-a+fp/hard\libc.a(lib_a-init.o)
 .data          0x000000000000b648        0x0 D:/Xilinx/Vitis/2023.1/gnu/aarch32/nt/gcc-arm-none-eabi/bin//../aarch32-xilinx-eabi/usr/lib/thumb/v7-a+fp/hard\libc.a(lib_a-memcpy.o)
 .data          0x000000000000b648        0x0 D:/Xilinx/Vitis/2023.1/gnu/aarch32/nt/gcc-arm-none-eabi/bin//../aarch32-xilinx-eabi/usr/lib/thumb/v7-a+fp/hard\libc.a(lib_a-memset.o)
 .data          0x000000000000b648        0x0 D:/Xilinx/Vitis/2023.1/gnu/aarch32/nt/gcc-arm-none-eabi/bin//../aarch32-xilinx-eabi/usr/lib/thumb/v7-a+fp/hard\libc.a(lib_a-__call_atexit.o)
 .data          0x000000000000b648        0x0 C:/Users/user/Documents/RF_COMM_MULTILANE/build/p7_ps_vitis_workspace/p7_platform/export/p7_platform/sw/p7_platform/standalone_domain/bsplib/lib\libxil.a(_exit.o)
 .data          0x000000000000b648        0x0 D:/Xilinx/Vitis/2023.1/gnu/aarch32/nt/gcc-arm-none-eabi/bin//../aarch32-xilinx-eabi/usr/lib/thumb/v7-a+fp/hard/crtend.o
 .data          0x000000000000b648        0x0 D:/Xilinx/Vitis/2023.1/gnu/aarch32/nt/gcc-arm-none-eabi/bin//../aarch32-xilinx-eabi/usr/lib/thumb/v7-a+fp/hard/crtn.o
 *(.data.*)
 *(.gnu.linkonce.d.*)
 *(.jcr)
 *(.got)
 *(.got.plt)
                0x000000000000b648                __data_end = .

.tm_clone_table
                0x000000000000b648        0x0
 .tm_clone_table
                0x000000000000b648        0x0 D:/Xilinx/Vitis/2023.1/gnu/aarch32/nt/gcc-arm-none-eabi/bin//../aarch32-xilinx-eabi/usr/lib/thumb/v7-a+fp/hard/crtbegin.o
 .tm_clone_table
                0x000000000000b648        0x0 D:/Xilinx/Vitis/2023.1/gnu/aarch32/nt/gcc-arm-none-eabi/bin//../aarch32-xilinx-eabi/usr/lib/thumb/v7-a+fp/hard/crtend.o

.igot.plt       0x000000000000b648        0x0
 .igot.plt      0x000000000000b648        0x0 D:/Xilinx/Vitis/2023.1/gnu/aarch32/nt/gcc-arm-none-eabi/bin//../aarch32-xilinx-eabi/usr/lib/thumb/v7-a+fp/hard/crtbegin.o

.got2           0x000000000000b648        0x0
 .got2          0x000000000000b648        0x0 C:/Users/user/Documents/RF_COMM_MULTILANE/build/p7_ps_vitis_workspace/p7_platform/export/p7_platform/sw/p7_platform/standalone_domain/bsplib/lib\libxil.a(xil-crt0.o)

.data1          0x000000000000b648        0x0
                0x000000000000b648                __data1_start = .
 *(.data1)
 *(.data1.*)
                0x000000000000b648                __data1_end = .

.got
 *(.got)

.note.gnu.build-id
 *(.note.gnu.build-id)

.ctors          0x000000000000b648        0x0
                0x000000000000b648                __CTOR_LIST__ = .
                0x000000000000b648                ___CTORS_LIST___ = .
 *crtbegin.o(.ctors)
 *(EXCLUDE_FILE(*crtend.o) .ctors)
 *(SORT_BY_NAME(.ctors.*))
 *(.ctors)
                0x000000000000b648                __CTOR_END__ = .
                0x000000000000b648                ___CTORS_END___ = .

.dtors          0x000000000000b648        0x0
                0x000000000000b648                __DTOR_LIST__ = .
                0x000000000000b648                ___DTORS_LIST___ = .
 *crtbegin.o(.dtors)
 *(EXCLUDE_FILE(*crtend.o) .dtors)
 *(SORT_BY_NAME(.dtors.*))
 *(.dtors)
                0x000000000000b648                __DTOR_END__ = .
                0x000000000000b648                ___DTORS_END___ = .

.fixup          0x000000000000b648        0x0
                0x000000000000b648                __fixup_start = .
 *(.fixup)
                0x000000000000b648                __fixup_end = .

.eh_frame       0x000000000000b648        0x4
 *(.eh_frame)
 .eh_frame      0x000000000000b648        0x0 D:/Xilinx/Vitis/2023.1/gnu/aarch32/nt/gcc-arm-none-eabi/bin//../aarch32-xilinx-eabi/usr/lib/thumb/v7-a+fp/hard/crtbegin.o
 .eh_frame      0x000000000000b648        0x4 D:/Xilinx/Vitis/2023.1/gnu/aarch32/nt/gcc-arm-none-eabi/bin//../aarch32-xilinx-eabi/usr/lib/thumb/v7-a+fp/hard/crtend.o

.eh_framehdr    0x000000000000b64c        0x0
                0x000000000000b64c                __eh_framehdr_start = .
 *(.eh_framehdr)
                0x000000000000b64c                __eh_framehdr_end = .

.gcc_except_table
 *(.gcc_except_table)

.mmu_tbl        0x000000000000c000     0x4000
                0x000000000000c000                __mmu_tbl_start = .
 *(.mmu_tbl)
 .mmu_tbl       0x000000000000c000     0x4000 C:/Users/user/Documents/RF_COMM_MULTILANE/build/p7_ps_vitis_workspace/p7_platform/export/p7_platform/sw/p7_platform/standalone_domain/bsplib/lib\libxil.a(translation_table.o)
                0x000000000000c000                MMUTable
                0x0000000000010000                __mmu_tbl_end = .

.rel.dyn        0x0000000000010000        0x0
 .rel.iplt      0x0000000000010000        0x0 D:/Xilinx/Vitis/2023.1/gnu/aarch32/nt/gcc-arm-none-eabi/bin//../aarch32-xilinx-eabi/usr/lib/thumb/v7-a+fp/hard/crtbegin.o

.ARM.exidx      0x0000000000010000        0x0
                0x0000000000010000                __exidx_start = .
 *(.ARM.exidx*)
 *(.gnu.linkonce.armexidix.*.*)
                0x0000000000010000                __exidx_end = .

.preinit_array  0x0000000000010000        0x0
                0x0000000000010000                __preinit_array_start = .
 *(SORT_BY_NAME(.preinit_array.*))
 *(.preinit_array)
                0x0000000000010000                __preinit_array_end = .

.init_array     0x0000000000010000        0x4
                0x0000000000010000                __init_array_start = .
 *(SORT_BY_NAME(.init_array.*))
 *(.init_array)
 .init_array    0x0000000000010000        0x4 D:/Xilinx/Vitis/2023.1/gnu/aarch32/nt/gcc-arm-none-eabi/bin//../aarch32-xilinx-eabi/usr/lib/thumb/v7-a+fp/hard/crtbegin.o
                0x0000000000010004                __init_array_end = .

.fini_array     0x0000000000010004        0x4
                0x0000000000010004                __fini_array_start = .
 *(SORT_BY_NAME(.fini_array.*))
 *(.fini_array)
 .fini_array    0x0000000000010004        0x4 D:/Xilinx/Vitis/2023.1/gnu/aarch32/nt/gcc-arm-none-eabi/bin//../aarch32-xilinx-eabi/usr/lib/thumb/v7-a+fp/hard/crtbegin.o
                0x0000000000010008                __fini_array_end = .

.ARM.attributes
                0x0000000000010008       0x33
                0x0000000000010008                __ARM.attributes_start = .
 *(.ARM.attributes)
 .ARM.attributes
                0x0000000000010008       0x21 D:/Xilinx/Vitis/2023.1/gnu/aarch32/nt/gcc-arm-none-eabi/bin//../aarch32-xilinx-eabi/usr/lib/thumb/v7-a+fp/hard/crti.o
 .ARM.attributes
                0x0000000000010029       0x33 D:/Xilinx/Vitis/2023.1/gnu/aarch32/nt/gcc-arm-none-eabi/bin//../aarch32-xilinx-eabi/usr/lib/thumb/v7-a+fp/hard/crtbegin.o
 .ARM.attributes
                0x000000000001005c       0x37 ./src/ir_driver.o
 .ARM.attributes
                0x0000000000010093       0x37 ./src/p7_app_service.o
 .ARM.attributes
                0x00000000000100ca       0x37 ./src/p7_runtime_main.o
 .ARM.attributes
                0x0000000000010101       0x37 ./src/rf_app_protocol.o
 .ARM.attributes
                0x0000000000010138       0x37 ./src/rf_transport_backend.o
 .ARM.attributes
                0x000000000001016f       0x23 C:/Users/user/Documents/RF_COMM_MULTILANE/build/p7_ps_vitis_workspace/p7_platform/export/p7_platform/sw/p7_platform/standalone_domain/bsplib/lib\libxil.a(asm_vectors.o)
 .ARM.attributes
                0x0000000000010192       0x23 C:/Users/user/Documents/RF_COMM_MULTILANE/build/p7_ps_vitis_workspace/p7_platform/export/p7_platform/sw/p7_platform/standalone_domain/bsplib/lib\libxil.a(boot.o)
 .ARM.attributes
                0x00000000000101b5       0x23 C:/Users/user/Documents/RF_COMM_MULTILANE/build/p7_ps_vitis_workspace/p7_platform/export/p7_platform/sw/p7_platform/standalone_domain/bsplib/lib\libxil.a(translation_table.o)
 .ARM.attributes
                0x00000000000101d8       0x37 C:/Users/user/Documents/RF_COMM_MULTILANE/build/p7_ps_vitis_workspace/p7_platform/export/p7_platform/sw/p7_platform/standalone_domain/bsplib/lib\libxil.a(vectors.o)
 .ARM.attributes
                0x000000000001020f       0x23 C:/Users/user/Documents/RF_COMM_MULTILANE/build/p7_ps_vitis_workspace/p7_platform/export/p7_platform/sw/p7_platform/standalone_domain/bsplib/lib\libxil.a(xil-crt0.o)
 .ARM.attributes
                0x0000000000010232       0x37 C:/Users/user/Documents/RF_COMM_MULTILANE/build/p7_ps_vitis_workspace/p7_platform/export/p7_platform/sw/p7_platform/standalone_domain/bsplib/lib\libxil.a(xil_cache.o)
 .ARM.attributes
                0x0000000000010269       0x37 C:/Users/user/Documents/RF_COMM_MULTILANE/build/p7_ps_vitis_workspace/p7_platform/export/p7_platform/sw/p7_platform/standalone_domain/bsplib/lib\libxil.a(xil_exception.o)
 .ARM.attributes
                0x00000000000102a0       0x37 C:/Users/user/Documents/RF_COMM_MULTILANE/build/p7_ps_vitis_workspace/p7_platform/export/p7_platform/sw/p7_platform/standalone_domain/bsplib/lib\libxil.a(xtime_l.o)
 .ARM.attributes
                0x00000000000102d7       0x23 C:/Users/user/Documents/RF_COMM_MULTILANE/build/p7_ps_vitis_workspace/p7_platform/export/p7_platform/sw/p7_platform/standalone_domain/bsplib/lib\libxil.a(cpu_init.o)
 .ARM.attributes
                0x00000000000102fa       0x21 D:/Xilinx/Vitis/2023.1/gnu/aarch32/nt/gcc-arm-none-eabi/bin//../aarch32-xilinx-eabi/usr/lib/thumb/v7-a+fp/hard\libgcc.a(_udivsi3.o)
 .ARM.attributes
                0x000000000001031b       0x21 D:/Xilinx/Vitis/2023.1/gnu/aarch32/nt/gcc-arm-none-eabi/bin//../aarch32-xilinx-eabi/usr/lib/thumb/v7-a+fp/hard\libgcc.a(_divsi3.o)
 .ARM.attributes
                0x000000000001033c       0x21 D:/Xilinx/Vitis/2023.1/gnu/aarch32/nt/gcc-arm-none-eabi/bin//../aarch32-xilinx-eabi/usr/lib/thumb/v7-a+fp/hard\libgcc.a(_dvmd_tls.o)
 .ARM.attributes
                0x000000000001035d       0x33 D:/Xilinx/Vitis/2023.1/gnu/aarch32/nt/gcc-arm-none-eabi/bin//../aarch32-xilinx-eabi/usr/lib/thumb/v7-a+fp/hard\libc.a(lib_a-exit.o)
 .ARM.attributes
                0x0000000000010390       0x33 D:/Xilinx/Vitis/2023.1/gnu/aarch32/nt/gcc-arm-none-eabi/bin//../aarch32-xilinx-eabi/usr/lib/thumb/v7-a+fp/hard\libc.a(lib_a-fini.o)
 .ARM.attributes
                0x00000000000103c3       0x33 D:/Xilinx/Vitis/2023.1/gnu/aarch32/nt/gcc-arm-none-eabi/bin//../aarch32-xilinx-eabi/usr/lib/thumb/v7-a+fp/hard\libc.a(lib_a-impure.o)
 .ARM.attributes
                0x00000000000103f6       0x33 D:/Xilinx/Vitis/2023.1/gnu/aarch32/nt/gcc-arm-none-eabi/bin//../aarch32-xilinx-eabi/usr/lib/thumb/v7-a+fp/hard\libc.a(lib_a-init.o)
 .ARM.attributes
                0x0000000000010429       0x1b D:/Xilinx/Vitis/2023.1/gnu/aarch32/nt/gcc-arm-none-eabi/bin//../aarch32-xilinx-eabi/usr/lib/thumb/v7-a+fp/hard\libc.a(lib_a-memcpy.o)
 .ARM.attributes
                0x0000000000010444       0x33 D:/Xilinx/Vitis/2023.1/gnu/aarch32/nt/gcc-arm-none-eabi/bin//../aarch32-xilinx-eabi/usr/lib/thumb/v7-a+fp/hard\libc.a(lib_a-memset.o)
 .ARM.attributes
                0x0000000000010477       0x33 D:/Xilinx/Vitis/2023.1/gnu/aarch32/nt/gcc-arm-none-eabi/bin//../aarch32-xilinx-eabi/usr/lib/thumb/v7-a+fp/hard\libc.a(lib_a-__call_atexit.o)
 .ARM.attributes
                0x00000000000104aa       0x37 C:/Users/user/Documents/RF_COMM_MULTILANE/build/p7_ps_vitis_workspace/p7_platform/export/p7_platform/sw/p7_platform/standalone_domain/bsplib/lib\libxil.a(_exit.o)
 .ARM.attributes
                0x00000000000104e1       0x33 D:/Xilinx/Vitis/2023.1/gnu/aarch32/nt/gcc-arm-none-eabi/bin//../aarch32-xilinx-eabi/usr/lib/thumb/v7-a+fp/hard/crtend.o
 .ARM.attributes
                0x0000000000010514       0x21 D:/Xilinx/Vitis/2023.1/gnu/aarch32/nt/gcc-arm-none-eabi/bin//../aarch32-xilinx-eabi/usr/lib/thumb/v7-a+fp/hard/crtn.o
                0x0000000000010535                __ARM.attributes_end = .

.sdata          0x0000000000010008        0x0
                0x0000000000010008                __sdata_start = .
 *(.sdata)
 *(.sdata.*)
 *(.gnu.linkonce.s.*)
                0x0000000000010008                __sdata_end = .

.sbss           0x0000000000010008        0x0
                0x0000000000010008                __sbss_start = .
 *(.sbss)
 *(.sbss.*)
 *(.gnu.linkonce.sb.*)
                0x0000000000010008                __sbss_end = .

.tdata          0x0000000000010008        0x0
                0x0000000000010008                __tdata_start = .
 *(.tdata)
 *(.tdata.*)
 *(.gnu.linkonce.td.*)
                0x0000000000010008                __tdata_end = .

.tbss           0x0000000000010008        0x0
                0x0000000000010008                __tbss_start = .
 *(.tbss)
 *(.tbss.*)
 *(.gnu.linkonce.tb.*)
                0x0000000000010008                __tbss_end = .

.bss            0x0000000000010008       0x28
                0x0000000000010008                __bss_start = .
 *(.bss)
 .bss           0x0000000000010008        0x0 D:/Xilinx/Vitis/2023.1/gnu/aarch32/nt/gcc-arm-none-eabi/bin//../aarch32-xilinx-eabi/usr/lib/thumb/v7-a+fp/hard/crti.o
 .bss           0x0000000000010008       0x1c D:/Xilinx/Vitis/2023.1/gnu/aarch32/nt/gcc-arm-none-eabi/bin//../aarch32-xilinx-eabi/usr/lib/thumb/v7-a+fp/hard/crtbegin.o
 .bss           0x0000000000010024        0x0 ./src/ir_driver.o
 .bss           0x0000000000010024        0x0 ./src/p7_app_service.o
 .bss           0x0000000000010024        0x0 ./src/p7_runtime_main.o
 .bss           0x0000000000010024        0x0 ./src/rf_app_protocol.o
 .bss           0x0000000000010024        0x0 ./src/rf_transport_backend.o
 .bss           0x0000000000010024        0x0 C:/Users/user/Documents/RF_COMM_MULTILANE/build/p7_ps_vitis_workspace/p7_platform/export/p7_platform/sw/p7_platform/standalone_domain/bsplib/lib\libxil.a(asm_vectors.o)
 .bss           0x0000000000010024        0x0 C:/Users/user/Documents/RF_COMM_MULTILANE/build/p7_ps_vitis_workspace/p7_platform/export/p7_platform/sw/p7_platform/standalone_domain/bsplib/lib\libxil.a(boot.o)
 .bss           0x0000000000010024        0x0 C:/Users/user/Documents/RF_COMM_MULTILANE/build/p7_ps_vitis_workspace/p7_platform/export/p7_platform/sw/p7_platform/standalone_domain/bsplib/lib\libxil.a(translation_table.o)
 .bss           0x0000000000010024        0x0 C:/Users/user/Documents/RF_COMM_MULTILANE/build/p7_ps_vitis_workspace/p7_platform/export/p7_platform/sw/p7_platform/standalone_domain/bsplib/lib\libxil.a(vectors.o)
 .bss           0x0000000000010024        0x0 C:/Users/user/Documents/RF_COMM_MULTILANE/build/p7_ps_vitis_workspace/p7_platform/export/p7_platform/sw/p7_platform/standalone_domain/bsplib/lib\libxil.a(xil-crt0.o)
 .bss           0x0000000000010024        0x0 C:/Users/user/Documents/RF_COMM_MULTILANE/build/p7_ps_vitis_workspace/p7_platform/export/p7_platform/sw/p7_platform/standalone_domain/bsplib/lib\libxil.a(xil_cache.o)
 .bss           0x0000000000010024        0xc C:/Users/user/Documents/RF_COMM_MULTILANE/build/p7_ps_vitis_workspace/p7_platform/export/p7_platform/sw/p7_platform/standalone_domain/bsplib/lib\libxil.a(xil_exception.o)
                0x0000000000010024                UndefinedExceptionAddr
                0x0000000000010028                PrefetchAbortAddr
                0x000000000001002c                DataAbortAddr
 .bss           0x0000000000010030        0x0 C:/Users/user/Documents/RF_COMM_MULTILANE/build/p7_ps_vitis_workspace/p7_platform/export/p7_platform/sw/p7_platform/standalone_domain/bsplib/lib\libxil.a(xtime_l.o)
 .bss           0x0000000000010030        0x0 C:/Users/user/Documents/RF_COMM_MULTILANE/build/p7_ps_vitis_workspace/p7_platform/export/p7_platform/sw/p7_platform/standalone_domain/bsplib/lib\libxil.a(cpu_init.o)
 .bss           0x0000000000010030        0x0 D:/Xilinx/Vitis/2023.1/gnu/aarch32/nt/gcc-arm-none-eabi/bin//../aarch32-xilinx-eabi/usr/lib/thumb/v7-a+fp/hard\libgcc.a(_udivsi3.o)
 .bss           0x0000000000010030        0x0 D:/Xilinx/Vitis/2023.1/gnu/aarch32/nt/gcc-arm-none-eabi/bin//../aarch32-xilinx-eabi/usr/lib/thumb/v7-a+fp/hard\libgcc.a(_divsi3.o)
 .bss           0x0000000000010030        0x0 D:/Xilinx/Vitis/2023.1/gnu/aarch32/nt/gcc-arm-none-eabi/bin//../aarch32-xilinx-eabi/usr/lib/thumb/v7-a+fp/hard\libgcc.a(_dvmd_tls.o)
 .bss           0x0000000000010030        0x0 D:/Xilinx/Vitis/2023.1/gnu/aarch32/nt/gcc-arm-none-eabi/bin//../aarch32-xilinx-eabi/usr/lib/thumb/v7-a+fp/hard\libc.a(lib_a-exit.o)
 .bss           0x0000000000010030        0x0 D:/Xilinx/Vitis/2023.1/gnu/aarch32/nt/gcc-arm-none-eabi/bin//../aarch32-xilinx-eabi/usr/lib/thumb/v7-a+fp/hard\libc.a(lib_a-fini.o)
 .bss           0x0000000000010030        0x0 D:/Xilinx/Vitis/2023.1/gnu/aarch32/nt/gcc-arm-none-eabi/bin//../aarch32-xilinx-eabi/usr/lib/thumb/v7-a+fp/hard\libc.a(lib_a-impure.o)
 .bss           0x0000000000010030        0x0 D:/Xilinx/Vitis/2023.1/gnu/aarch32/nt/gcc-arm-none-eabi/bin//../aarch32-xilinx-eabi/usr/lib/thumb/v7-a+fp/hard\libc.a(lib_a-init.o)
 .bss           0x0000000000010030        0x0 D:/Xilinx/Vitis/2023.1/gnu/aarch32/nt/gcc-arm-none-eabi/bin//../aarch32-xilinx-eabi/usr/lib/thumb/v7-a+fp/hard\libc.a(lib_a-memcpy.o)
 .bss           0x0000000000010030        0x0 D:/Xilinx/Vitis/2023.1/gnu/aarch32/nt/gcc-arm-none-eabi/bin//../aarch32-xilinx-eabi/usr/lib/thumb/v7-a+fp/hard\libc.a(lib_a-memset.o)
 .bss           0x0000000000010030        0x0 D:/Xilinx/Vitis/2023.1/gnu/aarch32/nt/gcc-arm-none-eabi/bin//../aarch32-xilinx-eabi/usr/lib/thumb/v7-a+fp/hard\libc.a(lib_a-__call_atexit.o)
 .bss           0x0000000000010030        0x0 C:/Users/user/Documents/RF_COMM_MULTILANE/build/p7_ps_vitis_workspace/p7_platform/export/p7_platform/sw/p7_platform/standalone_domain/bsplib/lib\libxil.a(_exit.o)
 .bss           0x0000000000010030        0x0 D:/Xilinx/Vitis/2023.1/gnu/aarch32/nt/gcc-arm-none-eabi/bin//../aarch32-xilinx-eabi/usr/lib/thumb/v7-a+fp/hard/crtend.o
 .bss           0x0000000000010030        0x0 D:/Xilinx/Vitis/2023.1/gnu/aarch32/nt/gcc-arm-none-eabi/bin//../aarch32-xilinx-eabi/usr/lib/thumb/v7-a+fp/hard/crtn.o
 *(.bss.*)
 *(.gnu.linkonce.b.*)
 *(COMMON)
                0x0000000000010030                __bss_end = .
                0x0000000000010008                _SDA_BASE_ = (__sdata_start + ((__sbss_end - __sdata_start) / 0x2))
                0x000000000000b1d4                _SDA2_BASE_ = (__sdata2_start + ((__sbss2_end - __sdata2_start) / 0x2))

.heap           0x0000000000010030     0x2000
                0x0000000000010030                . = ALIGN (0x10)
                0x0000000000010030                _heap = .
                0x0000000000010030                HeapBase = .
                0x0000000000010030                _heap_start = .
                0x0000000000012030                . = (. + _HEAP_SIZE)
 *fill*         0x0000000000010030     0x2000 
                0x0000000000012030                _heap_end = .
                0x0000000000012030                HeapLimit = .

.stack          0x0000000000012030     0x3800
                0x0000000000012030                . = ALIGN (0x10)
                0x0000000000012030                _stack_end = .
                0x0000000000014030                . = (. + _STACK_SIZE)
 *fill*         0x0000000000012030     0x2000 
                0x0000000000014030                . = ALIGN (0x10)
                0x0000000000014030                _stack = .
                0x0000000000014030                __stack = _stack
                0x0000000000014030                . = ALIGN (0x10)
                0x0000000000014030                _irq_stack_end = .
                0x0000000000014430                . = (. + _IRQ_STACK_SIZE)
 *fill*         0x0000000000014030      0x400 
                0x0000000000014430                . = ALIGN (0x10)
                0x0000000000014430                __irq_stack = .
                0x0000000000014430                _supervisor_stack_end = .
                0x0000000000014c30                . = (. + _SUPERVISOR_STACK_SIZE)
 *fill*         0x0000000000014430      0x800 
                0x0000000000014c30                . = ALIGN (0x10)
                0x0000000000014c30                __supervisor_stack = .
                0x0000000000014c30                _abort_stack_end = .
                0x0000000000015030                . = (. + _ABORT_STACK_SIZE)
 *fill*         0x0000000000014c30      0x400 
                0x0000000000015030                . = ALIGN (0x10)
                0x0000000000015030                __abort_stack = .
                0x0000000000015030                _fiq_stack_end = .
                0x0000000000015430                . = (. + _FIQ_STACK_SIZE)
 *fill*         0x0000000000015030      0x400 
                0x0000000000015430                . = ALIGN (0x10)
                0x0000000000015430                __fiq_stack = .
                0x0000000000015430                _undef_stack_end = .
                0x0000000000015830                . = (. + _UNDEF_STACK_SIZE)
 *fill*         0x0000000000015430      0x400 
                0x0000000000015830                . = ALIGN (0x10)
                0x0000000000015830                __undef_stack = .
                0x0000000000015830                _end = .
LOAD ./src/ir_driver.o
LOAD ./src/p7_app_service.o
LOAD ./src/p7_runtime_main.o
LOAD ./src/rf_app_protocol.o
LOAD ./src/rf_transport_backend.o
START GROUP
LOAD C:/Users/user/Documents/RF_COMM_MULTILANE/build/p7_ps_vitis_workspace/p7_platform/export/p7_platform/sw/p7_platform/standalone_domain/bsplib/lib\libxil.a
LOAD D:/Xilinx/Vitis/2023.1/gnu/aarch32/nt/gcc-arm-none-eabi/bin//../aarch32-xilinx-eabi/usr/lib/thumb/v7-a+fp/hard\libgcc.a
LOAD D:/Xilinx/Vitis/2023.1/gnu/aarch32/nt/gcc-arm-none-eabi/bin//../aarch32-xilinx-eabi/usr/lib/thumb/v7-a+fp/hard\libc.a
END GROUP
START GROUP
LOAD D:/Xilinx/Vitis/2023.1/gnu/aarch32/nt/gcc-arm-none-eabi/bin//../aarch32-xilinx-eabi/usr/lib/thumb/v7-a+fp/hard\libgcc.a
LOAD D:/Xilinx/Vitis/2023.1/gnu/aarch32/nt/gcc-arm-none-eabi/bin//../aarch32-xilinx-eabi/usr/lib/thumb/v7-a+fp/hard\libc.a
END GROUP
LOAD D:/Xilinx/Vitis/2023.1/gnu/aarch32/nt/gcc-arm-none-eabi/bin//../aarch32-xilinx-eabi/usr/lib/thumb/v7-a+fp/hard/crtend.o
LOAD D:/Xilinx/Vitis/2023.1/gnu/aarch32/nt/gcc-arm-none-eabi/bin//../aarch32-xilinx-eabi/usr/lib/thumb/v7-a+fp/hard/crtn.o
OUTPUT(p7_runtime.elf elf32-littlearm)
LOAD linker stubs

.comment        0x0000000000000000       0x12
 .comment       0x0000000000000000       0x12 D:/Xilinx/Vitis/2023.1/gnu/aarch32/nt/gcc-arm-none-eabi/bin//../aarch32-xilinx-eabi/usr/lib/thumb/v7-a+fp/hard/crtbegin.o
                                         0x13 (size before relaxing)
 .comment       0x0000000000000012       0x13 ./src/ir_driver.o
 .comment       0x0000000000000012       0x13 ./src/p7_app_service.o
 .comment       0x0000000000000012       0x13 ./src/p7_runtime_main.o
 .comment       0x0000000000000012       0x13 ./src/rf_app_protocol.o
 .comment       0x0000000000000012       0x13 ./src/rf_transport_backend.o
 .comment       0x0000000000000012       0x13 C:/Users/user/Documents/RF_COMM_MULTILANE/build/p7_ps_vitis_workspace/p7_platform/export/p7_platform/sw/p7_platform/standalone_domain/bsplib/lib\libxil.a(vectors.o)
 .comment       0x0000000000000012       0x13 C:/Users/user/Documents/RF_COMM_MULTILANE/build/p7_ps_vitis_workspace/p7_platform/export/p7_platform/sw/p7_platform/standalone_domain/bsplib/lib\libxil.a(xil_cache.o)
 .comment       0x0000000000000012       0x13 C:/Users/user/Documents/RF_COMM_MULTILANE/build/p7_ps_vitis_workspace/p7_platform/export/p7_platform/sw/p7_platform/standalone_domain/bsplib/lib\libxil.a(xil_exception.o)
 .comment       0x0000000000000012       0x13 C:/Users/user/Documents/RF_COMM_MULTILANE/build/p7_ps_vitis_workspace/p7_platform/export/p7_platform/sw/p7_platform/standalone_domain/bsplib/lib\libxil.a(xtime_l.o)
 .comment       0x0000000000000012       0x13 C:/Users/user/Documents/RF_COMM_MULTILANE/build/p7_ps_vitis_workspace/p7_platform/export/p7_platform/sw/p7_platform/standalone_domain/bsplib/lib\libxil.a(_exit.o)
 .comment       0x0000000000000012       0x13 D:/Xilinx/Vitis/2023.1/gnu/aarch32/nt/gcc-arm-none-eabi/bin//../aarch32-xilinx-eabi/usr/lib/thumb/v7-a+fp/hard/crtend.o

.debug_info     0x0000000000000000     0x91a1
 .debug_info    0x0000000000000000      0xdb3 ./src/ir_driver.o
 .debug_info    0x0000000000000db3     0x33f6 ./src/p7_app_service.o
 .debug_info    0x00000000000041a9      0x7f6 ./src/p7_runtime_main.o
 .debug_info    0x000000000000499f      0x66e ./src/rf_app_protocol.o
 .debug_info    0x000000000000500d      0x668 ./src/rf_transport_backend.o
 .debug_info    0x0000000000005675       0x25 C:/Users/user/Documents/RF_COMM_MULTILANE/build/p7_ps_vitis_workspace/p7_platform/export/p7_platform/sw/p7_platform/standalone_domain/bsplib/lib\libxil.a(boot.o)
 .debug_info    0x000000000000569a      0x13d C:/Users/user/Documents/RF_COMM_MULTILANE/build/p7_ps_vitis_workspace/p7_platform/export/p7_platform/sw/p7_platform/standalone_domain/bsplib/lib\libxil.a(vectors.o)
 .debug_info    0x00000000000057d7       0x24 C:/Users/user/Documents/RF_COMM_MULTILANE/build/p7_ps_vitis_workspace/p7_platform/export/p7_platform/sw/p7_platform/standalone_domain/bsplib/lib\libxil.a(xil-crt0.o)
 .debug_info    0x00000000000057fb     0x329e C:/Users/user/Documents/RF_COMM_MULTILANE/build/p7_ps_vitis_workspace/p7_platform/export/p7_platform/sw/p7_platform/standalone_domain/bsplib/lib\libxil.a(xil_cache.o)
 .debug_info    0x0000000000008a99      0x314 C:/Users/user/Documents/RF_COMM_MULTILANE/build/p7_ps_vitis_workspace/p7_platform/export/p7_platform/sw/p7_platform/standalone_domain/bsplib/lib\libxil.a(xil_exception.o)
 .debug_info    0x0000000000008dad      0x322 C:/Users/user/Documents/RF_COMM_MULTILANE/build/p7_ps_vitis_workspace/p7_platform/export/p7_platform/sw/p7_platform/standalone_domain/bsplib/lib\libxil.a(xtime_l.o)
 .debug_info    0x00000000000090cf       0x24 C:/Users/user/Documents/RF_COMM_MULTILANE/build/p7_ps_vitis_workspace/p7_platform/export/p7_platform/sw/p7_platform/standalone_domain/bsplib/lib\libxil.a(cpu_init.o)
 .debug_info    0x00000000000090f3       0xae C:/Users/user/Documents/RF_COMM_MULTILANE/build/p7_ps_vitis_workspace/p7_platform/export/p7_platform/sw/p7_platform/standalone_domain/bsplib/lib\libxil.a(_exit.o)

.debug_abbrev   0x0000000000000000     0x12c7
 .debug_abbrev  0x0000000000000000      0x1ef ./src/ir_driver.o
 .debug_abbrev  0x00000000000001ef      0x3e5 ./src/p7_app_service.o
 .debug_abbrev  0x00000000000005d4      0x1e4 ./src/p7_runtime_main.o
 .debug_abbrev  0x00000000000007b8      0x1d8 ./src/rf_app_protocol.o
 .debug_abbrev  0x0000000000000990      0x10d ./src/rf_transport_backend.o
 .debug_abbrev  0x0000000000000a9d       0x14 C:/Users/user/Documents/RF_COMM_MULTILANE/build/p7_ps_vitis_workspace/p7_platform/export/p7_platform/sw/p7_platform/standalone_domain/bsplib/lib\libxil.a(boot.o)
 .debug_abbrev  0x0000000000000ab1       0xb5 C:/Users/user/Documents/RF_COMM_MULTILANE/build/p7_ps_vitis_workspace/p7_platform/export/p7_platform/sw/p7_platform/standalone_domain/bsplib/lib\libxil.a(vectors.o)
 .debug_abbrev  0x0000000000000b66       0x14 C:/Users/user/Documents/RF_COMM_MULTILANE/build/p7_ps_vitis_workspace/p7_platform/export/p7_platform/sw/p7_platform/standalone_domain/bsplib/lib\libxil.a(xil-crt0.o)
 .debug_abbrev  0x0000000000000b7a      0x386 C:/Users/user/Documents/RF_COMM_MULTILANE/build/p7_ps_vitis_workspace/p7_platform/export/p7_platform/sw/p7_platform/standalone_domain/bsplib/lib\libxil.a(xil_cache.o)
 .debug_abbrev  0x0000000000000f00      0x1ed C:/Users/user/Documents/RF_COMM_MULTILANE/build/p7_ps_vitis_workspace/p7_platform/export/p7_platform/sw/p7_platform/standalone_domain/bsplib/lib\libxil.a(xil_exception.o)
 .debug_abbrev  0x00000000000010ed      0x15d C:/Users/user/Documents/RF_COMM_MULTILANE/build/p7_ps_vitis_workspace/p7_platform/export/p7_platform/sw/p7_platform/standalone_domain/bsplib/lib\libxil.a(xtime_l.o)
 .debug_abbrev  0x000000000000124a       0x14 C:/Users/user/Documents/RF_COMM_MULTILANE/build/p7_ps_vitis_workspace/p7_platform/export/p7_platform/sw/p7_platform/standalone_domain/bsplib/lib\libxil.a(cpu_init.o)
 .debug_abbrev  0x000000000000125e       0x69 C:/Users/user/Documents/RF_COMM_MULTILANE/build/p7_ps_vitis_workspace/p7_platform/export/p7_platform/sw/p7_platform/standalone_domain/bsplib/lib\libxil.a(_exit.o)

.debug_aranges  0x0000000000000000      0x1a0
 .debug_aranges
                0x0000000000000000       0x20 ./src/ir_driver.o
 .debug_aranges
                0x0000000000000020       0x20 ./src/p7_app_service.o
 .debug_aranges
                0x0000000000000040       0x20 ./src/p7_runtime_main.o
 .debug_aranges
                0x0000000000000060       0x20 ./src/rf_app_protocol.o
 .debug_aranges
                0x0000000000000080       0x20 ./src/rf_transport_backend.o
 .debug_aranges
                0x00000000000000a0       0x20 C:/Users/user/Documents/RF_COMM_MULTILANE/build/p7_ps_vitis_workspace/p7_platform/export/p7_platform/sw/p7_platform/standalone_domain/bsplib/lib\libxil.a(boot.o)
 .debug_aranges
                0x00000000000000c0       0x20 C:/Users/user/Documents/RF_COMM_MULTILANE/build/p7_ps_vitis_workspace/p7_platform/export/p7_platform/sw/p7_platform/standalone_domain/bsplib/lib\libxil.a(vectors.o)
 .debug_aranges
                0x00000000000000e0       0x20 C:/Users/user/Documents/RF_COMM_MULTILANE/build/p7_ps_vitis_workspace/p7_platform/export/p7_platform/sw/p7_platform/standalone_domain/bsplib/lib\libxil.a(xil-crt0.o)
 .debug_aranges
                0x0000000000000100       0x20 C:/Users/user/Documents/RF_COMM_MULTILANE/build/p7_ps_vitis_workspace/p7_platform/export/p7_platform/sw/p7_platform/standalone_domain/bsplib/lib\libxil.a(xil_cache.o)
 .debug_aranges
                0x0000000000000120       0x20 C:/Users/user/Documents/RF_COMM_MULTILANE/build/p7_ps_vitis_workspace/p7_platform/export/p7_platform/sw/p7_platform/standalone_domain/bsplib/lib\libxil.a(xil_exception.o)
 .debug_aranges
                0x0000000000000140       0x20 C:/Users/user/Documents/RF_COMM_MULTILANE/build/p7_ps_vitis_workspace/p7_platform/export/p7_platform/sw/p7_platform/standalone_domain/bsplib/lib\libxil.a(xtime_l.o)
 .debug_aranges
                0x0000000000000160       0x20 C:/Users/user/Documents/RF_COMM_MULTILANE/build/p7_ps_vitis_workspace/p7_platform/export/p7_platform/sw/p7_platform/standalone_domain/bsplib/lib\libxil.a(cpu_init.o)
 .debug_aranges
                0x0000000000000180       0x20 C:/Users/user/Documents/RF_COMM_MULTILANE/build/p7_ps_vitis_workspace/p7_platform/export/p7_platform/sw/p7_platform/standalone_domain/bsplib/lib\libxil.a(_exit.o)

.debug_macro    0x0000000000000000     0x36e4
 .debug_macro   0x0000000000000000       0x70 ./src/ir_driver.o
 .debug_macro   0x0000000000000070      0xaa2 ./src/ir_driver.o
 .debug_macro   0x0000000000000b12       0x22 ./src/ir_driver.o
 .debug_macro   0x0000000000000b34       0x8e ./src/ir_driver.o
 .debug_macro   0x0000000000000bc2       0x51 ./src/ir_driver.o
 .debug_macro   0x0000000000000c13      0x103 ./src/ir_driver.o
 .debug_macro   0x0000000000000d16       0x6a ./src/ir_driver.o
 .debug_macro   0x0000000000000d80      0x1df ./src/ir_driver.o
 .debug_macro   0x0000000000000f5f      0x172 ./src/ir_driver.o
 .debug_macro   0x00000000000010d1      0x23f ./src/p7_app_service.o
 .debug_macro   0x0000000000001310      0x189 ./src/p7_app_service.o
 .debug_macro   0x0000000000001499       0x76 ./src/p7_app_service.o
 .debug_macro   0x000000000000150f       0x10 ./src/p7_app_service.o
 .debug_macro   0x000000000000151f       0xfa ./src/p7_app_service.o
 .debug_macro   0x0000000000001619       0x1c ./src/p7_app_service.o
 .debug_macro   0x0000000000001635      0x5ae ./src/p7_app_service.o
 .debug_macro   0x0000000000001be3      0x27c ./src/p7_app_service.o
 .debug_macro   0x0000000000001e5f       0x51 ./src/p7_app_service.o
 .debug_macro   0x0000000000001eb0       0x22 ./src/p7_app_service.o
 .debug_macro   0x0000000000001ed2       0x64 ./src/p7_app_service.o
 .debug_macro   0x0000000000001f36       0x1d ./src/p7_app_service.o
 .debug_macro   0x0000000000001f53       0x3c ./src/p7_app_service.o
 .debug_macro   0x0000000000001f8f       0x34 ./src/p7_app_service.o
 .debug_macro   0x0000000000001fc3      0x341 ./src/p7_app_service.o
 .debug_macro   0x0000000000002304      0x119 ./src/p7_app_service.o
 .debug_macro   0x000000000000241d       0x16 ./src/p7_app_service.o
 .debug_macro   0x0000000000002433       0x43 ./src/p7_app_service.o
 .debug_macro   0x0000000000002476       0x34 ./src/p7_app_service.o
 .debug_macro   0x00000000000024aa       0x10 ./src/p7_app_service.o
 .debug_macro   0x00000000000024ba       0x52 ./src/p7_app_service.o
 .debug_macro   0x000000000000250c      0x182 ./src/p7_app_service.o
 .debug_macro   0x000000000000268e       0x10 ./src/p7_app_service.o
 .debug_macro   0x000000000000269e       0x35 ./src/p7_app_service.o
 .debug_macro   0x00000000000026d3       0x58 ./src/p7_app_service.o
 .debug_macro   0x000000000000272b       0x16 ./src/p7_app_service.o
 .debug_macro   0x0000000000002741       0x36 ./src/p7_app_service.o
 .debug_macro   0x0000000000002777      0x414 ./src/p7_app_service.o
 .debug_macro   0x0000000000002b8b      0x686 ./src/p7_app_service.o
 .debug_macro   0x0000000000003211       0x9b ./src/p7_app_service.o
 .debug_macro   0x00000000000032ac       0x54 ./src/p7_app_service.o
 .debug_macro   0x0000000000003300       0x28 ./src/p7_app_service.o
 .debug_macro   0x0000000000003328      0x20c ./src/p7_runtime_main.o
 .debug_macro   0x0000000000003534      0x135 ./src/rf_app_protocol.o
 .debug_macro   0x0000000000003669       0x7b ./src/rf_transport_backend.o

.debug_line     0x0000000000000000     0x62b1
 .debug_line    0x0000000000000000      0xd4f ./src/ir_driver.o
 .debug_line    0x0000000000000d4f     0x23d6 ./src/p7_app_service.o
 .debug_line    0x0000000000003125      0x517 ./src/p7_runtime_main.o
 .debug_line    0x000000000000363c      0x6eb ./src/rf_app_protocol.o
 .debug_line    0x0000000000003d27      0x44f ./src/rf_transport_backend.o
 .debug_line    0x0000000000004176      0x145 C:/Users/user/Documents/RF_COMM_MULTILANE/build/p7_ps_vitis_workspace/p7_platform/export/p7_platform/sw/p7_platform/standalone_domain/bsplib/lib\libxil.a(boot.o)
 .debug_line    0x00000000000042bb       0x79 C:/Users/user/Documents/RF_COMM_MULTILANE/build/p7_ps_vitis_workspace/p7_platform/export/p7_platform/sw/p7_platform/standalone_domain/bsplib/lib\libxil.a(vectors.o)
 .debug_line    0x0000000000004334       0x61 C:/Users/user/Documents/RF_COMM_MULTILANE/build/p7_ps_vitis_workspace/p7_platform/export/p7_platform/sw/p7_platform/standalone_domain/bsplib/lib\libxil.a(xil-crt0.o)
 .debug_line    0x0000000000004395     0x1973 C:/Users/user/Documents/RF_COMM_MULTILANE/build/p7_ps_vitis_workspace/p7_platform/export/p7_platform/sw/p7_platform/standalone_domain/bsplib/lib\libxil.a(xil_cache.o)
 .debug_line    0x0000000000005d08      0x22e C:/Users/user/Documents/RF_COMM_MULTILANE/build/p7_ps_vitis_workspace/p7_platform/export/p7_platform/sw/p7_platform/standalone_domain/bsplib/lib\libxil.a(xil_exception.o)
 .debug_line    0x0000000000005f36      0x25e C:/Users/user/Documents/RF_COMM_MULTILANE/build/p7_ps_vitis_workspace/p7_platform/export/p7_platform/sw/p7_platform/standalone_domain/bsplib/lib\libxil.a(xtime_l.o)
 .debug_line    0x0000000000006194       0x53 C:/Users/user/Documents/RF_COMM_MULTILANE/build/p7_ps_vitis_workspace/p7_platform/export/p7_platform/sw/p7_platform/standalone_domain/bsplib/lib\libxil.a(cpu_init.o)
 .debug_line    0x00000000000061e7       0xca C:/Users/user/Documents/RF_COMM_MULTILANE/build/p7_ps_vitis_workspace/p7_platform/export/p7_platform/sw/p7_platform/standalone_domain/bsplib/lib\libxil.a(_exit.o)

.debug_str      0x0000000000000000    0x11e8c
 .debug_str     0x0000000000000000     0x4ae2 ./src/ir_driver.o
                                       0x4d42 (size before relaxing)
 .debug_str     0x0000000000004ae2     0xca24 ./src/p7_app_service.o
                                      0x10d7a (size before relaxing)
 .debug_str     0x0000000000011506       0x90 ./src/p7_runtime_main.o
                                       0xedd2 (size before relaxing)
 .debug_str     0x0000000000011596      0x12f ./src/rf_app_protocol.o
                                       0x6f31 (size before relaxing)
 .debug_str     0x00000000000116c5       0x37 ./src/rf_transport_backend.o
                                       0x4565 (size before relaxing)
 .debug_str     0x00000000000116fc       0xb6 C:/Users/user/Documents/RF_COMM_MULTILANE/build/p7_ps_vitis_workspace/p7_platform/export/p7_platform/sw/p7_platform/standalone_domain/bsplib/lib\libxil.a(boot.o)
 .debug_str     0x00000000000117b2      0x136 C:/Users/user/Documents/RF_COMM_MULTILANE/build/p7_ps_vitis_workspace/p7_platform/export/p7_platform/sw/p7_platform/standalone_domain/bsplib/lib\libxil.a(vectors.o)
                                        0x274 (size before relaxing)
 .debug_str     0x00000000000118e8        0xb C:/Users/user/Documents/RF_COMM_MULTILANE/build/p7_ps_vitis_workspace/p7_platform/export/p7_platform/sw/p7_platform/standalone_domain/bsplib/lib\libxil.a(xil-crt0.o)
                                         0xba (size before relaxing)
 .debug_str     0x00000000000118f3      0x41d C:/Users/user/Documents/RF_COMM_MULTILANE/build/p7_ps_vitis_workspace/p7_platform/export/p7_platform/sw/p7_platform/standalone_domain/bsplib/lib\libxil.a(xil_cache.o)
                                        0x6ab (size before relaxing)
 .debug_str     0x0000000000011d10      0x137 C:/Users/user/Documents/RF_COMM_MULTILANE/build/p7_ps_vitis_workspace/p7_platform/export/p7_platform/sw/p7_platform/standalone_domain/bsplib/lib\libxil.a(xil_exception.o)
                                        0x352 (size before relaxing)
 .debug_str     0x0000000000011e47       0x25 C:/Users/user/Documents/RF_COMM_MULTILANE/build/p7_ps_vitis_workspace/p7_platform/export/p7_platform/sw/p7_platform/standalone_domain/bsplib/lib\libxil.a(xtime_l.o)
                                        0x26a (size before relaxing)
 .debug_str     0x0000000000011e6c        0xb C:/Users/user/Documents/RF_COMM_MULTILANE/build/p7_ps_vitis_workspace/p7_platform/export/p7_platform/sw/p7_platform/standalone_domain/bsplib/lib\libxil.a(cpu_init.o)
                                         0xba (size before relaxing)
 .debug_str     0x0000000000011e77       0x15 C:/Users/user/Documents/RF_COMM_MULTILANE/build/p7_ps_vitis_workspace/p7_platform/export/p7_platform/sw/p7_platform/standalone_domain/bsplib/lib\libxil.a(_exit.o)
                                        0x1da (size before relaxing)

.debug_frame    0x0000000000000000     0x1380
 .debug_frame   0x0000000000000000      0x360 ./src/ir_driver.o
 .debug_frame   0x0000000000000360      0x868 ./src/p7_app_service.o
 .debug_frame   0x0000000000000bc8       0xb0 ./src/p7_runtime_main.o
 .debug_frame   0x0000000000000c78      0x1a0 ./src/rf_app_protocol.o
 .debug_frame   0x0000000000000e18      0x13c ./src/rf_transport_backend.o
 .debug_frame   0x0000000000000f54       0x70 C:/Users/user/Documents/RF_COMM_MULTILANE/build/p7_ps_vitis_workspace/p7_platform/export/p7_platform/sw/p7_platform/standalone_domain/bsplib/lib\libxil.a(vectors.o)
 .debug_frame   0x0000000000000fc4      0x2dc C:/Users/user/Documents/RF_COMM_MULTILANE/build/p7_ps_vitis_workspace/p7_platform/export/p7_platform/sw/p7_platform/standalone_domain/bsplib/lib\libxil.a(xil_cache.o)
 .debug_frame   0x00000000000012a0       0x90 C:/Users/user/Documents/RF_COMM_MULTILANE/build/p7_ps_vitis_workspace/p7_platform/export/p7_platform/sw/p7_platform/standalone_domain/bsplib/lib\libxil.a(xil_exception.o)
 .debug_frame   0x0000000000001330       0x30 C:/Users/user/Documents/RF_COMM_MULTILANE/build/p7_ps_vitis_workspace/p7_platform/export/p7_platform/sw/p7_platform/standalone_domain/bsplib/lib\libxil.a(xtime_l.o)
 .debug_frame   0x0000000000001360       0x20 C:/Users/user/Documents/RF_COMM_MULTILANE/build/p7_ps_vitis_workspace/p7_platform/export/p7_platform/sw/p7_platform/standalone_domain/bsplib/lib\libxil.a(_exit.o)

.debug_rnglists
                0x0000000000000000      0x2a5
 .debug_rnglists
                0x0000000000000000       0x1b ./src/p7_app_service.o
 .debug_rnglists
                0x000000000000001b      0x269 C:/Users/user/Documents/RF_COMM_MULTILANE/build/p7_ps_vitis_workspace/p7_platform/export/p7_platform/sw/p7_platform/standalone_domain/bsplib/lib\libxil.a(xil_cache.o)
 .debug_rnglists
                0x0000000000000284       0x21 C:/Users/user/Documents/RF_COMM_MULTILANE/build/p7_ps_vitis_workspace/p7_platform/export/p7_platform/sw/p7_platform/standalone_domain/bsplib/lib\libxil.a(xtime_l.o)

.debug_line_str
                0x0000000000000000       0xbe
 .debug_line_str
                0x0000000000000000       0xa8 C:/Users/user/Documents/RF_COMM_MULTILANE/build/p7_ps_vitis_workspace/p7_platform/export/p7_platform/sw/p7_platform/standalone_domain/bsplib/lib\libxil.a(boot.o)
 .debug_line_str
                0x00000000000000a8        0xb C:/Users/user/Documents/RF_COMM_MULTILANE/build/p7_ps_vitis_workspace/p7_platform/export/p7_platform/sw/p7_platform/standalone_domain/bsplib/lib\libxil.a(xil-crt0.o)
                                         0xac (size before relaxing)
 .debug_line_str
                0x00000000000000b3        0xb C:/Users/user/Documents/RF_COMM_MULTILANE/build/p7_ps_vitis_workspace/p7_platform/export/p7_platform/sw/p7_platform/standalone_domain/bsplib/lib\libxil.a(cpu_init.o)
                                         0xac (size before relaxing)

.debug_loclists
                0x0000000000000000     0x1d80
 .debug_loclists
                0x0000000000000000     0x1c55 C:/Users/user/Documents/RF_COMM_MULTILANE/build/p7_ps_vitis_workspace/p7_platform/export/p7_platform/sw/p7_platform/standalone_domain/bsplib/lib\libxil.a(xil_cache.o)
 .debug_loclists
                0x0000000000001c55       0x4a C:/Users/user/Documents/RF_COMM_MULTILANE/build/p7_ps_vitis_workspace/p7_platform/export/p7_platform/sw/p7_platform/standalone_domain/bsplib/lib\libxil.a(xil_exception.o)
 .debug_loclists
                0x0000000000001c9f       0xcd C:/Users/user/Documents/RF_COMM_MULTILANE/build/p7_ps_vitis_workspace/p7_platform/export/p7_platform/sw/p7_platform/standalone_domain/bsplib/lib\libxil.a(xtime_l.o)
 .debug_loclists
                0x0000000000001d6c       0x14 C:/Users/user/Documents/RF_COMM_MULTILANE/build/p7_ps_vitis_workspace/p7_platform/export/p7_platform/sw/p7_platform/standalone_domain/bsplib/lib\libxil.a(_exit.o)
