Vivado Simulator v2023.1
Copyright 1986-2022 Xilinx, Inc. All Rights Reserved.
Copyright 2022-2023 Advanced Micro Devices, Inc. All Rights Reserved.
Running: D:/Xilinx/Vivado/2023.1/bin/unwrapped/win64.o/xelab.exe p10_axi_dma_endpoint_peripheral_bd -s p10_led_full_rtl_snapshot 
Multi-threading is on. Using 26 slave threads.
Starting static elaboration
Pass Through NonSizing Optimizer
Completed static elaboration
Starting simulation data flow analysis
Completed simulation data flow analysis
Time Resolution for simulation is 1ps
Compiling package work.ir_seq_math_pkg
Compiling module work.p6_axi_lite_bridge
Compiling module work.p10_1_timer_snapshot
Compiling module work.p10_1_event_fifo(DEPTH=32'b01000...
Compiling module work.p10_1_perf_monitor
Compiling module work.ir_selective_repeat_tx(SACK_BITS...
Compiling module work.ir_health_weighted_scheduler(LAN...
Compiling module work.ir_selective_repeat_rx(WINDOW_SI...
Compiling module work.ir_ack_aggregator(SACK_BITS=32)
Compiling module work.ir_data_plane_top(LANE_COUNT=2,W...
Compiling module work.p9_4ppm_frame_tx
Compiling module work.ir_tfdu_exact_duty_accountant_de...
Compiling module work.ir_tfdu_physical_module_safety_d...
Compiling module work.tfdu_lane_phy(CLEAR_STICKY_INVAL...
Compiling module work.ir_4ppm_codec(CNT_CHIP_MAX=31,DE...
Compiling module work.ir_4ppm_codec(CNT_CHIP_MAX=15,DE...
Compiling module work.ir_4ppm_codec(DETECT_START_CYCLE...
Compiling module work.p9_rate_4ppm_rx
Compiling module work.p9_4ppm_frame_rx
Compiling module work.p9_optical_transport_core(DEPLOY...
Compiling module work.p9_axi_dma_peripheral(DEPLOYMENT...
Compiling module work.p10_lane_activity_leds_default
Compiling module work.p10_axi_dma_endpoint_peripheral_...
Built simulation snapshot p10_led_full_rtl_snapshot
