#-----------------------------------------------------------
# xsim v2023.1 (64-bit)
# SW Build 3865809 on Sun May  7 15:05:29 MDT 2023
# IP Build 3864474 on Sun May  7 20:36:21 MDT 2023
# SharedData Build 3865790 on Sun May 07 13:33:03 MDT 2023
# Start of session at: Mon Aug 10 12:02:11 2026
# Process ID: 48588
# Current directory: C:/Users/user/Documents/RF_COMM_MULTILANE_P10_5/evidence/generated/p10_5_xsim/raw/20260810T034810.938375Z/tb_p10_5_dual_direction_faults_work
# Command line: xsim.exe -mode tcl -source {xsim.dir/tb_p10_5_dual_direction_faults_snapshot/xsim_script.tcl}
# Log file: C:/Users/user/Documents/RF_COMM_MULTILANE_P10_5/evidence/generated/p10_5_xsim/raw/20260810T034810.938375Z/tb_p10_5_dual_direction_faults_work/xsim.log
# Journal file: C:/Users/user/Documents/RF_COMM_MULTILANE_P10_5/evidence/generated/p10_5_xsim/raw/20260810T034810.938375Z/tb_p10_5_dual_direction_faults_work\xsim.jou
# Running On: DESKTOP-PU0AECA, OS: Windows, CPU Frequency: 3418 MHz, CPU Physical cores: 20, Host memory: 34187 MB
#-----------------------------------------------------------
source xsim.dir/tb_p10_5_dual_direction_faults_snapshot/xsim_script.tcl
# xsim {tb_p10_5_dual_direction_faults_snapshot} -autoloadwcfg -runall
Time resolution is 1 ps
run -all
P10_5_WAIT watchdog=50000 active=1/1 complete=1/0/1/0 bytes=8500/7904/8500/7904 outstanding=3/3 phase=0/0 piggy=17/17 fallback=1/1
P10_5_FIXED_SCHED attempt=0 lane=1 ready=0001 sched=0011 duty_empty=1100 schedule=1111 busy=0000 pending=0000 kill=0 armed=1 phy=00001111 faults=00000000
P10_5_FIXED_DP txvalid=0 inflight=0 req=0/1 decision=0/1/0 live=0 credit=32 reset=0 abort=0 state=1001010001000100
P10_5_FIXED_RX admission=1111 raw=0/0/18993/19500 preamble=0/0/19/18 good=35 bad=0 crc=0 symbol=0 pulses=0000
P10_5_ROT_SCHED attempt=0 lane=3 ready=0100 sched=1100 duty_empty=0011 schedule=1111 busy=0000 pending=0000 kill=0 armed=1 phy=11110000 faults=00000000
P10_5_ROT_DP txvalid=0 inflight=0 req=0/1 decision=0/1/0 live=0 credit=32 reset=0 abort=0 state=1001010001000100
P10_5_ROT_RX admission=1111 raw=19016/19483/0/0 preamble=19/18/0/0 good=35 bad=0 crc=0 symbol=0 pulses=0000
P10_5_WAIT watchdog=100000 active=1/1 complete=1/0/1/0 bytes=8500/7904/8500/7904 outstanding=3/3 phase=0/0 piggy=17/17 fallback=1/1
P10_5_FIXED_SCHED attempt=0 lane=1 ready=0011 sched=0011 duty_empty=1101 schedule=1111 busy=0000 pending=0000 kill=0 armed=1 phy=00001111 faults=00000000
P10_5_FIXED_DP txvalid=0 inflight=0 req=0/1 decision=0/1/0 live=1 credit=32 reset=0 abort=0 state=1001010001000100
P10_5_FIXED_RX admission=1111 raw=0/0/18993/19500 preamble=0/0/19/18 good=35 bad=0 crc=0 symbol=0 pulses=0000
P10_5_ROT_SCHED attempt=0 lane=3 ready=1100 sched=1100 duty_empty=0111 schedule=1111 busy=0000 pending=0000 kill=0 armed=1 phy=11110000 faults=00000000
P10_5_ROT_DP txvalid=0 inflight=0 req=0/1 decision=0/1/0 live=1 credit=32 reset=0 abort=0 state=1001010001000100
P10_5_ROT_RX admission=1111 raw=19016/19483/0/0 preamble=19/18/0/0 good=35 bad=0 crc=0 symbol=0 pulses=0000
P10_5_WAIT watchdog=150000 active=1/1 complete=1/0/1/0 bytes=8500/7904/8500/7904 outstanding=2/2 phase=0/0 piggy=17/17 fallback=2/2
P10_5_FIXED_SCHED attempt=0 lane=1 ready=0011 sched=0011 duty_empty=1110 schedule=1111 busy=0000 pending=0000 kill=0 armed=1 phy=00001111 faults=00000000
P10_5_FIXED_DP txvalid=0 inflight=0 req=0/1 decision=0/1/0 live=1 credit=31 reset=0 abort=0 state=1001100101000100
P10_5_FIXED_RX admission=1111 raw=0/0/19095/19500 preamble=0/0/20/18 good=35 bad=0 crc=0 symbol=0 pulses=0000
P10_5_ROT_SCHED attempt=0 lane=3 ready=1100 sched=1100 duty_empty=1011 schedule=1111 busy=0000 pending=0000 kill=0 armed=1 phy=11110000 faults=00000000
P10_5_ROT_DP txvalid=0 inflight=0 req=0/1 decision=0/1/0 live=1 credit=31 reset=0 abort=0 state=1001100101000100
P10_5_ROT_RX admission=1111 raw=19118/19483/0/0 preamble=20/18/0/0 good=35 bad=0 crc=0 symbol=0 pulses=0000
P10_5_WAIT watchdog=200000 active=1/1 complete=1/0/1/0 bytes=8500/7904/8500/7904 outstanding=2/2 phase=0/0 piggy=17/17 fallback=2/2
P10_5_FIXED_SCHED attempt=0 lane=1 ready=0011 sched=0011 duty_empty=1111 schedule=1111 busy=0000 pending=0000 kill=0 armed=1 phy=00001111 faults=00000000
P10_5_FIXED_DP txvalid=0 inflight=0 req=0/1 decision=0/1/0 live=1 credit=31 reset=0 abort=0 state=1001100101000100
P10_5_FIXED_RX admission=1111 raw=0/0/19095/19500 preamble=0/0/20/18 good=35 bad=0 crc=0 symbol=0 pulses=0000
P10_5_ROT_SCHED attempt=0 lane=3 ready=1100 sched=1100 duty_empty=1111 schedule=1111 busy=0000 pending=0000 kill=0 armed=1 phy=11110000 faults=00000000
P10_5_ROT_DP txvalid=0 inflight=0 req=0/1 decision=0/1/0 live=1 credit=31 reset=0 abort=0 state=1001100101000100
P10_5_ROT_RX admission=1111 raw=19118/19483/0/0 preamble=20/18/0/0 good=35 bad=0 crc=0 symbol=0 pulses=0000
P10_5_WAIT watchdog=250000 active=1/1 complete=1/0/1/0 bytes=8500/7904/8500/7904 outstanding=2/2 phase=0/0 piggy=17/17 fallback=2/2
P10_5_FIXED_SCHED attempt=0 lane=1 ready=0011 sched=0011 duty_empty=1111 schedule=1111 busy=0000 pending=0000 kill=0 armed=1 phy=00001111 faults=00000000
P10_5_FIXED_DP txvalid=0 inflight=0 req=0/1 decision=0/1/0 live=1 credit=31 reset=0 abort=0 state=1001100101000100
P10_5_FIXED_RX admission=1111 raw=0/0/19095/19500 preamble=0/0/20/18 good=35 bad=0 crc=0 symbol=0 pulses=0000
P10_5_ROT_SCHED attempt=0 lane=3 ready=1100 sched=1100 duty_empty=1111 schedule=1111 busy=0000 pending=0000 kill=0 armed=1 phy=11110000 faults=00000000
P10_5_ROT_DP txvalid=0 inflight=0 req=0/1 decision=0/1/0 live=1 credit=31 reset=0 abort=0 state=1001100101000100
P10_5_ROT_RX admission=1111 raw=19118/19483/0/0 preamble=20/18/0/0 good=35 bad=0 crc=0 symbol=0 pulses=0000
P10_5_WAIT watchdog=300000 active=1/1 complete=1/0/1/0 bytes=8500/7904/8500/7904 outstanding=2/2 phase=0/0 piggy=17/17 fallback=2/2
P10_5_FIXED_SCHED attempt=0 lane=1 ready=0011 sched=0011 duty_empty=1111 schedule=1111 busy=0000 pending=0000 kill=0 armed=1 phy=00001111 faults=00000000
P10_5_FIXED_DP txvalid=0 inflight=0 req=0/1 decision=0/1/0 live=1 credit=31 reset=0 abort=0 state=1001100101000100
P10_5_FIXED_RX admission=1111 raw=0/0/19095/19500 preamble=0/0/20/18 good=35 bad=0 crc=0 symbol=0 pulses=0000
P10_5_ROT_SCHED attempt=0 lane=3 ready=1100 sched=1100 duty_empty=1111 schedule=1111 busy=0000 pending=0000 kill=0 armed=1 phy=11110000 faults=00000000
P10_5_ROT_DP txvalid=0 inflight=0 req=0/1 decision=0/1/0 live=1 credit=31 reset=0 abort=0 state=1001100101000100
P10_5_ROT_RX admission=1111 raw=19118/19483/0/0 preamble=20/18/0/0 good=35 bad=0 crc=0 symbol=0 pulses=0000
P10_5_WAIT watchdog=350000 active=1/1 complete=1/0/1/0 bytes=8500/7904/8500/7904 outstanding=2/2 phase=0/0 piggy=17/17 fallback=2/2
P10_5_FIXED_SCHED attempt=0 lane=1 ready=0011 sched=0011 duty_empty=1111 schedule=1111 busy=0000 pending=0000 kill=0 armed=1 phy=00001111 faults=00000000
P10_5_FIXED_DP txvalid=0 inflight=0 req=0/1 decision=0/1/0 live=1 credit=31 reset=0 abort=0 state=1001100101000100
P10_5_FIXED_RX admission=1111 raw=0/0/19095/19500 preamble=0/0/20/18 good=35 bad=0 crc=0 symbol=0 pulses=0000
P10_5_ROT_SCHED attempt=0 lane=3 ready=1100 sched=1100 duty_empty=1111 schedule=1111 busy=0000 pending=0000 kill=0 armed=1 phy=11110000 faults=00000000
P10_5_ROT_DP txvalid=0 inflight=0 req=0/1 decision=0/1/0 live=1 credit=31 reset=0 abort=0 state=1001100101000100
P10_5_ROT_RX admission=1111 raw=19118/19483/0/0 preamble=20/18/0/0 good=35 bad=0 crc=0 symbol=0 pulses=0000
P10_5_WAIT watchdog=400000 active=1/1 complete=1/0/1/0 bytes=8500/7904/8500/7904 outstanding=2/2 phase=0/0 piggy=17/17 fallback=2/2
P10_5_FIXED_SCHED attempt=0 lane=1 ready=0011 sched=0011 duty_empty=1111 schedule=1111 busy=0000 pending=0000 kill=0 armed=1 phy=00001111 faults=00000000
P10_5_FIXED_DP txvalid=0 inflight=0 req=0/1 decision=0/1/0 live=1 credit=31 reset=0 abort=0 state=1001100101000100
P10_5_FIXED_RX admission=1111 raw=0/0/19095/19500 preamble=0/0/20/18 good=35 bad=0 crc=0 symbol=0 pulses=0000
P10_5_ROT_SCHED attempt=0 lane=3 ready=1100 sched=1100 duty_empty=1111 schedule=1111 busy=0000 pending=0000 kill=0 armed=1 phy=11110000 faults=00000000
P10_5_ROT_DP txvalid=0 inflight=0 req=0/1 decision=0/1/0 live=1 credit=31 reset=0 abort=0 state=1001100101000100
P10_5_ROT_RX admission=1111 raw=19118/19483/0/0 preamble=20/18/0/0 good=35 bad=0 crc=0 symbol=0 pulses=0000
P10_5_WAIT watchdog=450000 active=1/1 complete=1/0/1/0 bytes=8500/7904/8500/7904 outstanding=2/2 phase=0/0 piggy=17/17 fallback=2/2
P10_5_FIXED_SCHED attempt=0 lane=1 ready=0011 sched=0011 duty_empty=1111 schedule=1111 busy=0000 pending=0000 kill=0 armed=1 phy=00001111 faults=00000000
P10_5_FIXED_DP txvalid=0 inflight=0 req=0/1 decision=0/1/0 live=1 credit=31 reset=0 abort=0 state=1001100101000100
P10_5_FIXED_RX admission=1111 raw=0/0/19095/19500 preamble=0/0/20/18 good=35 bad=0 crc=0 symbol=0 pulses=0000
P10_5_ROT_SCHED attempt=0 lane=3 ready=1100 sched=1100 duty_empty=1111 schedule=1111 busy=0000 pending=0000 kill=0 armed=1 phy=11110000 faults=00000000
P10_5_ROT_DP txvalid=0 inflight=0 req=0/1 decision=0/1/0 live=1 credit=31 reset=0 abort=0 state=1001100101000100
P10_5_ROT_RX admission=1111 raw=19118/19483/0/0 preamble=20/18/0/0 good=35 bad=0 crc=0 symbol=0 pulses=0000
P10_5_WAIT watchdog=500000 active=1/1 complete=1/0/1/0 bytes=8500/7904/8500/7904 outstanding=2/2 phase=0/0 piggy=17/17 fallback=2/2
P10_5_FIXED_SCHED attempt=0 lane=1 ready=0011 sched=0011 duty_empty=1111 schedule=1111 busy=0000 pending=0000 kill=0 armed=1 phy=00001111 faults=00000000
P10_5_FIXED_DP txvalid=0 inflight=0 req=0/1 decision=0/1/0 live=1 credit=31 reset=0 abort=0 state=1001100101000100
P10_5_FIXED_RX admission=1111 raw=0/0/19095/19500 preamble=0/0/20/18 good=35 bad=0 crc=0 symbol=0 pulses=0000
P10_5_ROT_SCHED attempt=0 lane=3 ready=1100 sched=1100 duty_empty=1111 schedule=1111 busy=0000 pending=0000 kill=0 armed=1 phy=11110000 faults=00000000
P10_5_ROT_DP txvalid=0 inflight=0 req=0/1 decision=0/1/0 live=1 credit=31 reset=0 abort=0 state=1001100101000100
P10_5_ROT_RX admission=1111 raw=19118/19483/0/0 preamble=20/18/0/0 good=35 bad=0 crc=0 symbol=0 pulses=0000
P10_5_WAIT watchdog=550000 active=1/1 complete=1/0/1/0 bytes=8500/7904/8500/7904 outstanding=2/2 phase=0/0 piggy=17/17 fallback=2/2
P10_5_FIXED_SCHED attempt=0 lane=1 ready=0011 sched=0011 duty_empty=1111 schedule=1111 busy=0000 pending=0000 kill=0 armed=1 phy=00001111 faults=00000000
P10_5_FIXED_DP txvalid=0 inflight=0 req=0/1 decision=0/1/0 live=1 credit=31 reset=0 abort=0 state=1001100101000100
P10_5_FIXED_RX admission=1111 raw=0/0/19095/19500 preamble=0/0/20/18 good=35 bad=0 crc=0 symbol=0 pulses=0000
P10_5_ROT_SCHED attempt=0 lane=3 ready=1100 sched=1100 duty_empty=1111 schedule=1111 busy=0000 pending=0000 kill=0 armed=1 phy=11110000 faults=00000000
P10_5_ROT_DP txvalid=0 inflight=0 req=0/1 decision=0/1/0 live=1 credit=31 reset=0 abort=0 state=1001100101000100
P10_5_ROT_RX admission=1111 raw=19118/19483/0/0 preamble=20/18/0/0 good=35 bad=0 crc=0 symbol=0 pulses=0000
P10_5_WAIT watchdog=600000 active=1/1 complete=1/0/1/0 bytes=8500/7904/8500/7904 outstanding=2/2 phase=0/0 piggy=17/17 fallback=2/2
P10_5_FIXED_SCHED attempt=0 lane=1 ready=0011 sched=0011 duty_empty=1111 schedule=1111 busy=0000 pending=0000 kill=0 armed=1 phy=00001111 faults=00000000
P10_5_FIXED_DP txvalid=0 inflight=0 req=0/1 decision=0/1/0 live=1 credit=31 reset=0 abort=0 state=1001100101000100
P10_5_FIXED_RX admission=1111 raw=0/0/19095/19500 preamble=0/0/20/18 good=35 bad=0 crc=0 symbol=0 pulses=0000
P10_5_ROT_SCHED attempt=0 lane=3 ready=1100 sched=1100 duty_empty=1111 schedule=1111 busy=0000 pending=0000 kill=0 armed=1 phy=11110000 faults=00000000
P10_5_ROT_DP txvalid=0 inflight=0 req=0/1 decision=0/1/0 live=1 credit=31 reset=0 abort=0 state=1001100101000100
P10_5_ROT_RX admission=1111 raw=19118/19483/0/0 preamble=20/18/0/0 good=35 bad=0 crc=0 symbol=0 pulses=0000
P10_5_WAIT watchdog=650000 active=1/1 complete=1/0/1/0 bytes=8500/7904/8500/7904 outstanding=2/2 phase=0/0 piggy=17/17 fallback=2/2
P10_5_FIXED_SCHED attempt=0 lane=1 ready=0011 sched=0011 duty_empty=1111 schedule=1111 busy=0000 pending=0000 kill=0 armed=1 phy=00001111 faults=00000000
P10_5_FIXED_DP txvalid=0 inflight=0 req=0/1 decision=0/1/0 live=1 credit=31 reset=0 abort=0 state=1001100101000100
P10_5_FIXED_RX admission=1111 raw=0/0/19095/19500 preamble=0/0/20/18 good=35 bad=0 crc=0 symbol=0 pulses=0000
P10_5_ROT_SCHED attempt=0 lane=3 ready=1100 sched=1100 duty_empty=1111 schedule=1111 busy=0000 pending=0000 kill=0 armed=1 phy=11110000 faults=00000000
P10_5_ROT_DP txvalid=0 inflight=0 req=0/1 decision=0/1/0 live=1 credit=31 reset=0 abort=0 state=1001100101000100
P10_5_ROT_RX admission=1111 raw=19118/19483/0/0 preamble=20/18/0/0 good=35 bad=0 crc=0 symbol=0 pulses=0000
P10_5_WAIT watchdog=700000 active=1/1 complete=1/0/1/0 bytes=8500/7904/8500/7904 outstanding=2/2 phase=0/0 piggy=17/17 fallback=2/2
P10_5_FIXED_SCHED attempt=0 lane=1 ready=0011 sched=0011 duty_empty=1111 schedule=1111 busy=0000 pending=0000 kill=0 armed=1 phy=00001111 faults=00000000
P10_5_FIXED_DP txvalid=0 inflight=0 req=0/1 decision=0/1/0 live=1 credit=31 reset=0 abort=0 state=1001100101000100
P10_5_FIXED_RX admission=1111 raw=0/0/19095/19500 preamble=0/0/20/18 good=35 bad=0 crc=0 symbol=0 pulses=0000
P10_5_ROT_SCHED attempt=0 lane=3 ready=1100 sched=1100 duty_empty=1111 schedule=1111 busy=0000 pending=0000 kill=0 armed=1 phy=11110000 faults=00000000
P10_5_ROT_DP txvalid=0 inflight=0 req=0/1 decision=0/1/0 live=1 credit=31 reset=0 abort=0 state=1001100101000100
P10_5_ROT_RX admission=1111 raw=19118/19483/0/0 preamble=20/18/0/0 good=35 bad=0 crc=0 symbol=0 pulses=0000
P10_5_WAIT watchdog=750000 active=1/1 complete=1/0/1/0 bytes=8500/7904/8500/7904 outstanding=2/2 phase=0/0 piggy=17/17 fallback=2/2
P10_5_FIXED_SCHED attempt=0 lane=1 ready=0011 sched=0011 duty_empty=1111 schedule=1111 busy=0000 pending=0000 kill=0 armed=1 phy=00001111 faults=00000000
P10_5_FIXED_DP txvalid=0 inflight=0 req=0/1 decision=0/1/0 live=1 credit=31 reset=0 abort=0 state=1001100101000100
P10_5_FIXED_RX admission=1111 raw=0/0/19095/19500 preamble=0/0/20/18 good=35 bad=0 crc=0 symbol=0 pulses=0000
P10_5_ROT_SCHED attempt=0 lane=3 ready=1100 sched=1100 duty_empty=1111 schedule=1111 busy=0000 pending=0000 kill=0 armed=1 phy=11110000 faults=00000000
P10_5_ROT_DP txvalid=0 inflight=0 req=0/1 decision=0/1/0 live=1 credit=31 reset=0 abort=0 state=1001100101000100
P10_5_ROT_RX admission=1111 raw=19118/19483/0/0 preamble=20/18/0/0 good=35 bad=0 crc=0 symbol=0 pulses=0000
P10_5_WAIT watchdog=800000 active=1/1 complete=1/0/1/0 bytes=8500/7904/8500/7904 outstanding=2/2 phase=0/0 piggy=17/17 fallback=2/2
P10_5_FIXED_SCHED attempt=0 lane=1 ready=0011 sched=0011 duty_empty=1111 schedule=1111 busy=0000 pending=0000 kill=0 armed=1 phy=00001111 faults=00000000
P10_5_FIXED_DP txvalid=0 inflight=0 req=0/1 decision=0/1/0 live=1 credit=31 reset=0 abort=0 state=1001100101000100
P10_5_FIXED_RX admission=1111 raw=0/0/19095/19500 preamble=0/0/20/18 good=35 bad=0 crc=0 symbol=0 pulses=0000
P10_5_ROT_SCHED attempt=0 lane=3 ready=1100 sched=1100 duty_empty=1111 schedule=1111 busy=0000 pending=0000 kill=0 armed=1 phy=11110000 faults=00000000
P10_5_ROT_DP txvalid=0 inflight=0 req=0/1 decision=0/1/0 live=1 credit=31 reset=0 abort=0 state=1001100101000100
P10_5_ROT_RX admission=1111 raw=19118/19483/0/0 preamble=20/18/0/0 good=35 bad=0 crc=0 symbol=0 pulses=0000
P10_5_WAIT watchdog=850000 active=1/1 complete=1/0/1/0 bytes=8500/7904/8500/7904 outstanding=2/2 phase=0/0 piggy=17/17 fallback=2/2
P10_5_FIXED_SCHED attempt=0 lane=1 ready=0011 sched=0011 duty_empty=1111 schedule=1111 busy=0000 pending=0000 kill=0 armed=1 phy=00001111 faults=00000000
P10_5_FIXED_DP txvalid=0 inflight=0 req=0/1 decision=0/1/0 live=1 credit=31 reset=0 abort=0 state=1001100101000100
P10_5_FIXED_RX admission=1111 raw=0/0/19095/19500 preamble=0/0/20/18 good=35 bad=0 crc=0 symbol=0 pulses=0000
P10_5_ROT_SCHED attempt=0 lane=3 ready=1100 sched=1100 duty_empty=1111 schedule=1111 busy=0000 pending=0000 kill=0 armed=1 phy=11110000 faults=00000000
P10_5_ROT_DP txvalid=0 inflight=0 req=0/1 decision=0/1/0 live=1 credit=31 reset=0 abort=0 state=1001100101000100
P10_5_ROT_RX admission=1111 raw=19118/19483/0/0 preamble=20/18/0/0 good=35 bad=0 crc=0 symbol=0 pulses=0000
P10_5_WAIT watchdog=900000 active=1/1 complete=1/0/1/0 bytes=8500/7904/8500/7904 outstanding=2/2 phase=0/0 piggy=17/17 fallback=2/2
P10_5_FIXED_SCHED attempt=0 lane=1 ready=0011 sched=0011 duty_empty=1111 schedule=1111 busy=0000 pending=0000 kill=0 armed=1 phy=00001111 faults=00000000
P10_5_FIXED_DP txvalid=0 inflight=0 req=0/1 decision=0/1/0 live=1 credit=31 reset=0 abort=0 state=1001100101000100
P10_5_FIXED_RX admission=1111 raw=0/0/19095/19500 preamble=0/0/20/18 good=35 bad=0 crc=0 symbol=0 pulses=0000
P10_5_ROT_SCHED attempt=0 lane=3 ready=1100 sched=1100 duty_empty=1111 schedule=1111 busy=0000 pending=0000 kill=0 armed=1 phy=11110000 faults=00000000
P10_5_ROT_DP txvalid=0 inflight=0 req=0/1 decision=0/1/0 live=1 credit=31 reset=0 abort=0 state=1001100101000100
P10_5_ROT_RX admission=1111 raw=19118/19483/0/0 preamble=20/18/0/0 good=35 bad=0 crc=0 symbol=0 pulses=0000
P10_5_WAIT watchdog=950000 active=1/1 complete=1/0/1/0 bytes=8500/7904/8500/7904 outstanding=2/2 phase=0/0 piggy=17/17 fallback=2/2
P10_5_FIXED_SCHED attempt=0 lane=1 ready=0011 sched=0011 duty_empty=1111 schedule=1111 busy=0000 pending=0000 kill=0 armed=1 phy=00001111 faults=00000000
P10_5_FIXED_DP txvalid=0 inflight=0 req=0/1 decision=0/1/0 live=1 credit=31 reset=0 abort=0 state=1001100101000100
P10_5_FIXED_RX admission=1111 raw=0/0/19095/19500 preamble=0/0/20/18 good=35 bad=0 crc=0 symbol=0 pulses=0000
P10_5_ROT_SCHED attempt=0 lane=3 ready=1100 sched=1100 duty_empty=1111 schedule=1111 busy=0000 pending=0000 kill=0 armed=1 phy=11110000 faults=00000000
P10_5_ROT_DP txvalid=0 inflight=0 req=0/1 decision=0/1/0 live=1 credit=31 reset=0 abort=0 state=1001100101000100
P10_5_ROT_RX admission=1111 raw=19118/19483/0/0 preamble=20/18/0/0 good=35 bad=0 crc=0 symbol=0 pulses=0000
P10_5_WAIT watchdog=1000000 active=1/1 complete=1/0/1/0 bytes=8500/7904/8500/7904 outstanding=2/2 phase=0/0 piggy=18/18 fallback=2/2
P10_5_FIXED_SCHED attempt=0 lane=0 ready=0000 sched=0011 duty_empty=1100 schedule=1111 busy=0011 pending=0000 kill=0 armed=1 phy=00001111 faults=00000000
P10_5_FIXED_DP txvalid=0 inflight=0 req=0/1 decision=0/1/0 live=0 credit=31 reset=0 abort=0 state=1001100101000100
P10_5_FIXED_RX admission=1100 raw=0/0/20205/20615 preamble=0/0/21/19 good=35 bad=0 crc=0 symbol=0 pulses=0000
P10_5_ROT_SCHED attempt=0 lane=2 ready=0000 sched=1100 duty_empty=0011 schedule=1111 busy=1100 pending=0000 kill=0 armed=1 phy=11110000 faults=00000000
P10_5_ROT_DP txvalid=0 inflight=0 req=0/1 decision=0/1/0 live=0 credit=31 reset=0 abort=0 state=1001100101000100
P10_5_ROT_RX admission=0011 raw=20229/20589/0/0 preamble=21/19/0/0 good=35 bad=0 crc=0 symbol=0 pulses=0000
P10_5_WAIT watchdog=1050000 active=1/1 complete=1/1/1/1 bytes=8500/8500/8500/8500 outstanding=2/2 phase=0/0 piggy=18/18 fallback=2/2
P10_5_FIXED_SCHED attempt=0 lane=0 ready=0011 sched=0011 duty_empty=1100 schedule=1111 busy=0000 pending=0000 kill=0 armed=1 phy=00001111 faults=00000000
P10_5_FIXED_DP txvalid=0 inflight=0 req=0/1 decision=0/1/0 live=1 credit=31 reset=0 abort=0 state=1001100101000100
P10_5_FIXED_RX admission=1111 raw=0/0/20208/20617 preamble=0/0/21/19 good=37 bad=0 crc=0 symbol=0 pulses=0000
P10_5_ROT_SCHED attempt=0 lane=2 ready=1100 sched=1100 duty_empty=0011 schedule=1111 busy=0000 pending=0000 kill=0 armed=1 phy=11110000 faults=00000000
P10_5_ROT_DP txvalid=0 inflight=0 req=0/1 decision=0/1/0 live=1 credit=31 reset=0 abort=0 state=1001100101000100
P10_5_ROT_RX admission=1111 raw=20231/20590/0/0 preamble=21/19/0/0 good=37 bad=0 crc=0 symbol=0 pulses=0000
P10_5_WAIT watchdog=50000 active=1/1 complete=1/0/1/0 bytes=800/0/800/0 outstanding=4/4 phase=0/0 piggy=18/18 fallback=3/3
P10_5_FIXED_SCHED attempt=0 lane=0 ready=0000 sched=0011 duty_empty=1100 schedule=1111 busy=0011 pending=0000 kill=0 armed=1 phy=00001111 faults=00000000
P10_5_FIXED_DP txvalid=1 inflight=1 req=0/0 decision=1/1/0 live=0 credit=32 reset=0 abort=0 state=0010001001000100
P10_5_FIXED_RX admission=1100 raw=0/0/21282/21588 preamble=0/0/23/20 good=37 bad=0 crc=0 symbol=0 pulses=0000
P10_5_ROT_SCHED attempt=0 lane=2 ready=0000 sched=1100 duty_empty=0011 schedule=1111 busy=1100 pending=0000 kill=0 armed=1 phy=11110000 faults=00000000
P10_5_ROT_DP txvalid=1 inflight=1 req=0/0 decision=1/1/0 live=0 credit=32 reset=0 abort=0 state=0010001001000100
P10_5_ROT_RX admission=0011 raw=21311/21567/0/0 preamble=23/20/0/0 good=37 bad=0 crc=0 symbol=0 pulses=0001
P10_5_WAIT watchdog=100000 active=1/1 complete=1/0/1/0 bytes=800/492/800/492 outstanding=4/4 phase=0/0 piggy=19/19 fallback=3/3
P10_5_FIXED_SCHED attempt=0 lane=1 ready=0000 sched=0011 duty_empty=1100 schedule=1111 busy=0001 pending=0000 kill=0 armed=1 phy=00001111 faults=00000000
P10_5_FIXED_DP txvalid=0 inflight=0 req=0/1 decision=0/1/0 live=0 credit=32 reset=0 abort=0 state=0100010001000100
P10_5_FIXED_RX admission=1110 raw=0/0/22226/22136 preamble=0/0/24/21 good=40 bad=0 crc=0 symbol=0 pulses=0100
P10_5_ROT_SCHED attempt=0 lane=3 ready=0000 sched=1100 duty_empty=0011 schedule=1111 busy=0100 pending=0000 kill=0 armed=1 phy=11110000 faults=00000000
P10_5_ROT_DP txvalid=0 inflight=0 req=0/1 decision=0/1/0 live=0 credit=32 reset=0 abort=0 state=0100010001000100
P10_5_ROT_RX admission=1011 raw=22251/22117/0/0 preamble=24/21/0/0 good=40 bad=0 crc=0 symbol=0 pulses=0001
P10_5_WAIT watchdog=150000 active=1/1 complete=1/1/1/1 bytes=800/800/800/800 outstanding=2/2 phase=0/0 piggy=19/19 fallback=3/3
P10_5_FIXED_SCHED attempt=0 lane=1 ready=0011 sched=0011 duty_empty=1100 schedule=1111 busy=0000 pending=0000 kill=0 armed=1 phy=00001111 faults=00000000
P10_5_FIXED_DP txvalid=0 inflight=0 req=0/1 decision=0/1/0 live=1 credit=32 reset=0 abort=0 state=0100010010011001
P10_5_FIXED_RX admission=1111 raw=0/0/22539/22136 preamble=0/0/24/21 good=41 bad=0 crc=0 symbol=0 pulses=0000
P10_5_ROT_SCHED attempt=0 lane=3 ready=1100 sched=1100 duty_empty=0011 schedule=1111 busy=0000 pending=0000 kill=0 armed=1 phy=11110000 faults=00000000
P10_5_ROT_DP txvalid=0 inflight=0 req=0/1 decision=0/1/0 live=1 credit=32 reset=0 abort=0 state=0100010010011001
P10_5_ROT_RX admission=1111 raw=22563/22117/0/0 preamble=24/21/0/0 good=41 bad=0 crc=0 symbol=0 pulses=0000
P10_5_WAIT watchdog=200000 active=1/1 complete=1/1/1/1 bytes=800/800/800/800 outstanding=2/2 phase=0/0 piggy=19/19 fallback=3/3
P10_5_FIXED_SCHED attempt=0 lane=1 ready=0011 sched=0011 duty_empty=1111 schedule=1111 busy=0000 pending=0000 kill=0 armed=1 phy=00001111 faults=00000000
P10_5_FIXED_DP txvalid=0 inflight=0 req=0/1 decision=0/1/0 live=1 credit=32 reset=0 abort=0 state=0100010010011001
P10_5_FIXED_RX admission=1111 raw=0/0/22539/22136 preamble=0/0/24/21 good=41 bad=0 crc=0 symbol=0 pulses=0000
P10_5_ROT_SCHED attempt=0 lane=3 ready=1100 sched=1100 duty_empty=1111 schedule=1111 busy=0000 pending=0000 kill=0 armed=1 phy=11110000 faults=00000000
P10_5_ROT_DP txvalid=0 inflight=0 req=0/1 decision=0/1/0 live=1 credit=32 reset=0 abort=0 state=0100010010011001
P10_5_ROT_RX admission=1111 raw=22563/22117/0/0 preamble=24/21/0/0 good=41 bad=0 crc=0 symbol=0 pulses=0000
P10_5_WAIT watchdog=50000 active=1/1 complete=1/0/1/0 bytes=600/0/800/0 outstanding=0/4 phase=0/0 piggy=19/19 fallback=4/4
P10_5_FIXED_SCHED attempt=0 lane=0 ready=0000 sched=0011 duty_empty=1110 schedule=1111 busy=0000 pending=0000 kill=0 armed=1 phy=00001111 faults=00000000
P10_5_FIXED_DP txvalid=0 inflight=0 req=0/1 decision=0/0/0 live=0 credit=32 reset=0 abort=1 state=1001001000100010
P10_5_FIXED_RX admission=1111 raw=0/0/23620/23111 preamble=0/0/26/22 good=41 bad=0 crc=0 symbol=0 pulses=0000
P10_5_ROT_SCHED attempt=0 lane=2 ready=0000 sched=1100 duty_empty=0011 schedule=1111 busy=1100 pending=0000 kill=0 armed=1 phy=11110000 faults=00000000
P10_5_ROT_DP txvalid=1 inflight=1 req=0/0 decision=1/1/0 live=0 credit=32 reset=0 abort=0 state=0010001001000100
P10_5_ROT_RX admission=0011 raw=22666/22117/0/0 preamble=25/21/0/0 good=41 bad=0 crc=0 symbol=0 pulses=0000
P10_5_WAIT watchdog=100000 active=1/1 complete=1/0/1/0 bytes=600/492/800/0 outstanding=0/4 phase=0/0 piggy=19/19 fallback=4/4
P10_5_FIXED_SCHED attempt=0 lane=0 ready=0000 sched=0011 duty_empty=1111 schedule=1111 busy=0000 pending=0000 kill=0 armed=1 phy=00001111 faults=00000000
P10_5_FIXED_DP txvalid=0 inflight=0 req=0/1 decision=0/0/0 live=0 credit=32 reset=0 abort=1 state=1001001000100010
P10_5_FIXED_RX admission=1111 raw=0/0/24564/23657 preamble=0/0/27/23 good=44 bad=0 crc=0 symbol=0 pulses=0000
P10_5_ROT_SCHED attempt=0 lane=3 ready=0000 sched=1100 duty_empty=0011 schedule=1111 busy=0100 pending=0000 kill=0 armed=1 phy=11110000 faults=00000000
P10_5_ROT_DP txvalid=0 inflight=0 req=0/1 decision=0/1/0 live=0 credit=32 reset=0 abort=0 state=0100010001000100
P10_5_ROT_RX admission=1011 raw=22666/22117/0/0 preamble=25/21/0/0 good=41 bad=0 crc=0 symbol=0 pulses=0000
P10_5_WAIT watchdog=150000 active=1/1 complete=1/1/1/0 bytes=600/800/800/0 outstanding=0/4 phase=0/0 piggy=19/19 fallback=4/4
P10_5_FIXED_SCHED attempt=0 lane=0 ready=0000 sched=0011 duty_empty=1111 schedule=1111 busy=0000 pending=0000 kill=0 armed=1 phy=00001111 faults=00000000
P10_5_FIXED_DP txvalid=0 inflight=0 req=0/1 decision=0/0/0 live=0 credit=32 reset=0 abort=1 state=1001001000100010
P10_5_FIXED_RX admission=1111 raw=0/0/24870/23657 preamble=0/0/27/23 good=45 bad=0 crc=0 symbol=0 pulses=0000
P10_5_ROT_SCHED attempt=0 lane=3 ready=1100 sched=1100 duty_empty=0011 schedule=1111 busy=0000 pending=0000 kill=0 armed=1 phy=11110000 faults=00000000
P10_5_ROT_DP txvalid=0 inflight=0 req=0/1 decision=0/1/0 live=1 credit=32 reset=0 abort=0 state=0100010001000100
P10_5_ROT_RX admission=1111 raw=22666/22117/0/0 preamble=25/21/0/0 good=41 bad=0 crc=0 symbol=0 pulses=0000
TB_P10_5_DUAL_DIRECTION_L2=PASS
TB_P10_5_ACK_PIGGYBACK=PASS
TB_P10_5_CONTROL_ONLY_ACK=PASS
TB_P10_5_CREDIT_REOPEN=PASS
TB_P10_5_BIDIRECTIONAL_DMA=PASS
TB_P10_5_ROLE_EPOCH_STALE=PASS
TB_P10_5_DIRECTION_ABORT_ISOLATION=PASS
TB_P10_5_DUAL_DIRECTION_FAULTS=PASS
TB_P10_5_DUAL_ENDPOINT_INTEGRATION=PASS
TB_P10_5_DUAL_DIRECTION=PASS piggy=19/19 fallback=5/4 simultaneous=118737
$finish called at time : 40168391925 ps : File "C:/Users/user/Documents/RF_COMM_MULTILANE_P10_5/sim/tb/tb_p10_5_dual_direction.sv" Line 718
run: Time (s): cpu = 00:00:00 ; elapsed = 00:01:22 . Memory (MB): peak = 211.512 ; gain = 0.000
exit
INFO: xsimkernel Simulation Memory Usage: 17096 KB (Peak: 17096 KB), Simulation CPU Usage: 82296 ms
INFO: [Common 17-206] Exiting xsim at Mon Aug 10 12:03:35 2026...
