#-----------------------------------------------------------
# xsim v2023.1 (64-bit)
# SW Build 3865809 on Sun May  7 15:05:29 MDT 2023
# IP Build 3864474 on Sun May  7 20:36:21 MDT 2023
# SharedData Build 3865790 on Sun May 07 13:33:03 MDT 2023
# Start of session at: Thu Jul 30 18:03:40 2026
# Process ID: 39068
# Current directory: C:/Users/user/Documents/RF_COMM_MULTILANE_P10/evidence/generated/p10_dual_endpoint_regression/raw/20260730T100234.127742Z/p9_legacy_transport_work
# Command line: xsim.exe -mode tcl -source {xsim.dir/p9_legacy_transport_snapshot/xsim_script.tcl}
# Log file: C:/Users/user/Documents/RF_COMM_MULTILANE_P10/evidence/generated/p10_dual_endpoint_regression/raw/20260730T100234.127742Z/p9_legacy_transport_work/xsim.log
# Journal file: C:/Users/user/Documents/RF_COMM_MULTILANE_P10/evidence/generated/p10_dual_endpoint_regression/raw/20260730T100234.127742Z/p9_legacy_transport_work\xsim.jou
# Running On: DESKTOP-PU0AECA, OS: Windows, CPU Frequency: 3418 MHz, CPU Physical cores: 20, Host memory: 34187 MB
#-----------------------------------------------------------
source xsim.dir/p9_legacy_transport_snapshot/xsim_script.tcl
# xsim {p9_legacy_transport_snapshot} -autoloadwcfg -runall
Time resolution is 1 ps
run -all
P9_CORE_OBJECT_PASS dir=0 len=600 drop_data=0 drop_ack=0 initial=0000 faults=00 retries=0 duplicates=0
P9_CORE_OBJECT_PASS dir=0 len=15808 drop_data=0 drop_ack=0 initial=0010 faults=00 retries=0 duplicates=0
Fatal: bounded ACK aggregation absent data=64 ack=64
Time: 55413132151 ps  Iteration: 0  Process: /tb_p9_optical_transport_core/Initial492_94  Scope: tb_p9_optical_transport_core  File: C:/Users/user/Documents/RF_COMM_MULTILANE_P10/sim/tb/tb_p9_optical_transport_core.sv Line: 570
$finish called at time : 55413132151 ps
run: Time (s): cpu = 00:00:00 ; elapsed = 00:00:25 . Memory (MB): peak = 206.375 ; gain = 0.000
exit
INFO: xsimkernel Simulation Memory Usage: 13556 KB (Peak: 13556 KB), Simulation CPU Usage: 25092 ms
INFO: [Common 17-206] Exiting xsim at Thu Jul 30 18:04:07 2026...
