P10_JTAG_IDENTITY_SCHEMA=1
P10_JTAG_IDENTITY_READ_ONLY=1
P10_JTAG_MUTATING_COMMANDS_EXECUTED=0
P10_JTAG_XSDB_URL=tcp:localhost:3121
P10_JTAG_RECORD_1=target_ctx jsn-JTAG-HS1-210512180081 level 0 node_id 1 is_open 1 is_active 1 is_current 0 name {Digilent JTAG-HS1 210512180081} jtag_cable_name {Digilent JTAG-HS1 210512180081} state {} jtag_cable_manufacturer Digilent jtag_cable_product JTAG-HS1 jtag_cable_serial 210512180081
P10_JTAG_CABLE_1_SERIAL=210512180081
P10_JTAG_RECORD_2=target_ctx jsn-JTAG-HS1-210512180081-4ba00477-0 level 1 node_id 2 is_open 1 is_active 1 is_current 0 name arm_dap jtag_cable_name {Digilent JTAG-HS1 210512180081} state {} jtag_cable_manufacturer Digilent jtag_cable_product JTAG-HS1 jtag_cable_serial 210512180081 idcode 4ba00477 irlen 4
P10_JTAG_DEVICE_1_CABLE_SERIAL=210512180081
P10_JTAG_DEVICE_1_NAME=arm_dap
P10_JTAG_DEVICE_1_IDCODE=4BA00477
P10_JTAG_DEVICE_1_NODE_ID=2
P10_JTAG_RECORD_3=target_ctx jsn-JTAG-HS1-210512180081-23727093-0 level 1 node_id 3 is_open 1 is_active 1 is_current 0 name xc7z020 jtag_cable_name {Digilent JTAG-HS1 210512180081} state {} jtag_cable_manufacturer Digilent jtag_cable_product JTAG-HS1 jtag_cable_serial 210512180081 idcode 23727093 irlen 6 is_fpga 1
P10_JTAG_DEVICE_2_CABLE_SERIAL=210512180081
P10_JTAG_DEVICE_2_NAME=xc7z020
P10_JTAG_DEVICE_2_IDCODE=23727093
P10_JTAG_DEVICE_2_NODE_ID=3
P10_JTAG_RECORD_4=target_ctx jsn-JTAG-HS1-210249855178 level 0 node_id 4 is_open 1 is_active 1 is_current 0 name {Digilent JTAG-HS1 210249855178} jtag_cable_name {Digilent JTAG-HS1 210249855178} state {} jtag_cable_manufacturer Digilent jtag_cable_product JTAG-HS1 jtag_cable_serial 210249855178
P10_JTAG_CABLE_2_SERIAL=210249855178
P10_JTAG_RECORD_5=target_ctx jsn-JTAG-HS1-210249855178-4ba00477-0 level 1 node_id 5 is_open 1 is_active 1 is_current 0 name arm_dap jtag_cable_name {Digilent JTAG-HS1 210249855178} state {} jtag_cable_manufacturer Digilent jtag_cable_product JTAG-HS1 jtag_cable_serial 210249855178 idcode 4ba00477 irlen 4
P10_JTAG_DEVICE_3_CABLE_SERIAL=210249855178
P10_JTAG_DEVICE_3_NAME=arm_dap
P10_JTAG_DEVICE_3_IDCODE=4BA00477
P10_JTAG_DEVICE_3_NODE_ID=5
P10_JTAG_RECORD_6=target_ctx jsn-JTAG-HS1-210249855178-23727093-0 level 1 node_id 6 is_open 1 is_active 1 is_current 0 name xc7z020 jtag_cable_name {Digilent JTAG-HS1 210249855178} state {} jtag_cable_manufacturer Digilent jtag_cable_product JTAG-HS1 jtag_cable_serial 210249855178 idcode 23727093 irlen 6 is_fpga 1
P10_JTAG_DEVICE_4_CABLE_SERIAL=210249855178
P10_JTAG_DEVICE_4_NAME=xc7z020
P10_JTAG_DEVICE_4_IDCODE=23727093
P10_JTAG_DEVICE_4_NODE_ID=6
P10_JTAG_RECORD_COUNT=6
P10_JTAG_CABLE_COUNT=2
P10_JTAG_DISTINCT_CABLE_COUNT=2
P10_JTAG_DEVICE_COUNT=4
P10_JTAG_DEBUG_RECORD_1=target_ctx JTAG-jsn-JTAG-HS1-210512180081-4ba00477-0 target_id 1 level 0 name APU parent_ctx {} parent {} state_reason {} is_current 0 bscan {} jtag_device_id 2 jtag_device_ctx jsn-JTAG-HS1-210512180081-4ba00477-0 jtag_device_name arm_dap jtag_cable_id 1 jtag_cable_ctx jsn-JTAG-HS1-210512180081 jtag_cable_name {Digilent JTAG-HS1 210512180081} jtag_device_index 0 jtag_cable_manufacturer Digilent jtag_cable_product JTAG-HS1 jtag_cable_serial 210512180081
P10_JTAG_DEBUG_RECORD_2=target_ctx JTAG-jsn-JTAG-HS1-210512180081-4ba00477-0.0 target_id 2 level 1 name {ARM Cortex-A9 MPCore #0} parent_ctx JTAG-jsn-JTAG-HS1-210512180081-4ba00477-0 parent APU state_reason Running is_current 0 bscan {} jtag_device_id 2 jtag_device_ctx jsn-JTAG-HS1-210512180081-4ba00477-0 jtag_device_name arm_dap jtag_cable_id 1 jtag_cable_ctx jsn-JTAG-HS1-210512180081 jtag_cable_name {Digilent JTAG-HS1 210512180081} jtag_device_index 0 jtag_cable_manufacturer Digilent jtag_cable_product JTAG-HS1 jtag_cable_serial 210512180081 suspended 0
P10_JTAG_DEBUG_RECORD_3=target_ctx JTAG-jsn-JTAG-HS1-210512180081-4ba00477-0.1 target_id 3 level 1 name {ARM Cortex-A9 MPCore #1} parent_ctx JTAG-jsn-JTAG-HS1-210512180081-4ba00477-0 parent APU state_reason Running is_current 0 bscan {} jtag_device_id 2 jtag_device_ctx jsn-JTAG-HS1-210512180081-4ba00477-0 jtag_device_name arm_dap jtag_cable_id 1 jtag_cable_ctx jsn-JTAG-HS1-210512180081 jtag_cable_name {Digilent JTAG-HS1 210512180081} jtag_device_index 0 jtag_cable_manufacturer Digilent jtag_cable_product JTAG-HS1 jtag_cable_serial 210512180081 suspended 0
P10_JTAG_DEBUG_RECORD_4=target_ctx JTAG-jsn-JTAG-HS1-210512180081-23727093-0 target_id 4 level 0 name xc7z020 parent_ctx {} parent {} state_reason {} is_current 0 bscan {} jtag_device_id 3 jtag_device_ctx jsn-JTAG-HS1-210512180081-23727093-0 jtag_device_name xc7z020 jtag_cable_id 1 jtag_cable_ctx jsn-JTAG-HS1-210512180081 jtag_cable_name {Digilent JTAG-HS1 210512180081} jtag_device_index 1 jtag_cable_manufacturer Digilent jtag_cable_product JTAG-HS1 jtag_cable_serial 210512180081
P10_JTAG_DEBUG_RECORD_5=target_ctx JTAG-jsn-JTAG-HS1-210249855178-4ba00477-0 target_id 5 level 0 name APU parent_ctx {} parent {} state_reason {} is_current 0 bscan {} jtag_device_id 5 jtag_device_ctx jsn-JTAG-HS1-210249855178-4ba00477-0 jtag_device_name arm_dap jtag_cable_id 4 jtag_cable_ctx jsn-JTAG-HS1-210249855178 jtag_cable_name {Digilent JTAG-HS1 210249855178} jtag_device_index 0 jtag_cable_manufacturer Digilent jtag_cable_product JTAG-HS1 jtag_cable_serial 210249855178
P10_JTAG_DEBUG_RECORD_6=target_ctx JTAG-jsn-JTAG-HS1-210249855178-4ba00477-0.0 target_id 6 level 1 name {ARM Cortex-A9 MPCore #0} parent_ctx JTAG-jsn-JTAG-HS1-210249855178-4ba00477-0 parent APU state_reason Running is_current 0 bscan {} jtag_device_id 5 jtag_device_ctx jsn-JTAG-HS1-210249855178-4ba00477-0 jtag_device_name arm_dap jtag_cable_id 4 jtag_cable_ctx jsn-JTAG-HS1-210249855178 jtag_cable_name {Digilent JTAG-HS1 210249855178} jtag_device_index 0 jtag_cable_manufacturer Digilent jtag_cable_product JTAG-HS1 jtag_cable_serial 210249855178 suspended 0
P10_JTAG_DEBUG_RECORD_7=target_ctx JTAG-jsn-JTAG-HS1-210249855178-4ba00477-0.1 target_id 7 level 1 name {ARM Cortex-A9 MPCore #1} parent_ctx JTAG-jsn-JTAG-HS1-210249855178-4ba00477-0 parent APU state_reason Running is_current 0 bscan {} jtag_device_id 5 jtag_device_ctx jsn-JTAG-HS1-210249855178-4ba00477-0 jtag_device_name arm_dap jtag_cable_id 4 jtag_cable_ctx jsn-JTAG-HS1-210249855178 jtag_cable_name {Digilent JTAG-HS1 210249855178} jtag_device_index 0 jtag_cable_manufacturer Digilent jtag_cable_product JTAG-HS1 jtag_cable_serial 210249855178 suspended 0
P10_JTAG_DEBUG_RECORD_8=target_ctx JTAG-jsn-JTAG-HS1-210249855178-23727093-0 target_id 8 level 0 name xc7z020 parent_ctx {} parent {} state_reason {} is_current 0 bscan {} jtag_device_id 6 jtag_device_ctx jsn-JTAG-HS1-210249855178-23727093-0 jtag_device_name xc7z020 jtag_cable_id 4 jtag_cable_ctx jsn-JTAG-HS1-210249855178 jtag_cable_name {Digilent JTAG-HS1 210249855178} jtag_device_index 1 jtag_cable_manufacturer Digilent jtag_cable_product JTAG-HS1 jtag_cable_serial 210249855178
P10_JTAG_DEBUG_RECORD_COUNT=8
P10_JTAG_CABLE_210249855178_XC7Z020_COUNT=1
P10_JTAG_CABLE_210249855178_ARM_DAP_COUNT=1
P10_JTAG_CABLE_210249855178_OTHER_DEVICE_COUNT=0
P10_JTAG_CABLE_210512180081_XC7Z020_COUNT=1
P10_JTAG_CABLE_210512180081_ARM_DAP_COUNT=1
P10_JTAG_CABLE_210512180081_OTHER_DEVICE_COUNT=0
P10_JTAG_IDENTITY_RESULT=PASS
P10_JTAG_DISCONNECTED=1
