{
  "P7_JTAG_AXI_SAFE_STAGE": "PASS",
  "generated_at_utc": "2026-07-16T20:48:34.487598+00:00",
  "stage_name": "p7_fragment_boundary_0_l0",
  "semantic_mode": "rfap",
  "requested_execute_hardware": true,
  "hardware_actions_executed": true,
  "programmed_fpga": true,
  "programmed_candidate": true,
  "programmed_shutdown_before": true,
  "programmed_shutdown_after": true,
  "started_ps_elf": false,
  "drove_tfdu_txd": true,
  "enabled_tfdu_receiver": true,
  "uart_access": false,
  "ethernet_used": false,
  "motion_used": false,
  "hardware_acceptance": "PENDING_HW",
  "diagnostic_only": false,
  "coverage_claimed": null,
  "HARDWARE_ACCEPTANCE": "PENDING_HW",
  "stage66_diagnostic_campaign": null,
  "safety_validation": {
    "P7_HARDWARE_SAFETY": "PASS",
    "ready_for_hardware_preflight": true,
    "hardware_actions_executed": false,
    "programmed_fpga": false,
    "drove_tfdu_txd": false,
    "started_ps_elf": false,
    "authorization_environment_present": true,
    "authorization": {
      "exists": true,
      "path": "D:\\CodexWorktrees\\p7formal_911e1a3\\RF_COMM_MULTILANE\\.hardware_authorization\\p7_20260717_stationary_app_r74_formal_full_005_p7_fragment_boundary_0_l0.txt",
      "actual_sha256": "4a10bdb4022e3212e0bd5a4d8a5e34be9f43a3530287565b635945297c277424",
      "expected_sha256": "4a10bdb4022e3212e0bd5a4d8a5e34be9f43a3530287565b635945297c277424",
      "markers": [
        "P7_STATIONARY_APP_LAYER_APPROVED"
      ],
      "duplicate_keys": []
    },
    "authorization_fields": {
      "AUTHORIZED_STAGE": "P7_STATIONARY_LOCAL_APPLICATION_LAYER_NO_ETHERNET",
      "USER_HARDWARE_AUTHORIZATION_FOR_P7": "GRANTED",
      "BOARD_ID": "210512180081",
      "EXPECTED_PART": "xc7z010clg400-1",
      "EXPECTED_TARGET": "localhost:3121/xilinx_tcf/Digilent/210512180081",
      "SOURCE_COMMIT": "911e1a303ff58593cac5ff4c4b70150d17f9a26b",
      "MAX_RUNTIME_SEC": "960",
      "SHUTDOWN_ON_EXIT": "required",
      "NO_ETHERNET": "true",
      "NO_MOTION": "true",
      "LANE_COUNT": "2",
      "MAX_LANE_MASK": "0x3",
      "P7_PLAN_PATH": "D:\\CodexWorktrees\\p7formal_911e1a3\\RF_COMM_MULTILANE\\evidence\\hardware\\p7\\artifacts\\p7_plan_c6db9d8348c3bc518fa5985595adfcdada1a08f11c9246c6103ec378b43b58dd.md",
      "P7_PLAN_SHA256": "c6db9d8348c3bc518fa5985595adfcdada1a08f11c9246c6103ec378b43b58dd",
      "BITSTREAM_PATH": "D:\\CodexWorktrees\\p7formal_911e1a3\\RF_COMM_MULTILANE\\evidence\\hardware\\p6\\bitstreams\\p6_jtag_dynamic_transport_798b0194029638fa27a254dd58db5d6fd28b65d91c5cf2c9e32c0f9076ee3c0f.bit",
      "BITSTREAM_SHA256": "798b0194029638fa27a254dd58db5d6fd28b65d91c5cf2c9e32c0f9076ee3c0f",
      "XSA_PATH": "D:\\CodexWorktrees\\p7formal_911e1a3\\RF_COMM_MULTILANE\\evidence\\hardware\\p6\\bitstreams\\p6_ps_dynamic_transport_45e39fa92e0199eef24892968e49e8abdaa9a7d9e4f571866b188316c6dc4cf0.xsa",
      "XSA_SHA256": "45e39fa92e0199eef24892968e49e8abdaa9a7d9e4f571866b188316c6dc4cf0",
      "ELF_PATH": "D:\\CodexWorktrees\\p7formal_911e1a3\\RF_COMM_MULTILANE\\evidence\\hardware\\p7\\artifacts\\p7_runtime_2efe94a236b8c287b8287ada06505253f455447cb88492b3f61e87accebf9949.elf",
      "ELF_SHA256": "2efe94a236b8c287b8287ada06505253f455447cb88492b3f61e87accebf9949",
      "PROFILE_PATH": "D:\\CodexWorktrees\\p7formal_911e1a3\\RF_COMM_MULTILANE\\profiles\\p7\\p7_stationary_app_30min.json",
      "PROFILE_SHA256": "65a36a8318e7fd1e3b647997aceca773c69e76eee85cb8fae922148ccd8f3c94",
      "ACTIVE_XDC_PATH": "D:\\CodexWorktrees\\p7formal_911e1a3\\RF_COMM_MULTILANE\\constraints\\active\\PORT1.generated.xdc",
      "ACTIVE_XDC_SHA256": "f53239e233c25509b6f15b5d0154be07f686c83c1568524a9ecf2e4bcbaa1344",
      "PINMAP_PATH": "D:\\CodexWorktrees\\p7formal_911e1a3\\RF_COMM_MULTILANE\\board_profiles\\ax7010_tfdu_j10_j11_pinmap.csv",
      "PINMAP_SHA256": "583a0151cb1e968f7d0782e38d20e1e4b9df387310966561c14fb2383a8541cd",
      "REGISTER_MAP_PATH": "D:\\CodexWorktrees\\p7formal_911e1a3\\RF_COMM_MULTILANE\\config\\register_map\\ir_axi_regs.yaml",
      "REGISTER_MAP_SHA256": "d5b0bf1476d815a3ed69988c72097827356d4eade48813c8913fc1b2d448983d",
      "SHUTDOWN_BITSTREAM_PATH": "D:\\CodexWorktrees\\p7formal_911e1a3\\RF_COMM_MULTILANE\\shutdown_bitstream\\tfdu_shutdown_j10_j11.bit",
      "SHUTDOWN_BITSTREAM_SHA256": "bac60b58912f0acd771dc830a6761535ec8f6a92befb1ae4cb7d928745af5810",
      "LTX_PATH": "D:\\CodexWorktrees\\p7formal_911e1a3\\RF_COMM_MULTILANE\\evidence\\hardware\\p6\\bitstreams\\p6_jtag_dynamic_transport_76fe1ec47871946a7d357b0caa1f669500de827b796d6154dcc54678e0ac7083.ltx",
      "LTX_SHA256": "76fe1ec47871946a7d357b0caa1f669500de827b796d6154dcc54678e0ac7083",
      "P7_JTAG_STAGE_NAME": "p7_fragment_boundary_0_l0",
      "P7_JTAG_SEMANTIC_MODE": "rfap",
      "P7_JTAG_TRANSACTION_PATH": "D:\\CodexWorktrees\\p7formal_911e1a3\\RF_COMM_MULTILANE\\build\\p7_authorized_sequence\\p7_20260717_stationary_app_r74_formal_full\\transactions\\005_p7_fragment_boundary_0_l0.transactions.txt",
      "P7_JTAG_TRANSACTION_SHA256": "9c6abed425836dad12d83cf9486040df79e4284d23333bf6d5ce5baec971c5d7",
      "P7_JTAG_FREQUENCY_HZ": "1000000",
      "P7_JTAG_AXI_BASE": "0x43c00000",
      "P7_JTAG_BACKEND_MANIFEST_PATH": "D:\\CodexWorktrees\\p7formal_911e1a3\\RF_COMM_MULTILANE\\build\\p7_authorized_sequence\\p7_20260717_stationary_app_r74_formal_full\\manifests\\005_p7_fragment_boundary_0_l0.manifest.json",
      "P7_JTAG_BACKEND_MANIFEST_SHA256": "d0d9803e50210f77cb06fc0a80950c562cc74eb853637ae03a5557b1eedce52d"
    },
    "source_commit_requested": "911e1a303ff58593cac5ff4c4b70150d17f9a26b",
    "source_commit_current": "911e1a303ff58593cac5ff4c4b70150d17f9a26b",
    "dirty_files": [
      " M evidence/generated/p7_2lane_scope_summary.md",
      " M evidence/generated/p7_application_protocol_summary.md",
      " M evidence/generated/p7_artifact_provenance_summary.json",
      " M evidence/generated/p7_artifact_provenance_summary.md",
      " M evidence/generated/p7_backend_conformance_summary.md",
      " M evidence/generated/p7_fault_recovery_summary.md",
      " M evidence/generated/p7_file_integrity_summary.md",
      " M evidence/generated/p7_fragmentation_reassembly_summary.md",
      " M evidence/generated/p7_lane1_promotion_summary.json",
      " M evidence/generated/p7_lane_scheduler_summary.md",
      " M evidence/generated/p7_no_ethernet_summary.md",
      " M evidence/generated/p7_no_motion_summary.md",
      " M evidence/generated/p7_offline_gate_summary.json",
      " M evidence/generated/p7_offline_gate_summary.md",
      " M evidence/generated/p7_offline_test_run.json",
      " M evidence/generated/p7_protocol_vector_summary.json",
      " M evidence/generated/p7_protocol_vector_summary.md",
      " M evidence/generated/p7_ps_core_hardware_readiness.json",
      " M evidence/generated/p7_ps_runtime_build_summary.json",
      " M evidence/generated/p7_ps_runtime_build_summary.md",
      " M evidence/generated/p7_ps_runtime_summary.md",
      " M evidence/generated/p7_queue_backpressure_summary.md",
      " M evidence/generated/p7_repo_intake.md",
      " M evidence/generated/p7_repo_intake_summary.json",
      " M evidence/generated/p7_repo_intake_summary.md",
      " M evidence/generated/p7_segmentation_reassembly_summary.md",
      " M evidence/generated/vitis/p7_ps_runtime/p7_ps7_board_contract.json",
      " M evidence/generated/vitis/p7_ps_runtime/p7_ps_runtime_build.log",
      " M evidence/generated/vitis/p7_ps_runtime/p7_ps_runtime_build_summary.json",
      " M evidence/generated/vitis/p7_ps_runtime/p7_ps_runtime_build_summary.md",
      " M evidence/generated/vitis/p7_ps_runtime/p7_runtime.map",
      " M evidence/generated/vitis/p7_ps_runtime/p7_runtime_disassembly.txt",
      " M evidence/generated/vitis/p7_ps_runtime/p7_runtime_sections.txt",
      " M evidence/generated/vitis/p7_ps_runtime/p7_runtime_size.txt",
      " M evidence/generated/vitis/p7_ps_runtime/p7_runtime_stack_usage.txt",
      "?? evidence/hardware/p7/artifacts/p7_runtime_95c48876c5b281ec2b3cb0c1eca0d56832d5593afa7426eee5909bc4ccac0c8e.map",
      "?? evidence/hardware/p7/authorized_sequence/p7_20260717_stationary_app_r74_formal_full/"
    ],
    "max_runtime_sec": 960,
    "lane_count": 2,
    "max_lane_mask": "0x3",
    "no_ethernet": true,
    "no_motion": true,
    "shutdown_on_exit": true,
    "abort_file": "D:\\CodexWorktrees\\p7formal_911e1a3\\RF_COMM_MULTILANE\\.hardware_authorization\\ABORT_NOW.txt",
    "abort_file_present": false,
    "hw_server_url": "localhost:3121",
    "preflight_tcl": "D:\\CodexWorktrees\\p7formal_911e1a3\\RF_COMM_MULTILANE\\scripts\\hw\\p7_hw_preflight.tcl",
    "preflight_tcl_sha256": "95bfbdf7e6c429e6637c1b4224a9dcecaa1fd756a1f665b21a797d54afbfc464",
    "artifacts": {
      "plan": {
        "path": "D:\\CodexWorktrees\\p7formal_911e1a3\\RF_COMM_MULTILANE\\evidence\\hardware\\p7\\artifacts\\p7_plan_c6db9d8348c3bc518fa5985595adfcdada1a08f11c9246c6103ec378b43b58dd.md",
        "expected_sha256": "c6db9d8348c3bc518fa5985595adfcdada1a08f11c9246c6103ec378b43b58dd",
        "exists": true,
        "actual_sha256": "c6db9d8348c3bc518fa5985595adfcdada1a08f11c9246c6103ec378b43b58dd"
      },
      "bitstream": {
        "path": "D:\\CodexWorktrees\\p7formal_911e1a3\\RF_COMM_MULTILANE\\evidence\\hardware\\p6\\bitstreams\\p6_jtag_dynamic_transport_798b0194029638fa27a254dd58db5d6fd28b65d91c5cf2c9e32c0f9076ee3c0f.bit",
        "expected_sha256": "798b0194029638fa27a254dd58db5d6fd28b65d91c5cf2c9e32c0f9076ee3c0f",
        "exists": true,
        "actual_sha256": "798b0194029638fa27a254dd58db5d6fd28b65d91c5cf2c9e32c0f9076ee3c0f"
      },
      "xsa": {
        "path": "D:\\CodexWorktrees\\p7formal_911e1a3\\RF_COMM_MULTILANE\\evidence\\hardware\\p6\\bitstreams\\p6_ps_dynamic_transport_45e39fa92e0199eef24892968e49e8abdaa9a7d9e4f571866b188316c6dc4cf0.xsa",
        "expected_sha256": "45e39fa92e0199eef24892968e49e8abdaa9a7d9e4f571866b188316c6dc4cf0",
        "exists": true,
        "actual_sha256": "45e39fa92e0199eef24892968e49e8abdaa9a7d9e4f571866b188316c6dc4cf0"
      },
      "elf": {
        "path": "D:\\CodexWorktrees\\p7formal_911e1a3\\RF_COMM_MULTILANE\\evidence\\hardware\\p7\\artifacts\\p7_runtime_2efe94a236b8c287b8287ada06505253f455447cb88492b3f61e87accebf9949.elf",
        "expected_sha256": "2efe94a236b8c287b8287ada06505253f455447cb88492b3f61e87accebf9949",
        "exists": true,
        "actual_sha256": "2efe94a236b8c287b8287ada06505253f455447cb88492b3f61e87accebf9949"
      },
      "profile": {
        "path": "D:\\CodexWorktrees\\p7formal_911e1a3\\RF_COMM_MULTILANE\\profiles\\p7\\p7_stationary_app_30min.json",
        "expected_sha256": "65a36a8318e7fd1e3b647997aceca773c69e76eee85cb8fae922148ccd8f3c94",
        "exists": true,
        "actual_sha256": "65a36a8318e7fd1e3b647997aceca773c69e76eee85cb8fae922148ccd8f3c94"
      },
      "active_xdc": {
        "path": "D:\\CodexWorktrees\\p7formal_911e1a3\\RF_COMM_MULTILANE\\constraints\\active\\PORT1.generated.xdc",
        "expected_sha256": "f53239e233c25509b6f15b5d0154be07f686c83c1568524a9ecf2e4bcbaa1344",
        "exists": true,
        "actual_sha256": "f53239e233c25509b6f15b5d0154be07f686c83c1568524a9ecf2e4bcbaa1344"
      },
      "pinmap": {
        "path": "D:\\CodexWorktrees\\p7formal_911e1a3\\RF_COMM_MULTILANE\\board_profiles\\ax7010_tfdu_j10_j11_pinmap.csv",
        "expected_sha256": "583a0151cb1e968f7d0782e38d20e1e4b9df387310966561c14fb2383a8541cd",
        "exists": true,
        "actual_sha256": "583a0151cb1e968f7d0782e38d20e1e4b9df387310966561c14fb2383a8541cd"
      },
      "register_map": {
        "path": "D:\\CodexWorktrees\\p7formal_911e1a3\\RF_COMM_MULTILANE\\config\\register_map\\ir_axi_regs.yaml",
        "expected_sha256": "d5b0bf1476d815a3ed69988c72097827356d4eade48813c8913fc1b2d448983d",
        "exists": true,
        "actual_sha256": "d5b0bf1476d815a3ed69988c72097827356d4eade48813c8913fc1b2d448983d"
      },
      "shutdown_bitstream": {
        "path": "D:\\CodexWorktrees\\p7formal_911e1a3\\RF_COMM_MULTILANE\\shutdown_bitstream\\tfdu_shutdown_j10_j11.bit",
        "expected_sha256": "bac60b58912f0acd771dc830a6761535ec8f6a92befb1ae4cb7d928745af5810",
        "exists": true,
        "actual_sha256": "bac60b58912f0acd771dc830a6761535ec8f6a92befb1ae4cb7d928745af5810"
      },
      "ltx": {
        "path": "D:\\CodexWorktrees\\p7formal_911e1a3\\RF_COMM_MULTILANE\\evidence\\hardware\\p6\\bitstreams\\p6_jtag_dynamic_transport_76fe1ec47871946a7d357b0caa1f669500de827b796d6154dcc54678e0ac7083.ltx",
        "expected_sha256": "76fe1ec47871946a7d357b0caa1f669500de827b796d6154dcc54678e0ac7083",
        "exists": true,
        "actual_sha256": "76fe1ec47871946a7d357b0caa1f669500de827b796d6154dcc54678e0ac7083"
      }
    },
    "errors": [],
    "warnings": [
      "workspace has uncommitted changes; frozen artifact hashes remain authoritative"
    ]
  },
  "stage_validation_errors": [],
  "transaction_validation": {
    "format": "P7_JTAG_AXI_TRANSACTIONS_V1",
    "path": "D:\\CodexWorktrees\\p7formal_911e1a3\\RF_COMM_MULTILANE\\build\\p7_authorized_sequence\\p7_20260717_stationary_app_r74_formal_full\\transactions\\005_p7_fragment_boundary_0_l0.transactions.txt",
    "expected_sha256": "9c6abed425836dad12d83cf9486040df79e4284d23333bf6d5ce5baec971c5d7",
    "actual_sha256": "9c6abed425836dad12d83cf9486040df79e4284d23333bf6d5ce5baec971c5d7",
    "operation_count": 80,
    "poll_operation_count": 2,
    "poll_iteration_ceiling": 12000,
    "metadata": {
      "BACKEND": "p7_jtag_backend",
      "LANE_POLICY": "LANE0_ONLY"
    },
    "errors": [],
    "size_bytes": 3000,
    "start_operation_count": 1,
    "commit_operation_count": 1,
    "payload_write_count": 8,
    "logical_axi_operation_count": 80,
    "minimum_run_hw_axi_call_count": 18,
    "multi_transaction_batch_count": 8,
    "batched_single_word_transaction_count": 70,
    "max_batch_transactions": 16,
    "axi4_incr_burst_count": 3,
    "axi4_incr_burst_word_count": 24,
    "max_axi4_incr_burst_words": 8,
    "queued_single_run_hw_axi_call_count": 7,
    "queued_single_multi_transaction_batch_count": 5,
    "queued_single_transaction_count": 48,
    "max_queued_single_transactions": 16,
    "ordered_control_write_run_hw_axi_call_count": 6,
    "queued_control_write_transaction_count": 0,
    "standalone_run_hw_axi_call_count": 10,
    "result_keys": [
      "P7F00000_ACK_SEEN",
      "P7F00000_ACK_SENT",
      "P7F00000_COMMIT",
      "P7F00000_COMMIT_POLLS",
      "P7F00000_CRC_BAD",
      "P7F00000_DONE",
      "P7F00000_DONE_POLLS",
      "P7F00000_DUTY_VIOLATION",
      "P7F00000_ERROR_CODE",
      "P7F00000_FRAME_BAD",
      "P7F00000_FRAME_GOOD",
      "P7F00000_MAILBOX",
      "P7F00000_PAYLOAD_MISMATCH",
      "P7F00000_RAW_RX_PULSES",
      "P7F00000_RAW_TX_PULSES",
      "P7F00000_RETRY_COUNT",
      "P7F00000_RETRY_EXHAUSTED",
      "P7F00000_RXW000",
      "P7F00000_RXW001",
      "P7F00000_RXW002",
      "P7F00000_RXW003",
      "P7F00000_RXW004",
      "P7F00000_RXW005",
      "P7F00000_RXW006",
      "P7F00000_RXW007",
      "P7F00000_RX_CRC32",
      "P7F00000_RX_DIGEST",
      "P7F00000_RX_GOOD_COUNT_L0",
      "P7F00000_RX_GOOD_COUNT_L1",
      "P7F00000_RX_LEN",
      "P7F00000_STATUS",
      "P7F00000_STICKY_ERROR",
      "P7F00000_TXD_HIGH_MAX",
      "P7F00000_TXW000",
      "P7F00000_TXW001",
      "P7F00000_TXW002",
      "P7F00000_TXW003",
      "P7F00000_TXW004",
      "P7F00000_TXW005",
      "P7F00000_TXW006",
      "P7F00000_TXW007",
      "P7F00000_TX_COUNT",
      "P7F00000_TX_CRC32",
      "P7F00000_TX_FAIL",
      "P7_BASE_ACK_SEEN",
      "P7_BASE_ACK_SENT",
      "P7_BASE_CRC_BAD",
      "P7_BASE_DUTY_VIOLATION",
      "P7_BASE_ERROR_CODE",
      "P7_BASE_FRAME_BAD",
      "P7_BASE_FRAME_GOOD",
      "P7_BASE_PAYLOAD_MISMATCH",
      "P7_BASE_RAW_RX_PULSES",
      "P7_BASE_RAW_TX_PULSES",
      "P7_BASE_RETRY_COUNT",
      "P7_BASE_RETRY_EXHAUSTED",
      "P7_BASE_RX_GOOD_COUNT_L0",
      "P7_BASE_RX_GOOD_COUNT_L1",
      "P7_BASE_STICKY_ERROR",
      "P7_BASE_TXD_HIGH_MAX",
      "P7_BASE_TX_COUNT",
      "P7_BASE_TX_FAIL",
      "P7_FINAL_SHUTDOWN_REASON"
    ],
    "write_operations": [
      {
        "offset": "0x100",
        "value": "0x00000002"
      },
      {
        "offset": "0x100",
        "value": "0x00000002"
      },
      {
        "offset": "0x200",
        "value": "0x50414652"
      },
      {
        "offset": "0x204",
        "value": "0x00200301"
      },
      {
        "offset": "0x208",
        "value": "0x50370005"
      },
      {
        "offset": "0x20c",
        "value": "0x00000005"
      },
      {
        "offset": "0x210",
        "value": "0x00000000"
      },
      {
        "offset": "0x214",
        "value": "0x00010000"
      },
      {
        "offset": "0x218",
        "value": "0x00000000"
      },
      {
        "offset": "0x21c",
        "value": "0x00000000"
      },
      {
        "offset": "0x108",
        "value": "0x00002201"
      },
      {
        "offset": "0x10c",
        "value": "0x00000001"
      },
      {
        "offset": "0x110",
        "value": "0x00000001"
      },
      {
        "offset": "0x114",
        "value": "0x00000020"
      },
      {
        "offset": "0x15c",
        "value": "0x0061a800"
      },
      {
        "offset": "0x100",
        "value": "0x00000004"
      },
      {
        "offset": "0x100",
        "value": "0x00000008"
      },
      {
        "offset": "0x100",
        "value": "0x00000030"
      },
      {
        "offset": "0x100",
        "value": "0x00000030"
      }
    ],
    "runtime_feasibility": {
      "jtag_frequency_hz": 1000000,
      "reference_jtag_frequency_hz": 1000000,
      "estimated_axi_operation_us_at_1mhz": 1250,
      "estimated_stage_fixed_overhead_seconds": 30.0,
      "estimate_model": "one_axi_read_per_poll_operation_global_deadline_authoritative",
      "estimated_stage_runtime_seconds": 30.1,
      "minimum_stage_runtime_sec": 31,
      "authorized_runtime_sec": 960,
      "feasible_within_authorized_runtime": true,
      "containment_initial_empty_wait_seconds": 0,
      "expected_tool_daemon_grace_seconds": 30,
      "containment_total_exit_window_seconds": 30,
      "containment_topology_revalidation_interval_seconds": 0.1,
      "containment_forced_cleanup_wait_seconds": 10,
      "containment_failure_bound_seconds": 40,
      "jtag_wrapper_vivado_process_count": 4,
      "jtag_wrapper_containment_allowance_seconds": 120,
      "jtag_wrapper_max_forced_cleanup_events": 2,
      "jtag_wrapper_forced_cleanup_reserve_seconds": 20,
      "jtag_wrapper_other_guard_seconds": 65,
      "jtag_wrapper_bookkeeping_guard_seconds": 45,
      "jtag_wrapper_other_guard_after_forced_cleanup_seconds": 45,
      "global_runtime_budget": {
        "minimum_estimated_global_runtime_sec": 396,
        "configured_global_timeout_ceiling_sec": 915,
        "authorized_global_runtime_sec": 960,
        "containment_initial_empty_wait_seconds": 0,
        "expected_tool_daemon_grace_seconds": 30,
        "containment_total_exit_window_seconds": 30,
        "containment_topology_revalidation_interval_seconds": 0.1,
        "containment_success_bound_seconds_each": 30,
        "containment_failure_bound_seconds_each": 40,
        "contained_vivado_process_count": 4,
        "containment_allowance_seconds": 120,
        "max_forced_cleanup_events": 2,
        "forced_cleanup_wait_seconds": 10,
        "forced_cleanup_reserve_seconds": 20,
        "other_guard_seconds": 65,
        "bookkeeping_guard_seconds": 45,
        "other_guard_after_forced_cleanup_seconds": 45,
        "configured_unallocated_margin_seconds": 45,
        "estimated_unallocated_margin_seconds": 564,
        "minimum_stage_fits_configured_timeout": true,
        "feasible": true
      }
    },
    "valid": true,
    "backend_manifest": {
      "path": "D:\\CodexWorktrees\\p7formal_911e1a3\\RF_COMM_MULTILANE\\build\\p7_authorized_sequence\\p7_20260717_stationary_app_r74_formal_full\\manifests\\005_p7_fragment_boundary_0_l0.manifest.json",
      "expected_sha256": "d0d9803e50210f77cb06fc0a80950c562cc74eb853637ae03a5557b1eedce52d",
      "actual_sha256": "d0d9803e50210f77cb06fc0a80950c562cc74eb853637ae03a5557b1eedce52d",
      "schema": "rfap-p7-jtag-axi-dry-run-v1",
      "input_length": 0,
      "input_sha256": "e3b0c44298fc1c149afbf4c8996fb92427ae41e4649b934ca495991b7852b855",
      "lane_policy": "LANE0_ONLY",
      "transaction_operation_count": 80
    },
    "global_runtime_budget": {
      "minimum_estimated_global_runtime_sec": 396,
      "configured_global_timeout_ceiling_sec": 915,
      "authorized_global_runtime_sec": 960,
      "containment_initial_empty_wait_seconds": 0,
      "expected_tool_daemon_grace_seconds": 30,
      "containment_total_exit_window_seconds": 30,
      "containment_topology_revalidation_interval_seconds": 0.1,
      "containment_success_bound_seconds_each": 30,
      "containment_failure_bound_seconds_each": 40,
      "contained_vivado_process_count": 4,
      "containment_allowance_seconds": 120,
      "max_forced_cleanup_events": 2,
      "forced_cleanup_wait_seconds": 10,
      "forced_cleanup_reserve_seconds": 20,
      "other_guard_seconds": 65,
      "bookkeeping_guard_seconds": 45,
      "other_guard_after_forced_cleanup_seconds": 45,
      "configured_unallocated_margin_seconds": 45,
      "estimated_unallocated_margin_seconds": 564,
      "minimum_stage_fits_configured_timeout": true,
      "feasible": true
    }
  },
  "exit_code_policy": "returncode_must_be_exactly_zero_and_required_markers_must_match",
  "transaction_format_boundary": "strict_P7_JTAG_AXI_TRANSACTIONS_V1_no_source_no_eval_no_external_commands",
  "hardware_execution_lock": {
    "path": "D:\\CodexWorktrees\\p7formal_911e1a3\\RF_COMM_MULTILANE\\.hardware_authorization\\P7_HARDWARE_EXECUTION.lock",
    "token_sha256": "e1e7dc5c6a8c91931977b9b18f45874838914e69d5fa9dc1a54763b0215c7b56",
    "owner": {
      "schema": "rf-comm-p7-hardware-execution-lock-v1",
      "pid": 12940,
      "wrapper": "run_p7_jtag_axi_stage_safe.py",
      "stage_name": "p7_fragment_boundary_0_l0",
      "acquired_at_utc": "2026-07-16T20:48:34.487783+00:00",
      "evidence_dir": "D:\\CodexWorktrees\\p7formal_911e1a3\\RF_COMM_MULTILANE\\evidence\\hardware\\p7\\authorized_sequence\\p7_20260717_stationary_app_r74_formal_full\\005_p7_fragment_boundary_0_l0"
    },
    "acquired": true,
    "stale_lock_auto_recovery": false
  },
  "global_runtime_deadline_source": "host_monotonic",
  "global_runtime_guard_seconds": 65,
  "global_runtime_budget_components": {
    "contained_vivado_process_count": 4,
    "initial_empty_wait_seconds_per_process": 0,
    "expected_tool_daemon_grace_seconds_per_process": 30,
    "total_containment_window_seconds_per_process": 30,
    "topology_revalidation_interval_seconds": 0.1,
    "containment_allowance_seconds": 120,
    "forced_cleanup_wait_seconds": 10,
    "failure_containment_bound_seconds_per_failed_process": 40,
    "max_forced_cleanup_events": 2,
    "forced_cleanup_reserve_seconds": 20,
    "bookkeeping_guard_seconds": 45,
    "other_guard_seconds": 65
  },
  "evidence_dir": "D:\\CodexWorktrees\\p7formal_911e1a3\\RF_COMM_MULTILANE\\evidence\\hardware\\p7\\authorized_sequence\\p7_20260717_stationary_app_r74_formal_full\\005_p7_fragment_boundary_0_l0",
  "event_log": "D:\\CodexWorktrees\\p7formal_911e1a3\\RF_COMM_MULTILANE\\evidence\\hardware\\p7\\authorized_sequence\\p7_20260717_stationary_app_r74_formal_full\\005_p7_fragment_boundary_0_l0\\p7_jtag_axi_stage_events.jsonl",
  "vivado_helper_identity_validation": {
    "schema": "rf-comm-p7-vivado-helper-identity-validation-v1",
    "phase": "VIVADO_HELPER_IDENTITY",
    "status": "PASS",
    "error_code": "NONE",
    "hardware_actions_executed": false,
    "hardware_connection_attempted": false,
    "tfdu_touched": false,
    "ethernet_transport_used": false,
    "motion_used": false,
    "campaign_lock_created": false,
    "campaign_attempt_created": false,
    "manifest": {
      "path": "D:\\CodexWorktrees\\p7formal_911e1a3\\RF_COMM_MULTILANE\\config\\p7_vivado_helper_identity_profiles.json",
      "sha256": "67645bc53ae6c484204604ae3741bbce2d24fb7dbff6a5e63e8ea1a68972ed94",
      "manifest_id": "p7_vivado_2023_1_helper_identity_20260716"
    },
    "runtime_profile_id": "vivado_2023_1_windows_26200_8875_system_helpers",
    "errors": [],
    "vivado_launcher": "D:\\Xilinx\\Vivado\\2023.1\\bin\\vivado.bat",
    "derived_helper_paths": {
      "cs_server": "D:\\Xilinx\\Vivado\\2023.1\\bin\\unwrapped\\win64.o\\cs_server.exe",
      "rdi_xsdb": "D:\\Xilinx\\Vivado\\2023.1\\bin\\unwrapped\\win64.o\\rdi_xsdb.exe",
      "cmd": "C:\\Windows\\System32\\cmd.exe",
      "conhost": "C:\\Windows\\System32\\conhost.exe"
    },
    "observed_file_records": {
      "cs_server": {
        "path": "D:\\Xilinx\\Vivado\\2023.1\\bin\\unwrapped\\win64.o\\cs_server.exe",
        "sha256": "9bf0e15ffe162a96679c14b8117cf8ebe8a47b8032bee4ab8cb0317c112df536",
        "bytes": 12408496
      },
      "rdi_xsdb": {
        "path": "D:\\Xilinx\\Vivado\\2023.1\\bin\\unwrapped\\win64.o\\rdi_xsdb.exe",
        "sha256": "3193d8c4e7115e82e5b4ea6c2eb1aa8a7566bd5a9f9c78e9d901b9eab9d4ebfc",
        "bytes": 29288
      },
      "cmd": {
        "path": "C:\\Windows\\System32\\cmd.exe",
        "sha256": "65ec268add3973b6dca64222985da47caeaee44a340b0ec1466782914fd743d9",
        "bytes": 344064
      },
      "conhost": {
        "path": "C:\\Windows\\System32\\conhost.exe",
        "sha256": "32e45de7f02912f3907083690043df4abdc4705eea28300719788eaa4a339d0b",
        "bytes": 1007616
      }
    },
    "observed_sha256_by_role": {
      "cs_server": "9bf0e15ffe162a96679c14b8117cf8ebe8a47b8032bee4ab8cb0317c112df536",
      "rdi_xsdb": "3193d8c4e7115e82e5b4ea6c2eb1aa8a7566bd5a9f9c78e9d901b9eab9d4ebfc",
      "cmd": "65ec268add3973b6dca64222985da47caeaee44a340b0ec1466782914fd743d9",
      "conhost": "32e45de7f02912f3907083690043df4abdc4705eea28300719788eaa4a339d0b"
    },
    "observed_complete_hash_profile_id": "vivado_2023_1_windows_26200_8875_system_helpers",
    "identity_probe": {
      "path": "D:\\CodexWorktrees\\p7formal_911e1a3\\RF_COMM_MULTILANE\\scripts\\hw\\p7_helper_identity_probe.ps1",
      "sha256": "46ae65f7eea40c1cdda5595a69b36acc6d1add7e231b6319674304100385ea25"
    },
    "probe_host_file_record": {
      "path": "C:\\Windows\\System32\\WindowsPowerShell\\v1.0\\powershell.exe",
      "sha256": "7600ffe12da441fe89d035b13801e8e91d064bc544a27b19a5cf49f6ab8b18f5",
      "bytes": 454656
    },
    "probe_exact_argv": [
      "C:\\Windows\\System32\\WindowsPowerShell\\v1.0\\powershell.exe",
      "-NoLogo",
      "-NoProfile",
      "-NonInteractive",
      "-ExecutionPolicy",
      "Bypass",
      "-File",
      "D:\\CodexWorktrees\\p7formal_911e1a3\\RF_COMM_MULTILANE\\scripts\\hw\\p7_helper_identity_probe.ps1",
      "-CsServer",
      "D:\\Xilinx\\Vivado\\2023.1\\bin\\unwrapped\\win64.o\\cs_server.exe",
      "-RdiXsdb",
      "D:\\Xilinx\\Vivado\\2023.1\\bin\\unwrapped\\win64.o\\rdi_xsdb.exe",
      "-Cmd",
      "C:\\Windows\\System32\\cmd.exe",
      "-Conhost",
      "C:\\Windows\\System32\\conhost.exe"
    ],
    "probe_environment": {
      "SystemRoot": "C:\\Windows",
      "WINDIR": "C:\\Windows",
      "COMSPEC": "C:\\Windows\\System32\\cmd.exe",
      "PATH": "C:\\Windows\\System32;C:\\Windows\\System32\\WindowsPowerShell\\v1.0",
      "TEMP": "C:\\Users\\user\\AppData\\Local\\Temp",
      "TMP": "C:\\Users\\user\\AppData\\Local\\Temp",
      "ALLUSERSPROFILE": "C:\\ProgramData",
      "APPDATA": "C:\\Users\\user\\AppData\\Roaming",
      "CommonProgramFiles": "C:\\Program Files\\Common Files",
      "CommonProgramFiles(x86)": "C:\\Program Files (x86)\\Common Files",
      "CommonProgramW6432": "C:\\Program Files\\Common Files",
      "HOMEDRIVE": "C:",
      "HOMEPATH": "\\Users\\user",
      "LOCALAPPDATA": "C:\\Users\\user\\AppData\\Local",
      "NUMBER_OF_PROCESSORS": "28",
      "OS": "Windows_NT",
      "PROCESSOR_ARCHITECTURE": "AMD64",
      "PROCESSOR_IDENTIFIER": "Intel64 Family 6 Model 183 Stepping 1, GenuineIntel",
      "PROCESSOR_LEVEL": "6",
      "PROCESSOR_REVISION": "b701",
      "ProgramData": "C:\\ProgramData",
      "ProgramFiles": "C:\\Program Files",
      "ProgramFiles(x86)": "C:\\Program Files (x86)",
      "ProgramW6432": "C:\\Program Files",
      "PSModulePath": "C:\\Users\\user\\Documents\\WindowsPowerShell\\Modules;C:\\Program Files\\WindowsPowerShell\\Modules;C:\\WINDOWS\\system32\\WindowsPowerShell\\v1.0\\Modules",
      "PUBLIC": "C:\\Users\\Public",
      "SystemDrive": "C:",
      "USERDOMAIN": "DESKTOP-PU0AECA",
      "USERNAME": "user",
      "USERPROFILE": "C:\\Users\\user"
    },
    "probe_returncode": 0,
    "probe_stderr": "",
    "probe_payload": {
      "schema": "rf-comm-p7-vivado-helper-identity-probe-v1",
      "probe_host": {
        "role": "probe_host",
        "path": "C:\\Windows\\System32\\WindowsPowerShell\\v1.0\\powershell.exe",
        "bytes": 454656,
        "file_version": "10.0.26100.8875",
        "product_version": "10.0.26100.8875",
        "company_name": "Microsoft Corporation",
        "signature_status": "Valid",
        "signature_type": "Catalog",
        "signer_subject": "CN=Microsoft Windows, O=Microsoft Corporation, L=Redmond, S=Washington, C=US",
        "signer_thumbprint": "DC91E564D5BC1E3A8E02D6A8508682ABEA8A2443"
      },
      "records": [
        {
          "role": "cs_server",
          "path": "D:\\Xilinx\\Vivado\\2023.1\\bin\\unwrapped\\win64.o\\cs_server.exe",
          "bytes": 12408496,
          "file_version": "0.0.0.0",
          "product_version": "0.0.0.0",
          "company_name": "",
          "signature_status": "Valid",
          "signature_type": "Authenticode",
          "signer_subject": "CN=Xilinx Inc., O=Xilinx Inc., S=Colorado, C=US, OID.2.5.4.15=Private Organization, OID.1.3.6.1.4.1.311.60.2.1.2=Delaware, OID.1.3.6.1.4.1.311.60.2.1.3=US, SERIALNUMBER=2221167",
          "signer_thumbprint": "F5BF7E059AA73C3F69350328C95EF3C0C7B654CB"
        },
        {
          "role": "rdi_xsdb",
          "path": "D:\\Xilinx\\Vivado\\2023.1\\bin\\unwrapped\\win64.o\\rdi_xsdb.exe",
          "bytes": 29288,
          "file_version": "0.0.0.0",
          "product_version": "0.0.0.0",
          "company_name": "",
          "signature_status": "Valid",
          "signature_type": "Authenticode",
          "signer_subject": "CN=Xilinx Inc., O=Xilinx Inc., S=Colorado, C=US, OID.2.5.4.15=Private Organization, OID.1.3.6.1.4.1.311.60.2.1.2=Delaware, OID.1.3.6.1.4.1.311.60.2.1.3=US, SERIALNUMBER=2221167",
          "signer_thumbprint": "F5BF7E059AA73C3F69350328C95EF3C0C7B654CB"
        },
        {
          "role": "cmd",
          "path": "C:\\Windows\\System32\\cmd.exe",
          "bytes": 344064,
          "file_version": "10.0.26100.8737",
          "product_version": "10.0.26100.8737",
          "company_name": "Microsoft Corporation",
          "signature_status": "Valid",
          "signature_type": "Catalog",
          "signer_subject": "CN=Microsoft Windows, O=Microsoft Corporation, L=Redmond, S=Washington, C=US",
          "signer_thumbprint": "DC91E564D5BC1E3A8E02D6A8508682ABEA8A2443"
        },
        {
          "role": "conhost",
          "path": "C:\\Windows\\System32\\conhost.exe",
          "bytes": 1007616,
          "file_version": "10.0.26100.8737",
          "product_version": "10.0.26100.8737",
          "company_name": "Microsoft Corporation",
          "signature_status": "Valid",
          "signature_type": "Catalog",
          "signer_subject": "CN=Microsoft Windows, O=Microsoft Corporation, L=Redmond, S=Washington, C=US",
          "signer_thumbprint": "85DF8AC9B594E3C055692AE52D3E8E93889D9EC9"
        }
      ]
    }
  },
  "preflight_process": {
    "name": "preflight",
    "returncode": 0,
    "stdout_path": "D:\\CodexWorktrees\\p7formal_911e1a3\\RF_COMM_MULTILANE\\evidence\\hardware\\p7\\authorized_sequence\\p7_20260717_stationary_app_r74_formal_full\\005_p7_fragment_boundary_0_l0\\p7_preflight.stdout.log",
    "stderr_path": "D:\\CodexWorktrees\\p7formal_911e1a3\\RF_COMM_MULTILANE\\evidence\\hardware\\p7\\authorized_sequence\\p7_20260717_stationary_app_r74_formal_full\\005_p7_fragment_boundary_0_l0\\p7_preflight.stderr.log",
    "elapsed_seconds": 31.208634,
    "argv": [
      "D:\\Xilinx\\Vivado\\2023.1\\bin\\vivado.bat",
      "-mode",
      "batch",
      "-source",
      "D:\\CodexWorktrees\\p7formal_911e1a3\\RF_COMM_MULTILANE\\scripts\\hw\\p7_hw_preflight.tcl",
      "-tclargs",
      "D:\\CodexWorktrees\\p7formal_911e1a3\\RF_COMM_MULTILANE",
      "D:\\CodexWorktrees\\p7formal_911e1a3\\RF_COMM_MULTILANE\\.hardware_authorization\\p7_20260717_stationary_app_r74_formal_full_005_p7_fragment_boundary_0_l0.txt",
      "210512180081",
      "xc7z010clg400-1",
      "localhost:3121/xilinx_tcf/Digilent/210512180081",
      "localhost:3121",
      "D:\\CodexWorktrees\\p7formal_911e1a3\\RF_COMM_MULTILANE\\evidence\\hardware\\p7\\authorized_sequence\\p7_20260717_stationary_app_r74_formal_full\\005_p7_fragment_boundary_0_l0\\p7_preflight_result.txt"
    ],
    "started_at_utc": "2026-07-16T20:48:34.803004+00:00",
    "ended_at_utc": "2026-07-16T20:49:06.011643+00:00",
    "timed_out": false,
    "abort_seen": false,
    "interrupted": false,
    "process_tree_terminated": false,
    "process_tree_reaped": true,
    "containment_kind": "WINDOWS_JOB_OBJECT_KILL_ON_CLOSE",
    "containment_assigned": true,
    "containment_closed": true,
    "descendant_count_after": 0,
    "expected_tool_daemon_grace_used": true,
    "expected_tool_daemon_grace_seconds": 30.0,
    "expected_tool_daemon_paths": [
      "D:\\Xilinx\\Vivado\\2023.1\\bin\\unwrapped\\win64.o\\cs_server.exe",
      "D:\\Xilinx\\Vivado\\2023.1\\bin\\unwrapped\\win64.o\\rdi_xsdb.exe",
      "C:\\Windows\\System32\\cmd.exe",
      "C:\\Windows\\System32\\conhost.exe"
    ],
    "descendant_paths_seen": [
      "C:\\Windows\\System32\\cmd.exe",
      "C:\\Windows\\System32\\conhost.exe",
      "D:\\Xilinx\\Vivado\\2023.1\\bin\\unwrapped\\win64.o\\cs_server.exe",
      "D:\\Xilinx\\Vivado\\2023.1\\bin\\unwrapped\\win64.o\\cs_server.exe",
      "D:\\Xilinx\\Vivado\\2023.1\\bin\\unwrapped\\win64.o\\rdi_xsdb.exe",
      "C:\\Windows\\System32\\conhost.exe"
    ],
    "descendant_processes_seen": [
      {
        "pid": 7148,
        "parent_pid": 5224,
        "parent_active_globally": false,
        "image_path": "C:\\Windows\\System32\\cmd.exe",
        "creation_time_100ns": 134287085237881257
      },
      {
        "pid": 9280,
        "parent_pid": 3024,
        "parent_active_globally": false,
        "image_path": "C:\\Windows\\System32\\conhost.exe",
        "creation_time_100ns": 134287085225894947
      },
      {
        "pid": 9396,
        "parent_pid": 10688,
        "parent_active_globally": false,
        "image_path": "D:\\Xilinx\\Vivado\\2023.1\\bin\\unwrapped\\win64.o\\cs_server.exe",
        "creation_time_100ns": 134287085232866593
      },
      {
        "pid": 19552,
        "parent_pid": 9396,
        "parent_active_globally": true,
        "image_path": "D:\\Xilinx\\Vivado\\2023.1\\bin\\unwrapped\\win64.o\\cs_server.exe",
        "creation_time_100ns": 134287085233791326
      },
      {
        "pid": 23896,
        "parent_pid": 7148,
        "parent_active_globally": true,
        "image_path": "D:\\Xilinx\\Vivado\\2023.1\\bin\\unwrapped\\win64.o\\rdi_xsdb.exe",
        "creation_time_100ns": 134287085241210462
      },
      {
        "pid": 26380,
        "parent_pid": 7148,
        "parent_active_globally": true,
        "image_path": "C:\\Windows\\System32\\conhost.exe",
        "creation_time_100ns": 134287085237953766
      }
    ],
    "expected_tool_daemon_classification": "EXACT_R2_VIVADO_EXIT_HELPER_FOREST",
    "expected_tool_daemon_topology_snapshots": [
      {
        "classification": "EXACT_R2_VIVADO_EXIT_HELPER_FOREST",
        "elapsed_seconds": 0.004498,
        "processes": [
          {
            "pid": 7148,
            "parent_pid": 5224,
            "parent_active_globally": false,
            "image_path": "C:\\Windows\\System32\\cmd.exe",
            "creation_time_100ns": 134287085237881257
          },
          {
            "pid": 9280,
            "parent_pid": 3024,
            "parent_active_globally": false,
            "image_path": "C:\\Windows\\System32\\conhost.exe",
            "creation_time_100ns": 134287085225894947
          },
          {
            "pid": 9396,
            "parent_pid": 10688,
            "parent_active_globally": false,
            "image_path": "D:\\Xilinx\\Vivado\\2023.1\\bin\\unwrapped\\win64.o\\cs_server.exe",
            "creation_time_100ns": 134287085232866593
          },
          {
            "pid": 19552,
            "parent_pid": 9396,
            "parent_active_globally": true,
            "image_path": "D:\\Xilinx\\Vivado\\2023.1\\bin\\unwrapped\\win64.o\\cs_server.exe",
            "creation_time_100ns": 134287085233791326
          },
          {
            "pid": 23896,
            "parent_pid": 7148,
            "parent_active_globally": true,
            "image_path": "D:\\Xilinx\\Vivado\\2023.1\\bin\\unwrapped\\win64.o\\rdi_xsdb.exe",
            "creation_time_100ns": 134287085241210462
          },
          {
            "pid": 26380,
            "parent_pid": 7148,
            "parent_active_globally": true,
            "image_path": "C:\\Windows\\System32\\conhost.exe",
            "creation_time_100ns": 134287085237953766
          }
        ]
      },
      {
        "classification": "STRICT_SHRINK_SUBSET_OF_EXACT_R2_VIVADO_EXIT_HELPER_FOREST",
        "elapsed_seconds": 19.679203,
        "processes": [
          {
            "pid": 9280,
            "parent_pid": 3024,
            "parent_active_globally": false,
            "image_path": "C:\\Windows\\System32\\conhost.exe",
            "creation_time_100ns": 134287085225894947
          },
          {
            "pid": 9396,
            "parent_pid": 10688,
            "parent_active_globally": false,
            "image_path": "D:\\Xilinx\\Vivado\\2023.1\\bin\\unwrapped\\win64.o\\cs_server.exe",
            "creation_time_100ns": 134287085232866593
          },
          {
            "pid": 19552,
            "parent_pid": 9396,
            "parent_active_globally": true,
            "image_path": "D:\\Xilinx\\Vivado\\2023.1\\bin\\unwrapped\\win64.o\\cs_server.exe",
            "creation_time_100ns": 134287085233791326
          }
        ]
      },
      {
        "classification": "EMPTY",
        "elapsed_seconds": 20.831689,
        "processes": []
      }
    ],
    "expected_tool_daemon_topology_revalidation_count": 197,
    "expected_tool_daemon_topology_monotonic": true,
    "expected_tool_daemon_topology_sample_elapsed_seconds": [
      4.7e-05,
      0.004498,
      0.110855,
      0.216912,
      0.322538,
      0.429594,
      0.535967,
      0.64173,
      0.747393,
      0.853187,
      0.95848,
      1.064182,
      1.170184,
      1.275861,
      1.381428,
      1.486815,
      1.591943,
      1.696831,
      1.802258,
      1.907483,
      2.012741,
      2.118567,
      2.224021,
      2.328951,
      2.434228,
      2.539337,
      2.645073,
      2.751018,
      2.856127,
      2.961146,
      3.066566,
      3.172318,
      3.277813,
      3.383058,
      3.488257,
      3.594212,
      3.699604,
      3.805582,
      3.910744,
      4.016217,
      4.121457,
      4.228101,
      4.333284,
      4.438746,
      4.543928,
      4.649631,
      4.755183,
      4.860309,
      4.965542,
      5.070784,
      5.176452,
      5.28142,
      5.386632,
      5.492249,
      5.597433,
      5.702777,
      5.808208,
      5.913238,
      6.018492,
      6.124216,
      6.230929,
      6.336178,
      6.442388,
      6.547779,
      6.653104,
      6.758352,
      6.863447,
      6.968534,
      7.073777,
      7.179088,
      7.284569,
      7.389694,
      7.494944,
      7.600445,
      7.705865,
      7.811121,
      7.916419,
      8.02185,
      8.126788,
      8.232679,
      8.337908,
      8.444048,
      8.549513,
      8.654902,
      8.760387,
      8.865166,
      8.970044,
      9.076239,
      9.181607,
      9.286783,
      9.391909,
      9.497057,
      9.602189,
      9.711779,
      9.817441,
      9.922514,
      10.028104,
      10.133489,
      10.239131,
      10.344456,
      10.450099,
      10.556274,
      10.661366,
      10.766531,
      10.871734,
      10.976464,
      11.081332,
      11.186283,
      11.291547,
      11.397418,
      11.503257,
      11.608939,
      11.715798,
      11.821023,
      11.926232,
      12.031429,
      12.13625,
      12.241678,
      12.346895,
      12.452336,
      12.558937,
      12.664372,
      12.769765,
      12.875317,
      12.980311,
      13.085334,
      13.190669,
      13.295645,
      13.401202,
      13.50665,
      13.612569,
      13.717819,
      13.822791,
      13.928377,
      14.033695,
      14.139703,
      14.245951,
      14.351836,
      14.457833,
      14.563246,
      14.66883,
      14.773815,
      14.879267,
      14.984138,
      15.089742,
      15.195024,
      15.301321,
      15.406994,
      15.512454,
      15.618391,
      15.72336,
      15.828475,
      15.933423,
      16.039331,
      16.145532,
      16.251217,
      16.356672,
      16.462053,
      16.567547,
      16.673007,
      16.778158,
      16.883146,
      16.988273,
      17.093399,
      17.198416,
      17.303777,
      17.409202,
      17.514353,
      17.619289,
      17.724633,
      17.830131,
      17.935329,
      18.041268,
      18.147058,
      18.252392,
      18.357751,
      18.46342,
      18.56888,
      18.674237,
      18.780216,
      18.885677,
      18.99202,
      19.097368,
      19.202308,
      19.307509,
      19.412783,
      19.518608,
      19.679203,
      19.784591,
      19.889333,
      19.994543,
      20.100568,
      20.205579,
      20.310382,
      20.41526,
      20.520239,
      20.625588,
      20.730441,
      20.831689
    ],
    "expected_tool_daemon_topology_max_sample_gap_seconds": 0.160595,
    "expected_tool_daemon_grace_elapsed_seconds": 20.831713,
    "expected_tool_daemon_hashes_verified": true,
    "expected_tool_daemon_sha256_by_role": {
      "cs_server": "9bf0e15ffe162a96679c14b8117cf8ebe8a47b8032bee4ab8cb0317c112df536",
      "rdi_xsdb": "3193d8c4e7115e82e5b4ea6c2eb1aa8a7566bd5a9f9c78e9d901b9eab9d4ebfc",
      "cmd": "65ec268add3973b6dca64222985da47caeaee44a340b0ec1466782914fd743d9",
      "conhost": "32e45de7f02912f3907083690043df4abdc4705eea28300719788eaa4a339d0b"
    },
    "expected_tool_daemon_hash_error": "",
    "expected_tool_daemon_prelaunch_hashes_verified": true,
    "expected_tool_daemon_prelaunch_sha256_by_role": {
      "cs_server": "9bf0e15ffe162a96679c14b8117cf8ebe8a47b8032bee4ab8cb0317c112df536",
      "rdi_xsdb": "3193d8c4e7115e82e5b4ea6c2eb1aa8a7566bd5a9f9c78e9d901b9eab9d4ebfc",
      "cmd": "65ec268add3973b6dca64222985da47caeaee44a340b0ec1466782914fd743d9",
      "conhost": "32e45de7f02912f3907083690043df4abdc4705eea28300719788eaa4a339d0b"
    },
    "expected_tool_daemon_prelaunch_hash_error": "",
    "expected_tool_daemon_postexit_hashes_verified": true,
    "expected_tool_daemon_postexit_sha256_by_role": {
      "cs_server": "9bf0e15ffe162a96679c14b8117cf8ebe8a47b8032bee4ab8cb0317c112df536",
      "rdi_xsdb": "3193d8c4e7115e82e5b4ea6c2eb1aa8a7566bd5a9f9c78e9d901b9eab9d4ebfc",
      "cmd": "65ec268add3973b6dca64222985da47caeaee44a340b0ec1466782914fd743d9",
      "conhost": "32e45de7f02912f3907083690043df4abdc4705eea28300719788eaa4a339d0b"
    },
    "expected_tool_daemon_postexit_hash_error": "",
    "expected_tool_daemon_topology_error": "",
    "expected_tool_daemon_topology_terminal_empty": true,
    "process_identity_query_retry_count": 1,
    "process_exit_race_recheck_count": 1,
    "process_identity_query_transient_errors": [],
    "containment_cleanup_attempted": false,
    "containment_cleanup_terminated": false,
    "process_exit_race_rechecked": true,
    "process_identity_query_retried": true,
    "containment_query_error": "",
    "launch_error": ""
  },
  "preflight_result_file": "D:\\CodexWorktrees\\p7formal_911e1a3\\RF_COMM_MULTILANE\\evidence\\hardware\\p7\\authorized_sequence\\p7_20260717_stationary_app_r74_formal_full\\005_p7_fragment_boundary_0_l0\\p7_preflight_result.txt",
  "preflight_failures": [],
  "target_identity": {
    "P7_HW_PREFLIGHT_AUTHORIZED": "1",
    "P7_HW_PREFLIGHT_READ_ONLY": "1",
    "P7_HW_PREFLIGHT_BOARD_ID": "210512180081",
    "P7_HW_PREFLIGHT_TARGET": "localhost:3121/xilinx_tcf/Digilent/210512180081",
    "P7_HW_PREFLIGHT_DEVICE": "xc7z010_1",
    "P7_HW_PREFLIGHT_PART": "xc7z010clg400-1",
    "P7_HW_PREFLIGHT_IDCODE": "00010011011100100010000010010011",
    "P7_HW_PREFLIGHT_CANONICAL_PART": "xc7z010clg400-1",
    "P7_HW_PREFLIGHT_LIVE_PART": "xc7z010",
    "P7_HW_PREFLIGHT_LIVE_DEVICE": "xc7z010_1",
    "P7_HW_PREFLIGHT_LIVE_IDCODE": "00010011011100100010000010010011",
    "P7_HW_PREFLIGHT_RESULT": "PASS"
  },
  "shutdown_before": {
    "name": "shutdown_before",
    "returncode": 0,
    "stdout_path": "D:\\CodexWorktrees\\p7formal_911e1a3\\RF_COMM_MULTILANE\\evidence\\hardware\\p7\\authorized_sequence\\p7_20260717_stationary_app_r74_formal_full\\005_p7_fragment_boundary_0_l0\\p7_shutdown_before.stdout.log",
    "stderr_path": "D:\\CodexWorktrees\\p7formal_911e1a3\\RF_COMM_MULTILANE\\evidence\\hardware\\p7\\authorized_sequence\\p7_20260717_stationary_app_r74_formal_full\\005_p7_fragment_boundary_0_l0\\p7_shutdown_before.stderr.log",
    "elapsed_seconds": 48.361584,
    "argv": [
      "D:\\Xilinx\\Vivado\\2023.1\\bin\\vivado.bat",
      "-mode",
      "batch",
      "-source",
      "D:\\CodexWorktrees\\p7formal_911e1a3\\RF_COMM_MULTILANE\\scripts\\hw\\p7_jtag_axi_transactions.tcl",
      "-tclargs",
      "D:\\CodexWorktrees\\p7formal_911e1a3\\RF_COMM_MULTILANE",
      "SHUTDOWN",
      "D:\\CodexWorktrees\\p7formal_911e1a3\\RF_COMM_MULTILANE\\.hardware_authorization\\p7_20260717_stationary_app_r74_formal_full_005_p7_fragment_boundary_0_l0.txt",
      "210512180081",
      "xc7z010clg400-1",
      "localhost:3121/xilinx_tcf/Digilent/210512180081",
      "localhost:3121",
      "1000000",
      "D:\\CodexWorktrees\\p7formal_911e1a3\\RF_COMM_MULTILANE\\shutdown_bitstream\\tfdu_shutdown_j10_j11.bit",
      "-",
      "-",
      "D:\\CodexWorktrees\\p7formal_911e1a3\\RF_COMM_MULTILANE\\evidence\\hardware\\p7\\authorized_sequence\\p7_20260717_stationary_app_r74_formal_full\\005_p7_fragment_boundary_0_l0\\p7_shutdown_before_result.txt",
      "0x43c00000",
      "1100000",
      "134217728",
      "550",
      "D:\\CodexWorktrees\\p7formal_911e1a3\\RF_COMM_MULTILANE\\shutdown_bitstream\\tfdu_shutdown_j10_j11.bit"
    ],
    "started_at_utc": "2026-07-16T20:49:06.029776+00:00",
    "ended_at_utc": "2026-07-16T20:49:54.391366+00:00",
    "timed_out": false,
    "abort_seen": false,
    "interrupted": false,
    "process_tree_terminated": false,
    "process_tree_reaped": true,
    "containment_kind": "WINDOWS_JOB_OBJECT_KILL_ON_CLOSE",
    "containment_assigned": true,
    "containment_closed": true,
    "descendant_count_after": 0,
    "expected_tool_daemon_grace_used": true,
    "expected_tool_daemon_grace_seconds": 30.0,
    "expected_tool_daemon_paths": [
      "D:\\Xilinx\\Vivado\\2023.1\\bin\\unwrapped\\win64.o\\cs_server.exe",
      "D:\\Xilinx\\Vivado\\2023.1\\bin\\unwrapped\\win64.o\\rdi_xsdb.exe",
      "C:\\Windows\\System32\\cmd.exe",
      "C:\\Windows\\System32\\conhost.exe"
    ],
    "descendant_paths_seen": [
      "D:\\Xilinx\\Vivado\\2023.1\\bin\\unwrapped\\win64.o\\cs_server.exe",
      "C:\\Windows\\System32\\conhost.exe",
      "D:\\Xilinx\\Vivado\\2023.1\\bin\\unwrapped\\win64.o\\rdi_xsdb.exe",
      "C:\\Windows\\System32\\cmd.exe",
      "C:\\Windows\\System32\\conhost.exe",
      "D:\\Xilinx\\Vivado\\2023.1\\bin\\unwrapped\\win64.o\\cs_server.exe"
    ],
    "descendant_processes_seen": [
      {
        "pid": 5808,
        "parent_pid": 11800,
        "parent_active_globally": false,
        "image_path": "D:\\Xilinx\\Vivado\\2023.1\\bin\\unwrapped\\win64.o\\cs_server.exe",
        "creation_time_100ns": 134287085545340954
      },
      {
        "pid": 19132,
        "parent_pid": 2168,
        "parent_active_globally": false,
        "image_path": "C:\\Windows\\System32\\conhost.exe",
        "creation_time_100ns": 134287085538114734
      },
      {
        "pid": 19916,
        "parent_pid": 23176,
        "parent_active_globally": true,
        "image_path": "D:\\Xilinx\\Vivado\\2023.1\\bin\\unwrapped\\win64.o\\rdi_xsdb.exe",
        "creation_time_100ns": 134287085553679769
      },
      {
        "pid": 23176,
        "parent_pid": 11792,
        "parent_active_globally": false,
        "image_path": "C:\\Windows\\System32\\cmd.exe",
        "creation_time_100ns": 134287085550374799
      },
      {
        "pid": 25068,
        "parent_pid": 23176,
        "parent_active_globally": true,
        "image_path": "C:\\Windows\\System32\\conhost.exe",
        "creation_time_100ns": 134287085550430965
      },
      {
        "pid": 26092,
        "parent_pid": 5808,
        "parent_active_globally": true,
        "image_path": "D:\\Xilinx\\Vivado\\2023.1\\bin\\unwrapped\\win64.o\\cs_server.exe",
        "creation_time_100ns": 134287085546283297
      }
    ],
    "expected_tool_daemon_classification": "EXACT_R2_VIVADO_EXIT_HELPER_FOREST",
    "expected_tool_daemon_topology_snapshots": [
      {
        "classification": "EXACT_R2_VIVADO_EXIT_HELPER_FOREST",
        "elapsed_seconds": 0.004537,
        "processes": [
          {
            "pid": 5808,
            "parent_pid": 11800,
            "parent_active_globally": false,
            "image_path": "D:\\Xilinx\\Vivado\\2023.1\\bin\\unwrapped\\win64.o\\cs_server.exe",
            "creation_time_100ns": 134287085545340954
          },
          {
            "pid": 19132,
            "parent_pid": 2168,
            "parent_active_globally": false,
            "image_path": "C:\\Windows\\System32\\conhost.exe",
            "creation_time_100ns": 134287085538114734
          },
          {
            "pid": 19916,
            "parent_pid": 23176,
            "parent_active_globally": true,
            "image_path": "D:\\Xilinx\\Vivado\\2023.1\\bin\\unwrapped\\win64.o\\rdi_xsdb.exe",
            "creation_time_100ns": 134287085553679769
          },
          {
            "pid": 23176,
            "parent_pid": 11792,
            "parent_active_globally": false,
            "image_path": "C:\\Windows\\System32\\cmd.exe",
            "creation_time_100ns": 134287085550374799
          },
          {
            "pid": 25068,
            "parent_pid": 23176,
            "parent_active_globally": true,
            "image_path": "C:\\Windows\\System32\\conhost.exe",
            "creation_time_100ns": 134287085550430965
          },
          {
            "pid": 26092,
            "parent_pid": 5808,
            "parent_active_globally": true,
            "image_path": "D:\\Xilinx\\Vivado\\2023.1\\bin\\unwrapped\\win64.o\\cs_server.exe",
            "creation_time_100ns": 134287085546283297
          }
        ]
      },
      {
        "classification": "STRICT_SHRINK_SUBSET_OF_EXACT_R2_VIVADO_EXIT_HELPER_FOREST",
        "elapsed_seconds": 19.642068,
        "processes": [
          {
            "pid": 5808,
            "parent_pid": 11800,
            "parent_active_globally": false,
            "image_path": "D:\\Xilinx\\Vivado\\2023.1\\bin\\unwrapped\\win64.o\\cs_server.exe",
            "creation_time_100ns": 134287085545340954
          },
          {
            "pid": 19132,
            "parent_pid": 2168,
            "parent_active_globally": false,
            "image_path": "C:\\Windows\\System32\\conhost.exe",
            "creation_time_100ns": 134287085538114734
          },
          {
            "pid": 26092,
            "parent_pid": 5808,
            "parent_active_globally": true,
            "image_path": "D:\\Xilinx\\Vivado\\2023.1\\bin\\unwrapped\\win64.o\\cs_server.exe",
            "creation_time_100ns": 134287085546283297
          }
        ]
      },
      {
        "classification": "EMPTY",
        "elapsed_seconds": 20.746487,
        "processes": []
      }
    ],
    "expected_tool_daemon_topology_revalidation_count": 197,
    "expected_tool_daemon_topology_monotonic": true,
    "expected_tool_daemon_topology_sample_elapsed_seconds": [
      4.1e-05,
      0.004537,
      0.112198,
      0.21808,
      0.324365,
      0.430079,
      0.53544,
      0.641394,
      0.747206,
      0.852864,
      0.958772,
      1.063316,
      1.168614,
      1.274541,
      1.380488,
      1.486565,
      1.592636,
      1.698627,
      1.804543,
      1.911033,
      2.016887,
      2.126606,
      2.232486,
      2.338069,
      2.443029,
      2.548639,
      2.653932,
      2.759371,
      2.864735,
      2.969995,
      3.075887,
      3.180884,
      3.285733,
      3.390712,
      3.495665,
      3.600854,
      3.705916,
      3.811887,
      3.918013,
      4.023529,
      4.12852,
      4.233608,
      4.338821,
      4.443899,
      4.548992,
      4.65406,
      4.759737,
      4.865397,
      4.9713,
      5.076655,
      5.183029,
      5.288793,
      5.393666,
      5.498753,
      5.60369,
      5.70904,
      5.815838,
      5.921837,
      6.027834,
      6.133053,
      6.238273,
      6.343669,
      6.448753,
      6.554374,
      6.659221,
      6.764262,
      6.869664,
      6.976188,
      7.081593,
      7.187843,
      7.29285,
      7.397725,
      7.502759,
      7.607772,
      7.712684,
      7.817857,
      7.923596,
      8.029093,
      8.135443,
      8.241004,
      8.346063,
      8.451107,
      8.556598,
      8.66169,
      8.767021,
      8.872648,
      8.978659,
      9.083984,
      9.189907,
      9.29578,
      9.401065,
      9.507318,
      9.612751,
      9.717708,
      9.822592,
      9.927915,
      10.033362,
      10.138745,
      10.244146,
      10.350477,
      10.456519,
      10.562583,
      10.668812,
      10.774953,
      10.88119,
      10.987268,
      11.093676,
      11.199205,
      11.304967,
      11.41101,
      11.517825,
      11.623842,
      11.730122,
      11.836293,
      11.942141,
      12.04801,
      12.154167,
      12.260146,
      12.365801,
      12.470776,
      12.57668,
      12.68197,
      12.787754,
      12.892884,
      12.99979,
      13.10625,
      13.212637,
      13.318518,
      13.424196,
      13.529475,
      13.634564,
      13.739759,
      13.844575,
      13.950452,
      14.055637,
      14.160579,
      14.265655,
      14.370915,
      14.475886,
      14.580846,
      14.686196,
      14.791049,
      14.896458,
      15.001894,
      15.108518,
      15.214034,
      15.320244,
      15.425243,
      15.531024,
      15.63614,
      15.741066,
      15.846376,
      15.952601,
      16.05799,
      16.164036,
      16.269648,
      16.374691,
      16.480689,
      16.586078,
      16.691353,
      16.796611,
      16.901556,
      17.006851,
      17.112571,
      17.217675,
      17.322687,
      17.427819,
      17.53378,
      17.638902,
      17.744054,
      17.849146,
      17.955767,
      18.060983,
      18.165961,
      18.271668,
      18.376561,
      18.481784,
      18.586969,
      18.692031,
      18.797203,
      18.902168,
      19.007729,
      19.113488,
      19.219443,
      19.325441,
      19.431099,
      19.536228,
      19.642068,
      19.74702,
      19.851659,
      19.957885,
      20.063277,
      20.169227,
      20.2743,
      20.379613,
      20.484446,
      20.589312,
      20.695371,
      20.746487
    ],
    "expected_tool_daemon_topology_max_sample_gap_seconds": 0.109719,
    "expected_tool_daemon_grace_elapsed_seconds": 20.746504,
    "expected_tool_daemon_hashes_verified": true,
    "expected_tool_daemon_sha256_by_role": {
      "cs_server": "9bf0e15ffe162a96679c14b8117cf8ebe8a47b8032bee4ab8cb0317c112df536",
      "rdi_xsdb": "3193d8c4e7115e82e5b4ea6c2eb1aa8a7566bd5a9f9c78e9d901b9eab9d4ebfc",
      "cmd": "65ec268add3973b6dca64222985da47caeaee44a340b0ec1466782914fd743d9",
      "conhost": "32e45de7f02912f3907083690043df4abdc4705eea28300719788eaa4a339d0b"
    },
    "expected_tool_daemon_hash_error": "",
    "expected_tool_daemon_prelaunch_hashes_verified": true,
    "expected_tool_daemon_prelaunch_sha256_by_role": {
      "cs_server": "9bf0e15ffe162a96679c14b8117cf8ebe8a47b8032bee4ab8cb0317c112df536",
      "rdi_xsdb": "3193d8c4e7115e82e5b4ea6c2eb1aa8a7566bd5a9f9c78e9d901b9eab9d4ebfc",
      "cmd": "65ec268add3973b6dca64222985da47caeaee44a340b0ec1466782914fd743d9",
      "conhost": "32e45de7f02912f3907083690043df4abdc4705eea28300719788eaa4a339d0b"
    },
    "expected_tool_daemon_prelaunch_hash_error": "",
    "expected_tool_daemon_postexit_hashes_verified": true,
    "expected_tool_daemon_postexit_sha256_by_role": {
      "cs_server": "9bf0e15ffe162a96679c14b8117cf8ebe8a47b8032bee4ab8cb0317c112df536",
      "rdi_xsdb": "3193d8c4e7115e82e5b4ea6c2eb1aa8a7566bd5a9f9c78e9d901b9eab9d4ebfc",
      "cmd": "65ec268add3973b6dca64222985da47caeaee44a340b0ec1466782914fd743d9",
      "conhost": "32e45de7f02912f3907083690043df4abdc4705eea28300719788eaa4a339d0b"
    },
    "expected_tool_daemon_postexit_hash_error": "",
    "expected_tool_daemon_topology_error": "",
    "expected_tool_daemon_topology_terminal_empty": true,
    "process_identity_query_retry_count": 0,
    "process_exit_race_recheck_count": 0,
    "process_identity_query_transient_errors": [],
    "containment_cleanup_attempted": false,
    "containment_cleanup_terminated": false,
    "process_exit_race_rechecked": false,
    "process_identity_query_retried": false,
    "containment_query_error": "",
    "launch_error": "",
    "attempted": true,
    "programming_attempted": true,
    "result_file": "D:\\CodexWorktrees\\p7formal_911e1a3\\RF_COMM_MULTILANE\\evidence\\hardware\\p7\\authorized_sequence\\p7_20260717_stationary_app_r74_formal_full\\005_p7_fragment_boundary_0_l0\\p7_shutdown_before_result.txt",
    "passed": true,
    "failures": []
  },
  "shutdown_after": {
    "name": "shutdown_after",
    "returncode": 0,
    "stdout_path": "D:\\CodexWorktrees\\p7formal_911e1a3\\RF_COMM_MULTILANE\\evidence\\hardware\\p7\\authorized_sequence\\p7_20260717_stationary_app_r74_formal_full\\005_p7_fragment_boundary_0_l0\\p7_shutdown_after.stdout.log",
    "stderr_path": "D:\\CodexWorktrees\\p7formal_911e1a3\\RF_COMM_MULTILANE\\evidence\\hardware\\p7\\authorized_sequence\\p7_20260717_stationary_app_r74_formal_full\\005_p7_fragment_boundary_0_l0\\p7_shutdown_after.stderr.log",
    "elapsed_seconds": 48.326478,
    "argv": [
      "D:\\Xilinx\\Vivado\\2023.1\\bin\\vivado.bat",
      "-mode",
      "batch",
      "-source",
      "D:\\CodexWorktrees\\p7formal_911e1a3\\RF_COMM_MULTILANE\\scripts\\hw\\p7_jtag_axi_transactions.tcl",
      "-tclargs",
      "D:\\CodexWorktrees\\p7formal_911e1a3\\RF_COMM_MULTILANE",
      "SHUTDOWN",
      "D:\\CodexWorktrees\\p7formal_911e1a3\\RF_COMM_MULTILANE\\.hardware_authorization\\p7_20260717_stationary_app_r74_formal_full_005_p7_fragment_boundary_0_l0.txt",
      "210512180081",
      "xc7z010clg400-1",
      "localhost:3121/xilinx_tcf/Digilent/210512180081",
      "localhost:3121",
      "1000000",
      "D:\\CodexWorktrees\\p7formal_911e1a3\\RF_COMM_MULTILANE\\shutdown_bitstream\\tfdu_shutdown_j10_j11.bit",
      "-",
      "-",
      "D:\\CodexWorktrees\\p7formal_911e1a3\\RF_COMM_MULTILANE\\evidence\\hardware\\p7\\authorized_sequence\\p7_20260717_stationary_app_r74_formal_full\\005_p7_fragment_boundary_0_l0\\p7_shutdown_after_result.txt",
      "0x43c00000",
      "1100000",
      "134217728",
      "550",
      "D:\\CodexWorktrees\\p7formal_911e1a3\\RF_COMM_MULTILANE\\shutdown_bitstream\\tfdu_shutdown_j10_j11.bit"
    ],
    "started_at_utc": "2026-07-16T20:50:42.744216+00:00",
    "ended_at_utc": "2026-07-16T20:51:31.070699+00:00",
    "timed_out": false,
    "abort_seen": false,
    "interrupted": false,
    "process_tree_terminated": false,
    "process_tree_reaped": true,
    "containment_kind": "WINDOWS_JOB_OBJECT_KILL_ON_CLOSE",
    "containment_assigned": true,
    "containment_closed": true,
    "descendant_count_after": 0,
    "expected_tool_daemon_grace_used": true,
    "expected_tool_daemon_grace_seconds": 30.0,
    "expected_tool_daemon_paths": [
      "D:\\Xilinx\\Vivado\\2023.1\\bin\\unwrapped\\win64.o\\cs_server.exe",
      "D:\\Xilinx\\Vivado\\2023.1\\bin\\unwrapped\\win64.o\\rdi_xsdb.exe",
      "C:\\Windows\\System32\\cmd.exe",
      "C:\\Windows\\System32\\conhost.exe"
    ],
    "descendant_paths_seen": [
      "D:\\Xilinx\\Vivado\\2023.1\\bin\\unwrapped\\win64.o\\rdi_xsdb.exe",
      "C:\\Windows\\System32\\cmd.exe",
      "C:\\Windows\\System32\\conhost.exe",
      "C:\\Windows\\System32\\conhost.exe",
      "D:\\Xilinx\\Vivado\\2023.1\\bin\\unwrapped\\win64.o\\cs_server.exe",
      "D:\\Xilinx\\Vivado\\2023.1\\bin\\unwrapped\\win64.o\\cs_server.exe"
    ],
    "descendant_processes_seen": [
      {
        "pid": 8108,
        "parent_pid": 12848,
        "parent_active_globally": true,
        "image_path": "D:\\Xilinx\\Vivado\\2023.1\\bin\\unwrapped\\win64.o\\rdi_xsdb.exe",
        "creation_time_100ns": 134287086521453807
      },
      {
        "pid": 12848,
        "parent_pid": 20836,
        "parent_active_globally": false,
        "image_path": "C:\\Windows\\System32\\cmd.exe",
        "creation_time_100ns": 134287086518183716
      },
      {
        "pid": 15584,
        "parent_pid": 9704,
        "parent_active_globally": false,
        "image_path": "C:\\Windows\\System32\\conhost.exe",
        "creation_time_100ns": 134287086505888109
      },
      {
        "pid": 20560,
        "parent_pid": 12848,
        "parent_active_globally": true,
        "image_path": "C:\\Windows\\System32\\conhost.exe",
        "creation_time_100ns": 134287086518240768
      },
      {
        "pid": 23352,
        "parent_pid": 10500,
        "parent_active_globally": false,
        "image_path": "D:\\Xilinx\\Vivado\\2023.1\\bin\\unwrapped\\win64.o\\cs_server.exe",
        "creation_time_100ns": 134287086512965289
      },
      {
        "pid": 24264,
        "parent_pid": 23352,
        "parent_active_globally": true,
        "image_path": "D:\\Xilinx\\Vivado\\2023.1\\bin\\unwrapped\\win64.o\\cs_server.exe",
        "creation_time_100ns": 134287086513889945
      }
    ],
    "expected_tool_daemon_classification": "EXACT_R2_VIVADO_EXIT_HELPER_FOREST",
    "expected_tool_daemon_topology_snapshots": [
      {
        "classification": "EXACT_R2_VIVADO_EXIT_HELPER_FOREST",
        "elapsed_seconds": 0.004303,
        "processes": [
          {
            "pid": 8108,
            "parent_pid": 12848,
            "parent_active_globally": true,
            "image_path": "D:\\Xilinx\\Vivado\\2023.1\\bin\\unwrapped\\win64.o\\rdi_xsdb.exe",
            "creation_time_100ns": 134287086521453807
          },
          {
            "pid": 12848,
            "parent_pid": 20836,
            "parent_active_globally": false,
            "image_path": "C:\\Windows\\System32\\cmd.exe",
            "creation_time_100ns": 134287086518183716
          },
          {
            "pid": 15584,
            "parent_pid": 9704,
            "parent_active_globally": false,
            "image_path": "C:\\Windows\\System32\\conhost.exe",
            "creation_time_100ns": 134287086505888109
          },
          {
            "pid": 20560,
            "parent_pid": 12848,
            "parent_active_globally": true,
            "image_path": "C:\\Windows\\System32\\conhost.exe",
            "creation_time_100ns": 134287086518240768
          },
          {
            "pid": 23352,
            "parent_pid": 10500,
            "parent_active_globally": false,
            "image_path": "D:\\Xilinx\\Vivado\\2023.1\\bin\\unwrapped\\win64.o\\cs_server.exe",
            "creation_time_100ns": 134287086512965289
          },
          {
            "pid": 24264,
            "parent_pid": 23352,
            "parent_active_globally": true,
            "image_path": "D:\\Xilinx\\Vivado\\2023.1\\bin\\unwrapped\\win64.o\\cs_server.exe",
            "creation_time_100ns": 134287086513889945
          }
        ]
      },
      {
        "classification": "STRICT_SHRINK_SUBSET_OF_EXACT_R2_VIVADO_EXIT_HELPER_FOREST",
        "elapsed_seconds": 19.558994,
        "processes": [
          {
            "pid": 15584,
            "parent_pid": 9704,
            "parent_active_globally": false,
            "image_path": "C:\\Windows\\System32\\conhost.exe",
            "creation_time_100ns": 134287086505888109
          },
          {
            "pid": 23352,
            "parent_pid": 10500,
            "parent_active_globally": false,
            "image_path": "D:\\Xilinx\\Vivado\\2023.1\\bin\\unwrapped\\win64.o\\cs_server.exe",
            "creation_time_100ns": 134287086512965289
          },
          {
            "pid": 24264,
            "parent_pid": 23352,
            "parent_active_globally": true,
            "image_path": "D:\\Xilinx\\Vivado\\2023.1\\bin\\unwrapped\\win64.o\\cs_server.exe",
            "creation_time_100ns": 134287086513889945
          }
        ]
      },
      {
        "classification": "EMPTY",
        "elapsed_seconds": 20.608743,
        "processes": []
      }
    ],
    "expected_tool_daemon_topology_revalidation_count": 195,
    "expected_tool_daemon_topology_monotonic": true,
    "expected_tool_daemon_topology_sample_elapsed_seconds": [
      3.7e-05,
      0.004303,
      0.110428,
      0.215851,
      0.3221,
      0.427909,
      0.534259,
      0.639571,
      0.745677,
      0.851128,
      0.95697,
      1.062433,
      1.16816,
      1.274109,
      1.379939,
      1.485518,
      1.59075,
      1.696524,
      1.803048,
      1.909137,
      2.015034,
      2.120481,
      2.22622,
      2.332155,
      2.437784,
      2.54368,
      2.649098,
      2.754626,
      2.859753,
      2.965426,
      3.070489,
      3.175582,
      3.280548,
      3.386006,
      3.491268,
      3.596341,
      3.701623,
      3.806709,
      3.912443,
      4.017731,
      4.123182,
      4.229514,
      4.334966,
      4.440953,
      4.546056,
      4.65163,
      4.75708,
      4.861809,
      4.966999,
      5.072473,
      5.178225,
      5.283799,
      5.389028,
      5.494884,
      5.600434,
      5.706321,
      5.811835,
      5.917376,
      6.023447,
      6.129406,
      6.234929,
      6.341007,
      6.446369,
      6.552298,
      6.658316,
      6.764119,
      6.870198,
      6.975702,
      7.081946,
      7.187376,
      7.292369,
      7.397773,
      7.502681,
      7.607607,
      7.712966,
      7.81805,
      7.924289,
      8.030116,
      8.135866,
      8.242,
      8.348155,
      8.454182,
      8.55985,
      8.665459,
      8.771247,
      8.877054,
      8.983059,
      9.089415,
      9.194934,
      9.304182,
      9.410561,
      9.516493,
      9.621892,
      9.726668,
      9.831788,
      9.93788,
      10.043297,
      10.149937,
      10.255079,
      10.360219,
      10.465661,
      10.571622,
      10.677789,
      10.783708,
      10.888928,
      10.994107,
      11.099631,
      11.20561,
      11.311667,
      11.418272,
      11.524029,
      11.630327,
      11.735698,
      11.841616,
      11.947193,
      12.052537,
      12.158641,
      12.264448,
      12.370541,
      12.476494,
      12.582284,
      12.68784,
      12.794047,
      12.899827,
      13.005944,
      13.111867,
      13.217717,
      13.323635,
      13.429419,
      13.537318,
      13.643987,
      13.749912,
      13.856155,
      13.961924,
      14.067541,
      14.173231,
      14.278762,
      14.384725,
      14.490486,
      14.59654,
      14.702079,
      14.807782,
      14.913695,
      15.019708,
      15.12517,
      15.231012,
      15.33675,
      15.442391,
      15.547752,
      15.653845,
      15.75958,
      15.865689,
      15.971603,
      16.077352,
      16.183069,
      16.288476,
      16.393938,
      16.50358,
      16.608857,
      16.714664,
      16.819989,
      16.924991,
      17.030428,
      17.136185,
      17.24168,
      17.346952,
      17.452366,
      17.557836,
      17.662993,
      17.768059,
      17.873148,
      17.978068,
      18.08322,
      18.188917,
      18.293817,
      18.399425,
      18.504753,
      18.60996,
      18.714914,
      18.820158,
      18.925374,
      19.030885,
      19.136881,
      19.241948,
      19.348042,
      19.453471,
      19.558994,
      19.664196,
      19.769224,
      19.874051,
      19.978988,
      20.08441,
      20.190492,
      20.296091,
      20.402393,
      20.507322,
      20.608743
    ],
    "expected_tool_daemon_topology_max_sample_gap_seconds": 0.109642,
    "expected_tool_daemon_grace_elapsed_seconds": 20.608772,
    "expected_tool_daemon_hashes_verified": true,
    "expected_tool_daemon_sha256_by_role": {
      "cs_server": "9bf0e15ffe162a96679c14b8117cf8ebe8a47b8032bee4ab8cb0317c112df536",
      "rdi_xsdb": "3193d8c4e7115e82e5b4ea6c2eb1aa8a7566bd5a9f9c78e9d901b9eab9d4ebfc",
      "cmd": "65ec268add3973b6dca64222985da47caeaee44a340b0ec1466782914fd743d9",
      "conhost": "32e45de7f02912f3907083690043df4abdc4705eea28300719788eaa4a339d0b"
    },
    "expected_tool_daemon_hash_error": "",
    "expected_tool_daemon_prelaunch_hashes_verified": true,
    "expected_tool_daemon_prelaunch_sha256_by_role": {
      "cs_server": "9bf0e15ffe162a96679c14b8117cf8ebe8a47b8032bee4ab8cb0317c112df536",
      "rdi_xsdb": "3193d8c4e7115e82e5b4ea6c2eb1aa8a7566bd5a9f9c78e9d901b9eab9d4ebfc",
      "cmd": "65ec268add3973b6dca64222985da47caeaee44a340b0ec1466782914fd743d9",
      "conhost": "32e45de7f02912f3907083690043df4abdc4705eea28300719788eaa4a339d0b"
    },
    "expected_tool_daemon_prelaunch_hash_error": "",
    "expected_tool_daemon_postexit_hashes_verified": true,
    "expected_tool_daemon_postexit_sha256_by_role": {
      "cs_server": "9bf0e15ffe162a96679c14b8117cf8ebe8a47b8032bee4ab8cb0317c112df536",
      "rdi_xsdb": "3193d8c4e7115e82e5b4ea6c2eb1aa8a7566bd5a9f9c78e9d901b9eab9d4ebfc",
      "cmd": "65ec268add3973b6dca64222985da47caeaee44a340b0ec1466782914fd743d9",
      "conhost": "32e45de7f02912f3907083690043df4abdc4705eea28300719788eaa4a339d0b"
    },
    "expected_tool_daemon_postexit_hash_error": "",
    "expected_tool_daemon_topology_error": "",
    "expected_tool_daemon_topology_terminal_empty": true,
    "process_identity_query_retry_count": 0,
    "process_exit_race_recheck_count": 0,
    "process_identity_query_transient_errors": [],
    "containment_cleanup_attempted": false,
    "containment_cleanup_terminated": false,
    "process_exit_race_rechecked": false,
    "process_identity_query_retried": false,
    "containment_query_error": "",
    "launch_error": "",
    "passed": true,
    "failures": [],
    "attempted": true,
    "programming_attempted": true,
    "result_file": "D:\\CodexWorktrees\\p7formal_911e1a3\\RF_COMM_MULTILANE\\evidence\\hardware\\p7\\authorized_sequence\\p7_20260717_stationary_app_r74_formal_full\\005_p7_fragment_boundary_0_l0\\p7_shutdown_after_result.txt"
  },
  "tfdu_activity_semantics": "conservative_true_once_transmitting_candidate_command_is_launched",
  "stage_process": {
    "name": "jtag_axi_stage",
    "returncode": 0,
    "stdout_path": "D:\\CodexWorktrees\\p7formal_911e1a3\\RF_COMM_MULTILANE\\evidence\\hardware\\p7\\authorized_sequence\\p7_20260717_stationary_app_r74_formal_full\\005_p7_fragment_boundary_0_l0\\p7_jtag_axi_stage.stdout.log",
    "stderr_path": "D:\\CodexWorktrees\\p7formal_911e1a3\\RF_COMM_MULTILANE\\evidence\\hardware\\p7\\authorized_sequence\\p7_20260717_stationary_app_r74_formal_full\\005_p7_fragment_boundary_0_l0\\p7_jtag_axi_stage.stderr.log",
    "elapsed_seconds": 48.320488,
    "argv": [
      "D:\\Xilinx\\Vivado\\2023.1\\bin\\vivado.bat",
      "-mode",
      "batch",
      "-source",
      "D:\\CodexWorktrees\\p7formal_911e1a3\\RF_COMM_MULTILANE\\scripts\\hw\\p7_jtag_axi_transactions.tcl",
      "-tclargs",
      "D:\\CodexWorktrees\\p7formal_911e1a3\\RF_COMM_MULTILANE",
      "STAGE",
      "D:\\CodexWorktrees\\p7formal_911e1a3\\RF_COMM_MULTILANE\\.hardware_authorization\\p7_20260717_stationary_app_r74_formal_full_005_p7_fragment_boundary_0_l0.txt",
      "210512180081",
      "xc7z010clg400-1",
      "localhost:3121/xilinx_tcf/Digilent/210512180081",
      "localhost:3121",
      "1000000",
      "D:\\CodexWorktrees\\p7formal_911e1a3\\RF_COMM_MULTILANE\\evidence\\hardware\\p6\\bitstreams\\p6_jtag_dynamic_transport_798b0194029638fa27a254dd58db5d6fd28b65d91c5cf2c9e32c0f9076ee3c0f.bit",
      "D:\\CodexWorktrees\\p7formal_911e1a3\\RF_COMM_MULTILANE\\evidence\\hardware\\p6\\bitstreams\\p6_jtag_dynamic_transport_76fe1ec47871946a7d357b0caa1f669500de827b796d6154dcc54678e0ac7083.ltx",
      "D:\\CodexWorktrees\\p7formal_911e1a3\\RF_COMM_MULTILANE\\build\\p7_authorized_sequence\\p7_20260717_stationary_app_r74_formal_full\\transactions\\005_p7_fragment_boundary_0_l0.transactions.txt",
      "D:\\CodexWorktrees\\p7formal_911e1a3\\RF_COMM_MULTILANE\\evidence\\hardware\\p7\\authorized_sequence\\p7_20260717_stationary_app_r74_formal_full\\005_p7_fragment_boundary_0_l0\\p7_jtag_axi_raw_result.txt",
      "0x43c00000",
      "1100000",
      "134217728",
      "550",
      "D:\\CodexWorktrees\\p7formal_911e1a3\\RF_COMM_MULTILANE\\shutdown_bitstream\\tfdu_shutdown_j10_j11.bit"
    ],
    "started_at_utc": "2026-07-16T20:49:54.405448+00:00",
    "ended_at_utc": "2026-07-16T20:50:42.725941+00:00",
    "timed_out": false,
    "abort_seen": false,
    "interrupted": false,
    "process_tree_terminated": false,
    "process_tree_reaped": true,
    "containment_kind": "WINDOWS_JOB_OBJECT_KILL_ON_CLOSE",
    "containment_assigned": true,
    "containment_closed": true,
    "descendant_count_after": 0,
    "expected_tool_daemon_grace_used": true,
    "expected_tool_daemon_grace_seconds": 30.0,
    "expected_tool_daemon_paths": [
      "D:\\Xilinx\\Vivado\\2023.1\\bin\\unwrapped\\win64.o\\cs_server.exe",
      "D:\\Xilinx\\Vivado\\2023.1\\bin\\unwrapped\\win64.o\\rdi_xsdb.exe",
      "C:\\Windows\\System32\\cmd.exe",
      "C:\\Windows\\System32\\conhost.exe"
    ],
    "descendant_paths_seen": [
      "C:\\Windows\\System32\\cmd.exe",
      "D:\\Xilinx\\Vivado\\2023.1\\bin\\unwrapped\\win64.o\\rdi_xsdb.exe",
      "C:\\Windows\\System32\\conhost.exe",
      "C:\\Windows\\System32\\conhost.exe",
      "D:\\Xilinx\\Vivado\\2023.1\\bin\\unwrapped\\win64.o\\cs_server.exe",
      "D:\\Xilinx\\Vivado\\2023.1\\bin\\unwrapped\\win64.o\\cs_server.exe"
    ],
    "descendant_processes_seen": [
      {
        "pid": 2488,
        "parent_pid": 1136,
        "parent_active_globally": false,
        "image_path": "C:\\Windows\\System32\\cmd.exe",
        "creation_time_100ns": 134287086034495542
      },
      {
        "pid": 7236,
        "parent_pid": 2488,
        "parent_active_globally": true,
        "image_path": "D:\\Xilinx\\Vivado\\2023.1\\bin\\unwrapped\\win64.o\\rdi_xsdb.exe",
        "creation_time_100ns": 134287086037809183
      },
      {
        "pid": 8008,
        "parent_pid": 9784,
        "parent_active_globally": false,
        "image_path": "C:\\Windows\\System32\\conhost.exe",
        "creation_time_100ns": 134287086022190399
      },
      {
        "pid": 12508,
        "parent_pid": 2488,
        "parent_active_globally": true,
        "image_path": "C:\\Windows\\System32\\conhost.exe",
        "creation_time_100ns": 134287086034553145
      },
      {
        "pid": 20184,
        "parent_pid": 20564,
        "parent_active_globally": true,
        "image_path": "D:\\Xilinx\\Vivado\\2023.1\\bin\\unwrapped\\win64.o\\cs_server.exe",
        "creation_time_100ns": 134287086030160660
      },
      {
        "pid": 20564,
        "parent_pid": 11200,
        "parent_active_globally": false,
        "image_path": "D:\\Xilinx\\Vivado\\2023.1\\bin\\unwrapped\\win64.o\\cs_server.exe",
        "creation_time_100ns": 134287086029244079
      }
    ],
    "expected_tool_daemon_classification": "EXACT_R2_VIVADO_EXIT_HELPER_FOREST",
    "expected_tool_daemon_topology_snapshots": [
      {
        "classification": "EXACT_R2_VIVADO_EXIT_HELPER_FOREST",
        "elapsed_seconds": 0.004567,
        "processes": [
          {
            "pid": 2488,
            "parent_pid": 1136,
            "parent_active_globally": false,
            "image_path": "C:\\Windows\\System32\\cmd.exe",
            "creation_time_100ns": 134287086034495542
          },
          {
            "pid": 7236,
            "parent_pid": 2488,
            "parent_active_globally": true,
            "image_path": "D:\\Xilinx\\Vivado\\2023.1\\bin\\unwrapped\\win64.o\\rdi_xsdb.exe",
            "creation_time_100ns": 134287086037809183
          },
          {
            "pid": 8008,
            "parent_pid": 9784,
            "parent_active_globally": false,
            "image_path": "C:\\Windows\\System32\\conhost.exe",
            "creation_time_100ns": 134287086022190399
          },
          {
            "pid": 12508,
            "parent_pid": 2488,
            "parent_active_globally": true,
            "image_path": "C:\\Windows\\System32\\conhost.exe",
            "creation_time_100ns": 134287086034553145
          },
          {
            "pid": 20184,
            "parent_pid": 20564,
            "parent_active_globally": true,
            "image_path": "D:\\Xilinx\\Vivado\\2023.1\\bin\\unwrapped\\win64.o\\cs_server.exe",
            "creation_time_100ns": 134287086030160660
          },
          {
            "pid": 20564,
            "parent_pid": 11200,
            "parent_active_globally": false,
            "image_path": "D:\\Xilinx\\Vivado\\2023.1\\bin\\unwrapped\\win64.o\\cs_server.exe",
            "creation_time_100ns": 134287086029244079
          }
        ]
      },
      {
        "classification": "STRICT_SHRINK_SUBSET_OF_EXACT_R2_VIVADO_EXIT_HELPER_FOREST",
        "elapsed_seconds": 19.992119,
        "processes": [
          {
            "pid": 8008,
            "parent_pid": 9784,
            "parent_active_globally": false,
            "image_path": "C:\\Windows\\System32\\conhost.exe",
            "creation_time_100ns": 134287086022190399
          },
          {
            "pid": 20184,
            "parent_pid": 20564,
            "parent_active_globally": true,
            "image_path": "D:\\Xilinx\\Vivado\\2023.1\\bin\\unwrapped\\win64.o\\cs_server.exe",
            "creation_time_100ns": 134287086030160660
          },
          {
            "pid": 20564,
            "parent_pid": 11200,
            "parent_active_globally": false,
            "image_path": "D:\\Xilinx\\Vivado\\2023.1\\bin\\unwrapped\\win64.o\\cs_server.exe",
            "creation_time_100ns": 134287086029244079
          }
        ]
      },
      {
        "classification": "EMPTY",
        "elapsed_seconds": 20.093642,
        "processes": []
      }
    ],
    "expected_tool_daemon_topology_revalidation_count": 190,
    "expected_tool_daemon_topology_monotonic": true,
    "expected_tool_daemon_topology_sample_elapsed_seconds": [
      5.1e-05,
      0.004567,
      0.111327,
      0.217198,
      0.322827,
      0.429126,
      0.535521,
      0.642117,
      0.748157,
      0.854136,
      0.959932,
      1.065457,
      1.171075,
      1.277016,
      1.382427,
      1.488149,
      1.593858,
      1.699413,
      1.804767,
      1.910456,
      2.016624,
      2.121834,
      2.227678,
      2.333325,
      2.439802,
      2.545667,
      2.651467,
      2.757906,
      2.863734,
      2.969787,
      3.075651,
      3.181447,
      3.287523,
      3.39357,
      3.49946,
      3.605478,
      3.711171,
      3.817134,
      3.924102,
      4.030318,
      4.135888,
      4.241768,
      4.345917,
      4.450888,
      4.557909,
      4.663411,
      4.768967,
      4.875577,
      4.980046,
      5.085582,
      5.191998,
      5.297687,
      5.403023,
      5.508636,
      5.614433,
      5.719582,
      5.825276,
      5.939391,
      6.046008,
      6.151889,
      6.257636,
      6.362965,
      6.468045,
      6.573413,
      6.678972,
      6.784349,
      6.890258,
      6.996496,
      7.101814,
      7.20732,
      7.31344,
      7.419612,
      7.525307,
      7.630834,
      7.736774,
      7.842579,
      7.948551,
      8.053845,
      8.160741,
      8.266892,
      8.37249,
      8.478592,
      8.584155,
      8.690484,
      8.796298,
      8.902128,
      9.008327,
      9.114998,
      9.220863,
      9.327275,
      9.433319,
      9.539114,
      9.644439,
      9.749312,
      9.855186,
      9.961295,
      10.066431,
      10.172485,
      10.278618,
      10.387214,
      10.492342,
      10.597539,
      10.703365,
      10.808987,
      10.915166,
      11.020776,
      11.12621,
      11.231302,
      11.337027,
      11.442695,
      11.549192,
      11.654364,
      11.761045,
      11.866771,
      11.972299,
      12.077564,
      12.182686,
      12.287805,
      12.393601,
      12.499169,
      12.604339,
      12.709484,
      12.814952,
      12.920909,
      13.026616,
      13.132362,
      13.238087,
      13.344052,
      13.449446,
      13.555378,
      13.660778,
      13.766155,
      13.871306,
      13.977275,
      14.082618,
      14.187799,
      14.293162,
      14.398186,
      14.503687,
      14.608911,
      14.713955,
      14.81907,
      14.925182,
      15.030729,
      15.1363,
      15.241543,
      15.346595,
      15.451858,
      15.557346,
      15.66292,
      15.768059,
      15.873467,
      15.979661,
      16.085381,
      16.191924,
      16.297886,
      16.403431,
      16.508647,
      16.614396,
      16.720244,
      16.825057,
      16.930501,
      17.03622,
      17.141299,
      17.246906,
      17.352525,
      17.458119,
      17.564216,
      17.669944,
      17.776049,
      17.881474,
      17.987125,
      18.092331,
      18.198419,
      18.304254,
      18.409326,
      18.514112,
      18.619923,
      18.725883,
      18.831507,
      18.937157,
      19.042643,
      19.148818,
      19.25443,
      19.359493,
      19.464439,
      19.570527,
      19.676204,
      19.781509,
      19.886734,
      19.992119,
      20.093642
    ],
    "expected_tool_daemon_topology_max_sample_gap_seconds": 0.114115,
    "expected_tool_daemon_grace_elapsed_seconds": 20.093664,
    "expected_tool_daemon_hashes_verified": true,
    "expected_tool_daemon_sha256_by_role": {
      "cs_server": "9bf0e15ffe162a96679c14b8117cf8ebe8a47b8032bee4ab8cb0317c112df536",
      "rdi_xsdb": "3193d8c4e7115e82e5b4ea6c2eb1aa8a7566bd5a9f9c78e9d901b9eab9d4ebfc",
      "cmd": "65ec268add3973b6dca64222985da47caeaee44a340b0ec1466782914fd743d9",
      "conhost": "32e45de7f02912f3907083690043df4abdc4705eea28300719788eaa4a339d0b"
    },
    "expected_tool_daemon_hash_error": "",
    "expected_tool_daemon_prelaunch_hashes_verified": true,
    "expected_tool_daemon_prelaunch_sha256_by_role": {
      "cs_server": "9bf0e15ffe162a96679c14b8117cf8ebe8a47b8032bee4ab8cb0317c112df536",
      "rdi_xsdb": "3193d8c4e7115e82e5b4ea6c2eb1aa8a7566bd5a9f9c78e9d901b9eab9d4ebfc",
      "cmd": "65ec268add3973b6dca64222985da47caeaee44a340b0ec1466782914fd743d9",
      "conhost": "32e45de7f02912f3907083690043df4abdc4705eea28300719788eaa4a339d0b"
    },
    "expected_tool_daemon_prelaunch_hash_error": "",
    "expected_tool_daemon_postexit_hashes_verified": true,
    "expected_tool_daemon_postexit_sha256_by_role": {
      "cs_server": "9bf0e15ffe162a96679c14b8117cf8ebe8a47b8032bee4ab8cb0317c112df536",
      "rdi_xsdb": "3193d8c4e7115e82e5b4ea6c2eb1aa8a7566bd5a9f9c78e9d901b9eab9d4ebfc",
      "cmd": "65ec268add3973b6dca64222985da47caeaee44a340b0ec1466782914fd743d9",
      "conhost": "32e45de7f02912f3907083690043df4abdc4705eea28300719788eaa4a339d0b"
    },
    "expected_tool_daemon_postexit_hash_error": "",
    "expected_tool_daemon_topology_error": "",
    "expected_tool_daemon_topology_terminal_empty": true,
    "process_identity_query_retry_count": 0,
    "process_exit_race_recheck_count": 0,
    "process_identity_query_transient_errors": [],
    "containment_cleanup_attempted": false,
    "containment_cleanup_terminated": false,
    "process_exit_race_rechecked": false,
    "process_identity_query_retried": false,
    "containment_query_error": "",
    "launch_error": "",
    "passed": true,
    "failures": [],
    "result_file": "D:\\CodexWorktrees\\p7formal_911e1a3\\RF_COMM_MULTILANE\\evidence\\hardware\\p7\\authorized_sequence\\p7_20260717_stationary_app_r74_formal_full\\005_p7_fragment_boundary_0_l0\\p7_jtag_axi_raw_result.txt"
  },
  "stage_result_markers": {
    "P7_HW_TARGET": "localhost:3121/xilinx_tcf/Digilent/210512180081",
    "P7_HW_DEVICE": "xc7z010_1",
    "P7_HW_PART": "xc7z010clg400-1",
    "P7_HW_IDCODE": "00010011011100100010000010010011",
    "P7_HW_CANONICAL_PART": "xc7z010clg400-1",
    "P7_HW_LIVE_PART": "xc7z010",
    "P7_HW_LIVE_DEVICE": "xc7z010_1",
    "P7_HW_LIVE_IDCODE": "00010011011100100010000010010011",
    "P7_CANDIDATE_PROGRAMMED": "1",
    "P7_HW_AXI": "hw_axi_1",
    "P7_TXN_META_BACKEND": "p7_jtag_backend",
    "P7_TXN_META_LANE_POLICY": "LANE0_ONLY",
    "P7_BASE_TX_COUNT": "00000000",
    "P7_BASE_RX_GOOD_COUNT_L0": "00000000",
    "P7_BASE_RX_GOOD_COUNT_L1": "00000000",
    "P7_BASE_CRC_BAD": "00000000",
    "P7_BASE_PAYLOAD_MISMATCH": "00000000",
    "P7_BASE_RETRY_COUNT": "00000000",
    "P7_BASE_RETRY_EXHAUSTED": "00000000",
    "P7_BASE_TX_FAIL": "00000000",
    "P7_BASE_DUTY_VIOLATION": "00000000",
    "P7_BASE_RAW_TX_PULSES": "00000000",
    "P7_BASE_RAW_RX_PULSES": "00000000",
    "P7_BASE_FRAME_GOOD": "00000000",
    "P7_BASE_FRAME_BAD": "00000000",
    "P7_BASE_ACK_SENT": "00000000",
    "P7_BASE_ACK_SEEN": "00000000",
    "P7_BASE_TXD_HIGH_MAX": "00000000",
    "P7_BASE_ERROR_CODE": "00000000",
    "P7_BASE_STICKY_ERROR": "00000000",
    "P7F00000_TXW000": "50414652",
    "P7F00000_TXW001": "00200301",
    "P7F00000_TXW002": "50370005",
    "P7F00000_TXW003": "00000005",
    "P7F00000_TXW004": "00000000",
    "P7F00000_TXW005": "00010000",
    "P7F00000_TXW006": "00000000",
    "P7F00000_TXW007": "00000000",
    "P7F00000_COMMIT": "00000007",
    "P7F00000_COMMIT_POLLS": "1",
    "P7F00000_TX_CRC32": "5E48F8AB",
    "P7F00000_DONE": "00000017",
    "P7F00000_DONE_POLLS": "1",
    "P7F00000_STATUS": "00000017",
    "P7F00000_MAILBOX": "50364F4B",
    "P7F00000_RX_LEN": "00000020",
    "P7F00000_RX_CRC32": "5E48F8AB",
    "P7F00000_RX_DIGEST": "5E48F8AB",
    "P7F00000_TX_COUNT": "00000001",
    "P7F00000_RX_GOOD_COUNT_L0": "00000001",
    "P7F00000_RX_GOOD_COUNT_L1": "00000000",
    "P7F00000_CRC_BAD": "00000000",
    "P7F00000_PAYLOAD_MISMATCH": "00000000",
    "P7F00000_RETRY_COUNT": "00000000",
    "P7F00000_RETRY_EXHAUSTED": "00000000",
    "P7F00000_TX_FAIL": "00000000",
    "P7F00000_DUTY_VIOLATION": "00000000",
    "P7F00000_RAW_TX_PULSES": "00000104",
    "P7F00000_RAW_RX_PULSES": "00000208",
    "P7F00000_FRAME_GOOD": "00000001",
    "P7F00000_FRAME_BAD": "00000000",
    "P7F00000_ACK_SENT": "00000001",
    "P7F00000_ACK_SEEN": "00000001",
    "P7F00000_TXD_HIGH_MAX": "00000008",
    "P7F00000_ERROR_CODE": "00000000",
    "P7F00000_STICKY_ERROR": "00000000",
    "P7F00000_RXW000": "50414652",
    "P7F00000_RXW001": "00200301",
    "P7F00000_RXW002": "50370005",
    "P7F00000_RXW003": "00000005",
    "P7F00000_RXW004": "00000000",
    "P7F00000_RXW005": "00010000",
    "P7F00000_RXW006": "00000000",
    "P7F00000_RXW007": "00000000",
    "P7_FINAL_SHUTDOWN_REASON": "54464455",
    "P7_TCL_PROGRAMMING_ATTEMPTED": "1",
    "P7_TRANSACTION_COUNT": "80",
    "P7_JTAG_AXI_TRANSACTIONS": "PASS",
    "P7_JTAG_STAGE_RESULT": "PASS"
  },
  "child_reaped_before_shutdown_after": true,
  "backend_parse": {
    "passed": true,
    "semantic_mode": "rfap",
    "summary_file": "D:\\CodexWorktrees\\p7formal_911e1a3\\RF_COMM_MULTILANE\\evidence\\hardware\\p7\\authorized_sequence\\p7_20260717_stationary_app_r74_formal_full\\005_p7_fragment_boundary_0_l0\\p7_jtag_backend_parse_summary.json",
    "summary_sha256": "923534c3e3743d7ebdef10d04adc2ff1578bc243b19a90a190a1cc92eef950fe",
    "output_file": "D:\\CodexWorktrees\\p7formal_911e1a3\\RF_COMM_MULTILANE\\evidence\\hardware\\p7\\authorized_sequence\\p7_20260717_stationary_app_r74_formal_full\\005_p7_fragment_boundary_0_l0\\p7_jtag_reassembled_output.bin",
    "output_sha256": "e3b0c44298fc1c149afbf4c8996fb92427ae41e4649b934ca495991b7852b855",
    "object_length": 0,
    "object_crc32": 0,
    "object_sha256": "e3b0c44298fc1c149afbf4c8996fb92427ae41e4649b934ca495991b7852b855",
    "lane_policy": "LANE0_ONLY",
    "fragment_count": 1,
    "missing_fragments": 0,
    "duplicate_fragments": 0,
    "error_counter_increments": 0,
    "fragment_latency_upper_bound_us": {
      "sample_count": 1,
      "min": 2000,
      "mean": 2000.0,
      "p50": 2000,
      "p95": 2000,
      "p99": 2000,
      "max": 2000,
      "percentile_method": "nearest_rank",
      "semantics": "upper_bound",
      "source": "bounded_commit_plus_transfer_poll_counts_x_manifest_poll_period"
    },
    "object_transport_latency_upper_bound_us": 2000,
    "object_transport_latency_semantics": "sum_of_sequential_fragment_poll_upper_bounds",
    "poll_bound_application_goodput_lower_bound_bps": 0,
    "poll_bound_goodput_semantics": "lower_bound_from_object_bytes_over_transport_latency_upper_bound",
    "host_end_to_end_elapsed_seconds": 48.320488,
    "host_end_to_end_goodput_bps": 0.0,
    "host_end_to_end_time_source": "host_monotonic_child_process_elapsed",
    "host_end_to_end_semantics": "includes Vivado startup, FPGA programming, JTAG/AXI operations, polling, and host overhead; not optical-only fragment latency",
    "raw_log_bound_to_this_hardware_process": true
  },
  "internal_error": "",
  "stage_failures": [],
  "backend_parse_failure": "",
  "global_runtime": {
    "elapsed_seconds": 176.596925,
    "authorized_max_seconds": 960,
    "within_authorized_limit": true
  },
  "reason": "authorized direct JTAG/AXI stage, strict byte/counter parser, and both shutdown barriers passed"
}
