{
  "P7_JTAG_AXI_SAFE_STAGE": "PASS",
  "generated_at_utc": "2026-07-16T21:00:21.858050+00:00",
  "stage_name": "p7_fragment_boundary_1_l0",
  "semantic_mode": "rfap",
  "requested_execute_hardware": true,
  "hardware_actions_executed": true,
  "programmed_fpga": true,
  "programmed_candidate": true,
  "programmed_shutdown_before": true,
  "programmed_shutdown_after": true,
  "started_ps_elf": false,
  "drove_tfdu_txd": true,
  "enabled_tfdu_receiver": true,
  "uart_access": false,
  "ethernet_used": false,
  "motion_used": false,
  "hardware_acceptance": "PENDING_HW",
  "diagnostic_only": false,
  "coverage_claimed": null,
  "HARDWARE_ACCEPTANCE": "PENDING_HW",
  "stage66_diagnostic_campaign": null,
  "safety_validation": {
    "P7_HARDWARE_SAFETY": "PASS",
    "ready_for_hardware_preflight": true,
    "hardware_actions_executed": false,
    "programmed_fpga": false,
    "drove_tfdu_txd": false,
    "started_ps_elf": false,
    "authorization_environment_present": true,
    "authorization": {
      "exists": true,
      "path": "D:\\CodexWorktrees\\p7formal_911e1a3\\RF_COMM_MULTILANE\\.hardware_authorization\\p7_20260717_stationary_app_r74_formal_full_009_p7_fragment_boundary_1_l0.txt",
      "actual_sha256": "b7d75909fb432efad59dab62ba24806454adae86eb378709875fdc133653e3aa",
      "expected_sha256": "b7d75909fb432efad59dab62ba24806454adae86eb378709875fdc133653e3aa",
      "markers": [
        "P7_STATIONARY_APP_LAYER_APPROVED"
      ],
      "duplicate_keys": []
    },
    "authorization_fields": {
      "AUTHORIZED_STAGE": "P7_STATIONARY_LOCAL_APPLICATION_LAYER_NO_ETHERNET",
      "USER_HARDWARE_AUTHORIZATION_FOR_P7": "GRANTED",
      "BOARD_ID": "210512180081",
      "EXPECTED_PART": "xc7z010clg400-1",
      "EXPECTED_TARGET": "localhost:3121/xilinx_tcf/Digilent/210512180081",
      "SOURCE_COMMIT": "911e1a303ff58593cac5ff4c4b70150d17f9a26b",
      "MAX_RUNTIME_SEC": "960",
      "SHUTDOWN_ON_EXIT": "required",
      "NO_ETHERNET": "true",
      "NO_MOTION": "true",
      "LANE_COUNT": "2",
      "MAX_LANE_MASK": "0x3",
      "P7_PLAN_PATH": "D:\\CodexWorktrees\\p7formal_911e1a3\\RF_COMM_MULTILANE\\evidence\\hardware\\p7\\artifacts\\p7_plan_c6db9d8348c3bc518fa5985595adfcdada1a08f11c9246c6103ec378b43b58dd.md",
      "P7_PLAN_SHA256": "c6db9d8348c3bc518fa5985595adfcdada1a08f11c9246c6103ec378b43b58dd",
      "BITSTREAM_PATH": "D:\\CodexWorktrees\\p7formal_911e1a3\\RF_COMM_MULTILANE\\evidence\\hardware\\p6\\bitstreams\\p6_jtag_dynamic_transport_798b0194029638fa27a254dd58db5d6fd28b65d91c5cf2c9e32c0f9076ee3c0f.bit",
      "BITSTREAM_SHA256": "798b0194029638fa27a254dd58db5d6fd28b65d91c5cf2c9e32c0f9076ee3c0f",
      "XSA_PATH": "D:\\CodexWorktrees\\p7formal_911e1a3\\RF_COMM_MULTILANE\\evidence\\hardware\\p6\\bitstreams\\p6_ps_dynamic_transport_45e39fa92e0199eef24892968e49e8abdaa9a7d9e4f571866b188316c6dc4cf0.xsa",
      "XSA_SHA256": "45e39fa92e0199eef24892968e49e8abdaa9a7d9e4f571866b188316c6dc4cf0",
      "ELF_PATH": "D:\\CodexWorktrees\\p7formal_911e1a3\\RF_COMM_MULTILANE\\evidence\\hardware\\p7\\artifacts\\p7_runtime_2efe94a236b8c287b8287ada06505253f455447cb88492b3f61e87accebf9949.elf",
      "ELF_SHA256": "2efe94a236b8c287b8287ada06505253f455447cb88492b3f61e87accebf9949",
      "PROFILE_PATH": "D:\\CodexWorktrees\\p7formal_911e1a3\\RF_COMM_MULTILANE\\profiles\\p7\\p7_stationary_app_30min.json",
      "PROFILE_SHA256": "65a36a8318e7fd1e3b647997aceca773c69e76eee85cb8fae922148ccd8f3c94",
      "ACTIVE_XDC_PATH": "D:\\CodexWorktrees\\p7formal_911e1a3\\RF_COMM_MULTILANE\\constraints\\active\\PORT1.generated.xdc",
      "ACTIVE_XDC_SHA256": "f53239e233c25509b6f15b5d0154be07f686c83c1568524a9ecf2e4bcbaa1344",
      "PINMAP_PATH": "D:\\CodexWorktrees\\p7formal_911e1a3\\RF_COMM_MULTILANE\\board_profiles\\ax7010_tfdu_j10_j11_pinmap.csv",
      "PINMAP_SHA256": "583a0151cb1e968f7d0782e38d20e1e4b9df387310966561c14fb2383a8541cd",
      "REGISTER_MAP_PATH": "D:\\CodexWorktrees\\p7formal_911e1a3\\RF_COMM_MULTILANE\\config\\register_map\\ir_axi_regs.yaml",
      "REGISTER_MAP_SHA256": "d5b0bf1476d815a3ed69988c72097827356d4eade48813c8913fc1b2d448983d",
      "SHUTDOWN_BITSTREAM_PATH": "D:\\CodexWorktrees\\p7formal_911e1a3\\RF_COMM_MULTILANE\\shutdown_bitstream\\tfdu_shutdown_j10_j11.bit",
      "SHUTDOWN_BITSTREAM_SHA256": "bac60b58912f0acd771dc830a6761535ec8f6a92befb1ae4cb7d928745af5810",
      "LTX_PATH": "D:\\CodexWorktrees\\p7formal_911e1a3\\RF_COMM_MULTILANE\\evidence\\hardware\\p6\\bitstreams\\p6_jtag_dynamic_transport_76fe1ec47871946a7d357b0caa1f669500de827b796d6154dcc54678e0ac7083.ltx",
      "LTX_SHA256": "76fe1ec47871946a7d357b0caa1f669500de827b796d6154dcc54678e0ac7083",
      "P7_JTAG_STAGE_NAME": "p7_fragment_boundary_1_l0",
      "P7_JTAG_SEMANTIC_MODE": "rfap",
      "P7_JTAG_TRANSACTION_PATH": "D:\\CodexWorktrees\\p7formal_911e1a3\\RF_COMM_MULTILANE\\build\\p7_authorized_sequence\\p7_20260717_stationary_app_r74_formal_full\\transactions\\009_p7_fragment_boundary_1_l0.transactions.txt",
      "P7_JTAG_TRANSACTION_SHA256": "b8b753fb65612ab7dc5738aa7ddce5624336860a8c1357090d426ab1fba4e34a",
      "P7_JTAG_FREQUENCY_HZ": "1000000",
      "P7_JTAG_AXI_BASE": "0x43c00000",
      "P7_JTAG_BACKEND_MANIFEST_PATH": "D:\\CodexWorktrees\\p7formal_911e1a3\\RF_COMM_MULTILANE\\build\\p7_authorized_sequence\\p7_20260717_stationary_app_r74_formal_full\\manifests\\009_p7_fragment_boundary_1_l0.manifest.json",
      "P7_JTAG_BACKEND_MANIFEST_SHA256": "e5311afad7a369a005e88f58f64031a3a3e073cc643b9c5c7c53d31e826dc4de"
    },
    "source_commit_requested": "911e1a303ff58593cac5ff4c4b70150d17f9a26b",
    "source_commit_current": "911e1a303ff58593cac5ff4c4b70150d17f9a26b",
    "dirty_files": [
      " M evidence/generated/p7_2lane_scope_summary.md",
      " M evidence/generated/p7_application_protocol_summary.md",
      " M evidence/generated/p7_artifact_provenance_summary.json",
      " M evidence/generated/p7_artifact_provenance_summary.md",
      " M evidence/generated/p7_backend_conformance_summary.md",
      " M evidence/generated/p7_fault_recovery_summary.md",
      " M evidence/generated/p7_file_integrity_summary.md",
      " M evidence/generated/p7_fragmentation_reassembly_summary.md",
      " M evidence/generated/p7_lane1_promotion_summary.json",
      " M evidence/generated/p7_lane_scheduler_summary.md",
      " M evidence/generated/p7_no_ethernet_summary.md",
      " M evidence/generated/p7_no_motion_summary.md",
      " M evidence/generated/p7_offline_gate_summary.json",
      " M evidence/generated/p7_offline_gate_summary.md",
      " M evidence/generated/p7_offline_test_run.json",
      " M evidence/generated/p7_protocol_vector_summary.json",
      " M evidence/generated/p7_protocol_vector_summary.md",
      " M evidence/generated/p7_ps_core_hardware_readiness.json",
      " M evidence/generated/p7_ps_runtime_build_summary.json",
      " M evidence/generated/p7_ps_runtime_build_summary.md",
      " M evidence/generated/p7_ps_runtime_summary.md",
      " M evidence/generated/p7_queue_backpressure_summary.md",
      " M evidence/generated/p7_repo_intake.md",
      " M evidence/generated/p7_repo_intake_summary.json",
      " M evidence/generated/p7_repo_intake_summary.md",
      " M evidence/generated/p7_segmentation_reassembly_summary.md",
      " M evidence/generated/vitis/p7_ps_runtime/p7_ps7_board_contract.json",
      " M evidence/generated/vitis/p7_ps_runtime/p7_ps_runtime_build.log",
      " M evidence/generated/vitis/p7_ps_runtime/p7_ps_runtime_build_summary.json",
      " M evidence/generated/vitis/p7_ps_runtime/p7_ps_runtime_build_summary.md",
      " M evidence/generated/vitis/p7_ps_runtime/p7_runtime.map",
      " M evidence/generated/vitis/p7_ps_runtime/p7_runtime_disassembly.txt",
      " M evidence/generated/vitis/p7_ps_runtime/p7_runtime_sections.txt",
      " M evidence/generated/vitis/p7_ps_runtime/p7_runtime_size.txt",
      " M evidence/generated/vitis/p7_ps_runtime/p7_runtime_stack_usage.txt",
      "?? evidence/hardware/p7/artifacts/p7_runtime_95c48876c5b281ec2b3cb0c1eca0d56832d5593afa7426eee5909bc4ccac0c8e.map",
      "?? evidence/hardware/p7/authorized_sequence/p7_20260717_stationary_app_r74_formal_full/"
    ],
    "max_runtime_sec": 960,
    "lane_count": 2,
    "max_lane_mask": "0x3",
    "no_ethernet": true,
    "no_motion": true,
    "shutdown_on_exit": true,
    "abort_file": "D:\\CodexWorktrees\\p7formal_911e1a3\\RF_COMM_MULTILANE\\.hardware_authorization\\ABORT_NOW.txt",
    "abort_file_present": false,
    "hw_server_url": "localhost:3121",
    "preflight_tcl": "D:\\CodexWorktrees\\p7formal_911e1a3\\RF_COMM_MULTILANE\\scripts\\hw\\p7_hw_preflight.tcl",
    "preflight_tcl_sha256": "95bfbdf7e6c429e6637c1b4224a9dcecaa1fd756a1f665b21a797d54afbfc464",
    "artifacts": {
      "plan": {
        "path": "D:\\CodexWorktrees\\p7formal_911e1a3\\RF_COMM_MULTILANE\\evidence\\hardware\\p7\\artifacts\\p7_plan_c6db9d8348c3bc518fa5985595adfcdada1a08f11c9246c6103ec378b43b58dd.md",
        "expected_sha256": "c6db9d8348c3bc518fa5985595adfcdada1a08f11c9246c6103ec378b43b58dd",
        "exists": true,
        "actual_sha256": "c6db9d8348c3bc518fa5985595adfcdada1a08f11c9246c6103ec378b43b58dd"
      },
      "bitstream": {
        "path": "D:\\CodexWorktrees\\p7formal_911e1a3\\RF_COMM_MULTILANE\\evidence\\hardware\\p6\\bitstreams\\p6_jtag_dynamic_transport_798b0194029638fa27a254dd58db5d6fd28b65d91c5cf2c9e32c0f9076ee3c0f.bit",
        "expected_sha256": "798b0194029638fa27a254dd58db5d6fd28b65d91c5cf2c9e32c0f9076ee3c0f",
        "exists": true,
        "actual_sha256": "798b0194029638fa27a254dd58db5d6fd28b65d91c5cf2c9e32c0f9076ee3c0f"
      },
      "xsa": {
        "path": "D:\\CodexWorktrees\\p7formal_911e1a3\\RF_COMM_MULTILANE\\evidence\\hardware\\p6\\bitstreams\\p6_ps_dynamic_transport_45e39fa92e0199eef24892968e49e8abdaa9a7d9e4f571866b188316c6dc4cf0.xsa",
        "expected_sha256": "45e39fa92e0199eef24892968e49e8abdaa9a7d9e4f571866b188316c6dc4cf0",
        "exists": true,
        "actual_sha256": "45e39fa92e0199eef24892968e49e8abdaa9a7d9e4f571866b188316c6dc4cf0"
      },
      "elf": {
        "path": "D:\\CodexWorktrees\\p7formal_911e1a3\\RF_COMM_MULTILANE\\evidence\\hardware\\p7\\artifacts\\p7_runtime_2efe94a236b8c287b8287ada06505253f455447cb88492b3f61e87accebf9949.elf",
        "expected_sha256": "2efe94a236b8c287b8287ada06505253f455447cb88492b3f61e87accebf9949",
        "exists": true,
        "actual_sha256": "2efe94a236b8c287b8287ada06505253f455447cb88492b3f61e87accebf9949"
      },
      "profile": {
        "path": "D:\\CodexWorktrees\\p7formal_911e1a3\\RF_COMM_MULTILANE\\profiles\\p7\\p7_stationary_app_30min.json",
        "expected_sha256": "65a36a8318e7fd1e3b647997aceca773c69e76eee85cb8fae922148ccd8f3c94",
        "exists": true,
        "actual_sha256": "65a36a8318e7fd1e3b647997aceca773c69e76eee85cb8fae922148ccd8f3c94"
      },
      "active_xdc": {
        "path": "D:\\CodexWorktrees\\p7formal_911e1a3\\RF_COMM_MULTILANE\\constraints\\active\\PORT1.generated.xdc",
        "expected_sha256": "f53239e233c25509b6f15b5d0154be07f686c83c1568524a9ecf2e4bcbaa1344",
        "exists": true,
        "actual_sha256": "f53239e233c25509b6f15b5d0154be07f686c83c1568524a9ecf2e4bcbaa1344"
      },
      "pinmap": {
        "path": "D:\\CodexWorktrees\\p7formal_911e1a3\\RF_COMM_MULTILANE\\board_profiles\\ax7010_tfdu_j10_j11_pinmap.csv",
        "expected_sha256": "583a0151cb1e968f7d0782e38d20e1e4b9df387310966561c14fb2383a8541cd",
        "exists": true,
        "actual_sha256": "583a0151cb1e968f7d0782e38d20e1e4b9df387310966561c14fb2383a8541cd"
      },
      "register_map": {
        "path": "D:\\CodexWorktrees\\p7formal_911e1a3\\RF_COMM_MULTILANE\\config\\register_map\\ir_axi_regs.yaml",
        "expected_sha256": "d5b0bf1476d815a3ed69988c72097827356d4eade48813c8913fc1b2d448983d",
        "exists": true,
        "actual_sha256": "d5b0bf1476d815a3ed69988c72097827356d4eade48813c8913fc1b2d448983d"
      },
      "shutdown_bitstream": {
        "path": "D:\\CodexWorktrees\\p7formal_911e1a3\\RF_COMM_MULTILANE\\shutdown_bitstream\\tfdu_shutdown_j10_j11.bit",
        "expected_sha256": "bac60b58912f0acd771dc830a6761535ec8f6a92befb1ae4cb7d928745af5810",
        "exists": true,
        "actual_sha256": "bac60b58912f0acd771dc830a6761535ec8f6a92befb1ae4cb7d928745af5810"
      },
      "ltx": {
        "path": "D:\\CodexWorktrees\\p7formal_911e1a3\\RF_COMM_MULTILANE\\evidence\\hardware\\p6\\bitstreams\\p6_jtag_dynamic_transport_76fe1ec47871946a7d357b0caa1f669500de827b796d6154dcc54678e0ac7083.ltx",
        "expected_sha256": "76fe1ec47871946a7d357b0caa1f669500de827b796d6154dcc54678e0ac7083",
        "exists": true,
        "actual_sha256": "76fe1ec47871946a7d357b0caa1f669500de827b796d6154dcc54678e0ac7083"
      }
    },
    "errors": [],
    "warnings": [
      "workspace has uncommitted changes; frozen artifact hashes remain authoritative"
    ]
  },
  "stage_validation_errors": [],
  "transaction_validation": {
    "format": "P7_JTAG_AXI_TRANSACTIONS_V1",
    "path": "D:\\CodexWorktrees\\p7formal_911e1a3\\RF_COMM_MULTILANE\\build\\p7_authorized_sequence\\p7_20260717_stationary_app_r74_formal_full\\transactions\\009_p7_fragment_boundary_1_l0.transactions.txt",
    "expected_sha256": "b8b753fb65612ab7dc5738aa7ddce5624336860a8c1357090d426ab1fba4e34a",
    "actual_sha256": "b8b753fb65612ab7dc5738aa7ddce5624336860a8c1357090d426ab1fba4e34a",
    "operation_count": 83,
    "poll_operation_count": 2,
    "poll_iteration_ceiling": 12000,
    "metadata": {
      "BACKEND": "p7_jtag_backend",
      "LANE_POLICY": "LANE0_ONLY"
    },
    "errors": [],
    "size_bytes": 3088,
    "start_operation_count": 1,
    "commit_operation_count": 1,
    "payload_write_count": 9,
    "logical_axi_operation_count": 83,
    "minimum_run_hw_axi_call_count": 18,
    "multi_transaction_batch_count": 8,
    "batched_single_word_transaction_count": 73,
    "max_batch_transactions": 16,
    "axi4_incr_burst_count": 3,
    "axi4_incr_burst_word_count": 27,
    "max_axi4_incr_burst_words": 9,
    "queued_single_run_hw_axi_call_count": 7,
    "queued_single_multi_transaction_batch_count": 5,
    "queued_single_transaction_count": 48,
    "max_queued_single_transactions": 16,
    "ordered_control_write_run_hw_axi_call_count": 6,
    "queued_control_write_transaction_count": 0,
    "standalone_run_hw_axi_call_count": 10,
    "result_keys": [
      "P7F00000_ACK_SEEN",
      "P7F00000_ACK_SENT",
      "P7F00000_COMMIT",
      "P7F00000_COMMIT_POLLS",
      "P7F00000_CRC_BAD",
      "P7F00000_DONE",
      "P7F00000_DONE_POLLS",
      "P7F00000_DUTY_VIOLATION",
      "P7F00000_ERROR_CODE",
      "P7F00000_FRAME_BAD",
      "P7F00000_FRAME_GOOD",
      "P7F00000_MAILBOX",
      "P7F00000_PAYLOAD_MISMATCH",
      "P7F00000_RAW_RX_PULSES",
      "P7F00000_RAW_TX_PULSES",
      "P7F00000_RETRY_COUNT",
      "P7F00000_RETRY_EXHAUSTED",
      "P7F00000_RXW000",
      "P7F00000_RXW001",
      "P7F00000_RXW002",
      "P7F00000_RXW003",
      "P7F00000_RXW004",
      "P7F00000_RXW005",
      "P7F00000_RXW006",
      "P7F00000_RXW007",
      "P7F00000_RXW008",
      "P7F00000_RX_CRC32",
      "P7F00000_RX_DIGEST",
      "P7F00000_RX_GOOD_COUNT_L0",
      "P7F00000_RX_GOOD_COUNT_L1",
      "P7F00000_RX_LEN",
      "P7F00000_STATUS",
      "P7F00000_STICKY_ERROR",
      "P7F00000_TXD_HIGH_MAX",
      "P7F00000_TXW000",
      "P7F00000_TXW001",
      "P7F00000_TXW002",
      "P7F00000_TXW003",
      "P7F00000_TXW004",
      "P7F00000_TXW005",
      "P7F00000_TXW006",
      "P7F00000_TXW007",
      "P7F00000_TXW008",
      "P7F00000_TX_COUNT",
      "P7F00000_TX_CRC32",
      "P7F00000_TX_FAIL",
      "P7_BASE_ACK_SEEN",
      "P7_BASE_ACK_SENT",
      "P7_BASE_CRC_BAD",
      "P7_BASE_DUTY_VIOLATION",
      "P7_BASE_ERROR_CODE",
      "P7_BASE_FRAME_BAD",
      "P7_BASE_FRAME_GOOD",
      "P7_BASE_PAYLOAD_MISMATCH",
      "P7_BASE_RAW_RX_PULSES",
      "P7_BASE_RAW_TX_PULSES",
      "P7_BASE_RETRY_COUNT",
      "P7_BASE_RETRY_EXHAUSTED",
      "P7_BASE_RX_GOOD_COUNT_L0",
      "P7_BASE_RX_GOOD_COUNT_L1",
      "P7_BASE_STICKY_ERROR",
      "P7_BASE_TXD_HIGH_MAX",
      "P7_BASE_TX_COUNT",
      "P7_BASE_TX_FAIL",
      "P7_FINAL_SHUTDOWN_REASON"
    ],
    "write_operations": [
      {
        "offset": "0x100",
        "value": "0x00000002"
      },
      {
        "offset": "0x100",
        "value": "0x00000002"
      },
      {
        "offset": "0x200",
        "value": "0x50414652"
      },
      {
        "offset": "0x204",
        "value": "0x00200301"
      },
      {
        "offset": "0x208",
        "value": "0x50370009"
      },
      {
        "offset": "0x20c",
        "value": "0x00000009"
      },
      {
        "offset": "0x210",
        "value": "0x00000001"
      },
      {
        "offset": "0x214",
        "value": "0x00010000"
      },
      {
        "offset": "0x218",
        "value": "0x00000001"
      },
      {
        "offset": "0x21c",
        "value": "0xd202ef8d"
      },
      {
        "offset": "0x220",
        "value": "0x00000000"
      },
      {
        "offset": "0x108",
        "value": "0x00002201"
      },
      {
        "offset": "0x10c",
        "value": "0x00000001"
      },
      {
        "offset": "0x110",
        "value": "0x00000001"
      },
      {
        "offset": "0x114",
        "value": "0x00000021"
      },
      {
        "offset": "0x15c",
        "value": "0x0061a800"
      },
      {
        "offset": "0x100",
        "value": "0x00000004"
      },
      {
        "offset": "0x100",
        "value": "0x00000008"
      },
      {
        "offset": "0x100",
        "value": "0x00000030"
      },
      {
        "offset": "0x100",
        "value": "0x00000030"
      }
    ],
    "runtime_feasibility": {
      "jtag_frequency_hz": 1000000,
      "reference_jtag_frequency_hz": 1000000,
      "estimated_axi_operation_us_at_1mhz": 1250,
      "estimated_stage_fixed_overhead_seconds": 30.0,
      "estimate_model": "one_axi_read_per_poll_operation_global_deadline_authoritative",
      "estimated_stage_runtime_seconds": 30.10375,
      "minimum_stage_runtime_sec": 31,
      "authorized_runtime_sec": 960,
      "feasible_within_authorized_runtime": true,
      "containment_initial_empty_wait_seconds": 0,
      "expected_tool_daemon_grace_seconds": 30,
      "containment_total_exit_window_seconds": 30,
      "containment_topology_revalidation_interval_seconds": 0.1,
      "containment_forced_cleanup_wait_seconds": 10,
      "containment_failure_bound_seconds": 40,
      "jtag_wrapper_vivado_process_count": 4,
      "jtag_wrapper_containment_allowance_seconds": 120,
      "jtag_wrapper_max_forced_cleanup_events": 2,
      "jtag_wrapper_forced_cleanup_reserve_seconds": 20,
      "jtag_wrapper_other_guard_seconds": 65,
      "jtag_wrapper_bookkeeping_guard_seconds": 45,
      "jtag_wrapper_other_guard_after_forced_cleanup_seconds": 45,
      "global_runtime_budget": {
        "minimum_estimated_global_runtime_sec": 396,
        "configured_global_timeout_ceiling_sec": 915,
        "authorized_global_runtime_sec": 960,
        "containment_initial_empty_wait_seconds": 0,
        "expected_tool_daemon_grace_seconds": 30,
        "containment_total_exit_window_seconds": 30,
        "containment_topology_revalidation_interval_seconds": 0.1,
        "containment_success_bound_seconds_each": 30,
        "containment_failure_bound_seconds_each": 40,
        "contained_vivado_process_count": 4,
        "containment_allowance_seconds": 120,
        "max_forced_cleanup_events": 2,
        "forced_cleanup_wait_seconds": 10,
        "forced_cleanup_reserve_seconds": 20,
        "other_guard_seconds": 65,
        "bookkeeping_guard_seconds": 45,
        "other_guard_after_forced_cleanup_seconds": 45,
        "configured_unallocated_margin_seconds": 45,
        "estimated_unallocated_margin_seconds": 564,
        "minimum_stage_fits_configured_timeout": true,
        "feasible": true
      }
    },
    "valid": true,
    "backend_manifest": {
      "path": "D:\\CodexWorktrees\\p7formal_911e1a3\\RF_COMM_MULTILANE\\build\\p7_authorized_sequence\\p7_20260717_stationary_app_r74_formal_full\\manifests\\009_p7_fragment_boundary_1_l0.manifest.json",
      "expected_sha256": "e5311afad7a369a005e88f58f64031a3a3e073cc643b9c5c7c53d31e826dc4de",
      "actual_sha256": "e5311afad7a369a005e88f58f64031a3a3e073cc643b9c5c7c53d31e826dc4de",
      "schema": "rfap-p7-jtag-axi-dry-run-v1",
      "input_length": 1,
      "input_sha256": "6e340b9cffb37a989ca544e6bb780a2c78901d3fb33738768511a30617afa01d",
      "lane_policy": "LANE0_ONLY",
      "transaction_operation_count": 83
    },
    "global_runtime_budget": {
      "minimum_estimated_global_runtime_sec": 396,
      "configured_global_timeout_ceiling_sec": 915,
      "authorized_global_runtime_sec": 960,
      "containment_initial_empty_wait_seconds": 0,
      "expected_tool_daemon_grace_seconds": 30,
      "containment_total_exit_window_seconds": 30,
      "containment_topology_revalidation_interval_seconds": 0.1,
      "containment_success_bound_seconds_each": 30,
      "containment_failure_bound_seconds_each": 40,
      "contained_vivado_process_count": 4,
      "containment_allowance_seconds": 120,
      "max_forced_cleanup_events": 2,
      "forced_cleanup_wait_seconds": 10,
      "forced_cleanup_reserve_seconds": 20,
      "other_guard_seconds": 65,
      "bookkeeping_guard_seconds": 45,
      "other_guard_after_forced_cleanup_seconds": 45,
      "configured_unallocated_margin_seconds": 45,
      "estimated_unallocated_margin_seconds": 564,
      "minimum_stage_fits_configured_timeout": true,
      "feasible": true
    }
  },
  "exit_code_policy": "returncode_must_be_exactly_zero_and_required_markers_must_match",
  "transaction_format_boundary": "strict_P7_JTAG_AXI_TRANSACTIONS_V1_no_source_no_eval_no_external_commands",
  "hardware_execution_lock": {
    "path": "D:\\CodexWorktrees\\p7formal_911e1a3\\RF_COMM_MULTILANE\\.hardware_authorization\\P7_HARDWARE_EXECUTION.lock",
    "token_sha256": "e1ff4fdc0a79d0c5bc9bedfd2ef1b6107e6b2c89ae79284c728b6b6b979399d4",
    "owner": {
      "schema": "rf-comm-p7-hardware-execution-lock-v1",
      "pid": 7600,
      "wrapper": "run_p7_jtag_axi_stage_safe.py",
      "stage_name": "p7_fragment_boundary_1_l0",
      "acquired_at_utc": "2026-07-16T21:00:21.858239+00:00",
      "evidence_dir": "D:\\CodexWorktrees\\p7formal_911e1a3\\RF_COMM_MULTILANE\\evidence\\hardware\\p7\\authorized_sequence\\p7_20260717_stationary_app_r74_formal_full\\009_p7_fragment_boundary_1_l0"
    },
    "acquired": true,
    "stale_lock_auto_recovery": false
  },
  "global_runtime_deadline_source": "host_monotonic",
  "global_runtime_guard_seconds": 65,
  "global_runtime_budget_components": {
    "contained_vivado_process_count": 4,
    "initial_empty_wait_seconds_per_process": 0,
    "expected_tool_daemon_grace_seconds_per_process": 30,
    "total_containment_window_seconds_per_process": 30,
    "topology_revalidation_interval_seconds": 0.1,
    "containment_allowance_seconds": 120,
    "forced_cleanup_wait_seconds": 10,
    "failure_containment_bound_seconds_per_failed_process": 40,
    "max_forced_cleanup_events": 2,
    "forced_cleanup_reserve_seconds": 20,
    "bookkeeping_guard_seconds": 45,
    "other_guard_seconds": 65
  },
  "evidence_dir": "D:\\CodexWorktrees\\p7formal_911e1a3\\RF_COMM_MULTILANE\\evidence\\hardware\\p7\\authorized_sequence\\p7_20260717_stationary_app_r74_formal_full\\009_p7_fragment_boundary_1_l0",
  "event_log": "D:\\CodexWorktrees\\p7formal_911e1a3\\RF_COMM_MULTILANE\\evidence\\hardware\\p7\\authorized_sequence\\p7_20260717_stationary_app_r74_formal_full\\009_p7_fragment_boundary_1_l0\\p7_jtag_axi_stage_events.jsonl",
  "vivado_helper_identity_validation": {
    "schema": "rf-comm-p7-vivado-helper-identity-validation-v1",
    "phase": "VIVADO_HELPER_IDENTITY",
    "status": "PASS",
    "error_code": "NONE",
    "hardware_actions_executed": false,
    "hardware_connection_attempted": false,
    "tfdu_touched": false,
    "ethernet_transport_used": false,
    "motion_used": false,
    "campaign_lock_created": false,
    "campaign_attempt_created": false,
    "manifest": {
      "path": "D:\\CodexWorktrees\\p7formal_911e1a3\\RF_COMM_MULTILANE\\config\\p7_vivado_helper_identity_profiles.json",
      "sha256": "67645bc53ae6c484204604ae3741bbce2d24fb7dbff6a5e63e8ea1a68972ed94",
      "manifest_id": "p7_vivado_2023_1_helper_identity_20260716"
    },
    "runtime_profile_id": "vivado_2023_1_windows_26200_8875_system_helpers",
    "errors": [],
    "vivado_launcher": "D:\\Xilinx\\Vivado\\2023.1\\bin\\vivado.bat",
    "derived_helper_paths": {
      "cs_server": "D:\\Xilinx\\Vivado\\2023.1\\bin\\unwrapped\\win64.o\\cs_server.exe",
      "rdi_xsdb": "D:\\Xilinx\\Vivado\\2023.1\\bin\\unwrapped\\win64.o\\rdi_xsdb.exe",
      "cmd": "C:\\Windows\\System32\\cmd.exe",
      "conhost": "C:\\Windows\\System32\\conhost.exe"
    },
    "observed_file_records": {
      "cs_server": {
        "path": "D:\\Xilinx\\Vivado\\2023.1\\bin\\unwrapped\\win64.o\\cs_server.exe",
        "sha256": "9bf0e15ffe162a96679c14b8117cf8ebe8a47b8032bee4ab8cb0317c112df536",
        "bytes": 12408496
      },
      "rdi_xsdb": {
        "path": "D:\\Xilinx\\Vivado\\2023.1\\bin\\unwrapped\\win64.o\\rdi_xsdb.exe",
        "sha256": "3193d8c4e7115e82e5b4ea6c2eb1aa8a7566bd5a9f9c78e9d901b9eab9d4ebfc",
        "bytes": 29288
      },
      "cmd": {
        "path": "C:\\Windows\\System32\\cmd.exe",
        "sha256": "65ec268add3973b6dca64222985da47caeaee44a340b0ec1466782914fd743d9",
        "bytes": 344064
      },
      "conhost": {
        "path": "C:\\Windows\\System32\\conhost.exe",
        "sha256": "32e45de7f02912f3907083690043df4abdc4705eea28300719788eaa4a339d0b",
        "bytes": 1007616
      }
    },
    "observed_sha256_by_role": {
      "cs_server": "9bf0e15ffe162a96679c14b8117cf8ebe8a47b8032bee4ab8cb0317c112df536",
      "rdi_xsdb": "3193d8c4e7115e82e5b4ea6c2eb1aa8a7566bd5a9f9c78e9d901b9eab9d4ebfc",
      "cmd": "65ec268add3973b6dca64222985da47caeaee44a340b0ec1466782914fd743d9",
      "conhost": "32e45de7f02912f3907083690043df4abdc4705eea28300719788eaa4a339d0b"
    },
    "observed_complete_hash_profile_id": "vivado_2023_1_windows_26200_8875_system_helpers",
    "identity_probe": {
      "path": "D:\\CodexWorktrees\\p7formal_911e1a3\\RF_COMM_MULTILANE\\scripts\\hw\\p7_helper_identity_probe.ps1",
      "sha256": "46ae65f7eea40c1cdda5595a69b36acc6d1add7e231b6319674304100385ea25"
    },
    "probe_host_file_record": {
      "path": "C:\\Windows\\System32\\WindowsPowerShell\\v1.0\\powershell.exe",
      "sha256": "7600ffe12da441fe89d035b13801e8e91d064bc544a27b19a5cf49f6ab8b18f5",
      "bytes": 454656
    },
    "probe_exact_argv": [
      "C:\\Windows\\System32\\WindowsPowerShell\\v1.0\\powershell.exe",
      "-NoLogo",
      "-NoProfile",
      "-NonInteractive",
      "-ExecutionPolicy",
      "Bypass",
      "-File",
      "D:\\CodexWorktrees\\p7formal_911e1a3\\RF_COMM_MULTILANE\\scripts\\hw\\p7_helper_identity_probe.ps1",
      "-CsServer",
      "D:\\Xilinx\\Vivado\\2023.1\\bin\\unwrapped\\win64.o\\cs_server.exe",
      "-RdiXsdb",
      "D:\\Xilinx\\Vivado\\2023.1\\bin\\unwrapped\\win64.o\\rdi_xsdb.exe",
      "-Cmd",
      "C:\\Windows\\System32\\cmd.exe",
      "-Conhost",
      "C:\\Windows\\System32\\conhost.exe"
    ],
    "probe_environment": {
      "SystemRoot": "C:\\Windows",
      "WINDIR": "C:\\Windows",
      "COMSPEC": "C:\\Windows\\System32\\cmd.exe",
      "PATH": "C:\\Windows\\System32;C:\\Windows\\System32\\WindowsPowerShell\\v1.0",
      "TEMP": "C:\\Users\\user\\AppData\\Local\\Temp",
      "TMP": "C:\\Users\\user\\AppData\\Local\\Temp",
      "ALLUSERSPROFILE": "C:\\ProgramData",
      "APPDATA": "C:\\Users\\user\\AppData\\Roaming",
      "CommonProgramFiles": "C:\\Program Files\\Common Files",
      "CommonProgramFiles(x86)": "C:\\Program Files (x86)\\Common Files",
      "CommonProgramW6432": "C:\\Program Files\\Common Files",
      "HOMEDRIVE": "C:",
      "HOMEPATH": "\\Users\\user",
      "LOCALAPPDATA": "C:\\Users\\user\\AppData\\Local",
      "NUMBER_OF_PROCESSORS": "28",
      "OS": "Windows_NT",
      "PROCESSOR_ARCHITECTURE": "AMD64",
      "PROCESSOR_IDENTIFIER": "Intel64 Family 6 Model 183 Stepping 1, GenuineIntel",
      "PROCESSOR_LEVEL": "6",
      "PROCESSOR_REVISION": "b701",
      "ProgramData": "C:\\ProgramData",
      "ProgramFiles": "C:\\Program Files",
      "ProgramFiles(x86)": "C:\\Program Files (x86)",
      "ProgramW6432": "C:\\Program Files",
      "PSModulePath": "C:\\Users\\user\\Documents\\WindowsPowerShell\\Modules;C:\\Program Files\\WindowsPowerShell\\Modules;C:\\WINDOWS\\system32\\WindowsPowerShell\\v1.0\\Modules",
      "PUBLIC": "C:\\Users\\Public",
      "SystemDrive": "C:",
      "USERDOMAIN": "DESKTOP-PU0AECA",
      "USERNAME": "user",
      "USERPROFILE": "C:\\Users\\user"
    },
    "probe_returncode": 0,
    "probe_stderr": "",
    "probe_payload": {
      "schema": "rf-comm-p7-vivado-helper-identity-probe-v1",
      "probe_host": {
        "role": "probe_host",
        "path": "C:\\Windows\\System32\\WindowsPowerShell\\v1.0\\powershell.exe",
        "bytes": 454656,
        "file_version": "10.0.26100.8875",
        "product_version": "10.0.26100.8875",
        "company_name": "Microsoft Corporation",
        "signature_status": "Valid",
        "signature_type": "Catalog",
        "signer_subject": "CN=Microsoft Windows, O=Microsoft Corporation, L=Redmond, S=Washington, C=US",
        "signer_thumbprint": "DC91E564D5BC1E3A8E02D6A8508682ABEA8A2443"
      },
      "records": [
        {
          "role": "cs_server",
          "path": "D:\\Xilinx\\Vivado\\2023.1\\bin\\unwrapped\\win64.o\\cs_server.exe",
          "bytes": 12408496,
          "file_version": "0.0.0.0",
          "product_version": "0.0.0.0",
          "company_name": "",
          "signature_status": "Valid",
          "signature_type": "Authenticode",
          "signer_subject": "CN=Xilinx Inc., O=Xilinx Inc., S=Colorado, C=US, OID.2.5.4.15=Private Organization, OID.1.3.6.1.4.1.311.60.2.1.2=Delaware, OID.1.3.6.1.4.1.311.60.2.1.3=US, SERIALNUMBER=2221167",
          "signer_thumbprint": "F5BF7E059AA73C3F69350328C95EF3C0C7B654CB"
        },
        {
          "role": "rdi_xsdb",
          "path": "D:\\Xilinx\\Vivado\\2023.1\\bin\\unwrapped\\win64.o\\rdi_xsdb.exe",
          "bytes": 29288,
          "file_version": "0.0.0.0",
          "product_version": "0.0.0.0",
          "company_name": "",
          "signature_status": "Valid",
          "signature_type": "Authenticode",
          "signer_subject": "CN=Xilinx Inc., O=Xilinx Inc., S=Colorado, C=US, OID.2.5.4.15=Private Organization, OID.1.3.6.1.4.1.311.60.2.1.2=Delaware, OID.1.3.6.1.4.1.311.60.2.1.3=US, SERIALNUMBER=2221167",
          "signer_thumbprint": "F5BF7E059AA73C3F69350328C95EF3C0C7B654CB"
        },
        {
          "role": "cmd",
          "path": "C:\\Windows\\System32\\cmd.exe",
          "bytes": 344064,
          "file_version": "10.0.26100.8737",
          "product_version": "10.0.26100.8737",
          "company_name": "Microsoft Corporation",
          "signature_status": "Valid",
          "signature_type": "Catalog",
          "signer_subject": "CN=Microsoft Windows, O=Microsoft Corporation, L=Redmond, S=Washington, C=US",
          "signer_thumbprint": "DC91E564D5BC1E3A8E02D6A8508682ABEA8A2443"
        },
        {
          "role": "conhost",
          "path": "C:\\Windows\\System32\\conhost.exe",
          "bytes": 1007616,
          "file_version": "10.0.26100.8737",
          "product_version": "10.0.26100.8737",
          "company_name": "Microsoft Corporation",
          "signature_status": "Valid",
          "signature_type": "Catalog",
          "signer_subject": "CN=Microsoft Windows, O=Microsoft Corporation, L=Redmond, S=Washington, C=US",
          "signer_thumbprint": "85DF8AC9B594E3C055692AE52D3E8E93889D9EC9"
        }
      ]
    }
  },
  "preflight_process": {
    "name": "preflight",
    "returncode": 0,
    "stdout_path": "D:\\CodexWorktrees\\p7formal_911e1a3\\RF_COMM_MULTILANE\\evidence\\hardware\\p7\\authorized_sequence\\p7_20260717_stationary_app_r74_formal_full\\009_p7_fragment_boundary_1_l0\\p7_preflight.stdout.log",
    "stderr_path": "D:\\CodexWorktrees\\p7formal_911e1a3\\RF_COMM_MULTILANE\\evidence\\hardware\\p7\\authorized_sequence\\p7_20260717_stationary_app_r74_formal_full\\009_p7_fragment_boundary_1_l0\\p7_preflight.stderr.log",
    "elapsed_seconds": 31.031673,
    "argv": [
      "D:\\Xilinx\\Vivado\\2023.1\\bin\\vivado.bat",
      "-mode",
      "batch",
      "-source",
      "D:\\CodexWorktrees\\p7formal_911e1a3\\RF_COMM_MULTILANE\\scripts\\hw\\p7_hw_preflight.tcl",
      "-tclargs",
      "D:\\CodexWorktrees\\p7formal_911e1a3\\RF_COMM_MULTILANE",
      "D:\\CodexWorktrees\\p7formal_911e1a3\\RF_COMM_MULTILANE\\.hardware_authorization\\p7_20260717_stationary_app_r74_formal_full_009_p7_fragment_boundary_1_l0.txt",
      "210512180081",
      "xc7z010clg400-1",
      "localhost:3121/xilinx_tcf/Digilent/210512180081",
      "localhost:3121",
      "D:\\CodexWorktrees\\p7formal_911e1a3\\RF_COMM_MULTILANE\\evidence\\hardware\\p7\\authorized_sequence\\p7_20260717_stationary_app_r74_formal_full\\009_p7_fragment_boundary_1_l0\\p7_preflight_result.txt"
    ],
    "started_at_utc": "2026-07-16T21:00:22.151837+00:00",
    "ended_at_utc": "2026-07-16T21:00:53.183516+00:00",
    "timed_out": false,
    "abort_seen": false,
    "interrupted": false,
    "process_tree_terminated": false,
    "process_tree_reaped": true,
    "containment_kind": "WINDOWS_JOB_OBJECT_KILL_ON_CLOSE",
    "containment_assigned": true,
    "containment_closed": true,
    "descendant_count_after": 0,
    "expected_tool_daemon_grace_used": true,
    "expected_tool_daemon_grace_seconds": 30.0,
    "expected_tool_daemon_paths": [
      "D:\\Xilinx\\Vivado\\2023.1\\bin\\unwrapped\\win64.o\\cs_server.exe",
      "D:\\Xilinx\\Vivado\\2023.1\\bin\\unwrapped\\win64.o\\rdi_xsdb.exe",
      "C:\\Windows\\System32\\cmd.exe",
      "C:\\Windows\\System32\\conhost.exe"
    ],
    "descendant_paths_seen": [
      "D:\\Xilinx\\Vivado\\2023.1\\bin\\unwrapped\\win64.o\\rdi_xsdb.exe",
      "D:\\Xilinx\\Vivado\\2023.1\\bin\\unwrapped\\win64.o\\cs_server.exe",
      "C:\\Windows\\System32\\conhost.exe",
      "D:\\Xilinx\\Vivado\\2023.1\\bin\\unwrapped\\win64.o\\cs_server.exe",
      "C:\\Windows\\System32\\cmd.exe",
      "C:\\Windows\\System32\\conhost.exe"
    ],
    "descendant_processes_seen": [
      {
        "pid": 4872,
        "parent_pid": 11744,
        "parent_active_globally": true,
        "image_path": "D:\\Xilinx\\Vivado\\2023.1\\bin\\unwrapped\\win64.o\\rdi_xsdb.exe",
        "creation_time_100ns": 134287092313771938
      },
      {
        "pid": 8204,
        "parent_pid": 10368,
        "parent_active_globally": false,
        "image_path": "D:\\Xilinx\\Vivado\\2023.1\\bin\\unwrapped\\win64.o\\cs_server.exe",
        "creation_time_100ns": 134287092305520071
      },
      {
        "pid": 10308,
        "parent_pid": 11744,
        "parent_active_globally": true,
        "image_path": "C:\\Windows\\System32\\conhost.exe",
        "creation_time_100ns": 134287092310519609
      },
      {
        "pid": 11180,
        "parent_pid": 8204,
        "parent_active_globally": true,
        "image_path": "D:\\Xilinx\\Vivado\\2023.1\\bin\\unwrapped\\win64.o\\cs_server.exe",
        "creation_time_100ns": 134287092306463439
      },
      {
        "pid": 11744,
        "parent_pid": 23676,
        "parent_active_globally": false,
        "image_path": "C:\\Windows\\System32\\cmd.exe",
        "creation_time_100ns": 134287092310461035
      },
      {
        "pid": 22988,
        "parent_pid": 13908,
        "parent_active_globally": false,
        "image_path": "C:\\Windows\\System32\\conhost.exe",
        "creation_time_100ns": 134287092298632664
      }
    ],
    "expected_tool_daemon_classification": "EXACT_R2_VIVADO_EXIT_HELPER_FOREST",
    "expected_tool_daemon_topology_snapshots": [
      {
        "classification": "EXACT_R2_VIVADO_EXIT_HELPER_FOREST",
        "elapsed_seconds": 0.004415,
        "processes": [
          {
            "pid": 4872,
            "parent_pid": 11744,
            "parent_active_globally": true,
            "image_path": "D:\\Xilinx\\Vivado\\2023.1\\bin\\unwrapped\\win64.o\\rdi_xsdb.exe",
            "creation_time_100ns": 134287092313771938
          },
          {
            "pid": 8204,
            "parent_pid": 10368,
            "parent_active_globally": false,
            "image_path": "D:\\Xilinx\\Vivado\\2023.1\\bin\\unwrapped\\win64.o\\cs_server.exe",
            "creation_time_100ns": 134287092305520071
          },
          {
            "pid": 10308,
            "parent_pid": 11744,
            "parent_active_globally": true,
            "image_path": "C:\\Windows\\System32\\conhost.exe",
            "creation_time_100ns": 134287092310519609
          },
          {
            "pid": 11180,
            "parent_pid": 8204,
            "parent_active_globally": true,
            "image_path": "D:\\Xilinx\\Vivado\\2023.1\\bin\\unwrapped\\win64.o\\cs_server.exe",
            "creation_time_100ns": 134287092306463439
          },
          {
            "pid": 11744,
            "parent_pid": 23676,
            "parent_active_globally": false,
            "image_path": "C:\\Windows\\System32\\cmd.exe",
            "creation_time_100ns": 134287092310461035
          },
          {
            "pid": 22988,
            "parent_pid": 13908,
            "parent_active_globally": false,
            "image_path": "C:\\Windows\\System32\\conhost.exe",
            "creation_time_100ns": 134287092298632664
          }
        ]
      },
      {
        "classification": "STRICT_SHRINK_SUBSET_OF_EXACT_R2_VIVADO_EXIT_HELPER_FOREST",
        "elapsed_seconds": 19.661228,
        "processes": [
          {
            "pid": 8204,
            "parent_pid": 10368,
            "parent_active_globally": false,
            "image_path": "D:\\Xilinx\\Vivado\\2023.1\\bin\\unwrapped\\win64.o\\cs_server.exe",
            "creation_time_100ns": 134287092305520071
          },
          {
            "pid": 11180,
            "parent_pid": 8204,
            "parent_active_globally": true,
            "image_path": "D:\\Xilinx\\Vivado\\2023.1\\bin\\unwrapped\\win64.o\\cs_server.exe",
            "creation_time_100ns": 134287092306463439
          },
          {
            "pid": 22988,
            "parent_pid": 13908,
            "parent_active_globally": false,
            "image_path": "C:\\Windows\\System32\\conhost.exe",
            "creation_time_100ns": 134287092298632664
          }
        ]
      },
      {
        "classification": "EMPTY",
        "elapsed_seconds": 20.765952,
        "processes": []
      }
    ],
    "expected_tool_daemon_topology_revalidation_count": 197,
    "expected_tool_daemon_topology_monotonic": true,
    "expected_tool_daemon_topology_sample_elapsed_seconds": [
      4.2e-05,
      0.004415,
      0.110125,
      0.215938,
      0.321132,
      0.426283,
      0.532164,
      0.638026,
      0.743352,
      0.848636,
      0.953643,
      1.058649,
      1.164042,
      1.269446,
      1.37511,
      1.480916,
      1.585922,
      1.691344,
      1.796479,
      1.901543,
      2.007036,
      2.111935,
      2.217472,
      2.322625,
      2.428103,
      2.533656,
      2.63958,
      2.745983,
      2.851588,
      2.956692,
      3.061619,
      3.167182,
      3.27277,
      3.378054,
      3.483621,
      3.588959,
      3.694803,
      3.80042,
      3.906105,
      4.011264,
      4.116132,
      4.221578,
      4.326724,
      4.432071,
      4.537161,
      4.642785,
      4.74829,
      4.85358,
      4.958602,
      5.06366,
      5.169265,
      5.27516,
      5.381212,
      5.488675,
      5.594178,
      5.700262,
      5.805966,
      5.911431,
      6.01691,
      6.122758,
      6.228604,
      6.333865,
      6.439299,
      6.544505,
      6.649549,
      6.754783,
      6.860215,
      6.965502,
      7.070779,
      7.176398,
      7.282099,
      7.388127,
      7.493541,
      7.598681,
      7.703761,
      7.809002,
      7.914192,
      8.019227,
      8.124963,
      8.230644,
      8.336366,
      8.441688,
      8.547051,
      8.652045,
      8.758133,
      8.863132,
      8.96833,
      9.073971,
      9.179191,
      9.284428,
      9.389591,
      9.495379,
      9.601249,
      9.707186,
      9.812939,
      9.918795,
      10.024945,
      10.130822,
      10.237403,
      10.343098,
      10.44907,
      10.554591,
      10.66075,
      10.766508,
      10.872055,
      10.978321,
      11.084217,
      11.190009,
      11.294917,
      11.400454,
      11.506159,
      11.611475,
      11.719125,
      11.824737,
      11.930497,
      12.035789,
      12.141405,
      12.24767,
      12.353694,
      12.459574,
      12.565647,
      12.671794,
      12.777644,
      12.883454,
      12.989427,
      13.095341,
      13.200881,
      13.306785,
      13.41246,
      13.518442,
      13.624098,
      13.730353,
      13.836801,
      13.942439,
      14.046835,
      14.152482,
      14.258374,
      14.363947,
      14.470339,
      14.576926,
      14.681714,
      14.791172,
      14.897411,
      15.003442,
      15.108718,
      15.215395,
      15.321246,
      15.427012,
      15.532593,
      15.638167,
      15.744202,
      15.85015,
      15.956211,
      16.062515,
      16.168387,
      16.274545,
      16.380656,
      16.486372,
      16.592987,
      16.698891,
      16.804848,
      16.910759,
      17.016581,
      17.122397,
      17.228421,
      17.33433,
      17.440087,
      17.545688,
      17.654148,
      17.76068,
      17.86639,
      17.971756,
      18.07752,
      18.183717,
      18.289054,
      18.394241,
      18.499381,
      18.604713,
      18.709797,
      18.814832,
      18.919994,
      19.025715,
      19.131138,
      19.236965,
      19.343539,
      19.449628,
      19.555193,
      19.661228,
      19.767809,
      19.873008,
      19.978734,
      20.08342,
      20.188803,
      20.294229,
      20.399298,
      20.504367,
      20.60934,
      20.715264,
      20.765952
    ],
    "expected_tool_daemon_topology_max_sample_gap_seconds": 0.109458,
    "expected_tool_daemon_grace_elapsed_seconds": 20.76597,
    "expected_tool_daemon_hashes_verified": true,
    "expected_tool_daemon_sha256_by_role": {
      "cs_server": "9bf0e15ffe162a96679c14b8117cf8ebe8a47b8032bee4ab8cb0317c112df536",
      "rdi_xsdb": "3193d8c4e7115e82e5b4ea6c2eb1aa8a7566bd5a9f9c78e9d901b9eab9d4ebfc",
      "cmd": "65ec268add3973b6dca64222985da47caeaee44a340b0ec1466782914fd743d9",
      "conhost": "32e45de7f02912f3907083690043df4abdc4705eea28300719788eaa4a339d0b"
    },
    "expected_tool_daemon_hash_error": "",
    "expected_tool_daemon_prelaunch_hashes_verified": true,
    "expected_tool_daemon_prelaunch_sha256_by_role": {
      "cs_server": "9bf0e15ffe162a96679c14b8117cf8ebe8a47b8032bee4ab8cb0317c112df536",
      "rdi_xsdb": "3193d8c4e7115e82e5b4ea6c2eb1aa8a7566bd5a9f9c78e9d901b9eab9d4ebfc",
      "cmd": "65ec268add3973b6dca64222985da47caeaee44a340b0ec1466782914fd743d9",
      "conhost": "32e45de7f02912f3907083690043df4abdc4705eea28300719788eaa4a339d0b"
    },
    "expected_tool_daemon_prelaunch_hash_error": "",
    "expected_tool_daemon_postexit_hashes_verified": true,
    "expected_tool_daemon_postexit_sha256_by_role": {
      "cs_server": "9bf0e15ffe162a96679c14b8117cf8ebe8a47b8032bee4ab8cb0317c112df536",
      "rdi_xsdb": "3193d8c4e7115e82e5b4ea6c2eb1aa8a7566bd5a9f9c78e9d901b9eab9d4ebfc",
      "cmd": "65ec268add3973b6dca64222985da47caeaee44a340b0ec1466782914fd743d9",
      "conhost": "32e45de7f02912f3907083690043df4abdc4705eea28300719788eaa4a339d0b"
    },
    "expected_tool_daemon_postexit_hash_error": "",
    "expected_tool_daemon_topology_error": "",
    "expected_tool_daemon_topology_terminal_empty": true,
    "process_identity_query_retry_count": 0,
    "process_exit_race_recheck_count": 0,
    "process_identity_query_transient_errors": [],
    "containment_cleanup_attempted": false,
    "containment_cleanup_terminated": false,
    "process_exit_race_rechecked": false,
    "process_identity_query_retried": false,
    "containment_query_error": "",
    "launch_error": ""
  },
  "preflight_result_file": "D:\\CodexWorktrees\\p7formal_911e1a3\\RF_COMM_MULTILANE\\evidence\\hardware\\p7\\authorized_sequence\\p7_20260717_stationary_app_r74_formal_full\\009_p7_fragment_boundary_1_l0\\p7_preflight_result.txt",
  "preflight_failures": [],
  "target_identity": {
    "P7_HW_PREFLIGHT_AUTHORIZED": "1",
    "P7_HW_PREFLIGHT_READ_ONLY": "1",
    "P7_HW_PREFLIGHT_BOARD_ID": "210512180081",
    "P7_HW_PREFLIGHT_TARGET": "localhost:3121/xilinx_tcf/Digilent/210512180081",
    "P7_HW_PREFLIGHT_DEVICE": "xc7z010_1",
    "P7_HW_PREFLIGHT_PART": "xc7z010clg400-1",
    "P7_HW_PREFLIGHT_IDCODE": "00010011011100100010000010010011",
    "P7_HW_PREFLIGHT_CANONICAL_PART": "xc7z010clg400-1",
    "P7_HW_PREFLIGHT_LIVE_PART": "xc7z010",
    "P7_HW_PREFLIGHT_LIVE_DEVICE": "xc7z010_1",
    "P7_HW_PREFLIGHT_LIVE_IDCODE": "00010011011100100010000010010011",
    "P7_HW_PREFLIGHT_RESULT": "PASS"
  },
  "shutdown_before": {
    "name": "shutdown_before",
    "returncode": 0,
    "stdout_path": "D:\\CodexWorktrees\\p7formal_911e1a3\\RF_COMM_MULTILANE\\evidence\\hardware\\p7\\authorized_sequence\\p7_20260717_stationary_app_r74_formal_full\\009_p7_fragment_boundary_1_l0\\p7_shutdown_before.stdout.log",
    "stderr_path": "D:\\CodexWorktrees\\p7formal_911e1a3\\RF_COMM_MULTILANE\\evidence\\hardware\\p7\\authorized_sequence\\p7_20260717_stationary_app_r74_formal_full\\009_p7_fragment_boundary_1_l0\\p7_shutdown_before.stderr.log",
    "elapsed_seconds": 48.271707,
    "argv": [
      "D:\\Xilinx\\Vivado\\2023.1\\bin\\vivado.bat",
      "-mode",
      "batch",
      "-source",
      "D:\\CodexWorktrees\\p7formal_911e1a3\\RF_COMM_MULTILANE\\scripts\\hw\\p7_jtag_axi_transactions.tcl",
      "-tclargs",
      "D:\\CodexWorktrees\\p7formal_911e1a3\\RF_COMM_MULTILANE",
      "SHUTDOWN",
      "D:\\CodexWorktrees\\p7formal_911e1a3\\RF_COMM_MULTILANE\\.hardware_authorization\\p7_20260717_stationary_app_r74_formal_full_009_p7_fragment_boundary_1_l0.txt",
      "210512180081",
      "xc7z010clg400-1",
      "localhost:3121/xilinx_tcf/Digilent/210512180081",
      "localhost:3121",
      "1000000",
      "D:\\CodexWorktrees\\p7formal_911e1a3\\RF_COMM_MULTILANE\\shutdown_bitstream\\tfdu_shutdown_j10_j11.bit",
      "-",
      "-",
      "D:\\CodexWorktrees\\p7formal_911e1a3\\RF_COMM_MULTILANE\\evidence\\hardware\\p7\\authorized_sequence\\p7_20260717_stationary_app_r74_formal_full\\009_p7_fragment_boundary_1_l0\\p7_shutdown_before_result.txt",
      "0x43c00000",
      "1100000",
      "134217728",
      "550",
      "D:\\CodexWorktrees\\p7formal_911e1a3\\RF_COMM_MULTILANE\\shutdown_bitstream\\tfdu_shutdown_j10_j11.bit"
    ],
    "started_at_utc": "2026-07-16T21:00:53.194693+00:00",
    "ended_at_utc": "2026-07-16T21:01:41.466407+00:00",
    "timed_out": false,
    "abort_seen": false,
    "interrupted": false,
    "process_tree_terminated": false,
    "process_tree_reaped": true,
    "containment_kind": "WINDOWS_JOB_OBJECT_KILL_ON_CLOSE",
    "containment_assigned": true,
    "containment_closed": true,
    "descendant_count_after": 0,
    "expected_tool_daemon_grace_used": true,
    "expected_tool_daemon_grace_seconds": 30.0,
    "expected_tool_daemon_paths": [
      "D:\\Xilinx\\Vivado\\2023.1\\bin\\unwrapped\\win64.o\\cs_server.exe",
      "D:\\Xilinx\\Vivado\\2023.1\\bin\\unwrapped\\win64.o\\rdi_xsdb.exe",
      "C:\\Windows\\System32\\cmd.exe",
      "C:\\Windows\\System32\\conhost.exe"
    ],
    "descendant_paths_seen": [
      "D:\\Xilinx\\Vivado\\2023.1\\bin\\unwrapped\\win64.o\\rdi_xsdb.exe",
      "C:\\Windows\\System32\\conhost.exe",
      "C:\\Windows\\System32\\conhost.exe",
      "C:\\Windows\\System32\\cmd.exe",
      "D:\\Xilinx\\Vivado\\2023.1\\bin\\unwrapped\\win64.o\\cs_server.exe",
      "D:\\Xilinx\\Vivado\\2023.1\\bin\\unwrapped\\win64.o\\cs_server.exe"
    ],
    "descendant_processes_seen": [
      {
        "pid": 4244,
        "parent_pid": 20704,
        "parent_active_globally": true,
        "image_path": "D:\\Xilinx\\Vivado\\2023.1\\bin\\unwrapped\\win64.o\\rdi_xsdb.exe",
        "creation_time_100ns": 134287092625708773
      },
      {
        "pid": 5124,
        "parent_pid": 22216,
        "parent_active_globally": false,
        "image_path": "C:\\Windows\\System32\\conhost.exe",
        "creation_time_100ns": 134287092610338565
      },
      {
        "pid": 11724,
        "parent_pid": 20704,
        "parent_active_globally": true,
        "image_path": "C:\\Windows\\System32\\conhost.exe",
        "creation_time_100ns": 134287092622388810
      },
      {
        "pid": 20704,
        "parent_pid": 652,
        "parent_active_globally": false,
        "image_path": "C:\\Windows\\System32\\cmd.exe",
        "creation_time_100ns": 134287092622333443
      },
      {
        "pid": 25632,
        "parent_pid": 17796,
        "parent_active_globally": false,
        "image_path": "D:\\Xilinx\\Vivado\\2023.1\\bin\\unwrapped\\win64.o\\cs_server.exe",
        "creation_time_100ns": 134287092617268488
      },
      {
        "pid": 25736,
        "parent_pid": 25632,
        "parent_active_globally": true,
        "image_path": "D:\\Xilinx\\Vivado\\2023.1\\bin\\unwrapped\\win64.o\\cs_server.exe",
        "creation_time_100ns": 134287092618198716
      }
    ],
    "expected_tool_daemon_classification": "EXACT_R2_VIVADO_EXIT_HELPER_FOREST",
    "expected_tool_daemon_topology_snapshots": [
      {
        "classification": "EXACT_R2_VIVADO_EXIT_HELPER_FOREST",
        "elapsed_seconds": 0.004451,
        "processes": [
          {
            "pid": 4244,
            "parent_pid": 20704,
            "parent_active_globally": true,
            "image_path": "D:\\Xilinx\\Vivado\\2023.1\\bin\\unwrapped\\win64.o\\rdi_xsdb.exe",
            "creation_time_100ns": 134287092625708773
          },
          {
            "pid": 5124,
            "parent_pid": 22216,
            "parent_active_globally": false,
            "image_path": "C:\\Windows\\System32\\conhost.exe",
            "creation_time_100ns": 134287092610338565
          },
          {
            "pid": 11724,
            "parent_pid": 20704,
            "parent_active_globally": true,
            "image_path": "C:\\Windows\\System32\\conhost.exe",
            "creation_time_100ns": 134287092622388810
          },
          {
            "pid": 20704,
            "parent_pid": 652,
            "parent_active_globally": false,
            "image_path": "C:\\Windows\\System32\\cmd.exe",
            "creation_time_100ns": 134287092622333443
          },
          {
            "pid": 25632,
            "parent_pid": 17796,
            "parent_active_globally": false,
            "image_path": "D:\\Xilinx\\Vivado\\2023.1\\bin\\unwrapped\\win64.o\\cs_server.exe",
            "creation_time_100ns": 134287092617268488
          },
          {
            "pid": 25736,
            "parent_pid": 25632,
            "parent_active_globally": true,
            "image_path": "D:\\Xilinx\\Vivado\\2023.1\\bin\\unwrapped\\win64.o\\cs_server.exe",
            "creation_time_100ns": 134287092618198716
          }
        ]
      },
      {
        "classification": "STRICT_SHRINK_SUBSET_OF_EXACT_R2_VIVADO_EXIT_HELPER_FOREST",
        "elapsed_seconds": 19.501054,
        "processes": [
          {
            "pid": 5124,
            "parent_pid": 22216,
            "parent_active_globally": false,
            "image_path": "C:\\Windows\\System32\\conhost.exe",
            "creation_time_100ns": 134287092610338565
          },
          {
            "pid": 25632,
            "parent_pid": 17796,
            "parent_active_globally": false,
            "image_path": "D:\\Xilinx\\Vivado\\2023.1\\bin\\unwrapped\\win64.o\\cs_server.exe",
            "creation_time_100ns": 134287092617268488
          },
          {
            "pid": 25736,
            "parent_pid": 25632,
            "parent_active_globally": true,
            "image_path": "D:\\Xilinx\\Vivado\\2023.1\\bin\\unwrapped\\win64.o\\cs_server.exe",
            "creation_time_100ns": 134287092618198716
          }
        ]
      },
      {
        "classification": "EMPTY",
        "elapsed_seconds": 20.554155,
        "processes": []
      }
    ],
    "expected_tool_daemon_topology_revalidation_count": 194,
    "expected_tool_daemon_topology_monotonic": true,
    "expected_tool_daemon_topology_sample_elapsed_seconds": [
      4.1e-05,
      0.004451,
      0.110866,
      0.216542,
      0.322491,
      0.427889,
      0.533902,
      0.640483,
      0.745988,
      0.851459,
      0.957293,
      1.062523,
      1.167465,
      1.272636,
      1.377828,
      1.482661,
      1.587954,
      1.693465,
      1.798591,
      1.903767,
      2.009253,
      2.114374,
      2.219537,
      2.3255,
      2.432023,
      2.537945,
      2.64389,
      2.750429,
      2.857837,
      2.963463,
      3.06911,
      3.174387,
      3.279576,
      3.385352,
      3.490773,
      3.596207,
      3.701339,
      3.806735,
      3.912623,
      4.018202,
      4.123576,
      4.228707,
      4.334542,
      4.440835,
      4.546681,
      4.651622,
      4.757606,
      4.863388,
      4.970337,
      5.075578,
      5.181076,
      5.286109,
      5.392338,
      5.498479,
      5.6038,
      5.709663,
      5.815095,
      5.921176,
      6.026444,
      6.132035,
      6.237428,
      6.343509,
      6.449882,
      6.555208,
      6.661289,
      6.766664,
      6.872081,
      6.977783,
      7.083329,
      7.188272,
      7.29364,
      7.39938,
      7.504881,
      7.610382,
      7.716869,
      7.82286,
      7.929004,
      8.034501,
      8.141117,
      8.246055,
      8.351958,
      8.457885,
      8.563612,
      8.668991,
      8.775066,
      8.880677,
      8.987069,
      9.092894,
      9.198181,
      9.303314,
      9.408669,
      9.513808,
      9.618929,
      9.724273,
      9.829326,
      9.934751,
      10.03986,
      10.145271,
      10.251056,
      10.356632,
      10.461996,
      10.567978,
      10.673299,
      10.77863,
      10.883879,
      10.989235,
      11.094314,
      11.19949,
      11.304732,
      11.410093,
      11.515311,
      11.620571,
      11.725987,
      11.831354,
      11.93722,
      12.042646,
      12.14781,
      12.253283,
      12.359414,
      12.464727,
      12.570912,
      12.676313,
      12.782062,
      12.888122,
      12.993929,
      13.099387,
      13.204968,
      13.310381,
      13.415821,
      13.522409,
      13.627762,
      13.733973,
      13.840221,
      13.945728,
      14.051853,
      14.157535,
      14.263151,
      14.368569,
      14.474089,
      14.579592,
      14.685116,
      14.790622,
      14.895765,
      15.00098,
      15.106025,
      15.211004,
      15.316279,
      15.421609,
      15.526464,
      15.632913,
      15.738805,
      15.845033,
      15.950721,
      16.056835,
      16.162819,
      16.26879,
      16.374586,
      16.480927,
      16.587016,
      16.692828,
      16.79847,
      16.904295,
      17.010702,
      17.117412,
      17.223423,
      17.32885,
      17.435122,
      17.540635,
      17.64666,
      17.752926,
      17.858988,
      17.965202,
      18.070745,
      18.176274,
      18.282447,
      18.388149,
      18.493438,
      18.59942,
      18.705142,
      18.810771,
      18.917075,
      19.022873,
      19.128603,
      19.234802,
      19.340532,
      19.501054,
      19.606838,
      19.713136,
      19.819255,
      19.92493,
      20.030199,
      20.135305,
      20.241127,
      20.347066,
      20.452871,
      20.554155
    ],
    "expected_tool_daemon_topology_max_sample_gap_seconds": 0.160522,
    "expected_tool_daemon_grace_elapsed_seconds": 20.554174,
    "expected_tool_daemon_hashes_verified": true,
    "expected_tool_daemon_sha256_by_role": {
      "cs_server": "9bf0e15ffe162a96679c14b8117cf8ebe8a47b8032bee4ab8cb0317c112df536",
      "rdi_xsdb": "3193d8c4e7115e82e5b4ea6c2eb1aa8a7566bd5a9f9c78e9d901b9eab9d4ebfc",
      "cmd": "65ec268add3973b6dca64222985da47caeaee44a340b0ec1466782914fd743d9",
      "conhost": "32e45de7f02912f3907083690043df4abdc4705eea28300719788eaa4a339d0b"
    },
    "expected_tool_daemon_hash_error": "",
    "expected_tool_daemon_prelaunch_hashes_verified": true,
    "expected_tool_daemon_prelaunch_sha256_by_role": {
      "cs_server": "9bf0e15ffe162a96679c14b8117cf8ebe8a47b8032bee4ab8cb0317c112df536",
      "rdi_xsdb": "3193d8c4e7115e82e5b4ea6c2eb1aa8a7566bd5a9f9c78e9d901b9eab9d4ebfc",
      "cmd": "65ec268add3973b6dca64222985da47caeaee44a340b0ec1466782914fd743d9",
      "conhost": "32e45de7f02912f3907083690043df4abdc4705eea28300719788eaa4a339d0b"
    },
    "expected_tool_daemon_prelaunch_hash_error": "",
    "expected_tool_daemon_postexit_hashes_verified": true,
    "expected_tool_daemon_postexit_sha256_by_role": {
      "cs_server": "9bf0e15ffe162a96679c14b8117cf8ebe8a47b8032bee4ab8cb0317c112df536",
      "rdi_xsdb": "3193d8c4e7115e82e5b4ea6c2eb1aa8a7566bd5a9f9c78e9d901b9eab9d4ebfc",
      "cmd": "65ec268add3973b6dca64222985da47caeaee44a340b0ec1466782914fd743d9",
      "conhost": "32e45de7f02912f3907083690043df4abdc4705eea28300719788eaa4a339d0b"
    },
    "expected_tool_daemon_postexit_hash_error": "",
    "expected_tool_daemon_topology_error": "",
    "expected_tool_daemon_topology_terminal_empty": true,
    "process_identity_query_retry_count": 1,
    "process_exit_race_recheck_count": 1,
    "process_identity_query_transient_errors": [],
    "containment_cleanup_attempted": false,
    "containment_cleanup_terminated": false,
    "process_exit_race_rechecked": true,
    "process_identity_query_retried": true,
    "containment_query_error": "",
    "launch_error": "",
    "attempted": true,
    "programming_attempted": true,
    "result_file": "D:\\CodexWorktrees\\p7formal_911e1a3\\RF_COMM_MULTILANE\\evidence\\hardware\\p7\\authorized_sequence\\p7_20260717_stationary_app_r74_formal_full\\009_p7_fragment_boundary_1_l0\\p7_shutdown_before_result.txt",
    "passed": true,
    "failures": []
  },
  "shutdown_after": {
    "name": "shutdown_after",
    "returncode": 0,
    "stdout_path": "D:\\CodexWorktrees\\p7formal_911e1a3\\RF_COMM_MULTILANE\\evidence\\hardware\\p7\\authorized_sequence\\p7_20260717_stationary_app_r74_formal_full\\009_p7_fragment_boundary_1_l0\\p7_shutdown_after.stdout.log",
    "stderr_path": "D:\\CodexWorktrees\\p7formal_911e1a3\\RF_COMM_MULTILANE\\evidence\\hardware\\p7\\authorized_sequence\\p7_20260717_stationary_app_r74_formal_full\\009_p7_fragment_boundary_1_l0\\p7_shutdown_after.stderr.log",
    "elapsed_seconds": 48.356566,
    "argv": [
      "D:\\Xilinx\\Vivado\\2023.1\\bin\\vivado.bat",
      "-mode",
      "batch",
      "-source",
      "D:\\CodexWorktrees\\p7formal_911e1a3\\RF_COMM_MULTILANE\\scripts\\hw\\p7_jtag_axi_transactions.tcl",
      "-tclargs",
      "D:\\CodexWorktrees\\p7formal_911e1a3\\RF_COMM_MULTILANE",
      "SHUTDOWN",
      "D:\\CodexWorktrees\\p7formal_911e1a3\\RF_COMM_MULTILANE\\.hardware_authorization\\p7_20260717_stationary_app_r74_formal_full_009_p7_fragment_boundary_1_l0.txt",
      "210512180081",
      "xc7z010clg400-1",
      "localhost:3121/xilinx_tcf/Digilent/210512180081",
      "localhost:3121",
      "1000000",
      "D:\\CodexWorktrees\\p7formal_911e1a3\\RF_COMM_MULTILANE\\shutdown_bitstream\\tfdu_shutdown_j10_j11.bit",
      "-",
      "-",
      "D:\\CodexWorktrees\\p7formal_911e1a3\\RF_COMM_MULTILANE\\evidence\\hardware\\p7\\authorized_sequence\\p7_20260717_stationary_app_r74_formal_full\\009_p7_fragment_boundary_1_l0\\p7_shutdown_after_result.txt",
      "0x43c00000",
      "1100000",
      "134217728",
      "550",
      "D:\\CodexWorktrees\\p7formal_911e1a3\\RF_COMM_MULTILANE\\shutdown_bitstream\\tfdu_shutdown_j10_j11.bit"
    ],
    "started_at_utc": "2026-07-16T21:02:29.902292+00:00",
    "ended_at_utc": "2026-07-16T21:03:18.258863+00:00",
    "timed_out": false,
    "abort_seen": false,
    "interrupted": false,
    "process_tree_terminated": false,
    "process_tree_reaped": true,
    "containment_kind": "WINDOWS_JOB_OBJECT_KILL_ON_CLOSE",
    "containment_assigned": true,
    "containment_closed": true,
    "descendant_count_after": 0,
    "expected_tool_daemon_grace_used": true,
    "expected_tool_daemon_grace_seconds": 30.0,
    "expected_tool_daemon_paths": [
      "D:\\Xilinx\\Vivado\\2023.1\\bin\\unwrapped\\win64.o\\cs_server.exe",
      "D:\\Xilinx\\Vivado\\2023.1\\bin\\unwrapped\\win64.o\\rdi_xsdb.exe",
      "C:\\Windows\\System32\\cmd.exe",
      "C:\\Windows\\System32\\conhost.exe"
    ],
    "descendant_paths_seen": [
      "C:\\Windows\\System32\\cmd.exe",
      "D:\\Xilinx\\Vivado\\2023.1\\bin\\unwrapped\\win64.o\\rdi_xsdb.exe",
      "C:\\Windows\\System32\\conhost.exe",
      "D:\\Xilinx\\Vivado\\2023.1\\bin\\unwrapped\\win64.o\\cs_server.exe",
      "C:\\Windows\\System32\\conhost.exe",
      "D:\\Xilinx\\Vivado\\2023.1\\bin\\unwrapped\\win64.o\\cs_server.exe"
    ],
    "descendant_processes_seen": [
      {
        "pid": 2968,
        "parent_pid": 26204,
        "parent_active_globally": false,
        "image_path": "C:\\Windows\\System32\\cmd.exe",
        "creation_time_100ns": 134287093589779939
      },
      {
        "pid": 7132,
        "parent_pid": 2968,
        "parent_active_globally": true,
        "image_path": "D:\\Xilinx\\Vivado\\2023.1\\bin\\unwrapped\\win64.o\\rdi_xsdb.exe",
        "creation_time_100ns": 134287093593070446
      },
      {
        "pid": 14192,
        "parent_pid": 2968,
        "parent_active_globally": true,
        "image_path": "C:\\Windows\\System32\\conhost.exe",
        "creation_time_100ns": 134287093589835468
      },
      {
        "pid": 19708,
        "parent_pid": 23288,
        "parent_active_globally": true,
        "image_path": "D:\\Xilinx\\Vivado\\2023.1\\bin\\unwrapped\\win64.o\\cs_server.exe",
        "creation_time_100ns": 134287093585607716
      },
      {
        "pid": 22868,
        "parent_pid": 25284,
        "parent_active_globally": false,
        "image_path": "C:\\Windows\\System32\\conhost.exe",
        "creation_time_100ns": 134287093577711858
      },
      {
        "pid": 23288,
        "parent_pid": 14108,
        "parent_active_globally": false,
        "image_path": "D:\\Xilinx\\Vivado\\2023.1\\bin\\unwrapped\\win64.o\\cs_server.exe",
        "creation_time_100ns": 134287093584689002
      }
    ],
    "expected_tool_daemon_classification": "EXACT_R2_VIVADO_EXIT_HELPER_FOREST",
    "expected_tool_daemon_topology_snapshots": [
      {
        "classification": "EXACT_R2_VIVADO_EXIT_HELPER_FOREST",
        "elapsed_seconds": 0.00436,
        "processes": [
          {
            "pid": 2968,
            "parent_pid": 26204,
            "parent_active_globally": false,
            "image_path": "C:\\Windows\\System32\\cmd.exe",
            "creation_time_100ns": 134287093589779939
          },
          {
            "pid": 7132,
            "parent_pid": 2968,
            "parent_active_globally": true,
            "image_path": "D:\\Xilinx\\Vivado\\2023.1\\bin\\unwrapped\\win64.o\\rdi_xsdb.exe",
            "creation_time_100ns": 134287093593070446
          },
          {
            "pid": 14192,
            "parent_pid": 2968,
            "parent_active_globally": true,
            "image_path": "C:\\Windows\\System32\\conhost.exe",
            "creation_time_100ns": 134287093589835468
          },
          {
            "pid": 19708,
            "parent_pid": 23288,
            "parent_active_globally": true,
            "image_path": "D:\\Xilinx\\Vivado\\2023.1\\bin\\unwrapped\\win64.o\\cs_server.exe",
            "creation_time_100ns": 134287093585607716
          },
          {
            "pid": 22868,
            "parent_pid": 25284,
            "parent_active_globally": false,
            "image_path": "C:\\Windows\\System32\\conhost.exe",
            "creation_time_100ns": 134287093577711858
          },
          {
            "pid": 23288,
            "parent_pid": 14108,
            "parent_active_globally": false,
            "image_path": "D:\\Xilinx\\Vivado\\2023.1\\bin\\unwrapped\\win64.o\\cs_server.exe",
            "creation_time_100ns": 134287093584689002
          }
        ]
      },
      {
        "classification": "STRICT_SHRINK_SUBSET_OF_EXACT_R2_VIVADO_EXIT_HELPER_FOREST",
        "elapsed_seconds": 19.596883,
        "processes": [
          {
            "pid": 19708,
            "parent_pid": 23288,
            "parent_active_globally": true,
            "image_path": "D:\\Xilinx\\Vivado\\2023.1\\bin\\unwrapped\\win64.o\\cs_server.exe",
            "creation_time_100ns": 134287093585607716
          },
          {
            "pid": 22868,
            "parent_pid": 25284,
            "parent_active_globally": false,
            "image_path": "C:\\Windows\\System32\\conhost.exe",
            "creation_time_100ns": 134287093577711858
          },
          {
            "pid": 23288,
            "parent_pid": 14108,
            "parent_active_globally": false,
            "image_path": "D:\\Xilinx\\Vivado\\2023.1\\bin\\unwrapped\\win64.o\\cs_server.exe",
            "creation_time_100ns": 134287093584689002
          }
        ]
      },
      {
        "classification": "EMPTY",
        "elapsed_seconds": 20.644963,
        "processes": []
      }
    ],
    "expected_tool_daemon_topology_revalidation_count": 195,
    "expected_tool_daemon_topology_monotonic": true,
    "expected_tool_daemon_topology_sample_elapsed_seconds": [
      3.7e-05,
      0.00436,
      0.111709,
      0.217587,
      0.322647,
      0.428569,
      0.534185,
      0.641361,
      0.747288,
      0.853225,
      0.958958,
      1.064524,
      1.17067,
      1.275781,
      1.381161,
      1.486202,
      1.591335,
      1.696645,
      1.801791,
      1.906937,
      2.012436,
      2.117786,
      2.223278,
      2.328917,
      2.433912,
      2.53915,
      2.644622,
      2.749844,
      2.854896,
      2.9607,
      3.065947,
      3.171155,
      3.276702,
      3.381943,
      3.487588,
      3.592541,
      3.697991,
      3.803139,
      3.90862,
      4.014434,
      4.120071,
      4.225613,
      4.331329,
      4.437588,
      4.542769,
      4.649326,
      4.75507,
      4.860201,
      4.966247,
      5.071907,
      5.17702,
      5.283223,
      5.38817,
      5.493762,
      5.598976,
      5.704187,
      5.810056,
      5.915569,
      6.021562,
      6.127618,
      6.233035,
      6.338431,
      6.444612,
      6.55064,
      6.656165,
      6.76142,
      6.866969,
      6.972499,
      7.078419,
      7.183956,
      7.28914,
      7.39489,
      7.500625,
      7.606306,
      7.711289,
      7.816958,
      7.922331,
      8.029136,
      8.135213,
      8.240591,
      8.345992,
      8.451152,
      8.557167,
      8.663314,
      8.769426,
      8.874601,
      8.980355,
      9.085783,
      9.191391,
      9.298642,
      9.403719,
      9.509138,
      9.615057,
      9.721006,
      9.826475,
      9.931512,
      10.036977,
      10.142786,
      10.248229,
      10.35399,
      10.459582,
      10.565246,
      10.670668,
      10.776676,
      10.881835,
      10.987426,
      11.093348,
      11.203071,
      11.308135,
      11.4133,
      11.519204,
      11.624871,
      11.730307,
      11.836508,
      11.942982,
      12.048261,
      12.153572,
      12.258845,
      12.364465,
      12.469819,
      12.575187,
      12.68082,
      12.786224,
      12.891722,
      12.997405,
      13.102625,
      13.208438,
      13.313437,
      13.418966,
      13.524128,
      13.629716,
      13.734955,
      13.84026,
      13.946429,
      14.052631,
      14.158484,
      14.264015,
      14.368816,
      14.474024,
      14.579116,
      14.684214,
      14.789428,
      14.894357,
      15.000452,
      15.105957,
      15.211315,
      15.316897,
      15.422206,
      15.527464,
      15.63292,
      15.738578,
      15.844344,
      15.950058,
      16.055781,
      16.162185,
      16.267788,
      16.373114,
      16.478483,
      16.583627,
      16.688651,
      16.795098,
      16.900428,
      17.005918,
      17.111448,
      17.217367,
      17.323278,
      17.428507,
      17.534046,
      17.639639,
      17.745523,
      17.85104,
      17.956917,
      18.06285,
      18.168368,
      18.273934,
      18.379144,
      18.485038,
      18.59035,
      18.695759,
      18.800729,
      18.905745,
      19.014111,
      19.119842,
      19.22531,
      19.330876,
      19.436923,
      19.596883,
      19.701652,
      19.806884,
      19.912264,
      20.01803,
      20.123042,
      20.22795,
      20.333107,
      20.439121,
      20.544126,
      20.644963
    ],
    "expected_tool_daemon_topology_max_sample_gap_seconds": 0.15996,
    "expected_tool_daemon_grace_elapsed_seconds": 20.644983,
    "expected_tool_daemon_hashes_verified": true,
    "expected_tool_daemon_sha256_by_role": {
      "cs_server": "9bf0e15ffe162a96679c14b8117cf8ebe8a47b8032bee4ab8cb0317c112df536",
      "rdi_xsdb": "3193d8c4e7115e82e5b4ea6c2eb1aa8a7566bd5a9f9c78e9d901b9eab9d4ebfc",
      "cmd": "65ec268add3973b6dca64222985da47caeaee44a340b0ec1466782914fd743d9",
      "conhost": "32e45de7f02912f3907083690043df4abdc4705eea28300719788eaa4a339d0b"
    },
    "expected_tool_daemon_hash_error": "",
    "expected_tool_daemon_prelaunch_hashes_verified": true,
    "expected_tool_daemon_prelaunch_sha256_by_role": {
      "cs_server": "9bf0e15ffe162a96679c14b8117cf8ebe8a47b8032bee4ab8cb0317c112df536",
      "rdi_xsdb": "3193d8c4e7115e82e5b4ea6c2eb1aa8a7566bd5a9f9c78e9d901b9eab9d4ebfc",
      "cmd": "65ec268add3973b6dca64222985da47caeaee44a340b0ec1466782914fd743d9",
      "conhost": "32e45de7f02912f3907083690043df4abdc4705eea28300719788eaa4a339d0b"
    },
    "expected_tool_daemon_prelaunch_hash_error": "",
    "expected_tool_daemon_postexit_hashes_verified": true,
    "expected_tool_daemon_postexit_sha256_by_role": {
      "cs_server": "9bf0e15ffe162a96679c14b8117cf8ebe8a47b8032bee4ab8cb0317c112df536",
      "rdi_xsdb": "3193d8c4e7115e82e5b4ea6c2eb1aa8a7566bd5a9f9c78e9d901b9eab9d4ebfc",
      "cmd": "65ec268add3973b6dca64222985da47caeaee44a340b0ec1466782914fd743d9",
      "conhost": "32e45de7f02912f3907083690043df4abdc4705eea28300719788eaa4a339d0b"
    },
    "expected_tool_daemon_postexit_hash_error": "",
    "expected_tool_daemon_topology_error": "",
    "expected_tool_daemon_topology_terminal_empty": true,
    "process_identity_query_retry_count": 1,
    "process_exit_race_recheck_count": 1,
    "process_identity_query_transient_errors": [],
    "containment_cleanup_attempted": false,
    "containment_cleanup_terminated": false,
    "process_exit_race_rechecked": true,
    "process_identity_query_retried": true,
    "containment_query_error": "",
    "launch_error": "",
    "passed": true,
    "failures": [],
    "attempted": true,
    "programming_attempted": true,
    "result_file": "D:\\CodexWorktrees\\p7formal_911e1a3\\RF_COMM_MULTILANE\\evidence\\hardware\\p7\\authorized_sequence\\p7_20260717_stationary_app_r74_formal_full\\009_p7_fragment_boundary_1_l0\\p7_shutdown_after_result.txt"
  },
  "tfdu_activity_semantics": "conservative_true_once_transmitting_candidate_command_is_launched",
  "stage_process": {
    "name": "jtag_axi_stage",
    "returncode": 0,
    "stdout_path": "D:\\CodexWorktrees\\p7formal_911e1a3\\RF_COMM_MULTILANE\\evidence\\hardware\\p7\\authorized_sequence\\p7_20260717_stationary_app_r74_formal_full\\009_p7_fragment_boundary_1_l0\\p7_jtag_axi_stage.stdout.log",
    "stderr_path": "D:\\CodexWorktrees\\p7formal_911e1a3\\RF_COMM_MULTILANE\\evidence\\hardware\\p7\\authorized_sequence\\p7_20260717_stationary_app_r74_formal_full\\009_p7_fragment_boundary_1_l0\\p7_jtag_axi_stage.stderr.log",
    "elapsed_seconds": 48.401972,
    "argv": [
      "D:\\Xilinx\\Vivado\\2023.1\\bin\\vivado.bat",
      "-mode",
      "batch",
      "-source",
      "D:\\CodexWorktrees\\p7formal_911e1a3\\RF_COMM_MULTILANE\\scripts\\hw\\p7_jtag_axi_transactions.tcl",
      "-tclargs",
      "D:\\CodexWorktrees\\p7formal_911e1a3\\RF_COMM_MULTILANE",
      "STAGE",
      "D:\\CodexWorktrees\\p7formal_911e1a3\\RF_COMM_MULTILANE\\.hardware_authorization\\p7_20260717_stationary_app_r74_formal_full_009_p7_fragment_boundary_1_l0.txt",
      "210512180081",
      "xc7z010clg400-1",
      "localhost:3121/xilinx_tcf/Digilent/210512180081",
      "localhost:3121",
      "1000000",
      "D:\\CodexWorktrees\\p7formal_911e1a3\\RF_COMM_MULTILANE\\evidence\\hardware\\p6\\bitstreams\\p6_jtag_dynamic_transport_798b0194029638fa27a254dd58db5d6fd28b65d91c5cf2c9e32c0f9076ee3c0f.bit",
      "D:\\CodexWorktrees\\p7formal_911e1a3\\RF_COMM_MULTILANE\\evidence\\hardware\\p6\\bitstreams\\p6_jtag_dynamic_transport_76fe1ec47871946a7d357b0caa1f669500de827b796d6154dcc54678e0ac7083.ltx",
      "D:\\CodexWorktrees\\p7formal_911e1a3\\RF_COMM_MULTILANE\\build\\p7_authorized_sequence\\p7_20260717_stationary_app_r74_formal_full\\transactions\\009_p7_fragment_boundary_1_l0.transactions.txt",
      "D:\\CodexWorktrees\\p7formal_911e1a3\\RF_COMM_MULTILANE\\evidence\\hardware\\p7\\authorized_sequence\\p7_20260717_stationary_app_r74_formal_full\\009_p7_fragment_boundary_1_l0\\p7_jtag_axi_raw_result.txt",
      "0x43c00000",
      "1100000",
      "134217728",
      "550",
      "D:\\CodexWorktrees\\p7formal_911e1a3\\RF_COMM_MULTILANE\\shutdown_bitstream\\tfdu_shutdown_j10_j11.bit"
    ],
    "started_at_utc": "2026-07-16T21:01:41.485948+00:00",
    "ended_at_utc": "2026-07-16T21:02:29.887926+00:00",
    "timed_out": false,
    "abort_seen": false,
    "interrupted": false,
    "process_tree_terminated": false,
    "process_tree_reaped": true,
    "containment_kind": "WINDOWS_JOB_OBJECT_KILL_ON_CLOSE",
    "containment_assigned": true,
    "containment_closed": true,
    "descendant_count_after": 0,
    "expected_tool_daemon_grace_used": true,
    "expected_tool_daemon_grace_seconds": 30.0,
    "expected_tool_daemon_paths": [
      "D:\\Xilinx\\Vivado\\2023.1\\bin\\unwrapped\\win64.o\\cs_server.exe",
      "D:\\Xilinx\\Vivado\\2023.1\\bin\\unwrapped\\win64.o\\rdi_xsdb.exe",
      "C:\\Windows\\System32\\cmd.exe",
      "C:\\Windows\\System32\\conhost.exe"
    ],
    "descendant_paths_seen": [
      "D:\\Xilinx\\Vivado\\2023.1\\bin\\unwrapped\\win64.o\\cs_server.exe",
      "C:\\Windows\\System32\\conhost.exe",
      "D:\\Xilinx\\Vivado\\2023.1\\bin\\unwrapped\\win64.o\\cs_server.exe",
      "D:\\Xilinx\\Vivado\\2023.1\\bin\\unwrapped\\win64.o\\rdi_xsdb.exe",
      "C:\\Windows\\System32\\cmd.exe",
      "C:\\Windows\\System32\\conhost.exe"
    ],
    "descendant_processes_seen": [
      {
        "pid": 2960,
        "parent_pid": 24420,
        "parent_active_globally": false,
        "image_path": "D:\\Xilinx\\Vivado\\2023.1\\bin\\unwrapped\\win64.o\\cs_server.exe",
        "creation_time_100ns": 134287093101263029
      },
      {
        "pid": 8400,
        "parent_pid": 13376,
        "parent_active_globally": true,
        "image_path": "C:\\Windows\\System32\\conhost.exe",
        "creation_time_100ns": 134287093106293299
      },
      {
        "pid": 8872,
        "parent_pid": 2960,
        "parent_active_globally": true,
        "image_path": "D:\\Xilinx\\Vivado\\2023.1\\bin\\unwrapped\\win64.o\\cs_server.exe",
        "creation_time_100ns": 134287093102192338
      },
      {
        "pid": 12704,
        "parent_pid": 13376,
        "parent_active_globally": true,
        "image_path": "D:\\Xilinx\\Vivado\\2023.1\\bin\\unwrapped\\win64.o\\rdi_xsdb.exe",
        "creation_time_100ns": 134287093109523666
      },
      {
        "pid": 13376,
        "parent_pid": 14268,
        "parent_active_globally": false,
        "image_path": "C:\\Windows\\System32\\cmd.exe",
        "creation_time_100ns": 134287093106237100
      },
      {
        "pid": 16624,
        "parent_pid": 9960,
        "parent_active_globally": false,
        "image_path": "C:\\Windows\\System32\\conhost.exe",
        "creation_time_100ns": 134287093094202338
      }
    ],
    "expected_tool_daemon_classification": "EXACT_R2_VIVADO_EXIT_HELPER_FOREST",
    "expected_tool_daemon_topology_snapshots": [
      {
        "classification": "EXACT_R2_VIVADO_EXIT_HELPER_FOREST",
        "elapsed_seconds": 0.004558,
        "processes": [
          {
            "pid": 2960,
            "parent_pid": 24420,
            "parent_active_globally": false,
            "image_path": "D:\\Xilinx\\Vivado\\2023.1\\bin\\unwrapped\\win64.o\\cs_server.exe",
            "creation_time_100ns": 134287093101263029
          },
          {
            "pid": 8400,
            "parent_pid": 13376,
            "parent_active_globally": true,
            "image_path": "C:\\Windows\\System32\\conhost.exe",
            "creation_time_100ns": 134287093106293299
          },
          {
            "pid": 8872,
            "parent_pid": 2960,
            "parent_active_globally": true,
            "image_path": "D:\\Xilinx\\Vivado\\2023.1\\bin\\unwrapped\\win64.o\\cs_server.exe",
            "creation_time_100ns": 134287093102192338
          },
          {
            "pid": 12704,
            "parent_pid": 13376,
            "parent_active_globally": true,
            "image_path": "D:\\Xilinx\\Vivado\\2023.1\\bin\\unwrapped\\win64.o\\rdi_xsdb.exe",
            "creation_time_100ns": 134287093109523666
          },
          {
            "pid": 13376,
            "parent_pid": 14268,
            "parent_active_globally": false,
            "image_path": "C:\\Windows\\System32\\cmd.exe",
            "creation_time_100ns": 134287093106237100
          },
          {
            "pid": 16624,
            "parent_pid": 9960,
            "parent_active_globally": false,
            "image_path": "C:\\Windows\\System32\\conhost.exe",
            "creation_time_100ns": 134287093094202338
          }
        ]
      },
      {
        "classification": "EMPTY",
        "elapsed_seconds": 20.078788,
        "processes": []
      }
    ],
    "expected_tool_daemon_topology_revalidation_count": 190,
    "expected_tool_daemon_topology_monotonic": true,
    "expected_tool_daemon_topology_sample_elapsed_seconds": [
      3.6e-05,
      0.004558,
      0.110991,
      0.21637,
      0.321581,
      0.427269,
      0.532719,
      0.637585,
      0.74331,
      0.850657,
      0.956758,
      1.06268,
      1.168272,
      1.273317,
      1.379263,
      1.484549,
      1.589732,
      1.694524,
      1.800072,
      1.905362,
      2.010645,
      2.115894,
      2.221616,
      2.327092,
      2.432246,
      2.537204,
      2.641903,
      2.747968,
      2.853258,
      2.958439,
      3.063553,
      3.168676,
      3.2743,
      3.380111,
      3.485349,
      3.591031,
      3.696859,
      3.803445,
      3.908848,
      4.016471,
      4.122421,
      4.2276,
      4.333943,
      4.438897,
      4.544629,
      4.649405,
      4.754664,
      4.859811,
      4.964955,
      5.070271,
      5.175512,
      5.280387,
      5.385464,
      5.490455,
      5.595652,
      5.700946,
      5.807031,
      5.912872,
      6.018987,
      6.12455,
      6.23018,
      6.336142,
      6.441598,
      6.546727,
      6.652247,
      6.757616,
      6.863344,
      6.970198,
      7.076893,
      7.18269,
      7.289126,
      7.395052,
      7.500652,
      7.605585,
      7.710635,
      7.81648,
      7.92218,
      8.027459,
      8.13309,
      8.238376,
      8.343708,
      8.449,
      8.555279,
      8.660814,
      8.767682,
      8.873714,
      8.979676,
      9.086264,
      9.192366,
      9.298013,
      9.404452,
      9.510946,
      9.616698,
      9.722467,
      9.828866,
      9.934581,
      10.040856,
      10.146466,
      10.253539,
      10.358955,
      10.464677,
      10.570039,
      10.675162,
      10.781197,
      10.88684,
      10.993022,
      11.098448,
      11.203766,
      11.308938,
      11.414299,
      11.519782,
      11.625104,
      11.730628,
      11.836903,
      11.942917,
      12.048868,
      12.154174,
      12.259252,
      12.364143,
      12.469697,
      12.574839,
      12.679798,
      12.786558,
      12.892064,
      12.997857,
      13.104502,
      13.210123,
      13.315896,
      13.421907,
      13.529409,
      13.634827,
      13.740245,
      13.846083,
      13.952545,
      14.057688,
      14.163192,
      14.268578,
      14.37428,
      14.479689,
      14.586139,
      14.692116,
      14.798356,
      14.903587,
      15.009291,
      15.116167,
      15.222552,
      15.327591,
      15.432788,
      15.538799,
      15.644411,
      15.75076,
      15.856364,
      15.961664,
      16.066845,
      16.172514,
      16.277863,
      16.383319,
      16.488767,
      16.594735,
      16.701108,
      16.806989,
      16.912626,
      17.018665,
      17.124424,
      17.229547,
      17.334844,
      17.440535,
      17.545749,
      17.650901,
      17.757811,
      17.863794,
      17.970007,
      18.075947,
      18.18189,
      18.288082,
      18.393774,
      18.499573,
      18.605807,
      18.711663,
      18.817936,
      18.923821,
      19.029091,
      19.1347,
      19.239753,
      19.345218,
      19.450502,
      19.555547,
      19.660468,
      19.766083,
      19.871805,
      19.977771,
      20.078788
    ],
    "expected_tool_daemon_topology_max_sample_gap_seconds": 0.107623,
    "expected_tool_daemon_grace_elapsed_seconds": 20.078817,
    "expected_tool_daemon_hashes_verified": true,
    "expected_tool_daemon_sha256_by_role": {
      "cs_server": "9bf0e15ffe162a96679c14b8117cf8ebe8a47b8032bee4ab8cb0317c112df536",
      "rdi_xsdb": "3193d8c4e7115e82e5b4ea6c2eb1aa8a7566bd5a9f9c78e9d901b9eab9d4ebfc",
      "cmd": "65ec268add3973b6dca64222985da47caeaee44a340b0ec1466782914fd743d9",
      "conhost": "32e45de7f02912f3907083690043df4abdc4705eea28300719788eaa4a339d0b"
    },
    "expected_tool_daemon_hash_error": "",
    "expected_tool_daemon_prelaunch_hashes_verified": true,
    "expected_tool_daemon_prelaunch_sha256_by_role": {
      "cs_server": "9bf0e15ffe162a96679c14b8117cf8ebe8a47b8032bee4ab8cb0317c112df536",
      "rdi_xsdb": "3193d8c4e7115e82e5b4ea6c2eb1aa8a7566bd5a9f9c78e9d901b9eab9d4ebfc",
      "cmd": "65ec268add3973b6dca64222985da47caeaee44a340b0ec1466782914fd743d9",
      "conhost": "32e45de7f02912f3907083690043df4abdc4705eea28300719788eaa4a339d0b"
    },
    "expected_tool_daemon_prelaunch_hash_error": "",
    "expected_tool_daemon_postexit_hashes_verified": true,
    "expected_tool_daemon_postexit_sha256_by_role": {
      "cs_server": "9bf0e15ffe162a96679c14b8117cf8ebe8a47b8032bee4ab8cb0317c112df536",
      "rdi_xsdb": "3193d8c4e7115e82e5b4ea6c2eb1aa8a7566bd5a9f9c78e9d901b9eab9d4ebfc",
      "cmd": "65ec268add3973b6dca64222985da47caeaee44a340b0ec1466782914fd743d9",
      "conhost": "32e45de7f02912f3907083690043df4abdc4705eea28300719788eaa4a339d0b"
    },
    "expected_tool_daemon_postexit_hash_error": "",
    "expected_tool_daemon_topology_error": "",
    "expected_tool_daemon_topology_terminal_empty": true,
    "process_identity_query_retry_count": 0,
    "process_exit_race_recheck_count": 0,
    "process_identity_query_transient_errors": [],
    "containment_cleanup_attempted": false,
    "containment_cleanup_terminated": false,
    "process_exit_race_rechecked": false,
    "process_identity_query_retried": false,
    "containment_query_error": "",
    "launch_error": "",
    "passed": true,
    "failures": [],
    "result_file": "D:\\CodexWorktrees\\p7formal_911e1a3\\RF_COMM_MULTILANE\\evidence\\hardware\\p7\\authorized_sequence\\p7_20260717_stationary_app_r74_formal_full\\009_p7_fragment_boundary_1_l0\\p7_jtag_axi_raw_result.txt"
  },
  "stage_result_markers": {
    "P7_HW_TARGET": "localhost:3121/xilinx_tcf/Digilent/210512180081",
    "P7_HW_DEVICE": "xc7z010_1",
    "P7_HW_PART": "xc7z010clg400-1",
    "P7_HW_IDCODE": "00010011011100100010000010010011",
    "P7_HW_CANONICAL_PART": "xc7z010clg400-1",
    "P7_HW_LIVE_PART": "xc7z010",
    "P7_HW_LIVE_DEVICE": "xc7z010_1",
    "P7_HW_LIVE_IDCODE": "00010011011100100010000010010011",
    "P7_CANDIDATE_PROGRAMMED": "1",
    "P7_HW_AXI": "hw_axi_1",
    "P7_TXN_META_BACKEND": "p7_jtag_backend",
    "P7_TXN_META_LANE_POLICY": "LANE0_ONLY",
    "P7_BASE_TX_COUNT": "00000000",
    "P7_BASE_RX_GOOD_COUNT_L0": "00000000",
    "P7_BASE_RX_GOOD_COUNT_L1": "00000000",
    "P7_BASE_CRC_BAD": "00000000",
    "P7_BASE_PAYLOAD_MISMATCH": "00000000",
    "P7_BASE_RETRY_COUNT": "00000000",
    "P7_BASE_RETRY_EXHAUSTED": "00000000",
    "P7_BASE_TX_FAIL": "00000000",
    "P7_BASE_DUTY_VIOLATION": "00000000",
    "P7_BASE_RAW_TX_PULSES": "00000000",
    "P7_BASE_RAW_RX_PULSES": "00000000",
    "P7_BASE_FRAME_GOOD": "00000000",
    "P7_BASE_FRAME_BAD": "00000000",
    "P7_BASE_ACK_SENT": "00000000",
    "P7_BASE_ACK_SEEN": "00000000",
    "P7_BASE_TXD_HIGH_MAX": "00000000",
    "P7_BASE_ERROR_CODE": "00000000",
    "P7_BASE_STICKY_ERROR": "00000000",
    "P7F00000_TXW000": "50414652",
    "P7F00000_TXW001": "00200301",
    "P7F00000_TXW002": "50370009",
    "P7F00000_TXW003": "00000009",
    "P7F00000_TXW004": "00000001",
    "P7F00000_TXW005": "00010000",
    "P7F00000_TXW006": "00000001",
    "P7F00000_TXW007": "D202EF8D",
    "P7F00000_TXW008": "00000000",
    "P7F00000_COMMIT": "00000007",
    "P7F00000_COMMIT_POLLS": "1",
    "P7F00000_TX_CRC32": "94D8802A",
    "P7F00000_DONE": "00000017",
    "P7F00000_DONE_POLLS": "1",
    "P7F00000_STATUS": "00000017",
    "P7F00000_MAILBOX": "50364F4B",
    "P7F00000_RX_LEN": "00000021",
    "P7F00000_RX_CRC32": "94D8802A",
    "P7F00000_RX_DIGEST": "94D8802A",
    "P7F00000_TX_COUNT": "00000001",
    "P7F00000_RX_GOOD_COUNT_L0": "00000001",
    "P7F00000_RX_GOOD_COUNT_L1": "00000000",
    "P7F00000_CRC_BAD": "00000000",
    "P7F00000_PAYLOAD_MISMATCH": "00000000",
    "P7F00000_RETRY_COUNT": "00000000",
    "P7F00000_RETRY_EXHAUSTED": "00000000",
    "P7F00000_TX_FAIL": "00000000",
    "P7F00000_DUTY_VIOLATION": "00000000",
    "P7F00000_RAW_TX_PULSES": "00000108",
    "P7F00000_RAW_RX_PULSES": "00000210",
    "P7F00000_FRAME_GOOD": "00000001",
    "P7F00000_FRAME_BAD": "00000000",
    "P7F00000_ACK_SENT": "00000001",
    "P7F00000_ACK_SEEN": "00000001",
    "P7F00000_TXD_HIGH_MAX": "00000008",
    "P7F00000_ERROR_CODE": "00000000",
    "P7F00000_STICKY_ERROR": "00000000",
    "P7F00000_RXW000": "50414652",
    "P7F00000_RXW001": "00200301",
    "P7F00000_RXW002": "50370009",
    "P7F00000_RXW003": "00000009",
    "P7F00000_RXW004": "00000001",
    "P7F00000_RXW005": "00010000",
    "P7F00000_RXW006": "00000001",
    "P7F00000_RXW007": "D202EF8D",
    "P7F00000_RXW008": "00000000",
    "P7_FINAL_SHUTDOWN_REASON": "54464455",
    "P7_TCL_PROGRAMMING_ATTEMPTED": "1",
    "P7_TRANSACTION_COUNT": "83",
    "P7_JTAG_AXI_TRANSACTIONS": "PASS",
    "P7_JTAG_STAGE_RESULT": "PASS"
  },
  "child_reaped_before_shutdown_after": true,
  "backend_parse": {
    "passed": true,
    "semantic_mode": "rfap",
    "summary_file": "D:\\CodexWorktrees\\p7formal_911e1a3\\RF_COMM_MULTILANE\\evidence\\hardware\\p7\\authorized_sequence\\p7_20260717_stationary_app_r74_formal_full\\009_p7_fragment_boundary_1_l0\\p7_jtag_backend_parse_summary.json",
    "summary_sha256": "404db5634e90413e2d1ec525ccba5f634e76bc3e62db6f82f2b578b1c48826d0",
    "output_file": "D:\\CodexWorktrees\\p7formal_911e1a3\\RF_COMM_MULTILANE\\evidence\\hardware\\p7\\authorized_sequence\\p7_20260717_stationary_app_r74_formal_full\\009_p7_fragment_boundary_1_l0\\p7_jtag_reassembled_output.bin",
    "output_sha256": "6e340b9cffb37a989ca544e6bb780a2c78901d3fb33738768511a30617afa01d",
    "object_length": 1,
    "object_crc32": 3523407757,
    "object_sha256": "6e340b9cffb37a989ca544e6bb780a2c78901d3fb33738768511a30617afa01d",
    "lane_policy": "LANE0_ONLY",
    "fragment_count": 1,
    "missing_fragments": 0,
    "duplicate_fragments": 0,
    "error_counter_increments": 0,
    "fragment_latency_upper_bound_us": {
      "sample_count": 1,
      "min": 2000,
      "mean": 2000.0,
      "p50": 2000,
      "p95": 2000,
      "p99": 2000,
      "max": 2000,
      "percentile_method": "nearest_rank",
      "semantics": "upper_bound",
      "source": "bounded_commit_plus_transfer_poll_counts_x_manifest_poll_period"
    },
    "object_transport_latency_upper_bound_us": 2000,
    "object_transport_latency_semantics": "sum_of_sequential_fragment_poll_upper_bounds",
    "poll_bound_application_goodput_lower_bound_bps": 4000,
    "poll_bound_goodput_semantics": "lower_bound_from_object_bytes_over_transport_latency_upper_bound",
    "host_end_to_end_elapsed_seconds": 48.401972,
    "host_end_to_end_goodput_bps": 0.165283,
    "host_end_to_end_time_source": "host_monotonic_child_process_elapsed",
    "host_end_to_end_semantics": "includes Vivado startup, FPGA programming, JTAG/AXI operations, polling, and host overhead; not optical-only fragment latency",
    "raw_log_bound_to_this_hardware_process": true
  },
  "internal_error": "",
  "stage_failures": [],
  "backend_parse_failure": "",
  "global_runtime": {
    "elapsed_seconds": 176.411776,
    "authorized_max_seconds": 960,
    "within_authorized_limit": true
  },
  "reason": "authorized direct JTAG/AXI stage, strict byte/counter parser, and both shutdown barriers passed"
}
