STARTED_UTC=2026-07-31T08:20:16+00:00
COMMAND=D:\Xilinx\Vivado\2023.1\bin\xvlog.bat -sv C:\Users\user\Documents\RF_COMM_MULTILANE_P10_1_LED\rtl\p10_lane_activity_leds.sv C:\Users\user\Documents\RF_COMM_MULTILANE_P10_1_LED\sim\tb\tb_p10_lane_activity_leds.sv
RETURN_CODE=0
STDOUT_BEGIN
INFO: [VRFC 10-2263] Analyzing SystemVerilog file "C:/Users/user/Documents/RF_COMM_MULTILANE_P10_1_LED/rtl/p10_lane_activity_leds.sv" into library work
INFO: [VRFC 10-311] analyzing module p10_lane_activity_leds
INFO: [VRFC 10-2263] Analyzing SystemVerilog file "C:/Users/user/Documents/RF_COMM_MULTILANE_P10_1_LED/sim/tb/tb_p10_lane_activity_leds.sv" into library work
INFO: [VRFC 10-311] analyzing module tb_p10_lane_activity_leds

STDOUT_END
STDERR_BEGIN

STDERR_END
COMMAND=D:\Xilinx\Vivado\2023.1\bin\xelab.bat tb_p10_lane_activity_leds -debug typical -s p10_lane_activity_leds_snapshot
RETURN_CODE=0
STDOUT_BEGIN
Vivado Simulator v2023.1
Copyright 1986-2022 Xilinx, Inc. All Rights Reserved.
Copyright 2022-2023 Advanced Micro Devices, Inc. All Rights Reserved.
Running: D:/Xilinx/Vivado/2023.1/bin/unwrapped/win64.o/xelab.exe tb_p10_lane_activity_leds -debug typical -s p10_lane_activity_leds_snapshot 
Multi-threading is on. Using 26 slave threads.
Starting static elaboration
Pass Through NonSizing Optimizer
Completed static elaboration
Starting simulation data flow analysis
Completed simulation data flow analysis
Time Resolution for simulation is 1ps
Compiling module work.p10_lane_activity_leds(CLK_HZ=40...
Compiling module work.tb_p10_lane_activity_leds
Built simulation snapshot p10_lane_activity_leds_snapshot

STDOUT_END
STDERR_BEGIN

STDERR_END
COMMAND=D:\Xilinx\Vivado\2023.1\bin\xsim.bat p10_lane_activity_leds_snapshot -runall
RETURN_CODE=0
STDOUT_BEGIN

****** xsim v2023.1 (64-bit)
  **** SW Build 3865809 on Sun May  7 15:05:29 MDT 2023
  **** IP Build 3864474 on Sun May  7 20:36:21 MDT 2023
  **** SharedData Build 3865790 on Sun May 07 13:33:03 MDT 2023
    ** Copyright 1986-2022 Xilinx, Inc. All Rights Reserved.
    ** Copyright 2022-2023 Advanced Micro Devices, Inc. All Rights Reserved.

source xsim.dir/p10_lane_activity_leds_snapshot/xsim_script.tcl
# xsim {p10_lane_activity_leds_snapshot} -autoloadwcfg -runall
Time resolution is 1 ps
run -all
TB_P10_LANE_ACTIVITY_LEDS=PASS
$finish called at time : 586 ns : File "C:/Users/user/Documents/RF_COMM_MULTILANE_P10_1_LED/sim/tb/tb_p10_lane_activity_leds.sv" Line 141
exit
INFO: [Common 17-206] Exiting xsim at Fri Jul 31 16:20:22 2026...

STDOUT_END
STDERR_BEGIN

STDERR_END
FINISHED_UTC=2026-07-31T08:20:22+00:00
