Vivado Simulator v2023.1
Copyright 1986-2022 Xilinx, Inc. All Rights Reserved.
Copyright 2022-2023 Advanced Micro Devices, Inc. All Rights Reserved.
Running: D:/Xilinx/Vivado/2023.1/bin/unwrapped/win64.o/xelab.exe tb_p10_5_role_mask_commit -debug typical -s tb_p10_5_role_mask_commit_snapshot 
Multi-threading is on. Using 26 slave threads.
Starting static elaboration
Pass Through NonSizing Optimizer
Completed static elaboration
Starting simulation data flow analysis
Completed simulation data flow analysis
Time Resolution for simulation is 1ps
Compiling package work.p10_5_dual_direction_pkg
Compiling package work.ir_seq_math_pkg
Compiling module work.p6_axi_lite_bridge
Compiling module work.p10_1_timer_snapshot
Compiling module work.p10_1_event_fifo(DEPTH=32'b01000...
Compiling module work.p10_1_perf_monitor(PHYSICAL_MODU...
Compiling module work.p10_fault_event_bram(ADDR_W=8)
Compiling module work.p10_fault_forensics_default
Compiling module work.ir_selective_repeat_tx(SACK_BITS...
Compiling module work.ir_health_weighted_scheduler(LAN...
Compiling module work.ir_selective_repeat_rx(WINDOW_SI...
Compiling module work.ir_ack_aggregator(SACK_BITS=32,F...
Compiling module work.ir_data_plane_top(LANE_COUNT=4,W...
Compiling module work.p10_4_connector_ack_rx_quarantin...
Compiling module work.p9_4ppm_frame_tx(LANE_COUNT=4,P1...
Compiling module work.ir_tfdu_exact_duty_accountant_de...
Compiling module work.ir_tfdu_physical_module_safety_d...
Compiling module work.tfdu_lane_phy(CLEAR_STICKY_INVAL...
Compiling module work.p10_1r_rx_admission
Compiling module work.ir_4ppm_codec(CNT_CHIP_MAX=31,DE...
Compiling module work.ir_4ppm_codec(CNT_CHIP_MAX=15,DE...
Compiling module work.ir_4ppm_codec(DETECT_START_CYCLE...
Compiling module work.p9_rate_4ppm_rx
Compiling module work.p9_4ppm_frame_rx(LANE_COUNT=4)
Compiling module work.p9_optical_transport_core(LANE_C...
Compiling module work.p9_axi_dma_peripheral(DEPLOYMENT...
Compiling module work.tb_p10_5_role_mask_commit
Built simulation snapshot tb_p10_5_role_mask_commit_snapshot
