Archive member included to satisfy reference by file (symbol)

D:/Xilinx/Vitis/2023.1/gnu/aarch32/nt/gcc-arm-none-eabi/bin//../aarch32-xilinx-eabi/usr/lib/thumb/v7-a/nofp\libgcc.a(_udivsi3.o)
                              C:\Users\user\AppData\Local\Temp\cciI7PET.o (__aeabi_uidivmod)
D:/Xilinx/Vitis/2023.1/gnu/aarch32/nt/gcc-arm-none-eabi/bin//../aarch32-xilinx-eabi/usr/lib/thumb/v7-a/nofp\libgcc.a(_dvmd_tls.o)
                              D:/Xilinx/Vitis/2023.1/gnu/aarch32/nt/gcc-arm-none-eabi/bin//../aarch32-xilinx-eabi/usr/lib/thumb/v7-a/nofp\libgcc.a(_udivsi3.o) (__aeabi_idiv0)

Discarded input sections

 .text          0x0000000000000000      0xd0c C:\Users\user\AppData\Local\Temp\cciI7PET.o
 .data          0x0000000000000000        0x0 C:\Users\user\AppData\Local\Temp\cciI7PET.o
 .bss           0x0000000000000000        0x0 C:\Users\user\AppData\Local\Temp\cciI7PET.o
 .comment       0x0000000000000000       0x13 C:\Users\user\AppData\Local\Temp\cciI7PET.o
 .ARM.attributes
                0x0000000000000000       0x33 C:\Users\user\AppData\Local\Temp\cciI7PET.o
 .text          0x0000000000000000      0x214 C:\Users\user\AppData\Local\Temp\cccTPYIj.o
 .data          0x0000000000000000        0x0 C:\Users\user\AppData\Local\Temp\cccTPYIj.o
 .bss           0x0000000000000000        0x0 C:\Users\user\AppData\Local\Temp\cccTPYIj.o
 .comment       0x0000000000000000       0x13 C:\Users\user\AppData\Local\Temp\cccTPYIj.o
 .ARM.attributes
                0x0000000000000000       0x33 C:\Users\user\AppData\Local\Temp\cccTPYIj.o
 .text          0x0000000000000000       0x30 C:\Users\user\AppData\Local\Temp\ccieS6VM.o
 .data          0x0000000000000000        0x0 C:\Users\user\AppData\Local\Temp\ccieS6VM.o
 .bss           0x0000000000000000        0x0 C:\Users\user\AppData\Local\Temp\ccieS6VM.o
 .comment       0x0000000000000000       0x13 C:\Users\user\AppData\Local\Temp\ccieS6VM.o
 .ARM.attributes
                0x0000000000000000       0x33 C:\Users\user\AppData\Local\Temp\ccieS6VM.o
 .text          0x0000000000000000       0x78 C:\Users\user\AppData\Local\Temp\cc8iUqii.o
 .data          0x0000000000000000        0x0 C:\Users\user\AppData\Local\Temp\cc8iUqii.o
 .bss           0x0000000000000000        0x0 C:\Users\user\AppData\Local\Temp\cc8iUqii.o
 .comment       0x0000000000000000       0x13 C:\Users\user\AppData\Local\Temp\cc8iUqii.o
 .ARM.attributes
                0x0000000000000000       0x33 C:\Users\user\AppData\Local\Temp\cc8iUqii.o
 .data          0x0000000000000000        0x0 C:\Users\user\AppData\Local\Temp\ccash21P.o
 .bss           0x0000000000000000        0x0 C:\Users\user\AppData\Local\Temp\ccash21P.o
 .comment       0x0000000000000000       0x13 C:\Users\user\AppData\Local\Temp\ccash21P.o
 .text          0x0000000000000000       0x34 C:\Users\user\AppData\Local\Temp\cciIW11p.o
 .data          0x0000000000000000        0x0 C:\Users\user\AppData\Local\Temp\cciIW11p.o
 .bss           0x0000000000000000        0x0 C:\Users\user\AppData\Local\Temp\cciIW11p.o
 .comment       0x0000000000000000       0x13 C:\Users\user\AppData\Local\Temp\cciIW11p.o
 .ARM.attributes
                0x0000000000000000       0x33 C:\Users\user\AppData\Local\Temp\cciIW11p.o
 .text          0x0000000000000000      0x278 D:/Xilinx/Vitis/2023.1/gnu/aarch32/nt/gcc-arm-none-eabi/bin//../aarch32-xilinx-eabi/usr/lib/thumb/v7-a/nofp\libgcc.a(_udivsi3.o)
 .data          0x0000000000000000        0x0 D:/Xilinx/Vitis/2023.1/gnu/aarch32/nt/gcc-arm-none-eabi/bin//../aarch32-xilinx-eabi/usr/lib/thumb/v7-a/nofp\libgcc.a(_udivsi3.o)
 .bss           0x0000000000000000        0x0 D:/Xilinx/Vitis/2023.1/gnu/aarch32/nt/gcc-arm-none-eabi/bin//../aarch32-xilinx-eabi/usr/lib/thumb/v7-a/nofp\libgcc.a(_udivsi3.o)
 .ARM.attributes
                0x0000000000000000       0x1f D:/Xilinx/Vitis/2023.1/gnu/aarch32/nt/gcc-arm-none-eabi/bin//../aarch32-xilinx-eabi/usr/lib/thumb/v7-a/nofp\libgcc.a(_udivsi3.o)
 .text          0x0000000000000000        0x4 D:/Xilinx/Vitis/2023.1/gnu/aarch32/nt/gcc-arm-none-eabi/bin//../aarch32-xilinx-eabi/usr/lib/thumb/v7-a/nofp\libgcc.a(_dvmd_tls.o)
 .data          0x0000000000000000        0x0 D:/Xilinx/Vitis/2023.1/gnu/aarch32/nt/gcc-arm-none-eabi/bin//../aarch32-xilinx-eabi/usr/lib/thumb/v7-a/nofp\libgcc.a(_dvmd_tls.o)
 .bss           0x0000000000000000        0x0 D:/Xilinx/Vitis/2023.1/gnu/aarch32/nt/gcc-arm-none-eabi/bin//../aarch32-xilinx-eabi/usr/lib/thumb/v7-a/nofp\libgcc.a(_dvmd_tls.o)
 .ARM.attributes
                0x0000000000000000       0x1f D:/Xilinx/Vitis/2023.1/gnu/aarch32/nt/gcc-arm-none-eabi/bin//../aarch32-xilinx-eabi/usr/lib/thumb/v7-a/nofp\libgcc.a(_dvmd_tls.o)

Memory Configuration

Name             Origin             Length             Attributes
*default*        0x0000000000000000 0xffffffffffffffff

Linker script and memory map

LOAD C:\Users\user\AppData\Local\Temp\cciI7PET.o
LOAD C:\Users\user\AppData\Local\Temp\cccTPYIj.o
LOAD C:\Users\user\AppData\Local\Temp\ccieS6VM.o
LOAD C:\Users\user\AppData\Local\Temp\cc8iUqii.o
LOAD C:\Users\user\AppData\Local\Temp\ccash21P.o
LOAD C:\Users\user\AppData\Local\Temp\cciIW11p.o
                0x0000000000100000                . = 0x100000

.text           0x0000000000100000        0x8
 *(.text*)
 .text          0x0000000000100000        0x8 C:\Users\user\AppData\Local\Temp\ccash21P.o
                0x0000000000100000                p10_1_performance_entry

.glue_7         0x0000000000100008        0x0
 .glue_7        0x0000000000100008        0x0 linker stubs

.glue_7t        0x0000000000100008        0x0
 .glue_7t       0x0000000000100008        0x0 linker stubs

.vfp11_veneer   0x0000000000100008        0x0
 .vfp11_veneer  0x0000000000100008        0x0 linker stubs

.v4_bx          0x0000000000100008        0x0
 .v4_bx         0x0000000000100008        0x0 linker stubs

.p10_1_identity
                0x0000000000100008       0x10
 *(.p10_1_identity)
 .p10_1_identity
                0x0000000000100008       0x10 C:\Users\user\AppData\Local\Temp\ccash21P.o
                0x0000000000100008                p10_1_max_stream_size
                0x0000000000100010                p10_1_performance_capability
                0x0000000000100014                p10_1_endpoint_role

.rodata
 *(.rodata*)

.data
 *(.data*)

.bss
 *(.bss*)
 *(COMMON)

/DISCARD/
 *(.comment)
 *(.note*)
LOAD D:/Xilinx/Vitis/2023.1/gnu/aarch32/nt/gcc-arm-none-eabi/bin//../aarch32-xilinx-eabi/usr/lib/thumb/v7-a/nofp\libgcc.a
OUTPUT(C:\Users\user\Documents\RF_COMM_MULTILANE_P10_1\evidence\generated\p10_1_software\p10_1_fixed_performance.elf elf32-littlearm)
LOAD linker stubs

.ARM.attributes
                0x0000000000000000       0x33
 .ARM.attributes
                0x0000000000000000       0x33 C:\Users\user\AppData\Local\Temp\ccash21P.o
