Archive member included to satisfy reference by file (symbol)

C:/Users/user/Documents/RF_COMM_MULTILANE_P9/build/p9_ps_vitis_workspace/p9_platform/export/p9_platform/sw/p9_platform/standalone_domain/bsplib/lib\libxil.a(asm_vectors.o)
                              (_vector_table)
C:/Users/user/Documents/RF_COMM_MULTILANE_P9/build/p9_ps_vitis_workspace/p9_platform/export/p9_platform/sw/p9_platform/standalone_domain/bsplib/lib\libxil.a(boot.o)
                              C:/Users/user/Documents/RF_COMM_MULTILANE_P9/build/p9_ps_vitis_workspace/p9_platform/export/p9_platform/sw/p9_platform/standalone_domain/bsplib/lib\libxil.a(asm_vectors.o) (_boot)
C:/Users/user/Documents/RF_COMM_MULTILANE_P9/build/p9_ps_vitis_workspace/p9_platform/export/p9_platform/sw/p9_platform/standalone_domain/bsplib/lib\libxil.a(translation_table.o)
                              C:/Users/user/Documents/RF_COMM_MULTILANE_P9/build/p9_ps_vitis_workspace/p9_platform/export/p9_platform/sw/p9_platform/standalone_domain/bsplib/lib\libxil.a(boot.o) (MMUTable)
C:/Users/user/Documents/RF_COMM_MULTILANE_P9/build/p9_ps_vitis_workspace/p9_platform/export/p9_platform/sw/p9_platform/standalone_domain/bsplib/lib\libxil.a(vectors.o)
                              C:/Users/user/Documents/RF_COMM_MULTILANE_P9/build/p9_ps_vitis_workspace/p9_platform/export/p9_platform/sw/p9_platform/standalone_domain/bsplib/lib\libxil.a(asm_vectors.o) (FIQInterrupt)
C:/Users/user/Documents/RF_COMM_MULTILANE_P9/build/p9_ps_vitis_workspace/p9_platform/export/p9_platform/sw/p9_platform/standalone_domain/bsplib/lib\libxil.a(xaxidma.o)
                              ./src/p9_runtime_main.o (XAxiDma_Reset)
C:/Users/user/Documents/RF_COMM_MULTILANE_P9/build/p9_ps_vitis_workspace/p9_platform/export/p9_platform/sw/p9_platform/standalone_domain/bsplib/lib\libxil.a(xaxidma_bd.o)
                              ./src/p9_runtime_main.o (XAxiDma_BdSetLength)
C:/Users/user/Documents/RF_COMM_MULTILANE_P9/build/p9_ps_vitis_workspace/p9_platform/export/p9_platform/sw/p9_platform/standalone_domain/bsplib/lib\libxil.a(xaxidma_bdring.o)
                              ./src/p9_runtime_main.o (XAxiDma_BdRingCreate)
C:/Users/user/Documents/RF_COMM_MULTILANE_P9/build/p9_ps_vitis_workspace/p9_platform/export/p9_platform/sw/p9_platform/standalone_domain/bsplib/lib\libxil.a(xaxidma_sinit.o)
                              ./src/p9_runtime_main.o (XAxiDma_LookupConfig)
C:/Users/user/Documents/RF_COMM_MULTILANE_P9/build/p9_ps_vitis_workspace/p9_platform/export/p9_platform/sw/p9_platform/standalone_domain/bsplib/lib\libxil.a(xil-crt0.o)
                              C:/Users/user/Documents/RF_COMM_MULTILANE_P9/build/p9_ps_vitis_workspace/p9_platform/export/p9_platform/sw/p9_platform/standalone_domain/bsplib/lib\libxil.a(boot.o) (_start)
C:/Users/user/Documents/RF_COMM_MULTILANE_P9/build/p9_ps_vitis_workspace/p9_platform/export/p9_platform/sw/p9_platform/standalone_domain/bsplib/lib\libxil.a(xil_cache.o)
                              ./src/p9_runtime_main.o (Xil_DCacheInvalidateRange)
C:/Users/user/Documents/RF_COMM_MULTILANE_P9/build/p9_ps_vitis_workspace/p9_platform/export/p9_platform/sw/p9_platform/standalone_domain/bsplib/lib\libxil.a(xil_exception.o)
                              C:/Users/user/Documents/RF_COMM_MULTILANE_P9/build/p9_ps_vitis_workspace/p9_platform/export/p9_platform/sw/p9_platform/standalone_domain/bsplib/lib\libxil.a(asm_vectors.o) (UndefinedExceptionAddr)
C:/Users/user/Documents/RF_COMM_MULTILANE_P9/build/p9_ps_vitis_workspace/p9_platform/export/p9_platform/sw/p9_platform/standalone_domain/bsplib/lib\libxil.a(xil_printf.o)
                              C:/Users/user/Documents/RF_COMM_MULTILANE_P9/build/p9_ps_vitis_workspace/p9_platform/export/p9_platform/sw/p9_platform/standalone_domain/bsplib/lib\libxil.a(xaxidma_bd.o) (xil_printf)
C:/Users/user/Documents/RF_COMM_MULTILANE_P9/build/p9_ps_vitis_workspace/p9_platform/export/p9_platform/sw/p9_platform/standalone_domain/bsplib/lib\libxil.a(xil_sleepcommon.o)
                              ./src/p9_runtime_main.o (usleep)
C:/Users/user/Documents/RF_COMM_MULTILANE_P9/build/p9_ps_vitis_workspace/p9_platform/export/p9_platform/sw/p9_platform/standalone_domain/bsplib/lib\libxil.a(xtime_l.o)
                              C:/Users/user/Documents/RF_COMM_MULTILANE_P9/build/p9_ps_vitis_workspace/p9_platform/export/p9_platform/sw/p9_platform/standalone_domain/bsplib/lib\libxil.a(xil-crt0.o) (XTime_SetTime)
C:/Users/user/Documents/RF_COMM_MULTILANE_P9/build/p9_ps_vitis_workspace/p9_platform/export/p9_platform/sw/p9_platform/standalone_domain/bsplib/lib\libxil.a(cpu_init.o)
                              C:/Users/user/Documents/RF_COMM_MULTILANE_P9/build/p9_ps_vitis_workspace/p9_platform/export/p9_platform/sw/p9_platform/standalone_domain/bsplib/lib\libxil.a(xil-crt0.o) (__cpu_init)
[...]
Memory Configuration

Name             Origin             Length             Attributes
ps7_ddr_0        0x0000000000100000 0x000000001ff00000
ps7_ram_0        0x0000000000000000 0x0000000000020000
ps7_ram_1        0x00000000ffff0000 0x000000000000fe00
*default*        0x0000000000000000 0xffffffffffffffff

Linker script and memory map

LOAD D:/Xilinx/Vitis/2023.1/gnu/aarch32/nt/gcc-arm-none-eabi/bin//../aarch32-xilinx-eabi/usr/lib/thumb/v7-a+fp/hard/crti.o
LOAD D:/Xilinx/Vitis/2023.1/gnu/aarch32/nt/gcc-arm-none-eabi/bin//../aarch32-xilinx-eabi/usr/lib/thumb/v7-a+fp/hard/crtbegin.o
                0x0000000000002000                _STACK_SIZE = DEFINED (_STACK_SIZE)?_STACK_SIZE:0x2000
                0x0000000000002000                _HEAP_SIZE = DEFINED (_HEAP_SIZE)?_HEAP_SIZE:0x2000
                0x0000000000000400                _ABORT_STACK_SIZE = DEFINED (_ABORT_STACK_SIZE)?_ABORT_STACK_SIZE:0x400
                0x0000000000000800                _SUPERVISOR_STACK_SIZE = DEFINED (_SUPERVISOR_STACK_SIZE)?_SUPERVISOR_STACK_SIZE:0x800
                0x0000000000000400                _IRQ_STACK_SIZE = DEFINED (_IRQ_STACK_SIZE)?_IRQ_STACK_SIZE:0x400
                0x0000000000000400                _FIQ_STACK_SIZE = DEFINED (_FIQ_STACK_SIZE)?_FIQ_STACK_SIZE:0x400
                0x0000000000000400                _UNDEF_STACK_SIZE = DEFINED (_UNDEF_STACK_SIZE)?_UNDEF_STACK_SIZE:0x400

.text           0x0000000000000000     0xa70c
                0x0000000000000000                . = ALIGN (0x800)
 *(.vectors)
 .vectors       0x0000000000000000      0x12c C:/Users/user/Documents/RF_COMM_MULTILANE_P9/build/p9_ps_vitis_workspace/p9_platform/export/p9_platform/sw/p9_platform/standalone_domain/bsplib/lib\libxil.a(asm_vectors.o)
                0x0000000000000000                _vector_table
 *(.boot)
 .boot          0x000000000000012c      0x390 C:/Users/user/Documents/RF_COMM_MULTILANE_P9/build/p9_ps_vitis_workspace/p9_platform/export/p9_platform/sw/p9_platform/standalone_domain/bsplib/lib\libxil.a(boot.o)
                0x000000000000012c                _prestart
                0x000000000000012c                _boot
 *(.text)
 .text          0x00000000000004bc        0x0 D:/Xilinx/Vitis/2023.1/gnu/aarch32/nt/gcc-arm-none-eabi/bin//../aarch32-xilinx-eabi/usr/lib/thumb/v7-a+fp/hard/crti.o
 .text          0x00000000000004bc       0xa8 D:/Xilinx/Vitis/2023.1/gnu/aarch32/nt/gcc-arm-none-eabi/bin//../aarch32-xilinx-eabi/usr/lib/thumb/v7-a+fp/hard/crtbegin.o
 .text          0x0000000000000564      0x984 ./src/p9_crypto.o
                0x0000000000000dc4                p9_crc32
                0x0000000000000e94                p9_sha256
 .text          0x0000000000000ee8     0x5270 ./src/p9_runtime_main.o
                0x0000000000005e90                main
 .text          0x0000000000006158        0x0 C:/Users/user/Documents/RF_COMM_MULTILANE_P9/build/p9_ps_vitis_workspace/p9_platform/export/p9_platform/sw/p9_platform/standalone_domain/bsplib/lib\libxil.a(asm_vectors.o)
 .text          0x0000000000006158        0x0 C:/Users/user/Documents/RF_COMM_MULTILANE_P9/build/p9_ps_vitis_workspace/p9_platform/export/p9_platform/sw/p9_platform/standalone_domain/bsplib/lib\libxil.a(boot.o)
 .text          0x0000000000006158        0x0 C:/Users/user/Documents/RF_COMM_MULTILANE_P9/build/p9_ps_vitis_workspace/p9_platform/export/p9_platform/sw/p9_platform/standalone_domain/bsplib/lib\libxil.a(translation_table.o)
 .text          0x0000000000006158       0x78 C:/Users/user/Documents/RF_COMM_MULTILANE_P9/build/p9_ps_vitis_workspace/p9_platform/export/p9_platform/sw/p9_platform/standalone_domain/bsplib/lib\libxil.a(vectors.o)
                0x0000000000006158                FIQInterrupt
                0x000000000000616c                IRQInterrupt
                0x0000000000006180                UndefinedException
                0x0000000000006194                SWInterrupt
                0x00000000000061a8                DataAbortInterrupt
                0x00000000000061bc                PrefetchAbortInterrupt
 .text          0x00000000000061d0      0x868 C:/Users/user/Documents/RF_COMM_MULTILANE_P9/build/p9_ps_vitis_workspace/p9_platform/export/p9_platform/sw/p9_platform/standalone_domain/bsplib/lib\libxil.a(xaxidma.o)
                0x00000000000061d0                XAxiDma_Reset
                0x00000000000062e4                XAxiDma_CfgInitialize
                0x0000000000006574                XAxiDma_ResetIsDone
                0x00000000000065c0                XAxiDma_Pause
                0x000000000000666c                XAxiDma_Resume
                0x0000000000006860                XAxiDma_Busy
                0x000000000000687c                XAxiDma_SelectKeyHole
                0x00000000000068a4                XAxiDma_SelectCyclicMode
                0x00000000000068cc                XAxiDma_SimpleTransfer
 .text          0x0000000000006a38      0x254 C:/Users/user/Documents/RF_COMM_MULTILANE_P9/build/p9_ps_vitis_workspace/p9_platform/export/p9_platform/sw/p9_platform/standalone_domain/bsplib/lib\libxil.a(xaxidma_bd.o)
                0x0000000000006a38                XAxiDma_BdSetLength
                0x0000000000006a7c                XAxiDma_BdSetBufAddr
                0x0000000000006ad0                XAxiDma_BdSetBufAddrMicroMode
                0x0000000000006b08                XAxiDma_BdSetAppWord
                0x0000000000006b38                XAxiDma_BdGetAppWord
                0x0000000000006b6c                XAxiDma_BdSetCtrl
                0x0000000000006b84                XAxiDma_DumpBd
 .text          0x0000000000006c8c      0xcdc C:/Users/user/Documents/RF_COMM_MULTILANE_P9/build/p9_ps_vitis_workspace/p9_platform/export/p9_platform/sw/p9_platform/standalone_domain/bsplib/lib\libxil.a(xaxidma_bdring.o)
                0x0000000000006c8c                XAxiDma_UpdateBdRingCDesc
                0x0000000000006df4                XAxiDma_BdRingCreate
                0x0000000000006f98                XAxiDma_BdRingClone
                0x0000000000007094                XAxiDma_StartBdRingHw
                0x00000000000071a4                XAxiDma_BdRingStart
                0x00000000000071c4                XAxiDma_BdRingSetCoalesce
                0x0000000000007210                XAxiDma_BdRingGetCoalesce
                0x000000000000722c                XAxiDma_BdRingAlloc
                0x00000000000072ac                XAxiDma_BdRingUnAlloc
                0x000000000000735c                XAxiDma_BdRingToHw
                0x0000000000007554                XAxiDma_BdRingFromHw
                0x00000000000076ac                XAxiDma_BdRingFree
                0x0000000000007738                XAxiDma_BdRingCheck
                0x00000000000078b0                XAxiDma_BdRingDumpRegs
 .text          0x0000000000007968       0x38 C:/Users/user/Documents/RF_COMM_MULTILANE_P9/build/p9_ps_vitis_workspace/p9_platform/export/p9_platform/sw/p9_platform/standalone_domain/bsplib/lib\libxil.a(xaxidma_sinit.o)
                0x0000000000007968                XAxiDma_LookupConfig
                0x0000000000007984                XAxiDma_LookupConfigBaseAddr
 .text          0x00000000000079a0       0x78 C:/Users/user/Documents/RF_COMM_MULTILANE_P9/build/p9_ps_vitis_workspace/p9_platform/export/p9_platform/sw/p9_platform/standalone_domain/bsplib/lib\libxil.a(xil-crt0.o)
                0x00000000000079b4                _start
 .text          0x0000000000007a18      0xabc C:/Users/user/Documents/RF_COMM_MULTILANE_P9/build/p9_ps_vitis_workspace/p9_platform/export/p9_platform/sw/p9_platform/standalone_domain/bsplib/lib\libxil.a(xil_cache.o)
                0x0000000000007a18                Xil_DCacheInvalidateLine
                0x0000000000007a50                Xil_DCacheInvalidateRange
                0x0000000000007b40                Xil_DCacheFlushLine
                0x0000000000007b88                Xil_DCacheFlushRange
                0x0000000000007c1c                Xil_DCacheStoreLine
                0x0000000000007c54                Xil_ICacheDisable
                0x0000000000007cd0                Xil_ICacheInvalidateLine
                0x0000000000007d08                Xil_ICacheInvalidateRange
                0x0000000000007d5c                Xil_L1DCacheInvalidate
                0x0000000000007e0c                Xil_L1DCacheEnable
                0x0000000000007e2c                Xil_L1DCacheInvalidateLine
                0x0000000000007e44                Xil_L1DCacheInvalidateRange
                0x0000000000007e84                Xil_L1DCacheFlush
                0x0000000000007f0c                Xil_L1DCacheDisable
                0x0000000000007f24                Xil_DCacheFlush
                0x0000000000007f80                Xil_DCacheDisable
                0x0000000000007ff8                Xil_L1DCacheFlushLine
                0x0000000000008010                Xil_L1DCacheFlushRange
                0x0000000000008050                Xil_L1DCacheStoreLine
                0x0000000000008068                Xil_L1ICacheEnable
                0x0000000000008084                Xil_L1ICacheDisable
                0x00000000000080a0                Xil_L1ICacheInvalidate
                0x00000000000080b8                Xil_L1ICacheInvalidateLine
                0x00000000000080d0                Xil_L1ICacheInvalidateRange
                0x0000000000008110                Xil_L2CacheDisable
                0x0000000000008170                Xil_L2CacheInvalidate
                0x00000000000081dc                Xil_DCacheInvalidate
                0x00000000000081fc                Xil_ICacheInvalidate
                0x000000000000822c                Xil_L2CacheEnable
                0x000000000000828c                Xil_ICacheEnable
                0x0000000000008304                Xil_DCacheEnable
                0x000000000000837c                Xil_L2CacheInvalidateLine
                0x0000000000008390                Xil_L2CacheInvalidateRange
                0x00000000000083f8                Xil_L2CacheFlush
                0x000000000000843c                Xil_L2CacheFlushLine
                0x0000000000008458                Xil_L2CacheFlushRange
                0x00000000000084bc                Xil_L2CacheStoreLine
 .text          0x00000000000084d4       0x70 C:/Users/user/Documents/RF_COMM_MULTILANE_P9/build/p9_ps_vitis_workspace/p9_platform/export/p9_platform/sw/p9_platform/standalone_domain/bsplib/lib\libxil.a(xil_exception.o)
                0x00000000000084e4                Xil_ExceptionInit
                0x00000000000084e8                Xil_ExceptionRegisterHandler
                0x0000000000008500                Xil_GetExceptionRegisterHandler
                0x0000000000008520                Xil_ExceptionRemoveHandler
 .text          0x0000000000008544      0x71c C:/Users/user/Documents/RF_COMM_MULTILANE_P9/build/p9_ps_vitis_workspace/p9_platform/export/p9_platform/sw/p9_platform/standalone_domain/bsplib/lib\libxil.a(xil_printf.o)
                0x00000000000086ec                xil_vprintf
                0x0000000000008c34                xil_printf
 .text          0x0000000000008c60        0x8 C:/Users/user/Documents/RF_COMM_MULTILANE_P9/build/p9_ps_vitis_workspace/p9_platform/export/p9_platform/sw/p9_platform/standalone_domain/bsplib/lib\libxil.a(xil_sleepcommon.o)
                0x0000000000008c60                sleep
                0x0000000000008c64                usleep
 .text          0x0000000000008c68       0x4c C:/Users/user/Documents/RF_COMM_MULTILANE_P9/build/p9_ps_vitis_workspace/p9_platform/export/p9_platform/sw/p9_platform/standalone_domain/bsplib/lib\libxil.a(xtime_l.o)
                0x0000000000008c68                XTime_SetTime
                0x0000000000008c8c                XTime_GetTime
 .text          0x0000000000008cb4       0x3c C:/Users/user/Documents/RF_COMM_MULTILANE_P9/build/p9_ps_vitis_workspace/p9_platform/export/p9_platform/sw/p9_platform/standalone_domain/bsplib/lib\libxil.a(cpu_init.o)
                0x0000000000008cb4                __cpu_init
 .text          0x0000000000008cf0       0x10 C:/Users/user/Documents/RF_COMM_MULTILANE_P9/build/p9_ps_vitis_workspace/p9_platform/export/p9_platform/sw/p9_platform/standalone_domain/bsplib/lib\libxil.a(outbyte.o)
                0x0000000000008cf0                outbyte
 .text          0x0000000000008d00       0x48 C:/Users/user/Documents/RF_COMM_MULTILANE_P9/build/p9_ps_vitis_workspace/p9_platform/export/p9_platform/sw/p9_platform/standalone_domain/bsplib/lib\libxil.a(sleep.o)
                0x0000000000008d00                sleep_A9
 .text          0x0000000000008d48       0x44 C:/Users/user/Documents/RF_COMM_MULTILANE_P9/build/p9_ps_vitis_workspace/p9_platform/export/p9_platform/sw/p9_platform/standalone_domain/bsplib/lib\libxil.a(usleep.o)
                0x0000000000008d48                usleep_A9
 .text          0x0000000000008d8c        0x0 C:/Users/user/Documents/RF_COMM_MULTILANE_P9/build/p9_ps_vitis_workspace/p9_platform/export/p9_platform/sw/p9_platform/standalone_domain/bsplib/lib\libxil.a(xaxidma_g.o)
 .text          0x0000000000008d8c       0x44 C:/Users/user/Documents/RF_COMM_MULTILANE_P9/build/p9_ps_vitis_workspace/p9_platform/export/p9_platform/sw/p9_platform/standalone_domain/bsplib/lib\libxil.a(xcoresightpsdcc.o)
                0x0000000000008d8c                XCoresightPs_DccSendByte
                0x0000000000008dac                XCoresightPs_DccRecvByte
 .text          0x0000000000008dd0      0x278 D:/Xilinx/Vitis/2023.1/gnu/aarch32/nt/gcc-arm-none-eabi/bin//../aarch32-xilinx-eabi/usr/lib/thumb/v7-a+fp/hard\libgcc.a(_udivsi3.o)
                0x0000000000008dd0                __aeabi_uidiv
                0x0000000000008dd0                __udivsi3
                0x000000000000902c                __aeabi_uidivmod
 .text          0x0000000000009048      0x2b0 D:/Xilinx/Vitis/2023.1/gnu/aarch32/nt/gcc-arm-none-eabi/bin//../aarch32-xilinx-eabi/usr/lib/thumb/v7-a+fp/hard\libgcc.a(_divsi3.o)
                0x0000000000009048                __divsi3
                0x0000000000009048                __aeabi_idiv
                0x00000000000092dc                __aeabi_idivmod
 .text          0x00000000000092f8        0x4 D:/Xilinx/Vitis/2023.1/gnu/aarch32/nt/gcc-arm-none-eabi/bin//../aarch32-xilinx-eabi/usr/lib/thumb/v7-a+fp/hard\libgcc.a(_dvmd_tls.o)
                0x00000000000092f8                __aeabi_idiv0
                0x00000000000092f8                __aeabi_ldiv0
 .text          0x00000000000092fc       0x30 D:/Xilinx/Vitis/2023.1/gnu/aarch32/nt/gcc-arm-none-eabi/bin//../aarch32-xilinx-eabi/usr/lib/thumb/v7-a+fp/hard\libgcc.a(_aeabi_uldivmod.o)
                0x00000000000092fc                __aeabi_uldivmod
 .text          0x000000000000932c      0x108 D:/Xilinx/Vitis/2023.1/gnu/aarch32/nt/gcc-arm-none-eabi/bin//../aarch32-xilinx-eabi/usr/lib/thumb/v7-a+fp/hard\libgcc.a(_udivmoddi4.o)
                0x000000000000932c                __udivmoddi4
 .text          0x0000000000009434        0x0 D:/Xilinx/Vitis/2023.1/gnu/aarch32/nt/gcc-arm-none-eabi/bin//../aarch32-xilinx-eabi/usr/lib/thumb/v7-a+fp/hard\libc.a(lib_a-ctype_.o)
 .text          0x0000000000009434       0x20 D:/Xilinx/Vitis/2023.1/gnu/aarch32/nt/gcc-arm-none-eabi/bin//../aarch32-xilinx-eabi/usr/lib/thumb/v7-a+fp/hard\libc.a(lib_a-exit.o)
                0x0000000000009434                exit
 .text          0x0000000000009454       0x2c D:/Xilinx/Vitis/2023.1/gnu/aarch32/nt/gcc-arm-none-eabi/bin//../aarch32-xilinx-eabi/usr/lib/thumb/v7-a+fp/hard\libc.a(lib_a-fini.o)
                0x0000000000009454                __libc_fini_array
 .text          0x0000000000009480        0x0 D:/Xilinx/Vitis/2023.1/gnu/aarch32/nt/gcc-arm-none-eabi/bin//../aarch32-xilinx-eabi/usr/lib/thumb/v7-a+fp/hard\libc.a(lib_a-impure.o)
 .text          0x0000000000009480       0x58 D:/Xilinx/Vitis/2023.1/gnu/aarch32/nt/gcc-arm-none-eabi/bin//../aarch32-xilinx-eabi/usr/lib/thumb/v7-a+fp/hard\libc.a(lib_a-init.o)
                0x0000000000009480                __libc_init_array
 .text          0x00000000000094d8       0x20 D:/Xilinx/Vitis/2023.1/gnu/aarch32/nt/gcc-arm-none-eabi/bin//../aarch32-xilinx-eabi/usr/lib/thumb/v7-a+fp/hard\libc.a(lib_a-malloc.o)
                0x00000000000094d8                malloc
                0x00000000000094e8                free
 .text          0x00000000000094f8      0x584 D:/Xilinx/Vitis/2023.1/gnu/aarch32/nt/gcc-arm-none-eabi/bin//../aarch32-xilinx-eabi/usr/lib/thumb/v7-a+fp/hard\libc.a(lib_a-mallocr.o)
                0x00000000000094f8                _malloc_r
 .text          0x0000000000009a7c       0x68 D:/Xilinx/Vitis/2023.1/gnu/aarch32/nt/gcc-arm-none-eabi/bin//../aarch32-xilinx-eabi/usr/lib/thumb/v7-a+fp/hard\libc.a(lib_a-memcmp.o)
                0x0000000000009a7c                memcmp
 *fill*         0x0000000000009ae4       0x1c 
 .text          0x0000000000009b00      0x5e0 D:/Xilinx/Vitis/2023.1/gnu/aarch32/nt/gcc-arm-none-eabi/bin//../aarch32-xilinx-eabi/usr/lib/thumb/v7-a+fp/hard\libc.a(lib_a-memcpy.o)
                0x0000000000009b00                memcpy
 .text          0x000000000000a0e0       0xa8 D:/Xilinx/Vitis/2023.1/gnu/aarch32/nt/gcc-arm-none-eabi/bin//../aarch32-xilinx-eabi/usr/lib/thumb/v7-a+fp/hard\libc.a(lib_a-memset.o)
                0x000000000000a0e0                memset
 .text          0x000000000000a188        0x8 D:/Xilinx/Vitis/2023.1/gnu/aarch32/nt/gcc-arm-none-eabi/bin//../aarch32-xilinx-eabi/usr/lib/thumb/v7-a+fp/hard\libc.a(lib_a-mlock.o)
                0x000000000000a188                __malloc_lock
                0x000000000000a18c                __malloc_unlock
 .text          0x000000000000a190       0x28 D:/Xilinx/Vitis/2023.1/gnu/aarch32/nt/gcc-arm-none-eabi/bin//../aarch32-xilinx-eabi/usr/lib/thumb/v7-a+fp/hard\libc.a(lib_a-sbrkr.o)
                0x000000000000a190                _sbrk_r
 *fill*         0x000000000000a1b8        0x8 
 .text          0x000000000000a1c0       0xdc D:/Xilinx/Vitis/2023.1/gnu/aarch32/nt/gcc-arm-none-eabi/bin//../aarch32-xilinx-eabi/usr/lib/thumb/v7-a+fp/hard\libc.a(lib_a-strlen.o)
                0x000000000000a1c0                strlen
 .text          0x000000000000a29c       0xa4 D:/Xilinx/Vitis/2023.1/gnu/aarch32/nt/gcc-arm-none-eabi/bin//../aarch32-xilinx-eabi/usr/lib/thumb/v7-a+fp/hard\libc.a(lib_a-__call_atexit.o)
                0x000000000000a29c                __call_exitprocs
 .text          0x000000000000a340      0x2ac D:/Xilinx/Vitis/2023.1/gnu/aarch32/nt/gcc-arm-none-eabi/bin//../aarch32-xilinx-eabi/usr/lib/thumb/v7-a+fp/hard\libc.a(lib_a-freer.o)
                0x000000000000a340                _malloc_trim_r
                0x000000000000a3e8                _free_r
 .text          0x000000000000a5ec       0xdc D:/Xilinx/Vitis/2023.1/gnu/aarch32/nt/gcc-arm-none-eabi/bin//../aarch32-xilinx-eabi/usr/lib/thumb/v7-a+fp/hard\libc.a(lib_a-reent.o)
                0x000000000000a5ec                cleanup_glue
                0x000000000000a634                _reclaim_reent
 .text          0x000000000000a6c8        0x4 C:/Users/user/Documents/RF_COMM_MULTILANE_P9/build/p9_ps_vitis_workspace/p9_platform/export/p9_platform/sw/p9_platform/standalone_domain/bsplib/lib\libxil.a(_exit.o)
                0x000000000000a6c8                _exit
 .text          0x000000000000a6cc       0x40 C:/Users/user/Documents/RF_COMM_MULTILANE_P9/build/p9_ps_vitis_workspace/p9_platform/export/p9_platform/sw/p9_platform/standalone_domain/bsplib/lib\libxil.a(_sbrk.o)
                0x000000000000a6cc                _sbrk
 .text          0x000000000000a70c        0x0 D:/Xilinx/Vitis/2023.1/gnu/aarch32/nt/gcc-arm-none-eabi/bin//../aarch32-xilinx-eabi/usr/lib/thumb/v7-a+fp/hard/crtend.o
 .text          0x000000000000a70c        0x0 D:/Xilinx/Vitis/2023.1/gnu/aarch32/nt/gcc-arm-none-eabi/bin//../aarch32-xilinx-eabi/usr/lib/thumb/v7-a+fp/hard/crtn.o
 *(.text.*)
 *(.gnu.linkonce.t.*)
 *(.plt)
 *(.gnu_warning)
 *(.gcc_execpt_table)
 *(.glue_7)
 .glue_7        0x000000000000a70c        0x0 linker stubs
 *(.glue_7t)
 .glue_7t       0x000000000000a70c        0x0 linker stubs
 *(.vfp11_veneer)
 .vfp11_veneer  0x000000000000a70c        0x0 linker stubs
 *(.ARM.extab)
 .ARM.extab     0x000000000000a70c        0x0 D:/Xilinx/Vitis/2023.1/gnu/aarch32/nt/gcc-arm-none-eabi/bin//../aarch32-xilinx-eabi/usr/lib/thumb/v7-a+fp/hard\libgcc.a(_udivmoddi4.o)
 *(.gnu.linkonce.armextab.*)

.v4_bx          0x000000000000a70c        0x0
 .v4_bx         0x000000000000a70c        0x0 linker stubs

.iplt           0x000000000000a70c        0x0
 .iplt          0x000000000000a70c        0x0 D:/Xilinx/Vitis/2023.1/gnu/aarch32/nt/gcc-arm-none-eabi/bin//../aarch32-xilinx-eabi/usr/lib/thumb/v7-a+fp/hard/crtbegin.o

.init           0x000000000000a70c        0xc
 *(.init)
 .init          0x000000000000a70c        0x4 D:/Xilinx/Vitis/2023.1/gnu/aarch32/nt/gcc-arm-none-eabi/bin//../aarch32-xilinx-eabi/usr/lib/thumb/v7-a+fp/hard/crti.o
                0x000000000000a70c                _init
 .init          0x000000000000a710        0x8 D:/Xilinx/Vitis/2023.1/gnu/aarch32/nt/gcc-arm-none-eabi/bin//../aarch32-xilinx-eabi/usr/lib/thumb/v7-a+fp/hard/crtn.o

.fini           0x000000000000a718        0xc
 *(.fini)
 .fini          0x000000000000a718        0x4 D:/Xilinx/Vitis/2023.1/gnu/aarch32/nt/gcc-arm-none-eabi/bin//../aarch32-xilinx-eabi/usr/lib/thumb/v7-a+fp/hard/crti.o
                0x000000000000a718                _fini
 .fini          0x000000000000a71c        0x8 D:/Xilinx/Vitis/2023.1/gnu/aarch32/nt/gcc-arm-none-eabi/bin//../aarch32-xilinx-eabi/usr/lib/thumb/v7-a+fp/hard/crtn.o

.rodata         0x000000000000a724      0x459
                0x000000000000a724                __rodata_start = .
 *(.rodata)
 .rodata        0x000000000000a724       0x24 D:/Xilinx/Vitis/2023.1/gnu/aarch32/nt/gcc-arm-none-eabi/bin//../aarch32-xilinx-eabi/usr/lib/thumb/v7-a+fp/hard/crtbegin.o
 .rodata        0x000000000000a748      0x120 ./src/p9_crypto.o
 .rodata        0x000000000000a868       0x20 ./src/p9_runtime_main.o
 .rodata        0x000000000000a888      0x101 D:/Xilinx/Vitis/2023.1/gnu/aarch32/nt/gcc-arm-none-eabi/bin//../aarch32-xilinx-eabi/usr/lib/thumb/v7-a+fp/hard\libc.a(lib_a-ctype_.o)
                0x000000000000a888                _ctype_
 *fill*         0x000000000000a989        0x3 
 .rodata        0x000000000000a98c        0x4 D:/Xilinx/Vitis/2023.1/gnu/aarch32/nt/gcc-arm-none-eabi/bin//../aarch32-xilinx-eabi/usr/lib/thumb/v7-a+fp/hard\libc.a(lib_a-impure.o)
                0x000000000000a98c                _global_impure_ptr
 .rodata        0x000000000000a990       0x24 D:/Xilinx/Vitis/2023.1/gnu/aarch32/nt/gcc-arm-none-eabi/bin//../aarch32-xilinx-eabi/usr/lib/thumb/v7-a+fp/hard/crtend.o
 *(.rodata.*)
 .rodata.str1.4
                0x000000000000a9b4      0x14f C:/Users/user/Documents/RF_COMM_MULTILANE_P9/build/p9_ps_vitis_workspace/p9_platform/export/p9_platform/sw/p9_platform/standalone_domain/bsplib/lib\libxil.a(xaxidma_bd.o)
                                        0x153 (size before relaxing)
 *fill*         0x000000000000ab03        0x1 
 .rodata.str1.4
                0x000000000000ab04       0x68 C:/Users/user/Documents/RF_COMM_MULTILANE_P9/build/p9_ps_vitis_workspace/p9_platform/export/p9_platform/sw/p9_platform/standalone_domain/bsplib/lib\libxil.a(xaxidma_bdring.o)
                                         0x6b (size before relaxing)
 .rodata.str1.4
                0x000000000000ab6c       0x11 C:/Users/user/Documents/RF_COMM_MULTILANE_P9/build/p9_ps_vitis_workspace/p9_platform/export/p9_platform/sw/p9_platform/standalone_domain/bsplib/lib\libxil.a(xil_printf.o)
 *(.gnu.linkonce.r.*)
                0x000000000000ab7d                __rodata_end = .

.rodata1        0x000000000000ab7d        0x0
                0x000000000000ab7d                __rodata1_start = .
 *(.rodata1)
 *(.rodata1.*)
                0x000000000000ab7d                __rodata1_end = .

.sdata2         0x000000000000ab7d        0x0
                0x000000000000ab7d                __sdata2_start = .
 *(.sdata2)
 *(.sdata2.*)
 *(.gnu.linkonce.s2.*)
                0x000000000000ab7d                __sdata2_end = .

.sbss2          0x000000000000ab7d        0x0
                0x000000000000ab7d                __sbss2_start = .
 *(.sbss2)
 *(.sbss2.*)
 *(.gnu.linkonce.sb2.*)
                0x000000000000ab7d                __sbss2_end = .

.data           0x000000000000ab80      0x8c0
                0x000000000000ab80                __data_start = .
 *(.data)
 .data          0x000000000000ab80        0x0 D:/Xilinx/Vitis/2023.1/gnu/aarch32/nt/gcc-arm-none-eabi/bin//../aarch32-xilinx-eabi/usr/lib/thumb/v7-a+fp/hard/crti.o
 .data          0x000000000000ab80        0x4 D:/Xilinx/Vitis/2023.1/gnu/aarch32/nt/gcc-arm-none-eabi/bin//../aarch32-xilinx-eabi/usr/lib/thumb/v7-a+fp/hard/crtbegin.o
                0x000000000000ab80                __dso_handle
 .data          0x000000000000ab84        0x0 ./src/p9_crypto.o
 .data          0x000000000000ab84        0x0 ./src/p9_runtime_main.o
 .data          0x000000000000ab84        0x0 C:/Users/user/Documents/RF_COMM_MULTILANE_P9/build/p9_ps_vitis_workspace/p9_platform/export/p9_platform/sw/p9_platform/standalone_domain/bsplib/lib\libxil.a(asm_vectors.o)
 .data          0x000000000000ab84        0x0 C:/Users/user/Documents/RF_COMM_MULTILANE_P9/build/p9_ps_vitis_workspace/p9_platform/export/p9_platform/sw/p9_platform/standalone_domain/bsplib/lib\libxil.a(boot.o)
 .data          0x000000000000ab84        0x0 C:/Users/user/Documents/RF_COMM_MULTILANE_P9/build/p9_ps_vitis_workspace/p9_platform/export/p9_platform/sw/p9_platform/standalone_domain/bsplib/lib\libxil.a(translation_table.o)
 .data          0x000000000000ab84        0x0 C:/Users/user/Documents/RF_COMM_MULTILANE_P9/build/p9_ps_vitis_workspace/p9_platform/export/p9_platform/sw/p9_platform/standalone_domain/bsplib/lib\libxil.a(vectors.o)
 .data          0x000000000000ab84        0x0 C:/Users/user/Documents/RF_COMM_MULTILANE_P9/build/p9_ps_vitis_workspace/p9_platform/export/p9_platform/sw/p9_platform/standalone_domain/bsplib/lib\libxil.a(xaxidma.o)
 .data          0x000000000000ab84        0x0 C:/Users/user/Documents/RF_COMM_MULTILANE_P9/build/p9_ps_vitis_workspace/p9_platform/export/p9_platform/sw/p9_platform/standalone_domain/bsplib/lib\libxil.a(xaxidma_bd.o)
 .data          0x000000000000ab84        0x0 C:/Users/user/Documents/RF_COMM_MULTILANE_P9/build/p9_ps_vitis_workspace/p9_platform/export/p9_platform/sw/p9_platform/standalone_domain/bsplib/lib\libxil.a(xaxidma_bdring.o)
 .data          0x000000000000ab84        0x0 C:/Users/user/Documents/RF_COMM_MULTILANE_P9/build/p9_ps_vitis_workspace/p9_platform/export/p9_platform/sw/p9_platform/standalone_domain/bsplib/lib\libxil.a(xaxidma_sinit.o)
 .data          0x000000000000ab84        0x0 C:/Users/user/Documents/RF_COMM_MULTILANE_P9/build/p9_ps_vitis_workspace/p9_platform/export/p9_platform/sw/p9_platform/standalone_domain/bsplib/lib\libxil.a(xil-crt0.o)
 .data          0x000000000000ab84        0x0 C:/Users/user/Documents/RF_COMM_MULTILANE_P9/build/p9_ps_vitis_workspace/p9_platform/export/p9_platform/sw/p9_platform/standalone_domain/bsplib/lib\libxil.a(xil_cache.o)
 .data          0x000000000000ab84       0x38 C:/Users/user/Documents/RF_COMM_MULTILANE_P9/build/p9_ps_vitis_workspace/p9_platform/export/p9_platform/sw/p9_platform/standalone_domain/bsplib/lib\libxil.a(xil_exception.o)
                0x000000000000ab84                XExc_VectorTable
 .data          0x000000000000abbc        0x0 C:/Users/user/Documents/RF_COMM_MULTILANE_P9/build/p9_ps_vitis_workspace/p9_platform/export/p9_platform/sw/p9_platform/standalone_domain/bsplib/lib\libxil.a(xil_printf.o)
 .data          0x000000000000abbc        0x0 C:/Users/user/Documents/RF_COMM_MULTILANE_P9/build/p9_ps_vitis_workspace/p9_platform/export/p9_platform/sw/p9_platform/standalone_domain/bsplib/lib\libxil.a(xil_sleepcommon.o)
 .data          0x000000000000abbc        0x0 C:/Users/user/Documents/RF_COMM_MULTILANE_P9/build/p9_ps_vitis_workspace/p9_platform/export/p9_platform/sw/p9_platform/standalone_domain/bsplib/lib\libxil.a(xtime_l.o)
 .data          0x000000000000abbc        0x0 C:/Users/user/Documents/RF_COMM_MULTILANE_P9/build/p9_ps_vitis_workspace/p9_platform/export/p9_platform/sw/p9_platform/standalone_domain/bsplib/lib\libxil.a(cpu_init.o)
 .data          0x000000000000abbc        0x0 C:/Users/user/Documents/RF_COMM_MULTILANE_P9/build/p9_ps_vitis_workspace/p9_platform/export/p9_platform/sw/p9_platform/standalone_domain/bsplib/lib\libxil.a(outbyte.o)
 .data          0x000000000000abbc        0x0 C:/Users/user/Documents/RF_COMM_MULTILANE_P9/build/p9_ps_vitis_workspace/p9_platform/export/p9_platform/sw/p9_platform/standalone_domain/bsplib/lib\libxil.a(sleep.o)
 .data          0x000000000000abbc        0x0 C:/Users/user/Documents/RF_COMM_MULTILANE_P9/build/p9_ps_vitis_workspace/p9_platform/export/p9_platform/sw/p9_platform/standalone_domain/bsplib/lib\libxil.a(usleep.o)
 .data          0x000000000000abbc       0x44 C:/Users/user/Documents/RF_COMM_MULTILANE_P9/build/p9_ps_vitis_workspace/p9_platform/export/p9_platform/sw/p9_platform/standalone_domain/bsplib/lib\libxil.a(xaxidma_g.o)
                0x000000000000abbc                XAxiDma_ConfigTable
 .data          0x000000000000ac00        0x0 C:/Users/user/Documents/RF_COMM_MULTILANE_P9/build/p9_ps_vitis_workspace/p9_platform/export/p9_platform/sw/p9_platform/standalone_domain/bsplib/lib\libxil.a(xcoresightpsdcc.o)
 .data          0x000000000000ac00        0x0 D:/Xilinx/Vitis/2023.1/gnu/aarch32/nt/gcc-arm-none-eabi/bin//../aarch32-xilinx-eabi/usr/lib/thumb/v7-a+fp/hard\libgcc.a(_udivsi3.o)
 .data          0x000000000000ac00        0x0 D:/Xilinx/Vitis/2023.1/gnu/aarch32/nt/gcc-arm-none-eabi/bin//../aarch32-xilinx-eabi/usr/lib/thumb/v7-a+fp/hard\libgcc.a(_divsi3.o)
 .data          0x000000000000ac00        0x0 D:/Xilinx/Vitis/2023.1/gnu/aarch32/nt/gcc-arm-none-eabi/bin//../aarch32-xilinx-eabi/usr/lib/thumb/v7-a+fp/hard\libgcc.a(_dvmd_tls.o)
 .data          0x000000000000ac00        0x0 D:/Xilinx/Vitis/2023.1/gnu/aarch32/nt/gcc-arm-none-eabi/bin//../aarch32-xilinx-eabi/usr/lib/thumb/v7-a+fp/hard\libgcc.a(_aeabi_uldivmod.o)
 .data          0x000000000000ac00        0x0 D:/Xilinx/Vitis/2023.1/gnu/aarch32/nt/gcc-arm-none-eabi/bin//../aarch32-xilinx-eabi/usr/lib/thumb/v7-a+fp/hard\libgcc.a(_udivmoddi4.o)
 .data          0x000000000000ac00        0x0 D:/Xilinx/Vitis/2023.1/gnu/aarch32/nt/gcc-arm-none-eabi/bin//../aarch32-xilinx-eabi/usr/lib/thumb/v7-a+fp/hard\libc.a(lib_a-ctype_.o)
 .data          0x000000000000ac00        0x0 D:/Xilinx/Vitis/2023.1/gnu/aarch32/nt/gcc-arm-none-eabi/bin//../aarch32-xilinx-eabi/usr/lib/thumb/v7-a+fp/hard\libc.a(lib_a-exit.o)
 .data          0x000000000000ac00        0x0 D:/Xilinx/Vitis/2023.1/gnu/aarch32/nt/gcc-arm-none-eabi/bin//../aarch32-xilinx-eabi/usr/lib/thumb/v7-a+fp/hard\libc.a(lib_a-fini.o)
 .data          0x000000000000ac00      0x430 D:/Xilinx/Vitis/2023.1/gnu/aarch32/nt/gcc-arm-none-eabi/bin//../aarch32-xilinx-eabi/usr/lib/thumb/v7-a+fp/hard\libc.a(lib_a-impure.o)
                0x000000000000ac00                _impure_ptr
 .data          0x000000000000b030        0x0 D:/Xilinx/Vitis/2023.1/gnu/aarch32/nt/gcc-arm-none-eabi/bin//../aarch32-xilinx-eabi/usr/lib/thumb/v7-a+fp/hard\libc.a(lib_a-init.o)
 .data          0x000000000000b030        0x0 D:/Xilinx/Vitis/2023.1/gnu/aarch32/nt/gcc-arm-none-eabi/bin//../aarch32-xilinx-eabi/usr/lib/thumb/v7-a+fp/hard\libc.a(lib_a-malloc.o)
 .data          0x000000000000b030      0x410 D:/Xilinx/Vitis/2023.1/gnu/aarch32/nt/gcc-arm-none-eabi/bin//../aarch32-xilinx-eabi/usr/lib/thumb/v7-a+fp/hard\libc.a(lib_a-mallocr.o)
                0x000000000000b030                __malloc_av_
                0x000000000000b438                __malloc_sbrk_base
                0x000000000000b43c                __malloc_trim_threshold
 .data          0x000000000000b440        0x0 D:/Xilinx/Vitis/2023.1/gnu/aarch32/nt/gcc-arm-none-eabi/bin//../aarch32-xilinx-eabi/usr/lib/thumb/v7-a+fp/hard\libc.a(lib_a-memcmp.o)
 .data          0x000000000000b440        0x0 D:/Xilinx/Vitis/2023.1/gnu/aarch32/nt/gcc-arm-none-eabi/bin//../aarch32-xilinx-eabi/usr/lib/thumb/v7-a+fp/hard\libc.a(lib_a-memcpy.o)
 .data          0x000000000000b440        0x0 D:/Xilinx/Vitis/2023.1/gnu/aarch32/nt/gcc-arm-none-eabi/bin//../aarch32-xilinx-eabi/usr/lib/thumb/v7-a+fp/hard\libc.a(lib_a-memset.o)
 .data          0x000000000000b440        0x0 D:/Xilinx/Vitis/2023.1/gnu/aarch32/nt/gcc-arm-none-eabi/bin//../aarch32-xilinx-eabi/usr/lib/thumb/v7-a+fp/hard\libc.a(lib_a-mlock.o)
 .data          0x000000000000b440        0x0 D:/Xilinx/Vitis/2023.1/gnu/aarch32/nt/gcc-arm-none-eabi/bin//../aarch32-xilinx-eabi/usr/lib/thumb/v7-a+fp/hard\libc.a(lib_a-sbrkr.o)
 .data          0x000000000000b440        0x0 D:/Xilinx/Vitis/2023.1/gnu/aarch32/nt/gcc-arm-none-eabi/bin//../aarch32-xilinx-eabi/usr/lib/thumb/v7-a+fp/hard\libc.a(lib_a-strlen.o)
 .data          0x000000000000b440        0x0 D:/Xilinx/Vitis/2023.1/gnu/aarch32/nt/gcc-arm-none-eabi/bin//../aarch32-xilinx-eabi/usr/lib/thumb/v7-a+fp/hard\libc.a(lib_a-__call_atexit.o)
 .data          0x000000000000b440        0x0 D:/Xilinx/Vitis/2023.1/gnu/aarch32/nt/gcc-arm-none-eabi/bin//../aarch32-xilinx-eabi/usr/lib/thumb/v7-a+fp/hard\libc.a(lib_a-freer.o)
 .data          0x000000000000b440        0x0 D:/Xilinx/Vitis/2023.1/gnu/aarch32/nt/gcc-arm-none-eabi/bin//../aarch32-xilinx-eabi/usr/lib/thumb/v7-a+fp/hard\libc.a(lib_a-reent.o)
 .data          0x000000000000b440        0x0 C:/Users/user/Documents/RF_COMM_MULTILANE_P9/build/p9_ps_vitis_workspace/p9_platform/export/p9_platform/sw/p9_platform/standalone_domain/bsplib/lib\libxil.a(_exit.o)
 .data          0x000000000000b440        0x0 C:/Users/user/Documents/RF_COMM_MULTILANE_P9/build/p9_ps_vitis_workspace/p9_platform/export/p9_platform/sw/p9_platform/standalone_domain/bsplib/lib\libxil.a(_sbrk.o)
 .data          0x000000000000b440        0x0 D:/Xilinx/Vitis/2023.1/gnu/aarch32/nt/gcc-arm-none-eabi/bin//../aarch32-xilinx-eabi/usr/lib/thumb/v7-a+fp/hard/crtend.o
 .data          0x000000000000b440        0x0 D:/Xilinx/Vitis/2023.1/gnu/aarch32/nt/gcc-arm-none-eabi/bin//../aarch32-xilinx-eabi/usr/lib/thumb/v7-a+fp/hard/crtn.o
 *(.data.*)
 *(.gnu.linkonce.d.*)
 *(.jcr)
 *(.got)
 *(.got.plt)
                0x000000000000b440                __data_end = .

.tm_clone_table
                0x000000000000b440        0x0
 .tm_clone_table
                0x000000000000b440        0x0 D:/Xilinx/Vitis/2023.1/gnu/aarch32/nt/gcc-arm-none-eabi/bin//../aarch32-xilinx-eabi/usr/lib/thumb/v7-a+fp/hard/crtbegin.o
 .tm_clone_table
                0x000000000000b440        0x0 D:/Xilinx/Vitis/2023.1/gnu/aarch32/nt/gcc-arm-none-eabi/bin//../aarch32-xilinx-eabi/usr/lib/thumb/v7-a+fp/hard/crtend.o

.igot.plt       0x000000000000b440        0x0
 .igot.plt      0x000000000000b440        0x0 D:/Xilinx/Vitis/2023.1/gnu/aarch32/nt/gcc-arm-none-eabi/bin//../aarch32-xilinx-eabi/usr/lib/thumb/v7-a+fp/hard/crtbegin.o

.got2           0x000000000000b440        0x0
 .got2          0x000000000000b440        0x0 C:/Users/user/Documents/RF_COMM_MULTILANE_P9/build/p9_ps_vitis_workspace/p9_platform/export/p9_platform/sw/p9_platform/standalone_domain/bsplib/lib\libxil.a(xil-crt0.o)

.data1          0x000000000000b440        0x0
                0x000000000000b440                __data1_start = .
 *(.data1)
 *(.data1.*)
                0x000000000000b440                __data1_end = .

.got
 *(.got)

.note.gnu.build-id
 *(.note.gnu.build-id)

.ctors          0x000000000000b440        0x0
                0x000000000000b440                __CTOR_LIST__ = .
                0x000000000000b440                ___CTORS_LIST___ = .
 *crtbegin.o(.ctors)
 *(EXCLUDE_FILE(*crtend.o) .ctors)
 *(SORT_BY_NAME(.ctors.*))
 *(.ctors)
                0x000000000000b440                __CTOR_END__ = .
                0x000000000000b440                ___CTORS_END___ = .

.dtors          0x000000000000b440        0x0
                0x000000000000b440                __DTOR_LIST__ = .
                0x000000000000b440                ___DTORS_LIST___ = .
 *crtbegin.o(.dtors)
 *(EXCLUDE_FILE(*crtend.o) .dtors)
 *(SORT_BY_NAME(.dtors.*))
 *(.dtors)
                0x000000000000b440                __DTOR_END__ = .
                0x000000000000b440                ___DTORS_END___ = .

.fixup          0x000000000000b440        0x0
                0x000000000000b440                __fixup_start = .
 *(.fixup)
                0x000000000000b440                __fixup_end = .

.eh_frame       0x000000000000b440        0x4
 *(.eh_frame)
 .eh_frame      0x000000000000b440        0x0 D:/Xilinx/Vitis/2023.1/gnu/aarch32/nt/gcc-arm-none-eabi/bin//../aarch32-xilinx-eabi/usr/lib/thumb/v7-a+fp/hard/crtbegin.o
 .eh_frame      0x000000000000b440        0x4 D:/Xilinx/Vitis/2023.1/gnu/aarch32/nt/gcc-arm-none-eabi/bin//../aarch32-xilinx-eabi/usr/lib/thumb/v7-a+fp/hard/crtend.o

.eh_framehdr    0x000000000000b444        0x0
                0x000000000000b444                __eh_framehdr_start = .
 *(.eh_framehdr)
                0x000000000000b444                __eh_framehdr_end = .

.gcc_except_table
 *(.gcc_except_table)

.mmu_tbl        0x000000000000c000     0x4000
                0x000000000000c000                __mmu_tbl_start = .
 *(.mmu_tbl)
 .mmu_tbl       0x000000000000c000     0x4000 C:/Users/user/Documents/RF_COMM_MULTILANE_P9/build/p9_ps_vitis_workspace/p9_platform/export/p9_platform/sw/p9_platform/standalone_domain/bsplib/lib\libxil.a(translation_table.o)
                0x000000000000c000                MMUTable
                0x0000000000010000                __mmu_tbl_end = .

.ARM.exidx      0x0000000000010000        0x8
                0x0000000000010000                __exidx_start = .
 *(.ARM.exidx*)
 .ARM.exidx     0x0000000000010000        0x8 D:/Xilinx/Vitis/2023.1/gnu/aarch32/nt/gcc-arm-none-eabi/bin//../aarch32-xilinx-eabi/usr/lib/thumb/v7-a+fp/hard\libgcc.a(_udivmoddi4.o)
 *(.gnu.linkonce.armexidix.*.*)
                0x0000000000010008                __exidx_end = .

.rel.dyn        0x0000000000010008        0x0
 .rel.iplt      0x0000000000010008        0x0 D:/Xilinx/Vitis/2023.1/gnu/aarch32/nt/gcc-arm-none-eabi/bin//../aarch32-xilinx-eabi/usr/lib/thumb/v7-a+fp/hard/crtbegin.o

.preinit_array  0x0000000000010008        0x0
                0x0000000000010008                __preinit_array_start = .
 *(SORT_BY_NAME(.preinit_array.*))
 *(.preinit_array)
                0x0000000000010008                __preinit_array_end = .

.init_array     0x0000000000010008        0x4
                0x0000000000010008                __init_array_start = .
 *(SORT_BY_NAME(.init_array.*))
 *(.init_array)
 .init_array    0x0000000000010008        0x4 D:/Xilinx/Vitis/2023.1/gnu/aarch32/nt/gcc-arm-none-eabi/bin//../aarch32-xilinx-eabi/usr/lib/thumb/v7-a+fp/hard/crtbegin.o
                0x000000000001000c                __init_array_end = .

.fini_array     0x000000000001000c        0x4
                0x000000000001000c                __fini_array_start = .
 *(SORT_BY_NAME(.fini_array.*))
 *(.fini_array)
 .fini_array    0x000000000001000c        0x4 D:/Xilinx/Vitis/2023.1/gnu/aarch32/nt/gcc-arm-none-eabi/bin//../aarch32-xilinx-eabi/usr/lib/thumb/v7-a+fp/hard/crtbegin.o
                0x0000000000010010                __fini_array_end = .

.ARM.attributes
                0x0000000000010010       0x33
                0x0000000000010010                __ARM.attributes_start = .
 *(.ARM.attributes)
 .ARM.attributes
                0x0000000000010010       0x21 D:/Xilinx/Vitis/2023.1/gnu/aarch32/nt/gcc-arm-none-eabi/bin//../aarch32-xilinx-eabi/usr/lib/thumb/v7-a+fp/hard/crti.o
 .ARM.attributes
                0x0000000000010031       0x33 D:/Xilinx/Vitis/2023.1/gnu/aarch32/nt/gcc-arm-none-eabi/bin//../aarch32-xilinx-eabi/usr/lib/thumb/v7-a+fp/hard/crtbegin.o
 .ARM.attributes
                0x0000000000010064       0x37 ./src/p9_crypto.o
 .ARM.attributes
                0x000000000001009b       0x37 ./src/p9_runtime_main.o
 .ARM.attributes
                0x00000000000100d2       0x23 C:/Users/user/Documents/RF_COMM_MULTILANE_P9/build/p9_ps_vitis_workspace/p9_platform/export/p9_platform/sw/p9_platform/standalone_domain/bsplib/lib\libxil.a(asm_vectors.o)
 .ARM.attributes
                0x00000000000100f5       0x23 C:/Users/user/Documents/RF_COMM_MULTILANE_P9/build/p9_ps_vitis_workspace/p9_platform/export/p9_platform/sw/p9_platform/standalone_domain/bsplib/lib\libxil.a(boot.o)
 .ARM.attributes
                0x0000000000010118       0x23 C:/Users/user/Documents/RF_COMM_MULTILANE_P9/build/p9_ps_vitis_workspace/p9_platform/export/p9_platform/sw/p9_platform/standalone_domain/bsplib/lib\libxil.a(translation_table.o)
 .ARM.attributes
                0x000000000001013b       0x37 C:/Users/user/Documents/RF_COMM_MULTILANE_P9/build/p9_ps_vitis_workspace/p9_platform/export/p9_platform/sw/p9_platform/standalone_domain/bsplib/lib\libxil.a(vectors.o)
 .ARM.attributes
                0x0000000000010172       0x37 C:/Users/user/Documents/RF_COMM_MULTILANE_P9/build/p9_ps_vitis_workspace/p9_platform/export/p9_platform/sw/p9_platform/standalone_domain/bsplib/lib\libxil.a(xaxidma.o)
 .ARM.attributes
                0x00000000000101a9       0x37 C:/Users/user/Documents/RF_COMM_MULTILANE_P9/build/p9_ps_vitis_workspace/p9_platform/export/p9_platform/sw/p9_platform/standalone_domain/bsplib/lib\libxil.a(xaxidma_bd.o)
 .ARM.attributes
                0x00000000000101e0       0x37 C:/Users/user/Documents/RF_COMM_MULTILANE_P9/build/p9_ps_vitis_workspace/p9_platform/export/p9_platform/sw/p9_platform/standalone_domain/bsplib/lib\libxil.a(xaxidma_bdring.o)
 .ARM.attributes
                0x0000000000010217       0x37 C:/Users/user/Documents/RF_COMM_MULTILANE_P9/build/p9_ps_vitis_workspace/p9_platform/export/p9_platform/sw/p9_platform/standalone_domain/bsplib/lib\libxil.a(xaxidma_sinit.o)
 .ARM.attributes
                0x000000000001024e       0x23 C:/Users/user/Documents/RF_COMM_MULTILANE_P9/build/p9_ps_vitis_workspace/p9_platform/export/p9_platform/sw/p9_platform/standalone_domain/bsplib/lib\libxil.a(xil-crt0.o)
 .ARM.attributes
                0x0000000000010271       0x37 C:/Users/user/Documents/RF_COMM_MULTILANE_P9/build/p9_ps_vitis_workspace/p9_platform/export/p9_platform/sw/p9_platform/standalone_domain/bsplib/lib\libxil.a(xil_cache.o)
 .ARM.attributes
                0x00000000000102a8       0x37 C:/Users/user/Documents/RF_COMM_MULTILANE_P9/build/p9_ps_vitis_workspace/p9_platform/export/p9_platform/sw/p9_platform/standalone_domain/bsplib/lib\libxil.a(xil_exception.o)
 .ARM.attributes
                0x00000000000102df       0x37 C:/Users/user/Documents/RF_COMM_MULTILANE_P9/build/p9_ps_vitis_workspace/p9_platform/export/p9_platform/sw/p9_platform/standalone_domain/bsplib/lib\libxil.a(xil_printf.o)
 .ARM.attributes
                0x0000000000010316       0x37 C:/Users/user/Documents/RF_COMM_MULTILANE_P9/build/p9_ps_vitis_workspace/p9_platform/export/p9_platform/sw/p9_platform/standalone_domain/bsplib/lib\libxil.a(xil_sleepcommon.o)
 .ARM.attributes
                0x000000000001034d       0x37 C:/Users/user/Documents/RF_COMM_MULTILANE_P9/build/p9_ps_vitis_workspace/p9_platform/export/p9_platform/sw/p9_platform/standalone_domain/bsplib/lib\libxil.a(xtime_l.o)
 .ARM.attributes
                0x0000000000010384       0x23 C:/Users/user/Documents/RF_COMM_MULTILANE_P9/build/p9_ps_vitis_workspace/p9_platform/export/p9_platform/sw/p9_platform/standalone_domain/bsplib/lib\libxil.a(cpu_init.o)
 .ARM.attributes
                0x00000000000103a7       0x37 C:/Users/user/Documents/RF_COMM_MULTILANE_P9/build/p9_ps_vitis_workspace/p9_platform/export/p9_platform/sw/p9_platform/standalone_domain/bsplib/lib\libxil.a(outbyte.o)
 .ARM.attributes
                0x00000000000103de       0x37 C:/Users/user/Documents/RF_COMM_MULTILANE_P9/build/p9_ps_vitis_workspace/p9_platform/export/p9_platform/sw/p9_platform/standalone_domain/bsplib/lib\libxil.a(sleep.o)
 .ARM.attributes
                0x0000000000010415       0x37 C:/Users/user/Documents/RF_COMM_MULTILANE_P9/build/p9_ps_vitis_workspace/p9_platform/export/p9_platform/sw/p9_platform/standalone_domain/bsplib/lib\libxil.a(usleep.o)
 .ARM.attributes
                0x000000000001044c       0x37 C:/Users/user/Documents/RF_COMM_MULTILANE_P9/build/p9_ps_vitis_workspace/p9_platform/export/p9_platform/sw/p9_platform/standalone_domain/bsplib/lib\libxil.a(xaxidma_g.o)
 .ARM.attributes
                0x0000000000010483       0x37 C:/Users/user/Documents/RF_COMM_MULTILANE_P9/build/p9_ps_vitis_workspace/p9_platform/export/p9_platform/sw/p9_platform/standalone_domain/bsplib/lib\libxil.a(xcoresightpsdcc.o)
 .ARM.attributes
                0x00000000000104ba       0x21 D:/Xilinx/Vitis/2023.1/gnu/aarch32/nt/gcc-arm-none-eabi/bin//../aarch32-xilinx-eabi/usr/lib/thumb/v7-a+fp/hard\libgcc.a(_udivsi3.o)
 .ARM.attributes
                0x00000000000104db       0x21 D:/Xilinx/Vitis/2023.1/gnu/aarch32/nt/gcc-arm-none-eabi/bin//../aarch32-xilinx-eabi/usr/lib/thumb/v7-a+fp/hard\libgcc.a(_divsi3.o)
 .ARM.attributes
                0x00000000000104fc       0x21 D:/Xilinx/Vitis/2023.1/gnu/aarch32/nt/gcc-arm-none-eabi/bin//../aarch32-xilinx-eabi/usr/lib/thumb/v7-a+fp/hard\libgcc.a(_dvmd_tls.o)
 .ARM.attributes
                0x000000000001051d       0x21 D:/Xilinx/Vitis/2023.1/gnu/aarch32/nt/gcc-arm-none-eabi/bin//../aarch32-xilinx-eabi/usr/lib/thumb/v7-a+fp/hard\libgcc.a(_aeabi_uldivmod.o)
 .ARM.attributes
                0x000000000001053e       0x33 D:/Xilinx/Vitis/2023.1/gnu/aarch32/nt/gcc-arm-none-eabi/bin//../aarch32-xilinx-eabi/usr/lib/thumb/v7-a+fp/hard\libgcc.a(_udivmoddi4.o)
 .ARM.attributes
                0x0000000000010571       0x33 D:/Xilinx/Vitis/2023.1/gnu/aarch32/nt/gcc-arm-none-eabi/bin//../aarch32-xilinx-eabi/usr/lib/thumb/v7-a+fp/hard\libc.a(lib_a-ctype_.o)
 .ARM.attributes
                0x00000000000105a4       0x33 D:/Xilinx/Vitis/2023.1/gnu/aarch32/nt/gcc-arm-none-eabi/bin//../aarch32-xilinx-eabi/usr/lib/thumb/v7-a+fp/hard\libc.a(lib_a-exit.o)
 .ARM.attributes
                0x00000000000105d7       0x33 D:/Xilinx/Vitis/2023.1/gnu/aarch32/nt/gcc-arm-none-eabi/bin//../aarch32-xilinx-eabi/usr/lib/thumb/v7-a+fp/hard\libc.a(lib_a-fini.o)
 .ARM.attributes
                0x000000000001060a       0x33 D:/Xilinx/Vitis/2023.1/gnu/aarch32/nt/gcc-arm-none-eabi/bin//../aarch32-xilinx-eabi/usr/lib/thumb/v7-a+fp/hard\libc.a(lib_a-impure.o)
 .ARM.attributes
                0x000000000001063d       0x33 D:/Xilinx/Vitis/2023.1/gnu/aarch32/nt/gcc-arm-none-eabi/bin//../aarch32-xilinx-eabi/usr/lib/thumb/v7-a+fp/hard\libc.a(lib_a-init.o)
 .ARM.attributes
                0x0000000000010670       0x33 D:/Xilinx/Vitis/2023.1/gnu/aarch32/nt/gcc-arm-none-eabi/bin//../aarch32-xilinx-eabi/usr/lib/thumb/v7-a+fp/hard\libc.a(lib_a-malloc.o)
 .ARM.attributes
                0x00000000000106a3       0x33 D:/Xilinx/Vitis/2023.1/gnu/aarch32/nt/gcc-arm-none-eabi/bin//../aarch32-xilinx-eabi/usr/lib/thumb/v7-a+fp/hard\libc.a(lib_a-mallocr.o)
 .ARM.attributes
                0x00000000000106d6       0x33 D:/Xilinx/Vitis/2023.1/gnu/aarch32/nt/gcc-arm-none-eabi/bin//../aarch32-xilinx-eabi/usr/lib/thumb/v7-a+fp/hard\libc.a(lib_a-memcmp.o)
 .ARM.attributes
                0x0000000000010709       0x1b D:/Xilinx/Vitis/2023.1/gnu/aarch32/nt/gcc-arm-none-eabi/bin//../aarch32-xilinx-eabi/usr/lib/thumb/v7-a+fp/hard\libc.a(lib_a-memcpy.o)
 .ARM.attributes
                0x0000000000010724       0x33 D:/Xilinx/Vitis/2023.1/gnu/aarch32/nt/gcc-arm-none-eabi/bin//../aarch32-xilinx-eabi/usr/lib/thumb/v7-a+fp/hard\libc.a(lib_a-memset.o)
 .ARM.attributes
                0x0000000000010757       0x33 D:/Xilinx/Vitis/2023.1/gnu/aarch32/nt/gcc-arm-none-eabi/bin//../aarch32-xilinx-eabi/usr/lib/thumb/v7-a+fp/hard\libc.a(lib_a-mlock.o)
 .ARM.attributes
                0x000000000001078a       0x33 D:/Xilinx/Vitis/2023.1/gnu/aarch32/nt/gcc-arm-none-eabi/bin//../aarch32-xilinx-eabi/usr/lib/thumb/v7-a+fp/hard\libc.a(lib_a-sbrkr.o)
 .ARM.attributes
                0x00000000000107bd       0x19 D:/Xilinx/Vitis/2023.1/gnu/aarch32/nt/gcc-arm-none-eabi/bin//../aarch32-xilinx-eabi/usr/lib/thumb/v7-a+fp/hard\libc.a(lib_a-strlen.o)
 .ARM.attributes
                0x00000000000107d6       0x33 D:/Xilinx/Vitis/2023.1/gnu/aarch32/nt/gcc-arm-none-eabi/bin//../aarch32-xilinx-eabi/usr/lib/thumb/v7-a+fp/hard\libc.a(lib_a-__call_atexit.o)
 .ARM.attributes
                0x0000000000010809       0x33 D:/Xilinx/Vitis/2023.1/gnu/aarch32/nt/gcc-arm-none-eabi/bin//../aarch32-xilinx-eabi/usr/lib/thumb/v7-a+fp/hard\libc.a(lib_a-freer.o)
 .ARM.attributes
                0x000000000001083c       0x33 D:/Xilinx/Vitis/2023.1/gnu/aarch32/nt/gcc-arm-none-eabi/bin//../aarch32-xilinx-eabi/usr/lib/thumb/v7-a+fp/hard\libc.a(lib_a-reent.o)
 .ARM.attributes
                0x000000000001086f       0x37 C:/Users/user/Documents/RF_COMM_MULTILANE_P9/build/p9_ps_vitis_workspace/p9_platform/export/p9_platform/sw/p9_platform/standalone_domain/bsplib/lib\libxil.a(_exit.o)
 .ARM.attributes
                0x00000000000108a6       0x37 C:/Users/user/Documents/RF_COMM_MULTILANE_P9/build/p9_ps_vitis_workspace/p9_platform/export/p9_platform/sw/p9_platform/standalone_domain/bsplib/lib\libxil.a(_sbrk.o)
 .ARM.attributes
                0x00000000000108dd       0x33 D:/Xilinx/Vitis/2023.1/gnu/aarch32/nt/gcc-arm-none-eabi/bin//../aarch32-xilinx-eabi/usr/lib/thumb/v7-a+fp/hard/crtend.o
 .ARM.attributes
                0x0000000000010910       0x21 D:/Xilinx/Vitis/2023.1/gnu/aarch32/nt/gcc-arm-none-eabi/bin//../aarch32-xilinx-eabi/usr/lib/thumb/v7-a+fp/hard/crtn.o
                0x0000000000010931                __ARM.attributes_end = .

.sdata          0x0000000000010010        0x0
                0x0000000000010010                __sdata_start = .
 *(.sdata)
 *(.sdata.*)
 *(.gnu.linkonce.s.*)
                0x0000000000010010                __sdata_end = .

.sbss           0x0000000000010010        0x0
                0x0000000000010010                __sbss_start = .
 *(.sbss)
 *(.sbss.*)
 *(.gnu.linkonce.sb.*)
                0x0000000000010010                __sbss_end = .

.tdata          0x0000000000010010        0x0
                0x0000000000010010                __tdata_start = .
 *(.tdata)
 *(.tdata.*)
 *(.gnu.linkonce.td.*)
                0x0000000000010010                __tdata_end = .

.tbss           0x0000000000010010        0x0
                0x0000000000010010                __tbss_start = .
 *(.tbss)
 *(.tbss.*)
 *(.gnu.linkonce.tb.*)
                0x0000000000010010                __tbss_end = .

.bss            0x0000000000010010      0x84c
                0x0000000000010010                __bss_start = .
 *(.bss)
 .bss           0x0000000000010010        0x0 D:/Xilinx/Vitis/2023.1/gnu/aarch32/nt/gcc-arm-none-eabi/bin//../aarch32-xilinx-eabi/usr/lib/thumb/v7-a+fp/hard/crti.o
 .bss           0x0000000000010010       0x1c D:/Xilinx/Vitis/2023.1/gnu/aarch32/nt/gcc-arm-none-eabi/bin//../aarch32-xilinx-eabi/usr/lib/thumb/v7-a+fp/hard/crtbegin.o
 .bss           0x000000000001002c        0x0 ./src/p9_crypto.o
 .bss           0x000000000001002c      0x7e8 ./src/p9_runtime_main.o
 .bss           0x0000000000010814        0x0 C:/Users/user/Documents/RF_COMM_MULTILANE_P9/build/p9_ps_vitis_workspace/p9_platform/export/p9_platform/sw/p9_platform/standalone_domain/bsplib/lib\libxil.a(asm_vectors.o)
 .bss           0x0000000000010814        0x0 C:/Users/user/Documents/RF_COMM_MULTILANE_P9/build/p9_ps_vitis_workspace/p9_platform/export/p9_platform/sw/p9_platform/standalone_domain/bsplib/lib\libxil.a(boot.o)
 .bss           0x0000000000010814        0x0 C:/Users/user/Documents/RF_COMM_MULTILANE_P9/build/p9_ps_vitis_workspace/p9_platform/export/p9_platform/sw/p9_platform/standalone_domain/bsplib/lib\libxil.a(translation_table.o)
 .bss           0x0000000000010814        0x0 C:/Users/user/Documents/RF_COMM_MULTILANE_P9/build/p9_ps_vitis_workspace/p9_platform/export/p9_platform/sw/p9_platform/standalone_domain/bsplib/lib\libxil.a(vectors.o)
 .bss           0x0000000000010814        0x0 C:/Users/user/Documents/RF_COMM_MULTILANE_P9/build/p9_ps_vitis_workspace/p9_platform/export/p9_platform/sw/p9_platform/standalone_domain/bsplib/lib\libxil.a(xaxidma.o)
 .bss           0x0000000000010814        0x0 C:/Users/user/Documents/RF_COMM_MULTILANE_P9/build/p9_ps_vitis_workspace/p9_platform/export/p9_platform/sw/p9_platform/standalone_domain/bsplib/lib\libxil.a(xaxidma_bd.o)
 .bss           0x0000000000010814        0x0 C:/Users/user/Documents/RF_COMM_MULTILANE_P9/build/p9_ps_vitis_workspace/p9_platform/export/p9_platform/sw/p9_platform/standalone_domain/bsplib/lib\libxil.a(xaxidma_bdring.o)
 .bss           0x0000000000010814        0x0 C:/Users/user/Documents/RF_COMM_MULTILANE_P9/build/p9_ps_vitis_workspace/p9_platform/export/p9_platform/sw/p9_platform/standalone_domain/bsplib/lib\libxil.a(xaxidma_sinit.o)
 .bss           0x0000000000010814        0x0 C:/Users/user/Documents/RF_COMM_MULTILANE_P9/build/p9_ps_vitis_workspace/p9_platform/export/p9_platform/sw/p9_platform/standalone_domain/bsplib/lib\libxil.a(xil-crt0.o)
 .bss           0x0000000000010814        0x0 C:/Users/user/Documents/RF_COMM_MULTILANE_P9/build/p9_ps_vitis_workspace/p9_platform/export/p9_platform/sw/p9_platform/standalone_domain/bsplib/lib\libxil.a(xil_cache.o)
 .bss           0x0000000000010814        0xc C:/Users/user/Documents/RF_COMM_MULTILANE_P9/build/p9_ps_vitis_workspace/p9_platform/export/p9_platform/sw/p9_platform/standalone_domain/bsplib/lib\libxil.a(xil_exception.o)
                0x0000000000010814                UndefinedExceptionAddr
                0x0000000000010818                PrefetchAbortAddr
                0x000000000001081c                DataAbortAddr
 .bss           0x0000000000010820        0x0 C:/Users/user/Documents/RF_COMM_MULTILANE_P9/build/p9_ps_vitis_workspace/p9_platform/export/p9_platform/sw/p9_platform/standalone_domain/bsplib/lib\libxil.a(xil_printf.o)
 .bss           0x0000000000010820        0x0 C:/Users/user/Documents/RF_COMM_MULTILANE_P9/build/p9_ps_vitis_workspace/p9_platform/export/p9_platform/sw/p9_platform/standalone_domain/bsplib/lib\libxil.a(xil_sleepcommon.o)
 .bss           0x0000000000010820        0x0 C:/Users/user/Documents/RF_COMM_MULTILANE_P9/build/p9_ps_vitis_workspace/p9_platform/export/p9_platform/sw/p9_platform/standalone_domain/bsplib/lib\libxil.a(xtime_l.o)
 .bss           0x0000000000010820        0x0 C:/Users/user/Documents/RF_COMM_MULTILANE_P9/build/p9_ps_vitis_workspace/p9_platform/export/p9_platform/sw/p9_platform/standalone_domain/bsplib/lib\libxil.a(cpu_init.o)
 .bss           0x0000000000010820        0x0 C:/Users/user/Documents/RF_COMM_MULTILANE_P9/build/p9_ps_vitis_workspace/p9_platform/export/p9_platform/sw/p9_platform/standalone_domain/bsplib/lib\libxil.a(outbyte.o)
 .bss           0x0000000000010820        0x0 C:/Users/user/Documents/RF_COMM_MULTILANE_P9/build/p9_ps_vitis_workspace/p9_platform/export/p9_platform/sw/p9_platform/standalone_domain/bsplib/lib\libxil.a(sleep.o)
 .bss           0x0000000000010820        0x0 C:/Users/user/Documents/RF_COMM_MULTILANE_P9/build/p9_ps_vitis_workspace/p9_platform/export/p9_platform/sw/p9_platform/standalone_domain/bsplib/lib\libxil.a(usleep.o)
 .bss           0x0000000000010820        0x0 C:/Users/user/Documents/RF_COMM_MULTILANE_P9/build/p9_ps_vitis_workspace/p9_platform/export/p9_platform/sw/p9_platform/standalone_domain/bsplib/lib\libxil.a(xaxidma_g.o)
 .bss           0x0000000000010820        0x0 C:/Users/user/Documents/RF_COMM_MULTILANE_P9/build/p9_ps_vitis_workspace/p9_platform/export/p9_platform/sw/p9_platform/standalone_domain/bsplib/lib\libxil.a(xcoresightpsdcc.o)
 .bss           0x0000000000010820        0x0 D:/Xilinx/Vitis/2023.1/gnu/aarch32/nt/gcc-arm-none-eabi/bin//../aarch32-xilinx-eabi/usr/lib/thumb/v7-a+fp/hard\libgcc.a(_udivsi3.o)
 .bss           0x0000000000010820        0x0 D:/Xilinx/Vitis/2023.1/gnu/aarch32/nt/gcc-arm-none-eabi/bin//../aarch32-xilinx-eabi/usr/lib/thumb/v7-a+fp/hard\libgcc.a(_divsi3.o)
 .bss           0x0000000000010820        0x0 D:/Xilinx/Vitis/2023.1/gnu/aarch32/nt/gcc-arm-none-eabi/bin//../aarch32-xilinx-eabi/usr/lib/thumb/v7-a+fp/hard\libgcc.a(_dvmd_tls.o)
 .bss           0x0000000000010820        0x0 D:/Xilinx/Vitis/2023.1/gnu/aarch32/nt/gcc-arm-none-eabi/bin//../aarch32-xilinx-eabi/usr/lib/thumb/v7-a+fp/hard\libgcc.a(_aeabi_uldivmod.o)
 .bss           0x0000000000010820        0x0 D:/Xilinx/Vitis/2023.1/gnu/aarch32/nt/gcc-arm-none-eabi/bin//../aarch32-xilinx-eabi/usr/lib/thumb/v7-a+fp/hard\libgcc.a(_udivmoddi4.o)
 .bss           0x0000000000010820        0x0 D:/Xilinx/Vitis/2023.1/gnu/aarch32/nt/gcc-arm-none-eabi/bin//../aarch32-xilinx-eabi/usr/lib/thumb/v7-a+fp/hard\libc.a(lib_a-ctype_.o)
 .bss           0x0000000000010820        0x0 D:/Xilinx/Vitis/2023.1/gnu/aarch32/nt/gcc-arm-none-eabi/bin//../aarch32-xilinx-eabi/usr/lib/thumb/v7-a+fp/hard\libc.a(lib_a-exit.o)
 .bss           0x0000000000010820        0x0 D:/Xilinx/Vitis/2023.1/gnu/aarch32/nt/gcc-arm-none-eabi/bin//../aarch32-xilinx-eabi/usr/lib/thumb/v7-a+fp/hard\libc.a(lib_a-fini.o)
 .bss           0x0000000000010820        0x0 D:/Xilinx/Vitis/2023.1/gnu/aarch32/nt/gcc-arm-none-eabi/bin//../aarch32-xilinx-eabi/usr/lib/thumb/v7-a+fp/hard\libc.a(lib_a-impure.o)
 .bss           0x0000000000010820        0x0 D:/Xilinx/Vitis/2023.1/gnu/aarch32/nt/gcc-arm-none-eabi/bin//../aarch32-xilinx-eabi/usr/lib/thumb/v7-a+fp/hard\libc.a(lib_a-init.o)
 .bss           0x0000000000010820        0x0 D:/Xilinx/Vitis/2023.1/gnu/aarch32/nt/gcc-arm-none-eabi/bin//../aarch32-xilinx-eabi/usr/lib/thumb/v7-a+fp/hard\libc.a(lib_a-malloc.o)
 .bss           0x0000000000010820       0x34 D:/Xilinx/Vitis/2023.1/gnu/aarch32/nt/gcc-arm-none-eabi/bin//../aarch32-xilinx-eabi/usr/lib/thumb/v7-a+fp/hard\libc.a(lib_a-mallocr.o)
                0x0000000000010820                __malloc_top_pad
                0x0000000000010824                __malloc_current_mallinfo
                0x000000000001084c                __malloc_max_sbrked_mem
                0x0000000000010850                __malloc_max_total_mem
 .bss           0x0000000000010854        0x0 D:/Xilinx/Vitis/2023.1/gnu/aarch32/nt/gcc-arm-none-eabi/bin//../aarch32-xilinx-eabi/usr/lib/thumb/v7-a+fp/hard\libc.a(lib_a-memcmp.o)
 .bss           0x0000000000010854        0x0 D:/Xilinx/Vitis/2023.1/gnu/aarch32/nt/gcc-arm-none-eabi/bin//../aarch32-xilinx-eabi/usr/lib/thumb/v7-a+fp/hard\libc.a(lib_a-memcpy.o)
 .bss           0x0000000000010854        0x0 D:/Xilinx/Vitis/2023.1/gnu/aarch32/nt/gcc-arm-none-eabi/bin//../aarch32-xilinx-eabi/usr/lib/thumb/v7-a+fp/hard\libc.a(lib_a-memset.o)
 .bss           0x0000000000010854        0x0 D:/Xilinx/Vitis/2023.1/gnu/aarch32/nt/gcc-arm-none-eabi/bin//../aarch32-xilinx-eabi/usr/lib/thumb/v7-a+fp/hard\libc.a(lib_a-mlock.o)
 .bss           0x0000000000010854        0x0 D:/Xilinx/Vitis/2023.1/gnu/aarch32/nt/gcc-arm-none-eabi/bin//../aarch32-xilinx-eabi/usr/lib/thumb/v7-a+fp/hard\libc.a(lib_a-sbrkr.o)
 .bss           0x0000000000010854        0x0 D:/Xilinx/Vitis/2023.1/gnu/aarch32/nt/gcc-arm-none-eabi/bin//../aarch32-xilinx-eabi/usr/lib/thumb/v7-a+fp/hard\libc.a(lib_a-strlen.o)
 .bss           0x0000000000010854        0x0 D:/Xilinx/Vitis/2023.1/gnu/aarch32/nt/gcc-arm-none-eabi/bin//../aarch32-xilinx-eabi/usr/lib/thumb/v7-a+fp/hard\libc.a(lib_a-__call_atexit.o)
 .bss           0x0000000000010854        0x0 D:/Xilinx/Vitis/2023.1/gnu/aarch32/nt/gcc-arm-none-eabi/bin//../aarch32-xilinx-eabi/usr/lib/thumb/v7-a+fp/hard\libc.a(lib_a-freer.o)
 .bss           0x0000000000010854        0x4 D:/Xilinx/Vitis/2023.1/gnu/aarch32/nt/gcc-arm-none-eabi/bin//../aarch32-xilinx-eabi/usr/lib/thumb/v7-a+fp/hard\libc.a(lib_a-reent.o)
                0x0000000000010854                errno
 .bss           0x0000000000010858        0x0 C:/Users/user/Documents/RF_COMM_MULTILANE_P9/build/p9_ps_vitis_workspace/p9_platform/export/p9_platform/sw/p9_platform/standalone_domain/bsplib/lib\libxil.a(_exit.o)
 .bss           0x0000000000010858        0x4 C:/Users/user/Documents/RF_COMM_MULTILANE_P9/build/p9_ps_vitis_workspace/p9_platform/export/p9_platform/sw/p9_platform/standalone_domain/bsplib/lib\libxil.a(_sbrk.o)
 .bss           0x000000000001085c        0x0 D:/Xilinx/Vitis/2023.1/gnu/aarch32/nt/gcc-arm-none-eabi/bin//../aarch32-xilinx-eabi/usr/lib/thumb/v7-a+fp/hard/crtend.o
 .bss           0x000000000001085c        0x0 D:/Xilinx/Vitis/2023.1/gnu/aarch32/nt/gcc-arm-none-eabi/bin//../aarch32-xilinx-eabi/usr/lib/thumb/v7-a+fp/hard/crtn.o
 *(.bss.*)
 *(.gnu.linkonce.b.*)
 *(COMMON)
                0x000000000001085c                __bss_end = .
                0x0000000000010010                _SDA_BASE_ = (__sdata_start + ((__sbss_end - __sdata_start) / 0x2))
                0x000000000000ab7d                _SDA2_BASE_ = (__sdata2_start + ((__sbss2_end - __sdata2_start) / 0x2))

.heap           0x000000000001085c     0x2004
                0x0000000000010860                . = ALIGN (0x10)
 *fill*         0x000000000001085c        0x4 
                0x0000000000010860                _heap = .
                0x0000000000010860                HeapBase = .
                0x0000000000010860                _heap_start = .
                0x0000000000012860                . = (. + _HEAP_SIZE)
 *fill*         0x0000000000010860     0x2000 
                0x0000000000012860                _heap_end = .
                0x0000000000012860                HeapLimit = .

.stack          0x0000000000012860     0x3800
                0x0000000000012860                . = ALIGN (0x10)
                0x0000000000012860                _stack_end = .
                0x0000000000014860                . = (. + _STACK_SIZE)
 *fill*         0x0000000000012860     0x2000 
                0x0000000000014860                . = ALIGN (0x10)
                0x0000000000014860                _stack = .
                0x0000000000014860                __stack = _stack
                0x0000000000014860                . = ALIGN (0x10)
                0x0000000000014860                _irq_stack_end = .
                0x0000000000014c60                . = (. + _IRQ_STACK_SIZE)
 *fill*         0x0000000000014860      0x400 
                0x0000000000014c60                . = ALIGN (0x10)
                0x0000000000014c60                __irq_stack = .
                0x0000000000014c60                _supervisor_stack_end = .
                0x0000000000015460                . = (. + _SUPERVISOR_STACK_SIZE)
 *fill*         0x0000000000014c60      0x800 
                0x0000000000015460                . = ALIGN (0x10)
                0x0000000000015460                __supervisor_stack = .
                0x0000000000015460                _abort_stack_end = .
                0x0000000000015860                . = (. + _ABORT_STACK_SIZE)
 *fill*         0x0000000000015460      0x400 
                0x0000000000015860                . = ALIGN (0x10)
                0x0000000000015860                __abort_stack = .
                0x0000000000015860                _fiq_stack_end = .
                0x0000000000015c60                . = (. + _FIQ_STACK_SIZE)
 *fill*         0x0000000000015860      0x400 
                0x0000000000015c60                . = ALIGN (0x10)
                0x0000000000015c60                __fiq_stack = .
                0x0000000000015c60                _undef_stack_end = .
                0x0000000000016060                . = (. + _UNDEF_STACK_SIZE)
 *fill*         0x0000000000015c60      0x400 
                0x0000000000016060                . = ALIGN (0x10)
                0x0000000000016060                __undef_stack = .
                0x0000000000016060                _end = .
LOAD ./src/p9_crypto.o
LOAD ./src/p9_runtime_main.o
START GROUP
LOAD C:/Users/user/Documents/RF_COMM_MULTILANE_P9/build/p9_ps_vitis_workspace/p9_platform/export/p9_platform/sw/p9_platform/standalone_domain/bsplib/lib\libxil.a
LOAD D:/Xilinx/Vitis/2023.1/gnu/aarch32/nt/gcc-arm-none-eabi/bin//../aarch32-xilinx-eabi/usr/lib/thumb/v7-a+fp/hard\libgcc.a
LOAD D:/Xilinx/Vitis/2023.1/gnu/aarch32/nt/gcc-arm-none-eabi/bin//../aarch32-xilinx-eabi/usr/lib/thumb/v7-a+fp/hard\libc.a
END GROUP
START GROUP
LOAD D:/Xilinx/Vitis/2023.1/gnu/aarch32/nt/gcc-arm-none-eabi/bin//../aarch32-xilinx-eabi/usr/lib/thumb/v7-a+fp/hard\libgcc.a
LOAD D:/Xilinx/Vitis/2023.1/gnu/aarch32/nt/gcc-arm-none-eabi/bin//../aarch32-xilinx-eabi/usr/lib/thumb/v7-a+fp/hard\libc.a
END GROUP
LOAD D:/Xilinx/Vitis/2023.1/gnu/aarch32/nt/gcc-arm-none-eabi/bin//../aarch32-xilinx-eabi/usr/lib/thumb/v7-a+fp/hard/crtend.o
LOAD D:/Xilinx/Vitis/2023.1/gnu/aarch32/nt/gcc-arm-none-eabi/bin//../aarch32-xilinx-eabi/usr/lib/thumb/v7-a+fp/hard/crtn.o
OUTPUT(p9_runtime.elf elf32-littlearm)
LOAD linker stubs

.comment        0x0000000000000000       0x12
 .comment       0x0000000000000000       0x12 D:/Xilinx/Vitis/2023.1/gnu/aarch32/nt/gcc-arm-none-eabi/bin//../aarch32-xilinx-eabi/usr/lib/thumb/v7-a+fp/hard/crtbegin.o
                                         0x13 (size before relaxing)
 .comment       0x0000000000000012       0x13 ./src/p9_crypto.o
 .comment       0x0000000000000012       0x13 ./src/p9_runtime_main.o
 .comment       0x0000000000000012       0x13 C:/Users/user/Documents/RF_COMM_MULTILANE_P9/build/p9_ps_vitis_workspace/p9_platform/export/p9_platform/sw/p9_platform/standalone_domain/bsplib/lib\libxil.a(vectors.o)
 .comment       0x0000000000000012       0x13 C:/Users/user/Documents/RF_COMM_MULTILANE_P9/build/p9_ps_vitis_workspace/p9_platform/export/p9_platform/sw/p9_platform/standalone_domain/bsplib/lib\libxil.a(xaxidma.o)
 .comment       0x0000000000000012       0x13 C:/Users/user/Documents/RF_COMM_MULTILANE_P9/build/p9_ps_vitis_workspace/p9_platform/export/p9_platform/sw/p9_platform/standalone_domain/bsplib/lib\libxil.a(xaxidma_bd.o)
 .comment       0x0000000000000012       0x13 C:/Users/user/Documents/RF_COMM_MULTILANE_P9/build/p9_ps_vitis_workspace/p9_platform/export/p9_platform/sw/p9_platform/standalone_domain/bsplib/lib\libxil.a(xaxidma_bdring.o)
 .comment       0x0000000000000012       0x13 C:/Users/user/Documents/RF_COMM_MULTILANE_P9/build/p9_ps_vitis_workspace/p9_platform/export/p9_platform/sw/p9_platform/standalone_domain/bsplib/lib\libxil.a(xaxidma_sinit.o)
 .comment       0x0000000000000012       0x13 C:/Users/user/Documents/RF_COMM_MULTILANE_P9/build/p9_ps_vitis_workspace/p9_platform/export/p9_platform/sw/p9_platform/standalone_domain/bsplib/lib\libxil.a(xil_cache.o)
 .comment       0x0000000000000012       0x13 C:/Users/user/Documents/RF_COMM_MULTILANE_P9/build/p9_ps_vitis_workspace/p9_platform/export/p9_platform/sw/p9_platform/standalone_domain/bsplib/lib\libxil.a(xil_exception.o)
 .comment       0x0000000000000012       0x13 C:/Users/user/Documents/RF_COMM_MULTILANE_P9/build/p9_ps_vitis_workspace/p9_platform/export/p9_platform/sw/p9_platform/standalone_domain/bsplib/lib\libxil.a(xil_printf.o)
 .comment       0x0000000000000012       0x13 C:/Users/user/Documents/RF_COMM_MULTILANE_P9/build/p9_ps_vitis_workspace/p9_platform/export/p9_platform/sw/p9_platform/standalone_domain/bsplib/lib\libxil.a(xil_sleepcommon.o)
 .comment       0x0000000000000012       0x13 C:/Users/user/Documents/RF_COMM_MULTILANE_P9/build/p9_ps_vitis_workspace/p9_platform/export/p9_platform/sw/p9_platform/standalone_domain/bsplib/lib\libxil.a(xtime_l.o)
 .comment       0x0000000000000012       0x13 C:/Users/user/Documents/RF_COMM_MULTILANE_P9/build/p9_ps_vitis_workspace/p9_platform/export/p9_platform/sw/p9_platform/standalone_domain/bsplib/lib\libxil.a(outbyte.o)
 .comment       0x0000000000000012       0x13 C:/Users/user/Documents/RF_COMM_MULTILANE_P9/build/p9_ps_vitis_workspace/p9_platform/export/p9_platform/sw/p9_platform/standalone_domain/bsplib/lib\libxil.a(sleep.o)
 .comment       0x0000000000000012       0x13 C:/Users/user/Documents/RF_COMM_MULTILANE_P9/build/p9_ps_vitis_workspace/p9_platform/export/p9_platform/sw/p9_platform/standalone_domain/bsplib/lib\libxil.a(usleep.o)
 .comment       0x0000000000000012       0x13 C:/Users/user/Documents/RF_COMM_MULTILANE_P9/build/p9_ps_vitis_workspace/p9_platform/export/p9_platform/sw/p9_platform/standalone_domain/bsplib/lib\libxil.a(xaxidma_g.o)
 .comment       0x0000000000000012       0x13 C:/Users/user/Documents/RF_COMM_MULTILANE_P9/build/p9_ps_vitis_workspace/p9_platform/export/p9_platform/sw/p9_platform/standalone_domain/bsplib/lib\libxil.a(xcoresightpsdcc.o)
 .comment       0x0000000000000012       0x13 C:/Users/user/Documents/RF_COMM_MULTILANE_P9/build/p9_ps_vitis_workspace/p9_platform/export/p9_platform/sw/p9_platform/standalone_domain/bsplib/lib\libxil.a(_exit.o)
 .comment       0x0000000000000012       0x13 C:/Users/user/Documents/RF_COMM_MULTILANE_P9/build/p9_ps_vitis_workspace/p9_platform/export/p9_platform/sw/p9_platform/standalone_domain/bsplib/lib\libxil.a(_sbrk.o)
 .comment       0x0000000000000012       0x13 D:/Xilinx/Vitis/2023.1/gnu/aarch32/nt/gcc-arm-none-eabi/bin//../aarch32-xilinx-eabi/usr/lib/thumb/v7-a+fp/hard/crtend.o

.debug_info     0x0000000000000000     0xaa1c
 .debug_info    0x0000000000000000      0x5d7 ./src/p9_crypto.o
 .debug_info    0x00000000000005d7     0x298a ./src/p9_runtime_main.o
 .debug_info    0x0000000000002f61       0x25 C:/Users/user/Documents/RF_COMM_MULTILANE_P9/build/p9_ps_vitis_workspace/p9_platform/export/p9_platform/sw/p9_platform/standalone_domain/bsplib/lib\libxil.a(boot.o)
 .debug_info    0x0000000000002f86      0x13d C:/Users/user/Documents/RF_COMM_MULTILANE_P9/build/p9_ps_vitis_workspace/p9_platform/export/p9_platform/sw/p9_platform/standalone_domain/bsplib/lib\libxil.a(vectors.o)
 .debug_info    0x00000000000030c3     0x123f C:/Users/user/Documents/RF_COMM_MULTILANE_P9/build/p9_ps_vitis_workspace/p9_platform/export/p9_platform/sw/p9_platform/standalone_domain/bsplib/lib\libxil.a(xaxidma.o)
 .debug_info    0x0000000000004302      0x4d1 C:/Users/user/Documents/RF_COMM_MULTILANE_P9/build/p9_ps_vitis_workspace/p9_platform/export/p9_platform/sw/p9_platform/standalone_domain/bsplib/lib\libxil.a(xaxidma_bd.o)
 .debug_info    0x00000000000047d3     0x1439 C:/Users/user/Documents/RF_COMM_MULTILANE_P9/build/p9_ps_vitis_workspace/p9_platform/export/p9_platform/sw/p9_platform/standalone_domain/bsplib/lib\libxil.a(xaxidma_bdring.o)
 .debug_info    0x0000000000005c0c      0x25d C:/Users/user/Documents/RF_COMM_MULTILANE_P9/build/p9_ps_vitis_workspace/p9_platform/export/p9_platform/sw/p9_platform/standalone_domain/bsplib/lib\libxil.a(xaxidma_sinit.o)
 .debug_info    0x0000000000005e69       0x24 C:/Users/user/Documents/RF_COMM_MULTILANE_P9/build/p9_ps_vitis_workspace/p9_platform/export/p9_platform/sw/p9_platform/standalone_domain/bsplib/lib\libxil.a(xil-crt0.o)
 .debug_info    0x0000000000005e8d     0x329e C:/Users/user/Documents/RF_COMM_MULTILANE_P9/build/p9_ps_vitis_workspace/p9_platform/export/p9_platform/sw/p9_platform/standalone_domain/bsplib/lib\libxil.a(xil_cache.o)
 .debug_info    0x000000000000912b      0x314 C:/Users/user/Documents/RF_COMM_MULTILANE_P9/build/p9_ps_vitis_workspace/p9_platform/export/p9_platform/sw/p9_platform/standalone_domain/bsplib/lib\libxil.a(xil_exception.o)
 .debug_info    0x000000000000943f      0x86e C:/Users/user/Documents/RF_COMM_MULTILANE_P9/build/p9_ps_vitis_workspace/p9_platform/export/p9_platform/sw/p9_platform/standalone_domain/bsplib/lib\libxil.a(xil_printf.o)
 .debug_info    0x0000000000009cad      0x147 C:/Users/user/Documents/RF_COMM_MULTILANE_P9/build/p9_ps_vitis_workspace/p9_platform/export/p9_platform/sw/p9_platform/standalone_domain/bsplib/lib\libxil.a(xil_sleepcommon.o)
 .debug_info    0x0000000000009df4      0x322 C:/Users/user/Documents/RF_COMM_MULTILANE_P9/build/p9_ps_vitis_workspace/p9_platform/export/p9_platform/sw/p9_platform/standalone_domain/bsplib/lib\libxil.a(xtime_l.o)
 .debug_info    0x000000000000a116       0x24 C:/Users/user/Documents/RF_COMM_MULTILANE_P9/build/p9_ps_vitis_workspace/p9_platform/export/p9_platform/sw/p9_platform/standalone_domain/bsplib/lib\libxil.a(cpu_init.o)
 .debug_info    0x000000000000a13a      0x105 C:/Users/user/Documents/RF_COMM_MULTILANE_P9/build/p9_ps_vitis_workspace/p9_platform/export/p9_platform/sw/p9_platform/standalone_domain/bsplib/lib\libxil.a(outbyte.o)
 .debug_info    0x000000000000a23f      0x135 C:/Users/user/Documents/RF_COMM_MULTILANE_P9/build/p9_ps_vitis_workspace/p9_platform/export/p9_platform/sw/p9_platform/standalone_domain/bsplib/lib\libxil.a(sleep.o)
 .debug_info    0x000000000000a374      0x135 C:/Users/user/Documents/RF_COMM_MULTILANE_P9/build/p9_ps_vitis_workspace/p9_platform/export/p9_platform/sw/p9_platform/standalone_domain/bsplib/lib\libxil.a(usleep.o)
 .debug_info    0x000000000000a4a9      0x1d2 C:/Users/user/Documents/RF_COMM_MULTILANE_P9/build/p9_ps_vitis_workspace/p9_platform/export/p9_platform/sw/p9_platform/standalone_domain/bsplib/lib\libxil.a(xaxidma_g.o)
 .debug_info    0x000000000000a67b      0x192 C:/Users/user/Documents/RF_COMM_MULTILANE_P9/build/p9_ps_vitis_workspace/p9_platform/export/p9_platform/sw/p9_platform/standalone_domain/bsplib/lib\libxil.a(xcoresightpsdcc.o)
 .debug_info    0x000000000000a80d       0xae C:/Users/user/Documents/RF_COMM_MULTILANE_P9/build/p9_ps_vitis_workspace/p9_platform/export/p9_platform/sw/p9_platform/standalone_domain/bsplib/lib\libxil.a(_exit.o)
 .debug_info    0x000000000000a8bb      0x161 C:/Users/user/Documents/RF_COMM_MULTILANE_P9/build/p9_ps_vitis_workspace/p9_platform/export/p9_platform/sw/p9_platform/standalone_domain/bsplib/lib\libxil.a(_sbrk.o)

.debug_abbrev   0x0000000000000000     0x206a
 .debug_abbrev  0x0000000000000000      0x195 ./src/p9_crypto.o
 .debug_abbrev  0x0000000000000195      0x3c2 ./src/p9_runtime_main.o
 .debug_abbrev  0x0000000000000557       0x14 C:/Users/user/Documents/RF_COMM_MULTILANE_P9/build/p9_ps_vitis_workspace/p9_platform/export/p9_platform/sw/p9_platform/standalone_domain/bsplib/lib\libxil.a(boot.o)
 .debug_abbrev  0x000000000000056b       0xb5 C:/Users/user/Documents/RF_COMM_MULTILANE_P9/build/p9_ps_vitis_workspace/p9_platform/export/p9_platform/sw/p9_platform/standalone_domain/bsplib/lib\libxil.a(vectors.o)
 .debug_abbrev  0x0000000000000620      0x3d2 C:/Users/user/Documents/RF_COMM_MULTILANE_P9/build/p9_ps_vitis_workspace/p9_platform/export/p9_platform/sw/p9_platform/standalone_domain/bsplib/lib\libxil.a(xaxidma.o)
 .debug_abbrev  0x00000000000009f2      0x183 C:/Users/user/Documents/RF_COMM_MULTILANE_P9/build/p9_ps_vitis_workspace/p9_platform/export/p9_platform/sw/p9_platform/standalone_domain/bsplib/lib\libxil.a(xaxidma_bd.o)
 .debug_abbrev  0x0000000000000b75      0x35e C:/Users/user/Documents/RF_COMM_MULTILANE_P9/build/p9_ps_vitis_workspace/p9_platform/export/p9_platform/sw/p9_platform/standalone_domain/bsplib/lib\libxil.a(xaxidma_bdring.o)
 .debug_abbrev  0x0000000000000ed3      0x116 C:/Users/user/Documents/RF_COMM_MULTILANE_P9/build/p9_ps_vitis_workspace/p9_platform/export/p9_platform/sw/p9_platform/standalone_domain/bsplib/lib\libxil.a(xaxidma_sinit.o)
 .debug_abbrev  0x0000000000000fe9       0x14 C:/Users/user/Documents/RF_COMM_MULTILANE_P9/build/p9_ps_vitis_workspace/p9_platform/export/p9_platform/sw/p9_platform/standalone_domain/bsplib/lib\libxil.a(xil-crt0.o)
 .debug_abbrev  0x0000000000000ffd      0x386 C:/Users/user/Documents/RF_COMM_MULTILANE_P9/build/p9_ps_vitis_workspace/p9_platform/export/p9_platform/sw/p9_platform/standalone_domain/bsplib/lib\libxil.a(xil_cache.o)
 .debug_abbrev  0x0000000000001383      0x1ed C:/Users/user/Documents/RF_COMM_MULTILANE_P9/build/p9_ps_vitis_workspace/p9_platform/export/p9_platform/sw/p9_platform/standalone_domain/bsplib/lib\libxil.a(xil_exception.o)
 .debug_abbrev  0x0000000000001570      0x37b C:/Users/user/Documents/RF_COMM_MULTILANE_P9/build/p9_ps_vitis_workspace/p9_platform/export/p9_platform/sw/p9_platform/standalone_domain/bsplib/lib\libxil.a(xil_printf.o)
 .debug_abbrev  0x00000000000018eb       0xc5 C:/Users/user/Documents/RF_COMM_MULTILANE_P9/build/p9_ps_vitis_workspace/p9_platform/export/p9_platform/sw/p9_platform/standalone_domain/bsplib/lib\libxil.a(xil_sleepcommon.o)
 .debug_abbrev  0x00000000000019b0      0x15d C:/Users/user/Documents/RF_COMM_MULTILANE_P9/build/p9_ps_vitis_workspace/p9_platform/export/p9_platform/sw/p9_platform/standalone_domain/bsplib/lib\libxil.a(xtime_l.o)
 .debug_abbrev  0x0000000000001b0d       0x14 C:/Users/user/Documents/RF_COMM_MULTILANE_P9/build/p9_ps_vitis_workspace/p9_platform/export/p9_platform/sw/p9_platform/standalone_domain/bsplib/lib\libxil.a(cpu_init.o)
 .debug_abbrev  0x0000000000001b21       0x9e C:/Users/user/Documents/RF_COMM_MULTILANE_P9/build/p9_ps_vitis_workspace/p9_platform/export/p9_platform/sw/p9_platform/standalone_domain/bsplib/lib\libxil.a(outbyte.o)
 .debug_abbrev  0x0000000000001bbf       0xde C:/Users/user/Documents/RF_COMM_MULTILANE_P9/build/p9_ps_vitis_workspace/p9_platform/export/p9_platform/sw/p9_platform/standalone_domain/bsplib/lib\libxil.a(sleep.o)
 .debug_abbrev  0x0000000000001c9d       0xde C:/Users/user/Documents/RF_COMM_MULTILANE_P9/build/p9_ps_vitis_workspace/p9_platform/export/p9_platform/sw/p9_platform/standalone_domain/bsplib/lib\libxil.a(usleep.o)
 .debug_abbrev  0x0000000000001d7b       0x99 C:/Users/user/Documents/RF_COMM_MULTILANE_P9/build/p9_ps_vitis_workspace/p9_platform/export/p9_platform/sw/p9_platform/standalone_domain/bsplib/lib\libxil.a(xaxidma_g.o)
 .debug_abbrev  0x0000000000001e14      0x100 C:/Users/user/Documents/RF_COMM_MULTILANE_P9/build/p9_ps_vitis_workspace/p9_platform/export/p9_platform/sw/p9_platform/standalone_domain/bsplib/lib\libxil.a(xcoresightpsdcc.o)
 .debug_abbrev  0x0000000000001f14       0x69 C:/Users/user/Documents/RF_COMM_MULTILANE_P9/build/p9_ps_vitis_workspace/p9_platform/export/p9_platform/sw/p9_platform/standalone_domain/bsplib/lib\libxil.a(_exit.o)
 .debug_abbrev  0x0000000000001f7d       0xed C:/Users/user/Documents/RF_COMM_MULTILANE_P9/build/p9_ps_vitis_workspace/p9_platform/export/p9_platform/sw/p9_platform/standalone_domain/bsplib/lib\libxil.a(_sbrk.o)

.debug_aranges  0x0000000000000000      0x2b8
 .debug_aranges
                0x0000000000000000       0x20 ./src/p9_crypto.o
 .debug_aranges
                0x0000000000000020       0x20 ./src/p9_runtime_main.o
 .debug_aranges
                0x0000000000000040       0x20 C:/Users/user/Documents/RF_COMM_MULTILANE_P9/build/p9_ps_vitis_workspace/p9_platform/export/p9_platform/sw/p9_platform/standalone_domain/bsplib/lib\libxil.a(boot.o)
 .debug_aranges
                0x0000000000000060       0x20 C:/Users/user/Documents/RF_COMM_MULTILANE_P9/build/p9_ps_vitis_workspace/p9_platform/export/p9_platform/sw/p9_platform/standalone_domain/bsplib/lib\libxil.a(vectors.o)
 .debug_aranges
                0x0000000000000080       0x20 C:/Users/user/Documents/RF_COMM_MULTILANE_P9/build/p9_ps_vitis_workspace/p9_platform/export/p9_platform/sw/p9_platform/standalone_domain/bsplib/lib\libxil.a(xaxidma.o)
 .debug_aranges
                0x00000000000000a0       0x20 C:/Users/user/Documents/RF_COMM_MULTILANE_P9/build/p9_ps_vitis_workspace/p9_platform/export/p9_platform/sw/p9_platform/standalone_domain/bsplib/lib\libxil.a(xaxidma_bd.o)
 .debug_aranges
                0x00000000000000c0       0x20 C:/Users/user/Documents/RF_COMM_MULTILANE_P9/build/p9_ps_vitis_workspace/p9_platform/export/p9_platform/sw/p9_platform/standalone_domain/bsplib/lib\libxil.a(xaxidma_bdring.o)
 .debug_aranges
                0x00000000000000e0       0x20 C:/Users/user/Documents/RF_COMM_MULTILANE_P9/build/p9_ps_vitis_workspace/p9_platform/export/p9_platform/sw/p9_platform/standalone_domain/bsplib/lib\libxil.a(xaxidma_sinit.o)
 .debug_aranges
                0x0000000000000100       0x20 C:/Users/user/Documents/RF_COMM_MULTILANE_P9/build/p9_ps_vitis_workspace/p9_platform/export/p9_platform/sw/p9_platform/standalone_domain/bsplib/lib\libxil.a(xil-crt0.o)
 .debug_aranges
                0x0000000000000120       0x20 C:/Users/user/Documents/RF_COMM_MULTILANE_P9/build/p9_ps_vitis_workspace/p9_platform/export/p9_platform/sw/p9_platform/standalone_domain/bsplib/lib\libxil.a(xil_cache.o)
 .debug_aranges
                0x0000000000000140       0x20 C:/Users/user/Documents/RF_COMM_MULTILANE_P9/build/p9_ps_vitis_workspace/p9_platform/export/p9_platform/sw/p9_platform/standalone_domain/bsplib/lib\libxil.a(xil_exception.o)
 .debug_aranges
                0x0000000000000160       0x20 C:/Users/user/Documents/RF_COMM_MULTILANE_P9/build/p9_ps_vitis_workspace/p9_platform/export/p9_platform/sw/p9_platform/standalone_domain/bsplib/lib\libxil.a(xil_printf.o)
 .debug_aranges
                0x0000000000000180       0x20 C:/Users/user/Documents/RF_COMM_MULTILANE_P9/build/p9_ps_vitis_workspace/p9_platform/export/p9_platform/sw/p9_platform/standalone_domain/bsplib/lib\libxil.a(xil_sleepcommon.o)
 .debug_aranges
                0x00000000000001a0       0x20 C:/Users/user/Documents/RF_COMM_MULTILANE_P9/build/p9_ps_vitis_workspace/p9_platform/export/p9_platform/sw/p9_platform/standalone_domain/bsplib/lib\libxil.a(xtime_l.o)
 .debug_aranges
                0x00000000000001c0       0x20 C:/Users/user/Documents/RF_COMM_MULTILANE_P9/build/p9_ps_vitis_workspace/p9_platform/export/p9_platform/sw/p9_platform/standalone_domain/bsplib/lib\libxil.a(cpu_init.o)
 .debug_aranges
                0x00000000000001e0       0x20 C:/Users/user/Documents/RF_COMM_MULTILANE_P9/build/p9_ps_vitis_workspace/p9_platform/export/p9_platform/sw/p9_platform/standalone_domain/bsplib/lib\libxil.a(outbyte.o)
 .debug_aranges
                0x0000000000000200       0x20 C:/Users/user/Documents/RF_COMM_MULTILANE_P9/build/p9_ps_vitis_workspace/p9_platform/export/p9_platform/sw/p9_platform/standalone_domain/bsplib/lib\libxil.a(sleep.o)
 .debug_aranges
                0x0000000000000220       0x20 C:/Users/user/Documents/RF_COMM_MULTILANE_P9/build/p9_ps_vitis_workspace/p9_platform/export/p9_platform/sw/p9_platform/standalone_domain/bsplib/lib\libxil.a(usleep.o)
 .debug_aranges
                0x0000000000000240       0x18 C:/Users/user/Documents/RF_COMM_MULTILANE_P9/build/p9_ps_vitis_workspace/p9_platform/export/p9_platform/sw/p9_platform/standalone_domain/bsplib/lib\libxil.a(xaxidma_g.o)
 .debug_aranges
                0x0000000000000258       0x20 C:/Users/user/Documents/RF_COMM_MULTILANE_P9/build/p9_ps_vitis_workspace/p9_platform/export/p9_platform/sw/p9_platform/standalone_domain/bsplib/lib\libxil.a(xcoresightpsdcc.o)
 .debug_aranges
                0x0000000000000278       0x20 C:/Users/user/Documents/RF_COMM_MULTILANE_P9/build/p9_ps_vitis_workspace/p9_platform/export/p9_platform/sw/p9_platform/standalone_domain/bsplib/lib\libxil.a(_exit.o)
 .debug_aranges
                0x0000000000000298       0x20 C:/Users/user/Documents/RF_COMM_MULTILANE_P9/build/p9_ps_vitis_workspace/p9_platform/export/p9_platform/sw/p9_platform/standalone_domain/bsplib/lib\libxil.a(_sbrk.o)

.debug_macro    0x0000000000000000     0x42a9
 .debug_macro   0x0000000000000000      0x130 ./src/p9_crypto.o
 .debug_macro   0x0000000000000130      0xaa2 ./src/p9_crypto.o
 .debug_macro   0x0000000000000bd2      0x189 ./src/p9_crypto.o
 .debug_macro   0x0000000000000d5b       0x22 ./src/p9_crypto.o
 .debug_macro   0x0000000000000d7d       0x8e ./src/p9_crypto.o
 .debug_macro   0x0000000000000e0b       0x51 ./src/p9_crypto.o
 .debug_macro   0x0000000000000e5c      0x103 ./src/p9_crypto.o
 .debug_macro   0x0000000000000f5f       0x6a ./src/p9_crypto.o
 .debug_macro   0x0000000000000fc9      0x1df ./src/p9_crypto.o
 .debug_macro   0x00000000000011a8       0x64 ./src/p9_crypto.o
 .debug_macro   0x000000000000120c       0x1d ./src/p9_crypto.o
 .debug_macro   0x0000000000001229       0x3c ./src/p9_crypto.o
 .debug_macro   0x0000000000001265       0x34 ./src/p9_crypto.o
 .debug_macro   0x0000000000001299       0x16 ./src/p9_crypto.o
 .debug_macro   0x00000000000012af       0x43 ./src/p9_crypto.o
 .debug_macro   0x00000000000012f2       0x34 ./src/p9_crypto.o
 .debug_macro   0x0000000000001326       0x10 ./src/p9_crypto.o
 .debug_macro   0x0000000000001336       0x52 ./src/p9_crypto.o
 .debug_macro   0x0000000000001388      0x182 ./src/p9_crypto.o
 .debug_macro   0x000000000000150a      0x341 ./src/p9_crypto.o
 .debug_macro   0x000000000000184b       0x10 ./src/p9_crypto.o
 .debug_macro   0x000000000000185b       0x35 ./src/p9_crypto.o
 .debug_macro   0x0000000000001890      0x295 ./src/p9_runtime_main.o
 .debug_macro   0x0000000000001b25      0xb44 ./src/p9_runtime_main.o
 .debug_macro   0x0000000000002669       0x46 ./src/p9_runtime_main.o
 .debug_macro   0x00000000000026af       0x1c ./src/p9_runtime_main.o
 .debug_macro   0x00000000000026cb      0x5ae ./src/p9_runtime_main.o
 .debug_macro   0x0000000000002c79      0x390 ./src/p9_runtime_main.o
 .debug_macro   0x0000000000003009       0x51 ./src/p9_runtime_main.o
 .debug_macro   0x000000000000305a      0x119 ./src/p9_runtime_main.o
 .debug_macro   0x0000000000003173       0x58 ./src/p9_runtime_main.o
 .debug_macro   0x00000000000031cb       0x16 ./src/p9_runtime_main.o
 .debug_macro   0x00000000000031e1       0x36 ./src/p9_runtime_main.o
 .debug_macro   0x0000000000003217      0x414 ./src/p9_runtime_main.o
 .debug_macro   0x000000000000362b      0x686 ./src/p9_runtime_main.o
 .debug_macro   0x0000000000003cb1       0x9b ./src/p9_runtime_main.o
 .debug_macro   0x0000000000003d4c       0x54 ./src/p9_runtime_main.o
 .debug_macro   0x0000000000003da0      0x2aa ./src/p9_runtime_main.o
 .debug_macro   0x000000000000404a       0x16 ./src/p9_runtime_main.o
 .debug_macro   0x0000000000004060       0x28 ./src/p9_runtime_main.o
 .debug_macro   0x0000000000004088       0xc7 ./src/p9_runtime_main.o
 .debug_macro   0x000000000000414f       0x16 ./src/p9_runtime_main.o
 .debug_macro   0x0000000000004165       0x16 ./src/p9_runtime_main.o
 .debug_macro   0x000000000000417b       0x29 ./src/p9_runtime_main.o
 .debug_macro   0x00000000000041a4       0x9a ./src/p9_runtime_main.o
 .debug_macro   0x000000000000423e       0x43 ./src/p9_runtime_main.o
 .debug_macro   0x0000000000004281       0x28 ./src/p9_runtime_main.o

.debug_line     0x0000000000000000     0x80d0
 .debug_line    0x0000000000000000      0x6cb ./src/p9_crypto.o
 .debug_line    0x00000000000006cb     0x21a3 ./src/p9_runtime_main.o
 .debug_line    0x000000000000286e      0x145 C:/Users/user/Documents/RF_COMM_MULTILANE_P9/build/p9_ps_vitis_workspace/p9_platform/export/p9_platform/sw/p9_platform/standalone_domain/bsplib/lib\libxil.a(boot.o)
 .debug_line    0x00000000000029b3       0x79 C:/Users/user/Documents/RF_COMM_MULTILANE_P9/build/p9_ps_vitis_workspace/p9_platform/export/p9_platform/sw/p9_platform/standalone_domain/bsplib/lib\libxil.a(vectors.o)
 .debug_line    0x0000000000002a2c      0xeee C:/Users/user/Documents/RF_COMM_MULTILANE_P9/build/p9_ps_vitis_workspace/p9_platform/export/p9_platform/sw/p9_platform/standalone_domain/bsplib/lib\libxil.a(xaxidma.o)
 .debug_line    0x000000000000391a      0x2c0 C:/Users/user/Documents/RF_COMM_MULTILANE_P9/build/p9_ps_vitis_workspace/p9_platform/export/p9_platform/sw/p9_platform/standalone_domain/bsplib/lib\libxil.a(xaxidma_bd.o)
 .debug_line    0x0000000000003bda     0x121c C:/Users/user/Documents/RF_COMM_MULTILANE_P9/build/p9_ps_vitis_workspace/p9_platform/export/p9_platform/sw/p9_platform/standalone_domain/bsplib/lib\libxil.a(xaxidma_bdring.o)
 .debug_line    0x0000000000004df6      0x17f C:/Users/user/Documents/RF_COMM_MULTILANE_P9/build/p9_ps_vitis_workspace/p9_platform/export/p9_platform/sw/p9_platform/standalone_domain/bsplib/lib\libxil.a(xaxidma_sinit.o)
 .debug_line    0x0000000000004f75       0x61 C:/Users/user/Documents/RF_COMM_MULTILANE_P9/build/p9_ps_vitis_workspace/p9_platform/export/p9_platform/sw/p9_platform/standalone_domain/bsplib/lib\libxil.a(xil-crt0.o)
 .debug_line    0x0000000000004fd6     0x1973 C:/Users/user/Documents/RF_COMM_MULTILANE_P9/build/p9_ps_vitis_workspace/p9_platform/export/p9_platform/sw/p9_platform/standalone_domain/bsplib/lib\libxil.a(xil_cache.o)
 .debug_line    0x0000000000006949      0x22e C:/Users/user/Documents/RF_COMM_MULTILANE_P9/build/p9_ps_vitis_workspace/p9_platform/export/p9_platform/sw/p9_platform/standalone_domain/bsplib/lib\libxil.a(xil_exception.o)
 .debug_line    0x0000000000006b77      0x835 C:/Users/user/Documents/RF_COMM_MULTILANE_P9/build/p9_ps_vitis_workspace/p9_platform/export/p9_platform/sw/p9_platform/standalone_domain/bsplib/lib\libxil.a(xil_printf.o)
 .debug_line    0x00000000000073ac      0x149 C:/Users/user/Documents/RF_COMM_MULTILANE_P9/build/p9_ps_vitis_workspace/p9_platform/export/p9_platform/sw/p9_platform/standalone_domain/bsplib/lib\libxil.a(xil_sleepcommon.o)
 .debug_line    0x00000000000074f5      0x25e C:/Users/user/Documents/RF_COMM_MULTILANE_P9/build/p9_ps_vitis_workspace/p9_platform/export/p9_platform/sw/p9_platform/standalone_domain/bsplib/lib\libxil.a(xtime_l.o)
 .debug_line    0x0000000000007753       0x53 C:/Users/user/Documents/RF_COMM_MULTILANE_P9/build/p9_ps_vitis_workspace/p9_platform/export/p9_platform/sw/p9_platform/standalone_domain/bsplib/lib\libxil.a(cpu_init.o)
 .debug_line    0x00000000000077a6      0x15c C:/Users/user/Documents/RF_COMM_MULTILANE_P9/build/p9_ps_vitis_workspace/p9_platform/export/p9_platform/sw/p9_platform/standalone_domain/bsplib/lib\libxil.a(outbyte.o)
 .debug_line    0x0000000000007902      0x163 C:/Users/user/Documents/RF_COMM_MULTILANE_P9/build/p9_ps_vitis_workspace/p9_platform/export/p9_platform/sw/p9_platform/standalone_domain/bsplib/lib\libxil.a(sleep.o)
 .debug_line    0x0000000000007a65      0x165 C:/Users/user/Documents/RF_COMM_MULTILANE_P9/build/p9_ps_vitis_workspace/p9_platform/export/p9_platform/sw/p9_platform/standalone_domain/bsplib/lib\libxil.a(usleep.o)
 .debug_line    0x0000000000007bca      0x136 C:/Users/user/Documents/RF_COMM_MULTILANE_P9/build/p9_ps_vitis_workspace/p9_platform/export/p9_platform/sw/p9_platform/standalone_domain/bsplib/lib\libxil.a(xaxidma_g.o)
 .debug_line    0x0000000000007d00      0x191 C:/Users/user/Documents/RF_COMM_MULTILANE_P9/build/p9_ps_vitis_workspace/p9_platform/export/p9_platform/sw/p9_platform/standalone_domain/bsplib/lib\libxil.a(xcoresightpsdcc.o)
 .debug_line    0x0000000000007e91       0xca C:/Users/user/Documents/RF_COMM_MULTILANE_P9/build/p9_ps_vitis_workspace/p9_platform/export/p9_platform/sw/p9_platform/standalone_domain/bsplib/lib\libxil.a(_exit.o)
 .debug_line    0x0000000000007f5b      0x175 C:/Users/user/Documents/RF_COMM_MULTILANE_P9/build/p9_ps_vitis_workspace/p9_platform/export/p9_platform/sw/p9_platform/standalone_domain/bsplib/lib\libxil.a(_sbrk.o)

.debug_str      0x0000000000000000    0x1812b
 .debug_str     0x0000000000000000     0x666b ./src/p9_crypto.o
                                       0x6890 (size before relaxing)
 .debug_str     0x000000000000666b    0x10cac ./src/p9_runtime_main.o
                                      0x1756e (size before relaxing)
 .debug_str     0x0000000000017317       0xb9 C:/Users/user/Documents/RF_COMM_MULTILANE_P9/build/p9_ps_vitis_workspace/p9_platform/export/p9_platform/sw/p9_platform/standalone_domain/bsplib/lib\libxil.a(boot.o)
 .debug_str     0x00000000000173d0      0x136 C:/Users/user/Documents/RF_COMM_MULTILANE_P9/build/p9_ps_vitis_workspace/p9_platform/export/p9_platform/sw/p9_platform/standalone_domain/bsplib/lib\libxil.a(vectors.o)
                                        0x277 (size before relaxing)
 .debug_str     0x0000000000017506      0x1a3 C:/Users/user/Documents/RF_COMM_MULTILANE_P9/build/p9_ps_vitis_workspace/p9_platform/export/p9_platform/sw/p9_platform/standalone_domain/bsplib/lib\libxil.a(xaxidma.o)
                                        0x5b7 (size before relaxing)
 .debug_str     0x00000000000176a9       0xa0 C:/Users/user/Documents/RF_COMM_MULTILANE_P9/build/p9_ps_vitis_workspace/p9_platform/export/p9_platform/sw/p9_platform/standalone_domain/bsplib/lib\libxil.a(xaxidma_bd.o)
                                        0x30b (size before relaxing)
 .debug_str     0x0000000000017749      0x157 C:/Users/user/Documents/RF_COMM_MULTILANE_P9/build/p9_ps_vitis_workspace/p9_platform/export/p9_platform/sw/p9_platform/standalone_domain/bsplib/lib\libxil.a(xaxidma_bdring.o)
                                        0x5e7 (size before relaxing)
 .debug_str     0x00000000000178a0       0x51 C:/Users/user/Documents/RF_COMM_MULTILANE_P9/build/p9_ps_vitis_workspace/p9_platform/export/p9_platform/sw/p9_platform/standalone_domain/bsplib/lib\libxil.a(xaxidma_sinit.o)
                                        0x336 (size before relaxing)
 .debug_str     0x00000000000178f1        0xb C:/Users/user/Documents/RF_COMM_MULTILANE_P9/build/p9_ps_vitis_workspace/p9_platform/export/p9_platform/sw/p9_platform/standalone_domain/bsplib/lib\libxil.a(xil-crt0.o)
                                         0xbd (size before relaxing)
 .debug_str     0x00000000000178fc      0x40c C:/Users/user/Documents/RF_COMM_MULTILANE_P9/build/p9_ps_vitis_workspace/p9_platform/export/p9_platform/sw/p9_platform/standalone_domain/bsplib/lib\libxil.a(xil_cache.o)
                                        0x6ae (size before relaxing)
 .debug_str     0x0000000000017d08      0x137 C:/Users/user/Documents/RF_COMM_MULTILANE_P9/build/p9_ps_vitis_workspace/p9_platform/export/p9_platform/sw/p9_platform/standalone_domain/bsplib/lib\libxil.a(xil_exception.o)
                                        0x355 (size before relaxing)