STARTED_UTC=2026-07-26T09:11:30.249152+00:00
FINISHED_UTC=2026-07-26T09:11:34.478018+00:00
RETURN_CODE=0
COMMANDS=D:\Xilinx\Vivado\2023.1\bin\xvlog.bat -sv -i C:\Users\user\Documents\RF_COMM_MULTILANE_P9\rtl C:\Users\user\Documents\RF_COMM_MULTILANE_P9\rtl\platform\axi_dma_adapter.sv C:\Users\user\Documents\RF_COMM_MULTILANE_P9\sim\tb\tb_axi_dma_adapter.sv && D:\Xilinx\Vivado\2023.1\bin\xelab.bat tb_axi_dma_adapter -s tb_axi_dma_adapter_snapshot && D:\Xilinx\Vivado\2023.1\bin\xsim.bat tb_axi_dma_adapter_snapshot -runall
STDOUT_BEGIN
INFO: [VRFC 10-2263] Analyzing SystemVerilog file "C:/Users/user/Documents/RF_COMM_MULTILANE_P9/rtl/platform/axi_dma_adapter.sv" into library work
INFO: [VRFC 10-311] analyzing module axi_dma_adapter
INFO: [VRFC 10-2263] Analyzing SystemVerilog file "C:/Users/user/Documents/RF_COMM_MULTILANE_P9/sim/tb/tb_axi_dma_adapter.sv" into library work
INFO: [VRFC 10-311] analyzing module tb_axi_dma_adapter
Vivado Simulator v2023.1
Copyright 1986-2022 Xilinx, Inc. All Rights Reserved.
Copyright 2022-2023 Advanced Micro Devices, Inc. All Rights Reserved.
Running: D:/Xilinx/Vivado/2023.1/bin/unwrapped/win64.o/xelab.exe tb_axi_dma_adapter -s tb_axi_dma_adapter_snapshot 
Multi-threading is on. Using 26 slave threads.
Starting static elaboration
Pass Through NonSizing Optimizer
Completed static elaboration
Starting simulation data flow analysis
Completed simulation data flow analysis
Time Resolution for simulation is 1ps
Compiling module work.axi_dma_adapter
Compiling module work.tb_axi_dma_adapter
Built simulation snapshot tb_axi_dma_adapter_snapshot

****** xsim v2023.1 (64-bit)
  **** SW Build 3865809 on Sun May  7 15:05:29 MDT 2023
  **** IP Build 3864474 on Sun May  7 20:36:21 MDT 2023
  **** SharedData Build 3865790 on Sun May 07 13:33:03 MDT 2023
    ** Copyright 1986-2022 Xilinx, Inc. All Rights Reserved.
    ** Copyright 2022-2023 Advanced Micro Devices, Inc. All Rights Reserved.

source xsim.dir/tb_axi_dma_adapter_snapshot/xsim_script.tcl
# xsim {tb_axi_dma_adapter_snapshot} -autoloadwcfg -runall
Time resolution is 1 ps
run -all
P8E_AXI_DMA_TLAST_TKEEP_BACKPRESSURE_PASS=1
P8E_AXI_DMA_DESCRIPTOR_COMPLETION_PASS=1
P8E_AXI_DMA_RESET_ABORT_STALE_REJECT_PASS=1
TB_AXI_DMA_ADAPTER_PASS=1
$finish called at time : 226 ns : File "C:/Users/user/Documents/RF_COMM_MULTILANE_P9/sim/tb/tb_axi_dma_adapter.sv" Line 96
exit
INFO: [Common 17-206] Exiting xsim at Sun Jul 26 17:11:34 2026...

STDOUT_END
STDERR_BEGIN

STDERR_END
