P7_PS_MODE=stationary
P7_EXECUTION_SCOPE=P7_STAGE66_DIAGNOSTIC_STAGE
P7_RUN_ID=p7_20260717_stationary_app_r73_diag_stage66_c07
P7_STATIONARY_FAULT_MODEL=SOFTWARE_INJECTED_BIDIRECTIONAL_CONTROLLED_FALLBACK
P7_XSDB_DAP_DISTINCT_TARGET_COUNT=0
P7_XSDB_APU_DISTINCT_TARGET_COUNT=1
P7_XSDB_FPGA_DISTINCT_TARGET_COUNT=1
P7_XSDB_CPU0_DISTINCT_TARGET_COUNT=1
P7_XSDB_CABLE_ROOT_COUNT=1
P7_XSDB_JTAG_DEVICE_COUNT=2
P7_PS_RESET_TARGET=APU
P7_HW_TARGET=localhost:3121/xilinx_tcf/Digilent/210512180081
P7_HW_PART=xc7z010clg400-1
P7_HW_CANONICAL_PART=xc7z010clg400-1
P7_HW_LIVE_PART=xc7z010
P7_HW_LIVE_DEVICE=xc7z010_1
P7_HW_LIVE_IDCODE=00010011011100100010000010010011
P7_HW_BOARD_ID=210512180081
P7_XSDB_LIVE_DEVICE=xc7z010
P7_XSDB_LIVE_DEVICE_MATCH=1
P7_XSDB_LIVE_BOARD_ID=210512180081
P7_XSDB_LIVE_IDCODE=0x13722093
P7_XSDB_PREFLIGHT_IDCODE=00010011011100100010000010010011
P7_XSDB_TARGET_SELECTION=EXACT_CABLE_DEVICE_IDCODE_AND_UNIQUE_NODE_IDS
P7_PS_CANDIDATE_PROGRAMMED=1
P7_HOST_TO_PS_INPUT_BYTES=2428928
P7_HOST_TO_PS_INPUT_DURATION_MS=39603
P7_HOST_TO_PS_INPUT_BYTES_PER_SEC=61331
P7_HOST_TO_PS_INPUT_BPS=490655
P7_PS_ELF_DOWNLOADED=1
P7_PS_SERVICE_READY_POLLS=3
P7_PS_SERVICE_HEARTBEAT_AND_START_TICKS=1
P7_STATIONARY_SERVICE_READY_ACTIVE=1
P7_STATIONARY_PRIMARY_TIME_SOURCE=PS_RUNTIME_ELAPSED_TICKS
P7_STATIONARY_HOST_TIME_ROLE=INDEPENDENT_WATCHDOG_AND_INPUT_PRELOAD
P7_STATIONARY_RUNTIME_START_TICKS=80966
P7_STATIONARY_READY_DRAIN_GUARD_SECONDS=300
P7_STATIONARY_READY_PUBLISH_GUARD_TICKS=100000002900
P7_STATIONARY_READY_PUBLISH_CUTOFF_TICKS=480000013920
P7_STATIONARY_SAMPLE_SEMANTICS=FIXED_PS_THRESHOLDS_FROM_IMMUTABLE_TERMINAL_END_TICKS
P7_STATIONARY_ROLLING_GOODPUT_WINDOW_SECONDS=300
P7_SAMPLE_00001=ELAPSED_30.000,ELAPSED_TICKS_10000000290,WINDOW_CALIBRATION,OBJECTS_0,FAILED_0,BYTES_HI_00000000,BYTES_LO_00000000,FRAGMENTS_0,LANE0_0,LANE1_0,REPLICATED_0,FALLBACKS_0,P6_RETRIES_0,P6_RETRY_EXHAUSTED_0,P6_TX_FAIL_0,P6_CRC_BAD_0,P6_PAYLOAD_MISMATCH_0,MAX_TXD_HIGH_0,DUTY_VIOLATIONS_0,QUEUE_OCCUPANCY_0,QUEUE_HIGH_0,BACKPRESSURE_0,QUEUE_OBS_NOT_BEFORE_TICKS_10121747881,CURRENT_BPS_0,ROLLING_BPS_0,LATENCY_COUNT_0,LATENCY_MIN_TICKS_0,LATENCY_MEAN_TICKS_0,LATENCY_P50_TICKS_0,LATENCY_P95_TICKS_0,LATENCY_P99_TICKS_0,LATENCY_MAX_TICKS_0,LAST_OBJECT_0
P7_STATIONARY_OBJECT_00000001=SLOT_0,GEN_0,SESSION_50370001,OBJECT_1,STATUS_3,ERROR_0,BYTES_1048576,FRAGMENTS_4878/4878,ATTEMPTS_4878,FALLBACKS_0,OUTSHA_FCD7923CBB8E709738F05BA8C318A4DF5C27C0451A987689FAC429A17B292737,P6_RETRY_COUNT_0,P6_RETRY_EXHAUSTED_0,P6_TX_FAIL_0,P6_CRC_BAD_0,P6_PAYLOAD_MISMATCH_0,MAX_TXD_HIGH_CYCLES_8,DUTY_VIOLATIONS_0,LANE0_4878,LANE1_0,REPLICATED_0,START_TICKS_115257900,END_TICKS_18209024317,COMPLETION_SEQUENCE_1
P7_STATIONARY_TERMINAL_BUNDLE_00000001_CAPTURED=1
P7_STATIONARY_OBJECT_00000002=SLOT_1,GEN_0,SESSION_50370001,OBJECT_2,STATUS_3,ERROR_0,BYTES_65536,FRAGMENTS_305/305,ATTEMPTS_305,FALLBACKS_1,OUTSHA_DD5CDD301ADFF15138B402AB190A143E8FF5FFED2D5E2FD24C3140FB652F11FF,P6_RETRY_COUNT_0,P6_RETRY_EXHAUSTED_0,P6_TX_FAIL_0,P6_CRC_BAD_0,P6_PAYLOAD_MISMATCH_0,MAX_TXD_HIGH_CYCLES_8,DUTY_VIOLATIONS_0,LANE0_1,LANE1_304,REPLICATED_0,START_TICKS_18209108739,END_TICKS_19742773441,COMPLETION_SEQUENCE_2
P7_STATIONARY_TERMINAL_BUNDLE_00000002_CAPTURED=1
P7_STATIONARY_OBJECT_00000003=SLOT_2,GEN_0,SESSION_50370001,OBJECT_3,STATUS_3,ERROR_0,BYTES_65536,FRAGMENTS_305/305,ATTEMPTS_305,FALLBACKS_1,OUTSHA_0765B0D1A9F493355595772F5A2EBAAF700D4D2CC7D8A781729A9771A380754F,P6_RETRY_COUNT_0,P6_RETRY_EXHAUSTED_0,P6_TX_FAIL_0,P6_CRC_BAD_0,P6_PAYLOAD_MISMATCH_0,MAX_TXD_HIGH_CYCLES_8,DUTY_VIOLATIONS_0,LANE0_304,LANE1_1,REPLICATED_0,START_TICKS_19742857774,END_TICKS_21677354116,COMPLETION_SEQUENCE_3
P7_STATIONARY_TERMINAL_BUNDLE_00000003_CAPTURED=1
P7_STATIONARY_OBJECT_00000004=SLOT_3,GEN_0,SESSION_50370001,OBJECT_4,STATUS_3,ERROR_0,BYTES_65536,FRAGMENTS_305/305,ATTEMPTS_305,FALLBACKS_0,OUTSHA_7DACA2095D0438260FA849183DFC67FAA459FDF4936E1BC91EEC6B281B27E4C2,P6_RETRY_COUNT_0,P6_RETRY_EXHAUSTED_0,P6_TX_FAIL_0,P6_CRC_BAD_0,P6_PAYLOAD_MISMATCH_0,MAX_TXD_HIGH_CYCLES_8,DUTY_VIOLATIONS_0,LANE0_0,LANE1_305,REPLICATED_0,START_TICKS_21677438443,END_TICKS_23661415441,COMPLETION_SEQUENCE_4
P7_STATIONARY_TERMINAL_BUNDLE_00000004_CAPTURED=1
P7_SAMPLE_00002=ELAPSED_60.000,ELAPSED_TICKS_20000000580,WINDOW_CALIBRATION,OBJECTS_2,FAILED_0,BYTES_HI_00000000,BYTES_LO_00110000,FRAGMENTS_5183,LANE0_4879,LANE1_304,REPLICATED_0,FALLBACKS_1,P6_RETRIES_0,P6_RETRY_EXHAUSTED_0,P6_TX_FAIL_0,P6_CRC_BAD_0,P6_PAYLOAD_MISMATCH_0,MAX_TXD_HIGH_8,DUTY_VIOLATIONS_0,QUEUE_OCCUPANCY_8,QUEUE_HIGH_8,BACKPRESSURE_1,QUEUE_OBS_NOT_BEFORE_TICKS_43257687097,CURRENT_BPS_148548,ROLLING_BPS_148548,LATENCY_COUNT_2,LATENCY_MIN_TICKS_1533664702,LATENCY_MEAN_TICKS_9813715559,LATENCY_P50_TICKS_1533664702,LATENCY_P95_TICKS_18093766417,LATENCY_P99_TICKS_18093766417,LATENCY_MAX_TICKS_18093766417,LAST_OBJECT_2
P7_SAMPLE_00003=ELAPSED_90.000,ELAPSED_TICKS_30000000870,WINDOW_CALIBRATION,OBJECTS_4,FAILED_0,BYTES_HI_00000000,BYTES_LO_00130000,FRAGMENTS_5793,LANE0_5183,LANE1_610,REPLICATED_0,FALLBACKS_2,P6_RETRIES_0,P6_RETRY_EXHAUSTED_0,P6_TX_FAIL_0,P6_CRC_BAD_0,P6_PAYLOAD_MISMATCH_0,MAX_TXD_HIGH_8,DUTY_VIOLATIONS_0,QUEUE_OCCUPANCY_8,QUEUE_HIGH_8,BACKPRESSURE_1,QUEUE_OBS_NOT_BEFORE_TICKS_43257687097,CURRENT_BPS_110683,ROLLING_BPS_110683,LATENCY_COUNT_2,LATENCY_MIN_TICKS_1934496342,LATENCY_MEAN_TICKS_1959236670,LATENCY_P50_TICKS_1934496342,LATENCY_P95_TICKS_1983976998,LATENCY_P99_TICKS_1983976998,LATENCY_MAX_TICKS_1983976998,LAST_OBJECT_4
P7_SAMPLE_00004=ELAPSED_120.000,ELAPSED_TICKS_40000001160,WINDOW_CALIBRATION,OBJECTS_4,FAILED_0,BYTES_HI_00000000,BYTES_LO_00130000,FRAGMENTS_5793,LANE0_5183,LANE1_610,REPLICATED_0,FALLBACKS_2,P6_RETRIES_0,P6_RETRY_EXHAUSTED_0,P6_TX_FAIL_0,P6_CRC_BAD_0,P6_PAYLOAD_MISMATCH_0,MAX_TXD_HIGH_8,DUTY_VIOLATIONS_0,QUEUE_OCCUPANCY_8,QUEUE_HIGH_8,BACKPRESSURE_1,QUEUE_OBS_NOT_BEFORE_TICKS_43257687097,CURRENT_BPS_83012,ROLLING_BPS_83012,LATENCY_COUNT_0,LATENCY_MIN_TICKS_0,LATENCY_MEAN_TICKS_0,LATENCY_P50_TICKS_0,LATENCY_P95_TICKS_0,LATENCY_P99_TICKS_0,LATENCY_MAX_TICKS_0,LAST_OBJECT_4
P7_SAMPLE_00005=ELAPSED_150.000,ELAPSED_TICKS_50000001450,WINDOW_CALIBRATION,OBJECTS_4,FAILED_0,BYTES_HI_00000000,BYTES_LO_00130000,FRAGMENTS_5793,LANE0_5183,LANE1_610,REPLICATED_0,FALLBACKS_2,P6_RETRIES_0,P6_RETRY_EXHAUSTED_0,P6_TX_FAIL_0,P6_CRC_BAD_0,P6_PAYLOAD_MISMATCH_0,MAX_TXD_HIGH_8,DUTY_VIOLATIONS_0,QUEUE_OCCUPANCY_8,QUEUE_HIGH_8,BACKPRESSURE_1,QUEUE_OBS_NOT_BEFORE_TICKS_50106464353,CURRENT_BPS_66409,ROLLING_BPS_66409,LATENCY_COUNT_0,LATENCY_MIN_TICKS_0,LATENCY_MEAN_TICKS_0,LATENCY_P50_TICKS_0,LATENCY_P95_TICKS_0,LATENCY_P99_TICKS_0,LATENCY_MAX_TICKS_0,LAST_OBJECT_4
P7_STATIONARY_OBJECT_00000005=SLOT_4,GEN_0,SESSION_50370001,OBJECT_5,STATUS_3,ERROR_0,BYTES_1048576,FRAGMENTS_4878/4878,ATTEMPTS_4878,FALLBACKS_0,OUTSHA_95647E4A543FC103FFBD0D4B0CFFCBDCCB1B304581D7E609CC4D7C909491E259,P6_RETRY_COUNT_0,P6_RETRY_EXHAUSTED_0,P6_TX_FAIL_0,P6_CRC_BAD_0,P6_PAYLOAD_MISMATCH_0,MAX_TXD_HIGH_CYCLES_8,DUTY_VIOLATIONS_0,LANE0_4878,LANE1_4878,REPLICATED_4878,START_TICKS_23661499761,END_TICKS_54734212069,COMPLETION_SEQUENCE_5
P7_STATIONARY_TERMINAL_BUNDLE_00000005_CAPTURED=1
P7_STATIONARY_OBJECT_00000006=SLOT_5,GEN_0,SESSION_50370001,OBJECT_6,STATUS_3,ERROR_0,BYTES_4096,FRAGMENTS_20/20,ATTEMPTS_20,FALLBACKS_0,OUTSHA_FEB07BD82EE49AD03FA5AD02148220E679C7457A8961CB23D1CEB146CE8D6C77,P6_RETRY_COUNT_0,P6_RETRY_EXHAUSTED_0,P6_TX_FAIL_0,P6_CRC_BAD_0,P6_PAYLOAD_MISMATCH_0,MAX_TXD_HIGH_CYCLES_8,DUTY_VIOLATIONS_0,LANE0_10,LANE1_10,REPLICATED_0,START_TICKS_54734296392,END_TICKS_54807924265,COMPLETION_SEQUENCE_6
P7_STATIONARY_TERMINAL_BUNDLE_00000006_CAPTURED=1
P7_STATIONARY_OBJECT_00000007=SLOT_6,GEN_0,SESSION_50370001,OBJECT_7,STATUS_3,ERROR_0,BYTES_65536,FRAGMENTS_305/305,ATTEMPTS_305,FALLBACKS_0,OUTSHA_9DA06F7DA81A794CD2F75205391C6EDE1C44A6E14752AB6AFA5661982268B7DD,P6_RETRY_COUNT_0,P6_RETRY_EXHAUSTED_0,P6_TX_FAIL_0,P6_CRC_BAD_0,P6_PAYLOAD_MISMATCH_0,MAX_TXD_HIGH_CYCLES_8,DUTY_VIOLATIONS_0,LANE0_305,LANE1_0,REPLICATED_0,START_TICKS_54808008556,END_TICKS_56466447442,COMPLETION_SEQUENCE_7
P7_STATIONARY_TERMINAL_BUNDLE_00000007_CAPTURED=1
P7_STATIONARY_OBJECT_00000008=SLOT_7,GEN_0,SESSION_50370001,OBJECT_8,STATUS_3,ERROR_0,BYTES_65536,FRAGMENTS_305/305,ATTEMPTS_305,FALLBACKS_0,OUTSHA_7DACA2095D0438260FA849183DFC67FAA459FDF4936E1BC91EEC6B281B27E4C2,P6_RETRY_COUNT_0,P6_RETRY_EXHAUSTED_0,P6_TX_FAIL_0,P6_CRC_BAD_0,P6_PAYLOAD_MISMATCH_0,MAX_TXD_HIGH_CYCLES_8,DUTY_VIOLATIONS_0,LANE0_0,LANE1_305,REPLICATED_0,START_TICKS_56466531778,END_TICKS_58540835668,COMPLETION_SEQUENCE_8
P7_STATIONARY_TERMINAL_BUNDLE_00000008_CAPTURED=1
P7_SAMPLE_00006=ELAPSED_180.000,ELAPSED_TICKS_60000001740,WINDOW_CALIBRATION,OBJECTS_8,FAILED_0,BYTES_HI_00000000,BYTES_LO_00251000,FRAGMENTS_11301,LANE0_10376,LANE1_5803,REPLICATED_4878,FALLBACKS_2,P6_RETRIES_0,P6_RETRY_EXHAUSTED_0,P6_TX_FAIL_0,P6_CRC_BAD_0,P6_PAYLOAD_MISMATCH_0,MAX_TXD_HIGH_8,DUTY_VIOLATIONS_0,QUEUE_OCCUPANCY_8,QUEUE_HIGH_8,BACKPRESSURE_1,QUEUE_OBS_NOT_BEFORE_TICKS_78733861103,CURRENT_BPS_107952,ROLLING_BPS_107952,LATENCY_COUNT_4,LATENCY_MIN_TICKS_73627873,LATENCY_MEAN_TICKS_8719770739,LATENCY_P50_TICKS_1658438886,LATENCY_P95_TICKS_31072712308,LATENCY_P99_TICKS_31072712308,LATENCY_MAX_TICKS_31072712308,LAST_OBJECT_8
P7_SAMPLE_00007=ELAPSED_210.000,ELAPSED_TICKS_70000002030,WINDOW_CALIBRATION,OBJECTS_8,FAILED_0,BYTES_HI_00000000,BYTES_LO_00251000,FRAGMENTS_11301,LANE0_10376,LANE1_5803,REPLICATED_4878,FALLBACKS_2,P6_RETRIES_0,P6_RETRY_EXHAUSTED_0,P6_TX_FAIL_0,P6_CRC_BAD_0,P6_PAYLOAD_MISMATCH_0,MAX_TXD_HIGH_8,DUTY_VIOLATIONS_0,QUEUE_OCCUPANCY_8,QUEUE_HIGH_8,BACKPRESSURE_1,QUEUE_OBS_NOT_BEFORE_TICKS_78733861103,CURRENT_BPS_92530,ROLLING_BPS_92530,LATENCY_COUNT_0,LATENCY_MIN_TICKS_0,LATENCY_MEAN_TICKS_0,LATENCY_P50_TICKS_0,LATENCY_P95_TICKS_0,LATENCY_P99_TICKS_0,LATENCY_MAX_TICKS_0,LAST_OBJECT_8
P7_SAMPLE_00008=ELAPSED_240.000,ELAPSED_TICKS_80000002320,WINDOW_CALIBRATION,OBJECTS_8,FAILED_0,BYTES_HI_00000000,BYTES_LO_00251000,FRAGMENTS_11301,LANE0_10376,LANE1_5803,REPLICATED_4878,FALLBACKS_2,P6_RETRIES_0,P6_RETRY_EXHAUSTED_0,P6_TX_FAIL_0,P6_CRC_BAD_0,P6_PAYLOAD_MISMATCH_0,MAX_TXD_HIGH_8,DUTY_VIOLATIONS_0,QUEUE_OCCUPANCY_8,QUEUE_HIGH_8,BACKPRESSURE_1,QUEUE_OBS_NOT_BEFORE_TICKS_80079597446,CURRENT_BPS_80964,ROLLING_BPS_80964,LATENCY_COUNT_0,LATENCY_MIN_TICKS_0,LATENCY_MEAN_TICKS_0,LATENCY_P50_TICKS_0,LATENCY_P95_TICKS_0,LATENCY_P99_TICKS_0,LATENCY_MAX_TICKS_0,LAST_OBJECT_8
P7_STATIONARY_OBJECT_00000009=SLOT_0,GEN_1,SESSION_50370001,OBJECT_1001,STATUS_3,ERROR_0,BYTES_1048576,FRAGMENTS_4878/4878,ATTEMPTS_4878,FALLBACKS_0,OUTSHA_FCD7923CBB8E709738F05BA8C318A4DF5C27C0451A987689FAC429A17B292737,P6_RETRY_COUNT_0,P6_RETRY_EXHAUSTED_0,P6_TX_FAIL_0,P6_CRC_BAD_0,P6_PAYLOAD_MISMATCH_0,MAX_TXD_HIGH_CYCLES_8,DUTY_VIOLATIONS_0,LANE0_4878,LANE1_0,REPLICATED_0,START_TICKS_58540920064,END_TICKS_89395229041,COMPLETION_SEQUENCE_9
P7_STATIONARY_TERMINAL_BUNDLE_00000009_CAPTURED=1
P7_STATIONARY_OBJECT_00000010=SLOT_1,GEN_1,SESSION_50370001,OBJECT_1002,STATUS_3,ERROR_0,BYTES_65536,FRAGMENTS_305/305,ATTEMPTS_305,FALLBACKS_1,OUTSHA_DD5CDD301ADFF15138B402AB190A143E8FF5FFED2D5E2FD24C3140FB652F11FF,P6_RETRY_COUNT_0,P6_RETRY_EXHAUSTED_0,P6_TX_FAIL_0,P6_CRC_BAD_0,P6_PAYLOAD_MISMATCH_0,MAX_TXD_HIGH_CYCLES_8,DUTY_VIOLATIONS_0,LANE0_1,LANE1_304,REPLICATED_0,START_TICKS_89395313367,END_TICKS_91181598040,COMPLETION_SEQUENCE_10
P7_STATIONARY_TERMINAL_BUNDLE_00000010_CAPTURED=1
P7_STATIONARY_OBJECT_00000011=SLOT_2,GEN_1,SESSION_50370001,OBJECT_1003,STATUS_3,ERROR_0,BYTES_65536,FRAGMENTS_305/305,ATTEMPTS_305,FALLBACKS_1,OUTSHA_0765B0D1A9F493355595772F5A2EBAAF700D4D2CC7D8A781729A9771A380754F,P6_RETRY_COUNT_0,P6_RETRY_EXHAUSTED_0,P6_TX_FAIL_0,P6_CRC_BAD_0,P6_PAYLOAD_MISMATCH_0,MAX_TXD_HIGH_CYCLES_8,DUTY_VIOLATIONS_0,LANE0_304,LANE1_1,REPLICATED_0,START_TICKS_91181682378,END_TICKS_93420467118,COMPLETION_SEQUENCE_11
P7_STATIONARY_TERMINAL_BUNDLE_00000011_CAPTURED=1
P7_STATIONARY_OBJECT_00000012=SLOT_3,GEN_1,SESSION_50370001,OBJECT_1004,STATUS_3,ERROR_0,BYTES_65536,FRAGMENTS_305/305,ATTEMPTS_305,FALLBACKS_0,OUTSHA_7DACA2095D0438260FA849183DFC67FAA459FDF4936E1BC91EEC6B281B27E4C2,P6_RETRY_COUNT_0,P6_RETRY_EXHAUSTED_0,P6_TX_FAIL_0,P6_CRC_BAD_0,P6_PAYLOAD_MISMATCH_0,MAX_TXD_HIGH_CYCLES_8,DUTY_VIOLATIONS_0,LANE0_0,LANE1_305,REPLICATED_0,START_TICKS_93420551452,END_TICKS_95513224201,COMPLETION_SEQUENCE_12
P7_STATIONARY_TERMINAL_BUNDLE_00000012_CAPTURED=1
P7_SAMPLE_00009=ELAPSED_270.000,ELAPSED_TICKS_90000002610,WINDOW_CALIBRATION,OBJECTS_9,FAILED_0,BYTES_HI_00000000,BYTES_LO_00351000,FRAGMENTS_16179,LANE0_15254,LANE1_5803,REPLICATED_4878,FALLBACKS_2,P6_RETRIES_0,P6_RETRY_EXHAUSTED_0,P6_TX_FAIL_0,P6_CRC_BAD_0,P6_PAYLOAD_MISMATCH_0,MAX_TXD_HIGH_8,DUTY_VIOLATIONS_0,QUEUE_OCCUPANCY_8,QUEUE_HIGH_8,BACKPRESSURE_1,QUEUE_OBS_NOT_BEFORE_TICKS_113840233261,CURRENT_BPS_103037,ROLLING_BPS_103037,LATENCY_COUNT_1,LATENCY_MIN_TICKS_30854308977,LATENCY_MEAN_TICKS_30854308977,LATENCY_P50_TICKS_30854308977,LATENCY_P95_TICKS_30854308977,LATENCY_P99_TICKS_30854308977,LATENCY_MAX_TICKS_30854308977,LAST_OBJECT_1001
P7_SAMPLE_00010=ELAPSED_300.000,ELAPSED_TICKS_100000002900,WINDOW_CALIBRATION,OBJECTS_12,FAILED_0,BYTES_HI_00000000,BYTES_LO_00381000,FRAGMENTS_17094,LANE0_15559,LANE1_6413,REPLICATED_4878,FALLBACKS_4,P6_RETRIES_0,P6_RETRY_EXHAUSTED_0,P6_TX_FAIL_0,P6_CRC_BAD_0,P6_PAYLOAD_MISMATCH_0,MAX_TXD_HIGH_8,DUTY_VIOLATIONS_0,QUEUE_OCCUPANCY_8,QUEUE_HIGH_8,BACKPRESSURE_1,QUEUE_OBS_NOT_BEFORE_TICKS_113840233261,CURRENT_BPS_97976,ROLLING_BPS_97976,LATENCY_COUNT_3,LATENCY_MIN_TICKS_1786284673,LATENCY_MEAN_TICKS_2039247387,LATENCY_P50_TICKS_2092672749,LATENCY_P95_TICKS_2238784740,LATENCY_P99_TICKS_2238784740,LATENCY_MAX_TICKS_2238784740,LAST_OBJECT_1004
P7_SAMPLE_00011=ELAPSED_330.000,ELAPSED_TICKS_110000003190,WINDOW_ACCEPTANCE,OBJECTS_12,FAILED_0,BYTES_HI_00000000,BYTES_LO_00381000,FRAGMENTS_17094,LANE0_15559,LANE1_6413,REPLICATED_4878,FALLBACKS_4,P6_RETRIES_0,P6_RETRY_EXHAUSTED_0,P6_TX_FAIL_0,P6_CRC_BAD_0,P6_PAYLOAD_MISMATCH_0,MAX_TXD_HIGH_8,DUTY_VIOLATIONS_0,QUEUE_OCCUPANCY_8,QUEUE_HIGH_8,BACKPRESSURE_1,QUEUE_OBS_NOT_BEFORE_TICKS_113840233261,CURRENT_BPS_89069,ROLLING_BPS_97976,LATENCY_COUNT_0,LATENCY_MIN_TICKS_0,LATENCY_MEAN_TICKS_0,LATENCY_P50_TICKS_0,LATENCY_P95_TICKS_0,LATENCY_P99_TICKS_0,LATENCY_MAX_TICKS_0,LAST_OBJECT_1004
P7_CALIBRATION_WINDOW_COMPLETE=1
P7_SAMPLE_00012=ELAPSED_360.000,ELAPSED_TICKS_120000003480,WINDOW_ACCEPTANCE,OBJECTS_12,FAILED_0,BYTES_HI_00000000,BYTES_LO_00381000,FRAGMENTS_17094,LANE0_15559,LANE1_6413,REPLICATED_4878,FALLBACKS_4,P6_RETRIES_0,P6_RETRY_EXHAUSTED_0,P6_TX_FAIL_0,P6_CRC_BAD_0,P6_PAYLOAD_MISMATCH_0,MAX_TXD_HIGH_8,DUTY_VIOLATIONS_0,QUEUE_OCCUPANCY_8,QUEUE_HIGH_8,BACKPRESSURE_1,QUEUE_OBS_NOT_BEFORE_TICKS_120107160511,CURRENT_BPS_81646,ROLLING_BPS_68266,LATENCY_COUNT_0,LATENCY_MIN_TICKS_0,LATENCY_MEAN_TICKS_0,LATENCY_P50_TICKS_0,LATENCY_P95_TICKS_0,LATENCY_P99_TICKS_0,LATENCY_MAX_TICKS_0,LAST_OBJECT_1004
P7_STATIONARY_OBJECT_00000013=SLOT_4,GEN_1,SESSION_50370001,OBJECT_1005,STATUS_3,ERROR_0,BYTES_1048576,FRAGMENTS_4878/4878,ATTEMPTS_4878,FALLBACKS_0,OUTSHA_95647E4A543FC103FFBD0D4B0CFFCBDCCB1B304581D7E609CC4D7C909491E259,P6_RETRY_COUNT_0,P6_RETRY_EXHAUSTED_0,P6_TX_FAIL_0,P6_CRC_BAD_0,P6_PAYLOAD_MISMATCH_0,MAX_TXD_HIGH_CYCLES_8,DUTY_VIOLATIONS_0,LANE0_4878,LANE1_4878,REPLICATED_4878,START_TICKS_95513308539,END_TICKS_126297801400,COMPLETION_SEQUENCE_13
P7_STATIONARY_TERMINAL_BUNDLE_00000013_CAPTURED=1
P7_STATIONARY_OBJECT_00000014=SLOT_5,GEN_1,SESSION_50370001,OBJECT_1006,STATUS_3,ERROR_0,BYTES_4096,FRAGMENTS_20/20,ATTEMPTS_20,FALLBACKS_0,OUTSHA_FEB07BD82EE49AD03FA5AD02148220E679C7457A8961CB23D1CEB146CE8D6C77,P6_RETRY_COUNT_0,P6_RETRY_EXHAUSTED_0,P6_TX_FAIL_0,P6_CRC_BAD_0,P6_PAYLOAD_MISMATCH_0,MAX_TXD_HIGH_CYCLES_8,DUTY_VIOLATIONS_0,LANE0_10,LANE1_10,REPLICATED_0,START_TICKS_126297885741,END_TICKS_126378337461,COMPLETION_SEQUENCE_14
P7_STATIONARY_TERMINAL_BUNDLE_00000014_CAPTURED=1
P7_STATIONARY_OBJECT_00000015=SLOT_6,GEN_1,SESSION_50370001,OBJECT_1007,STATUS_3,ERROR_0,BYTES_65536,FRAGMENTS_305/305,ATTEMPTS_305,FALLBACKS_0,OUTSHA_9DA06F7DA81A794CD2F75205391C6EDE1C44A6E14752AB6AFA5661982268B7DD,P6_RETRY_COUNT_0,P6_RETRY_EXHAUSTED_0,P6_TX_FAIL_0,P6_CRC_BAD_0,P6_PAYLOAD_MISMATCH_0,MAX_TXD_HIGH_CYCLES_8,DUTY_VIOLATIONS_0,LANE0_305,LANE1_0,REPLICATED_0,START_TICKS_126378421815,END_TICKS_128343224161,COMPLETION_SEQUENCE_15
P7_STATIONARY_TERMINAL_BUNDLE_00000015_CAPTURED=1
P7_STATIONARY_OBJECT_00000016=SLOT_7,GEN_1,SESSION_50370001,OBJECT_1008,STATUS_3,ERROR_0,BYTES_65536,FRAGMENTS_305/305,ATTEMPTS_305,FALLBACKS_0,OUTSHA_7DACA2095D0438260FA849183DFC67FAA459FDF4936E1BC91EEC6B281B27E4C2,P6_RETRY_COUNT_0,P6_RETRY_EXHAUSTED_0,P6_TX_FAIL_0,P6_CRC_BAD_0,P6_PAYLOAD_MISMATCH_0,MAX_TXD_HIGH_CYCLES_8,DUTY_VIOLATIONS_0,LANE0_0,LANE1_305,REPLICATED_0,START_TICKS_128343308533,END_TICKS_130460801641,COMPLETION_SEQUENCE_16
P7_STATIONARY_TERMINAL_BUNDLE_00000016_CAPTURED=1
P7_SAMPLE_00013=ELAPSED_390.000,ELAPSED_TICKS_130000003770,WINDOW_ACCEPTANCE,OBJECTS_15,FAILED_0,BYTES_HI_00000000,BYTES_LO_00492000,FRAGMENTS_22297,LANE0_20752,LANE1_11301,REPLICATED_9756,FALLBACKS_4,P6_RETRIES_0,P6_RETRY_EXHAUSTED_0,P6_TX_FAIL_0,P6_CRC_BAD_0,P6_PAYLOAD_MISMATCH_0,MAX_TXD_HIGH_8,DUTY_VIOLATIONS_0,QUEUE_OCCUPANCY_8,QUEUE_HIGH_8,BACKPRESSURE_1,QUEUE_OBS_NOT_BEFORE_TICKS_149948774285,CURRENT_BPS_98304,ROLLING_BPS_94590,LATENCY_COUNT_3,LATENCY_MIN_TICKS_80451720,LATENCY_MEAN_TICKS_10943248975,LATENCY_P50_TICKS_1964802346,LATENCY_P95_TICKS_30784492861,LATENCY_P99_TICKS_30784492861,LATENCY_MAX_TICKS_30784492861,LAST_OBJECT_1007
P7_SAMPLE_00014=ELAPSED_420.000,ELAPSED_TICKS_140000004060,WINDOW_ACCEPTANCE,OBJECTS_16,FAILED_0,BYTES_HI_00000000,BYTES_LO_004A2000,FRAGMENTS_22602,LANE0_20752,LANE1_11606,REPLICATED_9756,FALLBACKS_4,P6_RETRIES_0,P6_RETRY_EXHAUSTED_0,P6_TX_FAIL_0,P6_CRC_BAD_0,P6_PAYLOAD_MISMATCH_0,MAX_TXD_HIGH_8,DUTY_VIOLATIONS_0,QUEUE_OCCUPANCY_8,QUEUE_HIGH_8,BACKPRESSURE_1,QUEUE_OBS_NOT_BEFORE_TICKS_149948774285,CURRENT_BPS_92530,ROLLING_BPS_96337,LATENCY_COUNT_1,LATENCY_MIN_TICKS_2117493108,LATENCY_MEAN_TICKS_2117493108,LATENCY_P50_TICKS_2117493108,LATENCY_P95_TICKS_2117493108,LATENCY_P99_TICKS_2117493108,LATENCY_MAX_TICKS_2117493108,LAST_OBJECT_1008
P7_SAMPLE_00015=ELAPSED_450.000,ELAPSED_TICKS_150000004350,WINDOW_ACCEPTANCE,OBJECTS_16,FAILED_0,BYTES_HI_00000000,BYTES_LO_004A2000,FRAGMENTS_22602,LANE0_20752,LANE1_11606,REPLICATED_9756,FALLBACKS_4,P6_RETRIES_0,P6_RETRY_EXHAUSTED_0,P6_TX_FAIL_0,P6_CRC_BAD_0,P6_PAYLOAD_MISMATCH_0,MAX_TXD_HIGH_8,DUTY_VIOLATIONS_0,QUEUE_OCCUPANCY_8,QUEUE_HIGH_8,BACKPRESSURE_1,QUEUE_OBS_NOT_BEFORE_TICKS_150139066237,CURRENT_BPS_86361,ROLLING_BPS_96337,LATENCY_COUNT_0,LATENCY_MIN_TICKS_0,LATENCY_MEAN_TICKS_0,LATENCY_P50_TICKS_0,LATENCY_P95_TICKS_0,LATENCY_P99_TICKS_0,LATENCY_MAX_TICKS_0,LAST_OBJECT_1008
P7_SAMPLE_00016=ELAPSED_480.000,ELAPSED_TICKS_160000004640,WINDOW_ACCEPTANCE,OBJECTS_16,FAILED_0,BYTES_HI_00000000,BYTES_LO_004A2000,FRAGMENTS_22602,LANE0_20752,LANE1_11606,REPLICATED_9756,FALLBACKS_4,P6_RETRIES_0,P6_RETRY_EXHAUSTED_0,P6_TX_FAIL_0,P6_CRC_BAD_0,P6_PAYLOAD_MISMATCH_0,MAX_TXD_HIGH_8,DUTY_VIOLATIONS_0,QUEUE_OCCUPANCY_8,QUEUE_HIGH_8,BACKPRESSURE_1,QUEUE_OBS_NOT_BEFORE_TICKS_160001528515,CURRENT_BPS_80964,ROLLING_BPS_64771,LATENCY_COUNT_0,LATENCY_MIN_TICKS_0,LATENCY_MEAN_TICKS_0,LATENCY_P50_TICKS_0,LATENCY_P95_TICKS_0,LATENCY_P99_TICKS_0,LATENCY_MAX_TICKS_0,LAST_OBJECT_1008
P7_STATIONARY_OBJECT_00000017=SLOT_0,GEN_2,SESSION_50370001,OBJECT_1009,STATUS_3,ERROR_0,BYTES_1048576,FRAGMENTS_4878/4878,ATTEMPTS_4878,FALLBACKS_0,OUTSHA_FCD7923CBB8E709738F05BA8C318A4DF5C27C0451A987689FAC429A17B292737,P6_RETRY_COUNT_0,P6_RETRY_EXHAUSTED_0,P6_TX_FAIL_0,P6_CRC_BAD_0,P6_PAYLOAD_MISMATCH_0,MAX_TXD_HIGH_CYCLES_8,DUTY_VIOLATIONS_0,LANE0_4878,LANE1_0,REPLICATED_0,START_TICKS_130460885979,END_TICKS_161206815316,COMPLETION_SEQUENCE_17
P7_STATIONARY_TERMINAL_BUNDLE_00000017_CAPTURED=1
P7_STATIONARY_OBJECT_00000018=SLOT_1,GEN_2,SESSION_50370001,OBJECT_1010,STATUS_3,ERROR_0,BYTES_65536,FRAGMENTS_305/305,ATTEMPTS_305,FALLBACKS_1,OUTSHA_DD5CDD301ADFF15138B402AB190A143E8FF5FFED2D5E2FD24C3140FB652F11FF,P6_RETRY_COUNT_0,P6_RETRY_EXHAUSTED_0,P6_TX_FAIL_0,P6_CRC_BAD_0,P6_PAYLOAD_MISMATCH_0,MAX_TXD_HIGH_CYCLES_8,DUTY_VIOLATIONS_0,LANE0_1,LANE1_304,REPLICATED_0,START_TICKS_161206899660,END_TICKS_163157340841,COMPLETION_SEQUENCE_18
P7_STATIONARY_TERMINAL_BUNDLE_00000018_CAPTURED=1
P7_STATIONARY_OBJECT_00000019=SLOT_2,GEN_2,SESSION_50370001,OBJECT_1011,STATUS_3,ERROR_0,BYTES_65536,FRAGMENTS_305/305,ATTEMPTS_305,FALLBACKS_1,OUTSHA_0765B0D1A9F493355595772F5A2EBAAF700D4D2CC7D8A781729A9771A380754F,P6_RETRY_COUNT_0,P6_RETRY_EXHAUSTED_0,P6_TX_FAIL_0,P6_CRC_BAD_0,P6_PAYLOAD_MISMATCH_0,MAX_TXD_HIGH_CYCLES_8,DUTY_VIOLATIONS_0,LANE0_304,LANE1_1,REPLICATED_0,START_TICKS_163157425239,END_TICKS_165505289040,COMPLETION_SEQUENCE_19
P7_STATIONARY_TERMINAL_BUNDLE_00000019_CAPTURED=1
P7_STATIONARY_OBJECT_00000020=SLOT_3,GEN_2,SESSION_50370001,OBJECT_1012,STATUS_3,ERROR_0,BYTES_65536,FRAGMENTS_305/305,ATTEMPTS_305,FALLBACKS_0,OUTSHA_7DACA2095D0438260FA849183DFC67FAA459FDF4936E1BC91EEC6B281B27E4C2,P6_RETRY_COUNT_0,P6_RETRY_EXHAUSTED_0,P6_TX_FAIL_0,P6_CRC_BAD_0,P6_PAYLOAD_MISMATCH_0,MAX_TXD_HIGH_CYCLES_8,DUTY_VIOLATIONS_0,LANE0_0,LANE1_305,REPLICATED_0,START_TICKS_165505373367,END_TICKS_167722899241,COMPLETION_SEQUENCE_20
P7_STATIONARY_TERMINAL_BUNDLE_00000020_CAPTURED=1
P7_SAMPLE_00017=ELAPSED_510.000,ELAPSED_TICKS_170000004930,WINDOW_ACCEPTANCE,OBJECTS_20,FAILED_0,BYTES_HI_00000000,BYTES_LO_005D2000,FRAGMENTS_28395,LANE0_25935,LANE1_12216,REPLICATED_9756,FALLBACKS_6,P6_RETRIES_0,P6_RETRY_EXHAUSTED_0,P6_TX_FAIL_0,P6_CRC_BAD_0,P6_PAYLOAD_MISMATCH_0,MAX_TXD_HIGH_8,DUTY_VIOLATIONS_0,QUEUE_OCCUPANCY_8,QUEUE_HIGH_8,BACKPRESSURE_1,QUEUE_OBS_NOT_BEFORE_TICKS_185363495536,CURRENT_BPS_95733,ROLLING_BPS_97976,LATENCY_COUNT_4,LATENCY_MIN_TICKS_1950441181,LATENCY_MEAN_TICKS_9315440048,LATENCY_P50_TICKS_2217525874,LATENCY_P95_TICKS_30745929337,LATENCY_P99_TICKS_30745929337,LATENCY_MAX_TICKS_30745929337,LAST_OBJECT_1012
P7_SAMPLE_00018=ELAPSED_540.000,ELAPSED_TICKS_180000005220,WINDOW_ACCEPTANCE,OBJECTS_20,FAILED_0,BYTES_HI_00000000,BYTES_LO_005D2000,FRAGMENTS_28395,LANE0_25935,LANE1_12216,REPLICATED_9756,FALLBACKS_6,P6_RETRIES_0,P6_RETRY_EXHAUSTED_0,P6_TX_FAIL_0,P6_CRC_BAD_0,P6_PAYLOAD_MISMATCH_0,MAX_TXD_HIGH_8,DUTY_VIOLATIONS_0,QUEUE_OCCUPANCY_8,QUEUE_HIGH_8,BACKPRESSURE_1,QUEUE_OBS_NOT_BEFORE_TICKS_185363495536,CURRENT_BPS_90415,ROLLING_BPS_97976,LATENCY_COUNT_0,LATENCY_MIN_TICKS_0,LATENCY_MEAN_TICKS_0,LATENCY_P50_TICKS_0,LATENCY_P95_TICKS_0,LATENCY_P99_TICKS_0,LATENCY_MAX_TICKS_0,LAST_OBJECT_1012
P7_SAMPLE_00019=ELAPSED_570.000,ELAPSED_TICKS_190000005510,WINDOW_ACCEPTANCE,OBJECTS_20,FAILED_0,BYTES_HI_00000000,BYTES_LO_005D2000,FRAGMENTS_28395,LANE0_25935,LANE1_12216,REPLICATED_9756,FALLBACKS_6,P6_RETRIES_0,P6_RETRY_EXHAUSTED_0,P6_TX_FAIL_0,P6_CRC_BAD_0,P6_PAYLOAD_MISMATCH_0,MAX_TXD_HIGH_8,DUTY_VIOLATIONS_0,QUEUE_OCCUPANCY_8,QUEUE_HIGH_8,BACKPRESSURE_1,QUEUE_OBS_NOT_BEFORE_TICKS_190140837695,CURRENT_BPS_85656,ROLLING_BPS_70014,LATENCY_COUNT_0,LATENCY_MIN_TICKS_0,LATENCY_MEAN_TICKS_0,LATENCY_P50_TICKS_0,LATENCY_P95_TICKS_0,LATENCY_P99_TICKS_0,LATENCY_MAX_TICKS_0,LAST_OBJECT_1012
P7_STATIONARY_OBJECT_00000021=SLOT_4,GEN_2,SESSION_50370001,OBJECT_1013,STATUS_3,ERROR_0,BYTES_1048576,FRAGMENTS_4878/4878,ATTEMPTS_4878,FALLBACKS_0,OUTSHA_95647E4A543FC103FFBD0D4B0CFFCBDCCB1B304581D7E609CC4D7C909491E259,P6_RETRY_COUNT_0,P6_RETRY_EXHAUSTED_0,P6_TX_FAIL_0,P6_CRC_BAD_0,P6_PAYLOAD_MISMATCH_0,MAX_TXD_HIGH_CYCLES_8,DUTY_VIOLATIONS_0,LANE0_4878,LANE1_4878,REPLICATED_4878,START_TICKS_167722983571,END_TICKS_198149460316,COMPLETION_SEQUENCE_21
P7_STATIONARY_TERMINAL_BUNDLE_00000021_CAPTURED=1
P7_STATIONARY_OBJECT_00000022=SLOT_5,GEN_2,SESSION_50370001,OBJECT_1014,STATUS_3,ERROR_0,BYTES_4096,FRAGMENTS_20/20,ATTEMPTS_20,FALLBACKS_0,OUTSHA_FEB07BD82EE49AD03FA5AD02148220E679C7457A8961CB23D1CEB146CE8D6C77,P6_RETRY_COUNT_0,P6_RETRY_EXHAUSTED_0,P6_TX_FAIL_0,P6_CRC_BAD_0,P6_PAYLOAD_MISMATCH_0,MAX_TXD_HIGH_CYCLES_8,DUTY_VIOLATIONS_0,LANE0_10,LANE1_10,REPLICATED_0,START_TICKS_198149544705,END_TICKS_198224210256,COMPLETION_SEQUENCE_22
P7_STATIONARY_TERMINAL_BUNDLE_00000022_CAPTURED=1
P7_STATIONARY_OBJECT_00000023=SLOT_6,GEN_2,SESSION_50370001,OBJECT_1015,STATUS_3,ERROR_0,BYTES_65536,FRAGMENTS_305/305,ATTEMPTS_305,FALLBACKS_0,OUTSHA_9DA06F7DA81A794CD2F75205391C6EDE1C44A6E14752AB6AFA5661982268B7DD,P6_RETRY_COUNT_0,P6_RETRY_EXHAUSTED_0,P6_TX_FAIL_0,P6_CRC_BAD_0,P6_PAYLOAD_MISMATCH_0,MAX_TXD_HIGH_CYCLES_8,DUTY_VIOLATIONS_0,LANE0_305,LANE1_0,REPLICATED_0,START_TICKS_198224294475,END_TICKS_200120803719,COMPLETION_SEQUENCE_23
P7_STATIONARY_TERMINAL_BUNDLE_00000023_CAPTURED=1
P7_STATIONARY_OBJECT_00000024=SLOT_7,GEN_2,SESSION_50370001,OBJECT_1016,STATUS_3,ERROR_0,BYTES_65536,FRAGMENTS_305/305,ATTEMPTS_305,FALLBACKS_0,OUTSHA_7DACA2095D0438260FA849183DFC67FAA459FDF4936E1BC91EEC6B281B27E4C2,P6_RETRY_COUNT_0,P6_RETRY_EXHAUSTED_0,P6_TX_FAIL_0,P6_CRC_BAD_0,P6_PAYLOAD_MISMATCH_0,MAX_TXD_HIGH_CYCLES_8,DUTY_VIOLATIONS_0,LANE0_0,LANE1_305,REPLICATED_0,START_TICKS_200120888118,END_TICKS_202403686914,COMPLETION_SEQUENCE_24
P7_STATIONARY_TERMINAL_BUNDLE_00000024_CAPTURED=1
P7_SAMPLE_00020=ELAPSED_600.000,ELAPSED_TICKS_200000005800,WINDOW_ACCEPTANCE,OBJECTS_22,FAILED_0,BYTES_HI_00000000,BYTES_LO_006D3000,FRAGMENTS_33293,LANE0_30823,LANE1_17104,REPLICATED_14634,FALLBACKS_6,P6_RETRIES_0,P6_RETRY_EXHAUSTED_0,P6_TX_FAIL_0,P6_CRC_BAD_0,P6_PAYLOAD_MISMATCH_0,MAX_TXD_HIGH_8,DUTY_VIOLATIONS_0,QUEUE_OCCUPANCY_8,QUEUE_HIGH_8,BACKPRESSURE_1,QUEUE_OBS_NOT_BEFORE_TICKS_221470496776,CURRENT_BPS_95409,ROLLING_BPS_92842,LATENCY_COUNT_2,LATENCY_MIN_TICKS_74665551,LATENCY_MEAN_TICKS_15250571148,LATENCY_P50_TICKS_74665551,LATENCY_P95_TICKS_30426476745,LATENCY_P99_TICKS_30426476745,LATENCY_MAX_TICKS_30426476745,LAST_OBJECT_1014
P7_SAMPLE_00021=ELAPSED_630.000,ELAPSED_TICKS_210000006090,WINDOW_ACCEPTANCE,OBJECTS_24,FAILED_0,BYTES_HI_00000000,BYTES_LO_006F3000,FRAGMENTS_33903,LANE0_31128,LANE1_17409,REPLICATED_14634,FALLBACKS_6,P6_RETRIES_0,P6_RETRY_EXHAUSTED_0,P6_TX_FAIL_0,P6_CRC_BAD_0,P6_PAYLOAD_MISMATCH_0,MAX_TXD_HIGH_8,DUTY_VIOLATIONS_0,QUEUE_OCCUPANCY_8,QUEUE_HIGH_8,BACKPRESSURE_1,QUEUE_OBS_NOT_BEFORE_TICKS_221470496776,CURRENT_BPS_92530,ROLLING_BPS_96337,LATENCY_COUNT_2,LATENCY_MIN_TICKS_1896509244,LATENCY_MEAN_TICKS_2089654020,LATENCY_P50_TICKS_1896509244,LATENCY_P95_TICKS_2282798796,LATENCY_P99_TICKS_2282798796,LATENCY_MAX_TICKS_2282798796,LAST_OBJECT_1016
P7_SAMPLE_00022=ELAPSED_660.000,ELAPSED_TICKS_220000006380,WINDOW_ACCEPTANCE,OBJECTS_24,FAILED_0,BYTES_HI_00000000,BYTES_LO_006F3000,FRAGMENTS_33903,LANE0_31128,LANE1_17409,REPLICATED_14634,FALLBACKS_6,P6_RETRIES_0,P6_RETRY_EXHAUSTED_0,P6_TX_FAIL_0,P6_CRC_BAD_0,P6_PAYLOAD_MISMATCH_0,MAX_TXD_HIGH_8,DUTY_VIOLATIONS_0,QUEUE_OCCUPANCY_8,QUEUE_HIGH_8,BACKPRESSURE_1,QUEUE_OBS_NOT_BEFORE_TICKS_221470496776,CURRENT_BPS_88324,ROLLING_BPS_96337,LATENCY_COUNT_0,LATENCY_MIN_TICKS_0,LATENCY_MEAN_TICKS_0,LATENCY_P50_TICKS_0,LATENCY_P95_TICKS_0,LATENCY_P99_TICKS_0,LATENCY_MAX_TICKS_0,LAST_OBJECT_1016
P7_SAMPLE_00023=ELAPSED_690.000,ELAPSED_TICKS_230000006670,WINDOW_ACCEPTANCE,OBJECTS_24,FAILED_0,BYTES_HI_00000000,BYTES_LO_006F3000,FRAGMENTS_33903,LANE0_31128,LANE1_17409,REPLICATED_14634,FALLBACKS_6,P6_RETRIES_0,P6_RETRY_EXHAUSTED_0,P6_TX_FAIL_0,P6_CRC_BAD_0,P6_PAYLOAD_MISMATCH_0,MAX_TXD_HIGH_8,DUTY_VIOLATIONS_0,QUEUE_OCCUPANCY_8,QUEUE_HIGH_8,BACKPRESSURE_1,QUEUE_OBS_NOT_BEFORE_TICKS_230142916267,CURRENT_BPS_84484,ROLLING_BPS_66519,LATENCY_COUNT_0,LATENCY_MIN_TICKS_0,LATENCY_MEAN_TICKS_0,LATENCY_P50_TICKS_0,LATENCY_P95_TICKS_0,LATENCY_P99_TICKS_0,LATENCY_MAX_TICKS_0,LAST_OBJECT_1016
P7_STATIONARY_OBJECT_00000025=SLOT_0,GEN_3,SESSION_50370001,OBJECT_1017,STATUS_3,ERROR_0,BYTES_1048576,FRAGMENTS_4878/4878,ATTEMPTS_4878,FALLBACKS_0,OUTSHA_FCD7923CBB8E709738F05BA8C318A4DF5C27C0451A987689FAC429A17B292737,P6_RETRY_COUNT_0,P6_RETRY_EXHAUSTED_0,P6_TX_FAIL_0,P6_CRC_BAD_0,P6_PAYLOAD_MISMATCH_0,MAX_TXD_HIGH_CYCLES_8,DUTY_VIOLATIONS_0,LANE0_4878,LANE1_0,REPLICATED_0,START_TICKS_202403771254,END_TICKS_233177702919,COMPLETION_SEQUENCE_25
P7_STATIONARY_TERMINAL_BUNDLE_00000025_CAPTURED=1
P7_STATIONARY_OBJECT_00000026=SLOT_1,GEN_3,SESSION_50370001,OBJECT_1018,STATUS_3,ERROR_0,BYTES_65536,FRAGMENTS_305/305,ATTEMPTS_305,FALLBACKS_1,OUTSHA_DD5CDD301ADFF15138B402AB190A143E8FF5FFED2D5E2FD24C3140FB652F11FF,P6_RETRY_COUNT_0,P6_RETRY_EXHAUSTED_0,P6_TX_FAIL_0,P6_CRC_BAD_0,P6_PAYLOAD_MISMATCH_0,MAX_TXD_HIGH_CYCLES_8,DUTY_VIOLATIONS_0,LANE0_1,LANE1_304,REPLICATED_0,START_TICKS_233177787307,END_TICKS_235033670041,COMPLETION_SEQUENCE_26
P7_STATIONARY_TERMINAL_BUNDLE_00000026_CAPTURED=1
P7_STATIONARY_OBJECT_00000027=SLOT_2,GEN_3,SESSION_50370001,OBJECT_1019,STATUS_3,ERROR_0,BYTES_65536,FRAGMENTS_305/305,ATTEMPTS_305,FALLBACKS_1,OUTSHA_0765B0D1A9F493355595772F5A2EBAAF700D4D2CC7D8A781729A9771A380754F,P6_RETRY_COUNT_0,P6_RETRY_EXHAUSTED_0,P6_TX_FAIL_0,P6_CRC_BAD_0,P6_PAYLOAD_MISMATCH_0,MAX_TXD_HIGH_CYCLES_8,DUTY_VIOLATIONS_0,LANE0_304,LANE1_1,REPLICATED_0,START_TICKS_235033754379,END_TICKS_237361156240,COMPLETION_SEQUENCE_27
P7_STATIONARY_TERMINAL_BUNDLE_00000027_CAPTURED=1
P7_STATIONARY_OBJECT_00000028=SLOT_3,GEN_3,SESSION_50370001,OBJECT_1020,STATUS_3,ERROR_0,BYTES_65536,FRAGMENTS_305/305,ATTEMPTS_305,FALLBACKS_0,OUTSHA_7DACA2095D0438260FA849183DFC67FAA459FDF4936E1BC91EEC6B281B27E4C2,P6_RETRY_COUNT_0,P6_RETRY_EXHAUSTED_0,P6_TX_FAIL_0,P6_CRC_BAD_0,P6_PAYLOAD_MISMATCH_0,MAX_TXD_HIGH_CYCLES_8,DUTY_VIOLATIONS_0,LANE0_0,LANE1_305,REPLICATED_0,START_TICKS_237361240623,END_TICKS_239549164119,COMPLETION_SEQUENCE_28
P7_STATIONARY_TERMINAL_BUNDLE_00000028_CAPTURED=1
P7_SAMPLE_00024=ELAPSED_720.000,ELAPSED_TICKS_240000006960,WINDOW_ACCEPTANCE,OBJECTS_28,FAILED_0,BYTES_HI_00000000,BYTES_LO_00823000,FRAGMENTS_39696,LANE0_36311,LANE1_18019,REPLICATED_14634,FALLBACKS_8,P6_RETRIES_0,P6_RETRY_EXHAUSTED_0,P6_TX_FAIL_0,P6_CRC_BAD_0,P6_PAYLOAD_MISMATCH_0,MAX_TXD_HIGH_8,DUTY_VIOLATIONS_0,QUEUE_OCCUPANCY_8,QUEUE_HIGH_8,BACKPRESSURE_1,QUEUE_OBS_NOT_BEFORE_TICKS_257737570679,CURRENT_BPS_94799,ROLLING_BPS_97976,LATENCY_COUNT_4,LATENCY_MIN_TICKS_1855882734,LATENCY_MEAN_TICKS_9286284939,LATENCY_P50_TICKS_2187923496,LATENCY_P95_TICKS_30773931665,LATENCY_P99_TICKS_30773931665,LATENCY_MAX_TICKS_30773931665,LAST_OBJECT_1020
P7_SAMPLE_00025=ELAPSED_750.000,ELAPSED_TICKS_250000007250,WINDOW_ACCEPTANCE,OBJECTS_28,FAILED_0,BYTES_HI_00000000,BYTES_LO_00823000,FRAGMENTS_39696,LANE0_36311,LANE1_18019,REPLICATED_14634,FALLBACKS_8,P6_RETRIES_0,P6_RETRY_EXHAUSTED_0,P6_TX_FAIL_0,P6_CRC_BAD_0,P6_PAYLOAD_MISMATCH_0,MAX_TXD_HIGH_8,DUTY_VIOLATIONS_0,QUEUE_OCCUPANCY_8,QUEUE_HIGH_8,BACKPRESSURE_1,QUEUE_OBS_NOT_BEFORE_TICKS_257737570679,CURRENT_BPS_91007,ROLLING_BPS_97976,LATENCY_COUNT_0,LATENCY_MIN_TICKS_0,LATENCY_MEAN_TICKS_0,LATENCY_P50_TICKS_0,LATENCY_P95_TICKS_0,LATENCY_P99_TICKS_0,LATENCY_MAX_TICKS_0,LAST_OBJECT_1020
P7_SAMPLE_00026=ELAPSED_780.000,ELAPSED_TICKS_260000007540,WINDOW_ACCEPTANCE,OBJECTS_28,FAILED_0,BYTES_HI_00000000,BYTES_LO_00823000,FRAGMENTS_39696,LANE0_36311,LANE1_18019,REPLICATED_14634,FALLBACKS_8,P6_RETRIES_0,P6_RETRY_EXHAUSTED_0,P6_TX_FAIL_0,P6_CRC_BAD_0,P6_PAYLOAD_MISMATCH_0,MAX_TXD_HIGH_8,DUTY_VIOLATIONS_0,QUEUE_OCCUPANCY_8,QUEUE_HIGH_8,BACKPRESSURE_1,QUEUE_OBS_NOT_BEFORE_TICKS_260160074212,CURRENT_BPS_87507,ROLLING_BPS_97976,LATENCY_COUNT_0,LATENCY_MIN_TICKS_0,LATENCY_MEAN_TICKS_0,LATENCY_P50_TICKS_0,LATENCY_P95_TICKS_0,LATENCY_P99_TICKS_0,LATENCY_MAX_TICKS_0,LAST_OBJECT_1020
P7_STATIONARY_OBJECT_00000029=SLOT_4,GEN_3,SESSION_50370001,OBJECT_1021,STATUS_3,ERROR_0,BYTES_1048576,FRAGMENTS_4878/4878,ATTEMPTS_4878,FALLBACKS_0,OUTSHA_95647E4A543FC103FFBD0D4B0CFFCBDCCB1B304581D7E609CC4D7C909491E259,P6_RETRY_COUNT_0,P6_RETRY_EXHAUSTED_0,P6_TX_FAIL_0,P6_CRC_BAD_0,P6_PAYLOAD_MISMATCH_0,MAX_TXD_HIGH_CYCLES_8,DUTY_VIOLATIONS_0,LANE0_4878,LANE1_4878,REPLICATED_4878,START_TICKS_239549248452,END_TICKS_270016496001,COMPLETION_SEQUENCE_29
P7_STATIONARY_TERMINAL_BUNDLE_00000029_CAPTURED=1
P7_STATIONARY_OBJECT_00000030=SLOT_5,GEN_3,SESSION_50370001,OBJECT_1022,STATUS_3,ERROR_0,BYTES_4096,FRAGMENTS_20/20,ATTEMPTS_20,FALLBACKS_0,OUTSHA_FEB07BD82EE49AD03FA5AD02148220E679C7457A8961CB23D1CEB146CE8D6C77,P6_RETRY_COUNT_0,P6_RETRY_EXHAUSTED_0,P6_TX_FAIL_0,P6_CRC_BAD_0,P6_PAYLOAD_MISMATCH_0,MAX_TXD_HIGH_CYCLES_8,DUTY_VIOLATIONS_0,LANE0_10,LANE1_10,REPLICATED_0,START_TICKS_270016580320,END_TICKS_270095102172,COMPLETION_SEQUENCE_30
P7_STATIONARY_TERMINAL_BUNDLE_00000030_CAPTURED=1
P7_STATIONARY_OBJECT_00000031=SLOT_6,GEN_3,SESSION_50370001,OBJECT_1023,STATUS_3,ERROR_0,BYTES_65536,FRAGMENTS_305/305,ATTEMPTS_305,FALLBACKS_0,OUTSHA_9DA06F7DA81A794CD2F75205391C6EDE1C44A6E14752AB6AFA5661982268B7DD,P6_RETRY_COUNT_0,P6_RETRY_EXHAUSTED_0,P6_TX_FAIL_0,P6_CRC_BAD_0,P6_PAYLOAD_MISMATCH_0,MAX_TXD_HIGH_CYCLES_8,DUTY_VIOLATIONS_0,LANE0_305,LANE1_0,REPLICATED_0,START_TICKS_270095186467,END_TICKS_271975848360,COMPLETION_SEQUENCE_31
P7_STATIONARY_TERMINAL_BUNDLE_00000031_CAPTURED=1
P7_STATIONARY_OBJECT_00000032=SLOT_7,GEN_3,SESSION_50370001,OBJECT_1024,STATUS_3,ERROR_0,BYTES_65536,FRAGMENTS_305/305,ATTEMPTS_305,FALLBACKS_0,OUTSHA_7DACA2095D0438260FA849183DFC67FAA459FDF4936E1BC91EEC6B281B27E4C2,P6_RETRY_COUNT_0,P6_RETRY_EXHAUSTED_0,P6_TX_FAIL_0,P6_CRC_BAD_0,P6_PAYLOAD_MISMATCH_0,MAX_TXD_HIGH_CYCLES_8,DUTY_VIOLATIONS_0,LANE0_0,LANE1_305,REPLICATED_0,START_TICKS_271975932685,END_TICKS_274250216881,COMPLETION_SEQUENCE_32
P7_STATIONARY_TERMINAL_BUNDLE_00000032_CAPTURED=1
P7_SAMPLE_00027=ELAPSED_810.000,ELAPSED_TICKS_270000007830,WINDOW_ACCEPTANCE,OBJECTS_28,FAILED_0,BYTES_HI_00000000,BYTES_LO_00823000,FRAGMENTS_39696,LANE0_36311,LANE1_18019,REPLICATED_14634,FALLBACKS_8,P6_RETRIES_0,P6_RETRY_EXHAUSTED_0,P6_TX_FAIL_0,P6_CRC_BAD_0,P6_PAYLOAD_MISMATCH_0,MAX_TXD_HIGH_8,DUTY_VIOLATIONS_0,QUEUE_OCCUPANCY_8,QUEUE_HIGH_8,BACKPRESSURE_1,QUEUE_OBS_NOT_BEFORE_TICKS_293163304994,CURRENT_BPS_84266,ROLLING_BPS_64771,LATENCY_COUNT_0,LATENCY_MIN_TICKS_0,LATENCY_MEAN_TICKS_0,LATENCY_P50_TICKS_0,LATENCY_P95_TICKS_0,LATENCY_P99_TICKS_0,LATENCY_MAX_TICKS_0,LAST_OBJECT_1020
P7_SAMPLE_00028=ELAPSED_840.000,ELAPSED_TICKS_280000008120,WINDOW_ACCEPTANCE,OBJECTS_32,FAILED_0,BYTES_HI_00000000,BYTES_LO_00944000,FRAGMENTS_45204,LANE0_41504,LANE1_23212,REPLICATED_19512,FALLBACKS_8,P6_RETRIES_0,P6_RETRY_EXHAUSTED_0,P6_TX_FAIL_0,P6_CRC_BAD_0,P6_PAYLOAD_MISMATCH_0,MAX_TXD_HIGH_8,DUTY_VIOLATIONS_0,QUEUE_OCCUPANCY_8,QUEUE_HIGH_8,BACKPRESSURE_1,QUEUE_OBS_NOT_BEFORE_TICKS_293163304994,CURRENT_BPS_92530,ROLLING_BPS_96337,LATENCY_COUNT_4,LATENCY_MIN_TICKS_78521852,LATENCY_MEAN_TICKS_8675178872,LATENCY_P50_TICKS_1880661893,LATENCY_P95_TICKS_30467247549,LATENCY_P99_TICKS_30467247549,LATENCY_MAX_TICKS_30467247549,LAST_OBJECT_1024
P7_SAMPLE_00029=ELAPSED_870.000,ELAPSED_TICKS_290000008410,WINDOW_ACCEPTANCE,OBJECTS_32,FAILED_0,BYTES_HI_00000000,BYTES_LO_00944000,FRAGMENTS_45204,LANE0_41504,LANE1_23212,REPLICATED_19512,FALLBACKS_8,P6_RETRIES_0,P6_RETRY_EXHAUSTED_0,P6_TX_FAIL_0,P6_CRC_BAD_0,P6_PAYLOAD_MISMATCH_0,MAX_TXD_HIGH_8,DUTY_VIOLATIONS_0,QUEUE_OCCUPANCY_8,QUEUE_HIGH_8,BACKPRESSURE_1,QUEUE_OBS_NOT_BEFORE_TICKS_293163304994,CURRENT_BPS_89339,ROLLING_BPS_96337,LATENCY_COUNT_0,LATENCY_MIN_TICKS_0,LATENCY_MEAN_TICKS_0,LATENCY_P50_TICKS_0,LATENCY_P95_TICKS_0,LATENCY_P99_TICKS_0,LATENCY_MAX_TICKS_0,LAST_OBJECT_1024
P7_SAMPLE_00030=ELAPSED_900.000,ELAPSED_TICKS_300000008700,WINDOW_ACCEPTANCE,OBJECTS_32,FAILED_0,BYTES_HI_00000000,BYTES_LO_00944000,FRAGMENTS_45204,LANE0_41504,LANE1_23212,REPLICATED_19512,FALLBACKS_8,P6_RETRIES_0,P6_RETRY_EXHAUSTED_0,P6_TX_FAIL_0,P6_CRC_BAD_0,P6_PAYLOAD_MISMATCH_0,MAX_TXD_HIGH_8,DUTY_VIOLATIONS_0,QUEUE_OCCUPANCY_8,QUEUE_HIGH_8,BACKPRESSURE_1,QUEUE_OBS_NOT_BEFORE_TICKS_300031455107,CURRENT_BPS_86361,ROLLING_BPS_68266,LATENCY_COUNT_0,LATENCY_MIN_TICKS_0,LATENCY_MEAN_TICKS_0,LATENCY_P50_TICKS_0,LATENCY_P95_TICKS_0,LATENCY_P99_TICKS_0,LATENCY_MAX_TICKS_0,LAST_OBJECT_1024
P7_STATIONARY_OBJECT_00000033=SLOT_0,GEN_4,SESSION_50370001,OBJECT_1025,STATUS_3,ERROR_0,BYTES_1048576,FRAGMENTS_4878/4878,ATTEMPTS_4878,FALLBACKS_0,OUTSHA_FCD7923CBB8E709738F05BA8C318A4DF5C27C0451A987689FAC429A17B292737,P6_RETRY_COUNT_0,P6_RETRY_EXHAUSTED_0,P6_TX_FAIL_0,P6_CRC_BAD_0,P6_PAYLOAD_MISMATCH_0,MAX_TXD_HIGH_CYCLES_8,DUTY_VIOLATIONS_0,LANE0_4878,LANE1_0,REPLICATED_0,START_TICKS_274250301270,END_TICKS_305182298431,COMPLETION_SEQUENCE_33
P7_STATIONARY_TERMINAL_BUNDLE_00000033_CAPTURED=1
P7_STATIONARY_OBJECT_00000034=SLOT_1,GEN_4,SESSION_50370001,OBJECT_1026,STATUS_3,ERROR_0,BYTES_65536,FRAGMENTS_305/305,ATTEMPTS_305,FALLBACKS_1,OUTSHA_DD5CDD301ADFF15138B402AB190A143E8FF5FFED2D5E2FD24C3140FB652F11FF,P6_RETRY_COUNT_0,P6_RETRY_EXHAUSTED_0,P6_TX_FAIL_0,P6_CRC_BAD_0,P6_PAYLOAD_MISMATCH_0,MAX_TXD_HIGH_CYCLES_8,DUTY_VIOLATIONS_0,LANE0_1,LANE1_304,REPLICATED_0,START_TICKS_305182382826,END_TICKS_307005167041,COMPLETION_SEQUENCE_34
P7_STATIONARY_TERMINAL_BUNDLE_00000034_CAPTURED=1
P7_STATIONARY_OBJECT_00000035=SLOT_2,GEN_4,SESSION_50370001,OBJECT_1027,STATUS_3,ERROR_0,BYTES_65536,FRAGMENTS_305/305,ATTEMPTS_305,FALLBACKS_1,OUTSHA_0765B0D1A9F493355595772F5A2EBAAF700D4D2CC7D8A781729A9771A380754F,P6_RETRY_COUNT_0,P6_RETRY_EXHAUSTED_0,P6_TX_FAIL_0,P6_CRC_BAD_0,P6_PAYLOAD_MISMATCH_0,MAX_TXD_HIGH_CYCLES_8,DUTY_VIOLATIONS_0,LANE0_304,LANE1_1,REPLICATED_0,START_TICKS_307005251424,END_TICKS_309172086316,COMPLETION_SEQUENCE_35
P7_STATIONARY_TERMINAL_BUNDLE_00000035_CAPTURED=1
P7_STATIONARY_OBJECT_00000036=SLOT_3,GEN_4,SESSION_50370001,OBJECT_1028,STATUS_3,ERROR_0,BYTES_65536,FRAGMENTS_305/305,ATTEMPTS_305,FALLBACKS_0,OUTSHA_7DACA2095D0438260FA849183DFC67FAA459FDF4936E1BC91EEC6B281B27E4C2,P6_RETRY_COUNT_0,P6_RETRY_EXHAUSTED_0,P6_TX_FAIL_0,P6_CRC_BAD_0,P6_PAYLOAD_MISMATCH_0,MAX_TXD_HIGH_CYCLES_8,DUTY_VIOLATIONS_0,LANE0_0,LANE1_305,REPLICATED_0,START_TICKS_309172170711,END_TICKS_311370985641,COMPLETION_SEQUENCE_36
P7_STATIONARY_TERMINAL_BUNDLE_00000036_CAPTURED=1
P7_SAMPLE_00031=ELAPSED_930.000,ELAPSED_TICKS_310000008990,WINDOW_ACCEPTANCE,OBJECTS_35,FAILED_0,BYTES_HI_00000000,BYTES_LO_00A64000,FRAGMENTS_50692,LANE0_46687,LANE1_23517,REPLICATED_19512,FALLBACKS_10,P6_RETRIES_0,P6_RETRY_EXHAUSTED_0,P6_TX_FAIL_0,P6_CRC_BAD_0,P6_PAYLOAD_MISMATCH_0,MAX_TXD_HIGH_8,DUTY_VIOLATIONS_0,QUEUE_OCCUPANCY_8,QUEUE_HIGH_8,BACKPRESSURE_1,QUEUE_OBS_NOT_BEFORE_TICKS_329558527133,CURRENT_BPS_93723,ROLLING_BPS_96228,LATENCY_COUNT_3,LATENCY_MIN_TICKS_1822784215,LATENCY_MEAN_TICKS_11640538756,LATENCY_P50_TICKS_2166834892,LATENCY_P95_TICKS_30931997161,LATENCY_P99_TICKS_30931997161,LATENCY_MAX_TICKS_30931997161,LAST_OBJECT_1027
P7_SAMPLE_00032=ELAPSED_960.000,ELAPSED_TICKS_320000009280,WINDOW_ACCEPTANCE,OBJECTS_36,FAILED_0,BYTES_HI_00000000,BYTES_LO_00A74000,FRAGMENTS_50997,LANE0_46687,LANE1_23822,REPLICATED_19512,FALLBACKS_10,P6_RETRIES_0,P6_RETRY_EXHAUSTED_0,P6_TX_FAIL_0,P6_CRC_BAD_0,P6_PAYLOAD_MISMATCH_0,MAX_TXD_HIGH_8,DUTY_VIOLATIONS_0,QUEUE_OCCUPANCY_8,QUEUE_HIGH_8,BACKPRESSURE_1,QUEUE_OBS_NOT_BEFORE_TICKS_329558527133,CURRENT_BPS_91340,ROLLING_BPS_97976,LATENCY_COUNT_1,LATENCY_MIN_TICKS_2198814930,LATENCY_MEAN_TICKS_2198814930,LATENCY_P50_TICKS_2198814930,LATENCY_P95_TICKS_2198814930,LATENCY_P99_TICKS_2198814930,LATENCY_MAX_TICKS_2198814930,LAST_OBJECT_1028
P7_SAMPLE_00033=ELAPSED_990.000,ELAPSED_TICKS_330000009570,WINDOW_ACCEPTANCE,OBJECTS_36,FAILED_0,BYTES_HI_00000000,BYTES_LO_00A74000,FRAGMENTS_50997,LANE0_46687,LANE1_23822,REPLICATED_19512,FALLBACKS_10,P6_RETRIES_0,P6_RETRY_EXHAUSTED_0,P6_TX_FAIL_0,P6_CRC_BAD_0,P6_PAYLOAD_MISMATCH_0,MAX_TXD_HIGH_8,DUTY_VIOLATIONS_0,QUEUE_OCCUPANCY_8,QUEUE_HIGH_8,BACKPRESSURE_1,QUEUE_OBS_NOT_BEFORE_TICKS_330149225315,CURRENT_BPS_88572,ROLLING_BPS_97976,LATENCY_COUNT_0,LATENCY_MIN_TICKS_0,LATENCY_MEAN_TICKS_0,LATENCY_P50_TICKS_0,LATENCY_P95_TICKS_0,LATENCY_P99_TICKS_0,LATENCY_MAX_TICKS_0,LAST_OBJECT_1028
P7_SAMPLE_00034=ELAPSED_1020.000,ELAPSED_TICKS_340000009860,WINDOW_ACCEPTANCE,OBJECTS_36,FAILED_0,BYTES_HI_00000000,BYTES_LO_00A74000,FRAGMENTS_50997,LANE0_46687,LANE1_23822,REPLICATED_19512,FALLBACKS_10,P6_RETRIES_0,P6_RETRY_EXHAUSTED_0,P6_TX_FAIL_0,P6_CRC_BAD_0,P6_PAYLOAD_MISMATCH_0,MAX_TXD_HIGH_8,DUTY_VIOLATIONS_0,QUEUE_OCCUPANCY_8,QUEUE_HIGH_8,BACKPRESSURE_1,QUEUE_OBS_NOT_BEFORE_TICKS_340202442689,CURRENT_BPS_85967,ROLLING_BPS_64771,LATENCY_COUNT_0,LATENCY_MIN_TICKS_0,LATENCY_MEAN_TICKS_0,LATENCY_P50_TICKS_0,LATENCY_P95_TICKS_0,LATENCY_P99_TICKS_0,LATENCY_MAX_TICKS_0,LAST_OBJECT_1028
P7_STATIONARY_OBJECT_00000037=SLOT_4,GEN_4,SESSION_50370001,OBJECT_1029,STATUS_3,ERROR_0,BYTES_1048576,FRAGMENTS_4878/4878,ATTEMPTS_4878,FALLBACKS_0,OUTSHA_95647E4A543FC103FFBD0D4B0CFFCBDCCB1B304581D7E609CC4D7C909491E259,P6_RETRY_COUNT_0,P6_RETRY_EXHAUSTED_0,P6_TX_FAIL_0,P6_CRC_BAD_0,P6_PAYLOAD_MISMATCH_0,MAX_TXD_HIGH_CYCLES_8,DUTY_VIOLATIONS_0,LANE0_4878,LANE1_4878,REPLICATED_4878,START_TICKS_311371069957,END_TICKS_342000293442,COMPLETION_SEQUENCE_37
P7_STATIONARY_TERMINAL_BUNDLE_00000037_CAPTURED=1
P7_STATIONARY_OBJECT_00000038=SLOT_5,GEN_4,SESSION_50370001,OBJECT_1030,STATUS_3,ERROR_0,BYTES_4096,FRAGMENTS_20/20,ATTEMPTS_20,FALLBACKS_0,OUTSHA_FEB07BD82EE49AD03FA5AD02148220E679C7457A8961CB23D1CEB146CE8D6C77,P6_RETRY_COUNT_0,P6_RETRY_EXHAUSTED_0,P6_TX_FAIL_0,P6_CRC_BAD_0,P6_PAYLOAD_MISMATCH_0,MAX_TXD_HIGH_CYCLES_8,DUTY_VIOLATIONS_0,LANE0_10,LANE1_10,REPLICATED_0,START_TICKS_342000377775,END_TICKS_342063818052,COMPLETION_SEQUENCE_38
P7_STATIONARY_TERMINAL_BUNDLE_00000038_CAPTURED=1
P7_STATIONARY_OBJECT_00000039=SLOT_6,GEN_4,SESSION_50370001,OBJECT_1031,STATUS_3,ERROR_0,BYTES_65536,FRAGMENTS_305/305,ATTEMPTS_305,FALLBACKS_0,OUTSHA_9DA06F7DA81A794CD2F75205391C6EDE1C44A6E14752AB6AFA5661982268B7DD,P6_RETRY_COUNT_0,P6_RETRY_EXHAUSTED_0,P6_TX_FAIL_0,P6_CRC_BAD_0,P6_PAYLOAD_MISMATCH_0,MAX_TXD_HIGH_CYCLES_8,DUTY_VIOLATIONS_0,LANE0_305,LANE1_0,REPLICATED_0,START_TICKS_342063902349,END_TICKS_343865370918,COMPLETION_SEQUENCE_39
P7_STATIONARY_TERMINAL_BUNDLE_00000039_CAPTURED=1
P7_STATIONARY_OBJECT_00000040=SLOT_7,GEN_4,SESSION_50370001,OBJECT_1032,STATUS_3,ERROR_0,BYTES_65536,FRAGMENTS_305/305,ATTEMPTS_305,FALLBACKS_0,OUTSHA_7DACA2095D0438260FA849183DFC67FAA459FDF4936E1BC91EEC6B281B27E4C2,P6_RETRY_COUNT_0,P6_RETRY_EXHAUSTED_0,P6_TX_FAIL_0,P6_CRC_BAD_0,P6_PAYLOAD_MISMATCH_0,MAX_TXD_HIGH_CYCLES_8,DUTY_VIOLATIONS_0,LANE0_0,LANE1_305,REPLICATED_0,START_TICKS_343865455231,END_TICKS_345969469041,COMPLETION_SEQUENCE_40
P7_STATIONARY_TERMINAL_BUNDLE_00000040_CAPTURED=1
P7_SAMPLE_00035=ELAPSED_1050.000,ELAPSED_TICKS_350000010150,WINDOW_ACCEPTANCE,OBJECTS_40,FAILED_0,BYTES_HI_00000000,BYTES_LO_00B95000,FRAGMENTS_56505,LANE0_51880,LANE1_29015,REPLICATED_24390,FALLBACKS_10,P6_RETRIES_0,P6_RETRY_EXHAUSTED_0,P6_TX_FAIL_0,P6_CRC_BAD_0,P6_PAYLOAD_MISMATCH_0,MAX_TXD_HIGH_8,DUTY_VIOLATIONS_0,QUEUE_OCCUPANCY_8,QUEUE_HIGH_8,BACKPRESSURE_1,QUEUE_OBS_NOT_BEFORE_TICKS_365273462450,CURRENT_BPS_92530,ROLLING_BPS_96337,LATENCY_COUNT_4,LATENCY_MIN_TICKS_63440277,LATENCY_MEAN_TICKS_8649536535,LATENCY_P50_TICKS_1801468569,LATENCY_P95_TICKS_30629223485,LATENCY_P99_TICKS_30629223485,LATENCY_MAX_TICKS_30629223485,LAST_OBJECT_1032
P7_SAMPLE_00036=ELAPSED_1080.000,ELAPSED_TICKS_360000010440,WINDOW_ACCEPTANCE,OBJECTS_40,FAILED_0,BYTES_HI_00000000,BYTES_LO_00B95000,FRAGMENTS_56505,LANE0_51880,LANE1_29015,REPLICATED_24390,FALLBACKS_10,P6_RETRIES_0,P6_RETRY_EXHAUSTED_0,P6_TX_FAIL_0,P6_CRC_BAD_0,P6_PAYLOAD_MISMATCH_0,MAX_TXD_HIGH_8,DUTY_VIOLATIONS_0,QUEUE_OCCUPANCY_8,QUEUE_HIGH_8,BACKPRESSURE_1,QUEUE_OBS_NOT_BEFORE_TICKS_365273462450,CURRENT_BPS_89960,ROLLING_BPS_96337,LATENCY_COUNT_0,LATENCY_MIN_TICKS_0,LATENCY_MEAN_TICKS_0,LATENCY_P50_TICKS_0,LATENCY_P95_TICKS_0,LATENCY_P99_TICKS_0,LATENCY_MAX_TICKS_0,LAST_OBJECT_1032
P7_SAMPLE_00037=ELAPSED_1110.000,ELAPSED_TICKS_370000010730,WINDOW_ACCEPTANCE,OBJECTS_40,FAILED_0,BYTES_HI_00000000,BYTES_LO_00B95000,FRAGMENTS_56505,LANE0_51880,LANE1_29015,REPLICATED_24390,FALLBACKS_10,P6_RETRIES_0,P6_RETRY_EXHAUSTED_0,P6_TX_FAIL_0,P6_CRC_BAD_0,P6_PAYLOAD_MISMATCH_0,MAX_TXD_HIGH_8,DUTY_VIOLATIONS_0,QUEUE_OCCUPANCY_8,QUEUE_HIGH_8,BACKPRESSURE_1,QUEUE_OBS_NOT_BEFORE_TICKS_370122338146,CURRENT_BPS_87528,ROLLING_BPS_96337,LATENCY_COUNT_0,LATENCY_MIN_TICKS_0,LATENCY_MEAN_TICKS_0,LATENCY_P50_TICKS_0,LATENCY_P95_TICKS_0,LATENCY_P99_TICKS_0,LATENCY_MAX_TICKS_0,LAST_OBJECT_1032
P7_STATIONARY_OBJECT_00000041=SLOT_0,GEN_5,SESSION_50370001,OBJECT_1033,STATUS_3,ERROR_0,BYTES_1048576,FRAGMENTS_4878/4878,ATTEMPTS_4878,FALLBACKS_0,OUTSHA_FCD7923CBB8E709738F05BA8C318A4DF5C27C0451A987689FAC429A17B292737,P6_RETRY_COUNT_0,P6_RETRY_EXHAUSTED_0,P6_TX_FAIL_0,P6_CRC_BAD_0,P6_PAYLOAD_MISMATCH_0,MAX_TXD_HIGH_CYCLES_8,DUTY_VIOLATIONS_0,LANE0_4878,LANE1_0,REPLICATED_0,START_TICKS_345969553372,END_TICKS_377151506919,COMPLETION_SEQUENCE_41
P7_STATIONARY_TERMINAL_BUNDLE_00000041_CAPTURED=1
P7_STATIONARY_OBJECT_00000042=SLOT_1,GEN_5,SESSION_50370001,OBJECT_1034,STATUS_3,ERROR_0,BYTES_65536,FRAGMENTS_305/305,ATTEMPTS_305,FALLBACKS_1,OUTSHA_DD5CDD301ADFF15138B402AB190A143E8FF5FFED2D5E2FD24C3140FB652F11FF,P6_RETRY_COUNT_0,P6_RETRY_EXHAUSTED_0,P6_TX_FAIL_0,P6_CRC_BAD_0,P6_PAYLOAD_MISMATCH_0,MAX_TXD_HIGH_CYCLES_8,DUTY_VIOLATIONS_0,LANE0_1,LANE1_304,REPLICATED_0,START_TICKS_377151591306,END_TICKS_378888845469,COMPLETION_SEQUENCE_42
P7_STATIONARY_TERMINAL_BUNDLE_00000042_CAPTURED=1
P7_STATIONARY_OBJECT_00000043=SLOT_2,GEN_5,SESSION_50370001,OBJECT_1035,STATUS_3,ERROR_0,BYTES_65536,FRAGMENTS_305/305,ATTEMPTS_305,FALLBACKS_1,OUTSHA_0765B0D1A9F493355595772F5A2EBAAF700D4D2CC7D8A781729A9771A380754F,P6_RETRY_COUNT_0,P6_RETRY_EXHAUSTED_0,P6_TX_FAIL_0,P6_CRC_BAD_0,P6_PAYLOAD_MISMATCH_0,MAX_TXD_HIGH_CYCLES_8,DUTY_VIOLATIONS_0,LANE0_304,LANE1_1,REPLICATED_0,START_TICKS_378888929874,END_TICKS_380813319640,COMPLETION_SEQUENCE_43
P7_STATIONARY_TERMINAL_BUNDLE_00000043_CAPTURED=1
P7_STATIONARY_OBJECT_00000044=SLOT_3,GEN_5,SESSION_50370001,OBJECT_1036,STATUS_3,ERROR_0,BYTES_65536,FRAGMENTS_305/305,ATTEMPTS_305,FALLBACKS_0,OUTSHA_7DACA2095D0438260FA849183DFC67FAA459FDF4936E1BC91EEC6B281B27E4C2,P6_RETRY_COUNT_0,P6_RETRY_EXHAUSTED_0,P6_TX_FAIL_0,P6_CRC_BAD_0,P6_PAYLOAD_MISMATCH_0,MAX_TXD_HIGH_CYCLES_8,DUTY_VIOLATIONS_0,LANE0_0,LANE1_305,REPLICATED_0,START_TICKS_380813403964,END_TICKS_383082621714,COMPLETION_SEQUENCE_44
P7_STATIONARY_TERMINAL_BUNDLE_00000044_CAPTURED=1
P7_SAMPLE_00038=ELAPSED_1140.000,ELAPSED_TICKS_380000011020,WINDOW_ACCEPTANCE,OBJECTS_42,FAILED_0,BYTES_HI_00000000,BYTES_LO_00CA5000,FRAGMENTS_61688,LANE0_56759,LANE1_29319,REPLICATED_24390,FALLBACKS_11,P6_RETRIES_0,P6_RETRY_EXHAUSTED_0,P6_TX_FAIL_0,P6_CRC_BAD_0,P6_PAYLOAD_MISMATCH_0,MAX_TXD_HIGH_8,DUTY_VIOLATIONS_0,QUEUE_OCCUPANCY_8,QUEUE_HIGH_8,BACKPRESSURE_1,QUEUE_OBS_NOT_BEFORE_TICKS_401669819545,CURRENT_BPS_93043,ROLLING_BPS_94481,LATENCY_COUNT_2,LATENCY_MIN_TICKS_1737254163,LATENCY_MEAN_TICKS_16459603855,LATENCY_P50_TICKS_1737254163,LATENCY_P95_TICKS_31181953547,LATENCY_P99_TICKS_31181953547,LATENCY_MAX_TICKS_31181953547,LAST_OBJECT_1034
P7_SAMPLE_00039=ELAPSED_1170.000,ELAPSED_TICKS_390000011310,WINDOW_ACCEPTANCE,OBJECTS_44,FAILED_0,BYTES_HI_00000000,BYTES_LO_00CC5000,FRAGMENTS_62298,LANE0_57063,LANE1_29625,REPLICATED_24390,FALLBACKS_12,P6_RETRIES_0,P6_RETRY_EXHAUSTED_0,P6_TX_FAIL_0,P6_CRC_BAD_0,P6_PAYLOAD_MISMATCH_0,MAX_TXD_HIGH_8,DUTY_VIOLATIONS_0,QUEUE_OCCUPANCY_8,QUEUE_HIGH_8,BACKPRESSURE_1,QUEUE_OBS_NOT_BEFORE_TICKS_401669819545,CURRENT_BPS_91554,ROLLING_BPS_97976,LATENCY_COUNT_2,LATENCY_MIN_TICKS_1924389766,LATENCY_MEAN_TICKS_2096803758,LATENCY_P50_TICKS_1924389766,LATENCY_P95_TICKS_2269217750,LATENCY_P99_TICKS_2269217750,LATENCY_MAX_TICKS_2269217750,LAST_OBJECT_1036
P7_SAMPLE_00040=ELAPSED_1200.000,ELAPSED_TICKS_400000011600,WINDOW_ACCEPTANCE,OBJECTS_44,FAILED_0,BYTES_HI_00000000,BYTES_LO_00CC5000,FRAGMENTS_62298,LANE0_57063,LANE1_29625,REPLICATED_24390,FALLBACKS_12,P6_RETRIES_0,P6_RETRY_EXHAUSTED_0,P6_TX_FAIL_0,P6_CRC_BAD_0,P6_PAYLOAD_MISMATCH_0,MAX_TXD_HIGH_8,DUTY_VIOLATIONS_0,QUEUE_OCCUPANCY_8,QUEUE_HIGH_8,BACKPRESSURE_1,QUEUE_OBS_NOT_BEFORE_TICKS_401669819545,CURRENT_BPS_89265,ROLLING_BPS_97976,LATENCY_COUNT_0,LATENCY_MIN_TICKS_0,LATENCY_MEAN_TICKS_0,LATENCY_P50_TICKS_0,LATENCY_P95_TICKS_0,LATENCY_P99_TICKS_0,LATENCY_MAX_TICKS_0,LAST_OBJECT_1036
P7_SAMPLE_00041=ELAPSED_1230.000,ELAPSED_TICKS_410000011890,WINDOW_ACCEPTANCE,OBJECTS_44,FAILED_0,BYTES_HI_00000000,BYTES_LO_00CC5000,FRAGMENTS_62298,LANE0_57063,LANE1_29625,REPLICATED_24390,FALLBACKS_12,P6_RETRIES_0,P6_RETRY_EXHAUSTED_0,P6_TX_FAIL_0,P6_CRC_BAD_0,P6_PAYLOAD_MISMATCH_0,MAX_TXD_HIGH_8,DUTY_VIOLATIONS_0,QUEUE_OCCUPANCY_8,QUEUE_HIGH_8,BACKPRESSURE_1,QUEUE_OBS_NOT_BEFORE_TICKS_410023020056,CURRENT_BPS_87088,ROLLING_BPS_66519,LATENCY_COUNT_0,LATENCY_MIN_TICKS_0,LATENCY_MEAN_TICKS_0,LATENCY_P50_TICKS_0,LATENCY_P95_TICKS_0,LATENCY_P99_TICKS_0,LATENCY_MAX_TICKS_0,LAST_OBJECT_1036
P7_STATIONARY_OBJECT_00000045=SLOT_4,GEN_5,SESSION_50370001,OBJECT_1037,STATUS_3,ERROR_0,BYTES_1048576,FRAGMENTS_4878/4878,ATTEMPTS_4878,FALLBACKS_0,OUTSHA_95647E4A543FC103FFBD0D4B0CFFCBDCCB1B304581D7E609CC4D7C909491E259,P6_RETRY_COUNT_0,P6_RETRY_EXHAUSTED_0,P6_TX_FAIL_0,P6_CRC_BAD_0,P6_PAYLOAD_MISMATCH_0,MAX_TXD_HIGH_CYCLES_8,DUTY_VIOLATIONS_0,LANE0_4878,LANE1_4878,REPLICATED_4878,START_TICKS_383082706044,END_TICKS_413938639630,COMPLETION_SEQUENCE_45
P7_STATIONARY_TERMINAL_BUNDLE_00000045_CAPTURED=1
P7_STATIONARY_OBJECT_00000046=SLOT_5,GEN_5,SESSION_50370001,OBJECT_1038,STATUS_3,ERROR_0,BYTES_4096,FRAGMENTS_20/20,ATTEMPTS_20,FALLBACKS_0,OUTSHA_FEB07BD82EE49AD03FA5AD02148220E679C7457A8961CB23D1CEB146CE8D6C77,P6_RETRY_COUNT_0,P6_RETRY_EXHAUSTED_0,P6_TX_FAIL_0,P6_CRC_BAD_0,P6_PAYLOAD_MISMATCH_0,MAX_TXD_HIGH_CYCLES_8,DUTY_VIOLATIONS_0,LANE0_10,LANE1_10,REPLICATED_0,START_TICKS_413938724019,END_TICKS_414008989858,COMPLETION_SEQUENCE_46
P7_STATIONARY_TERMINAL_BUNDLE_00000046_CAPTURED=1
P7_STATIONARY_OBJECT_00000047=SLOT_6,GEN_5,SESSION_50370001,OBJECT_1039,STATUS_3,ERROR_0,BYTES_65536,FRAGMENTS_305/305,ATTEMPTS_305,FALLBACKS_0,OUTSHA_9DA06F7DA81A794CD2F75205391C6EDE1C44A6E14752AB6AFA5661982268B7DD,P6_RETRY_COUNT_0,P6_RETRY_EXHAUSTED_0,P6_TX_FAIL_0,P6_CRC_BAD_0,P6_PAYLOAD_MISMATCH_0,MAX_TXD_HIGH_CYCLES_8,DUTY_VIOLATIONS_0,LANE0_305,LANE1_0,REPLICATED_0,START_TICKS_414009074152,END_TICKS_415874488641,COMPLETION_SEQUENCE_47
P7_STATIONARY_TERMINAL_BUNDLE_00000047_CAPTURED=1
P7_STATIONARY_OBJECT_00000048=SLOT_7,GEN_5,SESSION_50370001,OBJECT_1040,STATUS_3,ERROR_0,BYTES_65536,FRAGMENTS_305/305,ATTEMPTS_305,FALLBACKS_0,OUTSHA_7DACA2095D0438260FA849183DFC67FAA459FDF4936E1BC91EEC6B281B27E4C2,P6_RETRY_COUNT_0,P6_RETRY_EXHAUSTED_0,P6_TX_FAIL_0,P6_CRC_BAD_0,P6_PAYLOAD_MISMATCH_0,MAX_TXD_HIGH_CYCLES_8,DUTY_VIOLATIONS_0,LANE0_0,LANE1_305,REPLICATED_0,START_TICKS_415874573041,END_TICKS_418018162641,COMPLETION_SEQUENCE_48
P7_STATIONARY_TERMINAL_BUNDLE_00000048_CAPTURED=1
P7_SAMPLE_00042=ELAPSED_1260.000,ELAPSED_TICKS_420000012180,WINDOW_ACCEPTANCE,OBJECTS_48,FAILED_0,BYTES_HI_00000000,BYTES_LO_00DE6000,FRAGMENTS_67806,LANE0_62256,LANE1_34818,REPLICATED_29268,FALLBACKS_12,P6_RETRIES_0,P6_RETRY_EXHAUSTED_0,P6_TX_FAIL_0,P6_CRC_BAD_0,P6_PAYLOAD_MISMATCH_0,MAX_TXD_HIGH_8,DUTY_VIOLATIONS_0,QUEUE_OCCUPANCY_8,QUEUE_HIGH_8,BACKPRESSURE_1,QUEUE_OBS_NOT_BEFORE_TICKS_437282081654,CURRENT_BPS_92530,ROLLING_BPS_96337,LATENCY_COUNT_4,LATENCY_MIN_TICKS_70265839,LATENCY_MEAN_TICKS_8733800878,LATENCY_P50_TICKS_1865414489,LATENCY_P95_TICKS_30855933586,LATENCY_P99_TICKS_30855933586,LATENCY_MAX_TICKS_30855933586,LAST_OBJECT_1040
P7_SAMPLE_00043=ELAPSED_1290.000,ELAPSED_TICKS_430000012470,WINDOW_ACCEPTANCE,OBJECTS_48,FAILED_0,BYTES_HI_00000000,BYTES_LO_00DE6000,FRAGMENTS_67806,LANE0_62256,LANE1_34818,REPLICATED_29268,FALLBACKS_12,P6_RETRIES_0,P6_RETRY_EXHAUSTED_0,P6_TX_FAIL_0,P6_CRC_BAD_0,P6_PAYLOAD_MISMATCH_0,MAX_TXD_HIGH_8,DUTY_VIOLATIONS_0,QUEUE_OCCUPANCY_8,QUEUE_HIGH_8,BACKPRESSURE_1,QUEUE_OBS_NOT_BEFORE_TICKS_437282081654,CURRENT_BPS_90378,ROLLING_BPS_96337,LATENCY_COUNT_0,LATENCY_MIN_TICKS_0,LATENCY_MEAN_TICKS_0,LATENCY_P50_TICKS_0,LATENCY_P95_TICKS_0,LATENCY_P99_TICKS_0,LATENCY_MAX_TICKS_0,LAST_OBJECT_1040
P7_SAMPLE_00044=ELAPSED_1320.000,ELAPSED_TICKS_440000012760,WINDOW_ACCEPTANCE,OBJECTS_48,FAILED_0,BYTES_HI_00000000,BYTES_LO_00DE6000,FRAGMENTS_67806,LANE0_62256,LANE1_34818,REPLICATED_29268,FALLBACKS_12,P6_RETRIES_0,P6_RETRY_EXHAUSTED_0,P6_TX_FAIL_0,P6_CRC_BAD_0,P6_PAYLOAD_MISMATCH_0,MAX_TXD_HIGH_8,DUTY_VIOLATIONS_0,QUEUE_OCCUPANCY_8,QUEUE_HIGH_8,BACKPRESSURE_1,QUEUE_OBS_NOT_BEFORE_TICKS_440166817906,CURRENT_BPS_88324,ROLLING_BPS_96337,LATENCY_COUNT_0,LATENCY_MIN_TICKS_0,LATENCY_MEAN_TICKS_0,LATENCY_P50_TICKS_0,LATENCY_P95_TICKS_0,LATENCY_P99_TICKS_0,LATENCY_MAX_TICKS_0,LAST_OBJECT_1040
P7_STATIONARY_OBJECT_00000049=SLOT_0,GEN_6,SESSION_50370001,OBJECT_1041,STATUS_3,ERROR_0,BYTES_1048576,FRAGMENTS_4878/4878,ATTEMPTS_4878,FALLBACKS_0,OUTSHA_FCD7923CBB8E709738F05BA8C318A4DF5C27C0451A987689FAC429A17B292737,P6_RETRY_COUNT_0,P6_RETRY_EXHAUSTED_0,P6_TX_FAIL_0,P6_CRC_BAD_0,P6_PAYLOAD_MISMATCH_0,MAX_TXD_HIGH_CYCLES_8,DUTY_VIOLATIONS_0,LANE0_4878,LANE1_0,REPLICATED_0,START_TICKS_418018246968,END_TICKS_449194666441,COMPLETION_SEQUENCE_49
P7_STATIONARY_TERMINAL_BUNDLE_00000049_CAPTURED=1
P7_STATIONARY_OBJECT_00000050=SLOT_1,GEN_6,SESSION_50370001,OBJECT_1042,STATUS_3,ERROR_0,BYTES_65536,FRAGMENTS_305/305,ATTEMPTS_305,FALLBACKS_1,OUTSHA_DD5CDD301ADFF15138B402AB190A143E8FF5FFED2D5E2FD24C3140FB652F11FF,P6_RETRY_COUNT_0,P6_RETRY_EXHAUSTED_0,P6_TX_FAIL_0,P6_CRC_BAD_0,P6_PAYLOAD_MISMATCH_0,MAX_TXD_HIGH_CYCLES_8,DUTY_VIOLATIONS_0,LANE0_1,LANE1_304,REPLICATED_0,START_TICKS_449194750828,END_TICKS_451049272441,COMPLETION_SEQUENCE_50
P7_STATIONARY_TERMINAL_BUNDLE_00000050_CAPTURED=1
P7_STATIONARY_OBJECT_00000051=SLOT_2,GEN_6,SESSION_50370001,OBJECT_1043,STATUS_3,ERROR_0,BYTES_65536,FRAGMENTS_305/305,ATTEMPTS_305,FALLBACKS_1,OUTSHA_0765B0D1A9F493355595772F5A2EBAAF700D4D2CC7D8A781729A9771A380754F,P6_RETRY_COUNT_0,P6_RETRY_EXHAUSTED_0,P6_TX_FAIL_0,P6_CRC_BAD_0,P6_PAYLOAD_MISMATCH_0,MAX_TXD_HIGH_CYCLES_8,DUTY_VIOLATIONS_0,LANE0_304,LANE1_1,REPLICATED_0,START_TICKS_451049356831,END_TICKS_453339074239,COMPLETION_SEQUENCE_51
P7_STATIONARY_TERMINAL_BUNDLE_00000051_CAPTURED=1
P7_STATIONARY_OBJECT_00000052=SLOT_3,GEN_6,SESSION_50370001,OBJECT_1044,STATUS_3,ERROR_0,BYTES_65536,FRAGMENTS_305/305,ATTEMPTS_305,FALLBACKS_0,OUTSHA_7DACA2095D0438260FA849183DFC67FAA459FDF4936E1BC91EEC6B281B27E4C2,P6_RETRY_COUNT_0,P6_RETRY_EXHAUSTED_0,P6_TX_FAIL_0,P6_CRC_BAD_0,P6_PAYLOAD_MISMATCH_0,MAX_TXD_HIGH_CYCLES_8,DUTY_VIOLATIONS_0,LANE0_0,LANE1_305,REPLICATED_0,START_TICKS_453339158563,END_TICKS_455532373117,COMPLETION_SEQUENCE_52
P7_STATIONARY_TERMINAL_BUNDLE_00000052_CAPTURED=1
P7_SAMPLE_00045=ELAPSED_1350.000,ELAPSED_TICKS_450000013050,WINDOW_ACCEPTANCE,OBJECTS_49,FAILED_0,BYTES_HI_00000000,BYTES_LO_00EE6000,FRAGMENTS_72684,LANE0_67134,LANE1_34818,REPLICATED_29268,FALLBACKS_12,P6_RETRIES_0,P6_RETRY_EXHAUSTED_0,P6_TX_FAIL_0,P6_CRC_BAD_0,P6_PAYLOAD_MISMATCH_0,MAX_TXD_HIGH_8,DUTY_VIOLATIONS_0,QUEUE_OCCUPANCY_8,QUEUE_HIGH_8,BACKPRESSURE_1,QUEUE_OBS_NOT_BEFORE_TICKS_473741004697,CURRENT_BPS_92575,ROLLING_BPS_92733,LATENCY_COUNT_1,LATENCY_MIN_TICKS_31176419473,LATENCY_MEAN_TICKS_31176419473,LATENCY_P50_TICKS_31176419473,LATENCY_P95_TICKS_31176419473,LATENCY_P99_TICKS_31176419473,LATENCY_MAX_TICKS_31176419473,LAST_OBJECT_1041
P7_SAMPLE_00046=ELAPSED_1380.000,ELAPSED_TICKS_460000013340,WINDOW_ACCEPTANCE,OBJECTS_52,FAILED_0,BYTES_HI_00000000,BYTES_LO_00F16000,FRAGMENTS_73599,LANE0_67439,LANE1_35428,REPLICATED_29268,FALLBACKS_14,P6_RETRIES_0,P6_RETRY_EXHAUSTED_0,P6_TX_FAIL_0,P6_CRC_BAD_0,P6_PAYLOAD_MISMATCH_0,MAX_TXD_HIGH_8,DUTY_VIOLATIONS_0,QUEUE_OCCUPANCY_8,QUEUE_HIGH_8,BACKPRESSURE_1,QUEUE_OBS_NOT_BEFORE_TICKS_473741004697,CURRENT_BPS_91702,ROLLING_BPS_97976,LATENCY_COUNT_3,LATENCY_MIN_TICKS_1854521613,LATENCY_MEAN_TICKS_2112484525,LATENCY_P50_TICKS_2193214554,LATENCY_P95_TICKS_2289717408,LATENCY_P99_TICKS_2289717408,LATENCY_MAX_TICKS_2289717408,LAST_OBJECT_1044
P7_SAMPLE_00047=ELAPSED_1410.000,ELAPSED_TICKS_470000013630,WINDOW_ACCEPTANCE,OBJECTS_52,FAILED_0,BYTES_HI_00000000,BYTES_LO_00F16000,FRAGMENTS_73599,LANE0_67439,LANE1_35428,REPLICATED_29268,FALLBACKS_14,P6_RETRIES_0,P6_RETRY_EXHAUSTED_0,P6_TX_FAIL_0,P6_CRC_BAD_0,P6_PAYLOAD_MISMATCH_0,MAX_TXD_HIGH_8,DUTY_VIOLATIONS_0,QUEUE_OCCUPANCY_8,QUEUE_HIGH_8,BACKPRESSURE_1,QUEUE_OBS_NOT_BEFORE_TICKS_473741004697,CURRENT_BPS_89751,ROLLING_BPS_97976,LATENCY_COUNT_0,LATENCY_MIN_TICKS_0,LATENCY_MEAN_TICKS_0,LATENCY_P50_TICKS_0,LATENCY_P95_TICKS_0,LATENCY_P99_TICKS_0,LATENCY_MAX_TICKS_0,LAST_OBJECT_1044
P7_SAMPLE_00048=ELAPSED_1440.000,ELAPSED_TICKS_480000013920,WINDOW_ACCEPTANCE,OBJECTS_52,FAILED_0,BYTES_HI_00000000,BYTES_LO_00F16000,FRAGMENTS_73599,LANE0_67439,LANE1_35428,REPLICATED_29268,FALLBACKS_14,P6_RETRIES_0,P6_RETRY_EXHAUSTED_0,P6_TX_FAIL_0,P6_CRC_BAD_0,P6_PAYLOAD_MISMATCH_0,MAX_TXD_HIGH_8,DUTY_VIOLATIONS_0,QUEUE_OCCUPANCY_8,QUEUE_HIGH_8,BACKPRESSURE_1,QUEUE_OBS_NOT_BEFORE_TICKS_480070677082,CURRENT_BPS_87881,ROLLING_BPS_68266,LATENCY_COUNT_0,LATENCY_MIN_TICKS_0,LATENCY_MEAN_TICKS_0,LATENCY_P50_TICKS_0,LATENCY_P95_TICKS_0,LATENCY_P99_TICKS_0,LATENCY_MAX_TICKS_0,LAST_OBJECT_1044
P7_STATIONARY_OBJECT_00000053=SLOT_4,GEN_6,SESSION_50370001,OBJECT_1045,STATUS_3,ERROR_0,BYTES_1048576,FRAGMENTS_4878/4878,ATTEMPTS_4878,FALLBACKS_0,OUTSHA_95647E4A543FC103FFBD0D4B0CFFCBDCCB1B304581D7E609CC4D7C909491E259,P6_RETRY_COUNT_0,P6_RETRY_EXHAUSTED_0,P6_TX_FAIL_0,P6_CRC_BAD_0,P6_PAYLOAD_MISMATCH_0,MAX_TXD_HIGH_CYCLES_8,DUTY_VIOLATIONS_0,LANE0_4878,LANE1_4878,REPLICATED_4878,START_TICKS_455532457443,END_TICKS_486044541031,COMPLETION_SEQUENCE_53
P7_STATIONARY_TERMINAL_BUNDLE_00000053_CAPTURED=1
P7_STATIONARY_OBJECT_00000054=SLOT_5,GEN_6,SESSION_50370001,OBJECT_1046,STATUS_3,ERROR_0,BYTES_4096,FRAGMENTS_20/20,ATTEMPTS_20,FALLBACKS_0,OUTSHA_FEB07BD82EE49AD03FA5AD02148220E679C7457A8961CB23D1CEB146CE8D6C77,P6_RETRY_COUNT_0,P6_RETRY_EXHAUSTED_0,P6_TX_FAIL_0,P6_CRC_BAD_0,P6_PAYLOAD_MISMATCH_0,MAX_TXD_HIGH_CYCLES_8,DUTY_VIOLATIONS_0,LANE0_10,LANE1_10,REPLICATED_0,START_TICKS_486044625361,END_TICKS_486127361212,COMPLETION_SEQUENCE_54
P7_STATIONARY_TERMINAL_BUNDLE_00000054_CAPTURED=1
P7_STATIONARY_OBJECT_00000055=SLOT_6,GEN_6,SESSION_50370001,OBJECT_1047,STATUS_3,ERROR_0,BYTES_65536,FRAGMENTS_305/305,ATTEMPTS_305,FALLBACKS_0,OUTSHA_9DA06F7DA81A794CD2F75205391C6EDE1C44A6E14752AB6AFA5661982268B7DD,P6_RETRY_COUNT_0,P6_RETRY_EXHAUSTED_0,P6_TX_FAIL_0,P6_CRC_BAD_0,P6_PAYLOAD_MISMATCH_0,MAX_TXD_HIGH_CYCLES_8,DUTY_VIOLATIONS_0,LANE0_305,LANE1_0,REPLICATED_0,START_TICKS_486127445577,END_TICKS_488271366441,COMPLETION_SEQUENCE_55
P7_STATIONARY_TERMINAL_BUNDLE_00000055_CAPTURED=1
P7_STATIONARY_OBJECT_00000056=SLOT_7,GEN_6,SESSION_50370001,OBJECT_1048,STATUS_3,ERROR_0,BYTES_65536,FRAGMENTS_305/305,ATTEMPTS_305,FALLBACKS_0,OUTSHA_7DACA2095D0438260FA849183DFC67FAA459FDF4936E1BC91EEC6B281B27E4C2,P6_RETRY_COUNT_0,P6_RETRY_EXHAUSTED_0,P6_TX_FAIL_0,P6_CRC_BAD_0,P6_PAYLOAD_MISMATCH_0,MAX_TXD_HIGH_CYCLES_8,DUTY_VIOLATIONS_0,LANE0_0,LANE1_305,REPLICATED_0,START_TICKS_488271450832,END_TICKS_490507695670,COMPLETION_SEQUENCE_56
P7_STATIONARY_TERMINAL_BUNDLE_00000056_CAPTURED=1
P7_SAMPLE_00049=ELAPSED_1470.000,ELAPSED_TICKS_490000014210,WINDOW_ACCEPTANCE,OBJECTS_55,FAILED_0,BYTES_HI_00000000,BYTES_LO_01027000,FRAGMENTS_78802,LANE0_72632,LANE1_40316,REPLICATED_34146,FALLBACKS_14,P6_RETRIES_0,P6_RETRY_EXHAUSTED_0,P6_TX_FAIL_0,P6_CRC_BAD_0,P6_PAYLOAD_MISMATCH_0,MAX_TXD_HIGH_8,DUTY_VIOLATIONS_0,QUEUE_OCCUPANCY_8,QUEUE_HIGH_8,BACKPRESSURE_1,QUEUE_OBS_NOT_BEFORE_TICKS_509154920219,CURRENT_BPS_92173,ROLLING_BPS_94590,LATENCY_COUNT_3,LATENCY_MIN_TICKS_82735851,LATENCY_MEAN_TICKS_10912913434,LATENCY_P50_TICKS_2143920864,LATENCY_P95_TICKS_30512083588,LATENCY_P99_TICKS_30512083588,LATENCY_MAX_TICKS_30512083588,LAST_OBJECT_1047
P7_SAMPLE_00050=ELAPSED_1500.000,ELAPSED_TICKS_500000014500,WINDOW_ACCEPTANCE,OBJECTS_56,FAILED_0,BYTES_HI_00000000,BYTES_LO_01037000,FRAGMENTS_79107,LANE0_72632,LANE1_40621,REPLICATED_34146,FALLBACKS_14,P6_RETRIES_0,P6_RETRY_EXHAUSTED_0,P6_TX_FAIL_0,P6_CRC_BAD_0,P6_PAYLOAD_MISMATCH_0,MAX_TXD_HIGH_8,DUTY_VIOLATIONS_0,QUEUE_OCCUPANCY_8,QUEUE_HIGH_8,BACKPRESSURE_1,QUEUE_OBS_NOT_BEFORE_TICKS_509154920219,CURRENT_BPS_90679,ROLLING_BPS_96337,LATENCY_COUNT_1,LATENCY_MIN_TICKS_2236244838,LATENCY_MEAN_TICKS_2236244838,LATENCY_P50_TICKS_2236244838,LATENCY_P95_TICKS_2236244838,LATENCY_P99_TICKS_2236244838,LATENCY_MAX_TICKS_2236244838,LAST_OBJECT_1048
P7_SAMPLE_00051=ELAPSED_1530.000,ELAPSED_TICKS_510000014790,WINDOW_ACCEPTANCE,OBJECTS_56,FAILED_0,BYTES_HI_00000000,BYTES_LO_01037000,FRAGMENTS_79107,LANE0_72632,LANE1_40621,REPLICATED_34146,FALLBACKS_14,P6_RETRIES_0,P6_RETRY_EXHAUSTED_0,P6_TX_FAIL_0,P6_CRC_BAD_0,P6_PAYLOAD_MISMATCH_0,MAX_TXD_HIGH_8,DUTY_VIOLATIONS_0,QUEUE_OCCUPANCY_8,QUEUE_HIGH_8,BACKPRESSURE_1,QUEUE_OBS_NOT_BEFORE_TICKS_510060034283,CURRENT_BPS_88901,ROLLING_BPS_96337,LATENCY_COUNT_0,LATENCY_MIN_TICKS_0,LATENCY_MEAN_TICKS_0,LATENCY_P50_TICKS_0,LATENCY_P95_TICKS_0,LATENCY_P99_TICKS_0,LATENCY_MAX_TICKS_0,LAST_OBJECT_1048
P7_SAMPLE_00052=ELAPSED_1560.000,ELAPSED_TICKS_520000015080,WINDOW_ACCEPTANCE,OBJECTS_56,FAILED_0,BYTES_HI_00000000,BYTES_LO_01037000,FRAGMENTS_79107,LANE0_72632,LANE1_40621,REPLICATED_34146,FALLBACKS_14,P6_RETRIES_0,P6_RETRY_EXHAUSTED_0,P6_TX_FAIL_0,P6_CRC_BAD_0,P6_PAYLOAD_MISMATCH_0,MAX_TXD_HIGH_8,DUTY_VIOLATIONS_0,QUEUE_OCCUPANCY_8,QUEUE_HIGH_8,BACKPRESSURE_1,QUEUE_OBS_NOT_BEFORE_TICKS_520121656705,CURRENT_BPS_87192,ROLLING_BPS_64771,LATENCY_COUNT_0,LATENCY_MIN_TICKS_0,LATENCY_MEAN_TICKS_0,LATENCY_P50_TICKS_0,LATENCY_P95_TICKS_0,LATENCY_P99_TICKS_0,LATENCY_MAX_TICKS_0,LAST_OBJECT_1048
P7_STATIONARY_OBJECT_00000057=SLOT_0,GEN_7,SESSION_50370001,OBJECT_1049,STATUS_3,ERROR_0,BYTES_1048576,FRAGMENTS_4878/4878,ATTEMPTS_4878,FALLBACKS_0,OUTSHA_FCD7923CBB8E709738F05BA8C318A4DF5C27C0451A987689FAC429A17B292737,P6_RETRY_COUNT_0,P6_RETRY_EXHAUSTED_0,P6_TX_FAIL_0,P6_CRC_BAD_0,P6_PAYLOAD_MISMATCH_0,MAX_TXD_HIGH_CYCLES_8,DUTY_VIOLATIONS_0,LANE0_4878,LANE1_0,REPLICATED_0,START_TICKS_490507780059,END_TICKS_521046912321,COMPLETION_SEQUENCE_57
P7_STATIONARY_TERMINAL_BUNDLE_00000057_CAPTURED=1
P7_STATIONARY_OBJECT_00000058=SLOT_1,GEN_7,SESSION_50370001,OBJECT_1050,STATUS_3,ERROR_0,BYTES_65536,FRAGMENTS_305/305,ATTEMPTS_305,FALLBACKS_1,OUTSHA_DD5CDD301ADFF15138B402AB190A143E8FF5FFED2D5E2FD24C3140FB652F11FF,P6_RETRY_COUNT_0,P6_RETRY_EXHAUSTED_0,P6_TX_FAIL_0,P6_CRC_BAD_0,P6_PAYLOAD_MISMATCH_0,MAX_TXD_HIGH_CYCLES_8,DUTY_VIOLATIONS_0,LANE0_1,LANE1_304,REPLICATED_0,START_TICKS_521046996709,END_TICKS_522914727469,COMPLETION_SEQUENCE_58
P7_STATIONARY_TERMINAL_BUNDLE_00000058_CAPTURED=1
P7_STATIONARY_OBJECT_00000059=SLOT_2,GEN_7,SESSION_50370001,OBJECT_1051,STATUS_3,ERROR_0,BYTES_65536,FRAGMENTS_305/305,ATTEMPTS_305,FALLBACKS_1,OUTSHA_0765B0D1A9F493355595772F5A2EBAAF700D4D2CC7D8A781729A9771A380754F,P6_RETRY_COUNT_0,P6_RETRY_EXHAUSTED_0,P6_TX_FAIL_0,P6_CRC_BAD_0,P6_PAYLOAD_MISMATCH_0,MAX_TXD_HIGH_CYCLES_8,DUTY_VIOLATIONS_0,LANE0_304,LANE1_1,REPLICATED_0,START_TICKS_522914811805,END_TICKS_525171469597,COMPLETION_SEQUENCE_59
P7_STATIONARY_TERMINAL_BUNDLE_00000059_CAPTURED=1
P7_STATIONARY_OBJECT_00000060=SLOT_3,GEN_7,SESSION_50370001,OBJECT_1052,STATUS_3,ERROR_0,BYTES_65536,FRAGMENTS_305/305,ATTEMPTS_305,FALLBACKS_0,OUTSHA_7DACA2095D0438260FA849183DFC67FAA459FDF4936E1BC91EEC6B281B27E4C2,P6_RETRY_COUNT_0,P6_RETRY_EXHAUSTED_0,P6_TX_FAIL_0,P6_CRC_BAD_0,P6_PAYLOAD_MISMATCH_0,MAX_TXD_HIGH_CYCLES_8,DUTY_VIOLATIONS_0,LANE0_0,LANE1_305,REPLICATED_0,START_TICKS_525171553999,END_TICKS_527433475468,COMPLETION_SEQUENCE_60
P7_STATIONARY_TERMINAL_BUNDLE_00000060_CAPTURED=1
P7_SAMPLE_00053=ELAPSED_1590.000,ELAPSED_TICKS_530000015370,WINDOW_ACCEPTANCE,OBJECTS_60,FAILED_0,BYTES_HI_00000000,BYTES_LO_01167000,FRAGMENTS_84900,LANE0_77815,LANE1_41231,REPLICATED_34146,FALLBACKS_16,P6_RETRIES_0,P6_RETRY_EXHAUSTED_0,P6_TX_FAIL_0,P6_CRC_BAD_0,P6_PAYLOAD_MISMATCH_0,MAX_TXD_HIGH_8,DUTY_VIOLATIONS_0,QUEUE_OCCUPANCY_8,QUEUE_HIGH_8,BACKPRESSURE_2,QUEUE_OBS_NOT_BEFORE_TICKS_545483721001,CURRENT_BPS_91812,ROLLING_BPS_97976,LATENCY_COUNT_4,LATENCY_MIN_TICKS_1867730760,LATENCY_MEAN_TICKS_9231360570,LATENCY_P50_TICKS_2256657792,LATENCY_P95_TICKS_30539132262,LATENCY_P99_TICKS_30539132262,LATENCY_MAX_TICKS_30539132262,LAST_OBJECT_1052
P7_SAMPLE_00054=ELAPSED_1620.000,ELAPSED_TICKS_540000015660,WINDOW_ACCEPTANCE,OBJECTS_60,FAILED_0,BYTES_HI_00000000,BYTES_LO_01167000,FRAGMENTS_84900,LANE0_77815,LANE1_41231,REPLICATED_34146,FALLBACKS_16,P6_RETRIES_0,P6_RETRY_EXHAUSTED_0,P6_TX_FAIL_0,P6_CRC_BAD_0,P6_PAYLOAD_MISMATCH_0,MAX_TXD_HIGH_8,DUTY_VIOLATIONS_0,QUEUE_OCCUPANCY_8,QUEUE_HIGH_8,BACKPRESSURE_2,QUEUE_OBS_NOT_BEFORE_TICKS_545483721001,CURRENT_BPS_90112,ROLLING_BPS_97976,LATENCY_COUNT_0,LATENCY_MIN_TICKS_0,LATENCY_MEAN_TICKS_0,LATENCY_P50_TICKS_0,LATENCY_P95_TICKS_0,LATENCY_P99_TICKS_0,LATENCY_MAX_TICKS_0,LAST_OBJECT_1052
P7_SAMPLE_00055=ELAPSED_1650.000,ELAPSED_TICKS_550000015950,WINDOW_ACCEPTANCE,OBJECTS_60,FAILED_0,BYTES_HI_00000000,BYTES_LO_01167000,FRAGMENTS_84900,LANE0_77815,LANE1_41231,REPLICATED_34146,FALLBACKS_16,P6_RETRIES_0,P6_RETRY_EXHAUSTED_0,P6_TX_FAIL_0,P6_CRC_BAD_0,P6_PAYLOAD_MISMATCH_0,MAX_TXD_HIGH_8,DUTY_VIOLATIONS_0,QUEUE_OCCUPANCY_8,QUEUE_HIGH_8,BACKPRESSURE_2,QUEUE_OBS_NOT_BEFORE_TICKS_550040410673,CURRENT_BPS_88473,ROLLING_BPS_70014,LATENCY_COUNT_0,LATENCY_MIN_TICKS_0,LATENCY_MEAN_TICKS_0,LATENCY_P50_TICKS_0,LATENCY_P95_TICKS_0,LATENCY_P99_TICKS_0,LATENCY_MAX_TICKS_0,LAST_OBJECT_1052
P7_SAMPLE_00056=ELAPSED_1680.000,ELAPSED_TICKS_560000016240,WINDOW_ACCEPTANCE,OBJECTS_60,FAILED_0,BYTES_HI_00000000,BYTES_LO_01167000,FRAGMENTS_84900,LANE0_77815,LANE1_41231,REPLICATED_34146,FALLBACKS_16,P6_RETRIES_0,P6_RETRY_EXHAUSTED_0,P6_TX_FAIL_0,P6_CRC_BAD_0,P6_PAYLOAD_MISMATCH_0,MAX_TXD_HIGH_8,DUTY_VIOLATIONS_0,QUEUE_OCCUPANCY_8,QUEUE_HIGH_8,BACKPRESSURE_2,QUEUE_OBS_NOT_BEFORE_TICKS_560038516150,CURRENT_BPS_86893,ROLLING_BPS_64771,LATENCY_COUNT_0,LATENCY_MIN_TICKS_0,LATENCY_MEAN_TICKS_0,LATENCY_P50_TICKS_0,LATENCY_P95_TICKS_0,LATENCY_P99_TICKS_0,LATENCY_MAX_TICKS_0,LAST_OBJECT_1052
P7_SAMPLE_00057=ELAPSED_1710.000,ELAPSED_TICKS_570000016530,WINDOW_ACCEPTANCE,OBJECTS_60,FAILED_0,BYTES_HI_00000000,BYTES_LO_01167000,FRAGMENTS_84900,LANE0_77815,LANE1_41231,REPLICATED_34146,FALLBACKS_16,P6_RETRIES_0,P6_RETRY_EXHAUSTED_0,P6_TX_FAIL_0,P6_CRC_BAD_0,P6_PAYLOAD_MISMATCH_0,MAX_TXD_HIGH_8,DUTY_VIOLATIONS_0,QUEUE_OCCUPANCY_8,QUEUE_HIGH_8,BACKPRESSURE_2,QUEUE_OBS_NOT_BEFORE_TICKS_570117258538,CURRENT_BPS_85369,ROLLING_BPS_64771,LATENCY_COUNT_0,LATENCY_MIN_TICKS_0,LATENCY_MEAN_TICKS_0,LATENCY_P50_TICKS_0,LATENCY_P95_TICKS_0,LATENCY_P99_TICKS_0,LATENCY_MAX_TICKS_0,LAST_OBJECT_1052
P7_STATIONARY_DRAIN_COMPLETE_ELAPSED=1740.072
P7_STATIONARY_DRAIN_COMPLETE_TICKS=580023928646
P7_SAMPLE_00058=ELAPSED_1740.000,ELAPSED_TICKS_580000016820,WINDOW_ACCEPTANCE,OBJECTS_60,FAILED_0,BYTES_HI_00000000,BYTES_LO_01167000,FRAGMENTS_84900,LANE0_77815,LANE1_41231,REPLICATED_34146,FALLBACKS_16,P6_RETRIES_0,P6_RETRY_EXHAUSTED_0,P6_TX_FAIL_0,P6_CRC_BAD_0,P6_PAYLOAD_MISMATCH_0,MAX_TXD_HIGH_8,DUTY_VIOLATIONS_0,QUEUE_OCCUPANCY_8,QUEUE_HIGH_8,BACKPRESSURE_2,QUEUE_OBS_NOT_BEFORE_TICKS_580023928646,CURRENT_BPS_83897,ROLLING_BPS_64771,LATENCY_COUNT_0,LATENCY_MIN_TICKS_0,LATENCY_MEAN_TICKS_0,LATENCY_P50_TICKS_0,LATENCY_P95_TICKS_0,LATENCY_P99_TICKS_0,LATENCY_MAX_TICKS_0,LAST_OBJECT_1052
P7_SAMPLE_00059=ELAPSED_1770.000,ELAPSED_TICKS_590000017110,WINDOW_ACCEPTANCE,OBJECTS_60,FAILED_0,BYTES_HI_00000000,BYTES_LO_01167000,FRAGMENTS_84900,LANE0_77815,LANE1_41231,REPLICATED_34146,FALLBACKS_16,P6_RETRIES_0,P6_RETRY_EXHAUSTED_0,P6_TX_FAIL_0,P6_CRC_BAD_0,P6_PAYLOAD_MISMATCH_0,MAX_TXD_HIGH_8,DUTY_VIOLATIONS_0,QUEUE_OCCUPANCY_8,QUEUE_HIGH_8,BACKPRESSURE_2,QUEUE_OBS_NOT_BEFORE_TICKS_590091703240,CURRENT_BPS_82475,ROLLING_BPS_34952,LATENCY_COUNT_0,LATENCY_MIN_TICKS_0,LATENCY_MEAN_TICKS_0,LATENCY_P50_TICKS_0,LATENCY_P95_TICKS_0,LATENCY_P99_TICKS_0,LATENCY_MAX_TICKS_0,LAST_OBJECT_1052
P7_STATIONARY_SERVICE_TERMINAL_OBSERVED=1
P7_STATIONARY_TERMINAL_FREEZE_CAPTURES=0
P7_STATIONARY_WALL_SECONDS=1800.107
P7_STATIONARY_HOST_WATCHDOG_CORROBORATION=PASS
P7_STATIONARY_PS_ELAPSED_TICKS=600010115867
P7_STATIONARY_PS_ELAPSED_SECONDS=1800.030295
P7_TERMINAL_UNACKNOWLEDGED_REFRESH=0
P7_TERMINAL_UNACKNOWLEDGED_CAPTURED_REQUEST=0
P7_TERMINAL_UNACKNOWLEDGED_CAPTURED_ACK=0
P7_TERMINAL_FINAL_REQUEST=1456
P7_TERMINAL_FINAL_ACK=1456
P7_STATIONARY_POST_TERMINAL_RECONSTRUCTED_SAMPLES=0
P7_SAMPLE_00060=ELAPSED_1800.000,ELAPSED_TICKS_600000017400,WINDOW_ACCEPTANCE,OBJECTS_60,FAILED_0,BYTES_HI_00000000,BYTES_LO_01167000,FRAGMENTS_84900,LANE0_77815,LANE1_41231,REPLICATED_34146,FALLBACKS_16,P6_RETRIES_0,P6_RETRY_EXHAUSTED_0,P6_TX_FAIL_0,P6_CRC_BAD_0,P6_PAYLOAD_MISMATCH_0,MAX_TXD_HIGH_8,DUTY_VIOLATIONS_0,QUEUE_OCCUPANCY_8,QUEUE_HIGH_8,BACKPRESSURE_2,QUEUE_OBS_NOT_BEFORE_TICKS_600010115867,CURRENT_BPS_81100,ROLLING_BPS_33204,LATENCY_COUNT_0,LATENCY_MIN_TICKS_0,LATENCY_MEAN_TICKS_0,LATENCY_P50_TICKS_0,LATENCY_P95_TICKS_0,LATENCY_P99_TICKS_0,LATENCY_MAX_TICKS_0,LAST_OBJECT_1052
P7_SAMPLE_00060_SAFE_TERMINAL_STATE=1
P7_SAMPLE_SEQUENCE_WRITER=HOST_POST_TERMINAL
P7_STATIONARY_REQUEUE_PUBLISH_COUNT=52
P7_STATIONARY_REQUEUE_BLOCKED_AT_CUTOFF_COUNT=8
P7_STATIONARY_REQUEUE_CUTOFF_TICKS=580000016820
P7_STATIONARY_REQUEUE_LAST_PRE_TICKS=473632919089
P7_STATIONARY_REQUEUE_LAST_POST_TICKS=473741004697
P7_STATIONARY_REQUEUE_CUTOFF_VIOLATION=0
P7_ACCEPTANCE_WINDOW_COMPLETE=1
P7_STATIONARY_TERMINAL_DESCRIPTORS=60
P7_REQUEUE_AFTER_CUTOFF=0
P7_PS_STAGE_RESULT=PASS
